Command line invocation:
    /Applications/Xcode.app/Contents/Developer/usr/bin/xcodebuild -workspace ios/Expensio.xcworkspace -scheme Expensio -destination "generic/platform=iOS Simulator" clean build

CreateBuildRequest

SendProjectDescription

CreateBuildOperation

** CLEAN SUCCEEDED **

ComputePackagePrebuildTargetDependencyGraph

Prepare packages

CreateBuildRequest

SendProjectDescription

CreateBuildOperation

ComputeTargetDependencyGraph
note: Building targets in dependency order
note: Target dependency graph (110 targets)
    Target 'Expensio' in project 'Expensio'
        ➜ Implicit dependency on target 'Pods-Expensio' in project 'Pods' via file 'libPods-Expensio.a' in build phase 'Link Binary'
        ➜ Implicit dependency on target 'AsyncStorage' in project 'Pods' via options '-lAsyncStorage' in build setting 'OTHER_LDFLAGS'
        ➜ Implicit dependency on target 'EXApplication' in project 'Pods' via options '-lEXApplication' in build setting 'OTHER_LDFLAGS'
        ➜ Implicit dependency on target 'EXConstants' in project 'Pods' via options '-lEXConstants' in build setting 'OTHER_LDFLAGS'
        ➜ Implicit dependency on target 'Expo' in project 'Pods' via options '-lExpo' in build setting 'OTHER_LDFLAGS'
        ➜ Implicit dependency on target 'ExpoAsset' in project 'Pods' via options '-lExpoAsset' in build setting 'OTHER_LDFLAGS'
        ➜ Implicit dependency on target 'ExpoDomWebView' in project 'Pods' via options '-lExpoDomWebView' in build setting 'OTHER_LDFLAGS'
        ➜ Implicit dependency on target 'ExpoHaptics' in project 'Pods' via options '-lExpoHaptics' in build setting 'OTHER_LDFLAGS'
        ➜ Implicit dependency on target 'ExpoKeepAwake' in project 'Pods' via options '-lExpoKeepAwake' in build setting 'OTHER_LDFLAGS'
        ➜ Implicit dependency on target 'ExpoLinearGradient' in project 'Pods' via options '-lExpoLinearGradient' in build setting 'OTHER_LDFLAGS'
        ➜ Implicit dependency on target 'ExpoLocalAuthentication' in project 'Pods' via options '-lExpoLocalAuthentication' in build setting 'OTHER_LDFLAGS'
        ➜ Implicit dependency on target 'ExpoLogBox' in project 'Pods' via options '-lExpoLogBox' in build setting 'OTHER_LDFLAGS'
        ➜ Implicit dependency on target 'ExpoNotifications' in project 'Pods' via options '-lExpoNotifications' in build setting 'OTHER_LDFLAGS'
        ➜ Implicit dependency on target 'ExpoSecureStore' in project 'Pods' via options '-lExpoSecureStore' in build setting 'OTHER_LDFLAGS'
        ➜ Implicit dependency on target 'ExpoWebBrowser' in project 'Pods' via options '-lExpoWebBrowser' in build setting 'OTHER_LDFLAGS'
        ➜ Implicit dependency on target 'RNCPicker' in project 'Pods' via options '-lRNCPicker' in build setting 'OTHER_LDFLAGS'
        ➜ Implicit dependency on target 'RNSVG' in project 'Pods' via options '-lRNSVG' in build setting 'OTHER_LDFLAGS'
        ➜ Implicit dependency on target 'RNScreens' in project 'Pods' via options '-lRNScreens' in build setting 'OTHER_LDFLAGS'
        ➜ Implicit dependency on target 'ReactAppDependencyProvider' in project 'Pods' via options '-lReactAppDependencyProvider' in build setting 'OTHER_LDFLAGS'
        ➜ Implicit dependency on target 'ReactCodegen' in project 'Pods' via options '-lReactCodegen' in build setting 'OTHER_LDFLAGS'
        ➜ Implicit dependency on target 'react-native-safe-area-context' in project 'Pods' via options '-lreact-native-safe-area-context' in build setting 'OTHER_LDFLAGS'
    Target 'Pods-Expensio' in project 'Pods'
        ➜ Explicit dependency on target 'AsyncStorage' in project 'Pods'
        ➜ Explicit dependency on target 'EXApplication' in project 'Pods'
        ➜ Explicit dependency on target 'EXConstants' in project 'Pods'
        ➜ Explicit dependency on target 'Expo' in project 'Pods'
        ➜ Explicit dependency on target 'ExpoAsset' in project 'Pods'
        ➜ Explicit dependency on target 'ExpoDomWebView' in project 'Pods'
        ➜ Explicit dependency on target 'ExpoFileSystem' in project 'Pods'
        ➜ Explicit dependency on target 'ExpoFont' in project 'Pods'
        ➜ Explicit dependency on target 'ExpoHaptics' in project 'Pods'
        ➜ Explicit dependency on target 'ExpoKeepAwake' in project 'Pods'
        ➜ Explicit dependency on target 'ExpoLinearGradient' in project 'Pods'
        ➜ Explicit dependency on target 'ExpoLocalAuthentication' in project 'Pods'
        ➜ Explicit dependency on target 'ExpoLogBox' in project 'Pods'
        ➜ Explicit dependency on target 'ExpoModulesCore' in project 'Pods'
        ➜ Explicit dependency on target 'ExpoModulesJSI' in project 'Pods'
        ➜ Explicit dependency on target 'ExpoModulesWorklets' in project 'Pods'
        ➜ Explicit dependency on target 'ExpoNotifications' in project 'Pods'
        ➜ Explicit dependency on target 'ExpoSecureStore' in project 'Pods'
        ➜ Explicit dependency on target 'ExpoWebBrowser' in project 'Pods'
        ➜ Explicit dependency on target 'FBLazyVector' in project 'Pods'
        ➜ Explicit dependency on target 'RCTDeprecation' in project 'Pods'
        ➜ Explicit dependency on target 'RCTRequired' in project 'Pods'
        ➜ Explicit dependency on target 'RCTSwiftUI' in project 'Pods'
        ➜ Explicit dependency on target 'RCTSwiftUIWrapper' in project 'Pods'
        ➜ Explicit dependency on target 'RCTTypeSafety' in project 'Pods'
        ➜ Explicit dependency on target 'RNCPicker' in project 'Pods'
        ➜ Explicit dependency on target 'RNSVG' in project 'Pods'
        ➜ Explicit dependency on target 'RNScreens' in project 'Pods'
        ➜ Explicit dependency on target 'React' in project 'Pods'
        ➜ Explicit dependency on target 'React-Core' in project 'Pods'
        ➜ Explicit dependency on target 'React-Core-prebuilt' in project 'Pods'
        ➜ Explicit dependency on target 'React-CoreModules' in project 'Pods'
        ➜ Explicit dependency on target 'React-Fabric' in project 'Pods'
        ➜ Explicit dependency on target 'React-FabricComponents' in project 'Pods'
        ➜ Explicit dependency on target 'React-FabricImage' in project 'Pods'
        ➜ Explicit dependency on target 'React-ImageManager' in project 'Pods'
        ➜ Explicit dependency on target 'React-Mapbuffer' in project 'Pods'
        ➜ Explicit dependency on target 'React-NativeModulesApple' in project 'Pods'
        ➜ Explicit dependency on target 'React-RCTActionSheet' in project 'Pods'
        ➜ Explicit dependency on target 'React-RCTAnimation' in project 'Pods'
        ➜ Explicit dependency on target 'React-RCTAppDelegate' in project 'Pods'
        ➜ Explicit dependency on target 'React-RCTBlob' in project 'Pods'
        ➜ Explicit dependency on target 'React-RCTFBReactNativeSpec' in project 'Pods'
        ➜ Explicit dependency on target 'React-RCTFabric' in project 'Pods'
        ➜ Explicit dependency on target 'React-RCTImage' in project 'Pods'
        ➜ Explicit dependency on target 'React-RCTLinking' in project 'Pods'
        ➜ Explicit dependency on target 'React-RCTNetwork' in project 'Pods'
        ➜ Explicit dependency on target 'React-RCTRuntime' in project 'Pods'
        ➜ Explicit dependency on target 'React-RCTSettings' in project 'Pods'
        ➜ Explicit dependency on target 'React-RCTText' in project 'Pods'
        ➜ Explicit dependency on target 'React-RCTVibration' in project 'Pods'
        ➜ Explicit dependency on target 'React-RuntimeApple' in project 'Pods'
        ➜ Explicit dependency on target 'React-RuntimeCore' in project 'Pods'
        ➜ Explicit dependency on target 'React-RuntimeHermes' in project 'Pods'
        ➜ Explicit dependency on target 'React-callinvoker' in project 'Pods'
        ➜ Explicit dependency on target 'React-cxxreact' in project 'Pods'
        ➜ Explicit dependency on target 'React-debug' in project 'Pods'
        ➜ Explicit dependency on target 'React-defaultsnativemodule' in project 'Pods'
        ➜ Explicit dependency on target 'React-domnativemodule' in project 'Pods'
        ➜ Explicit dependency on target 'React-featureflags' in project 'Pods'
        ➜ Explicit dependency on target 'React-featureflagsnativemodule' in project 'Pods'
        ➜ Explicit dependency on target 'React-graphics' in project 'Pods'
        ➜ Explicit dependency on target 'React-hermes' in project 'Pods'
        ➜ Explicit dependency on target 'React-idlecallbacksnativemodule' in project 'Pods'
        ➜ Explicit dependency on target 'React-intersectionobservernativemodule' in project 'Pods'
        ➜ Explicit dependency on target 'React-jserrorhandler' in project 'Pods'
        ➜ Explicit dependency on target 'React-jsi' in project 'Pods'
        ➜ Explicit dependency on target 'React-jsiexecutor' in project 'Pods'
        ➜ Explicit dependency on target 'React-jsinspector' in project 'Pods'
        ➜ Explicit dependency on target 'React-jsinspectorcdp' in project 'Pods'
        ➜ Explicit dependency on target 'React-jsinspectornetwork' in project 'Pods'
        ➜ Explicit dependency on target 'React-jsinspectortracing' in project 'Pods'
        ➜ Explicit dependency on target 'React-jsitooling' in project 'Pods'
        ➜ Explicit dependency on target 'React-jsitracing' in project 'Pods'
        ➜ Explicit dependency on target 'React-logger' in project 'Pods'
        ➜ Explicit dependency on target 'React-microtasksnativemodule' in project 'Pods'
        ➜ Explicit dependency on target 'React-mutationobservernativemodule' in project 'Pods'
        ➜ Explicit dependency on target 'React-networking' in project 'Pods'
        ➜ Explicit dependency on target 'React-oscompat' in project 'Pods'
        ➜ Explicit dependency on target 'React-perflogger' in project 'Pods'
        ➜ Explicit dependency on target 'React-performancecdpmetrics' in project 'Pods'
        ➜ Explicit dependency on target 'React-performancetimeline' in project 'Pods'
        ➜ Explicit dependency on target 'React-rendererconsistency' in project 'Pods'
        ➜ Explicit dependency on target 'React-renderercss' in project 'Pods'
        ➜ Explicit dependency on target 'React-rendererdebug' in project 'Pods'
        ➜ Explicit dependency on target 'React-runtimeexecutor' in project 'Pods'
        ➜ Explicit dependency on target 'React-runtimescheduler' in project 'Pods'
        ➜ Explicit dependency on target 'React-timing' in project 'Pods'
        ➜ Explicit dependency on target 'React-utils' in project 'Pods'
        ➜ Explicit dependency on target 'React-viewtransitionnativemodule' in project 'Pods'
        ➜ Explicit dependency on target 'React-webperformancenativemodule' in project 'Pods'
        ➜ Explicit dependency on target 'ReactAppDependencyProvider' in project 'Pods'
        ➜ Explicit dependency on target 'ReactCodegen' in project 'Pods'
        ➜ Explicit dependency on target 'ReactCommon' in project 'Pods'
        ➜ Explicit dependency on target 'ReactNativeDependencies' in project 'Pods'
        ➜ Explicit dependency on target 'Yoga' in project 'Pods'
        ➜ Explicit dependency on target 'hermes-engine' in project 'Pods'
        ➜ Explicit dependency on target 'react-native-safe-area-context' in project 'Pods'
    Target 'react-native-safe-area-context' in project 'Pods'
        ➜ Explicit dependency on target 'RCTRequired' in project 'Pods'
        ➜ Explicit dependency on target 'RCTTypeSafety' in project 'Pods'
        ➜ Explicit dependency on target 'React-Core' in project 'Pods'
        ➜ Explicit dependency on target 'React-Core-prebuilt' in project 'Pods'
        ➜ Explicit dependency on target 'React-Fabric' in project 'Pods'
        ➜ Explicit dependency on target 'React-ImageManager' in project 'Pods'
        ➜ Explicit dependency on target 'React-NativeModulesApple' in project 'Pods'
        ➜ Explicit dependency on target 'React-RCTFabric' in project 'Pods'
        ➜ Explicit dependency on target 'React-debug' in project 'Pods'
        ➜ Explicit dependency on target 'React-featureflags' in project 'Pods'
        ➜ Explicit dependency on target 'React-graphics' in project 'Pods'
        ➜ Explicit dependency on target 'React-jsi' in project 'Pods'
        ➜ Explicit dependency on target 'React-renderercss' in project 'Pods'
        ➜ Explicit dependency on target 'React-rendererdebug' in project 'Pods'
        ➜ Explicit dependency on target 'React-utils' in project 'Pods'
        ➜ Explicit dependency on target 'ReactCodegen' in project 'Pods'
        ➜ Explicit dependency on target 'ReactCommon' in project 'Pods'
        ➜ Explicit dependency on target 'ReactNativeDependencies' in project 'Pods'
        ➜ Explicit dependency on target 'Yoga' in project 'Pods'
        ➜ Explicit dependency on target 'hermes-engine' in project 'Pods'
    Target 'React' in project 'Pods'
        ➜ Explicit dependency on target 'React-Core' in project 'Pods'
        ➜ Explicit dependency on target 'React-RCTActionSheet' in project 'Pods'
        ➜ Explicit dependency on target 'React-RCTAnimation' in project 'Pods'
        ➜ Explicit dependency on target 'React-RCTBlob' in project 'Pods'
        ➜ Explicit dependency on target 'React-RCTImage' in project 'Pods'
        ➜ Explicit dependency on target 'React-RCTLinking' in project 'Pods'
        ➜ Explicit dependency on target 'React-RCTNetwork' in project 'Pods'
        ➜ Explicit dependency on target 'React-RCTSettings' in project 'Pods'
        ➜ Explicit dependency on target 'React-RCTText' in project 'Pods'
        ➜ Explicit dependency on target 'React-RCTVibration' in project 'Pods'
    Target 'React-RCTVibration' in project 'Pods'
        ➜ Explicit dependency on target 'React-Core' in project 'Pods'
        ➜ Explicit dependency on target 'React-Core-prebuilt' in project 'Pods'
        ➜ Explicit dependency on target 'React-jsi' in project 'Pods'
        ➜ Explicit dependency on target 'React-NativeModulesApple' in project 'Pods'
        ➜ Explicit dependency on target 'React-RCTFBReactNativeSpec' in project 'Pods'
        ➜ Explicit dependency on target 'ReactCommon' in project 'Pods'
        ➜ Explicit dependency on target 'ReactNativeDependencies' in project 'Pods'
    Target 'React-RCTSettings' in project 'Pods'
        ➜ Explicit dependency on target 'RCTTypeSafety' in project 'Pods'
        ➜ Explicit dependency on target 'React-Core' in project 'Pods'
        ➜ Explicit dependency on target 'React-Core-prebuilt' in project 'Pods'
        ➜ Explicit dependency on target 'React-jsi' in project 'Pods'
        ➜ Explicit dependency on target 'React-NativeModulesApple' in project 'Pods'
        ➜ Explicit dependency on target 'React-RCTFBReactNativeSpec' in project 'Pods'
        ➜ Explicit dependency on target 'ReactCommon' in project 'Pods'
        ➜ Explicit dependency on target 'ReactNativeDependencies' in project 'Pods'
    Target 'React-RCTLinking' in project 'Pods'
        ➜ Explicit dependency on target 'React-Core' in project 'Pods'
        ➜ Explicit dependency on target 'React-jsi' in project 'Pods'
        ➜ Explicit dependency on target 'React-NativeModulesApple' in project 'Pods'
        ➜ Explicit dependency on target 'React-RCTFBReactNativeSpec' in project 'Pods'
        ➜ Explicit dependency on target 'ReactCommon' in project 'Pods'
    Target 'React-RCTActionSheet' in project 'Pods'
        ➜ Explicit dependency on target 'React-Core' in project 'Pods'
    Target 'RNScreens' in project 'Pods'
        ➜ Explicit dependency on target 'RCTRequired' in project 'Pods'
        ➜ Explicit dependency on target 'RCTTypeSafety' in project 'Pods'
        ➜ Explicit dependency on target 'React-Core' in project 'Pods'
        ➜ Explicit dependency on target 'React-Core-prebuilt' in project 'Pods'
        ➜ Explicit dependency on target 'React-Fabric' in project 'Pods'
        ➜ Explicit dependency on target 'React-ImageManager' in project 'Pods'
        ➜ Explicit dependency on target 'React-NativeModulesApple' in project 'Pods'
        ➜ Explicit dependency on target 'React-RCTFabric' in project 'Pods'
        ➜ Explicit dependency on target 'React-RCTImage' in project 'Pods'
        ➜ Explicit dependency on target 'React-debug' in project 'Pods'
        ➜ Explicit dependency on target 'React-featureflags' in project 'Pods'
        ➜ Explicit dependency on target 'React-graphics' in project 'Pods'
        ➜ Explicit dependency on target 'React-jsi' in project 'Pods'
        ➜ Explicit dependency on target 'React-renderercss' in project 'Pods'
        ➜ Explicit dependency on target 'React-rendererdebug' in project 'Pods'
        ➜ Explicit dependency on target 'React-utils' in project 'Pods'
        ➜ Explicit dependency on target 'ReactCodegen' in project 'Pods'
        ➜ Explicit dependency on target 'ReactCommon' in project 'Pods'
        ➜ Explicit dependency on target 'ReactNativeDependencies' in project 'Pods'
        ➜ Explicit dependency on target 'Yoga' in project 'Pods'
        ➜ Explicit dependency on target 'hermes-engine' in project 'Pods'
    Target 'RNSVG' in project 'Pods'
        ➜ Explicit dependency on target 'RCTRequired' in project 'Pods'
        ➜ Explicit dependency on target 'RCTTypeSafety' in project 'Pods'
        ➜ Explicit dependency on target 'RNSVG-RNSVGFilters' in project 'Pods'
        ➜ Explicit dependency on target 'React-Core' in project 'Pods'
        ➜ Explicit dependency on target 'React-Core-prebuilt' in project 'Pods'
        ➜ Explicit dependency on target 'React-Fabric' in project 'Pods'
        ➜ Explicit dependency on target 'React-ImageManager' in project 'Pods'
        ➜ Explicit dependency on target 'React-NativeModulesApple' in project 'Pods'
        ➜ Explicit dependency on target 'React-RCTFabric' in project 'Pods'
        ➜ Explicit dependency on target 'React-debug' in project 'Pods'
        ➜ Explicit dependency on target 'React-featureflags' in project 'Pods'
        ➜ Explicit dependency on target 'React-graphics' in project 'Pods'
        ➜ Explicit dependency on target 'React-jsi' in project 'Pods'
        ➜ Explicit dependency on target 'React-renderercss' in project 'Pods'
        ➜ Explicit dependency on target 'React-rendererdebug' in project 'Pods'
        ➜ Explicit dependency on target 'React-utils' in project 'Pods'
        ➜ Explicit dependency on target 'ReactCodegen' in project 'Pods'
        ➜ Explicit dependency on target 'ReactCommon' in project 'Pods'
        ➜ Explicit dependency on target 'ReactNativeDependencies' in project 'Pods'
        ➜ Explicit dependency on target 'Yoga' in project 'Pods'
        ➜ Explicit dependency on target 'hermes-engine' in project 'Pods'
    Target 'RNSVG-RNSVGFilters' in project 'Pods' (no dependencies)
    Target 'RNCPicker' in project 'Pods'
        ➜ Explicit dependency on target 'RCTRequired' in project 'Pods'
        ➜ Explicit dependency on target 'RCTTypeSafety' in project 'Pods'
        ➜ Explicit dependency on target 'React-Core' in project 'Pods'
        ➜ Explicit dependency on target 'React-Core-prebuilt' in project 'Pods'
        ➜ Explicit dependency on target 'React-Fabric' in project 'Pods'
        ➜ Explicit dependency on target 'React-ImageManager' in project 'Pods'
        ➜ Explicit dependency on target 'React-NativeModulesApple' in project 'Pods'
        ➜ Explicit dependency on target 'React-RCTFabric' in project 'Pods'
        ➜ Explicit dependency on target 'React-debug' in project 'Pods'
        ➜ Explicit dependency on target 'React-featureflags' in project 'Pods'
        ➜ Explicit dependency on target 'React-graphics' in project 'Pods'
        ➜ Explicit dependency on target 'React-jsi' in project 'Pods'
        ➜ Explicit dependency on target 'React-renderercss' in project 'Pods'
        ➜ Explicit dependency on target 'React-rendererdebug' in project 'Pods'
        ➜ Explicit dependency on target 'React-utils' in project 'Pods'
        ➜ Explicit dependency on target 'ReactCodegen' in project 'Pods'
        ➜ Explicit dependency on target 'ReactCommon' in project 'Pods'
        ➜ Explicit dependency on target 'ReactNativeDependencies' in project 'Pods'
        ➜ Explicit dependency on target 'Yoga' in project 'Pods'
        ➜ Explicit dependency on target 'hermes-engine' in project 'Pods'
    Target 'ExpoWebBrowser' in project 'Pods'
        ➜ Explicit dependency on target 'ExpoModulesCore' in project 'Pods'
    Target 'ExpoSecureStore' in project 'Pods'
        ➜ Explicit dependency on target 'ExpoModulesCore' in project 'Pods'
    Target 'ExpoNotifications' in project 'Pods'
        ➜ Explicit dependency on target 'ExpoModulesCore' in project 'Pods'
        ➜ Explicit dependency on target 'ExpoNotifications-ExpoNotifications_privacy' in project 'Pods'
    Target 'ExpoNotifications-ExpoNotifications_privacy' in project 'Pods' (no dependencies)
    Target 'ExpoModulesWorklets' in project 'Pods'
        ➜ Explicit dependency on target 'ExpoModulesCore' in project 'Pods'
        ➜ Explicit dependency on target 'ExpoModulesJSI' in project 'Pods'
    Target 'ExpoLogBox' in project 'Pods'
        ➜ Explicit dependency on target 'React-Core' in project 'Pods'
    Target 'ExpoLocalAuthentication' in project 'Pods'
        ➜ Explicit dependency on target 'ExpoModulesCore' in project 'Pods'
    Target 'ExpoLinearGradient' in project 'Pods'
        ➜ Explicit dependency on target 'ExpoModulesCore' in project 'Pods'
    Target 'ExpoKeepAwake' in project 'Pods'
        ➜ Explicit dependency on target 'ExpoModulesCore' in project 'Pods'
    Target 'ExpoHaptics' in project 'Pods'
        ➜ Explicit dependency on target 'ExpoModulesCore' in project 'Pods'
    Target 'ExpoFont' in project 'Pods'
        ➜ Explicit dependency on target 'ExpoModulesCore' in project 'Pods'
    Target 'ExpoFileSystem' in project 'Pods'
        ➜ Explicit dependency on target 'ExpoFileSystem-ExpoFileSystem_privacy' in project 'Pods'
        ➜ Explicit dependency on target 'ExpoModulesCore' in project 'Pods'
    Target 'ExpoFileSystem-ExpoFileSystem_privacy' in project 'Pods' (no dependencies)
    Target 'ExpoDomWebView' in project 'Pods'
        ➜ Explicit dependency on target 'ExpoModulesCore' in project 'Pods'
    Target 'ExpoAsset' in project 'Pods'
        ➜ Explicit dependency on target 'ExpoModulesCore' in project 'Pods'
    Target 'Expo' in project 'Pods'
        ➜ Explicit dependency on target 'ExpoModulesCore' in project 'Pods'
        ➜ Explicit dependency on target 'ExpoModulesJSI' in project 'Pods'
        ➜ Explicit dependency on target 'RCTRequired' in project 'Pods'
        ➜ Explicit dependency on target 'RCTTypeSafety' in project 'Pods'
        ➜ Explicit dependency on target 'React-Core' in project 'Pods'
        ➜ Explicit dependency on target 'React-Core-prebuilt' in project 'Pods'
        ➜ Explicit dependency on target 'React-Fabric' in project 'Pods'
        ➜ Explicit dependency on target 'React-ImageManager' in project 'Pods'
        ➜ Explicit dependency on target 'React-NativeModulesApple' in project 'Pods'
        ➜ Explicit dependency on target 'React-RCTAppDelegate' in project 'Pods'
        ➜ Explicit dependency on target 'React-RCTFabric' in project 'Pods'
        ➜ Explicit dependency on target 'React-debug' in project 'Pods'
        ➜ Explicit dependency on target 'React-featureflags' in project 'Pods'
        ➜ Explicit dependency on target 'React-graphics' in project 'Pods'
        ➜ Explicit dependency on target 'React-jsi' in project 'Pods'
        ➜ Explicit dependency on target 'React-renderercss' in project 'Pods'
        ➜ Explicit dependency on target 'React-rendererdebug' in project 'Pods'
        ➜ Explicit dependency on target 'React-utils' in project 'Pods'
        ➜ Explicit dependency on target 'ReactAppDependencyProvider' in project 'Pods'
        ➜ Explicit dependency on target 'ReactCodegen' in project 'Pods'
        ➜ Explicit dependency on target 'ReactCommon' in project 'Pods'
        ➜ Explicit dependency on target 'ReactNativeDependencies' in project 'Pods'
        ➜ Explicit dependency on target 'Yoga' in project 'Pods'
        ➜ Explicit dependency on target 'hermes-engine' in project 'Pods'
    Target 'ReactAppDependencyProvider' in project 'Pods'
        ➜ Explicit dependency on target 'ReactCodegen' in project 'Pods'
    Target 'EXConstants' in project 'Pods'
        ➜ Explicit dependency on target 'EXConstants-EXConstants' in project 'Pods'
        ➜ Explicit dependency on target 'EXConstants-ExpoConstants_privacy' in project 'Pods'
        ➜ Explicit dependency on target 'ExpoModulesCore' in project 'Pods'
    Target 'EXConstants-ExpoConstants_privacy' in project 'Pods' (no dependencies)
    Target 'EXConstants-EXConstants' in project 'Pods' (no dependencies)
    Target 'EXApplication' in project 'Pods'
        ➜ Explicit dependency on target 'EXApplication-ExpoApplication_privacy' in project 'Pods'
        ➜ Explicit dependency on target 'ExpoModulesCore' in project 'Pods'
    Target 'ExpoModulesCore' in project 'Pods'
        ➜ Explicit dependency on target 'ExpoModulesJSI' in project 'Pods'
        ➜ Explicit dependency on target 'hermes-engine' in project 'Pods'
        ➜ Explicit dependency on target 'RCTRequired' in project 'Pods'
        ➜ Explicit dependency on target 'RCTTypeSafety' in project 'Pods'
        ➜ Explicit dependency on target 'React-Core' in project 'Pods'
        ➜ Explicit dependency on target 'React-Core-prebuilt' in project 'Pods'
        ➜ Explicit dependency on target 'React-debug' in project 'Pods'
        ➜ Explicit dependency on target 'React-Fabric' in project 'Pods'
        ➜ Explicit dependency on target 'React-featureflags' in project 'Pods'
        ➜ Explicit dependency on target 'React-graphics' in project 'Pods'
        ➜ Explicit dependency on target 'React-ImageManager' in project 'Pods'
        ➜ Explicit dependency on target 'React-jsi' in project 'Pods'
        ➜ Explicit dependency on target 'React-jsinspector' in project 'Pods'
        ➜ Explicit dependency on target 'React-NativeModulesApple' in project 'Pods'
        ➜ Explicit dependency on target 'React-RCTFabric' in project 'Pods'
        ➜ Explicit dependency on target 'React-renderercss' in project 'Pods'
        ➜ Explicit dependency on target 'React-rendererdebug' in project 'Pods'
        ➜ Explicit dependency on target 'React-utils' in project 'Pods'
        ➜ Explicit dependency on target 'ReactCodegen' in project 'Pods'
        ➜ Explicit dependency on target 'ReactCommon' in project 'Pods'
        ➜ Explicit dependency on target 'ReactNativeDependencies' in project 'Pods'
        ➜ Explicit dependency on target 'Yoga' in project 'Pods'
    Target 'ExpoModulesJSI' in project 'Pods'
        ➜ Explicit dependency on target 'React-Core' in project 'Pods'
        ➜ Explicit dependency on target 'ReactCommon' in project 'Pods'
    Target 'EXApplication-ExpoApplication_privacy' in project 'Pods' (no dependencies)
    Target 'AsyncStorage' in project 'Pods'
        ➜ Explicit dependency on target 'AsyncStorage-AsyncStorage_resources' in project 'Pods'
        ➜ Explicit dependency on target 'RCTRequired' in project 'Pods'
        ➜ Explicit dependency on target 'RCTTypeSafety' in project 'Pods'
        ➜ Explicit dependency on target 'React-Core' in project 'Pods'
        ➜ Explicit dependency on target 'React-Core-prebuilt' in project 'Pods'
        ➜ Explicit dependency on target 'React-Fabric' in project 'Pods'
        ➜ Explicit dependency on target 'React-ImageManager' in project 'Pods'
        ➜ Explicit dependency on target 'React-NativeModulesApple' in project 'Pods'
        ➜ Explicit dependency on target 'React-RCTFabric' in project 'Pods'
        ➜ Explicit dependency on target 'React-debug' in project 'Pods'
        ➜ Explicit dependency on target 'React-featureflags' in project 'Pods'
        ➜ Explicit dependency on target 'React-graphics' in project 'Pods'
        ➜ Explicit dependency on target 'React-jsi' in project 'Pods'
        ➜ Explicit dependency on target 'React-renderercss' in project 'Pods'
        ➜ Explicit dependency on target 'React-rendererdebug' in project 'Pods'
        ➜ Explicit dependency on target 'React-utils' in project 'Pods'
        ➜ Explicit dependency on target 'ReactCodegen' in project 'Pods'
        ➜ Explicit dependency on target 'ReactCommon' in project 'Pods'
        ➜ Explicit dependency on target 'ReactNativeDependencies' in project 'Pods'
        ➜ Explicit dependency on target 'Yoga' in project 'Pods'
        ➜ Explicit dependency on target 'hermes-engine' in project 'Pods'
    Target 'ReactCodegen' in project 'Pods'
        ➜ Explicit dependency on target 'RCTRequired' in project 'Pods'
        ➜ Explicit dependency on target 'RCTTypeSafety' in project 'Pods'
        ➜ Explicit dependency on target 'React-Core' in project 'Pods'
        ➜ Explicit dependency on target 'React-Core-prebuilt' in project 'Pods'
        ➜ Explicit dependency on target 'React-Fabric' in project 'Pods'
        ➜ Explicit dependency on target 'React-FabricImage' in project 'Pods'
        ➜ Explicit dependency on target 'React-NativeModulesApple' in project 'Pods'
        ➜ Explicit dependency on target 'React-RCTAppDelegate' in project 'Pods'
        ➜ Explicit dependency on target 'React-debug' in project 'Pods'
        ➜ Explicit dependency on target 'React-featureflags' in project 'Pods'
        ➜ Explicit dependency on target 'React-graphics' in project 'Pods'
        ➜ Explicit dependency on target 'React-jsi' in project 'Pods'
        ➜ Explicit dependency on target 'React-jsiexecutor' in project 'Pods'
        ➜ Explicit dependency on target 'React-rendererdebug' in project 'Pods'
        ➜ Explicit dependency on target 'React-utils' in project 'Pods'
        ➜ Explicit dependency on target 'ReactCommon' in project 'Pods'
        ➜ Explicit dependency on target 'ReactNativeDependencies' in project 'Pods'
        ➜ Explicit dependency on target 'hermes-engine' in project 'Pods'
    Target 'React-RCTAppDelegate' in project 'Pods'
        ➜ Explicit dependency on target 'hermes-engine' in project 'Pods'
        ➜ Explicit dependency on target 'RCTRequired' in project 'Pods'
        ➜ Explicit dependency on target 'RCTTypeSafety' in project 'Pods'
        ➜ Explicit dependency on target 'React-Core' in project 'Pods'
        ➜ Explicit dependency on target 'React-Core-prebuilt' in project 'Pods'
        ➜ Explicit dependency on target 'React-CoreModules' in project 'Pods'
        ➜ Explicit dependency on target 'React-debug' in project 'Pods'
        ➜ Explicit dependency on target 'React-defaultsnativemodule' in project 'Pods'
        ➜ Explicit dependency on target 'React-Fabric' in project 'Pods'
        ➜ Explicit dependency on target 'React-featureflags' in project 'Pods'
        ➜ Explicit dependency on target 'React-graphics' in project 'Pods'
        ➜ Explicit dependency on target 'React-hermes' in project 'Pods'
        ➜ Explicit dependency on target 'React-jsitooling' in project 'Pods'
        ➜ Explicit dependency on target 'React-NativeModulesApple' in project 'Pods'
        ➜ Explicit dependency on target 'React-RCTFabric' in project 'Pods'
        ➜ Explicit dependency on target 'React-RCTFBReactNativeSpec' in project 'Pods'
        ➜ Explicit dependency on target 'React-RCTImage' in project 'Pods'
        ➜ Explicit dependency on target 'React-RCTNetwork' in project 'Pods'
        ➜ Explicit dependency on target 'React-RCTRuntime' in project 'Pods'
        ➜ Explicit dependency on target 'React-rendererdebug' in project 'Pods'
        ➜ Explicit dependency on target 'React-RuntimeApple' in project 'Pods'
        ➜ Explicit dependency on target 'React-RuntimeCore' in project 'Pods'
        ➜ Explicit dependency on target 'React-runtimeexecutor' in project 'Pods'
        ➜ Explicit dependency on target 'React-runtimescheduler' in project 'Pods'
        ➜ Explicit dependency on target 'React-utils' in project 'Pods'
        ➜ Explicit dependency on target 'ReactCommon' in project 'Pods'
        ➜ Explicit dependency on target 'ReactNativeDependencies' in project 'Pods'
    Target 'React-RCTRuntime' in project 'Pods'
        ➜ Explicit dependency on target 'hermes-engine' in project 'Pods'
        ➜ Explicit dependency on target 'React-Core' in project 'Pods'
        ➜ Explicit dependency on target 'React-Core-prebuilt' in project 'Pods'
        ➜ Explicit dependency on target 'React-debug' in project 'Pods'
        ➜ Explicit dependency on target 'React-jsi' in project 'Pods'
        ➜ Explicit dependency on target 'React-jsinspector' in project 'Pods'
        ➜ Explicit dependency on target 'React-jsinspectorcdp' in project 'Pods'
        ➜ Explicit dependency on target 'React-jsinspectortracing' in project 'Pods'
        ➜ Explicit dependency on target 'React-jsitooling' in project 'Pods'
        ➜ Explicit dependency on target 'React-RuntimeApple' in project 'Pods'
        ➜ Explicit dependency on target 'React-RuntimeCore' in project 'Pods'
        ➜ Explicit dependency on target 'React-runtimeexecutor' in project 'Pods'
        ➜ Explicit dependency on target 'React-RuntimeHermes' in project 'Pods'
        ➜ Explicit dependency on target 'React-utils' in project 'Pods'
        ➜ Explicit dependency on target 'ReactNativeDependencies' in project 'Pods'
    Target 'React-RuntimeApple' in project 'Pods'
        ➜ Explicit dependency on target 'hermes-engine' in project 'Pods'
        ➜ Explicit dependency on target 'React-callinvoker' in project 'Pods'
        ➜ Explicit dependency on target 'React-Core' in project 'Pods'
        ➜ Explicit dependency on target 'React-Core-prebuilt' in project 'Pods'
        ➜ Explicit dependency on target 'React-CoreModules' in project 'Pods'
        ➜ Explicit dependency on target 'React-cxxreact' in project 'Pods'
        ➜ Explicit dependency on target 'React-featureflags' in project 'Pods'
        ➜ Explicit dependency on target 'React-jserrorhandler' in project 'Pods'
        ➜ Explicit dependency on target 'React-jsi' in project 'Pods'
        ➜ Explicit dependency on target 'React-jsiexecutor' in project 'Pods'
        ➜ Explicit dependency on target 'React-jsinspector' in project 'Pods'
        ➜ Explicit dependency on target 'React-jsitooling' in project 'Pods'
        ➜ Explicit dependency on target 'React-Mapbuffer' in project 'Pods'
        ➜ Explicit dependency on target 'React-NativeModulesApple' in project 'Pods'
        ➜ Explicit dependency on target 'React-RCTFabric' in project 'Pods'
        ➜ Explicit dependency on target 'React-RCTFBReactNativeSpec' in project 'Pods'
        ➜ Explicit dependency on target 'React-RuntimeCore' in project 'Pods'
        ➜ Explicit dependency on target 'React-runtimeexecutor' in project 'Pods'
        ➜ Explicit dependency on target 'React-RuntimeHermes' in project 'Pods'
        ➜ Explicit dependency on target 'React-runtimescheduler' in project 'Pods'
        ➜ Explicit dependency on target 'React-utils' in project 'Pods'
        ➜ Explicit dependency on target 'ReactNativeDependencies' in project 'Pods'
    Target 'React-RuntimeHermes' in project 'Pods'
        ➜ Explicit dependency on target 'hermes-engine' in project 'Pods'
        ➜ Explicit dependency on target 'React-Core-prebuilt' in project 'Pods'
        ➜ Explicit dependency on target 'React-featureflags' in project 'Pods'
        ➜ Explicit dependency on target 'React-hermes' in project 'Pods'
        ➜ Explicit dependency on target 'React-jsi' in project 'Pods'
        ➜ Explicit dependency on target 'React-jsinspector' in project 'Pods'
        ➜ Explicit dependency on target 'React-jsinspectorcdp' in project 'Pods'
        ➜ Explicit dependency on target 'React-jsinspectortracing' in project 'Pods'
        ➜ Explicit dependency on target 'React-jsitooling' in project 'Pods'
        ➜ Explicit dependency on target 'React-jsitracing' in project 'Pods'
        ➜ Explicit dependency on target 'React-RuntimeCore' in project 'Pods'
        ➜ Explicit dependency on target 'React-runtimeexecutor' in project 'Pods'
        ➜ Explicit dependency on target 'React-utils' in project 'Pods'
        ➜ Explicit dependency on target 'ReactNativeDependencies' in project 'Pods'
    Target 'React-jsitracing' in project 'Pods'
        ➜ Explicit dependency on target 'React-jsi' in project 'Pods'
    Target 'React-RuntimeCore' in project 'Pods'
        ➜ Explicit dependency on target 'hermes-engine' in project 'Pods'
        ➜ Explicit dependency on target 'React-Core-prebuilt' in project 'Pods'
        ➜ Explicit dependency on target 'React-cxxreact' in project 'Pods'
        ➜ Explicit dependency on target 'React-Fabric' in project 'Pods'
        ➜ Explicit dependency on target 'React-featureflags' in project 'Pods'
        ➜ Explicit dependency on target 'React-jserrorhandler' in project 'Pods'
        ➜ Explicit dependency on target 'React-jsi' in project 'Pods'
        ➜ Explicit dependency on target 'React-jsiexecutor' in project 'Pods'
        ➜ Explicit dependency on target 'React-jsinspector' in project 'Pods'
        ➜ Explicit dependency on target 'React-jsitooling' in project 'Pods'
        ➜ Explicit dependency on target 'React-performancetimeline' in project 'Pods'
        ➜ Explicit dependency on target 'React-runtimeexecutor' in project 'Pods'
        ➜ Explicit dependency on target 'React-runtimescheduler' in project 'Pods'
        ➜ Explicit dependency on target 'React-utils' in project 'Pods'
        ➜ Explicit dependency on target 'ReactNativeDependencies' in project 'Pods'
    Target 'React-Mapbuffer' in project 'Pods'
        ➜ Explicit dependency on target 'React-Core-prebuilt' in project 'Pods'
        ➜ Explicit dependency on target 'React-debug' in project 'Pods'
        ➜ Explicit dependency on target 'ReactNativeDependencies' in project 'Pods'
    Target 'React-defaultsnativemodule' in project 'Pods'
        ➜ Explicit dependency on target 'hermes-engine' in project 'Pods'
        ➜ Explicit dependency on target 'React-Core-prebuilt' in project 'Pods'
        ➜ Explicit dependency on target 'React-domnativemodule' in project 'Pods'
        ➜ Explicit dependency on target 'React-Fabric' in project 'Pods'
        ➜ Explicit dependency on target 'React-featureflags' in project 'Pods'
        ➜ Explicit dependency on target 'React-featureflagsnativemodule' in project 'Pods'
        ➜ Explicit dependency on target 'React-idlecallbacksnativemodule' in project 'Pods'
        ➜ Explicit dependency on target 'React-intersectionobservernativemodule' in project 'Pods'
        ➜ Explicit dependency on target 'React-jsi' in project 'Pods'
        ➜ Explicit dependency on target 'React-jsiexecutor' in project 'Pods'
        ➜ Explicit dependency on target 'React-microtasksnativemodule' in project 'Pods'
        ➜ Explicit dependency on target 'React-mutationobservernativemodule' in project 'Pods'
        ➜ Explicit dependency on target 'React-RCTFBReactNativeSpec' in project 'Pods'
        ➜ Explicit dependency on target 'React-viewtransitionnativemodule' in project 'Pods'
        ➜ Explicit dependency on target 'React-webperformancenativemodule' in project 'Pods'
        ➜ Explicit dependency on target 'ReactNativeDependencies' in project 'Pods'
        ➜ Explicit dependency on target 'Yoga' in project 'Pods'
    Target 'React-webperformancenativemodule' in project 'Pods'
        ➜ Explicit dependency on target 'hermes-engine' in project 'Pods'
        ➜ Explicit dependency on target 'React-Core-prebuilt' in project 'Pods'
        ➜ Explicit dependency on target 'React-cxxreact' in project 'Pods'
        ➜ Explicit dependency on target 'React-jsi' in project 'Pods'
        ➜ Explicit dependency on target 'React-jsiexecutor' in project 'Pods'
        ➜ Explicit dependency on target 'React-performancetimeline' in project 'Pods'
        ➜ Explicit dependency on target 'React-RCTFBReactNativeSpec' in project 'Pods'
        ➜ Explicit dependency on target 'React-runtimeexecutor' in project 'Pods'
        ➜ Explicit dependency on target 'ReactCommon' in project 'Pods'
        ➜ Explicit dependency on target 'ReactNativeDependencies' in project 'Pods'
    Target 'React-viewtransitionnativemodule' in project 'Pods'
        ➜ Explicit dependency on target 'hermes-engine' in project 'Pods'
        ➜ Explicit dependency on target 'React-Core-prebuilt' in project 'Pods'
        ➜ Explicit dependency on target 'React-Fabric' in project 'Pods'
        ➜ Explicit dependency on target 'React-jsi' in project 'Pods'
        ➜ Explicit dependency on target 'React-jsiexecutor' in project 'Pods'
        ➜ Explicit dependency on target 'React-RCTFBReactNativeSpec' in project 'Pods'
        ➜ Explicit dependency on target 'React-runtimeexecutor' in project 'Pods'
        ➜ Explicit dependency on target 'ReactCommon' in project 'Pods'
        ➜ Explicit dependency on target 'ReactNativeDependencies' in project 'Pods'
        ➜ Explicit dependency on target 'Yoga' in project 'Pods'
    Target 'React-mutationobservernativemodule' in project 'Pods'
        ➜ Explicit dependency on target 'hermes-engine' in project 'Pods'
        ➜ Explicit dependency on target 'React-Core-prebuilt' in project 'Pods'
        ➜ Explicit dependency on target 'React-cxxreact' in project 'Pods'
        ➜ Explicit dependency on target 'React-Fabric' in project 'Pods'
        ➜ Explicit dependency on target 'React-featureflags' in project 'Pods'
        ➜ Explicit dependency on target 'React-jsi' in project 'Pods'
        ➜ Explicit dependency on target 'React-jsiexecutor' in project 'Pods'
        ➜ Explicit dependency on target 'React-RCTFBReactNativeSpec' in project 'Pods'
        ➜ Explicit dependency on target 'React-runtimeexecutor' in project 'Pods'
        ➜ Explicit dependency on target 'ReactCommon' in project 'Pods'
        ➜ Explicit dependency on target 'ReactNativeDependencies' in project 'Pods'
        ➜ Explicit dependency on target 'Yoga' in project 'Pods'
    Target 'React-microtasksnativemodule' in project 'Pods'
        ➜ Explicit dependency on target 'hermes-engine' in project 'Pods'
        ➜ Explicit dependency on target 'React-Core-prebuilt' in project 'Pods'
        ➜ Explicit dependency on target 'React-jsi' in project 'Pods'
        ➜ Explicit dependency on target 'React-jsiexecutor' in project 'Pods'
        ➜ Explicit dependency on target 'React-RCTFBReactNativeSpec' in project 'Pods'
        ➜ Explicit dependency on target 'ReactCommon' in project 'Pods'
        ➜ Explicit dependency on target 'ReactNativeDependencies' in project 'Pods'
    Target 'React-intersectionobservernativemodule' in project 'Pods'
        ➜ Explicit dependency on target 'hermes-engine' in project 'Pods'
        ➜ Explicit dependency on target 'React-Core-prebuilt' in project 'Pods'
        ➜ Explicit dependency on target 'React-cxxreact' in project 'Pods'
        ➜ Explicit dependency on target 'React-Fabric' in project 'Pods'
        ➜ Explicit dependency on target 'React-graphics' in project 'Pods'
        ➜ Explicit dependency on target 'React-jsi' in project 'Pods'
        ➜ Explicit dependency on target 'React-jsiexecutor' in project 'Pods'
        ➜ Explicit dependency on target 'React-RCTFBReactNativeSpec' in project 'Pods'
        ➜ Explicit dependency on target 'React-runtimeexecutor' in project 'Pods'
        ➜ Explicit dependency on target 'React-runtimescheduler' in project 'Pods'
        ➜ Explicit dependency on target 'ReactCommon' in project 'Pods'
        ➜ Explicit dependency on target 'ReactNativeDependencies' in project 'Pods'
        ➜ Explicit dependency on target 'Yoga' in project 'Pods'
    Target 'React-idlecallbacksnativemodule' in project 'Pods'
        ➜ Explicit dependency on target 'hermes-engine' in project 'Pods'
        ➜ Explicit dependency on target 'React-Core-prebuilt' in project 'Pods'
        ➜ Explicit dependency on target 'React-jsi' in project 'Pods'
        ➜ Explicit dependency on target 'React-jsiexecutor' in project 'Pods'
        ➜ Explicit dependency on target 'React-RCTFBReactNativeSpec' in project 'Pods'
        ➜ Explicit dependency on target 'React-runtimeexecutor' in project 'Pods'
        ➜ Explicit dependency on target 'React-runtimescheduler' in project 'Pods'
        ➜ Explicit dependency on target 'ReactCommon' in project 'Pods'
        ➜ Explicit dependency on target 'ReactNativeDependencies' in project 'Pods'
    Target 'React-featureflagsnativemodule' in project 'Pods'
        ➜ Explicit dependency on target 'hermes-engine' in project 'Pods'
        ➜ Explicit dependency on target 'React-Core-prebuilt' in project 'Pods'
        ➜ Explicit dependency on target 'React-featureflags' in project 'Pods'
        ➜ Explicit dependency on target 'React-jsi' in project 'Pods'
        ➜ Explicit dependency on target 'React-jsiexecutor' in project 'Pods'
        ➜ Explicit dependency on target 'React-RCTFBReactNativeSpec' in project 'Pods'
        ➜ Explicit dependency on target 'ReactCommon' in project 'Pods'
        ➜ Explicit dependency on target 'ReactNativeDependencies' in project 'Pods'
    Target 'React-domnativemodule' in project 'Pods'
        ➜ Explicit dependency on target 'hermes-engine' in project 'Pods'
        ➜ Explicit dependency on target 'React-Core-prebuilt' in project 'Pods'
        ➜ Explicit dependency on target 'React-Fabric' in project 'Pods'
        ➜ Explicit dependency on target 'React-FabricComponents' in project 'Pods'
        ➜ Explicit dependency on target 'React-graphics' in project 'Pods'
        ➜ Explicit dependency on target 'React-jsi' in project 'Pods'
        ➜ Explicit dependency on target 'React-jsiexecutor' in project 'Pods'
        ➜ Explicit dependency on target 'React-RCTFBReactNativeSpec' in project 'Pods'
        ➜ Explicit dependency on target 'React-runtimeexecutor' in project 'Pods'
        ➜ Explicit dependency on target 'ReactCommon' in project 'Pods'
        ➜ Explicit dependency on target 'ReactNativeDependencies' in project 'Pods'
        ➜ Explicit dependency on target 'Yoga' in project 'Pods'
    Target 'React-CoreModules' in project 'Pods'
        ➜ Explicit dependency on target 'RCTTypeSafety' in project 'Pods'
        ➜ Explicit dependency on target 'React-Core' in project 'Pods'
        ➜ Explicit dependency on target 'React-Core-prebuilt' in project 'Pods'
        ➜ Explicit dependency on target 'React-debug' in project 'Pods'
        ➜ Explicit dependency on target 'React-featureflags' in project 'Pods'
        ➜ Explicit dependency on target 'React-jsi' in project 'Pods'
        ➜ Explicit dependency on target 'React-jsinspector' in project 'Pods'
        ➜ Explicit dependency on target 'React-jsinspectorcdp' in project 'Pods'
        ➜ Explicit dependency on target 'React-jsinspectortracing' in project 'Pods'
        ➜ Explicit dependency on target 'React-NativeModulesApple' in project 'Pods'
        ➜ Explicit dependency on target 'React-RCTBlob' in project 'Pods'
        ➜ Explicit dependency on target 'React-RCTFBReactNativeSpec' in project 'Pods'
        ➜ Explicit dependency on target 'React-RCTImage' in project 'Pods'
        ➜ Explicit dependency on target 'React-runtimeexecutor' in project 'Pods'
        ➜ Explicit dependency on target 'React-utils' in project 'Pods'
        ➜ Explicit dependency on target 'ReactCommon' in project 'Pods'
        ➜ Explicit dependency on target 'ReactNativeDependencies' in project 'Pods'
    Target 'React-RCTBlob' in project 'Pods'
        ➜ Explicit dependency on target 'hermes-engine' in project 'Pods'
        ➜ Explicit dependency on target 'React-Core' in project 'Pods'
        ➜ Explicit dependency on target 'React-Core-prebuilt' in project 'Pods'
        ➜ Explicit dependency on target 'React-jsi' in project 'Pods'
        ➜ Explicit dependency on target 'React-jsinspector' in project 'Pods'
        ➜ Explicit dependency on target 'React-jsinspectorcdp' in project 'Pods'
        ➜ Explicit dependency on target 'React-NativeModulesApple' in project 'Pods'
        ➜ Explicit dependency on target 'React-RCTFBReactNativeSpec' in project 'Pods'
        ➜ Explicit dependency on target 'React-RCTNetwork' in project 'Pods'
        ➜ Explicit dependency on target 'ReactCommon' in project 'Pods'
        ➜ Explicit dependency on target 'ReactNativeDependencies' in project 'Pods'
    Target 'React-RCTFabric' in project 'Pods'
        ➜ Explicit dependency on target 'hermes-engine' in project 'Pods'
        ➜ Explicit dependency on target 'RCTSwiftUIWrapper' in project 'Pods'
        ➜ Explicit dependency on target 'React-Core' in project 'Pods'
        ➜ Explicit dependency on target 'React-Core-prebuilt' in project 'Pods'
        ➜ Explicit dependency on target 'React-debug' in project 'Pods'
        ➜ Explicit dependency on target 'React-Fabric' in project 'Pods'
        ➜ Explicit dependency on target 'React-FabricComponents' in project 'Pods'
        ➜ Explicit dependency on target 'React-FabricImage' in project 'Pods'
        ➜ Explicit dependency on target 'React-featureflags' in project 'Pods'
        ➜ Explicit dependency on target 'React-graphics' in project 'Pods'
        ➜ Explicit dependency on target 'React-ImageManager' in project 'Pods'
        ➜ Explicit dependency on target 'React-jsi' in project 'Pods'
        ➜ Explicit dependency on target 'React-jsinspector' in project 'Pods'
        ➜ Explicit dependency on target 'React-jsinspectorcdp' in project 'Pods'
        ➜ Explicit dependency on target 'React-jsinspectortracing' in project 'Pods'
        ➜ Explicit dependency on target 'React-networking' in project 'Pods'
        ➜ Explicit dependency on target 'React-performancecdpmetrics' in project 'Pods'
        ➜ Explicit dependency on target 'React-performancetimeline' in project 'Pods'
        ➜ Explicit dependency on target 'React-RCTAnimation' in project 'Pods'
        ➜ Explicit dependency on target 'React-RCTFBReactNativeSpec' in project 'Pods'
        ➜ Explicit dependency on target 'React-RCTImage' in project 'Pods'
        ➜ Explicit dependency on target 'React-RCTText' in project 'Pods'
        ➜ Explicit dependency on target 'React-rendererconsistency' in project 'Pods'
        ➜ Explicit dependency on target 'React-renderercss' in project 'Pods'
        ➜ Explicit dependency on target 'React-rendererdebug' in project 'Pods'
        ➜ Explicit dependency on target 'React-runtimeexecutor' in project 'Pods'
        ➜ Explicit dependency on target 'React-runtimescheduler' in project 'Pods'
        ➜ Explicit dependency on target 'React-utils' in project 'Pods'
        ➜ Explicit dependency on target 'ReactNativeDependencies' in project 'Pods'
        ➜ Explicit dependency on target 'Yoga' in project 'Pods'
    Target 'React-RCTText' in project 'Pods'
        ➜ Explicit dependency on target 'React-Core' in project 'Pods'
        ➜ Explicit dependency on target 'Yoga' in project 'Pods'
    Target 'React-RCTImage' in project 'Pods'
        ➜ Explicit dependency on target 'RCTTypeSafety' in project 'Pods'
        ➜ Explicit dependency on target 'React-Core' in project 'Pods'
        ➜ Explicit dependency on target 'React-Core-prebuilt' in project 'Pods'
        ➜ Explicit dependency on target 'React-jsi' in project 'Pods'
        ➜ Explicit dependency on target 'React-NativeModulesApple' in project 'Pods'
        ➜ Explicit dependency on target 'React-RCTFBReactNativeSpec' in project 'Pods'
        ➜ Explicit dependency on target 'React-RCTNetwork' in project 'Pods'
        ➜ Explicit dependency on target 'ReactCommon' in project 'Pods'
        ➜ Explicit dependency on target 'ReactNativeDependencies' in project 'Pods'
    Target 'React-RCTNetwork' in project 'Pods'
        ➜ Explicit dependency on target 'RCTTypeSafety' in project 'Pods'
        ➜ Explicit dependency on target 'React-Core' in project 'Pods'
        ➜ Explicit dependency on target 'React-Core-prebuilt' in project 'Pods'
        ➜ Explicit dependency on target 'React-debug' in project 'Pods'
        ➜ Explicit dependency on target 'React-featureflags' in project 'Pods'
        ➜ Explicit dependency on target 'React-jsi' in project 'Pods'
        ➜ Explicit dependency on target 'React-jsinspectorcdp' in project 'Pods'
        ➜ Explicit dependency on target 'React-jsinspectornetwork' in project 'Pods'
        ➜ Explicit dependency on target 'React-NativeModulesApple' in project 'Pods'
        ➜ Explicit dependency on target 'React-networking' in project 'Pods'
        ➜ Explicit dependency on target 'React-RCTFBReactNativeSpec' in project 'Pods'
        ➜ Explicit dependency on target 'ReactCommon' in project 'Pods'
        ➜ Explicit dependency on target 'ReactNativeDependencies' in project 'Pods'
    Target 'React-RCTAnimation' in project 'Pods'
        ➜ Explicit dependency on target 'RCTTypeSafety' in project 'Pods'
        ➜ Explicit dependency on target 'React-Core' in project 'Pods'
        ➜ Explicit dependency on target 'React-Core-prebuilt' in project 'Pods'
        ➜ Explicit dependency on target 'React-debug' in project 'Pods'
        ➜ Explicit dependency on target 'React-featureflags' in project 'Pods'
        ➜ Explicit dependency on target 'React-jsi' in project 'Pods'
        ➜ Explicit dependency on target 'React-NativeModulesApple' in project 'Pods'
        ➜ Explicit dependency on target 'React-RCTFBReactNativeSpec' in project 'Pods'
        ➜ Explicit dependency on target 'ReactCommon' in project 'Pods'
        ➜ Explicit dependency on target 'ReactNativeDependencies' in project 'Pods'
    Target 'React-networking' in project 'Pods'
        ➜ Explicit dependency on target 'React-Core-prebuilt' in project 'Pods'
        ➜ Explicit dependency on target 'React-jsinspectornetwork' in project 'Pods'
        ➜ Explicit dependency on target 'React-jsinspectortracing' in project 'Pods'
        ➜ Explicit dependency on target 'React-performancetimeline' in project 'Pods'
        ➜ Explicit dependency on target 'React-timing' in project 'Pods'
        ➜ Explicit dependency on target 'ReactNativeDependencies' in project 'Pods'
    Target 'React-FabricImage' in project 'Pods'
        ➜ Explicit dependency on target 'hermes-engine' in project 'Pods'
        ➜ Explicit dependency on target 'RCTRequired' in project 'Pods'
        ➜ Explicit dependency on target 'RCTTypeSafety' in project 'Pods'
        ➜ Explicit dependency on target 'React-Core-prebuilt' in project 'Pods'
        ➜ Explicit dependency on target 'React-Fabric' in project 'Pods'
        ➜ Explicit dependency on target 'React-featureflags' in project 'Pods'
        ➜ Explicit dependency on target 'React-graphics' in project 'Pods'
        ➜ Explicit dependency on target 'React-ImageManager' in project 'Pods'
        ➜ Explicit dependency on target 'React-jsi' in project 'Pods'
        ➜ Explicit dependency on target 'React-jsiexecutor' in project 'Pods'
        ➜ Explicit dependency on target 'React-logger' in project 'Pods'
        ➜ Explicit dependency on target 'React-rendererdebug' in project 'Pods'
        ➜ Explicit dependency on target 'React-utils' in project 'Pods'
        ➜ Explicit dependency on target 'ReactCommon' in project 'Pods'
        ➜ Explicit dependency on target 'ReactNativeDependencies' in project 'Pods'
        ➜ Explicit dependency on target 'Yoga' in project 'Pods'
    Target 'React-FabricComponents' in project 'Pods'
        ➜ Explicit dependency on target 'hermes-engine' in project 'Pods'
        ➜ Explicit dependency on target 'RCTRequired' in project 'Pods'
        ➜ Explicit dependency on target 'RCTTypeSafety' in project 'Pods'
        ➜ Explicit dependency on target 'React-Core' in project 'Pods'
        ➜ Explicit dependency on target 'React-Core-prebuilt' in project 'Pods'
        ➜ Explicit dependency on target 'React-cxxreact' in project 'Pods'
        ➜ Explicit dependency on target 'React-debug' in project 'Pods'
        ➜ Explicit dependency on target 'React-Fabric' in project 'Pods'
        ➜ Explicit dependency on target 'React-featureflags' in project 'Pods'
        ➜ Explicit dependency on target 'React-graphics' in project 'Pods'
        ➜ Explicit dependency on target 'React-jsi' in project 'Pods'
        ➜ Explicit dependency on target 'React-jsiexecutor' in project 'Pods'
        ➜ Explicit dependency on target 'React-logger' in project 'Pods'
        ➜ Explicit dependency on target 'React-RCTFBReactNativeSpec' in project 'Pods'
        ➜ Explicit dependency on target 'React-rendererdebug' in project 'Pods'
        ➜ Explicit dependency on target 'React-runtimescheduler' in project 'Pods'
        ➜ Explicit dependency on target 'React-utils' in project 'Pods'
        ➜ Explicit dependency on target 'ReactCommon' in project 'Pods'
        ➜ Explicit dependency on target 'ReactNativeDependencies' in project 'Pods'
        ➜ Explicit dependency on target 'Yoga' in project 'Pods'
    Target 'React-RCTFBReactNativeSpec' in project 'Pods'
        ➜ Explicit dependency on target 'hermes-engine' in project 'Pods'
        ➜ Explicit dependency on target 'RCTRequired' in project 'Pods'
        ➜ Explicit dependency on target 'RCTTypeSafety' in project 'Pods'
        ➜ Explicit dependency on target 'React-Core' in project 'Pods'
        ➜ Explicit dependency on target 'React-Core-prebuilt' in project 'Pods'
        ➜ Explicit dependency on target 'React-debug' in project 'Pods'
        ➜ Explicit dependency on target 'React-Fabric' in project 'Pods'
        ➜ Explicit dependency on target 'React-featureflags' in project 'Pods'
        ➜ Explicit dependency on target 'React-graphics' in project 'Pods'
        ➜ Explicit dependency on target 'React-jsi' in project 'Pods'
        ➜ Explicit dependency on target 'React-NativeModulesApple' in project 'Pods'
        ➜ Explicit dependency on target 'React-rendererdebug' in project 'Pods'
        ➜ Explicit dependency on target 'React-utils' in project 'Pods'
        ➜ Explicit dependency on target 'ReactCommon' in project 'Pods'
        ➜ Explicit dependency on target 'ReactNativeDependencies' in project 'Pods'
        ➜ Explicit dependency on target 'Yoga' in project 'Pods'
    Target 'RCTSwiftUIWrapper' in project 'Pods'
        ➜ Explicit dependency on target 'RCTSwiftUI' in project 'Pods'
    Target 'RCTSwiftUI' in project 'Pods' (no dependencies)
    Target 'React-NativeModulesApple' in project 'Pods'
        ➜ Explicit dependency on target 'hermes-engine' in project 'Pods'
        ➜ Explicit dependency on target 'React-callinvoker' in project 'Pods'
        ➜ Explicit dependency on target 'React-Core' in project 'Pods'
        ➜ Explicit dependency on target 'React-Core-prebuilt' in project 'Pods'
        ➜ Explicit dependency on target 'React-cxxreact' in project 'Pods'
        ➜ Explicit dependency on target 'React-debug' in project 'Pods'
        ➜ Explicit dependency on target 'React-featureflags' in project 'Pods'
        ➜ Explicit dependency on target 'React-jsi' in project 'Pods'
        ➜ Explicit dependency on target 'React-jsinspector' in project 'Pods'
        ➜ Explicit dependency on target 'React-jsinspectorcdp' in project 'Pods'
        ➜ Explicit dependency on target 'React-runtimeexecutor' in project 'Pods'
        ➜ Explicit dependency on target 'ReactCommon' in project 'Pods'
        ➜ Explicit dependency on target 'ReactNativeDependencies' in project 'Pods'
    Target 'React-ImageManager' in project 'Pods'
        ➜ Explicit dependency on target 'React-Core' in project 'Pods'
        ➜ Explicit dependency on target 'React-Core-prebuilt' in project 'Pods'
        ➜ Explicit dependency on target 'React-debug' in project 'Pods'
        ➜ Explicit dependency on target 'React-Fabric' in project 'Pods'
        ➜ Explicit dependency on target 'React-graphics' in project 'Pods'
        ➜ Explicit dependency on target 'React-rendererdebug' in project 'Pods'
        ➜ Explicit dependency on target 'React-utils' in project 'Pods'
        ➜ Explicit dependency on target 'ReactNativeDependencies' in project 'Pods'
    Target 'React-Fabric' in project 'Pods'
        ➜ Explicit dependency on target 'hermes-engine' in project 'Pods'
        ➜ Explicit dependency on target 'RCTRequired' in project 'Pods'
        ➜ Explicit dependency on target 'RCTTypeSafety' in project 'Pods'
        ➜ Explicit dependency on target 'React-Core' in project 'Pods'
        ➜ Explicit dependency on target 'React-Core-prebuilt' in project 'Pods'
        ➜ Explicit dependency on target 'React-cxxreact' in project 'Pods'
        ➜ Explicit dependency on target 'React-debug' in project 'Pods'
        ➜ Explicit dependency on target 'React-featureflags' in project 'Pods'
        ➜ Explicit dependency on target 'React-graphics' in project 'Pods'
        ➜ Explicit dependency on target 'React-jsi' in project 'Pods'
        ➜ Explicit dependency on target 'React-jsiexecutor' in project 'Pods'
        ➜ Explicit dependency on target 'React-jsinspectortracing' in project 'Pods'
        ➜ Explicit dependency on target 'React-logger' in project 'Pods'
        ➜ Explicit dependency on target 'React-performancecdpmetrics' in project 'Pods'
        ➜ Explicit dependency on target 'React-performancetimeline' in project 'Pods'
        ➜ Explicit dependency on target 'React-rendererconsistency' in project 'Pods'
        ➜ Explicit dependency on target 'React-renderercss' in project 'Pods'
        ➜ Explicit dependency on target 'React-rendererdebug' in project 'Pods'
        ➜ Explicit dependency on target 'React-runtimeexecutor' in project 'Pods'
        ➜ Explicit dependency on target 'React-runtimescheduler' in project 'Pods'
        ➜ Explicit dependency on target 'React-utils' in project 'Pods'
        ➜ Explicit dependency on target 'ReactCommon' in project 'Pods'
        ➜ Explicit dependency on target 'ReactNativeDependencies' in project 'Pods'
        ➜ Explicit dependency on target 'Yoga' in project 'Pods'
    Target 'React-renderercss' in project 'Pods'
        ➜ Explicit dependency on target 'React-debug' in project 'Pods'
        ➜ Explicit dependency on target 'React-utils' in project 'Pods'
    Target 'React-performancecdpmetrics' in project 'Pods'
        ➜ Explicit dependency on target 'hermes-engine' in project 'Pods'
        ➜ Explicit dependency on target 'React-Core-prebuilt' in project 'Pods'
        ➜ Explicit dependency on target 'React-jsi' in project 'Pods'
        ➜ Explicit dependency on target 'React-performancetimeline' in project 'Pods'
        ➜ Explicit dependency on target 'React-runtimeexecutor' in project 'Pods'
        ➜ Explicit dependency on target 'React-timing' in project 'Pods'
        ➜ Explicit dependency on target 'ReactNativeDependencies' in project 'Pods'
    Target 'React-graphics' in project 'Pods'
        ➜ Explicit dependency on target 'hermes-engine' in project 'Pods'
        ➜ Explicit dependency on target 'React-Core-prebuilt' in project 'Pods'
        ➜ Explicit dependency on target 'React-featureflags' in project 'Pods'
        ➜ Explicit dependency on target 'React-jsi' in project 'Pods'
        ➜ Explicit dependency on target 'React-jsiexecutor' in project 'Pods'
        ➜ Explicit dependency on target 'React-rendererdebug' in project 'Pods'
        ➜ Explicit dependency on target 'React-utils' in project 'Pods'
        ➜ Explicit dependency on target 'ReactNativeDependencies' in project 'Pods'
    Target 'RCTTypeSafety' in project 'Pods'
        ➜ Explicit dependency on target 'FBLazyVector' in project 'Pods'
        ➜ Explicit dependency on target 'RCTRequired' in project 'Pods'
        ➜ Explicit dependency on target 'React-Core' in project 'Pods'
    Target 'React-Core' in project 'Pods'
        ➜ Explicit dependency on target 'hermes-engine' in project 'Pods'
        ➜ Explicit dependency on target 'RCTDeprecation' in project 'Pods'
        ➜ Explicit dependency on target 'React-Core-prebuilt' in project 'Pods'
        ➜ Explicit dependency on target 'React-Core-React-Core_privacy' in project 'Pods'
        ➜ Explicit dependency on target 'React-cxxreact' in project 'Pods'
        ➜ Explicit dependency on target 'React-featureflags' in project 'Pods'
        ➜ Explicit dependency on target 'React-hermes' in project 'Pods'
        ➜ Explicit dependency on target 'React-jsi' in project 'Pods'
        ➜ Explicit dependency on target 'React-jsiexecutor' in project 'Pods'
        ➜ Explicit dependency on target 'React-jsinspector' in project 'Pods'
        ➜ Explicit dependency on target 'React-jsinspectorcdp' in project 'Pods'
        ➜ Explicit dependency on target 'React-jsitooling' in project 'Pods'
        ➜ Explicit dependency on target 'React-perflogger' in project 'Pods'
        ➜ Explicit dependency on target 'React-runtimeexecutor' in project 'Pods'
        ➜ Explicit dependency on target 'React-runtimescheduler' in project 'Pods'
        ➜ Explicit dependency on target 'React-utils' in project 'Pods'
        ➜ Explicit dependency on target 'ReactNativeDependencies' in project 'Pods'
        ➜ Explicit dependency on target 'Yoga' in project 'Pods'
    Target 'Yoga' in project 'Pods' (no dependencies)
    Target 'React-runtimescheduler' in project 'Pods'
        ➜ Explicit dependency on target 'hermes-engine' in project 'Pods'
        ➜ Explicit dependency on target 'React-callinvoker' in project 'Pods'
        ➜ Explicit dependency on target 'React-Core-prebuilt' in project 'Pods'
        ➜ Explicit dependency on target 'React-cxxreact' in project 'Pods'
        ➜ Explicit dependency on target 'React-debug' in project 'Pods'
        ➜ Explicit dependency on target 'React-featureflags' in project 'Pods'
        ➜ Explicit dependency on target 'React-jsi' in project 'Pods'
        ➜ Explicit dependency on target 'React-jsinspectortracing' in project 'Pods'
        ➜ Explicit dependency on target 'React-performancetimeline' in project 'Pods'
        ➜ Explicit dependency on target 'React-rendererconsistency' in project 'Pods'
        ➜ Explicit dependency on target 'React-rendererdebug' in project 'Pods'
        ➜ Explicit dependency on target 'React-runtimeexecutor' in project 'Pods'
        ➜ Explicit dependency on target 'React-timing' in project 'Pods'
        ➜ Explicit dependency on target 'React-utils' in project 'Pods'
        ➜ Explicit dependency on target 'ReactNativeDependencies' in project 'Pods'
    Target 'React-rendererdebug' in project 'Pods'
        ➜ Explicit dependency on target 'React-Core-prebuilt' in project 'Pods'
        ➜ Explicit dependency on target 'React-debug' in project 'Pods'
        ➜ Explicit dependency on target 'ReactNativeDependencies' in project 'Pods'
    Target 'React-rendererconsistency' in project 'Pods' (no dependencies)
    Target 'React-performancetimeline' in project 'Pods'
        ➜ Explicit dependency on target 'React-Core-prebuilt' in project 'Pods'
        ➜ Explicit dependency on target 'React-featureflags' in project 'Pods'
        ➜ Explicit dependency on target 'React-jsinspector' in project 'Pods'
        ➜ Explicit dependency on target 'React-jsinspectortracing' in project 'Pods'
        ➜ Explicit dependency on target 'React-perflogger' in project 'Pods'
        ➜ Explicit dependency on target 'React-timing' in project 'Pods'
        ➜ Explicit dependency on target 'ReactNativeDependencies' in project 'Pods'
    Target 'React-hermes' in project 'Pods'
        ➜ Explicit dependency on target 'hermes-engine' in project 'Pods'
        ➜ Explicit dependency on target 'React-Core-prebuilt' in project 'Pods'
        ➜ Explicit dependency on target 'React-cxxreact' in project 'Pods'
        ➜ Explicit dependency on target 'React-jsi' in project 'Pods'
        ➜ Explicit dependency on target 'React-jsiexecutor' in project 'Pods'
        ➜ Explicit dependency on target 'React-jsinspector' in project 'Pods'
        ➜ Explicit dependency on target 'React-jsinspectorcdp' in project 'Pods'
        ➜ Explicit dependency on target 'React-jsinspectortracing' in project 'Pods'
        ➜ Explicit dependency on target 'React-jsitooling' in project 'Pods'
        ➜ Explicit dependency on target 'React-oscompat' in project 'Pods'
        ➜ Explicit dependency on target 'React-perflogger' in project 'Pods'
        ➜ Explicit dependency on target 'React-runtimeexecutor' in project 'Pods'
        ➜ Explicit dependency on target 'ReactNativeDependencies' in project 'Pods'
    Target 'React-jsiexecutor' in project 'Pods'
        ➜ Explicit dependency on target 'hermes-engine' in project 'Pods'
        ➜ Explicit dependency on target 'React-Core-prebuilt' in project 'Pods'
        ➜ Explicit dependency on target 'React-cxxreact' in project 'Pods'
        ➜ Explicit dependency on target 'React-debug' in project 'Pods'
        ➜ Explicit dependency on target 'React-jserrorhandler' in project 'Pods'
        ➜ Explicit dependency on target 'React-jsi' in project 'Pods'
        ➜ Explicit dependency on target 'React-jsinspector' in project 'Pods'
        ➜ Explicit dependency on target 'React-jsinspectorcdp' in project 'Pods'
        ➜ Explicit dependency on target 'React-jsinspectortracing' in project 'Pods'
        ➜ Explicit dependency on target 'React-jsitooling' in project 'Pods'
        ➜ Explicit dependency on target 'React-perflogger' in project 'Pods'
        ➜ Explicit dependency on target 'React-runtimeexecutor' in project 'Pods'
        ➜ Explicit dependency on target 'React-utils' in project 'Pods'
        ➜ Explicit dependency on target 'ReactNativeDependencies' in project 'Pods'
    Target 'React-jsitooling' in project 'Pods'
        ➜ Explicit dependency on target 'hermes-engine' in project 'Pods'
        ➜ Explicit dependency on target 'React-Core-prebuilt' in project 'Pods'
        ➜ Explicit dependency on target 'React-cxxreact' in project 'Pods'
        ➜ Explicit dependency on target 'React-debug' in project 'Pods'
        ➜ Explicit dependency on target 'React-jsi' in project 'Pods'
        ➜ Explicit dependency on target 'React-jsinspector' in project 'Pods'
        ➜ Explicit dependency on target 'React-jsinspectorcdp' in project 'Pods'
        ➜ Explicit dependency on target 'React-jsinspectortracing' in project 'Pods'
        ➜ Explicit dependency on target 'React-runtimeexecutor' in project 'Pods'
        ➜ Explicit dependency on target 'React-utils' in project 'Pods'
        ➜ Explicit dependency on target 'ReactNativeDependencies' in project 'Pods'
    Target 'React-jserrorhandler' in project 'Pods'
        ➜ Explicit dependency on target 'hermes-engine' in project 'Pods'
        ➜ Explicit dependency on target 'React-Core-prebuilt' in project 'Pods'
        ➜ Explicit dependency on target 'React-cxxreact' in project 'Pods'
        ➜ Explicit dependency on target 'React-debug' in project 'Pods'
        ➜ Explicit dependency on target 'React-featureflags' in project 'Pods'
        ➜ Explicit dependency on target 'React-jsi' in project 'Pods'
        ➜ Explicit dependency on target 'ReactCommon' in project 'Pods'
        ➜ Explicit dependency on target 'ReactNativeDependencies' in project 'Pods'
    Target 'ReactCommon' in project 'Pods'
        ➜ Explicit dependency on target 'hermes-engine' in project 'Pods'
        ➜ Explicit dependency on target 'React-callinvoker' in project 'Pods'
        ➜ Explicit dependency on target 'React-Core-prebuilt' in project 'Pods'
        ➜ Explicit dependency on target 'React-cxxreact' in project 'Pods'
        ➜ Explicit dependency on target 'React-debug' in project 'Pods'
        ➜ Explicit dependency on target 'React-featureflags' in project 'Pods'
        ➜ Explicit dependency on target 'React-jsi' in project 'Pods'
        ➜ Explicit dependency on target 'React-logger' in project 'Pods'
        ➜ Explicit dependency on target 'React-perflogger' in project 'Pods'
        ➜ Explicit dependency on target 'React-utils' in project 'Pods'
        ➜ Explicit dependency on target 'ReactNativeDependencies' in project 'Pods'
    Target 'React-cxxreact' in project 'Pods'
        ➜ Explicit dependency on target 'hermes-engine' in project 'Pods'
        ➜ Explicit dependency on target 'React-callinvoker' in project 'Pods'
        ➜ Explicit dependency on target 'React-Core-prebuilt' in project 'Pods'
        ➜ Explicit dependency on target 'React-cxxreact-React-cxxreact_privacy' in project 'Pods'
        ➜ Explicit dependency on target 'React-debug' in project 'Pods'
        ➜ Explicit dependency on target 'React-jsi' in project 'Pods'
        ➜ Explicit dependency on target 'React-jsinspector' in project 'Pods'
        ➜ Explicit dependency on target 'React-jsinspectorcdp' in project 'Pods'
        ➜ Explicit dependency on target 'React-jsinspectortracing' in project 'Pods'
        ➜ Explicit dependency on target 'React-logger' in project 'Pods'
        ➜ Explicit dependency on target 'React-perflogger' in project 'Pods'
        ➜ Explicit dependency on target 'React-runtimeexecutor' in project 'Pods'
        ➜ Explicit dependency on target 'React-timing' in project 'Pods'
        ➜ Explicit dependency on target 'React-utils' in project 'Pods'
        ➜ Explicit dependency on target 'ReactNativeDependencies' in project 'Pods'
    Target 'React-logger' in project 'Pods'
        ➜ Explicit dependency on target 'React-Core-prebuilt' in project 'Pods'
        ➜ Explicit dependency on target 'ReactNativeDependencies' in project 'Pods'
    Target 'React-jsinspector' in project 'Pods'
        ➜ Explicit dependency on target 'hermes-engine' in project 'Pods'
        ➜ Explicit dependency on target 'React-Core-prebuilt' in project 'Pods'
        ➜ Explicit dependency on target 'React-featureflags' in project 'Pods'
        ➜ Explicit dependency on target 'React-jsi' in project 'Pods'
        ➜ Explicit dependency on target 'React-jsinspectorcdp' in project 'Pods'
        ➜ Explicit dependency on target 'React-jsinspectornetwork' in project 'Pods'
        ➜ Explicit dependency on target 'React-jsinspectortracing' in project 'Pods'
        ➜ Explicit dependency on target 'React-oscompat' in project 'Pods'
        ➜ Explicit dependency on target 'React-perflogger' in project 'Pods'
        ➜ Explicit dependency on target 'React-runtimeexecutor' in project 'Pods'
        ➜ Explicit dependency on target 'React-utils' in project 'Pods'
        ➜ Explicit dependency on target 'ReactNativeDependencies' in project 'Pods'
    Target 'React-runtimeexecutor' in project 'Pods'
        ➜ Explicit dependency on target 'React-Core-prebuilt' in project 'Pods'
        ➜ Explicit dependency on target 'React-debug' in project 'Pods'
        ➜ Explicit dependency on target 'React-featureflags' in project 'Pods'
        ➜ Explicit dependency on target 'React-jsi' in project 'Pods'
        ➜ Explicit dependency on target 'React-utils' in project 'Pods'
        ➜ Explicit dependency on target 'ReactNativeDependencies' in project 'Pods'
    Target 'React-perflogger' in project 'Pods'
        ➜ Explicit dependency on target 'React-Core-prebuilt' in project 'Pods'
        ➜ Explicit dependency on target 'ReactNativeDependencies' in project 'Pods'
    Target 'React-jsinspectortracing' in project 'Pods'
        ➜ Explicit dependency on target 'hermes-engine' in project 'Pods'
        ➜ Explicit dependency on target 'React-Core-prebuilt' in project 'Pods'
        ➜ Explicit dependency on target 'React-jsi' in project 'Pods'
        ➜ Explicit dependency on target 'React-jsinspectornetwork' in project 'Pods'
        ➜ Explicit dependency on target 'React-oscompat' in project 'Pods'
        ➜ Explicit dependency on target 'React-timing' in project 'Pods'
        ➜ Explicit dependency on target 'React-utils' in project 'Pods'
        ➜ Explicit dependency on target 'ReactNativeDependencies' in project 'Pods'
    Target 'React-utils' in project 'Pods'
        ➜ Explicit dependency on target 'hermes-engine' in project 'Pods'
        ➜ Explicit dependency on target 'React-Core-prebuilt' in project 'Pods'
        ➜ Explicit dependency on target 'React-debug' in project 'Pods'
        ➜ Explicit dependency on target 'React-jsi' in project 'Pods'
        ➜ Explicit dependency on target 'ReactNativeDependencies' in project 'Pods'
    Target 'React-timing' in project 'Pods'
        ➜ Explicit dependency on target 'React-debug' in project 'Pods'
        ➜ Explicit dependency on target 'React-timing-React-timing_privacy' in project 'Pods'
    Target 'React-timing-React-timing_privacy' in project 'Pods' (no dependencies)
    Target 'React-oscompat' in project 'Pods' (no dependencies)
    Target 'React-jsinspectornetwork' in project 'Pods'
        ➜ Explicit dependency on target 'React-Core-prebuilt' in project 'Pods'
        ➜ Explicit dependency on target 'React-jsinspectorcdp' in project 'Pods'
        ➜ Explicit dependency on target 'ReactNativeDependencies' in project 'Pods'
    Target 'React-jsinspectorcdp' in project 'Pods'
        ➜ Explicit dependency on target 'React-Core-prebuilt' in project 'Pods'
        ➜ Explicit dependency on target 'ReactNativeDependencies' in project 'Pods'
    Target 'React-featureflags' in project 'Pods'
        ➜ Explicit dependency on target 'React-Core-prebuilt' in project 'Pods'
        ➜ Explicit dependency on target 'ReactNativeDependencies' in project 'Pods'
    Target 'React-jsi' in project 'Pods'
        ➜ Explicit dependency on target 'hermes-engine' in project 'Pods'
        ➜ Explicit dependency on target 'React-Core-prebuilt' in project 'Pods'
        ➜ Explicit dependency on target 'ReactNativeDependencies' in project 'Pods'
    Target 'React-debug' in project 'Pods' (no dependencies)
    Target 'React-cxxreact-React-cxxreact_privacy' in project 'Pods' (no dependencies)
    Target 'React-callinvoker' in project 'Pods' (no dependencies)
    Target 'React-Core-React-Core_privacy' in project 'Pods' (no dependencies)
    Target 'React-Core-prebuilt' in project 'Pods'
        ➜ Explicit dependency on target 'ReactNativeDependencies' in project 'Pods'
    Target 'ReactNativeDependencies' in project 'Pods' (no dependencies)
    Target 'RCTDeprecation' in project 'Pods' (no dependencies)
    Target 'hermes-engine' in project 'Pods' (no dependencies)
    Target 'FBLazyVector' in project 'Pods' (no dependencies)
    Target 'RCTRequired' in project 'Pods' (no dependencies)
    Target 'AsyncStorage-AsyncStorage_resources' in project 'Pods' (no dependencies)

GatherProvisioningInputs

CreateBuildDescription

ExecuteExternalTool /Applications/Xcode.app/Contents/Developer/Toolchains/XcodeDefault.xctoolchain/usr/bin/clang -v -E -dM -isysroot /Applications/Xcode.app/Contents/Developer/Platforms/iPhoneSimulator.platform/Developer/SDKs/iPhoneSimulator27.0.sdk -x c -c /dev/null

ExecuteExternalTool /Applications/Xcode.app/Contents/Developer/Toolchains/XcodeDefault.xctoolchain/usr/bin/clang -v -E -dM -arch arm64 -isysroot /Applications/Xcode.app/Contents/Developer/Platforms/iPhoneSimulator.platform/Developer/SDKs/iPhoneSimulator27.0.sdk -x objective-c++ -c /dev/null

ExecuteExternalTool /Applications/Xcode.app/Contents/Developer/Toolchains/XcodeDefault.xctoolchain/usr/bin/clang -v -E -dM -arch arm64 -isysroot /Applications/Xcode.app/Contents/Developer/Platforms/iPhoneSimulator.platform/Developer/SDKs/iPhoneSimulator27.0.sdk -x objective-c -c /dev/null

ExecuteExternalTool /Applications/Xcode.app/Contents/Developer/Toolchains/XcodeDefault.xctoolchain/usr/bin/clang -v -E -dM -arch arm64 -isysroot /Applications/Xcode.app/Contents/Developer/Platforms/iPhoneSimulator.platform/Developer/SDKs/iPhoneSimulator27.0.sdk -x c -c /dev/null

ExecuteExternalTool /Applications/Xcode.app/Contents/Developer/usr/bin/ibtool --version --output-format xml1

ExecuteExternalTool /Applications/Xcode.app/Contents/Developer/Toolchains/XcodeDefault.xctoolchain/usr/bin/swiftc --version

ExecuteExternalTool /Applications/Xcode.app/Contents/Developer/Toolchains/XcodeDefault.xctoolchain/usr/bin/clang -v -E -dM -arch arm64 -isysroot /Applications/Xcode.app/Contents/Developer/Platforms/iPhoneSimulator.platform/Developer/SDKs/iPhoneSimulator27.0.sdk -x c++ -c /dev/null

ExecuteExternalTool /Applications/Xcode.app/Contents/Developer/Toolchains/XcodeDefault.xctoolchain/usr/bin/libtool -V

ExecuteExternalTool /Applications/Xcode.app/Contents/Developer/usr/bin/actool --print-asset-tag-combinations --output-format xml1 /Users/sparkles/Documents/CodingFiles/FullStack/expensioApp/frontend/ios/Expensio/Images.xcassets

ExecuteExternalTool /Applications/Xcode.app/Contents/Developer/Toolchains/XcodeDefault.xctoolchain/usr/bin/clang -v -E -dM -arch x86_64 -isysroot /Applications/Xcode.app/Contents/Developer/Platforms/iPhoneSimulator.platform/Developer/SDKs/iPhoneSimulator27.0.sdk -x objective-c++ -c /dev/null

ExecuteExternalTool /Applications/Xcode.app/Contents/Developer/Toolchains/XcodeDefault.xctoolchain/usr/bin/clang -v -E -dM -arch x86_64 -isysroot /Applications/Xcode.app/Contents/Developer/Platforms/iPhoneSimulator.platform/Developer/SDKs/iPhoneSimulator27.0.sdk -x objective-c -c /dev/null

ExecuteExternalTool /Applications/Xcode.app/Contents/Developer/Toolchains/XcodeDefault.xctoolchain/usr/bin/clang -v -E -dM -arch x86_64 -isysroot /Applications/Xcode.app/Contents/Developer/Platforms/iPhoneSimulator.platform/Developer/SDKs/iPhoneSimulator27.0.sdk -x c -c /dev/null

ExecuteExternalTool /Applications/Xcode.app/Contents/Developer/Toolchains/XcodeDefault.xctoolchain/usr/bin/clang -v -E -dM -arch x86_64 -isysroot /Applications/Xcode.app/Contents/Developer/Platforms/iPhoneSimulator.platform/Developer/SDKs/iPhoneSimulator27.0.sdk -x c++ -c /dev/null

ExecuteExternalTool /Applications/Xcode.app/Contents/Developer/usr/bin/actool --version --output-format xml1

ExecuteExternalTool /Applications/Xcode.app/Contents/Developer/Toolchains/XcodeDefault.xctoolchain/usr/bin/ld -version_details

Build description signature: 9174b875bde82fa550a18faa188b915b
Build description path: /Users/sparkles/Library/Developer/Xcode/DerivedData/Expensio-futtgngxcysvvhcljmosbeftqmyc/Build/Intermediates.noindex/XCBuildData/9174b875bde82fa550a18faa188b915b.xcbuilddata
CreateBuildDirectory /Users/sparkles/Library/Developer/Xcode/DerivedData/SDKExplicitPrecompiledModules
    cd /Users/sparkles/Documents/CodingFiles/FullStack/expensioApp/frontend/ios
    builtin-create-build-directory /Users/sparkles/Library/Developer/Xcode/DerivedData/SDKExplicitPrecompiledModules

CreateBuildDirectory /Users/sparkles/Library/Developer/Xcode/DerivedData/ModuleCache.noindex
    cd /Users/sparkles/Documents/CodingFiles/FullStack/expensioApp/frontend/ios
    builtin-create-build-directory /Users/sparkles/Library/Developer/Xcode/DerivedData/ModuleCache.noindex

CreateBuildDirectory /Users/sparkles/Library/Developer/Xcode/DerivedData/CompilationCache.noindex
    cd /Users/sparkles/Documents/CodingFiles/FullStack/expensioApp/frontend/ios
    builtin-create-build-directory /Users/sparkles/Library/Developer/Xcode/DerivedData/CompilationCache.noindex

ClangStatCache /Applications/Xcode.app/Contents/Developer/Toolchains/XcodeDefault.xctoolchain/usr/bin/clang-stat-cache /Applications/Xcode.app/Contents/Developer/Platforms/iPhoneSimulator.platform/Developer/SDKs/iPhoneSimulator27.0.sdk /Users/sparkles/Library/Developer/Xcode/DerivedData/SDKStatCaches.noindex/iphonesimulator27.0-24A430-8dc58220667be655e1bcc261a7455254.sdkstatcache
    cd /Users/sparkles/Documents/CodingFiles/FullStack/expensioApp/frontend/ios
    /Applications/Xcode.app/Contents/Developer/Toolchains/XcodeDefault.xctoolchain/usr/bin/clang-stat-cache /Applications/Xcode.app/Contents/Developer/Platforms/iPhoneSimulator.platform/Developer/SDKs/iPhoneSimulator27.0.sdk -o /Users/sparkles/Library/Developer/Xcode/DerivedData/SDKStatCaches.noindex/iphonesimulator27.0-24A430-8dc58220667be655e1bcc261a7455254.sdkstatcache

CreateBuildDirectory /Users/sparkles/Library/Developer/Xcode/DerivedData/Expensio-futtgngxcysvvhcljmosbeftqmyc/Build/Products
    cd /Users/sparkles/Documents/CodingFiles/FullStack/expensioApp/frontend/ios
    builtin-create-build-directory /Users/sparkles/Library/Developer/Xcode/DerivedData/Expensio-futtgngxcysvvhcljmosbeftqmyc/Build/Products

CreateBuildDirectory /Users/sparkles/Library/Developer/Xcode/DerivedData/Expensio-futtgngxcysvvhcljmosbeftqmyc/Build/Intermediates.noindex
    cd /Users/sparkles/Documents/CodingFiles/FullStack/expensioApp/frontend/ios
    builtin-create-build-directory /Users/sparkles/Library/Developer/Xcode/DerivedData/Expensio-futtgngxcysvvhcljmosbeftqmyc/Build/Intermediates.noindex

CreateBuildDirectory /Users/sparkles/Library/Developer/Xcode/DerivedData/Expensio-futtgngxcysvvhcljmosbeftqmyc/Build/Products/Debug-iphonesimulator
    cd /Users/sparkles/Documents/CodingFiles/FullStack/expensioApp/frontend/ios
    builtin-create-build-directory /Users/sparkles/Library/Developer/Xcode/DerivedData/Expensio-futtgngxcysvvhcljmosbeftqmyc/Build/Products/Debug-iphonesimulator

WriteAuxiliaryFile /Users/sparkles/Library/Developer/Xcode/DerivedData/Expensio-futtgngxcysvvhcljmosbeftqmyc/Build/Intermediates.noindex/Expensio.build/Debug-iphonesimulator/Expensio-044e63bbdf9aedc70cce4c0aeb8b4f3c-VFS-iphonesimulator/all-product-headers.yaml
    cd /Users/sparkles/Documents/CodingFiles/FullStack/expensioApp/frontend/ios
    write-file /Users/sparkles/Library/Developer/Xcode/DerivedData/Expensio-futtgngxcysvvhcljmosbeftqmyc/Build/Intermediates.noindex/Expensio.build/Debug-iphonesimulator/Expensio-044e63bbdf9aedc70cce4c0aeb8b4f3c-VFS-iphonesimulator/all-product-headers.yaml

WriteAuxiliaryFile /Users/sparkles/Library/Developer/Xcode/DerivedData/Expensio-futtgngxcysvvhcljmosbeftqmyc/Build/Intermediates.noindex/Pods.build/Debug-iphonesimulator/Pods-8699adb1dd336b26511df848a716bd42-VFS-iphonesimulator/all-product-headers.yaml
    cd /Users/sparkles/Documents/CodingFiles/FullStack/expensioApp/frontend/ios
    write-file /Users/sparkles/Library/Developer/Xcode/DerivedData/Expensio-futtgngxcysvvhcljmosbeftqmyc/Build/Intermediates.noindex/Pods.build/Debug-iphonesimulator/Pods-8699adb1dd336b26511df848a716bd42-VFS-iphonesimulator/all-product-headers.yaml

CreateBuildDirectory /Users/sparkles/Library/Developer/Xcode/DerivedData/Expensio-futtgngxcysvvhcljmosbeftqmyc/Build/Intermediates.noindex/SwiftExplicitPrecompiledModules
    cd /Users/sparkles/Documents/CodingFiles/FullStack/expensioApp/frontend/ios
    builtin-create-build-directory /Users/sparkles/Library/Developer/Xcode/DerivedData/Expensio-futtgngxcysvvhcljmosbeftqmyc/Build/Intermediates.noindex/SwiftExplicitPrecompiledModules

CreateBuildDirectory /Users/sparkles/Library/Developer/Xcode/DerivedData/Expensio-futtgngxcysvvhcljmosbeftqmyc/Build/Intermediates.noindex/PrecompiledHeaders
    cd /Users/sparkles/Documents/CodingFiles/FullStack/expensioApp/frontend/ios
    builtin-create-build-directory /Users/sparkles/Library/Developer/Xcode/DerivedData/Expensio-futtgngxcysvvhcljmosbeftqmyc/Build/Intermediates.noindex/PrecompiledHeaders

CreateBuildDirectory /Users/sparkles/Library/Developer/Xcode/DerivedData/Expensio-futtgngxcysvvhcljmosbeftqmyc/Build/Intermediates.noindex/ExplicitPrecompiledModules
    cd /Users/sparkles/Documents/CodingFiles/FullStack/expensioApp/frontend/ios
    builtin-create-build-directory /Users/sparkles/Library/Developer/Xcode/DerivedData/Expensio-futtgngxcysvvhcljmosbeftqmyc/Build/Intermediates.noindex/ExplicitPrecompiledModules

CreateBuildDirectory /Users/sparkles/Library/Developer/Xcode/DerivedData/Expensio-futtgngxcysvvhcljmosbeftqmyc/Build/Intermediates.noindex/EagerLinkingTBDs/Debug-iphonesimulator
    cd /Users/sparkles/Documents/CodingFiles/FullStack/expensioApp/frontend/ios
    builtin-create-build-directory /Users/sparkles/Library/Developer/Xcode/DerivedData/Expensio-futtgngxcysvvhcljmosbeftqmyc/Build/Intermediates.noindex/EagerLinkingTBDs/Debug-iphonesimulator

WriteAuxiliaryFile /Users/sparkles/Library/Developer/Xcode/DerivedData/Expensio-futtgngxcysvvhcljmosbeftqmyc/Build/Intermediates.noindex/Pods.build/Debug-iphonesimulator/hermes-engine.build/Script-46EB2E0001AAF0.sh (in target 'hermes-engine' from project 'Pods')
    cd /Users/sparkles/Documents/CodingFiles/FullStack/expensioApp/frontend/ios/Pods
    write-file /Users/sparkles/Library/Developer/Xcode/DerivedData/Expensio-futtgngxcysvvhcljmosbeftqmyc/Build/Intermediates.noindex/Pods.build/Debug-iphonesimulator/hermes-engine.build/Script-46EB2E0001AAF0.sh

WriteAuxiliaryFile /Users/sparkles/Library/Developer/Xcode/DerivedData/Expensio-futtgngxcysvvhcljmosbeftqmyc/Build/Intermediates.noindex/Pods.build/Debug-iphonesimulator/hermes-engine.build/OutputFileList-46EB2E0001AAF0-hermes-engine-xcframeworks-output-files-3454c92244dd74b828a0f0b43a7c02be-resolved.xcfilelist (in target 'hermes-engine' from project 'Pods')
    cd /Users/sparkles/Documents/CodingFiles/FullStack/expensioApp/frontend/ios/Pods
    write-file /Users/sparkles/Library/Developer/Xcode/DerivedData/Expensio-futtgngxcysvvhcljmosbeftqmyc/Build/Intermediates.noindex/Pods.build/Debug-iphonesimulator/hermes-engine.build/OutputFileList-46EB2E0001AAF0-hermes-engine-xcframeworks-output-files-3454c92244dd74b828a0f0b43a7c02be-resolved.xcfilelist

WriteAuxiliaryFile /Users/sparkles/Library/Developer/Xcode/DerivedData/Expensio-futtgngxcysvvhcljmosbeftqmyc/Build/Intermediates.noindex/Pods.build/Debug-iphonesimulator/hermes-engine.build/Script-46EB2E0001AB00.sh (in target 'hermes-engine' from project 'Pods')
    cd /Users/sparkles/Documents/CodingFiles/FullStack/expensioApp/frontend/ios/Pods
    write-file /Users/sparkles/Library/Developer/Xcode/DerivedData/Expensio-futtgngxcysvvhcljmosbeftqmyc/Build/Intermediates.noindex/Pods.build/Debug-iphonesimulator/hermes-engine.build/Script-46EB2E0001AB00.sh

WriteAuxiliaryFile /Users/sparkles/Library/Developer/Xcode/DerivedData/Expensio-futtgngxcysvvhcljmosbeftqmyc/Build/Intermediates.noindex/Pods.build/Debug-iphonesimulator/hermes-engine.build/InputFileList-46EB2E0001AAF0-hermes-engine-xcframeworks-input-files-7daa21fd2a54c7e776f8f4661d22dfa8-resolved.xcfilelist (in target 'hermes-engine' from project 'Pods')
    cd /Users/sparkles/Documents/CodingFiles/FullStack/expensioApp/frontend/ios/Pods
    write-file /Users/sparkles/Library/Developer/Xcode/DerivedData/Expensio-futtgngxcysvvhcljmosbeftqmyc/Build/Intermediates.noindex/Pods.build/Debug-iphonesimulator/hermes-engine.build/InputFileList-46EB2E0001AAF0-hermes-engine-xcframeworks-input-files-7daa21fd2a54c7e776f8f4661d22dfa8-resolved.xcfilelist

WriteAuxiliaryFile /Users/sparkles/Library/Developer/Xcode/DerivedData/Expensio-futtgngxcysvvhcljmosbeftqmyc/Build/Intermediates.noindex/Pods.build/Debug-iphonesimulator/ReactNativeDependencies.build/Script-46EB2E0001AAD0.sh (in target 'ReactNativeDependencies' from project 'Pods')
    cd /Users/sparkles/Documents/CodingFiles/FullStack/expensioApp/frontend/ios/Pods
    write-file /Users/sparkles/Library/Developer/Xcode/DerivedData/Expensio-futtgngxcysvvhcljmosbeftqmyc/Build/Intermediates.noindex/Pods.build/Debug-iphonesimulator/ReactNativeDependencies.build/Script-46EB2E0001AAD0.sh

WriteAuxiliaryFile /Users/sparkles/Library/Developer/Xcode/DerivedData/Expensio-futtgngxcysvvhcljmosbeftqmyc/Build/Intermediates.noindex/Pods.build/Debug-iphonesimulator/ReactNativeDependencies.build/Script-46EB2E0001AAE0.sh (in target 'ReactNativeDependencies' from project 'Pods')
    cd /Users/sparkles/Documents/CodingFiles/FullStack/expensioApp/frontend/ios/Pods
    write-file /Users/sparkles/Library/Developer/Xcode/DerivedData/Expensio-futtgngxcysvvhcljmosbeftqmyc/Build/Intermediates.noindex/Pods.build/Debug-iphonesimulator/ReactNativeDependencies.build/Script-46EB2E0001AAE0.sh

WriteAuxiliaryFile /Users/sparkles/Library/Developer/Xcode/DerivedData/Expensio-futtgngxcysvvhcljmosbeftqmyc/Build/Intermediates.noindex/Pods.build/Debug-iphonesimulator/ReactNativeDependencies.build/OutputFileList-46EB2E0001AAD0-ReactNativeDependencies-xcframeworks-output-files-62b558623145d274173cef80074287eb-resolved.xcfilelist (in target 'ReactNativeDependencies' from project 'Pods')
    cd /Users/sparkles/Documents/CodingFiles/FullStack/expensioApp/frontend/ios/Pods
    write-file /Users/sparkles/Library/Developer/Xcode/DerivedData/Expensio-futtgngxcysvvhcljmosbeftqmyc/Build/Intermediates.noindex/Pods.build/Debug-iphonesimulator/ReactNativeDependencies.build/OutputFileList-46EB2E0001AAD0-ReactNativeDependencies-xcframeworks-output-files-62b558623145d274173cef80074287eb-resolved.xcfilelist

WriteAuxiliaryFile /Users/sparkles/Library/Developer/Xcode/DerivedData/Expensio-futtgngxcysvvhcljmosbeftqmyc/Build/Intermediates.noindex/Pods.build/Debug-iphonesimulator/ReactNativeDependencies.build/InputFileList-46EB2E0001AAD0-ReactNativeDependencies-xcframeworks-input-files-a8a301164daac2af2a1566d156b7feac-resolved.xcfilelist (in target 'ReactNativeDependencies' from project 'Pods')
    cd /Users/sparkles/Documents/CodingFiles/FullStack/expensioApp/frontend/ios/Pods
    write-file /Users/sparkles/Library/Developer/Xcode/DerivedData/Expensio-futtgngxcysvvhcljmosbeftqmyc/Build/Intermediates.noindex/Pods.build/Debug-iphonesimulator/ReactNativeDependencies.build/InputFileList-46EB2E0001AAD0-ReactNativeDependencies-xcframeworks-input-files-a8a301164daac2af2a1566d156b7feac-resolved.xcfilelist

WriteAuxiliaryFile /Users/sparkles/Library/Developer/Xcode/DerivedData/Expensio-futtgngxcysvvhcljmosbeftqmyc/Build/Intermediates.noindex/Pods.build/Debug-iphonesimulator/React-RCTFBReactNativeSpec.build/Script-46EB2E0001AAB0.sh (in target 'React-RCTFBReactNativeSpec' from project 'Pods')
    cd /Users/sparkles/Documents/CodingFiles/FullStack/expensioApp/frontend/ios/Pods
    write-file /Users/sparkles/Library/Developer/Xcode/DerivedData/Expensio-futtgngxcysvvhcljmosbeftqmyc/Build/Intermediates.noindex/Pods.build/Debug-iphonesimulator/React-RCTFBReactNativeSpec.build/Script-46EB2E0001AAB0.sh

WriteAuxiliaryFile /Users/sparkles/Library/Developer/Xcode/DerivedData/Expensio-futtgngxcysvvhcljmosbeftqmyc/Build/Intermediates.noindex/Pods.build/Debug-iphonesimulator/React-Core-prebuilt.build/Script-46EB2E0001AA90.sh (in target 'React-Core-prebuilt' from project 'Pods')
    cd /Users/sparkles/Documents/CodingFiles/FullStack/expensioApp/frontend/ios/Pods
    write-file /Users/sparkles/Library/Developer/Xcode/DerivedData/Expensio-futtgngxcysvvhcljmosbeftqmyc/Build/Intermediates.noindex/Pods.build/Debug-iphonesimulator/React-Core-prebuilt.build/Script-46EB2E0001AA90.sh

WriteAuxiliaryFile /Users/sparkles/Library/Developer/Xcode/DerivedData/Expensio-futtgngxcysvvhcljmosbeftqmyc/Build/Intermediates.noindex/Pods.build/Debug-iphonesimulator/React-Core-prebuilt.build/Script-46EB2E0001AAA0.sh (in target 'React-Core-prebuilt' from project 'Pods')
    cd /Users/sparkles/Documents/CodingFiles/FullStack/expensioApp/frontend/ios/Pods
    write-file /Users/sparkles/Library/Developer/Xcode/DerivedData/Expensio-futtgngxcysvvhcljmosbeftqmyc/Build/Intermediates.noindex/Pods.build/Debug-iphonesimulator/React-Core-prebuilt.build/Script-46EB2E0001AAA0.sh

WriteAuxiliaryFile /Users/sparkles/Library/Developer/Xcode/DerivedData/Expensio-futtgngxcysvvhcljmosbeftqmyc/Build/Intermediates.noindex/Pods.build/Debug-iphonesimulator/React-Core-prebuilt.build/OutputFileList-46EB2E0001AA90-React-Core-prebuilt-xcframeworks-output-files-d73abb8f00bd5f4d9885c3c9d65f73ea-resolved.xcfilelist (in target 'React-Core-prebuilt' from project 'Pods')
    cd /Users/sparkles/Documents/CodingFiles/FullStack/expensioApp/frontend/ios/Pods
    write-file /Users/sparkles/Library/Developer/Xcode/DerivedData/Expensio-futtgngxcysvvhcljmosbeftqmyc/Build/Intermediates.noindex/Pods.build/Debug-iphonesimulator/React-Core-prebuilt.build/OutputFileList-46EB2E0001AA90-React-Core-prebuilt-xcframeworks-output-files-d73abb8f00bd5f4d9885c3c9d65f73ea-resolved.xcfilelist

WriteAuxiliaryFile /Users/sparkles/Library/Developer/Xcode/DerivedData/Expensio-futtgngxcysvvhcljmosbeftqmyc/Build/Intermediates.noindex/Pods.build/Debug-iphonesimulator/React-Core-prebuilt.build/InputFileList-46EB2E0001AA90-React-Core-prebuilt-xcframeworks-input-files-41622cc3abbf117f4663a1a9f782f4e9-resolved.xcfilelist (in target 'React-Core-prebuilt' from project 'Pods')
    cd /Users/sparkles/Documents/CodingFiles/FullStack/expensioApp/frontend/ios/Pods
    write-file /Users/sparkles/Library/Developer/Xcode/DerivedData/Expensio-futtgngxcysvvhcljmosbeftqmyc/Build/Intermediates.noindex/Pods.build/Debug-iphonesimulator/React-Core-prebuilt.build/InputFileList-46EB2E0001AA90-React-Core-prebuilt-xcframeworks-input-files-41622cc3abbf117f4663a1a9f782f4e9-resolved.xcfilelist

WriteAuxiliaryFile /Users/sparkles/Library/Developer/Xcode/DerivedData/Expensio-futtgngxcysvvhcljmosbeftqmyc/Build/Intermediates.noindex/Pods.build/Debug-iphonesimulator/ExpoModulesWorklets.build/Script-46EB2E0001AA80.sh (in target 'ExpoModulesWorklets' from project 'Pods')
    cd /Users/sparkles/Documents/CodingFiles/FullStack/expensioApp/frontend/ios/Pods
    write-file /Users/sparkles/Library/Developer/Xcode/DerivedData/Expensio-futtgngxcysvvhcljmosbeftqmyc/Build/Intermediates.noindex/Pods.build/Debug-iphonesimulator/ExpoModulesWorklets.build/Script-46EB2E0001AA80.sh

WriteAuxiliaryFile /Users/sparkles/Library/Developer/Xcode/DerivedData/Expensio-futtgngxcysvvhcljmosbeftqmyc/Build/Intermediates.noindex/Pods.build/Debug-iphonesimulator/ExpoModulesWorklets.build/Script-46EB2E0001AA70.sh (in target 'ExpoModulesWorklets' from project 'Pods')
    cd /Users/sparkles/Documents/CodingFiles/FullStack/expensioApp/frontend/ios/Pods
    write-file /Users/sparkles/Library/Developer/Xcode/DerivedData/Expensio-futtgngxcysvvhcljmosbeftqmyc/Build/Intermediates.noindex/Pods.build/Debug-iphonesimulator/ExpoModulesWorklets.build/Script-46EB2E0001AA70.sh

WriteAuxiliaryFile /Users/sparkles/Library/Developer/Xcode/DerivedData/Expensio-futtgngxcysvvhcljmosbeftqmyc/Build/Intermediates.noindex/Pods.build/Debug-iphonesimulator/ExpoModulesWorklets.build/Script-46EB2E0001AA60.sh (in target 'ExpoModulesWorklets' from project 'Pods')
    cd /Users/sparkles/Documents/CodingFiles/FullStack/expensioApp/frontend/ios/Pods
    write-file /Users/sparkles/Library/Developer/Xcode/DerivedData/Expensio-futtgngxcysvvhcljmosbeftqmyc/Build/Intermediates.noindex/Pods.build/Debug-iphonesimulator/ExpoModulesWorklets.build/Script-46EB2E0001AA60.sh

WriteAuxiliaryFile /Users/sparkles/Library/Developer/Xcode/DerivedData/Expensio-futtgngxcysvvhcljmosbeftqmyc/Build/Intermediates.noindex/Pods.build/Debug-iphonesimulator/ExpoModulesWorklets.build/OutputFileList-46EB2E0001AA60-ExpoModulesWorklets-xcframeworks-output-files-798c39dff6ef246ebbffbfb22bc1ca35-resolved.xcfilelist (in target 'ExpoModulesWorklets' from project 'Pods')
    cd /Users/sparkles/Documents/CodingFiles/FullStack/expensioApp/frontend/ios/Pods
    write-file /Users/sparkles/Library/Developer/Xcode/DerivedData/Expensio-futtgngxcysvvhcljmosbeftqmyc/Build/Intermediates.noindex/Pods.build/Debug-iphonesimulator/ExpoModulesWorklets.build/OutputFileList-46EB2E0001AA60-ExpoModulesWorklets-xcframeworks-output-files-798c39dff6ef246ebbffbfb22bc1ca35-resolved.xcfilelist

WriteAuxiliaryFile /Users/sparkles/Library/Developer/Xcode/DerivedData/Expensio-futtgngxcysvvhcljmosbeftqmyc/Build/Intermediates.noindex/Pods.build/Debug-iphonesimulator/ExpoModulesWorklets.build/InputFileList-46EB2E0001AA60-ExpoModulesWorklets-xcframeworks-input-files-83636b77dcc5b1ce571e7be2bc8dbd9b-resolved.xcfilelist (in target 'ExpoModulesWorklets' from project 'Pods')
    cd /Users/sparkles/Documents/CodingFiles/FullStack/expensioApp/frontend/ios/Pods
    write-file /Users/sparkles/Library/Developer/Xcode/DerivedData/Expensio-futtgngxcysvvhcljmosbeftqmyc/Build/Intermediates.noindex/Pods.build/Debug-iphonesimulator/ExpoModulesWorklets.build/InputFileList-46EB2E0001AA60-ExpoModulesWorklets-xcframeworks-input-files-83636b77dcc5b1ce571e7be2bc8dbd9b-resolved.xcfilelist

WriteAuxiliaryFile /Users/sparkles/Library/Developer/Xcode/DerivedData/Expensio-futtgngxcysvvhcljmosbeftqmyc/Build/Intermediates.noindex/Pods.build/Debug-iphonesimulator/ExpoModulesJSI.build/Script-46EB2E0001AA50.sh (in target 'ExpoModulesJSI' from project 'Pods')
    cd /Users/sparkles/Documents/CodingFiles/FullStack/expensioApp/frontend/ios/Pods
    write-file /Users/sparkles/Library/Developer/Xcode/DerivedData/Expensio-futtgngxcysvvhcljmosbeftqmyc/Build/Intermediates.noindex/Pods.build/Debug-iphonesimulator/ExpoModulesJSI.build/Script-46EB2E0001AA50.sh

WriteAuxiliaryFile /Users/sparkles/Library/Developer/Xcode/DerivedData/Expensio-futtgngxcysvvhcljmosbeftqmyc/Build/Intermediates.noindex/Pods.build/Debug-iphonesimulator/ExpoModulesJSI.build/Script-46EB2E0001AA40.sh (in target 'ExpoModulesJSI' from project 'Pods')
    cd /Users/sparkles/Documents/CodingFiles/FullStack/expensioApp/frontend/ios/Pods
    write-file /Users/sparkles/Library/Developer/Xcode/DerivedData/Expensio-futtgngxcysvvhcljmosbeftqmyc/Build/Intermediates.noindex/Pods.build/Debug-iphonesimulator/ExpoModulesJSI.build/Script-46EB2E0001AA40.sh

WriteAuxiliaryFile /Users/sparkles/Library/Developer/Xcode/DerivedData/Expensio-futtgngxcysvvhcljmosbeftqmyc/Build/Intermediates.noindex/Pods.build/Debug-iphonesimulator/ExpoModulesJSI.build/OutputFileList-46EB2E0001AA40-ExpoModulesJSI-xcframeworks-output-files-e89e55dae2538b27893529ab9665494a-resolved.xcfilelist (in target 'ExpoModulesJSI' from project 'Pods')
    cd /Users/sparkles/Documents/CodingFiles/FullStack/expensioApp/frontend/ios/Pods
    write-file /Users/sparkles/Library/Developer/Xcode/DerivedData/Expensio-futtgngxcysvvhcljmosbeftqmyc/Build/Intermediates.noindex/Pods.build/Debug-iphonesimulator/ExpoModulesJSI.build/OutputFileList-46EB2E0001AA40-ExpoModulesJSI-xcframeworks-output-files-e89e55dae2538b27893529ab9665494a-resolved.xcfilelist

WriteAuxiliaryFile /Users/sparkles/Library/Developer/Xcode/DerivedData/Expensio-futtgngxcysvvhcljmosbeftqmyc/Build/Intermediates.noindex/Pods.build/Debug-iphonesimulator/ExpoModulesJSI.build/InputFileList-46EB2E0001AA40-ExpoModulesJSI-xcframeworks-input-files-428abae1a64651f6279f31203e0c48fa-resolved.xcfilelist (in target 'ExpoModulesJSI' from project 'Pods')
    cd /Users/sparkles/Documents/CodingFiles/FullStack/expensioApp/frontend/ios/Pods
    write-file /Users/sparkles/Library/Developer/Xcode/DerivedData/Expensio-futtgngxcysvvhcljmosbeftqmyc/Build/Intermediates.noindex/Pods.build/Debug-iphonesimulator/ExpoModulesJSI.build/InputFileList-46EB2E0001AA40-ExpoModulesJSI-xcframeworks-input-files-428abae1a64651f6279f31203e0c48fa-resolved.xcfilelist

WriteAuxiliaryFile /Users/sparkles/Library/Developer/Xcode/DerivedData/Expensio-futtgngxcysvvhcljmosbeftqmyc/Build/Intermediates.noindex/Pods.build/Debug-iphonesimulator/ExpoModulesCore.build/Script-46EB2E0001AA20.sh (in target 'ExpoModulesCore' from project 'Pods')
    cd /Users/sparkles/Documents/CodingFiles/FullStack/expensioApp/frontend/ios/Pods
    write-file /Users/sparkles/Library/Developer/Xcode/DerivedData/Expensio-futtgngxcysvvhcljmosbeftqmyc/Build/Intermediates.noindex/Pods.build/Debug-iphonesimulator/ExpoModulesCore.build/Script-46EB2E0001AA20.sh

WriteAuxiliaryFile /Users/sparkles/Library/Developer/Xcode/DerivedData/Expensio-futtgngxcysvvhcljmosbeftqmyc/Build/Intermediates.noindex/Pods.build/Debug-iphonesimulator/ExpoModulesCore.build/Script-46EB2E0001AA10.sh (in target 'ExpoModulesCore' from project 'Pods')
    cd /Users/sparkles/Documents/CodingFiles/FullStack/expensioApp/frontend/ios/Pods
    write-file /Users/sparkles/Library/Developer/Xcode/DerivedData/Expensio-futtgngxcysvvhcljmosbeftqmyc/Build/Intermediates.noindex/Pods.build/Debug-iphonesimulator/ExpoModulesCore.build/Script-46EB2E0001AA10.sh

WriteAuxiliaryFile /Users/sparkles/Library/Developer/Xcode/DerivedData/Expensio-futtgngxcysvvhcljmosbeftqmyc/Build/Intermediates.noindex/Pods.build/Debug-iphonesimulator/ExpoModulesCore.build/Script-46EB2E0001AA30.sh (in target 'ExpoModulesCore' from project 'Pods')
    cd /Users/sparkles/Documents/CodingFiles/FullStack/expensioApp/frontend/ios/Pods
    write-file /Users/sparkles/Library/Developer/Xcode/DerivedData/Expensio-futtgngxcysvvhcljmosbeftqmyc/Build/Intermediates.noindex/Pods.build/Debug-iphonesimulator/ExpoModulesCore.build/Script-46EB2E0001AA30.sh

WriteAuxiliaryFile /Users/sparkles/Library/Developer/Xcode/DerivedData/Expensio-futtgngxcysvvhcljmosbeftqmyc/Build/Intermediates.noindex/Pods.build/Debug-iphonesimulator/ExpoModulesCore.build/OutputFileList-46EB2E0001AA10-ExpoModulesCore-xcframeworks-output-files-6cd710c7ee0531282afc99ea8cec37ae-resolved.xcfilelist (in target 'ExpoModulesCore' from project 'Pods')
    cd /Users/sparkles/Documents/CodingFiles/FullStack/expensioApp/frontend/ios/Pods
    write-file /Users/sparkles/Library/Developer/Xcode/DerivedData/Expensio-futtgngxcysvvhcljmosbeftqmyc/Build/Intermediates.noindex/Pods.build/Debug-iphonesimulator/ExpoModulesCore.build/OutputFileList-46EB2E0001AA10-ExpoModulesCore-xcframeworks-output-files-6cd710c7ee0531282afc99ea8cec37ae-resolved.xcfilelist

WriteAuxiliaryFile /Users/sparkles/Library/Developer/Xcode/DerivedData/Expensio-futtgngxcysvvhcljmosbeftqmyc/Build/Intermediates.noindex/Pods.build/Debug-iphonesimulator/ExpoModulesCore.build/InputFileList-46EB2E0001AA10-ExpoModulesCore-xcframeworks-input-files-3f83c18cf88974f2e8dea6c4659ff285-resolved.xcfilelist (in target 'ExpoModulesCore' from project 'Pods')
    cd /Users/sparkles/Documents/CodingFiles/FullStack/expensioApp/frontend/ios/Pods
    write-file /Users/sparkles/Library/Developer/Xcode/DerivedData/Expensio-futtgngxcysvvhcljmosbeftqmyc/Build/Intermediates.noindex/Pods.build/Debug-iphonesimulator/ExpoModulesCore.build/InputFileList-46EB2E0001AA10-ExpoModulesCore-xcframeworks-input-files-3f83c18cf88974f2e8dea6c4659ff285-resolved.xcfilelist

WriteAuxiliaryFile /Users/sparkles/Library/Developer/Xcode/DerivedData/Expensio-futtgngxcysvvhcljmosbeftqmyc/Build/Intermediates.noindex/Pods.build/Debug-iphonesimulator/ExpoFont.build/Script-46EB2E0001AA00.sh (in target 'ExpoFont' from project 'Pods')
    cd /Users/sparkles/Documents/CodingFiles/FullStack/expensioApp/frontend/ios/Pods
    write-file /Users/sparkles/Library/Developer/Xcode/DerivedData/Expensio-futtgngxcysvvhcljmosbeftqmyc/Build/Intermediates.noindex/Pods.build/Debug-iphonesimulator/ExpoFont.build/Script-46EB2E0001AA00.sh

WriteAuxiliaryFile /Users/sparkles/Library/Developer/Xcode/DerivedData/Expensio-futtgngxcysvvhcljmosbeftqmyc/Build/Intermediates.noindex/Pods.build/Debug-iphonesimulator/ExpoFont.build/Script-46EB2E0001A9F0.sh (in target 'ExpoFont' from project 'Pods')
    cd /Users/sparkles/Documents/CodingFiles/FullStack/expensioApp/frontend/ios/Pods
    write-file /Users/sparkles/Library/Developer/Xcode/DerivedData/Expensio-futtgngxcysvvhcljmosbeftqmyc/Build/Intermediates.noindex/Pods.build/Debug-iphonesimulator/ExpoFont.build/Script-46EB2E0001A9F0.sh

WriteAuxiliaryFile /Users/sparkles/Library/Developer/Xcode/DerivedData/Expensio-futtgngxcysvvhcljmosbeftqmyc/Build/Intermediates.noindex/Pods.build/Debug-iphonesimulator/ExpoFont.build/Script-46EB2E0001A9E0.sh (in target 'ExpoFont' from project 'Pods')
    cd /Users/sparkles/Documents/CodingFiles/FullStack/expensioApp/frontend/ios/Pods
    write-file /Users/sparkles/Library/Developer/Xcode/DerivedData/Expensio-futtgngxcysvvhcljmosbeftqmyc/Build/Intermediates.noindex/Pods.build/Debug-iphonesimulator/ExpoFont.build/Script-46EB2E0001A9E0.sh

WriteAuxiliaryFile /Users/sparkles/Library/Developer/Xcode/DerivedData/Expensio-futtgngxcysvvhcljmosbeftqmyc/Build/Intermediates.noindex/Pods.build/Debug-iphonesimulator/ExpoFont.build/OutputFileList-46EB2E0001A9E0-ExpoFont-xcframeworks-output-files-b53ac31cd0a502111e7f71ecbe21fc6a-resolved.xcfilelist (in target 'ExpoFont' from project 'Pods')
    cd /Users/sparkles/Documents/CodingFiles/FullStack/expensioApp/frontend/ios/Pods
    write-file /Users/sparkles/Library/Developer/Xcode/DerivedData/Expensio-futtgngxcysvvhcljmosbeftqmyc/Build/Intermediates.noindex/Pods.build/Debug-iphonesimulator/ExpoFont.build/OutputFileList-46EB2E0001A9E0-ExpoFont-xcframeworks-output-files-b53ac31cd0a502111e7f71ecbe21fc6a-resolved.xcfilelist

WriteAuxiliaryFile /Users/sparkles/Library/Developer/Xcode/DerivedData/Expensio-futtgngxcysvvhcljmosbeftqmyc/Build/Intermediates.noindex/Pods.build/Debug-iphonesimulator/ExpoFont.build/InputFileList-46EB2E0001A9E0-ExpoFont-xcframeworks-input-files-49b431aff7ac8fff72e1a7ee0f25559a-resolved.xcfilelist (in target 'ExpoFont' from project 'Pods')
    cd /Users/sparkles/Documents/CodingFiles/FullStack/expensioApp/frontend/ios/Pods
    write-file /Users/sparkles/Library/Developer/Xcode/DerivedData/Expensio-futtgngxcysvvhcljmosbeftqmyc/Build/Intermediates.noindex/Pods.build/Debug-iphonesimulator/ExpoFont.build/InputFileList-46EB2E0001A9E0-ExpoFont-xcframeworks-input-files-49b431aff7ac8fff72e1a7ee0f25559a-resolved.xcfilelist

WriteAuxiliaryFile /Users/sparkles/Library/Developer/Xcode/DerivedData/Expensio-futtgngxcysvvhcljmosbeftqmyc/Build/Intermediates.noindex/Pods.build/Debug-iphonesimulator/ExpoFileSystem.build/Script-46EB2E0001A9D0.sh (in target 'ExpoFileSystem' from project 'Pods')
    cd /Users/sparkles/Documents/CodingFiles/FullStack/expensioApp/frontend/ios/Pods
    write-file /Users/sparkles/Library/Developer/Xcode/DerivedData/Expensio-futtgngxcysvvhcljmosbeftqmyc/Build/Intermediates.noindex/Pods.build/Debug-iphonesimulator/ExpoFileSystem.build/Script-46EB2E0001A9D0.sh

WriteAuxiliaryFile /Users/sparkles/Library/Developer/Xcode/DerivedData/Expensio-futtgngxcysvvhcljmosbeftqmyc/Build/Intermediates.noindex/Pods.build/Debug-iphonesimulator/ExpoFileSystem.build/Script-46EB2E0001A9C0.sh (in target 'ExpoFileSystem' from project 'Pods')
    cd /Users/sparkles/Documents/CodingFiles/FullStack/expensioApp/frontend/ios/Pods
    write-file /Users/sparkles/Library/Developer/Xcode/DerivedData/Expensio-futtgngxcysvvhcljmosbeftqmyc/Build/Intermediates.noindex/Pods.build/Debug-iphonesimulator/ExpoFileSystem.build/Script-46EB2E0001A9C0.sh

WriteAuxiliaryFile /Users/sparkles/Library/Developer/Xcode/DerivedData/Expensio-futtgngxcysvvhcljmosbeftqmyc/Build/Intermediates.noindex/Pods.build/Debug-iphonesimulator/ExpoFileSystem.build/Script-46EB2E0001A9B0.sh (in target 'ExpoFileSystem' from project 'Pods')
    cd /Users/sparkles/Documents/CodingFiles/FullStack/expensioApp/frontend/ios/Pods
    write-file /Users/sparkles/Library/Developer/Xcode/DerivedData/Expensio-futtgngxcysvvhcljmosbeftqmyc/Build/Intermediates.noindex/Pods.build/Debug-iphonesimulator/ExpoFileSystem.build/Script-46EB2E0001A9B0.sh

WriteAuxiliaryFile /Users/sparkles/Library/Developer/Xcode/DerivedData/Expensio-futtgngxcysvvhcljmosbeftqmyc/Build/Intermediates.noindex/Pods.build/Debug-iphonesimulator/ExpoFileSystem.build/OutputFileList-46EB2E0001A9B0-ExpoFileSystem-xcframeworks-output-files-adb0a4860761fde9e2a1dc2db2431f71-resolved.xcfilelist (in target 'ExpoFileSystem' from project 'Pods')
    cd /Users/sparkles/Documents/CodingFiles/FullStack/expensioApp/frontend/ios/Pods
    write-file /Users/sparkles/Library/Developer/Xcode/DerivedData/Expensio-futtgngxcysvvhcljmosbeftqmyc/Build/Intermediates.noindex/Pods.build/Debug-iphonesimulator/ExpoFileSystem.build/OutputFileList-46EB2E0001A9B0-ExpoFileSystem-xcframeworks-output-files-adb0a4860761fde9e2a1dc2db2431f71-resolved.xcfilelist

WriteAuxiliaryFile /Users/sparkles/Library/Developer/Xcode/DerivedData/Expensio-futtgngxcysvvhcljmosbeftqmyc/Build/Intermediates.noindex/Pods.build/Debug-iphonesimulator/ExpoFileSystem.build/InputFileList-46EB2E0001A9B0-ExpoFileSystem-xcframeworks-input-files-637f8e3f15a244e2d3c4c86f91fd4c9e-resolved.xcfilelist (in target 'ExpoFileSystem' from project 'Pods')
    cd /Users/sparkles/Documents/CodingFiles/FullStack/expensioApp/frontend/ios/Pods
    write-file /Users/sparkles/Library/Developer/Xcode/DerivedData/Expensio-futtgngxcysvvhcljmosbeftqmyc/Build/Intermediates.noindex/Pods.build/Debug-iphonesimulator/ExpoFileSystem.build/InputFileList-46EB2E0001A9B0-ExpoFileSystem-xcframeworks-input-files-637f8e3f15a244e2d3c4c86f91fd4c9e-resolved.xcfilelist

CreateBuildDirectory /Users/sparkles/Library/Developer/Xcode/DerivedData/Expensio-futtgngxcysvvhcljmosbeftqmyc/Build/Products/Debug-iphonesimulator/react-native-safe-area-context
    cd /Users/sparkles/Documents/CodingFiles/FullStack/expensioApp/frontend/ios
    builtin-create-build-directory /Users/sparkles/Library/Developer/Xcode/DerivedData/Expensio-futtgngxcysvvhcljmosbeftqmyc/Build/Products/Debug-iphonesimulator/react-native-safe-area-context

CreateBuildDirectory /Users/sparkles/Library/Developer/Xcode/DerivedData/Expensio-futtgngxcysvvhcljmosbeftqmyc/Build/Products/Debug-iphonesimulator/hermes-engine
    cd /Users/sparkles/Documents/CodingFiles/FullStack/expensioApp/frontend/ios
    builtin-create-build-directory /Users/sparkles/Library/Developer/Xcode/DerivedData/Expensio-futtgngxcysvvhcljmosbeftqmyc/Build/Products/Debug-iphonesimulator/hermes-engine

CreateBuildDirectory /Users/sparkles/Library/Developer/Xcode/DerivedData/Expensio-futtgngxcysvvhcljmosbeftqmyc/Build/Products/Debug-iphonesimulator/Yoga
    cd /Users/sparkles/Documents/CodingFiles/FullStack/expensioApp/frontend/ios
    builtin-create-build-directory /Users/sparkles/Library/Developer/Xcode/DerivedData/Expensio-futtgngxcysvvhcljmosbeftqmyc/Build/Products/Debug-iphonesimulator/Yoga

CreateBuildDirectory /Users/sparkles/Library/Developer/Xcode/DerivedData/Expensio-futtgngxcysvvhcljmosbeftqmyc/Build/Products/Debug-iphonesimulator/ReactNativeDependencies
    cd /Users/sparkles/Documents/CodingFiles/FullStack/expensioApp/frontend/ios
    builtin-create-build-directory /Users/sparkles/Library/Developer/Xcode/DerivedData/Expensio-futtgngxcysvvhcljmosbeftqmyc/Build/Products/Debug-iphonesimulator/ReactNativeDependencies

CreateBuildDirectory /Users/sparkles/Library/Developer/Xcode/DerivedData/Expensio-futtgngxcysvvhcljmosbeftqmyc/Build/Products/Debug-iphonesimulator/ReactCommon
    cd /Users/sparkles/Documents/CodingFiles/FullStack/expensioApp/frontend/ios
    builtin-create-build-directory /Users/sparkles/Library/Developer/Xcode/DerivedData/Expensio-futtgngxcysvvhcljmosbeftqmyc/Build/Products/Debug-iphonesimulator/ReactCommon

CreateBuildDirectory /Users/sparkles/Library/Developer/Xcode/DerivedData/Expensio-futtgngxcysvvhcljmosbeftqmyc/Build/Products/Debug-iphonesimulator/ReactCodegen
    cd /Users/sparkles/Documents/CodingFiles/FullStack/expensioApp/frontend/ios
    builtin-create-build-directory /Users/sparkles/Library/Developer/Xcode/DerivedData/Expensio-futtgngxcysvvhcljmosbeftqmyc/Build/Products/Debug-iphonesimulator/ReactCodegen

CreateBuildDirectory /Users/sparkles/Library/Developer/Xcode/DerivedData/Expensio-futtgngxcysvvhcljmosbeftqmyc/Build/Products/Debug-iphonesimulator/ReactAppDependencyProvider
    cd /Users/sparkles/Documents/CodingFiles/FullStack/expensioApp/frontend/ios
    builtin-create-build-directory /Users/sparkles/Library/Developer/Xcode/DerivedData/Expensio-futtgngxcysvvhcljmosbeftqmyc/Build/Products/Debug-iphonesimulator/ReactAppDependencyProvider

CreateBuildDirectory /Users/sparkles/Library/Developer/Xcode/DerivedData/Expensio-futtgngxcysvvhcljmosbeftqmyc/Build/Products/Debug-iphonesimulator/React-webperformancenativemodule
    cd /Users/sparkles/Documents/CodingFiles/FullStack/expensioApp/frontend/ios
    builtin-create-build-directory /Users/sparkles/Library/Developer/Xcode/DerivedData/Expensio-futtgngxcysvvhcljmosbeftqmyc/Build/Products/Debug-iphonesimulator/React-webperformancenativemodule

CreateBuildDirectory /Users/sparkles/Library/Developer/Xcode/DerivedData/Expensio-futtgngxcysvvhcljmosbeftqmyc/Build/Products/Debug-iphonesimulator/React-viewtransitionnativemodule
    cd /Users/sparkles/Documents/CodingFiles/FullStack/expensioApp/frontend/ios
    builtin-create-build-directory /Users/sparkles/Library/Developer/Xcode/DerivedData/Expensio-futtgngxcysvvhcljmosbeftqmyc/Build/Products/Debug-iphonesimulator/React-viewtransitionnativemodule

CreateBuildDirectory /Users/sparkles/Library/Developer/Xcode/DerivedData/Expensio-futtgngxcysvvhcljmosbeftqmyc/Build/Products/Debug-iphonesimulator/React-utils
    cd /Users/sparkles/Documents/CodingFiles/FullStack/expensioApp/frontend/ios
    builtin-create-build-directory /Users/sparkles/Library/Developer/Xcode/DerivedData/Expensio-futtgngxcysvvhcljmosbeftqmyc/Build/Products/Debug-iphonesimulator/React-utils

CreateBuildDirectory /Users/sparkles/Library/Developer/Xcode/DerivedData/Expensio-futtgngxcysvvhcljmosbeftqmyc/Build/Products/Debug-iphonesimulator/React-timing
    cd /Users/sparkles/Documents/CodingFiles/FullStack/expensioApp/frontend/ios
    builtin-create-build-directory /Users/sparkles/Library/Developer/Xcode/DerivedData/Expensio-futtgngxcysvvhcljmosbeftqmyc/Build/Products/Debug-iphonesimulator/React-timing

CreateBuildDirectory /Users/sparkles/Library/Developer/Xcode/DerivedData/Expensio-futtgngxcysvvhcljmosbeftqmyc/Build/Products/Debug-iphonesimulator/React-runtimescheduler
    cd /Users/sparkles/Documents/CodingFiles/FullStack/expensioApp/frontend/ios
    builtin-create-build-directory /Users/sparkles/Library/Developer/Xcode/DerivedData/Expensio-futtgngxcysvvhcljmosbeftqmyc/Build/Products/Debug-iphonesimulator/React-runtimescheduler

CreateBuildDirectory /Users/sparkles/Library/Developer/Xcode/DerivedData/Expensio-futtgngxcysvvhcljmosbeftqmyc/Build/Products/Debug-iphonesimulator/React-runtimeexecutor
    cd /Users/sparkles/Documents/CodingFiles/FullStack/expensioApp/frontend/ios
    builtin-create-build-directory /Users/sparkles/Library/Developer/Xcode/DerivedData/Expensio-futtgngxcysvvhcljmosbeftqmyc/Build/Products/Debug-iphonesimulator/React-runtimeexecutor

CreateBuildDirectory /Users/sparkles/Library/Developer/Xcode/DerivedData/Expensio-futtgngxcysvvhcljmosbeftqmyc/Build/Products/Debug-iphonesimulator/React-rendererdebug
    cd /Users/sparkles/Documents/CodingFiles/FullStack/expensioApp/frontend/ios
    builtin-create-build-directory /Users/sparkles/Library/Developer/Xcode/DerivedData/Expensio-futtgngxcysvvhcljmosbeftqmyc/Build/Products/Debug-iphonesimulator/React-rendererdebug

CreateBuildDirectory /Users/sparkles/Library/Developer/Xcode/DerivedData/Expensio-futtgngxcysvvhcljmosbeftqmyc/Build/Products/Debug-iphonesimulator/React-renderercss
    cd /Users/sparkles/Documents/CodingFiles/FullStack/expensioApp/frontend/ios
    builtin-create-build-directory /Users/sparkles/Library/Developer/Xcode/DerivedData/Expensio-futtgngxcysvvhcljmosbeftqmyc/Build/Products/Debug-iphonesimulator/React-renderercss

CreateBuildDirectory /Users/sparkles/Library/Developer/Xcode/DerivedData/Expensio-futtgngxcysvvhcljmosbeftqmyc/Build/Products/Debug-iphonesimulator/React-rendererconsistency
    cd /Users/sparkles/Documents/CodingFiles/FullStack/expensioApp/frontend/ios
    builtin-create-build-directory /Users/sparkles/Library/Developer/Xcode/DerivedData/Expensio-futtgngxcysvvhcljmosbeftqmyc/Build/Products/Debug-iphonesimulator/React-rendererconsistency

PhaseScriptExecution [CP-User]\ [Hermes]\ Replace\ Hermes\ for\ the\ right\ configuration,\ if\ needed /Users/sparkles/Library/Developer/Xcode/DerivedData/Expensio-futtgngxcysvvhcljmosbeftqmyc/Build/Intermediates.noindex/Pods.build/Debug-iphonesimulator/hermes-engine.build/Script-46EB2E0001AB00.sh (in target 'hermes-engine' from project 'Pods')
    cd /Users/sparkles/Documents/CodingFiles/FullStack/expensioApp/frontend/ios/Pods
    export ACTION\=build
    export AD_HOC_CODE_SIGNING_ALLOWED\=YES
    export ALLOW_BUILD_REQUEST_OVERRIDES\=NO
    export ALLOW_TARGET_PLATFORM_SPECIALIZATION\=NO
    export ALTERNATE_GROUP\=staff
    export ALTERNATE_MODE\=u+w,go-w,a+rX
    export ALTERNATE_OWNER\=sparkles
    export ALTERNATIVE_DISTRIBUTION_WEB\=NO
    export ALWAYS_EMBED_SWIFT_STANDARD_LIBRARIES\=NO
    export ALWAYS_SEARCH_USER_PATHS\=NO
    export ALWAYS_USE_SEPARATE_HEADERMAPS\=NO
    export APPLICATION_EXTENSION_API_ONLY\=NO
    export APPLY_RULES_IN_COPY_FILES\=NO
    export APPLY_RULES_IN_COPY_HEADERS\=NO
    export APP_SHORTCUTS_ENABLE_FLEXIBLE_MATCHING\=YES
    export ARCHS\=arm64\ x86_64
    export ARCHS_BASE\=arm64\ x86_64
    export ARCHS_STANDARD\=arm64\ x86_64
    export ARCHS_STANDARD_32_64_BIT\=arm64\ x86_64
    export ARCHS_STANDARD_64_BIT\=arm64\ x86_64
    export ARCHS_STANDARD_INCLUDING_64_BIT\=arm64\ x86_64
    export ARCHS_UNIVERSAL_IPHONE_OS\=arm64\ x86_64
    export ASSETCATALOG_COMPILER_APPICON_NAME\=AppIcon
    export ASSETCATALOG_COMPILER_GLOBAL_ACCENT_COLOR_NAME\=AccentColor
    export AUTOMATICALLY_MERGE_DEPENDENCIES\=NO
    export AUTOMATION_APPLE_EVENTS\=NO
    export AVAILABLE_PLATFORMS\=android\ appletvos\ appletvsimulator\ driverkit\ freebsd\ iphoneos\ iphonesimulator\ linux\ macosx\ none\ openbsd\ qnx\ staticlinux\ watchos\ watchsimulator\ webassembly\ xros\ xrsimulator
    export BUILD_ACTIVE_RESOURCES_ONLY\=NO
    export BUILD_COMPONENTS\=headers\ build
    export BUILD_DIR\=/Users/sparkles/Library/Developer/Xcode/DerivedData/Expensio-futtgngxcysvvhcljmosbeftqmyc/Build/Products
    export BUILD_LIBRARY_FOR_DISTRIBUTION\=NO
    export BUILD_ONLY_KNOWN_LOCALIZATIONS\=NO
    export BUILD_ROOT\=/Users/sparkles/Library/Developer/Xcode/DerivedData/Expensio-futtgngxcysvvhcljmosbeftqmyc/Build/Products
    export BUILD_STYLE\=
    export BUILD_VARIANTS\=normal
    export BUILT_PRODUCTS_DIR\=/Users/sparkles/Library/Developer/Xcode/DerivedData/Expensio-futtgngxcysvvhcljmosbeftqmyc/Build/Products/Debug-iphonesimulator/hermes-engine
    export BUNDLE_CONTENTS_FOLDER_PATH_deep\=Contents/
    export BUNDLE_EXECUTABLE_FOLDER_NAME_deep\=MacOS
    export BUNDLE_EXTENSIONS_FOLDER_PATH\=Extensions
    export BUNDLE_FORMAT\=shallow
    export BUNDLE_FRAMEWORKS_FOLDER_PATH\=Frameworks
    export BUNDLE_PLUGINS_FOLDER_PATH\=PlugIns
    export BUNDLE_PRIVATE_HEADERS_FOLDER_PATH\=PrivateHeaders
    export BUNDLE_PUBLIC_HEADERS_FOLDER_PATH\=Headers
    export CACHE_ROOT\=/var/folders/2z/d087lq6n4d1_lvddlb12y_9r0000gn/C/com.apple.DeveloperTools/27.0-27A266a/Xcode
    export CCHROOT\=/var/folders/2z/d087lq6n4d1_lvddlb12y_9r0000gn/C/com.apple.DeveloperTools/27.0-27A266a/Xcode
    export CHMOD\=/bin/chmod
    export CHOWN\=chown
    export CLANG_ANALYZER_LOCALIZABILITY_NONLOCALIZED\=YES
    export CLANG_ANALYZER_NONNULL\=YES
    export CLANG_ANALYZER_NUMBER_OBJECT_CONVERSION\=YES_AGGRESSIVE
    export CLANG_CACHE_FINE_GRAINED_OUTPUTS\=YES
    export CLANG_CXX_LANGUAGE_STANDARD\=c++20
    export CLANG_CXX_LIBRARY\=compiler-default
    export CLANG_ENABLE_EXPLICIT_MODULES\=YES
    export CLANG_ENABLE_MODULES\=YES
    export CLANG_ENABLE_OBJC_ARC\=YES
    export CLANG_ENABLE_OBJC_WEAK\=NO
    export CLANG_MODULES_BUILD_SESSION_FILE\=/Users/sparkles/Library/Developer/Xcode/DerivedData/ModuleCache.noindex/Session.modulevalidation
    export CLANG_WARN_BLOCK_CAPTURE_AUTORELEASING\=YES
    export CLANG_WARN_BOOL_CONVERSION\=YES
    export CLANG_WARN_COMMA\=YES
    export CLANG_WARN_CONSTANT_CONVERSION\=YES
    export CLANG_WARN_DEPRECATED_OBJC_IMPLEMENTATIONS\=YES
    export CLANG_WARN_DIRECT_OBJC_ISA_USAGE\=YES_ERROR
    export CLANG_WARN_DOCUMENTATION_COMMENTS\=YES
    export CLANG_WARN_EMPTY_BODY\=YES
    export CLANG_WARN_ENUM_CONVERSION\=YES
    export CLANG_WARN_INFINITE_RECURSION\=YES
    export CLANG_WARN_INT_CONVERSION\=YES
    export CLANG_WARN_NON_LITERAL_NULL_CONVERSION\=YES
    export CLANG_WARN_OBJC_IMPLICIT_RETAIN_SELF\=YES
    export CLANG_WARN_OBJC_LITERAL_CONVERSION\=YES
    export CLANG_WARN_OBJC_ROOT_CLASS\=YES_ERROR
    export CLANG_WARN_QUOTED_INCLUDE_IN_FRAMEWORK_HEADER\=NO
    export CLANG_WARN_RANGE_LOOP_ANALYSIS\=YES
    export CLANG_WARN_STRICT_PROTOTYPES\=YES
    export CLANG_WARN_SUSPICIOUS_MOVE\=YES
    export CLANG_WARN_UNGUARDED_AVAILABILITY\=YES_AGGRESSIVE
    export CLANG_WARN_UNREACHABLE_CODE\=YES
    export CLANG_WARN__DUPLICATE_METHOD_MATCH\=YES
    export CLASS_FILE_DIR\=/Users/sparkles/Library/Developer/Xcode/DerivedData/Expensio-futtgngxcysvvhcljmosbeftqmyc/Build/Intermediates.noindex/Pods.build/Debug-iphonesimulator/hermes-engine.build/JavaClasses
    export CLEAN_PRECOMPS\=YES
    export CLONE_HEADERS\=NO
    export CODESIGNING_FOLDER_PATH\=/Users/sparkles/Library/Developer/Xcode/DerivedData/Expensio-futtgngxcysvvhcljmosbeftqmyc/Build/Products/Debug-iphonesimulator/hermes-engine/
    export CODE_SIGNING_ALLOWED\=NO
    export CODE_SIGNING_REQUIRED\=YES
    export CODE_SIGN_CONTEXT_CLASS\=XCiPhoneSimulatorCodeSignContext
    export CODE_SIGN_IDENTITY\=-
    export CODE_SIGN_INJECT_BASE_ENTITLEMENTS\=YES
    export COLOR_DIAGNOSTICS\=NO
    export COMBINE_HIDPI_IMAGES\=NO
    export COMPILATION_CACHE_CAS_PATH\=/Users/sparkles/Library/Developer/Xcode/DerivedData/CompilationCache.noindex
    export COMPILATION_CACHE_KEEP_CAS_DIRECTORY\=YES
    export COMPILER_INDEX_STORE_ENABLE\=Default
    export COMPOSITE_SDK_DIRS\=/Users/sparkles/Library/Developer/Xcode/DerivedData/Expensio-futtgngxcysvvhcljmosbeftqmyc/Build/Intermediates.noindex/CompositeSDKs
    export COMPRESS_PNG_FILES\=YES
    export CONFIGURATION\=Debug
    export CONFIGURATION_BUILD_DIR\=/Users/sparkles/Library/Developer/Xcode/DerivedData/Expensio-futtgngxcysvvhcljmosbeftqmyc/Build/Products/Debug-iphonesimulator/hermes-engine
    export CONFIGURATION_TEMP_DIR\=/Users/sparkles/Library/Developer/Xcode/DerivedData/Expensio-futtgngxcysvvhcljmosbeftqmyc/Build/Intermediates.noindex/Pods.build/Debug-iphonesimulator
    export COPYING_PRESERVES_HFS_DATA\=NO
    export COPY_HEADERS_RUN_UNIFDEF\=NO
    export COPY_PHASE_STRIP\=NO
    export CORRESPONDING_DEVICE_PLATFORM_DIR\=/Applications/Xcode.app/Contents/Developer/Platforms/iPhoneOS.platform
    export CORRESPONDING_DEVICE_PLATFORM_NAME\=iphoneos
    export CORRESPONDING_DEVICE_SDK_DIR\=/Applications/Xcode.app/Contents/Developer/Platforms/iPhoneOS.platform/Developer/SDKs/iPhoneOS27.0.sdk
    export CORRESPONDING_DEVICE_SDK_NAME\=iphoneos27.0
    export CP\=/bin/cp
    export CREATE_INFOPLIST_SECTION_IN_BINARY\=NO
    export CURRENT_ARCH\=undefined_arch
    export CURRENT_VARIANT\=normal
    export DEAD_CODE_STRIPPING\=YES
    export DEBUGGING_SYMBOLS\=YES
    export DEBUG_INFORMATION_FORMAT\=dwarf
    export DEBUG_INFORMATION_VERSION\=compiler-default
    export DEFAULT_COMPILER\=com.apple.compilers.llvm.clang.1_0
    export DEFAULT_DEXT_INSTALL_PATH\=/System/Library/DriverExtensions
    export DEFAULT_KEXT_INSTALL_PATH\=/System/Library/Extensions
    export DEFINES_MODULE\=NO
    export DEPLOYMENT_LOCATION\=NO
    export DEPLOYMENT_POSTPROCESSING\=NO
    export DEPLOYMENT_TARGET_SETTING_NAME\=IPHONEOS_DEPLOYMENT_TARGET
    export DEPLOYMENT_TARGET_SUGGESTED_VALUES\=15.0\ 15.1\ 15.2\ 15.3\ 15.4\ 15.5\ 15.6\ 16.0\ 16.1\ 16.2\ 16.3\ 16.4\ 16.5\ 16.6\ 17.0\ 17.1\ 17.2\ 17.3\ 17.4\ 17.5\ 17.6\ 18.0\ 18.1\ 18.2\ 18.3\ 18.4\ 18.5\ 18.6\ 26.0\ 26.2\ 26.3\ 26.4\ 26.5\ 26.6\ 27.0
    export DERIVED_FILES_DIR\=/Users/sparkles/Library/Developer/Xcode/DerivedData/Expensio-futtgngxcysvvhcljmosbeftqmyc/Build/Intermediates.noindex/Pods.build/Debug-iphonesimulator/hermes-engine.build/DerivedSources
    export DERIVED_FILE_DIR\=/Users/sparkles/Library/Developer/Xcode/DerivedData/Expensio-futtgngxcysvvhcljmosbeftqmyc/Build/Intermediates.noindex/Pods.build/Debug-iphonesimulator/hermes-engine.build/DerivedSources
    export DERIVED_SOURCES_DIR\=/Users/sparkles/Library/Developer/Xcode/DerivedData/Expensio-futtgngxcysvvhcljmosbeftqmyc/Build/Intermediates.noindex/Pods.build/Debug-iphonesimulator/hermes-engine.build/DerivedSources
    export DEVELOPER_APPLICATIONS_DIR\=/Applications/Xcode.app/Contents/Developer/Applications
    export DEVELOPER_BIN_DIR\=/Applications/Xcode.app/Contents/Developer/usr/bin
    export DEVELOPER_DIR\=/Applications/Xcode.app/Contents/Developer
    export DEVELOPER_FRAMEWORKS_DIR\=/Applications/Xcode.app/Contents/Developer/Library/Frameworks
    export DEVELOPER_FRAMEWORKS_DIR_QUOTED\=/Applications/Xcode.app/Contents/Developer/Library/Frameworks
    export DEVELOPER_LIBRARY_DIR\=/Applications/Xcode.app/Contents/Developer/Library
    export DEVELOPER_SDK_DIR\=/Applications/Xcode.app/Contents/Developer/Platforms/MacOSX.platform/Developer/SDKs
    export DEVELOPER_TOOLS_DIR\=/Applications/Xcode.app/Contents/Developer/Tools
    export DEVELOPER_USR_DIR\=/Applications/Xcode.app/Contents/Developer/usr
    export DEVELOPMENT_LANGUAGE\=en
    export DIAGNOSE_MISSING_TARGET_DEPENDENCIES\=YES
    export DIFF\=/usr/bin/diff
    export DONT_GENERATE_INFOPLIST_FILE\=NO
    export DSTROOT\=/tmp/Pods.dst
    export DT_TOOLCHAIN_DIR\=/Applications/Xcode.app/Contents/Developer/Toolchains/XcodeDefault.xctoolchain
    export DWARF_DSYM_FILE_NAME\=.dSYM
    export DWARF_DSYM_FILE_SHOULD_ACCOMPANY_PRODUCT\=NO
    export DWARF_DSYM_FOLDER_PATH\=/Users/sparkles/Library/Developer/Xcode/DerivedData/Expensio-futtgngxcysvvhcljmosbeftqmyc/Build/Products/Debug-iphonesimulator/hermes-engine
    export DYNAMIC_LIBRARY_EXTENSION\=dylib
    export EAGER_COMPILATION_ALLOW_SCRIPTS\=NO
    export EAGER_LINKING\=NO
    export EFFECTIVE_PLATFORM_NAME\=-iphonesimulator
    export EFFECTIVE_SWIFT_VERSION\=5
    export EMBEDDED_CONTENT_CONTAINS_SWIFT\=NO
    export EMBED_ASSET_PACKS_IN_PRODUCT_BUNDLE\=NO
    export ENABLE_APP_SANDBOX\=NO
    export ENABLE_CODE_COVERAGE\=YES
    export ENABLE_COHORT_ARCHS\=YES
    export ENABLE_CPLUSPLUS_BOUNDS_SAFE_BUFFERS\=NO
    export ENABLE_C_BOUNDS_SAFETY\=NO
    export ENABLE_DEFAULT_HEADER_SEARCH_PATHS\=YES
    export ENABLE_DEFAULT_SEARCH_PATHS\=YES
    export ENABLE_ENHANCED_SECURITY\=NO
    export ENABLE_HARDENED_RUNTIME\=NO
    export ENABLE_HARDWARE_CHECKED_POINTER_ARITHMETIC_SLICE\=NO
    export ENABLE_HEADER_DEPENDENCIES\=YES
    export ENABLE_INCOMING_NETWORK_CONNECTIONS\=NO
    export ENABLE_ON_DEMAND_RESOURCES\=NO
    export ENABLE_OUTGOING_NETWORK_CONNECTIONS\=NO
    export ENABLE_POINTER_AUTHENTICATION\=NO
    export ENABLE_PREVIEWS\=NO
    export ENABLE_RESOURCE_ACCESS_AUDIO_INPUT\=NO
    export ENABLE_RESOURCE_ACCESS_BLUETOOTH\=NO
    export ENABLE_RESOURCE_ACCESS_CALENDARS\=NO
    export ENABLE_RESOURCE_ACCESS_CAMERA\=NO
    export ENABLE_RESOURCE_ACCESS_CONTACTS\=NO
    export ENABLE_RESOURCE_ACCESS_LOCATION\=NO
    export ENABLE_RESOURCE_ACCESS_PHOTO_LIBRARY\=NO
    export ENABLE_RESOURCE_ACCESS_PRINTING\=NO
    export ENABLE_RESOURCE_ACCESS_USB\=NO
    export ENABLE_SDK_IMPORTS\=NO
    export ENABLE_SECURITY_COMPILER_WARNINGS\=NO
    export ENABLE_STRICT_OBJC_MSGSEND\=YES
    export ENABLE_TESTABILITY\=YES
    export ENABLE_TESTING_SEARCH_PATHS\=NO
    export ENABLE_USER_SCRIPT_SANDBOXING\=NO
    export ENABLE_XOJIT_PREVIEWS\=YES
    export ENFORCE_VALID_ARCHS\=YES
    export ENTITLEMENTS_DESTINATION\=__entitlements
    export ENTITLEMENTS_REQUIRED\=YES
    export EXCLUDED_INSTALLSRC_SUBDIRECTORY_PATTERNS\=.DS_Store\ .svn\ .git\ .hg\ CVS
    export EXCLUDED_RECURSIVE_SEARCH_PATH_SUBDIRECTORIES\=\*.nib\ \*.lproj\ \*.framework\ \*.gch\ \*.xcode\*\ \*.xcassets\ \*.icon\ \(\*\)\ .DS_Store\ CVS\ .svn\ .git\ .hg\ \*.pbproj\ \*.pbxproj
    export FILE_LIST\=/Users/sparkles/Library/Developer/Xcode/DerivedData/Expensio-futtgngxcysvvhcljmosbeftqmyc/Build/Intermediates.noindex/Pods.build/Debug-iphonesimulator/hermes-engine.build/Objects/LinkFileList
    export FIXED_FILES_DIR\=/Users/sparkles/Library/Developer/Xcode/DerivedData/Expensio-futtgngxcysvvhcljmosbeftqmyc/Build/Intermediates.noindex/Pods.build/Debug-iphonesimulator/hermes-engine.build/FixedFiles
    export FRAMEWORK_SEARCH_PATHS\=\ \"/Users/sparkles/Documents/CodingFiles/FullStack/expensioApp/frontend/ios/Pods/hermes-engine/destroot/Library/Frameworks/universal\"\ \"/Users/sparkles/Library/Developer/Xcode/DerivedData/Expensio-futtgngxcysvvhcljmosbeftqmyc/Build/Products/Debug-iphonesimulator/XCFrameworkIntermediates/hermes-engine/Pre-built\"
    export FRAMEWORK_VERSION\=A
    export FUSE_BUILD_PHASES\=YES
    export FUSE_BUILD_SCRIPT_PHASES\=NO
    export GCC3_VERSION\=3.3
    export GCC_C_LANGUAGE_STANDARD\=gnu11
    export GCC_DYNAMIC_NO_PIC\=NO
    export GCC_NO_COMMON_BLOCKS\=YES
    export GCC_OBJC_LEGACY_DISPATCH\=YES
    export GCC_OPTIMIZATION_LEVEL\=0
    export GCC_PFE_FILE_C_DIALECTS\=c\ objective-c\ c++\ objective-c++
    export GCC_PREPROCESSOR_DEFINITIONS\=POD_CONFIGURATION_DEBUG\=1\ DEBUG\=1\ \ COCOAPODS\=1\ HERMES_ENABLE_DEBUGGER\=1
    export GCC_SYMBOLS_PRIVATE_EXTERN\=NO
    export GCC_TREAT_WARNINGS_AS_ERRORS\=NO
    export GCC_VERSION\=com.apple.compilers.llvm.clang.1_0
    export GCC_VERSION_IDENTIFIER\=com_apple_compilers_llvm_clang_1_0
    export GCC_WARN_64_TO_32_BIT_CONVERSION\=YES
    export GCC_WARN_ABOUT_RETURN_TYPE\=YES_ERROR
    export GCC_WARN_INHIBIT_ALL_WARNINGS\=YES
    export GCC_WARN_UNDECLARED_SELECTOR\=YES
    export GCC_WARN_UNINITIALIZED_AUTOS\=YES_AGGRESSIVE
    export GCC_WARN_UNUSED_FUNCTION\=YES
    export GCC_WARN_UNUSED_VARIABLE\=YES
    export GENERATED_MODULEMAP_DIR\=/Users/sparkles/Library/Developer/Xcode/DerivedData/Expensio-futtgngxcysvvhcljmosbeftqmyc/Build/Intermediates.noindex/GeneratedModuleMaps-iphonesimulator
    export GENERATE_INFOPLIST_FILE\=NO
    export GENERATE_INTERMEDIATE_TEXT_BASED_STUBS\=YES
    export GENERATE_PKGINFO_FILE\=NO
    export GENERATE_PRELINK_OBJECT_FILE\=NO
    export GENERATE_PROFILING_CODE\=NO
    export GENERATE_TEXT_BASED_STUBS\=NO
    export GID\=20
    export GROUP\=staff
    export HEADERMAP_INCLUDES_FLAT_ENTRIES_FOR_TARGET_BEING_BUILT\=YES
    export HEADERMAP_INCLUDES_FRAMEWORK_ENTRIES_FOR_ALL_PRODUCT_TYPES\=YES
    export HEADERMAP_INCLUDES_FRAMEWORK_ENTRIES_FOR_TARGETS_NOT_BEING_BUILT\=YES
    export HEADERMAP_INCLUDES_NONPUBLIC_NONPRIVATE_HEADERS\=YES
    export HEADERMAP_INCLUDES_PROJECT_HEADERS\=YES
    export HEADERMAP_USES_FRAMEWORK_PREFIX_ENTRIES\=YES
    export HEADERMAP_USES_VFS\=NO
    export HEADER_SEARCH_PATHS\=\ \"/Users/sparkles/Documents/CodingFiles/FullStack/expensioApp/frontend/ios/Pods/Headers/Private\"\ \"/Users/sparkles/Documents/CodingFiles/FullStack/expensioApp/frontend/ios/Pods/Headers/Private/hermes-engine\"\ \"/Users/sparkles/Documents/CodingFiles/FullStack/expensioApp/frontend/ios/Pods/Headers/Public\"\ \"/Users/sparkles/Documents/CodingFiles/FullStack/expensioApp/frontend/ios/Pods/Headers/Public/hermes-engine\"\ \"/Users/sparkles/Documents/CodingFiles/FullStack/expensioApp/frontend/ios/Pods/ExpoModulesCore/ExpoModulesCore.xcframework/ios-arm64_x86_64-simulator/ExpoModulesCore.framework/Headers\"\ \"/Users/sparkles/Documents/CodingFiles/FullStack/expensioApp/frontend/ios/Pods/ExpoModulesCore/ExpoModulesCore.xcframework/ios-arm64/ExpoModulesCore.framework/Headers\"\ \"/Users/sparkles/Documents/CodingFiles/FullStack/expensioApp/frontend/ios/Pods/ExpoModulesCore/ExpoModulesCore.xcframework/ios-arm64_x86_64-simulator/ExpoModulesCore.framework/Headers\"\ \"/Users/sparkles/Documents/CodingFiles/FullStack/expensioApp/frontend/ios/Pods/ExpoModulesCore/ExpoModulesCore.xcframework/ios-arm64/ExpoModulesCore.framework/Headers\"
    export HOME\=/Users/sparkles
    export HOST_ARCH\=arm64
    export HOST_PLATFORM\=macosx
    export ICONV\=/usr/bin/iconv
    export IMPLICIT_DEPENDENCY_DOMAIN\=default
    export INDEX_ENABLE_OPTIMIZATION_LEVEL_OVERRIDE\=YES
    export INDEX_STORE_COMPRESS\=NO
    export INDEX_STORE_ONLY_PROJECT_FILES\=NO
    export INFOPLIST_ENABLE_CFBUNDLEICONS_MERGE\=YES
    export INFOPLIST_EXPAND_BUILD_SETTINGS\=YES
    export INFOPLIST_OUTPUT_FORMAT\=binary
    export INFOPLIST_PREPROCESS\=NO
    export INLINE_PRIVATE_FRAMEWORKS\=NO
    export INSTALLAPI_IGNORE_SKIP_INSTALL\=YES
    export INSTALLHDRS_COPY_PHASE\=NO
    export INSTALLHDRS_SCRIPT_PHASE\=NO
    export INSTALL_DIR\=/tmp/Pods.dst
    export INSTALL_GROUP\=staff
    export INSTALL_MODE_FLAG\=u+w,go-w,a+rX
    export INSTALL_OWNER\=sparkles
    export INSTALL_ROOT\=/tmp/Pods.dst
    export IPHONEOS_DEPLOYMENT_TARGET\=17.0
    export IS_UNOPTIMIZED_BUILD\=YES
    export JAVAC_DEFAULT_FLAGS\=-J-Xms64m\ -J-XX:NewSize\=4M\ -J-Dfile.encoding\=UTF8
    export JAVA_APP_STUB\=/System/Library/Frameworks/JavaVM.framework/Resources/MacOS/JavaApplicationStub
    export JAVA_ARCHIVE_CLASSES\=YES
    export JAVA_ARCHIVE_TYPE\=JAR
    export JAVA_COMPILER\=/usr/bin/javac
    export JAVA_FRAMEWORK_RESOURCES_DIRS\=Resources
    export JAVA_JAR_FLAGS\=cv
    export JAVA_SOURCE_SUBDIR\=.
    export JAVA_USE_DEPENDENCIES\=YES
    export JAVA_ZIP_FLAGS\=-urg
    export JIKES_DEFAULT_FLAGS\=+E\ +OLDCSO
    export KEEP_PRIVATE_EXTERNS\=NO
    export LD_DEPENDENCY_INFO_FILE\=/Users/sparkles/Library/Developer/Xcode/DerivedData/Expensio-futtgngxcysvvhcljmosbeftqmyc/Build/Intermediates.noindex/Pods.build/Debug-iphonesimulator/hermes-engine.build/Objects-normal/undefined_arch/hermes-engine_dependency_info.dat
    export LD_EXPORT_GLOBAL_SYMBOLS\=YES
    export LD_EXPORT_SYMBOLS\=YES
    export LD_GENERATE_MAP_FILE\=NO
    export LD_MAP_FILE_PATH\=/Users/sparkles/Library/Developer/Xcode/DerivedData/Expensio-futtgngxcysvvhcljmosbeftqmyc/Build/Intermediates.noindex/Pods.build/Debug-iphonesimulator/hermes-engine.build/hermes-engine-LinkMap-normal-undefined_arch.txt
    export LD_NO_PIE\=NO
    export LD_QUOTE_LINKER_ARGUMENTS_FOR_COMPILER_DRIVER\=YES
    export LD_RUNPATH_SEARCH_PATHS\=\ @executable_path/Frameworks
    export LD_SHARED_CACHE_ELIGIBLE\=Automatic
    export LD_WARN_DUPLICATE_LIBRARIES\=NO
    export LD_WARN_UNUSED_DYLIBS\=NO
    export LEGACY_DEVELOPER_DIR\=/Applications/Xcode.app/Contents/PlugIns/Xcode3Core.ideplugin/Contents/SharedSupport/Developer
    export LEX\=lex
    export LIBRARY_DEXT_INSTALL_PATH\=/Library/DriverExtensions
    export LIBRARY_FLAG_NOSPACE\=YES
    export LIBRARY_KEXT_INSTALL_PATH\=/Library/Extensions
    export LINKER_DISPLAYS_MANGLED_NAMES\=NO
    export LINK_FILE_LIST_normal_arm64\=/Users/sparkles/Library/Developer/Xcode/DerivedData/Expensio-futtgngxcysvvhcljmosbeftqmyc/Build/Intermediates.noindex/Pods.build/Debug-iphonesimulator/hermes-engine.build/Objects-normal/arm64/hermes-engine.LinkFileList
    export LINK_FILE_LIST_normal_x86_64\=/Users/sparkles/Library/Developer/Xcode/DerivedData/Expensio-futtgngxcysvvhcljmosbeftqmyc/Build/Intermediates.noindex/Pods.build/Debug-iphonesimulator/hermes-engine.build/Objects-normal/x86_64/hermes-engine.LinkFileList
    export LINK_OBJC_RUNTIME\=YES
    export LINK_WITH_STANDARD_LIBRARIES\=YES
    export LLVM_TARGET_TRIPLE_OS_VERSION\=ios17.0
    export LLVM_TARGET_TRIPLE_SUFFIX\=-simulator
    export LLVM_TARGET_TRIPLE_VENDOR\=apple
    export LM_AUX_CONST_METADATA_LIST_PATH_normal_arm64\=/Users/sparkles/Library/Developer/Xcode/DerivedData/Expensio-futtgngxcysvvhcljmosbeftqmyc/Build/Intermediates.noindex/Pods.build/Debug-iphonesimulator/hermes-engine.build/Objects-normal/arm64/hermes-engine.SwiftConstValuesFileList
    export LM_AUX_CONST_METADATA_LIST_PATH_normal_x86_64\=/Users/sparkles/Library/Developer/Xcode/DerivedData/Expensio-futtgngxcysvvhcljmosbeftqmyc/Build/Intermediates.noindex/Pods.build/Debug-iphonesimulator/hermes-engine.build/Objects-normal/x86_64/hermes-engine.SwiftConstValuesFileList
    export LOCALIZATION_EXPORT_SUPPORTED\=YES
    export LOCALIZATION_PREFERS_STRING_CATALOGS\=NO
    export LOCALIZED_STRING_CODE_COMMENTS\=NO
    export LOCALIZED_STRING_MACRO_NAMES\=NSLocalizedString\ CFCopyLocalizedString
    export LOCALIZED_STRING_SWIFTUI_SUPPORT\=YES
    export LOCAL_ADMIN_APPS_DIR\=/Applications/Utilities
    export LOCAL_APPS_DIR\=/Applications
    export LOCAL_DEVELOPER_DIR\=/Library/Developer
    export LOCAL_LIBRARY_DIR\=/Library
    export LOCROOT\=/Users/sparkles/Documents/CodingFiles/FullStack/expensioApp/frontend/ios/Pods
    export LOCSYMROOT\=/Users/sparkles/Documents/CodingFiles/FullStack/expensioApp/frontend/ios/Pods
    export MAC_OS_X_PRODUCT_BUILD_VERSION\=26A428
    export MAC_OS_X_VERSION_ACTUAL\=270000
    export MAC_OS_X_VERSION_MAJOR\=270000
    export MAC_OS_X_VERSION_MINOR\=270000
    export MAKE_MERGEABLE\=NO
    export MERGEABLE_LIBRARY\=NO
    export MERGED_BINARY_TYPE\=none
    export MERGE_LINKED_LIBRARIES\=NO
    export METAL_LIBRARY_FILE_BASE\=default
    export METAL_LIBRARY_OUTPUT_DIR\=/Users/sparkles/Library/Developer/Xcode/DerivedData/Expensio-futtgngxcysvvhcljmosbeftqmyc/Build/Products/Debug-iphonesimulator/hermes-engine/
    export MODULE_CACHE_DIR\=/Users/sparkles/Library/Developer/Xcode/DerivedData/ModuleCache.noindex
    export MTL_ENABLE_DEBUG_INFO\=INCLUDE_SOURCE
    export MTL_FAST_MATH\=YES
    export NATIVE_ARCH\=arm64
    export NATIVE_ARCH_32_BIT\=arm
    export NATIVE_ARCH_64_BIT\=arm64
    export NATIVE_ARCH_ACTUAL\=arm64
    export NO_COMMON\=YES
    export OBJC_ABI_VERSION\=2
    export OBJECT_FILE_DIR\=/Users/sparkles/Library/Developer/Xcode/DerivedData/Expensio-futtgngxcysvvhcljmosbeftqmyc/Build/Intermediates.noindex/Pods.build/Debug-iphonesimulator/hermes-engine.build/Objects
    export OBJECT_FILE_DIR_normal\=/Users/sparkles/Library/Developer/Xcode/DerivedData/Expensio-futtgngxcysvvhcljmosbeftqmyc/Build/Intermediates.noindex/Pods.build/Debug-iphonesimulator/hermes-engine.build/Objects-normal
    export OBJROOT\=/Users/sparkles/Library/Developer/Xcode/DerivedData/Expensio-futtgngxcysvvhcljmosbeftqmyc/Build/Intermediates.noindex
    export ONLY_ACTIVE_ARCH\=NO
    export ONLY_ARCH\=multiple_archs
    export OS\=MACOS
    export OSAC\=/usr/bin/osacompile
    export OTHER_CFLAGS\=\ -DRCT_REMOVE_LEGACY_ARCH\=1\ -ivfsoverlay\ \"/Users/sparkles/Documents/CodingFiles/FullStack/expensioApp/frontend/ios/Pods/React-Core-prebuilt/React-VFS.yaml\"
    export OTHER_CPLUSPLUSFLAGS\=\ -DRCT_REMOVE_LEGACY_ARCH\=1\ -ivfsoverlay\ \"/Users/sparkles/Documents/CodingFiles/FullStack/expensioApp/frontend/ios/Pods/React-Core-prebuilt/React-VFS.yaml\"\ -DRCT_REMOVE_LEGACY_ARCH\=1\ -ivfsoverlay\ \"/Users/sparkles/Documents/CodingFiles/FullStack/expensioApp/frontend/ios/Pods/React-Core-prebuilt/React-VFS.yaml\"
    export OTHER_SWIFT_FLAGS\=\ -Xcc\ -ivfsoverlay\ -Xcc\ \"/Users/sparkles/Documents/CodingFiles/FullStack/expensioApp/frontend/ios/Pods/React-Core-prebuilt/React-VFS.yaml\"\ -Xcc\ -Wno-incomplete-umbrella
    export PASCAL_STRINGS\=YES
    export PATH\=/Applications/Xcode.app/Contents/SharedFrameworks/SwiftBuild.framework/Versions/A/PlugIns/SWBBuildService.bundle/Contents/PlugIns/SWBUniversalPlatformPlugin.bundle/Contents/Frameworks/SWBUniversalPlatform.framework/Resources:/Applications/Xcode.app/Contents/Developer/Toolchains/XcodeDefault.xctoolchain/usr/bin:/Applications/Xcode.app/Contents/Developer/Toolchains/XcodeDefault.xctoolchain/usr/local/bin:/Applications/Xcode.app/Contents/Developer/Toolchains/XcodeDefault.xctoolchain/usr/libexec:/Applications/Xcode.app/Contents/Developer/Platforms/iPhoneSimulator.platform/usr/bin:/Applications/Xcode.app/Contents/Developer/Platforms/iPhoneSimulator.platform/usr/local/bin:/Applications/Xcode.app/Contents/Developer/Platforms/iPhoneSimulator.platform/Developer/usr/bin:/Applications/Xcode.app/Contents/Developer/Platforms/iPhoneSimulator.platform/Developer/usr/local/bin:/Applications/Xcode.app/Contents/Developer/usr/bin:/Applications/Xcode.app/Contents/Developer/usr/local/bin:/Users/sparkles/.gemini/antigravity-ide/bin:/Users/sparkles/.antigravity-ide/antigravity-ide/bin:/opt/homebrew/bin:/opt/homebrew/sbin:/usr/local/bin:/System/Cryptexes/App/usr/bin:/usr/bin:/bin:/usr/sbin:/sbin:/var/run/com.apple.security.cryptexd/codex.system/bootstrap/usr/local/bin:/var/run/com.apple.security.cryptexd/codex.system/bootstrap/usr/bin:/var/run/com.apple.security.cryptexd/codex.system/bootstrap/usr/appleinternal/bin:/pkg/env/global/bin
    export PATH_PREFIXES_EXCLUDED_FROM_HEADER_DEPENDENCIES\=/usr/include\ /usr/local/include\ /System/Library/Frameworks\ /System/Library/PrivateFrameworks\ /Applications/Xcode.app/Contents/Developer/Headers\ /Applications/Xcode.app/Contents/Developer/SDKs\ /Applications/Xcode.app/Contents/Developer/Platforms
    export PER_ARCH_MODULE_FILE_DIR\=/Users/sparkles/Library/Developer/Xcode/DerivedData/Expensio-futtgngxcysvvhcljmosbeftqmyc/Build/Intermediates.noindex/Pods.build/Debug-iphonesimulator/hermes-engine.build/Objects-normal/undefined_arch
    export PER_ARCH_OBJECT_FILE_DIR\=/Users/sparkles/Library/Developer/Xcode/DerivedData/Expensio-futtgngxcysvvhcljmosbeftqmyc/Build/Intermediates.noindex/Pods.build/Debug-iphonesimulator/hermes-engine.build/Objects-normal/undefined_arch
    export PER_VARIANT_OBJECT_FILE_DIR\=/Users/sparkles/Library/Developer/Xcode/DerivedData/Expensio-futtgngxcysvvhcljmosbeftqmyc/Build/Intermediates.noindex/Pods.build/Debug-iphonesimulator/hermes-engine.build/Objects-normal
    export PKGINFO_FILE_PATH\=/Users/sparkles/Library/Developer/Xcode/DerivedData/Expensio-futtgngxcysvvhcljmosbeftqmyc/Build/Intermediates.noindex/Pods.build/Debug-iphonesimulator/hermes-engine.build/PkgInfo
    export PLATFORM_DEVELOPER_APPLICATIONS_DIR\=/Applications/Xcode.app/Contents/Developer/Platforms/iPhoneSimulator.platform/Developer/Applications
    export PLATFORM_DEVELOPER_BIN_DIR\=/Applications/Xcode.app/Contents/Developer/Platforms/iPhoneSimulator.platform/Developer/usr/bin
    export PLATFORM_DEVELOPER_LIBRARY_DIR\=/Applications/Xcode.app/Contents/Developer/Platforms/iPhoneSimulator.platform/Developer/Library
    export PLATFORM_DEVELOPER_SDK_DIR\=/Applications/Xcode.app/Contents/Developer/Platforms/iPhoneSimulator.platform/Developer/SDKs
    export PLATFORM_DEVELOPER_TOOLS_DIR\=/Applications/Xcode.app/Contents/Developer/Platforms/iPhoneSimulator.platform/Developer/Tools
    export PLATFORM_DEVELOPER_USR_DIR\=/Applications/Xcode.app/Contents/Developer/Platforms/iPhoneSimulator.platform/Developer/usr
    export PLATFORM_DIR\=/Applications/Xcode.app/Contents/Developer/Platforms/iPhoneSimulator.platform
    export PLATFORM_DISPLAY_NAME\=iOS\ Simulator
    export PLATFORM_FAMILY_NAME\=iOS
    export PLATFORM_NAME\=iphonesimulator
    export PLATFORM_PREFERRED_ARCH\=x86_64
    export PLATFORM_PRODUCT_BUILD_VERSION\=24A430
    export PLATFORM_REQUIRES_SWIFT_AUTOLINK_EXTRACT\=NO
    export PLATFORM_REQUIRES_SWIFT_MODULEWRAP\=NO
    export PLATFORM_USES_DSYMS\=YES
    export PLIST_FILE_OUTPUT_FORMAT\=binary
    export PODFILE_DIR\=/Users/sparkles/Documents/CodingFiles/FullStack/expensioApp/frontend/ios/Pods/..
    export PODS_BUILD_DIR\=/Users/sparkles/Library/Developer/Xcode/DerivedData/Expensio-futtgngxcysvvhcljmosbeftqmyc/Build/Products
    export PODS_CONFIGURATION_BUILD_DIR\=/Users/sparkles/Library/Developer/Xcode/DerivedData/Expensio-futtgngxcysvvhcljmosbeftqmyc/Build/Products/Debug-iphonesimulator
    export PODS_DEVELOPMENT_LANGUAGE\=en
    export PODS_ROOT\=/Users/sparkles/Documents/CodingFiles/FullStack/expensioApp/frontend/ios/Pods
    export PODS_TARGET_SRCROOT\=/Users/sparkles/Documents/CodingFiles/FullStack/expensioApp/frontend/ios/Pods/hermes-engine
    export PODS_XCFRAMEWORKS_BUILD_DIR\=/Users/sparkles/Library/Developer/Xcode/DerivedData/Expensio-futtgngxcysvvhcljmosbeftqmyc/Build/Products/Debug-iphonesimulator/XCFrameworkIntermediates
    export PRECOMPS_INCLUDE_HEADERS_FROM_BUILT_PRODUCTS_DIR\=YES
    export PRECOMP_DESTINATION_DIR\=/Users/sparkles/Library/Developer/Xcode/DerivedData/Expensio-futtgngxcysvvhcljmosbeftqmyc/Build/Intermediates.noindex/Pods.build/Debug-iphonesimulator/hermes-engine.build/PrefixHeaders
    export PRELINK_DEPENDENCY_INFO_FILE\=/Users/sparkles/Library/Developer/Xcode/DerivedData/Expensio-futtgngxcysvvhcljmosbeftqmyc/Build/Intermediates.noindex/Pods.build/Debug-iphonesimulator/hermes-engine.build/Objects-normal/undefined_arch/hermes-engine_prelink_dependency_info.dat
    export PROCESSED_INFOPLIST_PATH\=/Users/sparkles/Library/Developer/Xcode/DerivedData/Expensio-futtgngxcysvvhcljmosbeftqmyc/Build/Intermediates.noindex/Pods.build/Debug-iphonesimulator/hermes-engine.build/Objects-normal/undefined_arch/Processed-Info.plist
    export PRODUCT_BUNDLE_IDENTIFIER\=org.cocoapods.hermes-engine
    export PRODUCT_MODULE_NAME\=hermes_engine
    export PRODUCT_NAME\=hermes-engine
    export PRODUCT_SETTINGS_PATH\=
    export PROFILING_CODE\=NO
    export PROJECT\=Pods
    export PROJECT_DERIVED_FILE_DIR\=/Users/sparkles/Library/Developer/Xcode/DerivedData/Expensio-futtgngxcysvvhcljmosbeftqmyc/Build/Intermediates.noindex/Pods.build/DerivedSources
    export PROJECT_DIR\=/Users/sparkles/Documents/CodingFiles/FullStack/expensioApp/frontend/ios/Pods
    export PROJECT_FILE_PATH\=/Users/sparkles/Documents/CodingFiles/FullStack/expensioApp/frontend/ios/Pods/Pods.xcodeproj
    export PROJECT_GUID\=8699adb1dd336b26511df848a716bd42
    export PROJECT_NAME\=Pods
    export PROJECT_TEMP_DIR\=/Users/sparkles/Library/Developer/Xcode/DerivedData/Expensio-futtgngxcysvvhcljmosbeftqmyc/Build/Intermediates.noindex/Pods.build
    export PROJECT_TEMP_ROOT\=/Users/sparkles/Library/Developer/Xcode/DerivedData/Expensio-futtgngxcysvvhcljmosbeftqmyc/Build/Intermediates.noindex
    export REACT_NATIVE_PATH\=/Users/sparkles/Documents/CodingFiles/FullStack/expensioApp/frontend/ios/Pods/../../node_modules/react-native
    export RECOMMENDED_IPHONEOS_DEPLOYMENT_TARGET\=17.0
    export RECURSIVE_SEARCH_PATHS_FOLLOW_SYMLINKS\=YES
    export REMOVE_CVS_FROM_RESOURCES\=YES
    export REMOVE_GIT_FROM_RESOURCES\=YES
    export REMOVE_HEADERS_FROM_EMBEDDED_BUNDLES\=YES
    export REMOVE_HG_FROM_RESOURCES\=YES
    export REMOVE_STATIC_EXECUTABLES_FROM_EMBEDDED_BUNDLES\=YES
    export REMOVE_SVN_FROM_RESOURCES\=YES
    export RESCHEDULE_INDEPENDENT_HEADERS_PHASES\=YES
    export REZ_COLLECTOR_DIR\=/Users/sparkles/Library/Developer/Xcode/DerivedData/Expensio-futtgngxcysvvhcljmosbeftqmyc/Build/Intermediates.noindex/Pods.build/Debug-iphonesimulator/hermes-engine.build/ResourceManagerResources
    export REZ_OBJECTS_DIR\=/Users/sparkles/Library/Developer/Xcode/DerivedData/Expensio-futtgngxcysvvhcljmosbeftqmyc/Build/Intermediates.noindex/Pods.build/Debug-iphonesimulator/hermes-engine.build/ResourceManagerResources/Objects
    export RPATH_ORIGIN\=@loader_path
    export RUNTIME_EXCEPTION_ALLOW_DYLD_ENVIRONMENT_VARIABLES\=NO
    export RUNTIME_EXCEPTION_ALLOW_JIT\=NO
    export RUNTIME_EXCEPTION_ALLOW_UNSIGNED_EXECUTABLE_MEMORY\=NO
    export RUNTIME_EXCEPTION_DEBUGGING_TOOL\=NO
    export RUNTIME_EXCEPTION_DISABLE_EXECUTABLE_PAGE_PROTECTION\=NO
    export RUNTIME_EXCEPTION_DISABLE_LIBRARY_VALIDATION\=NO
    export SCANNING_PCM_KEEP_CACHE_DIRECTORY\=YES
    export SCAN_ALL_SOURCE_FILES_FOR_INCLUDES\=NO
    export SCRIPT_INPUT_FILE_COUNT\=0
    export SCRIPT_INPUT_FILE_LIST_COUNT\=0
    export SCRIPT_OUTPUT_FILE_COUNT\=0
    export SCRIPT_OUTPUT_FILE_LIST_COUNT\=0
    export SDKROOT\=/Applications/Xcode.app/Contents/Developer/Platforms/iPhoneSimulator.platform/Developer/SDKs/iPhoneSimulator27.0.sdk
    export SDK_DIR\=/Applications/Xcode.app/Contents/Developer/Platforms/iPhoneSimulator.platform/Developer/SDKs/iPhoneSimulator27.0.sdk
    export SDK_DIR_iphonesimulator\=/Applications/Xcode.app/Contents/Developer/Platforms/iPhoneSimulator.platform/Developer/SDKs/iPhoneSimulator27.0.sdk
    export SDK_DIR_iphonesimulator27_0\=/Applications/Xcode.app/Contents/Developer/Platforms/iPhoneSimulator.platform/Developer/SDKs/iPhoneSimulator27.0.sdk
    export SDK_NAME\=iphonesimulator27.0
    export SDK_NAMES\=iphonesimulator27.0
    export SDK_PRODUCT_BUILD_VERSION\=24A430
    export SDK_STAT_CACHE_DIR\=/Users/sparkles/Library/Developer/Xcode/DerivedData
    export SDK_STAT_CACHE_ENABLE\=YES
    export SDK_STAT_CACHE_PATH\=/Users/sparkles/Library/Developer/Xcode/DerivedData/SDKStatCaches.noindex/iphonesimulator27.0-24A430-8dc58220667be655e1bcc261a7455254.sdkstatcache
    export SDK_VERSION\=27.0
    export SDK_VERSION_ACTUAL\=270000
    export SDK_VERSION_MAJOR\=270000
    export SDK_VERSION_MINOR\=270000
    export SED\=/usr/bin/sed
    export SEPARATE_STRIP\=NO
    export SEPARATE_SYMBOL_EDIT\=NO
    export SET_DIR_MODE_OWNER_GROUP\=YES
    export SET_FILE_MODE_OWNER_GROUP\=NO
    export SHALLOW_BUNDLE\=NO
    export SHARED_DERIVED_FILE_DIR\=/Users/sparkles/Library/Developer/Xcode/DerivedData/Expensio-futtgngxcysvvhcljmosbeftqmyc/Build/Products/Debug-iphonesimulator/hermes-engine/DerivedSources
    export SHARED_PRECOMPS_DIR\=/Users/sparkles/Library/Developer/Xcode/DerivedData/Expensio-futtgngxcysvvhcljmosbeftqmyc/Build/Intermediates.noindex/PrecompiledHeaders
    export SKIP_COPYING_TEST_FRAMEWORKS\=YES
    export SKIP_INSTALL\=YES
    export SKIP_MERGEABLE_LIBRARY_BUNDLE_HOOK\=NO
    export SOURCE_ROOT\=/Users/sparkles/Documents/CodingFiles/FullStack/expensioApp/frontend/ios/Pods
    export SRCROOT\=/Users/sparkles/Documents/CodingFiles/FullStack/expensioApp/frontend/ios/Pods
    export STRINGSDATA_DIR\=/Users/sparkles/Library/Developer/Xcode/DerivedData/Expensio-futtgngxcysvvhcljmosbeftqmyc/Build/Intermediates.noindex/Pods.build/Debug-iphonesimulator/hermes-engine.build/Objects-normal/undefined_arch
    export STRINGSDATA_ROOT\=/Users/sparkles/Library/Developer/Xcode/DerivedData/Expensio-futtgngxcysvvhcljmosbeftqmyc/Build/Intermediates.noindex/Pods.build/Debug-iphonesimulator/hermes-engine.build
    export STRINGS_FILE_INFOPLIST_RENAME\=YES
    export STRINGS_FILE_OUTPUT_ENCODING\=binary
    export STRING_CATALOG_GENERATE_SYMBOLS\=YES
    export STRIP_BITCODE_FROM_COPIED_FILES\=NO
    export STRIP_INSTALLED_PRODUCT\=NO
    export STRIP_STYLE\=all
    export STRIP_SWIFT_SYMBOLS\=YES
    export SUPPORTED_DEVICE_FAMILIES\=1,2
    export SUPPORTED_PLATFORMS\=iphoneos\ iphonesimulator
    export SUPPORTS_TEXT_BASED_API\=NO
    export SUPPRESS_WARNINGS\=NO
    export SWIFTC_PASS_SDKROOT\=YES
    export SWIFTC_PASS_SYSROOT\=NO
    export SWIFT_ACTIVE_COMPILATION_CONDITIONS\=\ DEBUG
    export SWIFT_COLOR_DIAGNOSTICS\=NO
    export SWIFT_EMIT_CONST_VALUE_PROTOCOLS\=AnyResolverProviding\ AppEntity\ AppEnum\ AppExtension\ AppIntent\ AppIntentsPackage\ AppShortcutProviding\ AppShortcutsProvider\ AppUnionValue\ AppUnionValueCasesProviding\ DynamicOptionsProvider\ EntityQuery\ ExtensionPointDefining\ IntentValueQuery\ Resolver\ TransientEntity\ _AssistantIntentsProvider\ _GenerativeFunctionExtractable\ _IntentValueRepresentable
    export SWIFT_EMIT_LOC_STRINGS\=NO
    export SWIFT_EMIT_MODULE_INTERFACE\=NO
    export SWIFT_ENABLE_EXPLICIT_MODULES\=NO
    export SWIFT_ENABLE_TESTABILITY\=YES
    export SWIFT_OPTIMIZATION_LEVEL\=-Onone
    export SWIFT_PLATFORM_TARGET_PREFIX\=ios
    export SWIFT_RESPONSE_FILE_PATH_normal_arm64\=/Users/sparkles/Library/Developer/Xcode/DerivedData/Expensio-futtgngxcysvvhcljmosbeftqmyc/Build/Intermediates.noindex/Pods.build/Debug-iphonesimulator/hermes-engine.build/Objects-normal/arm64/hermes-engine.SwiftFileList
    export SWIFT_RESPONSE_FILE_PATH_normal_x86_64\=/Users/sparkles/Library/Developer/Xcode/DerivedData/Expensio-futtgngxcysvvhcljmosbeftqmyc/Build/Intermediates.noindex/Pods.build/Debug-iphonesimulator/hermes-engine.build/Objects-normal/x86_64/hermes-engine.SwiftFileList
    export SWIFT_VERSION\=5.0
    export SYMROOT\=/Users/sparkles/Library/Developer/Xcode/DerivedData/Expensio-futtgngxcysvvhcljmosbeftqmyc/Build/Products
    export SYSROOT\=/Applications/Xcode.app/Contents/Developer/Platforms/iPhoneSimulator.platform/Developer/SDKs/iPhoneSimulator27.0.sdk
    export SYSTEM_ADMIN_APPS_DIR\=/Applications/Utilities
    export SYSTEM_APPS_DIR\=/Applications
    export SYSTEM_CORE_SERVICES_DIR\=/System/Library/CoreServices
    export SYSTEM_DEMOS_DIR\=/Applications/Extras
    export SYSTEM_DEVELOPER_APPS_DIR\=/Applications/Xcode.app/Contents/Developer/Applications
    export SYSTEM_DEVELOPER_BIN_DIR\=/Applications/Xcode.app/Contents/Developer/usr/bin
    export SYSTEM_DEVELOPER_DEMOS_DIR\=/Applications/Xcode.app/Contents/Developer/Applications/Utilities/Built\ Examples
    export SYSTEM_DEVELOPER_DIR\=/Applications/Xcode.app/Contents/Developer
    export SYSTEM_DEVELOPER_DOC_DIR\=/Applications/Xcode.app/Contents/Developer/ADC\ Reference\ Library
    export SYSTEM_DEVELOPER_GRAPHICS_TOOLS_DIR\=/Applications/Xcode.app/Contents/Developer/Applications/Graphics\ Tools
    export SYSTEM_DEVELOPER_JAVA_TOOLS_DIR\=/Applications/Xcode.app/Contents/Developer/Applications/Java\ Tools
    export SYSTEM_DEVELOPER_PERFORMANCE_TOOLS_DIR\=/Applications/Xcode.app/Contents/Developer/Applications/Performance\ Tools
    export SYSTEM_DEVELOPER_RELEASENOTES_DIR\=/Applications/Xcode.app/Contents/Developer/ADC\ Reference\ Library/releasenotes
    export SYSTEM_DEVELOPER_TOOLS\=/Applications/Xcode.app/Contents/Developer/Tools
    export SYSTEM_DEVELOPER_TOOLS_DOC_DIR\=/Applications/Xcode.app/Contents/Developer/ADC\ Reference\ Library/documentation/DeveloperTools
    export SYSTEM_DEVELOPER_TOOLS_RELEASENOTES_DIR\=/Applications/Xcode.app/Contents/Developer/ADC\ Reference\ Library/releasenotes/DeveloperTools
    export SYSTEM_DEVELOPER_USR_DIR\=/Applications/Xcode.app/Contents/Developer/usr
    export SYSTEM_DEVELOPER_UTILITIES_DIR\=/Applications/Xcode.app/Contents/Developer/Applications/Utilities
    export SYSTEM_DEXT_INSTALL_PATH\=/System/Library/DriverExtensions
    export SYSTEM_DOCUMENTATION_DIR\=/Library/Documentation
    export SYSTEM_KEXT_INSTALL_PATH\=/System/Library/Extensions
    export SYSTEM_LIBRARY_DIR\=/System/Library
    export TAPI_DEMANGLE\=YES
    export TAPI_ENABLE_PROJECT_HEADERS\=NO
    export TAPI_LANGUAGE\=objective-c
    export TAPI_LANGUAGE_STANDARD\=compiler-default
    export TAPI_USE_SRCROOT\=YES
    export TAPI_VERIFY_MODE\=Pedantic
    export TARGETED_DEVICE_FAMILY\=1,2
    export TARGETNAME\=hermes-engine
    export TARGET_BUILD_DIR\=/Users/sparkles/Library/Developer/Xcode/DerivedData/Expensio-futtgngxcysvvhcljmosbeftqmyc/Build/Products/Debug-iphonesimulator/hermes-engine
    export TARGET_NAME\=hermes-engine
    export TARGET_TEMP_DIR\=/Users/sparkles/Library/Developer/Xcode/DerivedData/Expensio-futtgngxcysvvhcljmosbeftqmyc/Build/Intermediates.noindex/Pods.build/Debug-iphonesimulator/hermes-engine.build
    export TEMP_DIR\=/Users/sparkles/Library/Developer/Xcode/DerivedData/Expensio-futtgngxcysvvhcljmosbeftqmyc/Build/Intermediates.noindex/Pods.build/Debug-iphonesimulator/hermes-engine.build
    export TEMP_FILES_DIR\=/Users/sparkles/Library/Developer/Xcode/DerivedData/Expensio-futtgngxcysvvhcljmosbeftqmyc/Build/Intermediates.noindex/Pods.build/Debug-iphonesimulator/hermes-engine.build
    export TEMP_FILE_DIR\=/Users/sparkles/Library/Developer/Xcode/DerivedData/Expensio-futtgngxcysvvhcljmosbeftqmyc/Build/Intermediates.noindex/Pods.build/Debug-iphonesimulator/hermes-engine.build
    export TEMP_ROOT\=/Users/sparkles/Library/Developer/Xcode/DerivedData/Expensio-futtgngxcysvvhcljmosbeftqmyc/Build/Intermediates.noindex
    export TEMP_SANDBOX_DIR\=/Users/sparkles/Library/Developer/Xcode/DerivedData/Expensio-futtgngxcysvvhcljmosbeftqmyc/Build/Intermediates.noindex/TemporaryTaskSandboxes
    export TEST_FRAMEWORK_SEARCH_PATHS\=\ /Applications/Xcode.app/Contents/Developer/Platforms/iPhoneSimulator.platform/Developer/Library/Frameworks\ /Applications/Xcode.app/Contents/Developer/Platforms/iPhoneSimulator.platform/Developer/SDKs/iPhoneSimulator27.0.sdk/Developer/Library/Frameworks
    export TEST_LIBRARY_SEARCH_PATHS\=\ /Applications/Xcode.app/Contents/Developer/Platforms/iPhoneSimulator.platform/Developer/usr/lib
    export TOOLCHAINS\=com.apple.dt.toolchain.XcodeDefault
    export TOOLCHAIN_DIR\=/Applications/Xcode.app/Contents/Developer/Toolchains/XcodeDefault.xctoolchain
    export TREAT_MISSING_BASELINES_AS_TEST_FAILURES\=NO
    export TREAT_MISSING_SCRIPT_PHASE_OUTPUTS_AS_ERRORS\=NO
    export UID\=501
    export UNINSTALLED_PRODUCTS_DIR\=/Users/sparkles/Library/Developer/Xcode/DerivedData/Expensio-futtgngxcysvvhcljmosbeftqmyc/Build/Intermediates.noindex/UninstalledProducts
    export UNSTRIPPED_PRODUCT\=NO
    export USER\=sparkles
    export USER_APPS_DIR\=/Users/sparkles/Applications
    export USER_LIBRARY_DIR\=/Users/sparkles/Library
    export USE_DYNAMIC_NO_PIC\=YES
    export USE_HEADERMAP\=YES
    export USE_HEADER_SYMLINKS\=NO
    export USE_HERMES\=true
    export USE_RECURSIVE_SCRIPT_INPUTS_IN_SCRIPT_PHASES\=YES
    export VALIDATE_DEVELOPMENT_ASSET_PATHS\=YES_ERROR
    export VALIDATE_PRODUCT\=NO
    export VALID_ARCHS\=arm64\ x86_64
    export VERBOSE_PBXCP\=NO
    export VERSION_INFO_BUILDER\=sparkles
    export VERSION_INFO_FILE\=hermes-engine_vers.c
    export VERSION_INFO_STRING\=\"@\(\#\)PROGRAM:hermes-engine\ \ PROJECT:Pods-\"
    export WORKSPACE_DIR\=/Users/sparkles/Documents/CodingFiles/FullStack/expensioApp/frontend/ios
    export WRAP_ASSET_PACKS_IN_SEPARATE_DIRECTORIES\=NO
    export XCODE_APP_SUPPORT_DIR\=/Applications/Xcode.app/Contents/Developer/Library/Xcode
    export XCODE_PRODUCT_BUILD_VERSION\=27A266a
    export XCODE_VERSION_ACTUAL\=2700
    export XCODE_VERSION_MAJOR\=2700
    export XCODE_VERSION_MINOR\=2700
    export XPCSERVICES_FOLDER_PATH\=/XPCServices
    export YACC\=yacc
    export _DISCOVER_COMMAND_LINE_LINKER_INPUTS\=YES
    export _DISCOVER_COMMAND_LINE_LINKER_INPUTS_INCLUDE_WL\=YES
    export _LD_MULTIARCH\=YES
    export _SWIFT_EXPLICIT_MODULES_ALLOW_CXX_INTEROP\=NO
    export __ARCHS__\=arm64\ x86_64
    export __DIAGNOSE_DEPRECATED_ARCHS\=YES
    export __DIAGNOSE_INVALID_DEPLOYMENT_TARGET_AS_ERROR\=YES
    export __ORIGINAL_SDK_DEFINED_LLVM_TARGET_TRIPLE_SYS\=ios
    export arch\=undefined_arch
    export variant\=normal
    /bin/sh -c /Users/sparkles/Library/Developer/Xcode/DerivedData/Expensio-futtgngxcysvvhcljmosbeftqmyc/Build/Intermediates.noindex/Pods.build/Debug-iphonesimulator/hermes-engine.build/Script-46EB2E0001AB00.sh
Node found at: /opt/homebrew/Cellar/node/26.10.0_1/bin/node
No previous build detected, but Debug Configuration. No need to replace Hermes engine

PhaseScriptExecution [CP-User]\ [RNDeps]\ Replace\ React\ Native\ Dependencies\ for\ the\ right\ configuration,\ if\ needed /Users/sparkles/Library/Developer/Xcode/DerivedData/Expensio-futtgngxcysvvhcljmosbeftqmyc/Build/Intermediates.noindex/Pods.build/Debug-iphonesimulator/ReactNativeDependencies.build/Script-46EB2E0001AAE0.sh (in target 'ReactNativeDependencies' from project 'Pods')
    cd /Users/sparkles/Documents/CodingFiles/FullStack/expensioApp/frontend/ios/Pods
    export ACTION\=build
    export AD_HOC_CODE_SIGNING_ALLOWED\=YES
    export ALLOW_BUILD_REQUEST_OVERRIDES\=NO
    export ALLOW_TARGET_PLATFORM_SPECIALIZATION\=NO
    export ALTERNATE_GROUP\=staff
    export ALTERNATE_MODE\=u+w,go-w,a+rX
    export ALTERNATE_OWNER\=sparkles
    export ALTERNATIVE_DISTRIBUTION_WEB\=NO
    export ALWAYS_EMBED_SWIFT_STANDARD_LIBRARIES\=NO
    export ALWAYS_SEARCH_USER_PATHS\=NO
    export ALWAYS_USE_SEPARATE_HEADERMAPS\=NO
    export APPLICATION_EXTENSION_API_ONLY\=NO
    export APPLY_RULES_IN_COPY_FILES\=NO
    export APPLY_RULES_IN_COPY_HEADERS\=NO
    export APP_SHORTCUTS_ENABLE_FLEXIBLE_MATCHING\=YES
    export ARCHS\=arm64\ x86_64
    export ARCHS_BASE\=arm64\ x86_64
    export ARCHS_STANDARD\=arm64\ x86_64
    export ARCHS_STANDARD_32_64_BIT\=arm64\ x86_64
    export ARCHS_STANDARD_64_BIT\=arm64\ x86_64
    export ARCHS_STANDARD_INCLUDING_64_BIT\=arm64\ x86_64
    export ARCHS_UNIVERSAL_IPHONE_OS\=arm64\ x86_64
    export ASSETCATALOG_COMPILER_APPICON_NAME\=AppIcon
    export ASSETCATALOG_COMPILER_GLOBAL_ACCENT_COLOR_NAME\=AccentColor
    export AUTOMATICALLY_MERGE_DEPENDENCIES\=NO
    export AUTOMATION_APPLE_EVENTS\=NO
    export AVAILABLE_PLATFORMS\=android\ appletvos\ appletvsimulator\ driverkit\ freebsd\ iphoneos\ iphonesimulator\ linux\ macosx\ none\ openbsd\ qnx\ staticlinux\ watchos\ watchsimulator\ webassembly\ xros\ xrsimulator
    export BUILD_ACTIVE_RESOURCES_ONLY\=NO
    export BUILD_COMPONENTS\=headers\ build
    export BUILD_DIR\=/Users/sparkles/Library/Developer/Xcode/DerivedData/Expensio-futtgngxcysvvhcljmosbeftqmyc/Build/Products
    export BUILD_LIBRARY_FOR_DISTRIBUTION\=NO
    export BUILD_ONLY_KNOWN_LOCALIZATIONS\=NO
    export BUILD_ROOT\=/Users/sparkles/Library/Developer/Xcode/DerivedData/Expensio-futtgngxcysvvhcljmosbeftqmyc/Build/Products
    export BUILD_STYLE\=
    export BUILD_VARIANTS\=normal
    export BUILT_PRODUCTS_DIR\=/Users/sparkles/Library/Developer/Xcode/DerivedData/Expensio-futtgngxcysvvhcljmosbeftqmyc/Build/Products/Debug-iphonesimulator/ReactNativeDependencies
    export BUNDLE_CONTENTS_FOLDER_PATH_deep\=Contents/
    export BUNDLE_EXECUTABLE_FOLDER_NAME_deep\=MacOS
    export BUNDLE_EXTENSIONS_FOLDER_PATH\=Extensions
    export BUNDLE_FORMAT\=shallow
    export BUNDLE_FRAMEWORKS_FOLDER_PATH\=Frameworks
    export BUNDLE_PLUGINS_FOLDER_PATH\=PlugIns
    export BUNDLE_PRIVATE_HEADERS_FOLDER_PATH\=PrivateHeaders
    export BUNDLE_PUBLIC_HEADERS_FOLDER_PATH\=Headers
    export CACHE_ROOT\=/var/folders/2z/d087lq6n4d1_lvddlb12y_9r0000gn/C/com.apple.DeveloperTools/27.0-27A266a/Xcode
    export CCHROOT\=/var/folders/2z/d087lq6n4d1_lvddlb12y_9r0000gn/C/com.apple.DeveloperTools/27.0-27A266a/Xcode
    export CHMOD\=/bin/chmod
    export CHOWN\=chown
    export CLANG_ANALYZER_LOCALIZABILITY_NONLOCALIZED\=YES
    export CLANG_ANALYZER_NONNULL\=YES
    export CLANG_ANALYZER_NUMBER_OBJECT_CONVERSION\=YES_AGGRESSIVE
    export CLANG_CACHE_FINE_GRAINED_OUTPUTS\=YES
    export CLANG_CXX_LANGUAGE_STANDARD\=c++20
    export CLANG_CXX_LIBRARY\=libc++
    export CLANG_ENABLE_EXPLICIT_MODULES\=YES
    export CLANG_ENABLE_MODULES\=YES
    export CLANG_ENABLE_OBJC_ARC\=YES
    export CLANG_ENABLE_OBJC_WEAK\=NO
    export CLANG_MODULES_BUILD_SESSION_FILE\=/Users/sparkles/Library/Developer/Xcode/DerivedData/ModuleCache.noindex/Session.modulevalidation
    export CLANG_WARN_BLOCK_CAPTURE_AUTORELEASING\=YES
    export CLANG_WARN_BOOL_CONVERSION\=YES
    export CLANG_WARN_COMMA\=YES
    export CLANG_WARN_CONSTANT_CONVERSION\=YES
    export CLANG_WARN_DEPRECATED_OBJC_IMPLEMENTATIONS\=YES
    export CLANG_WARN_DIRECT_OBJC_ISA_USAGE\=YES_ERROR
    export CLANG_WARN_DOCUMENTATION_COMMENTS\=YES
    export CLANG_WARN_EMPTY_BODY\=YES
    export CLANG_WARN_ENUM_CONVERSION\=YES
    export CLANG_WARN_INFINITE_RECURSION\=YES
    export CLANG_WARN_INT_CONVERSION\=YES
    export CLANG_WARN_NON_LITERAL_NULL_CONVERSION\=YES
    export CLANG_WARN_OBJC_IMPLICIT_RETAIN_SELF\=YES
    export CLANG_WARN_OBJC_LITERAL_CONVERSION\=YES
    export CLANG_WARN_OBJC_ROOT_CLASS\=YES_ERROR
    export CLANG_WARN_QUOTED_INCLUDE_IN_FRAMEWORK_HEADER\=NO
    export CLANG_WARN_RANGE_LOOP_ANALYSIS\=YES
    export CLANG_WARN_STRICT_PROTOTYPES\=YES
    export CLANG_WARN_SUSPICIOUS_MOVE\=YES
    export CLANG_WARN_UNGUARDED_AVAILABILITY\=YES_AGGRESSIVE
    export CLANG_WARN_UNREACHABLE_CODE\=YES
    export CLANG_WARN__DUPLICATE_METHOD_MATCH\=YES
    export CLASS_FILE_DIR\=/Users/sparkles/Library/Developer/Xcode/DerivedData/Expensio-futtgngxcysvvhcljmosbeftqmyc/Build/Intermediates.noindex/Pods.build/Debug-iphonesimulator/ReactNativeDependencies.build/JavaClasses
    export CLEAN_PRECOMPS\=YES
    export CLONE_HEADERS\=NO
    export CODESIGNING_FOLDER_PATH\=/Users/sparkles/Library/Developer/Xcode/DerivedData/Expensio-futtgngxcysvvhcljmosbeftqmyc/Build/Products/Debug-iphonesimulator/ReactNativeDependencies/
    export CODE_SIGNING_ALLOWED\=NO
    export CODE_SIGNING_REQUIRED\=YES
    export CODE_SIGN_CONTEXT_CLASS\=XCiPhoneSimulatorCodeSignContext
    export CODE_SIGN_IDENTITY\=-
    export CODE_SIGN_INJECT_BASE_ENTITLEMENTS\=YES
    export COLOR_DIAGNOSTICS\=NO
    export COMBINE_HIDPI_IMAGES\=NO
    export COMPILATION_CACHE_CAS_PATH\=/Users/sparkles/Library/Developer/Xcode/DerivedData/CompilationCache.noindex
    export COMPILATION_CACHE_KEEP_CAS_DIRECTORY\=YES
    export COMPILER_INDEX_STORE_ENABLE\=Default
    export COMPOSITE_SDK_DIRS\=/Users/sparkles/Library/Developer/Xcode/DerivedData/Expensio-futtgngxcysvvhcljmosbeftqmyc/Build/Intermediates.noindex/CompositeSDKs
    export COMPRESS_PNG_FILES\=YES
    export CONFIGURATION\=Debug
    export CONFIGURATION_BUILD_DIR\=/Users/sparkles/Library/Developer/Xcode/DerivedData/Expensio-futtgngxcysvvhcljmosbeftqmyc/Build/Products/Debug-iphonesimulator/ReactNativeDependencies
    export CONFIGURATION_TEMP_DIR\=/Users/sparkles/Library/Developer/Xcode/DerivedData/Expensio-futtgngxcysvvhcljmosbeftqmyc/Build/Intermediates.noindex/Pods.build/Debug-iphonesimulator
    export COPYING_PRESERVES_HFS_DATA\=NO
    export COPY_HEADERS_RUN_UNIFDEF\=NO
    export COPY_PHASE_STRIP\=NO
    export CORRESPONDING_DEVICE_PLATFORM_DIR\=/Applications/Xcode.app/Contents/Developer/Platforms/iPhoneOS.platform
    export CORRESPONDING_DEVICE_PLATFORM_NAME\=iphoneos
    export CORRESPONDING_DEVICE_SDK_DIR\=/Applications/Xcode.app/Contents/Developer/Platforms/iPhoneOS.platform/Developer/SDKs/iPhoneOS27.0.sdk
    export CORRESPONDING_DEVICE_SDK_NAME\=iphoneos27.0
    export CP\=/bin/cp
    export CREATE_INFOPLIST_SECTION_IN_BINARY\=NO
    export CURRENT_ARCH\=undefined_arch
    export CURRENT_VARIANT\=normal
    export DEAD_CODE_STRIPPING\=YES
    export DEBUGGING_SYMBOLS\=YES
    export DEBUG_INFORMATION_FORMAT\=dwarf
    export DEBUG_INFORMATION_VERSION\=compiler-default
    export DEFAULT_COMPILER\=com.apple.compilers.llvm.clang.1_0
    export DEFAULT_DEXT_INSTALL_PATH\=/System/Library/DriverExtensions
    export DEFAULT_KEXT_INSTALL_PATH\=/System/Library/Extensions
    export DEFINES_MODULE\=NO
    export DEPLOYMENT_LOCATION\=NO
    export DEPLOYMENT_POSTPROCESSING\=NO
    export DEPLOYMENT_TARGET_SETTING_NAME\=IPHONEOS_DEPLOYMENT_TARGET
    export DEPLOYMENT_TARGET_SUGGESTED_VALUES\=15.0\ 15.1\ 15.2\ 15.3\ 15.4\ 15.5\ 15.6\ 16.0\ 16.1\ 16.2\ 16.3\ 16.4\ 16.5\ 16.6\ 17.0\ 17.1\ 17.2\ 17.3\ 17.4\ 17.5\ 17.6\ 18.0\ 18.1\ 18.2\ 18.3\ 18.4\ 18.5\ 18.6\ 26.0\ 26.2\ 26.3\ 26.4\ 26.5\ 26.6\ 27.0
    export DERIVED_FILES_DIR\=/Users/sparkles/Library/Developer/Xcode/DerivedData/Expensio-futtgngxcysvvhcljmosbeftqmyc/Build/Intermediates.noindex/Pods.build/Debug-iphonesimulator/ReactNativeDependencies.build/DerivedSources
    export DERIVED_FILE_DIR\=/Users/sparkles/Library/Developer/Xcode/DerivedData/Expensio-futtgngxcysvvhcljmosbeftqmyc/Build/Intermediates.noindex/Pods.build/Debug-iphonesimulator/ReactNativeDependencies.build/DerivedSources
    export DERIVED_SOURCES_DIR\=/Users/sparkles/Library/Developer/Xcode/DerivedData/Expensio-futtgngxcysvvhcljmosbeftqmyc/Build/Intermediates.noindex/Pods.build/Debug-iphonesimulator/ReactNativeDependencies.build/DerivedSources
    export DEVELOPER_APPLICATIONS_DIR\=/Applications/Xcode.app/Contents/Developer/Applications
    export DEVELOPER_BIN_DIR\=/Applications/Xcode.app/Contents/Developer/usr/bin
    export DEVELOPER_DIR\=/Applications/Xcode.app/Contents/Developer
    export DEVELOPER_FRAMEWORKS_DIR\=/Applications/Xcode.app/Contents/Developer/Library/Frameworks
    export DEVELOPER_FRAMEWORKS_DIR_QUOTED\=/Applications/Xcode.app/Contents/Developer/Library/Frameworks
    export DEVELOPER_LIBRARY_DIR\=/Applications/Xcode.app/Contents/Developer/Library
    export DEVELOPER_SDK_DIR\=/Applications/Xcode.app/Contents/Developer/Platforms/MacOSX.platform/Developer/SDKs
    export DEVELOPER_TOOLS_DIR\=/Applications/Xcode.app/Contents/Developer/Tools
    export DEVELOPER_USR_DIR\=/Applications/Xcode.app/Contents/Developer/usr
    export DEVELOPMENT_LANGUAGE\=en
    export DIAGNOSE_MISSING_TARGET_DEPENDENCIES\=YES
    export DIFF\=/usr/bin/diff
    export DONT_GENERATE_INFOPLIST_FILE\=NO
    export DSTROOT\=/tmp/Pods.dst
    export DT_TOOLCHAIN_DIR\=/Applications/Xcode.app/Contents/Developer/Toolchains/XcodeDefault.xctoolchain
    export DWARF_DSYM_FILE_NAME\=.dSYM
    export DWARF_DSYM_FILE_SHOULD_ACCOMPANY_PRODUCT\=NO
    export DWARF_DSYM_FOLDER_PATH\=/Users/sparkles/Library/Developer/Xcode/DerivedData/Expensio-futtgngxcysvvhcljmosbeftqmyc/Build/Products/Debug-iphonesimulator/ReactNativeDependencies
    export DYNAMIC_LIBRARY_EXTENSION\=dylib
    export EAGER_COMPILATION_ALLOW_SCRIPTS\=NO
    export EAGER_LINKING\=NO
    export EFFECTIVE_PLATFORM_NAME\=-iphonesimulator
    export EFFECTIVE_SWIFT_VERSION\=5
    export EMBEDDED_CONTENT_CONTAINS_SWIFT\=NO
    export EMBED_ASSET_PACKS_IN_PRODUCT_BUNDLE\=NO
    export ENABLE_APP_SANDBOX\=NO
    export ENABLE_CODE_COVERAGE\=YES
    export ENABLE_COHORT_ARCHS\=YES
    export ENABLE_CPLUSPLUS_BOUNDS_SAFE_BUFFERS\=NO
    export ENABLE_C_BOUNDS_SAFETY\=NO
    export ENABLE_DEFAULT_HEADER_SEARCH_PATHS\=YES
    export ENABLE_DEFAULT_SEARCH_PATHS\=YES
    export ENABLE_ENHANCED_SECURITY\=NO
    export ENABLE_HARDENED_RUNTIME\=NO
    export ENABLE_HARDWARE_CHECKED_POINTER_ARITHMETIC_SLICE\=NO
    export ENABLE_HEADER_DEPENDENCIES\=YES
    export ENABLE_INCOMING_NETWORK_CONNECTIONS\=NO
    export ENABLE_ON_DEMAND_RESOURCES\=NO
    export ENABLE_OUTGOING_NETWORK_CONNECTIONS\=NO
    export ENABLE_POINTER_AUTHENTICATION\=NO
    export ENABLE_PREVIEWS\=NO
    export ENABLE_RESOURCE_ACCESS_AUDIO_INPUT\=NO
    export ENABLE_RESOURCE_ACCESS_BLUETOOTH\=NO
    export ENABLE_RESOURCE_ACCESS_CALENDARS\=NO
    export ENABLE_RESOURCE_ACCESS_CAMERA\=NO
    export ENABLE_RESOURCE_ACCESS_CONTACTS\=NO
    export ENABLE_RESOURCE_ACCESS_LOCATION\=NO
    export ENABLE_RESOURCE_ACCESS_PHOTO_LIBRARY\=NO
    export ENABLE_RESOURCE_ACCESS_PRINTING\=NO
    export ENABLE_RESOURCE_ACCESS_USB\=NO
    export ENABLE_SDK_IMPORTS\=NO
    export ENABLE_SECURITY_COMPILER_WARNINGS\=NO
    export ENABLE_STRICT_OBJC_MSGSEND\=YES
    export ENABLE_TESTABILITY\=YES
    export ENABLE_TESTING_SEARCH_PATHS\=NO
    export ENABLE_USER_SCRIPT_SANDBOXING\=NO
    export ENABLE_XOJIT_PREVIEWS\=YES
    export ENFORCE_VALID_ARCHS\=YES
    export ENTITLEMENTS_DESTINATION\=__entitlements
    export ENTITLEMENTS_REQUIRED\=YES
    export EXCLUDED_INSTALLSRC_SUBDIRECTORY_PATTERNS\=.DS_Store\ .svn\ .git\ .hg\ CVS
    export EXCLUDED_RECURSIVE_SEARCH_PATH_SUBDIRECTORIES\=\*.nib\ \*.lproj\ \*.framework\ \*.gch\ \*.xcode\*\ \*.xcassets\ \*.icon\ \(\*\)\ .DS_Store\ CVS\ .svn\ .git\ .hg\ \*.pbproj\ \*.pbxproj
    export FILE_LIST\=/Users/sparkles/Library/Developer/Xcode/DerivedData/Expensio-futtgngxcysvvhcljmosbeftqmyc/Build/Intermediates.noindex/Pods.build/Debug-iphonesimulator/ReactNativeDependencies.build/Objects/LinkFileList
    export FIXED_FILES_DIR\=/Users/sparkles/Library/Developer/Xcode/DerivedData/Expensio-futtgngxcysvvhcljmosbeftqmyc/Build/Intermediates.noindex/Pods.build/Debug-iphonesimulator/ReactNativeDependencies.build/FixedFiles
    export FRAMEWORK_SEARCH_PATHS\=\ \"/Users/sparkles/Documents/CodingFiles/FullStack/expensioApp/frontend/ios/Pods/ReactNativeDependencies/framework/packages/react-native\"\ \"/Users/sparkles/Library/Developer/Xcode/DerivedData/Expensio-futtgngxcysvvhcljmosbeftqmyc/Build/Products/Debug-iphonesimulator/XCFrameworkIntermediates/ReactNativeDependencies\"
    export FRAMEWORK_VERSION\=A
    export FUSE_BUILD_PHASES\=YES
    export FUSE_BUILD_SCRIPT_PHASES\=NO
    export GCC3_VERSION\=3.3
    export GCC_C_LANGUAGE_STANDARD\=gnu11
    export GCC_DYNAMIC_NO_PIC\=NO
    export GCC_NO_COMMON_BLOCKS\=YES
    export GCC_OBJC_LEGACY_DISPATCH\=YES
    export GCC_OPTIMIZATION_LEVEL\=0
    export GCC_PFE_FILE_C_DIALECTS\=c\ objective-c\ c++\ objective-c++
    export GCC_PREPROCESSOR_DEFINITIONS\=POD_CONFIGURATION_DEBUG\=1\ DEBUG\=1\ \ COCOAPODS\=1
    export GCC_SYMBOLS_PRIVATE_EXTERN\=NO
    export GCC_TREAT_WARNINGS_AS_ERRORS\=NO
    export GCC_VERSION\=com.apple.compilers.llvm.clang.1_0
    export GCC_VERSION_IDENTIFIER\=com_apple_compilers_llvm_clang_1_0
    export GCC_WARN_64_TO_32_BIT_CONVERSION\=YES
    export GCC_WARN_ABOUT_RETURN_TYPE\=YES_ERROR
    export GCC_WARN_UNDECLARED_SELECTOR\=YES
    export GCC_WARN_UNINITIALIZED_AUTOS\=YES_AGGRESSIVE
    export GCC_WARN_UNUSED_FUNCTION\=YES
    export GCC_WARN_UNUSED_VARIABLE\=YES
    export GENERATED_MODULEMAP_DIR\=/Users/sparkles/Library/Developer/Xcode/DerivedData/Expensio-futtgngxcysvvhcljmosbeftqmyc/Build/Intermediates.noindex/GeneratedModuleMaps-iphonesimulator
    export GENERATE_INFOPLIST_FILE\=NO
    export GENERATE_INTERMEDIATE_TEXT_BASED_STUBS\=YES
    export GENERATE_PKGINFO_FILE\=NO
    export GENERATE_PRELINK_OBJECT_FILE\=NO
    export GENERATE_PROFILING_CODE\=NO
    export GENERATE_TEXT_BASED_STUBS\=NO
    export GID\=20
    export GROUP\=staff
    export HEADERMAP_INCLUDES_FLAT_ENTRIES_FOR_TARGET_BEING_BUILT\=YES
    export HEADERMAP_INCLUDES_FRAMEWORK_ENTRIES_FOR_ALL_PRODUCT_TYPES\=YES
    export HEADERMAP_INCLUDES_FRAMEWORK_ENTRIES_FOR_TARGETS_NOT_BEING_BUILT\=YES
    export HEADERMAP_INCLUDES_NONPUBLIC_NONPRIVATE_HEADERS\=YES
    export HEADERMAP_INCLUDES_PROJECT_HEADERS\=YES
    export HEADERMAP_USES_FRAMEWORK_PREFIX_ENTRIES\=YES
    export HEADERMAP_USES_VFS\=NO
    export HEADER_SEARCH_PATHS\=\ \"/Users/sparkles/Documents/CodingFiles/FullStack/expensioApp/frontend/ios/Pods/Headers/Private\"\ \"/Users/sparkles/Documents/CodingFiles/FullStack/expensioApp/frontend/ios/Pods/Headers/Private/ReactNativeDependencies\"\ \"/Users/sparkles/Documents/CodingFiles/FullStack/expensioApp/frontend/ios/Pods/Headers/Public\"\ \"/Users/sparkles/Documents/CodingFiles/FullStack/expensioApp/frontend/ios/Pods/Headers/Public/ReactNativeDependencies\"\ \"/Users/sparkles/Documents/CodingFiles/FullStack/expensioApp/frontend/ios/Pods/ExpoModulesCore/ExpoModulesCore.xcframework/ios-arm64_x86_64-simulator/ExpoModulesCore.framework/Headers\"\ \"/Users/sparkles/Documents/CodingFiles/FullStack/expensioApp/frontend/ios/Pods/ExpoModulesCore/ExpoModulesCore.xcframework/ios-arm64/ExpoModulesCore.framework/Headers\"\ \"/Users/sparkles/Documents/CodingFiles/FullStack/expensioApp/frontend/ios/Pods/ExpoModulesCore/ExpoModulesCore.xcframework/ios-arm64_x86_64-simulator/ExpoModulesCore.framework/Headers\"\ \"/Users/sparkles/Documents/CodingFiles/FullStack/expensioApp/frontend/ios/Pods/ExpoModulesCore/ExpoModulesCore.xcframework/ios-arm64/ExpoModulesCore.framework/Headers\"
    export HOME\=/Users/sparkles
    export HOST_ARCH\=arm64
    export HOST_PLATFORM\=macosx
    export ICONV\=/usr/bin/iconv
    export IMPLICIT_DEPENDENCY_DOMAIN\=default
    export INDEX_ENABLE_OPTIMIZATION_LEVEL_OVERRIDE\=YES
    export INDEX_STORE_COMPRESS\=NO
    export INDEX_STORE_ONLY_PROJECT_FILES\=NO
    export INFOPLIST_ENABLE_CFBUNDLEICONS_MERGE\=YES
    export INFOPLIST_EXPAND_BUILD_SETTINGS\=YES
    export INFOPLIST_OUTPUT_FORMAT\=binary
    export INFOPLIST_PREPROCESS\=NO
    export INLINE_PRIVATE_FRAMEWORKS\=NO
    export INSTALLAPI_IGNORE_SKIP_INSTALL\=YES
    export INSTALLHDRS_COPY_PHASE\=NO
    export INSTALLHDRS_SCRIPT_PHASE\=NO
    export INSTALL_DIR\=/tmp/Pods.dst
    export INSTALL_GROUP\=staff
    export INSTALL_MODE_FLAG\=u+w,go-w,a+rX
    export INSTALL_OWNER\=sparkles
    export INSTALL_ROOT\=/tmp/Pods.dst
    export IPHONEOS_DEPLOYMENT_TARGET\=17.0
    export IS_UNOPTIMIZED_BUILD\=YES
    export JAVAC_DEFAULT_FLAGS\=-J-Xms64m\ -J-XX:NewSize\=4M\ -J-Dfile.encoding\=UTF8
    export JAVA_APP_STUB\=/System/Library/Frameworks/JavaVM.framework/Resources/MacOS/JavaApplicationStub
    export JAVA_ARCHIVE_CLASSES\=YES
    export JAVA_ARCHIVE_TYPE\=JAR
    export JAVA_COMPILER\=/usr/bin/javac
    export JAVA_FRAMEWORK_RESOURCES_DIRS\=Resources
    export JAVA_JAR_FLAGS\=cv
    export JAVA_SOURCE_SUBDIR\=.
    export JAVA_USE_DEPENDENCIES\=YES
    export JAVA_ZIP_FLAGS\=-urg
    export JIKES_DEFAULT_FLAGS\=+E\ +OLDCSO
    export KEEP_PRIVATE_EXTERNS\=NO
    export LD_DEPENDENCY_INFO_FILE\=/Users/sparkles/Library/Developer/Xcode/DerivedData/Expensio-futtgngxcysvvhcljmosbeftqmyc/Build/Intermediates.noindex/Pods.build/Debug-iphonesimulator/ReactNativeDependencies.build/Objects-normal/undefined_arch/ReactNativeDependencies_dependency_info.dat
    export LD_EXPORT_GLOBAL_SYMBOLS\=YES
    export LD_EXPORT_SYMBOLS\=YES
    export LD_GENERATE_MAP_FILE\=NO
    export LD_MAP_FILE_PATH\=/Users/sparkles/Library/Developer/Xcode/DerivedData/Expensio-futtgngxcysvvhcljmosbeftqmyc/Build/Intermediates.noindex/Pods.build/Debug-iphonesimulator/ReactNativeDependencies.build/ReactNativeDependencies-LinkMap-normal-undefined_arch.txt
    export LD_NO_PIE\=NO
    export LD_QUOTE_LINKER_ARGUMENTS_FOR_COMPILER_DRIVER\=YES
    export LD_RUNPATH_SEARCH_PATHS\=\ @executable_path/Frameworks
    export LD_SHARED_CACHE_ELIGIBLE\=Automatic
    export LD_WARN_DUPLICATE_LIBRARIES\=NO
    export LD_WARN_UNUSED_DYLIBS\=NO
    export LEGACY_DEVELOPER_DIR\=/Applications/Xcode.app/Contents/PlugIns/Xcode3Core.ideplugin/Contents/SharedSupport/Developer
    export LEX\=lex
    export LIBRARY_DEXT_INSTALL_PATH\=/Library/DriverExtensions
    export LIBRARY_FLAG_NOSPACE\=YES
    export LIBRARY_KEXT_INSTALL_PATH\=/Library/Extensions
    export LINKER_DISPLAYS_MANGLED_NAMES\=NO
    export LINK_FILE_LIST_normal_arm64\=/Users/sparkles/Library/Developer/Xcode/DerivedData/Expensio-futtgngxcysvvhcljmosbeftqmyc/Build/Intermediates.noindex/Pods.build/Debug-iphonesimulator/ReactNativeDependencies.build/Objects-normal/arm64/ReactNativeDependencies.LinkFileList
    export LINK_FILE_LIST_normal_x86_64\=/Users/sparkles/Library/Developer/Xcode/DerivedData/Expensio-futtgngxcysvvhcljmosbeftqmyc/Build/Intermediates.noindex/Pods.build/Debug-iphonesimulator/ReactNativeDependencies.build/Objects-normal/x86_64/ReactNativeDependencies.LinkFileList
    export LINK_OBJC_RUNTIME\=YES
    export LINK_WITH_STANDARD_LIBRARIES\=YES
    export LLVM_TARGET_TRIPLE_OS_VERSION\=ios17.0
    export LLVM_TARGET_TRIPLE_SUFFIX\=-simulator
    export LLVM_TARGET_TRIPLE_VENDOR\=apple
    export LM_AUX_CONST_METADATA_LIST_PATH_normal_arm64\=/Users/sparkles/Library/Developer/Xcode/DerivedData/Expensio-futtgngxcysvvhcljmosbeftqmyc/Build/Intermediates.noindex/Pods.build/Debug-iphonesimulator/ReactNativeDependencies.build/Objects-normal/arm64/ReactNativeDependencies.SwiftConstValuesFileList
    export LM_AUX_CONST_METADATA_LIST_PATH_normal_x86_64\=/Users/sparkles/Library/Developer/Xcode/DerivedData/Expensio-futtgngxcysvvhcljmosbeftqmyc/Build/Intermediates.noindex/Pods.build/Debug-iphonesimulator/ReactNativeDependencies.build/Objects-normal/x86_64/ReactNativeDependencies.SwiftConstValuesFileList
    export LOCALIZATION_EXPORT_SUPPORTED\=YES
    export LOCALIZATION_PREFERS_STRING_CATALOGS\=NO
    export LOCALIZED_STRING_CODE_COMMENTS\=NO
    export LOCALIZED_STRING_MACRO_NAMES\=NSLocalizedString\ CFCopyLocalizedString
    export LOCALIZED_STRING_SWIFTUI_SUPPORT\=YES
    export LOCAL_ADMIN_APPS_DIR\=/Applications/Utilities
    export LOCAL_APPS_DIR\=/Applications
    export LOCAL_DEVELOPER_DIR\=/Library/Developer
    export LOCAL_LIBRARY_DIR\=/Library
    export LOCROOT\=/Users/sparkles/Documents/CodingFiles/FullStack/expensioApp/frontend/ios/Pods
    export LOCSYMROOT\=/Users/sparkles/Documents/CodingFiles/FullStack/expensioApp/frontend/ios/Pods
    export MAC_OS_X_PRODUCT_BUILD_VERSION\=26A428
    export MAC_OS_X_VERSION_ACTUAL\=270000
    export MAC_OS_X_VERSION_MAJOR\=270000
    export MAC_OS_X_VERSION_MINOR\=270000
    export MAKE_MERGEABLE\=NO
    export MERGEABLE_LIBRARY\=NO
    export MERGED_BINARY_TYPE\=none
    export MERGE_LINKED_LIBRARIES\=NO
    export METAL_LIBRARY_FILE_BASE\=default
    export METAL_LIBRARY_OUTPUT_DIR\=/Users/sparkles/Library/Developer/Xcode/DerivedData/Expensio-futtgngxcysvvhcljmosbeftqmyc/Build/Products/Debug-iphonesimulator/ReactNativeDependencies/
    export MODULE_CACHE_DIR\=/Users/sparkles/Library/Developer/Xcode/DerivedData/ModuleCache.noindex
    export MTL_ENABLE_DEBUG_INFO\=INCLUDE_SOURCE
    export MTL_FAST_MATH\=YES
    export NATIVE_ARCH\=arm64
    export NATIVE_ARCH_32_BIT\=arm
    export NATIVE_ARCH_64_BIT\=arm64
    export NATIVE_ARCH_ACTUAL\=arm64
    export NO_COMMON\=YES
    export OBJC_ABI_VERSION\=2
    export OBJECT_FILE_DIR\=/Users/sparkles/Library/Developer/Xcode/DerivedData/Expensio-futtgngxcysvvhcljmosbeftqmyc/Build/Intermediates.noindex/Pods.build/Debug-iphonesimulator/ReactNativeDependencies.build/Objects
    export OBJECT_FILE_DIR_normal\=/Users/sparkles/Library/Developer/Xcode/DerivedData/Expensio-futtgngxcysvvhcljmosbeftqmyc/Build/Intermediates.noindex/Pods.build/Debug-iphonesimulator/ReactNativeDependencies.build/Objects-normal
    export OBJROOT\=/Users/sparkles/Library/Developer/Xcode/DerivedData/Expensio-futtgngxcysvvhcljmosbeftqmyc/Build/Intermediates.noindex
    export ONLY_ACTIVE_ARCH\=NO
    export ONLY_ARCH\=multiple_archs
    export OS\=MACOS
    export OSAC\=/usr/bin/osacompile
    export OTHER_CFLAGS\=\ -DRCT_REMOVE_LEGACY_ARCH\=1\ -ivfsoverlay\ \"/Users/sparkles/Documents/CodingFiles/FullStack/expensioApp/frontend/ios/Pods/React-Core-prebuilt/React-VFS.yaml\"
    export OTHER_CPLUSPLUSFLAGS\=\ -DRCT_REMOVE_LEGACY_ARCH\=1\ -ivfsoverlay\ \"/Users/sparkles/Documents/CodingFiles/FullStack/expensioApp/frontend/ios/Pods/React-Core-prebuilt/React-VFS.yaml\"\ -DRCT_REMOVE_LEGACY_ARCH\=1\ -ivfsoverlay\ \"/Users/sparkles/Documents/CodingFiles/FullStack/expensioApp/frontend/ios/Pods/React-Core-prebuilt/React-VFS.yaml\"
    export OTHER_SWIFT_FLAGS\=\ -Xcc\ -ivfsoverlay\ -Xcc\ \"/Users/sparkles/Documents/CodingFiles/FullStack/expensioApp/frontend/ios/Pods/React-Core-prebuilt/React-VFS.yaml\"\ -Xcc\ -Wno-incomplete-umbrella
    export PASCAL_STRINGS\=YES
    export PATH\=/Applications/Xcode.app/Contents/SharedFrameworks/SwiftBuild.framework/Versions/A/PlugIns/SWBBuildService.bundle/Contents/PlugIns/SWBUniversalPlatformPlugin.bundle/Contents/Frameworks/SWBUniversalPlatform.framework/Resources:/Applications/Xcode.app/Contents/Developer/Toolchains/XcodeDefault.xctoolchain/usr/bin:/Applications/Xcode.app/Contents/Developer/Toolchains/XcodeDefault.xctoolchain/usr/local/bin:/Applications/Xcode.app/Contents/Developer/Toolchains/XcodeDefault.xctoolchain/usr/libexec:/Applications/Xcode.app/Contents/Developer/Platforms/iPhoneSimulator.platform/usr/bin:/Applications/Xcode.app/Contents/Developer/Platforms/iPhoneSimulator.platform/usr/local/bin:/Applications/Xcode.app/Contents/Developer/Platforms/iPhoneSimulator.platform/Developer/usr/bin:/Applications/Xcode.app/Contents/Developer/Platforms/iPhoneSimulator.platform/Developer/usr/local/bin:/Applications/Xcode.app/Contents/Developer/usr/bin:/Applications/Xcode.app/Contents/Developer/usr/local/bin:/Users/sparkles/.gemini/antigravity-ide/bin:/Users/sparkles/.antigravity-ide/antigravity-ide/bin:/opt/homebrew/bin:/opt/homebrew/sbin:/usr/local/bin:/System/Cryptexes/App/usr/bin:/usr/bin:/bin:/usr/sbin:/sbin:/var/run/com.apple.security.cryptexd/codex.system/bootstrap/usr/local/bin:/var/run/com.apple.security.cryptexd/codex.system/bootstrap/usr/bin:/var/run/com.apple.security.cryptexd/codex.system/bootstrap/usr/appleinternal/bin:/pkg/env/global/bin
    export PATH_PREFIXES_EXCLUDED_FROM_HEADER_DEPENDENCIES\=/usr/include\ /usr/local/include\ /System/Library/Frameworks\ /System/Library/PrivateFrameworks\ /Applications/Xcode.app/Contents/Developer/Headers\ /Applications/Xcode.app/Contents/Developer/SDKs\ /Applications/Xcode.app/Contents/Developer/Platforms
    export PER_ARCH_MODULE_FILE_DIR\=/Users/sparkles/Library/Developer/Xcode/DerivedData/Expensio-futtgngxcysvvhcljmosbeftqmyc/Build/Intermediates.noindex/Pods.build/Debug-iphonesimulator/ReactNativeDependencies.build/Objects-normal/undefined_arch
    export PER_ARCH_OBJECT_FILE_DIR\=/Users/sparkles/Library/Developer/Xcode/DerivedData/Expensio-futtgngxcysvvhcljmosbeftqmyc/Build/Intermediates.noindex/Pods.build/Debug-iphonesimulator/ReactNativeDependencies.build/Objects-normal/undefined_arch
    export PER_VARIANT_OBJECT_FILE_DIR\=/Users/sparkles/Library/Developer/Xcode/DerivedData/Expensio-futtgngxcysvvhcljmosbeftqmyc/Build/Intermediates.noindex/Pods.build/Debug-iphonesimulator/ReactNativeDependencies.build/Objects-normal
    export PKGINFO_FILE_PATH\=/Users/sparkles/Library/Developer/Xcode/DerivedData/Expensio-futtgngxcysvvhcljmosbeftqmyc/Build/Intermediates.noindex/Pods.build/Debug-iphonesimulator/ReactNativeDependencies.build/PkgInfo
    export PLATFORM_DEVELOPER_APPLICATIONS_DIR\=/Applications/Xcode.app/Contents/Developer/Platforms/iPhoneSimulator.platform/Developer/Applications
    export PLATFORM_DEVELOPER_BIN_DIR\=/Applications/Xcode.app/Contents/Developer/Platforms/iPhoneSimulator.platform/Developer/usr/bin
    export PLATFORM_DEVELOPER_LIBRARY_DIR\=/Applications/Xcode.app/Contents/Developer/Platforms/iPhoneSimulator.platform/Developer/Library
    export PLATFORM_DEVELOPER_SDK_DIR\=/Applications/Xcode.app/Contents/Developer/Platforms/iPhoneSimulator.platform/Developer/SDKs
    export PLATFORM_DEVELOPER_TOOLS_DIR\=/Applications/Xcode.app/Contents/Developer/Platforms/iPhoneSimulator.platform/Developer/Tools
    export PLATFORM_DEVELOPER_USR_DIR\=/Applications/Xcode.app/Contents/Developer/Platforms/iPhoneSimulator.platform/Developer/usr
    export PLATFORM_DIR\=/Applications/Xcode.app/Contents/Developer/Platforms/iPhoneSimulator.platform
    export PLATFORM_DISPLAY_NAME\=iOS\ Simulator
    export PLATFORM_FAMILY_NAME\=iOS
    export PLATFORM_NAME\=iphonesimulator
    export PLATFORM_PREFERRED_ARCH\=x86_64
    export PLATFORM_PRODUCT_BUILD_VERSION\=24A430
    export PLATFORM_REQUIRES_SWIFT_AUTOLINK_EXTRACT\=NO
    export PLATFORM_REQUIRES_SWIFT_MODULEWRAP\=NO
    export PLATFORM_USES_DSYMS\=YES
    export PLIST_FILE_OUTPUT_FORMAT\=binary
    export PODFILE_DIR\=/Users/sparkles/Documents/CodingFiles/FullStack/expensioApp/frontend/ios/Pods/..
    export PODS_BUILD_DIR\=/Users/sparkles/Library/Developer/Xcode/DerivedData/Expensio-futtgngxcysvvhcljmosbeftqmyc/Build/Products
    export PODS_CONFIGURATION_BUILD_DIR\=/Users/sparkles/Library/Developer/Xcode/DerivedData/Expensio-futtgngxcysvvhcljmosbeftqmyc/Build/Products/Debug-iphonesimulator
    export PODS_DEVELOPMENT_LANGUAGE\=en
    export PODS_ROOT\=/Users/sparkles/Documents/CodingFiles/FullStack/expensioApp/frontend/ios/Pods
    export PODS_TARGET_SRCROOT\=/Users/sparkles/Documents/CodingFiles/FullStack/expensioApp/frontend/ios/Pods/ReactNativeDependencies
    export PODS_XCFRAMEWORKS_BUILD_DIR\=/Users/sparkles/Library/Developer/Xcode/DerivedData/Expensio-futtgngxcysvvhcljmosbeftqmyc/Build/Products/Debug-iphonesimulator/XCFrameworkIntermediates
    export PRECOMPS_INCLUDE_HEADERS_FROM_BUILT_PRODUCTS_DIR\=YES
    export PRECOMP_DESTINATION_DIR\=/Users/sparkles/Library/Developer/Xcode/DerivedData/Expensio-futtgngxcysvvhcljmosbeftqmyc/Build/Intermediates.noindex/Pods.build/Debug-iphonesimulator/ReactNativeDependencies.build/PrefixHeaders
    export PRELINK_DEPENDENCY_INFO_FILE\=/Users/sparkles/Library/Developer/Xcode/DerivedData/Expensio-futtgngxcysvvhcljmosbeftqmyc/Build/Intermediates.noindex/Pods.build/Debug-iphonesimulator/ReactNativeDependencies.build/Objects-normal/undefined_arch/ReactNativeDependencies_prelink_dependency_info.dat
    export PROCESSED_INFOPLIST_PATH\=/Users/sparkles/Library/Developer/Xcode/DerivedData/Expensio-futtgngxcysvvhcljmosbeftqmyc/Build/Intermediates.noindex/Pods.build/Debug-iphonesimulator/ReactNativeDependencies.build/Objects-normal/undefined_arch/Processed-Info.plist
    export PRODUCT_BUNDLE_IDENTIFIER\=org.cocoapods.ReactNativeDependencies
    export PRODUCT_MODULE_NAME\=ReactNativeDependencies
    export PRODUCT_NAME\=ReactNativeDependencies
    export PRODUCT_SETTINGS_PATH\=
    export PROFILING_CODE\=NO
    export PROJECT\=Pods
    export PROJECT_DERIVED_FILE_DIR\=/Users/sparkles/Library/Developer/Xcode/DerivedData/Expensio-futtgngxcysvvhcljmosbeftqmyc/Build/Intermediates.noindex/Pods.build/DerivedSources
    export PROJECT_DIR\=/Users/sparkles/Documents/CodingFiles/FullStack/expensioApp/frontend/ios/Pods
    export PROJECT_FILE_PATH\=/Users/sparkles/Documents/CodingFiles/FullStack/expensioApp/frontend/ios/Pods/Pods.xcodeproj
    export PROJECT_GUID\=8699adb1dd336b26511df848a716bd42
    export PROJECT_NAME\=Pods
    export PROJECT_TEMP_DIR\=/Users/sparkles/Library/Developer/Xcode/DerivedData/Expensio-futtgngxcysvvhcljmosbeftqmyc/Build/Intermediates.noindex/Pods.build
    export PROJECT_TEMP_ROOT\=/Users/sparkles/Library/Developer/Xcode/DerivedData/Expensio-futtgngxcysvvhcljmosbeftqmyc/Build/Intermediates.noindex
    export REACT_NATIVE_PATH\=/Users/sparkles/Documents/CodingFiles/FullStack/expensioApp/frontend/ios/Pods/../../node_modules/react-native
    export RECOMMENDED_IPHONEOS_DEPLOYMENT_TARGET\=17.0
    export RECURSIVE_SEARCH_PATHS_FOLLOW_SYMLINKS\=YES
    export REMOVE_CVS_FROM_RESOURCES\=YES
    export REMOVE_GIT_FROM_RESOURCES\=YES
    export REMOVE_HEADERS_FROM_EMBEDDED_BUNDLES\=YES
    export REMOVE_HG_FROM_RESOURCES\=YES
    export REMOVE_STATIC_EXECUTABLES_FROM_EMBEDDED_BUNDLES\=YES
    export REMOVE_SVN_FROM_RESOURCES\=YES
    export RESCHEDULE_INDEPENDENT_HEADERS_PHASES\=YES
    export REZ_COLLECTOR_DIR\=/Users/sparkles/Library/Developer/Xcode/DerivedData/Expensio-futtgngxcysvvhcljmosbeftqmyc/Build/Intermediates.noindex/Pods.build/Debug-iphonesimulator/ReactNativeDependencies.build/ResourceManagerResources
    export REZ_OBJECTS_DIR\=/Users/sparkles/Library/Developer/Xcode/DerivedData/Expensio-futtgngxcysvvhcljmosbeftqmyc/Build/Intermediates.noindex/Pods.build/Debug-iphonesimulator/ReactNativeDependencies.build/ResourceManagerResources/Objects
    export RPATH_ORIGIN\=@loader_path
    export RUNTIME_EXCEPTION_ALLOW_DYLD_ENVIRONMENT_VARIABLES\=NO
    export RUNTIME_EXCEPTION_ALLOW_JIT\=NO
    export RUNTIME_EXCEPTION_ALLOW_UNSIGNED_EXECUTABLE_MEMORY\=NO
    export RUNTIME_EXCEPTION_DEBUGGING_TOOL\=NO
    export RUNTIME_EXCEPTION_DISABLE_EXECUTABLE_PAGE_PROTECTION\=NO
    export RUNTIME_EXCEPTION_DISABLE_LIBRARY_VALIDATION\=NO
    export SCANNING_PCM_KEEP_CACHE_DIRECTORY\=YES
    export SCAN_ALL_SOURCE_FILES_FOR_INCLUDES\=NO
    export SCRIPT_INPUT_FILE_COUNT\=0
    export SCRIPT_INPUT_FILE_LIST_COUNT\=0
    export SCRIPT_OUTPUT_FILE_COUNT\=0
    export SCRIPT_OUTPUT_FILE_LIST_COUNT\=0
    export SDKROOT\=/Applications/Xcode.app/Contents/Developer/Platforms/iPhoneSimulator.platform/Developer/SDKs/iPhoneSimulator27.0.sdk
    export SDK_DIR\=/Applications/Xcode.app/Contents/Developer/Platforms/iPhoneSimulator.platform/Developer/SDKs/iPhoneSimulator27.0.sdk
    export SDK_DIR_iphonesimulator\=/Applications/Xcode.app/Contents/Developer/Platforms/iPhoneSimulator.platform/Developer/SDKs/iPhoneSimulator27.0.sdk
    export SDK_DIR_iphonesimulator27_0\=/Applications/Xcode.app/Contents/Developer/Platforms/iPhoneSimulator.platform/Developer/SDKs/iPhoneSimulator27.0.sdk
    export SDK_NAME\=iphonesimulator27.0
    export SDK_NAMES\=iphonesimulator27.0
    export SDK_PRODUCT_BUILD_VERSION\=24A430
    export SDK_STAT_CACHE_DIR\=/Users/sparkles/Library/Developer/Xcode/DerivedData
    export SDK_STAT_CACHE_ENABLE\=YES
    export SDK_STAT_CACHE_PATH\=/Users/sparkles/Library/Developer/Xcode/DerivedData/SDKStatCaches.noindex/iphonesimulator27.0-24A430-8dc58220667be655e1bcc261a7455254.sdkstatcache
    export SDK_VERSION\=27.0
    export SDK_VERSION_ACTUAL\=270000
    export SDK_VERSION_MAJOR\=270000
    export SDK_VERSION_MINOR\=270000
    export SED\=/usr/bin/sed
    export SEPARATE_STRIP\=NO
    export SEPARATE_SYMBOL_EDIT\=NO
    export SET_DIR_MODE_OWNER_GROUP\=YES
    export SET_FILE_MODE_OWNER_GROUP\=NO
    export SHALLOW_BUNDLE\=NO
    export SHARED_DERIVED_FILE_DIR\=/Users/sparkles/Library/Developer/Xcode/DerivedData/Expensio-futtgngxcysvvhcljmosbeftqmyc/Build/Products/Debug-iphonesimulator/ReactNativeDependencies/DerivedSources
    export SHARED_PRECOMPS_DIR\=/Users/sparkles/Library/Developer/Xcode/DerivedData/Expensio-futtgngxcysvvhcljmosbeftqmyc/Build/Intermediates.noindex/PrecompiledHeaders
    export SKIP_COPYING_TEST_FRAMEWORKS\=YES
    export SKIP_INSTALL\=YES
    export SKIP_MERGEABLE_LIBRARY_BUNDLE_HOOK\=NO
    export SOURCE_ROOT\=/Users/sparkles/Documents/CodingFiles/FullStack/expensioApp/frontend/ios/Pods
    export SRCROOT\=/Users/sparkles/Documents/CodingFiles/FullStack/expensioApp/frontend/ios/Pods
    export STRINGSDATA_DIR\=/Users/sparkles/Library/Developer/Xcode/DerivedData/Expensio-futtgngxcysvvhcljmosbeftqmyc/Build/Intermediates.noindex/Pods.build/Debug-iphonesimulator/ReactNativeDependencies.build/Objects-normal/undefined_arch
    export STRINGSDATA_ROOT\=/Users/sparkles/Library/Developer/Xcode/DerivedData/Expensio-futtgngxcysvvhcljmosbeftqmyc/Build/Intermediates.noindex/Pods.build/Debug-iphonesimulator/ReactNativeDependencies.build
    export STRINGS_FILE_INFOPLIST_RENAME\=YES
    export STRINGS_FILE_OUTPUT_ENCODING\=binary
    export STRING_CATALOG_GENERATE_SYMBOLS\=YES
    export STRIP_BITCODE_FROM_COPIED_FILES\=NO
    export STRIP_INSTALLED_PRODUCT\=NO
    export STRIP_STYLE\=all
    export STRIP_SWIFT_SYMBOLS\=YES
    export SUPPORTED_DEVICE_FAMILIES\=1,2
    export SUPPORTED_PLATFORMS\=iphoneos\ iphonesimulator
    export SUPPORTS_TEXT_BASED_API\=NO
    export SUPPRESS_WARNINGS\=NO
    export SWIFTC_PASS_SDKROOT\=YES
    export SWIFTC_PASS_SYSROOT\=NO
    export SWIFT_ACTIVE_COMPILATION_CONDITIONS\=\ DEBUG
    export SWIFT_COLOR_DIAGNOSTICS\=NO
    export SWIFT_EMIT_CONST_VALUE_PROTOCOLS\=AnyResolverProviding\ AppEntity\ AppEnum\ AppExtension\ AppIntent\ AppIntentsPackage\ AppShortcutProviding\ AppShortcutsProvider\ AppUnionValue\ AppUnionValueCasesProviding\ DynamicOptionsProvider\ EntityQuery\ ExtensionPointDefining\ IntentValueQuery\ Resolver\ TransientEntity\ _AssistantIntentsProvider\ _GenerativeFunctionExtractable\ _IntentValueRepresentable
    export SWIFT_EMIT_LOC_STRINGS\=NO
    export SWIFT_EMIT_MODULE_INTERFACE\=NO
    export SWIFT_ENABLE_EXPLICIT_MODULES\=NO
    export SWIFT_ENABLE_TESTABILITY\=YES
    export SWIFT_OPTIMIZATION_LEVEL\=-Onone
    export SWIFT_PLATFORM_TARGET_PREFIX\=ios
    export SWIFT_RESPONSE_FILE_PATH_normal_arm64\=/Users/sparkles/Library/Developer/Xcode/DerivedData/Expensio-futtgngxcysvvhcljmosbeftqmyc/Build/Intermediates.noindex/Pods.build/Debug-iphonesimulator/ReactNativeDependencies.build/Objects-normal/arm64/ReactNativeDependencies.SwiftFileList
    export SWIFT_RESPONSE_FILE_PATH_normal_x86_64\=/Users/sparkles/Library/Developer/Xcode/DerivedData/Expensio-futtgngxcysvvhcljmosbeftqmyc/Build/Intermediates.noindex/Pods.build/Debug-iphonesimulator/ReactNativeDependencies.build/Objects-normal/x86_64/ReactNativeDependencies.SwiftFileList
    export SWIFT_VERSION\=5.0
    export SYMROOT\=/Users/sparkles/Library/Developer/Xcode/DerivedData/Expensio-futtgngxcysvvhcljmosbeftqmyc/Build/Products
    export SYSROOT\=/Applications/Xcode.app/Contents/Developer/Platforms/iPhoneSimulator.platform/Developer/SDKs/iPhoneSimulator27.0.sdk
    export SYSTEM_ADMIN_APPS_DIR\=/Applications/Utilities
    export SYSTEM_APPS_DIR\=/Applications
    export SYSTEM_CORE_SERVICES_DIR\=/System/Library/CoreServices
    export SYSTEM_DEMOS_DIR\=/Applications/Extras
    export SYSTEM_DEVELOPER_APPS_DIR\=/Applications/Xcode.app/Contents/Developer/Applications
    export SYSTEM_DEVELOPER_BIN_DIR\=/Applications/Xcode.app/Contents/Developer/usr/bin
    export SYSTEM_DEVELOPER_DEMOS_DIR\=/Applications/Xcode.app/Contents/Developer/Applications/Utilities/Built\ Examples
    export SYSTEM_DEVELOPER_DIR\=/Applications/Xcode.app/Contents/Developer
    export SYSTEM_DEVELOPER_DOC_DIR\=/Applications/Xcode.app/Contents/Developer/ADC\ Reference\ Library
    export SYSTEM_DEVELOPER_GRAPHICS_TOOLS_DIR\=/Applications/Xcode.app/Contents/Developer/Applications/Graphics\ Tools
    export SYSTEM_DEVELOPER_JAVA_TOOLS_DIR\=/Applications/Xcode.app/Contents/Developer/Applications/Java\ Tools
    export SYSTEM_DEVELOPER_PERFORMANCE_TOOLS_DIR\=/Applications/Xcode.app/Contents/Developer/Applications/Performance\ Tools
    export SYSTEM_DEVELOPER_RELEASENOTES_DIR\=/Applications/Xcode.app/Contents/Developer/ADC\ Reference\ Library/releasenotes
    export SYSTEM_DEVELOPER_TOOLS\=/Applications/Xcode.app/Contents/Developer/Tools
    export SYSTEM_DEVELOPER_TOOLS_DOC_DIR\=/Applications/Xcode.app/Contents/Developer/ADC\ Reference\ Library/documentation/DeveloperTools
    export SYSTEM_DEVELOPER_TOOLS_RELEASENOTES_DIR\=/Applications/Xcode.app/Contents/Developer/ADC\ Reference\ Library/releasenotes/DeveloperTools
    export SYSTEM_DEVELOPER_USR_DIR\=/Applications/Xcode.app/Contents/Developer/usr
    export SYSTEM_DEVELOPER_UTILITIES_DIR\=/Applications/Xcode.app/Contents/Developer/Applications/Utilities
    export SYSTEM_DEXT_INSTALL_PATH\=/System/Library/DriverExtensions
    export SYSTEM_DOCUMENTATION_DIR\=/Library/Documentation
    export SYSTEM_KEXT_INSTALL_PATH\=/System/Library/Extensions
    export SYSTEM_LIBRARY_DIR\=/System/Library
    export TAPI_DEMANGLE\=YES
    export TAPI_ENABLE_PROJECT_HEADERS\=NO
    export TAPI_LANGUAGE\=objective-c
    export TAPI_LANGUAGE_STANDARD\=compiler-default
    export TAPI_USE_SRCROOT\=YES
    export TAPI_VERIFY_MODE\=Pedantic
    export TARGETED_DEVICE_FAMILY\=1,2
    export TARGETNAME\=ReactNativeDependencies
    export TARGET_BUILD_DIR\=/Users/sparkles/Library/Developer/Xcode/DerivedData/Expensio-futtgngxcysvvhcljmosbeftqmyc/Build/Products/Debug-iphonesimulator/ReactNativeDependencies
    export TARGET_NAME\=ReactNativeDependencies
    export TARGET_TEMP_DIR\=/Users/sparkles/Library/Developer/Xcode/DerivedData/Expensio-futtgngxcysvvhcljmosbeftqmyc/Build/Intermediates.noindex/Pods.build/Debug-iphonesimulator/ReactNativeDependencies.build
    export TEMP_DIR\=/Users/sparkles/Library/Developer/Xcode/DerivedData/Expensio-futtgngxcysvvhcljmosbeftqmyc/Build/Intermediates.noindex/Pods.build/Debug-iphonesimulator/ReactNativeDependencies.build
    export TEMP_FILES_DIR\=/Users/sparkles/Library/Developer/Xcode/DerivedData/Expensio-futtgngxcysvvhcljmosbeftqmyc/Build/Intermediates.noindex/Pods.build/Debug-iphonesimulator/ReactNativeDependencies.build
    export TEMP_FILE_DIR\=/Users/sparkles/Library/Developer/Xcode/DerivedData/Expensio-futtgngxcysvvhcljmosbeftqmyc/Build/Intermediates.noindex/Pods.build/Debug-iphonesimulator/ReactNativeDependencies.build
    export TEMP_ROOT\=/Users/sparkles/Library/Developer/Xcode/DerivedData/Expensio-futtgngxcysvvhcljmosbeftqmyc/Build/Intermediates.noindex
    export TEMP_SANDBOX_DIR\=/Users/sparkles/Library/Developer/Xcode/DerivedData/Expensio-futtgngxcysvvhcljmosbeftqmyc/Build/Intermediates.noindex/TemporaryTaskSandboxes
    export TEST_FRAMEWORK_SEARCH_PATHS\=\ /Applications/Xcode.app/Contents/Developer/Platforms/iPhoneSimulator.platform/Developer/Library/Frameworks\ /Applications/Xcode.app/Contents/Developer/Platforms/iPhoneSimulator.platform/Developer/SDKs/iPhoneSimulator27.0.sdk/Developer/Library/Frameworks
    export TEST_LIBRARY_SEARCH_PATHS\=\ /Applications/Xcode.app/Contents/Developer/Platforms/iPhoneSimulator.platform/Developer/usr/lib
    export TOOLCHAINS\=com.apple.dt.toolchain.XcodeDefault
    export TOOLCHAIN_DIR\=/Applications/Xcode.app/Contents/Developer/Toolchains/XcodeDefault.xctoolchain
    export TREAT_MISSING_BASELINES_AS_TEST_FAILURES\=NO
    export TREAT_MISSING_SCRIPT_PHASE_OUTPUTS_AS_ERRORS\=NO
    export UID\=501
    export UNINSTALLED_PRODUCTS_DIR\=/Users/sparkles/Library/Developer/Xcode/DerivedData/Expensio-futtgngxcysvvhcljmosbeftqmyc/Build/Intermediates.noindex/UninstalledProducts
    export UNSTRIPPED_PRODUCT\=NO
    export USER\=sparkles
    export USER_APPS_DIR\=/Users/sparkles/Applications
    export USER_LIBRARY_DIR\=/Users/sparkles/Library
    export USE_DYNAMIC_NO_PIC\=YES
    export USE_HEADERMAP\=YES
    export USE_HEADER_SYMLINKS\=NO
    export USE_HERMES\=true
    export USE_RECURSIVE_SCRIPT_INPUTS_IN_SCRIPT_PHASES\=YES
    export VALIDATE_DEVELOPMENT_ASSET_PATHS\=YES_ERROR
    export VALIDATE_PRODUCT\=NO
    export VALID_ARCHS\=arm64\ x86_64
    export VERBOSE_PBXCP\=NO
    export VERSION_INFO_BUILDER\=sparkles
    export VERSION_INFO_FILE\=ReactNativeDependencies_vers.c
    export VERSION_INFO_STRING\=\"@\(\#\)PROGRAM:ReactNativeDependencies\ \ PROJECT:Pods-\"
    export WORKSPACE_DIR\=/Users/sparkles/Documents/CodingFiles/FullStack/expensioApp/frontend/ios
    export WRAP_ASSET_PACKS_IN_SEPARATE_DIRECTORIES\=NO
    export XCODE_APP_SUPPORT_DIR\=/Applications/Xcode.app/Contents/Developer/Library/Xcode
    export XCODE_PRODUCT_BUILD_VERSION\=27A266a
    export XCODE_VERSION_ACTUAL\=2700
    export XCODE_VERSION_MAJOR\=2700
    export XCODE_VERSION_MINOR\=2700
    export XPCSERVICES_FOLDER_PATH\=/XPCServices
    export YACC\=yacc
    export _DISCOVER_COMMAND_LINE_LINKER_INPUTS\=YES
    export _DISCOVER_COMMAND_LINE_LINKER_INPUTS_INCLUDE_WL\=YES
    export _LD_MULTIARCH\=YES
    export _SWIFT_EXPLICIT_MODULES_ALLOW_CXX_INTEROP\=NO
    export __ARCHS__\=arm64\ x86_64
    export __DIAGNOSE_DEPRECATED_ARCHS\=YES
    export __DIAGNOSE_INVALID_DEPLOYMENT_TARGET_AS_ERROR\=YES
    export __ORIGINAL_SDK_DEFINED_LLVM_TARGET_TRIPLE_SYS\=ios
    export arch\=undefined_arch
    export variant\=normal
    /bin/sh -c /Users/sparkles/Library/Developer/Xcode/DerivedData/Expensio-futtgngxcysvvhcljmosbeftqmyc/Build/Intermediates.noindex/Pods.build/Debug-iphonesimulator/ReactNativeDependencies.build/Script-46EB2E0001AAE0.sh
Node found at: /opt/homebrew/Cellar/node/26.10.0_1/bin/node
No previous build detected, but Debug Configuration. No need to replace RNDeps

WriteAuxiliaryFile /Users/sparkles/Library/Developer/Xcode/DerivedData/Expensio-futtgngxcysvvhcljmosbeftqmyc/Build/Intermediates.noindex/Pods.build/Debug-iphonesimulator/Pods-Expensio.build/Pods-Expensio.hmap (in target 'Pods-Expensio' from project 'Pods')
    cd /Users/sparkles/Documents/CodingFiles/FullStack/expensioApp/frontend/ios/Pods
    write-file /Users/sparkles/Library/Developer/Xcode/DerivedData/Expensio-futtgngxcysvvhcljmosbeftqmyc/Build/Intermediates.noindex/Pods.build/Debug-iphonesimulator/Pods-Expensio.build/Pods-Expensio.hmap

WriteAuxiliaryFile /Users/sparkles/Library/Developer/Xcode/DerivedData/Expensio-futtgngxcysvvhcljmosbeftqmyc/Build/Intermediates.noindex/Pods.build/Debug-iphonesimulator/Pods-Expensio.build/Pods-Expensio.DependencyStaticMetadataFileList (in target 'Pods-Expensio' from project 'Pods')
    cd /Users/sparkles/Documents/CodingFiles/FullStack/expensioApp/frontend/ios/Pods
    write-file /Users/sparkles/Library/Developer/Xcode/DerivedData/Expensio-futtgngxcysvvhcljmosbeftqmyc/Build/Intermediates.noindex/Pods.build/Debug-iphonesimulator/Pods-Expensio.build/Pods-Expensio.DependencyStaticMetadataFileList

WriteAuxiliaryFile /Users/sparkles/Library/Developer/Xcode/DerivedData/Expensio-futtgngxcysvvhcljmosbeftqmyc/Build/Intermediates.noindex/Pods.build/Debug-iphonesimulator/Pods-Expensio.build/Pods-Expensio.DependencyMetadataFileList (in target 'Pods-Expensio' from project 'Pods')
    cd /Users/sparkles/Documents/CodingFiles/FullStack/expensioApp/frontend/ios/Pods
    write-file /Users/sparkles/Library/Developer/Xcode/DerivedData/Expensio-futtgngxcysvvhcljmosbeftqmyc/Build/Intermediates.noindex/Pods.build/Debug-iphonesimulator/Pods-Expensio.build/Pods-Expensio.DependencyMetadataFileList

WriteAuxiliaryFile /Users/sparkles/Library/Developer/Xcode/DerivedData/Expensio-futtgngxcysvvhcljmosbeftqmyc/Build/Intermediates.noindex/Pods.build/Debug-iphonesimulator/Pods-Expensio.build/Pods-Expensio-project-headers.hmap (in target 'Pods-Expensio' from project 'Pods')
    cd /Users/sparkles/Documents/CodingFiles/FullStack/expensioApp/frontend/ios/Pods
    write-file /Users/sparkles/Library/Developer/Xcode/DerivedData/Expensio-futtgngxcysvvhcljmosbeftqmyc/Build/Intermediates.noindex/Pods.build/Debug-iphonesimulator/Pods-Expensio.build/Pods-Expensio-project-headers.hmap

WriteAuxiliaryFile /Users/sparkles/Library/Developer/Xcode/DerivedData/Expensio-futtgngxcysvvhcljmosbeftqmyc/Build/Intermediates.noindex/Pods.build/Debug-iphonesimulator/Pods-Expensio.build/Pods-Expensio-own-target-headers.hmap (in target 'Pods-Expensio' from project 'Pods')
    cd /Users/sparkles/Documents/CodingFiles/FullStack/expensioApp/frontend/ios/Pods
    write-file /Users/sparkles/Library/Developer/Xcode/DerivedData/Expensio-futtgngxcysvvhcljmosbeftqmyc/Build/Intermediates.noindex/Pods.build/Debug-iphonesimulator/Pods-Expensio.build/Pods-Expensio-own-target-headers.hmap

WriteAuxiliaryFile /Users/sparkles/Library/Developer/Xcode/DerivedData/Expensio-futtgngxcysvvhcljmosbeftqmyc/Build/Intermediates.noindex/Pods.build/Debug-iphonesimulator/Pods-Expensio.build/Pods-Expensio-generated-files.hmap (in target 'Pods-Expensio' from project 'Pods')
    cd /Users/sparkles/Documents/CodingFiles/FullStack/expensioApp/frontend/ios/Pods
    write-file /Users/sparkles/Library/Developer/Xcode/DerivedData/Expensio-futtgngxcysvvhcljmosbeftqmyc/Build/Intermediates.noindex/Pods.build/Debug-iphonesimulator/Pods-Expensio.build/Pods-Expensio-generated-files.hmap

WriteAuxiliaryFile /Users/sparkles/Library/Developer/Xcode/DerivedData/Expensio-futtgngxcysvvhcljmosbeftqmyc/Build/Intermediates.noindex/Pods.build/Debug-iphonesimulator/Pods-Expensio.build/Pods-Expensio-all-target-headers.hmap (in target 'Pods-Expensio' from project 'Pods')
    cd /Users/sparkles/Documents/CodingFiles/FullStack/expensioApp/frontend/ios/Pods
    write-file /Users/sparkles/Library/Developer/Xcode/DerivedData/Expensio-futtgngxcysvvhcljmosbeftqmyc/Build/Intermediates.noindex/Pods.build/Debug-iphonesimulator/Pods-Expensio.build/Pods-Expensio-all-target-headers.hmap

WriteAuxiliaryFile /Users/sparkles/Library/Developer/Xcode/DerivedData/Expensio-futtgngxcysvvhcljmosbeftqmyc/Build/Intermediates.noindex/Pods.build/Debug-iphonesimulator/Pods-Expensio.build/Pods-Expensio-all-non-framework-target-headers.hmap (in target 'Pods-Expensio' from project 'Pods')
    cd /Users/sparkles/Documents/CodingFiles/FullStack/expensioApp/frontend/ios/Pods
    write-file /Users/sparkles/Library/Developer/Xcode/DerivedData/Expensio-futtgngxcysvvhcljmosbeftqmyc/Build/Intermediates.noindex/Pods.build/Debug-iphonesimulator/Pods-Expensio.build/Pods-Expensio-all-non-framework-target-headers.hmap

WriteAuxiliaryFile /Users/sparkles/Library/Developer/Xcode/DerivedData/Expensio-futtgngxcysvvhcljmosbeftqmyc/Build/Intermediates.noindex/Pods.build/Debug-iphonesimulator/Pods-Expensio.build/Objects-normal/x86_64/e6072d4f65d7061329687fe24e3d63a7-common-args.resp (in target 'Pods-Expensio' from project 'Pods')
    cd /Users/sparkles/Documents/CodingFiles/FullStack/expensioApp/frontend/ios/Pods
    write-file /Users/sparkles/Library/Developer/Xcode/DerivedData/Expensio-futtgngxcysvvhcljmosbeftqmyc/Build/Intermediates.noindex/Pods.build/Debug-iphonesimulator/Pods-Expensio.build/Objects-normal/x86_64/e6072d4f65d7061329687fe24e3d63a7-common-args.resp
'-std=gnu11' -fobjc-arc -fmodules '-fmodules-cache-path=/Users/sparkles/Library/Developer/Xcode/DerivedData/ModuleCache.noindex' -fpascal-strings -O0 -fno-common '-DPOD_CONFIGURATION_DEBUG=1' '-DDEBUG=1' '-DCOCOAPODS=1' '-DOBJC_OLD_DISPATCH_PROTOTYPES=0' -fasm-blocks -g '-fobjc-abi-version=2' -fobjc-legacy-dispatch -iquote /Users/sparkles/Library/Developer/Xcode/DerivedData/Expensio-futtgngxcysvvhcljmosbeftqmyc/Build/Intermediates.noindex/Pods.build/Debug-iphonesimulator/Pods-Expensio.build/Pods-Expensio-generated-files.hmap -I/Users/sparkles/Library/Developer/Xcode/DerivedData/Expensio-futtgngxcysvvhcljmosbeftqmyc/Build/Intermediates.noindex/Pods.build/Debug-iphonesimulator/Pods-Expensio.build/Pods-Expensio-own-target-headers.hmap -I/Users/sparkles/Library/Developer/Xcode/DerivedData/Expensio-futtgngxcysvvhcljmosbeftqmyc/Build/Intermediates.noindex/Pods.build/Debug-iphonesimulator/Pods-Expensio.build/Pods-Expensio-all-non-framework-target-headers.hmap -ivfsoverlay /Users/sparkles/Library/Developer/Xcode/DerivedData/Expensio-futtgngxcysvvhcljmosbeftqmyc/Build/Intermediates.noindex/Pods.build/Debug-iphonesimulator/Pods-8699adb1dd336b26511df848a716bd42-VFS-iphonesimulator/all-product-headers.yaml -iquote /Users/sparkles/Library/Developer/Xcode/DerivedData/Expensio-futtgngxcysvvhcljmosbeftqmyc/Build/Intermediates.noindex/Pods.build/Debug-iphonesimulator/Pods-Expensio.build/Pods-Expensio-project-headers.hmap -I/Users/sparkles/Library/Developer/Xcode/DerivedData/Expensio-futtgngxcysvvhcljmosbeftqmyc/Build/Products/Debug-iphonesimulator/include -I/Users/sparkles/Documents/CodingFiles/FullStack/expensioApp/frontend/ios/Pods/Headers/Public -I/Users/sparkles/Documents/CodingFiles/FullStack/expensioApp/frontend/ios/Pods/Headers/Public/AsyncStorage -I/Users/sparkles/Documents/CodingFiles/FullStack/expensioApp/frontend/ios/Pods/Headers/Public/EXApplication -I/Users/sparkles/Documents/CodingFiles/FullStack/expensioApp/frontend/ios/Pods/Headers/Public/EXConstants -I/Users/sparkles/Documents/CodingFiles/FullStack/expensioApp/frontend/ios/Pods/Headers/Public/Expo -I/Users/sparkles/Documents/CodingFiles/FullStack/expensioApp/frontend/ios/Pods/Headers/Public/FBLazyVector -I/Users/sparkles/Documents/CodingFiles/FullStack/expensioApp/frontend/ios/Pods/Headers/Public/RCTDeprecation -I/Users/sparkles/Documents/CodingFiles/FullStack/expensioApp/frontend/ios/Pods/Headers/Public/RCTRequired -I/Users/sparkles/Documents/CodingFiles/FullStack/expensioApp/frontend/ios/Pods/Headers/Public/RCTSwiftUIWrapper -I/Users/sparkles/Documents/CodingFiles/FullStack/expensioApp/frontend/ios/Pods/Headers/Public/RCTTypeSafety -I/Users/sparkles/Documents/CodingFiles/FullStack/expensioApp/frontend/ios/Pods/Headers/Public/RNCPicker -I/Users/sparkles/Documents/CodingFiles/FullStack/expensioApp/frontend/ios/Pods/Headers/Public/RNSVG -I/Users/sparkles/Documents/CodingFiles/FullStack/expensioApp/frontend/ios/Pods/Headers/Public/RNScreens -I/Users/sparkles/Documents/CodingFiles/FullStack/expensioApp/frontend/ios/Pods/Headers/Public/React-Core -I/Users/sparkles/Documents/CodingFiles/FullStack/expensioApp/frontend/ios/Pods/Headers/Public/React-Core-prebuilt -I/Users/sparkles/Documents/CodingFiles/FullStack/expensioApp/frontend/ios/Pods/Headers/Public/React-CoreModules -I/Users/sparkles/Documents/CodingFiles/FullStack/expensioApp/frontend/ios/Pods/Headers/Public/React-Fabric -I/Users/sparkles/Documents/CodingFiles/FullStack/expensioApp/frontend/ios/Pods/Headers/Public/React-FabricComponents -I/Users/sparkles/Documents/CodingFiles/FullStack/expensioApp/frontend/ios/Pods/Headers/Public/React-FabricImage -I/Users/sparkles/Documents/CodingFiles/FullStack/expensioApp/frontend/ios/Pods/Headers/Public/React-ImageManager -I/Users/sparkles/Documents/CodingFiles/FullStack/expensioApp/frontend/ios/Pods/Headers/Public/React-Mapbuffer -I/Users/sparkles/Documents/CodingFiles/FullStack/expensioApp/frontend/ios/Pods/Headers/Public/React-NativeModulesApple -I/Users/sparkles/Documents/CodingFiles/FullStack/expensioApp/frontend/ios/Pods/Headers/Public/React-RCTAnimation -I/Users/sparkles/Documents/CodingFiles/FullStack/expensioApp/frontend/ios/Pods/Headers/Public/React-RCTAppDelegate -I/Users/sparkles/Documents/CodingFiles/FullStack/expensioApp/frontend/ios/Pods/Headers/Public/React-RCTBlob -I/Users/sparkles/Documents/CodingFiles/FullStack/expensioApp/frontend/ios/Pods/Headers/Public/React-RCTFBReactNativeSpec -I/Users/sparkles/Documents/CodingFiles/FullStack/expensioApp/frontend/ios/Pods/Headers/Public/React-RCTFabric -I/Users/sparkles/Documents/CodingFiles/FullStack/expensioApp/frontend/ios/Pods/Headers/Public/React-RCTImage -I/Users/sparkles/Documents/CodingFiles/FullStack/expensioApp/frontend/ios/Pods/Headers/Public/React-RCTRuntime -I/Users/sparkles/Documents/CodingFiles/FullStack/expensioApp/frontend/ios/Pods/Headers/Public/React-RCTSettings -I/Users/sparkles/Documents/CodingFiles/FullStack/expensioApp/frontend/ios/Pods/Headers/Public/React-RCTText -I/Users/sparkles/Documents/CodingFiles/FullStack/expensioApp/frontend/ios/Pods/Headers/Public/React-RCTVibration -I/Users/sparkles/Documents/CodingFiles/FullStack/expensioApp/frontend/ios/Pods/Headers/Public/React-RuntimeApple -I/Users/sparkles/Documents/CodingFiles/FullStack/expensioApp/frontend/ios/Pods/Headers/Public/React-RuntimeCore -I/Users/sparkles/Documents/CodingFiles/FullStack/expensioApp/frontend/ios/Pods/Headers/Public/React-RuntimeHermes -I/Users/sparkles/Documents/CodingFiles/FullStack/expensioApp/frontend/ios/Pods/Headers/Public/React-callinvoker -I/Users/sparkles/Documents/CodingFiles/FullStack/expensioApp/frontend/ios/Pods/Headers/Public/React-cxxreact -I/Users/sparkles/Documents/CodingFiles/FullStack/expensioApp/frontend/ios/Pods/Headers/Public/React-debug -I/Users/sparkles/Documents/CodingFiles/FullStack/expensioApp/frontend/ios/Pods/Headers/Public/React-defaultsnativemodule -I/Users/sparkles/Documents/CodingFiles/FullStack/expensioApp/frontend/ios/Pods/Headers/Public/React-domnativemodule -I/Users/sparkles/Documents/CodingFiles/FullStack/expensioApp/frontend/ios/Pods/Headers/Public/React-featureflags -I/Users/sparkles/Documents/CodingFiles/FullStack/expensioApp/frontend/ios/Pods/Headers/Public/React-featureflagsnativemodule -I/Users/sparkles/Documents/CodingFiles/FullStack/expensioApp/frontend/ios/Pods/Headers/Public/React-graphics -I/Users/sparkles/Documents/CodingFiles/FullStack/expensioApp/frontend/ios/Pods/Headers/Public/React-hermes -I/Users/sparkles/Documents/CodingFiles/FullStack/expensioApp/frontend/ios/Pods/Headers/Public/React-idlecallbacksnativemodule -I/Users/sparkles/Documents/CodingFiles/FullStack/expensioApp/frontend/ios/Pods/Headers/Public/React-intersectionobservernativemodule -I/Users/sparkles/Documents/CodingFiles/FullStack/expensioApp/frontend/ios/Pods/Headers/Public/React-jserrorhandler -I/Users/sparkles/Documents/CodingFiles/FullStack/expensioApp/frontend/ios/Pods/Headers/Public/React-jsi -I/Users/sparkles/Documents/CodingFiles/FullStack/expensioApp/frontend/ios/Pods/Headers/Public/React-jsiexecutor -I/Users/sparkles/Documents/CodingFiles/FullStack/expensioApp/frontend/ios/Pods/Headers/Public/React-jsinspector -I/Users/sparkles/Documents/CodingFiles/FullStack/expensioApp/frontend/ios/Pods/Headers/Public/React-jsinspectorcdp -I/Users/sparkles/Documents/CodingFiles/FullStack/expensioApp/frontend/ios/Pods/Headers/Public/React-jsinspectornetwork -I/Users/sparkles/Documents/CodingFiles/FullStack/expensioApp/frontend/ios/Pods/Headers/Public/React-jsinspectortracing -I/Users/sparkles/Documents/CodingFiles/FullStack/expensioApp/frontend/ios/Pods/Headers/Public/React-jsitooling -I/Users/sparkles/Documents/CodingFiles/FullStack/expensioApp/frontend/ios/Pods/Headers/Public/React-logger -I/Users/sparkles/Documents/CodingFiles/FullStack/expensioApp/frontend/ios/Pods/Headers/Public/React-microtasksnativemodule -I/Users/sparkles/Documents/CodingFiles/FullStack/expensioApp/frontend/ios/Pods/Headers/Public/React-mutationobservernativemodule -I/Users/sparkles/Documents/CodingFiles/FullStack/expensioApp/frontend/ios/Pods/Headers/Public/React-networking -I/Users/sparkles/Documents/CodingFiles/FullStack/expensioApp/frontend/ios/Pods/Headers/Public/React-oscompat -I/Users/sparkles/Documents/CodingFiles/FullStack/expensioApp/frontend/ios/Pods/Headers/Public/React-perflogger -I/Users/sparkles/Documents/CodingFiles/FullStack/expensioApp/frontend/ios/Pods/Headers/Public/React-performancecdpmetrics -I/Users/sparkles/Documents/CodingFiles/FullStack/expensioApp/frontend/ios/Pods/Headers/Public/React-performancetimeline -I/Users/sparkles/Documents/CodingFiles/FullStack/expensioApp/frontend/ios/Pods/Headers/Public/React-rendererconsistency -I/Users/sparkles/Documents/CodingFiles/FullStack/expensioApp/frontend/ios/Pods/Headers/Public/React-renderercss -I/Users/sparkles/Documents/CodingFiles/FullStack/expensioApp/frontend/ios/Pods/Headers/Public/React-rendererdebug -I/Users/sparkles/Documents/CodingFiles/FullStack/expensioApp/frontend/ios/Pods/Headers/Public/React-runtimeexecutor -I/Users/sparkles/Documents/CodingFiles/FullStack/expensioApp/frontend/ios/Pods/Headers/Public/React-runtimescheduler -I/Users/sparkles/Documents/CodingFiles/FullStack/expensioApp/frontend/ios/Pods/Headers/Public/React-timing -I/Users/sparkles/Documents/CodingFiles/FullStack/expensioApp/frontend/ios/Pods/Headers/Public/React-utils -I/Users/sparkles/Documents/CodingFiles/FullStack/expensioApp/frontend/ios/Pods/Headers/Public/React-viewtransitionnativemodule -I/Users/sparkles/Documents/CodingFiles/FullStack/expensioApp/frontend/ios/Pods/Headers/Public/React-webperformancenativemodule -I/Users/sparkles/Documents/CodingFiles/FullStack/expensioApp/frontend/ios/Pods/Headers/Public/ReactAppDependencyProvider -I/Users/sparkles/Documents/CodingFiles/FullStack/expensioApp/frontend/ios/Pods/Headers/Public/ReactCodegen -I/Users/sparkles/Documents/CodingFiles/FullStack/expensioApp/frontend/ios/Pods/Headers/Public/ReactCommon -I/Users/sparkles/Documents/CodingFiles/FullStack/expensioApp/frontend/ios/Pods/Headers/Public/ReactNativeDependencies -I/Users/sparkles/Documents/CodingFiles/FullStack/expensioApp/frontend/ios/Pods/Headers/Public/Yoga -I/Users/sparkles/Documents/CodingFiles/FullStack/expensioApp/frontend/ios/Pods/Headers/Public/hermes-engine -I/Users/sparkles/Documents/CodingFiles/FullStack/expensioApp/frontend/ios/Pods/Headers/Public/react-native-safe-area-context '-I/Users/sparkles/Library/Developer/Xcode/DerivedData/Expensio-futtgngxcysvvhcljmosbeftqmyc/Build/Products/Debug-iphonesimulator/Expo/Swift Compatibility Header' -I/Users/sparkles/Documents/CodingFiles/FullStack/expensioApp/frontend/ios/Pods/Headers/Private/Yoga '-I/Users/sparkles/Library/Developer/Xcode/DerivedData/Expensio-futtgngxcysvvhcljmosbeftqmyc/Build/Products/Debug-iphonesimulator/ExpoModulesCore/Swift Compatibility Header' -I/Users/sparkles/Documents/CodingFiles/FullStack/expensioApp/frontend/ios/Pods/Headers/Private/Yoga -I/Users/sparkles/Documents/CodingFiles/FullStack/expensioApp/frontend/ios/Pods/Headers/Private/React-Core -I/Users/sparkles/Documents/CodingFiles/FullStack/expensioApp/frontend/ios/Pods/Headers/Private/React-Core -I/Users/sparkles/Documents/CodingFiles/FullStack/expensioApp/frontend/ios/Pods/Headers/Private/Yoga -I/Users/sparkles/Documents/CodingFiles/FullStack/expensioApp/frontend/ios/Pods/ExpoModulesCore/ExpoModulesCore.xcframework/ios-arm64_x86_64-simulator/ExpoModulesCore.framework/Headers -I/Users/sparkles/Documents/CodingFiles/FullStack/expensioApp/frontend/ios/Pods/ExpoModulesCore/ExpoModulesCore.xcframework/ios-arm64/ExpoModulesCore.framework/Headers -I/Users/sparkles/Documents/CodingFiles/FullStack/expensioApp/frontend/ios/Pods/ExpoModulesCore/ExpoModulesCore.xcframework/ios-arm64_x86_64-simulator/ExpoModulesCore.framework/Headers -I/Users/sparkles/Documents/CodingFiles/FullStack/expensioApp/frontend/ios/Pods/ExpoModulesCore/ExpoModulesCore.xcframework/ios-arm64/ExpoModulesCore.framework/Headers -I/Users/sparkles/Library/Developer/Xcode/DerivedData/Expensio-futtgngxcysvvhcljmosbeftqmyc/Build/Intermediates.noindex/Pods.build/Debug-iphonesimulator/Pods-Expensio.build/DerivedSources-normal/x86_64 -I/Users/sparkles/Library/Developer/Xcode/DerivedData/Expensio-futtgngxcysvvhcljmosbeftqmyc/Build/Intermediates.noindex/Pods.build/Debug-iphonesimulator/Pods-Expensio.build/DerivedSources/x86_64 -I/Users/sparkles/Library/Developer/Xcode/DerivedData/Expensio-futtgngxcysvvhcljmosbeftqmyc/Build/Intermediates.noindex/Pods.build/Debug-iphonesimulator/Pods-Expensio.build/DerivedSources -F/Users/sparkles/Library/Developer/Xcode/DerivedData/Expensio-futtgngxcysvvhcljmosbeftqmyc/Build/Products/Debug-iphonesimulator -F/Users/sparkles/Documents/CodingFiles/FullStack/expensioApp/frontend/node_modules/@react-native-async-storage/async-storage/apple-frameworks -F/Users/sparkles/Documents/CodingFiles/FullStack/expensioApp/frontend/node_modules/expo-modules-jsi/apple/Products -F/Users/sparkles/Documents/CodingFiles/FullStack/expensioApp/frontend/ios/Pods/ExpoFileSystem -F/Users/sparkles/Documents/CodingFiles/FullStack/expensioApp/frontend/ios/Pods/ExpoFont -F/Users/sparkles/Documents/CodingFiles/FullStack/expensioApp/frontend/ios/Pods/ExpoModulesCore -F/Users/sparkles/Documents/CodingFiles/FullStack/expensioApp/frontend/ios/Pods/ExpoModulesWorklets -F/Users/sparkles/Documents/CodingFiles/FullStack/expensioApp/frontend/ios/Pods/React-Core-prebuilt -F/Users/sparkles/Documents/CodingFiles/FullStack/expensioApp/frontend/ios/Pods/ReactNativeDependencies/framework/packages/react-native -F/Users/sparkles/Documents/CodingFiles/FullStack/expensioApp/frontend/ios/Pods/hermes-engine/destroot/Library/Frameworks/universal -F/Users/sparkles/Library/Developer/Xcode/DerivedData/Expensio-futtgngxcysvvhcljmosbeftqmyc/Build/Products/Debug-iphonesimulator/XCFrameworkIntermediates/AsyncStorage -F/Users/sparkles/Library/Developer/Xcode/DerivedData/Expensio-futtgngxcysvvhcljmosbeftqmyc/Build/Products/Debug-iphonesimulator/XCFrameworkIntermediates/ExpoFileSystem -F/Users/sparkles/Library/Developer/Xcode/DerivedData/Expensio-futtgngxcysvvhcljmosbeftqmyc/Build/Products/Debug-iphonesimulator/XCFrameworkIntermediates/ExpoFont -F/Users/sparkles/Library/Developer/Xcode/DerivedData/Expensio-futtgngxcysvvhcljmosbeftqmyc/Build/Products/Debug-iphonesimulator/XCFrameworkIntermediates/ExpoModulesCore -F/Users/sparkles/Library/Developer/Xcode/DerivedData/Expensio-futtgngxcysvvhcljmosbeftqmyc/Build/Products/Debug-iphonesimulator/XCFrameworkIntermediates/ExpoModulesJSI -F/Users/sparkles/Library/Developer/Xcode/DerivedData/Expensio-futtgngxcysvvhcljmosbeftqmyc/Build/Products/Debug-iphonesimulator/XCFrameworkIntermediates/ExpoModulesWorklets -F/Users/sparkles/Library/Developer/Xcode/DerivedData/Expensio-futtgngxcysvvhcljmosbeftqmyc/Build/Products/Debug-iphonesimulator/XCFrameworkIntermediates/React-Core-prebuilt -F/Users/sparkles/Library/Developer/Xcode/DerivedData/Expensio-futtgngxcysvvhcljmosbeftqmyc/Build/Products/Debug-iphonesimulator/XCFrameworkIntermediates/ReactNativeDependencies -F/Users/sparkles/Library/Developer/Xcode/DerivedData/Expensio-futtgngxcysvvhcljmosbeftqmyc/Build/Products/Debug-iphonesimulator/XCFrameworkIntermediates/hermes-engine/Pre-built '-DRCT_REMOVE_LEGACY_ARCH=1' '-fmodule-map-file=/Users/sparkles/Library/Developer/Xcode/DerivedData/Expensio-futtgngxcysvvhcljmosbeftqmyc/Build/Products/Debug-iphonesimulator/AsyncStorage/AsyncStorage.modulemap' '-fmodule-map-file=/Users/sparkles/Library/Developer/Xcode/DerivedData/Expensio-futtgngxcysvvhcljmosbeftqmyc/Build/Products/Debug-iphonesimulator/EXApplication/EXApplication.modulemap' '-fmodule-map-file=/Users/sparkles/Library/Developer/Xcode/DerivedData/Expensio-futtgngxcysvvhcljmosbeftqmyc/Build/Products/Debug-iphonesimulator/EXConstants/EXConstants.modulemap' '-fmodule-map-file=/Users/sparkles/Library/Developer/Xcode/DerivedData/Expensio-futtgngxcysvvhcljmosbeftqmyc/Build/Products/Debug-iphonesimulator/Expo/Expo.modulemap' '-fmodule-map-file=/Users/sparkles/Library/Developer/Xcode/DerivedData/Expensio-futtgngxcysvvhcljmosbeftqmyc/Build/Products/Debug-iphonesimulator/ExpoAsset/ExpoAsset.modulemap' '-fmodule-map-file=/Users/sparkles/Library/Developer/Xcode/DerivedData/Expensio-futtgngxcysvvhcljmosbeftqmyc/Build/Products/Debug-iphonesimulator/ExpoDomWebView/ExpoDomWebView.modulemap' '-fmodule-map-file=/Users/sparkles/Library/Developer/Xcode/DerivedData/Expensio-futtgngxcysvvhcljmosbeftqmyc/Build/Products/Debug-iphonesimulator/ExpoHaptics/ExpoHaptics.modulemap' '-fmodule-map-file=/Users/sparkles/Library/Developer/Xcode/DerivedData/Expensio-futtgngxcysvvhcljmosbeftqmyc/Build/Products/Debug-iphonesimulator/ExpoKeepAwake/ExpoKeepAwake.modulemap' '-fmodule-map-file=/Users/sparkles/Library/Developer/Xcode/DerivedData/Expensio-futtgngxcysvvhcljmosbeftqmyc/Build/Products/Debug-iphonesimulator/ExpoLinearGradient/ExpoLinearGradient.modulemap' '-fmodule-map-file=/Users/sparkles/Library/Developer/Xcode/DerivedData/Expensio-futtgngxcysvvhcljmosbeftqmyc/Build/Products/Debug-iphonesimulator/ExpoLocalAuthentication/ExpoLocalAuthentication.modulemap' '-fmodule-map-file=/Users/sparkles/Library/Developer/Xcode/DerivedData/Expensio-futtgngxcysvvhcljmosbeftqmyc/Build/Products/Debug-iphonesimulator/ExpoLogBox/ExpoLogBox.modulemap' '-fmodule-map-file=/Users/sparkles/Library/Developer/Xcode/DerivedData/Expensio-futtgngxcysvvhcljmosbeftqmyc/Build/Products/Debug-iphonesimulator/ExpoNotifications/ExpoNotifications.modulemap' '-fmodule-map-file=/Users/sparkles/Library/Developer/Xcode/DerivedData/Expensio-futtgngxcysvvhcljmosbeftqmyc/Build/Products/Debug-iphonesimulator/ExpoSecureStore/ExpoSecureStore.modulemap' '-fmodule-map-file=/Users/sparkles/Library/Developer/Xcode/DerivedData/Expensio-futtgngxcysvvhcljmosbeftqmyc/Build/Products/Debug-iphonesimulator/ExpoWebBrowser/ExpoWebBrowser.modulemap' '-fmodule-map-file=/Users/sparkles/Library/Developer/Xcode/DerivedData/Expensio-futtgngxcysvvhcljmosbeftqmyc/Build/Products/Debug-iphonesimulator/RNScreens/RNScreens.modulemap' '-fmodule-map-file=/Users/sparkles/Documents/CodingFiles/FullStack/expensioApp/frontend/ios/Pods/Headers/Public/ReactAppDependencyProvider/ReactAppDependencyProvider.modulemap' '-fmodule-map-file=/Users/sparkles/Documents/CodingFiles/FullStack/expensioApp/frontend/ios/Pods/Headers/Public/ReactCodegen/ReactCodegen.modulemap' '-DRCT_REMOVE_LEGACY_ARCH=1' '-DREACT_NATIVE_MINOR_VERSION=86' -ivfsoverlay /Users/sparkles/Documents/CodingFiles/FullStack/expensioApp/frontend/ios/Pods/React-Core-prebuilt/React-VFS.yaml

WriteAuxiliaryFile /Users/sparkles/Library/Developer/Xcode/DerivedData/Expensio-futtgngxcysvvhcljmosbeftqmyc/Build/Intermediates.noindex/Pods.build/Debug-iphonesimulator/Pods-Expensio.build/Objects-normal/x86_64/Pods-Expensio.LinkFileList (in target 'Pods-Expensio' from project 'Pods')
    cd /Users/sparkles/Documents/CodingFiles/FullStack/expensioApp/frontend/ios/Pods
    write-file /Users/sparkles/Library/Developer/Xcode/DerivedData/Expensio-futtgngxcysvvhcljmosbeftqmyc/Build/Intermediates.noindex/Pods.build/Debug-iphonesimulator/Pods-Expensio.build/Objects-normal/x86_64/Pods-Expensio.LinkFileList

WriteAuxiliaryFile /Users/sparkles/Library/Developer/Xcode/DerivedData/Expensio-futtgngxcysvvhcljmosbeftqmyc/Build/Intermediates.noindex/Pods.build/Debug-iphonesimulator/Pods-Expensio.build/Objects-normal/arm64/e6072d4f65d7061329687fe24e3d63a7-common-args.resp (in target 'Pods-Expensio' from project 'Pods')
    cd /Users/sparkles/Documents/CodingFiles/FullStack/expensioApp/frontend/ios/Pods
    write-file /Users/sparkles/Library/Developer/Xcode/DerivedData/Expensio-futtgngxcysvvhcljmosbeftqmyc/Build/Intermediates.noindex/Pods.build/Debug-iphonesimulator/Pods-Expensio.build/Objects-normal/arm64/e6072d4f65d7061329687fe24e3d63a7-common-args.resp
'-std=gnu11' -fobjc-arc -fmodules '-fmodules-cache-path=/Users/sparkles/Library/Developer/Xcode/DerivedData/ModuleCache.noindex' -fpascal-strings -O0 -fno-common '-DPOD_CONFIGURATION_DEBUG=1' '-DDEBUG=1' '-DCOCOAPODS=1' '-DOBJC_OLD_DISPATCH_PROTOTYPES=0' -g '-fobjc-abi-version=2' -fobjc-legacy-dispatch -iquote /Users/sparkles/Library/Developer/Xcode/DerivedData/Expensio-futtgngxcysvvhcljmosbeftqmyc/Build/Intermediates.noindex/Pods.build/Debug-iphonesimulator/Pods-Expensio.build/Pods-Expensio-generated-files.hmap -I/Users/sparkles/Library/Developer/Xcode/DerivedData/Expensio-futtgngxcysvvhcljmosbeftqmyc/Build/Intermediates.noindex/Pods.build/Debug-iphonesimulator/Pods-Expensio.build/Pods-Expensio-own-target-headers.hmap -I/Users/sparkles/Library/Developer/Xcode/DerivedData/Expensio-futtgngxcysvvhcljmosbeftqmyc/Build/Intermediates.noindex/Pods.build/Debug-iphonesimulator/Pods-Expensio.build/Pods-Expensio-all-non-framework-target-headers.hmap -ivfsoverlay /Users/sparkles/Library/Developer/Xcode/DerivedData/Expensio-futtgngxcysvvhcljmosbeftqmyc/Build/Intermediates.noindex/Pods.build/Debug-iphonesimulator/Pods-8699adb1dd336b26511df848a716bd42-VFS-iphonesimulator/all-product-headers.yaml -iquote /Users/sparkles/Library/Developer/Xcode/DerivedData/Expensio-futtgngxcysvvhcljmosbeftqmyc/Build/Intermediates.noindex/Pods.build/Debug-iphonesimulator/Pods-Expensio.build/Pods-Expensio-project-headers.hmap -I/Users/sparkles/Library/Developer/Xcode/DerivedData/Expensio-futtgngxcysvvhcljmosbeftqmyc/Build/Products/Debug-iphonesimulator/include -I/Users/sparkles/Documents/CodingFiles/FullStack/expensioApp/frontend/ios/Pods/Headers/Public -I/Users/sparkles/Documents/CodingFiles/FullStack/expensioApp/frontend/ios/Pods/Headers/Public/AsyncStorage -I/Users/sparkles/Documents/CodingFiles/FullStack/expensioApp/frontend/ios/Pods/Headers/Public/EXApplication -I/Users/sparkles/Documents/CodingFiles/FullStack/expensioApp/frontend/ios/Pods/Headers/Public/EXConstants -I/Users/sparkles/Documents/CodingFiles/FullStack/expensioApp/frontend/ios/Pods/Headers/Public/Expo -I/Users/sparkles/Documents/CodingFiles/FullStack/expensioApp/frontend/ios/Pods/Headers/Public/FBLazyVector -I/Users/sparkles/Documents/CodingFiles/FullStack/expensioApp/frontend/ios/Pods/Headers/Public/RCTDeprecation -I/Users/sparkles/Documents/CodingFiles/FullStack/expensioApp/frontend/ios/Pods/Headers/Public/RCTRequired -I/Users/sparkles/Documents/CodingFiles/FullStack/expensioApp/frontend/ios/Pods/Headers/Public/RCTSwiftUIWrapper -I/Users/sparkles/Documents/CodingFiles/FullStack/expensioApp/frontend/ios/Pods/Headers/Public/RCTTypeSafety -I/Users/sparkles/Documents/CodingFiles/FullStack/expensioApp/frontend/ios/Pods/Headers/Public/RNCPicker -I/Users/sparkles/Documents/CodingFiles/FullStack/expensioApp/frontend/ios/Pods/Headers/Public/RNSVG -I/Users/sparkles/Documents/CodingFiles/FullStack/expensioApp/frontend/ios/Pods/Headers/Public/RNScreens -I/Users/sparkles/Documents/CodingFiles/FullStack/expensioApp/frontend/ios/Pods/Headers/Public/React-Core -I/Users/sparkles/Documents/CodingFiles/FullStack/expensioApp/frontend/ios/Pods/Headers/Public/React-Core-prebuilt -I/Users/sparkles/Documents/CodingFiles/FullStack/expensioApp/frontend/ios/Pods/Headers/Public/React-CoreModules -I/Users/sparkles/Documents/CodingFiles/FullStack/expensioApp/frontend/ios/Pods/Headers/Public/React-Fabric -I/Users/sparkles/Documents/CodingFiles/FullStack/expensioApp/frontend/ios/Pods/Headers/Public/React-FabricComponents -I/Users/sparkles/Documents/CodingFiles/FullStack/expensioApp/frontend/ios/Pods/Headers/Public/React-FabricImage -I/Users/sparkles/Documents/CodingFiles/FullStack/expensioApp/frontend/ios/Pods/Headers/Public/React-ImageManager -I/Users/sparkles/Documents/CodingFiles/FullStack/expensioApp/frontend/ios/Pods/Headers/Public/React-Mapbuffer -I/Users/sparkles/Documents/CodingFiles/FullStack/expensioApp/frontend/ios/Pods/Headers/Public/React-NativeModulesApple -I/Users/sparkles/Documents/CodingFiles/FullStack/expensioApp/frontend/ios/Pods/Headers/Public/React-RCTAnimation -I/Users/sparkles/Documents/CodingFiles/FullStack/expensioApp/frontend/ios/Pods/Headers/Public/React-RCTAppDelegate -I/Users/sparkles/Documents/CodingFiles/FullStack/expensioApp/frontend/ios/Pods/Headers/Public/React-RCTBlob -I/Users/sparkles/Documents/CodingFiles/FullStack/expensioApp/frontend/ios/Pods/Headers/Public/React-RCTFBReactNativeSpec -I/Users/sparkles/Documents/CodingFiles/FullStack/expensioApp/frontend/ios/Pods/Headers/Public/React-RCTFabric -I/Users/sparkles/Documents/CodingFiles/FullStack/expensioApp/frontend/ios/Pods/Headers/Public/React-RCTImage -I/Users/sparkles/Documents/CodingFiles/FullStack/expensioApp/frontend/ios/Pods/Headers/Public/React-RCTRuntime -I/Users/sparkles/Documents/CodingFiles/FullStack/expensioApp/frontend/ios/Pods/Headers/Public/React-RCTSettings -I/Users/sparkles/Documents/CodingFiles/FullStack/expensioApp/frontend/ios/Pods/Headers/Public/React-RCTText -I/Users/sparkles/Documents/CodingFiles/FullStack/expensioApp/frontend/ios/Pods/Headers/Public/React-RCTVibration -I/Users/sparkles/Documents/CodingFiles/FullStack/expensioApp/frontend/ios/Pods/Headers/Public/React-RuntimeApple -I/Users/sparkles/Documents/CodingFiles/FullStack/expensioApp/frontend/ios/Pods/Headers/Public/React-RuntimeCore -I/Users/sparkles/Documents/CodingFiles/FullStack/expensioApp/frontend/ios/Pods/Headers/Public/React-RuntimeHermes -I/Users/sparkles/Documents/CodingFiles/FullStack/expensioApp/frontend/ios/Pods/Headers/Public/React-callinvoker -I/Users/sparkles/Documents/CodingFiles/FullStack/expensioApp/frontend/ios/Pods/Headers/Public/React-cxxreact -I/Users/sparkles/Documents/CodingFiles/FullStack/expensioApp/frontend/ios/Pods/Headers/Public/React-debug -I/Users/sparkles/Documents/CodingFiles/FullStack/expensioApp/frontend/ios/Pods/Headers/Public/React-defaultsnativemodule -I/Users/sparkles/Documents/CodingFiles/FullStack/expensioApp/frontend/ios/Pods/Headers/Public/React-domnativemodule -I/Users/sparkles/Documents/CodingFiles/FullStack/expensioApp/frontend/ios/Pods/Headers/Public/React-featureflags -I/Users/sparkles/Documents/CodingFiles/FullStack/expensioApp/frontend/ios/Pods/Headers/Public/React-featureflagsnativemodule -I/Users/sparkles/Documents/CodingFiles/FullStack/expensioApp/frontend/ios/Pods/Headers/Public/React-graphics -I/Users/sparkles/Documents/CodingFiles/FullStack/expensioApp/frontend/ios/Pods/Headers/Public/React-hermes -I/Users/sparkles/Documents/CodingFiles/FullStack/expensioApp/frontend/ios/Pods/Headers/Public/React-idlecallbacksnativemodule -I/Users/sparkles/Documents/CodingFiles/FullStack/expensioApp/frontend/ios/Pods/Headers/Public/React-intersectionobservernativemodule -I/Users/sparkles/Documents/CodingFiles/FullStack/expensioApp/frontend/ios/Pods/Headers/Public/React-jserrorhandler -I/Users/sparkles/Documents/CodingFiles/FullStack/expensioApp/frontend/ios/Pods/Headers/Public/React-jsi -I/Users/sparkles/Documents/CodingFiles/FullStack/expensioApp/frontend/ios/Pods/Headers/Public/React-jsiexecutor -I/Users/sparkles/Documents/CodingFiles/FullStack/expensioApp/frontend/ios/Pods/Headers/Public/React-jsinspector -I/Users/sparkles/Documents/CodingFiles/FullStack/expensioApp/frontend/ios/Pods/Headers/Public/React-jsinspectorcdp -I/Users/sparkles/Documents/CodingFiles/FullStack/expensioApp/frontend/ios/Pods/Headers/Public/React-jsinspectornetwork -I/Users/sparkles/Documents/CodingFiles/FullStack/expensioApp/frontend/ios/Pods/Headers/Public/React-jsinspectortracing -I/Users/sparkles/Documents/CodingFiles/FullStack/expensioApp/frontend/ios/Pods/Headers/Public/React-jsitooling -I/Users/sparkles/Documents/CodingFiles/FullStack/expensioApp/frontend/ios/Pods/Headers/Public/React-logger -I/Users/sparkles/Documents/CodingFiles/FullStack/expensioApp/frontend/ios/Pods/Headers/Public/React-microtasksnativemodule -I/Users/sparkles/Documents/CodingFiles/FullStack/expensioApp/frontend/ios/Pods/Headers/Public/React-mutationobservernativemodule -I/Users/sparkles/Documents/CodingFiles/FullStack/expensioApp/frontend/ios/Pods/Headers/Public/React-networking -I/Users/sparkles/Documents/CodingFiles/FullStack/expensioApp/frontend/ios/Pods/Headers/Public/React-oscompat -I/Users/sparkles/Documents/CodingFiles/FullStack/expensioApp/frontend/ios/Pods/Headers/Public/React-perflogger -I/Users/sparkles/Documents/CodingFiles/FullStack/expensioApp/frontend/ios/Pods/Headers/Public/React-performancecdpmetrics -I/Users/sparkles/Documents/CodingFiles/FullStack/expensioApp/frontend/ios/Pods/Headers/Public/React-performancetimeline -I/Users/sparkles/Documents/CodingFiles/FullStack/expensioApp/frontend/ios/Pods/Headers/Public/React-rendererconsistency -I/Users/sparkles/Documents/CodingFiles/FullStack/expensioApp/frontend/ios/Pods/Headers/Public/React-renderercss -I/Users/sparkles/Documents/CodingFiles/FullStack/expensioApp/frontend/ios/Pods/Headers/Public/React-rendererdebug -I/Users/sparkles/Documents/CodingFiles/FullStack/expensioApp/frontend/ios/Pods/Headers/Public/React-runtimeexecutor -I/Users/sparkles/Documents/CodingFiles/FullStack/expensioApp/frontend/ios/Pods/Headers/Public/React-runtimescheduler -I/Users/sparkles/Documents/CodingFiles/FullStack/expensioApp/frontend/ios/Pods/Headers/Public/React-timing -I/Users/sparkles/Documents/CodingFiles/FullStack/expensioApp/frontend/ios/Pods/Headers/Public/React-utils -I/Users/sparkles/Documents/CodingFiles/FullStack/expensioApp/frontend/ios/Pods/Headers/Public/React-viewtransitionnativemodule -I/Users/sparkles/Documents/CodingFiles/FullStack/expensioApp/frontend/ios/Pods/Headers/Public/React-webperformancenativemodule -I/Users/sparkles/Documents/CodingFiles/FullStack/expensioApp/frontend/ios/Pods/Headers/Public/ReactAppDependencyProvider -I/Users/sparkles/Documents/CodingFiles/FullStack/expensioApp/frontend/ios/Pods/Headers/Public/ReactCodegen -I/Users/sparkles/Documents/CodingFiles/FullStack/expensioApp/frontend/ios/Pods/Headers/Public/ReactCommon -I/Users/sparkles/Documents/CodingFiles/FullStack/expensioApp/frontend/ios/Pods/Headers/Public/ReactNativeDependencies -I/Users/sparkles/Documents/CodingFiles/FullStack/expensioApp/frontend/ios/Pods/Headers/Public/Yoga -I/Users/sparkles/Documents/CodingFiles/FullStack/expensioApp/frontend/ios/Pods/Headers/Public/hermes-engine -I/Users/sparkles/Documents/CodingFiles/FullStack/expensioApp/frontend/ios/Pods/Headers/Public/react-native-safe-area-context '-I/Users/sparkles/Library/Developer/Xcode/DerivedData/Expensio-futtgngxcysvvhcljmosbeftqmyc/Build/Products/Debug-iphonesimulator/Expo/Swift Compatibility Header' -I/Users/sparkles/Documents/CodingFiles/FullStack/expensioApp/frontend/ios/Pods/Headers/Private/Yoga '-I/Users/sparkles/Library/Developer/Xcode/DerivedData/Expensio-futtgngxcysvvhcljmosbeftqmyc/Build/Products/Debug-iphonesimulator/ExpoModulesCore/Swift Compatibility Header' -I/Users/sparkles/Documents/CodingFiles/FullStack/expensioApp/frontend/ios/Pods/Headers/Private/Yoga -I/Users/sparkles/Documents/CodingFiles/FullStack/expensioApp/frontend/ios/Pods/Headers/Private/React-Core -I/Users/sparkles/Documents/CodingFiles/FullStack/expensioApp/frontend/ios/Pods/Headers/Private/React-Core -I/Users/sparkles/Documents/CodingFiles/FullStack/expensioApp/frontend/ios/Pods/Headers/Private/Yoga -I/Users/sparkles/Documents/CodingFiles/FullStack/expensioApp/frontend/ios/Pods/ExpoModulesCore/ExpoModulesCore.xcframework/ios-arm64_x86_64-simulator/ExpoModulesCore.framework/Headers -I/Users/sparkles/Documents/CodingFiles/FullStack/expensioApp/frontend/ios/Pods/ExpoModulesCore/ExpoModulesCore.xcframework/ios-arm64/ExpoModulesCore.framework/Headers -I/Users/sparkles/Documents/CodingFiles/FullStack/expensioApp/frontend/ios/Pods/ExpoModulesCore/ExpoModulesCore.xcframework/ios-arm64_x86_64-simulator/ExpoModulesCore.framework/Headers -I/Users/sparkles/Documents/CodingFiles/FullStack/expensioApp/frontend/ios/Pods/ExpoModulesCore/ExpoModulesCore.xcframework/ios-arm64/ExpoModulesCore.framework/Headers -I/Users/sparkles/Library/Developer/Xcode/DerivedData/Expensio-futtgngxcysvvhcljmosbeftqmyc/Build/Intermediates.noindex/Pods.build/Debug-iphonesimulator/Pods-Expensio.build/DerivedSources-normal/arm64 -I/Users/sparkles/Library/Developer/Xcode/DerivedData/Expensio-futtgngxcysvvhcljmosbeftqmyc/Build/Intermediates.noindex/Pods.build/Debug-iphonesimulator/Pods-Expensio.build/DerivedSources/arm64 -I/Users/sparkles/Library/Developer/Xcode/DerivedData/Expensio-futtgngxcysvvhcljmosbeftqmyc/Build/Intermediates.noindex/Pods.build/Debug-iphonesimulator/Pods-Expensio.build/DerivedSources -F/Users/sparkles/Library/Developer/Xcode/DerivedData/Expensio-futtgngxcysvvhcljmosbeftqmyc/Build/Products/Debug-iphonesimulator -F/Users/sparkles/Documents/CodingFiles/FullStack/expensioApp/frontend/node_modules/@react-native-async-storage/async-storage/apple-frameworks -F/Users/sparkles/Documents/CodingFiles/FullStack/expensioApp/frontend/node_modules/expo-modules-jsi/apple/Products -F/Users/sparkles/Documents/CodingFiles/FullStack/expensioApp/frontend/ios/Pods/ExpoFileSystem -F/Users/sparkles/Documents/CodingFiles/FullStack/expensioApp/frontend/ios/Pods/ExpoFont -F/Users/sparkles/Documents/CodingFiles/FullStack/expensioApp/frontend/ios/Pods/ExpoModulesCore -F/Users/sparkles/Documents/CodingFiles/FullStack/expensioApp/frontend/ios/Pods/ExpoModulesWorklets -F/Users/sparkles/Documents/CodingFiles/FullStack/expensioApp/frontend/ios/Pods/React-Core-prebuilt -F/Users/sparkles/Documents/CodingFiles/FullStack/expensioApp/frontend/ios/Pods/ReactNativeDependencies/framework/packages/react-native -F/Users/sparkles/Documents/CodingFiles/FullStack/expensioApp/frontend/ios/Pods/hermes-engine/destroot/Library/Frameworks/universal -F/Users/sparkles/Library/Developer/Xcode/DerivedData/Expensio-futtgngxcysvvhcljmosbeftqmyc/Build/Products/Debug-iphonesimulator/XCFrameworkIntermediates/AsyncStorage -F/Users/sparkles/Library/Developer/Xcode/DerivedData/Expensio-futtgngxcysvvhcljmosbeftqmyc/Build/Products/Debug-iphonesimulator/XCFrameworkIntermediates/ExpoFileSystem -F/Users/sparkles/Library/Developer/Xcode/DerivedData/Expensio-futtgngxcysvvhcljmosbeftqmyc/Build/Products/Debug-iphonesimulator/XCFrameworkIntermediates/ExpoFont -F/Users/sparkles/Library/Developer/Xcode/DerivedData/Expensio-futtgngxcysvvhcljmosbeftqmyc/Build/Products/Debug-iphonesimulator/XCFrameworkIntermediates/ExpoModulesCore -F/Users/sparkles/Library/Developer/Xcode/DerivedData/Expensio-futtgngxcysvvhcljmosbeftqmyc/Build/Products/Debug-iphonesimulator/XCFrameworkIntermediates/ExpoModulesJSI -F/Users/sparkles/Library/Developer/Xcode/DerivedData/Expensio-futtgngxcysvvhcljmosbeftqmyc/Build/Products/Debug-iphonesimulator/XCFrameworkIntermediates/ExpoModulesWorklets -F/Users/sparkles/Library/Developer/Xcode/DerivedData/Expensio-futtgngxcysvvhcljmosbeftqmyc/Build/Products/Debug-iphonesimulator/XCFrameworkIntermediates/React-Core-prebuilt -F/Users/sparkles/Library/Developer/Xcode/DerivedData/Expensio-futtgngxcysvvhcljmosbeftqmyc/Build/Products/Debug-iphonesimulator/XCFrameworkIntermediates/ReactNativeDependencies -F/Users/sparkles/Library/Developer/Xcode/DerivedData/Expensio-futtgngxcysvvhcljmosbeftqmyc/Build/Products/Debug-iphonesimulator/XCFrameworkIntermediates/hermes-engine/Pre-built '-DRCT_REMOVE_LEGACY_ARCH=1' '-fmodule-map-file=/Users/sparkles/Library/Developer/Xcode/DerivedData/Expensio-futtgngxcysvvhcljmosbeftqmyc/Build/Products/Debug-iphonesimulator/AsyncStorage/AsyncStorage.modulemap' '-fmodule-map-file=/Users/sparkles/Library/Developer/Xcode/DerivedData/Expensio-futtgngxcysvvhcljmosbeftqmyc/Build/Products/Debug-iphonesimulator/EXApplication/EXApplication.modulemap' '-fmodule-map-file=/Users/sparkles/Library/Developer/Xcode/DerivedData/Expensio-futtgngxcysvvhcljmosbeftqmyc/Build/Products/Debug-iphonesimulator/EXConstants/EXConstants.modulemap' '-fmodule-map-file=/Users/sparkles/Library/Developer/Xcode/DerivedData/Expensio-futtgngxcysvvhcljmosbeftqmyc/Build/Products/Debug-iphonesimulator/Expo/Expo.modulemap' '-fmodule-map-file=/Users/sparkles/Library/Developer/Xcode/DerivedData/Expensio-futtgngxcysvvhcljmosbeftqmyc/Build/Products/Debug-iphonesimulator/ExpoAsset/ExpoAsset.modulemap' '-fmodule-map-file=/Users/sparkles/Library/Developer/Xcode/DerivedData/Expensio-futtgngxcysvvhcljmosbeftqmyc/Build/Products/Debug-iphonesimulator/ExpoDomWebView/ExpoDomWebView.modulemap' '-fmodule-map-file=/Users/sparkles/Library/Developer/Xcode/DerivedData/Expensio-futtgngxcysvvhcljmosbeftqmyc/Build/Products/Debug-iphonesimulator/ExpoHaptics/ExpoHaptics.modulemap' '-fmodule-map-file=/Users/sparkles/Library/Developer/Xcode/DerivedData/Expensio-futtgngxcysvvhcljmosbeftqmyc/Build/Products/Debug-iphonesimulator/ExpoKeepAwake/ExpoKeepAwake.modulemap' '-fmodule-map-file=/Users/sparkles/Library/Developer/Xcode/DerivedData/Expensio-futtgngxcysvvhcljmosbeftqmyc/Build/Products/Debug-iphonesimulator/ExpoLinearGradient/ExpoLinearGradient.modulemap' '-fmodule-map-file=/Users/sparkles/Library/Developer/Xcode/DerivedData/Expensio-futtgngxcysvvhcljmosbeftqmyc/Build/Products/Debug-iphonesimulator/ExpoLocalAuthentication/ExpoLocalAuthentication.modulemap' '-fmodule-map-file=/Users/sparkles/Library/Developer/Xcode/DerivedData/Expensio-futtgngxcysvvhcljmosbeftqmyc/Build/Products/Debug-iphonesimulator/ExpoLogBox/ExpoLogBox.modulemap' '-fmodule-map-file=/Users/sparkles/Library/Developer/Xcode/DerivedData/Expensio-futtgngxcysvvhcljmosbeftqmyc/Build/Products/Debug-iphonesimulator/ExpoNotifications/ExpoNotifications.modulemap' '-fmodule-map-file=/Users/sparkles/Library/Developer/Xcode/DerivedData/Expensio-futtgngxcysvvhcljmosbeftqmyc/Build/Products/Debug-iphonesimulator/ExpoSecureStore/ExpoSecureStore.modulemap' '-fmodule-map-file=/Users/sparkles/Library/Developer/Xcode/DerivedData/Expensio-futtgngxcysvvhcljmosbeftqmyc/Build/Products/Debug-iphonesimulator/ExpoWebBrowser/ExpoWebBrowser.modulemap' '-fmodule-map-file=/Users/sparkles/Library/Developer/Xcode/DerivedData/Expensio-futtgngxcysvvhcljmosbeftqmyc/Build/Products/Debug-iphonesimulator/RNScreens/RNScreens.modulemap' '-fmodule-map-file=/Users/sparkles/Documents/CodingFiles/FullStack/expensioApp/frontend/ios/Pods/Headers/Public/ReactAppDependencyProvider/ReactAppDependencyProvider.modulemap' '-fmodule-map-file=/Users/sparkles/Documents/CodingFiles/FullStack/expensioApp/frontend/ios/Pods/Headers/Public/ReactCodegen/ReactCodegen.modulemap' '-DRCT_REMOVE_LEGACY_ARCH=1' '-DREACT_NATIVE_MINOR_VERSION=86' -ivfsoverlay /Users/sparkles/Documents/CodingFiles/FullStack/expensioApp/frontend/ios/Pods/React-Core-prebuilt/React-VFS.yaml

WriteAuxiliaryFile /Users/sparkles/Library/Developer/Xcode/DerivedData/Expensio-futtgngxcysvvhcljmosbeftqmyc/Build/Intermediates.noindex/Pods.build/Debug-iphonesimulator/Pods-Expensio.build/Objects-normal/arm64/Pods-Expensio.LinkFileList (in target 'Pods-Expensio' from project 'Pods')
    cd /Users/sparkles/Documents/CodingFiles/FullStack/expensioApp/frontend/ios/Pods
    write-file /Users/sparkles/Library/Developer/Xcode/DerivedData/Expensio-futtgngxcysvvhcljmosbeftqmyc/Build/Intermediates.noindex/Pods.build/Debug-iphonesimulator/Pods-Expensio.build/Objects-normal/arm64/Pods-Expensio.LinkFileList

WriteAuxiliaryFile /Users/sparkles/Library/Developer/Xcode/DerivedData/Expensio-futtgngxcysvvhcljmosbeftqmyc/Build/Intermediates.noindex/Expensio.build/Debug-iphonesimulator/Expensio.build/Script-800E24972A6A228C8D4807E9.sh (in target 'Expensio' from project 'Expensio')
    cd /Users/sparkles/Documents/CodingFiles/FullStack/expensioApp/frontend/ios
    write-file /Users/sparkles/Library/Developer/Xcode/DerivedData/Expensio-futtgngxcysvvhcljmosbeftqmyc/Build/Intermediates.noindex/Expensio.build/Debug-iphonesimulator/Expensio.build/Script-800E24972A6A228C8D4807E9.sh

WriteAuxiliaryFile /Users/sparkles/Library/Developer/Xcode/DerivedData/Expensio-futtgngxcysvvhcljmosbeftqmyc/Build/Intermediates.noindex/Expensio.build/Debug-iphonesimulator/Expensio.build/Script-270432EEB874F1AA618118B1.sh (in target 'Expensio' from project 'Expensio')
    cd /Users/sparkles/Documents/CodingFiles/FullStack/expensioApp/frontend/ios
    write-file /Users/sparkles/Library/Developer/Xcode/DerivedData/Expensio-futtgngxcysvvhcljmosbeftqmyc/Build/Intermediates.noindex/Expensio.build/Debug-iphonesimulator/Expensio.build/Script-270432EEB874F1AA618118B1.sh

WriteAuxiliaryFile /Users/sparkles/Library/Developer/Xcode/DerivedData/Expensio-futtgngxcysvvhcljmosbeftqmyc/Build/Intermediates.noindex/Expensio.build/Debug-iphonesimulator/Expensio.build/Script-200C29A5EC446F69B7D6BD18.sh (in target 'Expensio' from project 'Expensio')
    cd /Users/sparkles/Documents/CodingFiles/FullStack/expensioApp/frontend/ios
    write-file /Users/sparkles/Library/Developer/Xcode/DerivedData/Expensio-futtgngxcysvvhcljmosbeftqmyc/Build/Intermediates.noindex/Expensio.build/Debug-iphonesimulator/Expensio.build/Script-200C29A5EC446F69B7D6BD18.sh

WriteAuxiliaryFile /Users/sparkles/Library/Developer/Xcode/DerivedData/Expensio-futtgngxcysvvhcljmosbeftqmyc/Build/Intermediates.noindex/Expensio.build/Debug-iphonesimulator/Expensio.build/Script-08A4A3CD28434E44B6B9DE2E.sh (in target 'Expensio' from project 'Expensio')
    cd /Users/sparkles/Documents/CodingFiles/FullStack/expensioApp/frontend/ios
    write-file /Users/sparkles/Library/Developer/Xcode/DerivedData/Expensio-futtgngxcysvvhcljmosbeftqmyc/Build/Intermediates.noindex/Expensio.build/Debug-iphonesimulator/Expensio.build/Script-08A4A3CD28434E44B6B9DE2E.sh

WriteAuxiliaryFile /Users/sparkles/Library/Developer/Xcode/DerivedData/Expensio-futtgngxcysvvhcljmosbeftqmyc/Build/Intermediates.noindex/Expensio.build/Debug-iphonesimulator/Expensio.build/Script-00DD1BFF1BD5951E006B06BC.sh (in target 'Expensio' from project 'Expensio')
    cd /Users/sparkles/Documents/CodingFiles/FullStack/expensioApp/frontend/ios
    write-file /Users/sparkles/Library/Developer/Xcode/DerivedData/Expensio-futtgngxcysvvhcljmosbeftqmyc/Build/Intermediates.noindex/Expensio.build/Debug-iphonesimulator/Expensio.build/Script-00DD1BFF1BD5951E006B06BC.sh

WriteAuxiliaryFile /Users/sparkles/Library/Developer/Xcode/DerivedData/Expensio-futtgngxcysvvhcljmosbeftqmyc/Build/Intermediates.noindex/Expensio.build/Debug-iphonesimulator/Expensio.build/Objects-normal/x86_64/Expensio.SwiftConstValuesFileList (in target 'Expensio' from project 'Expensio')
    cd /Users/sparkles/Documents/CodingFiles/FullStack/expensioApp/frontend/ios
    write-file /Users/sparkles/Library/Developer/Xcode/DerivedData/Expensio-futtgngxcysvvhcljmosbeftqmyc/Build/Intermediates.noindex/Expensio.build/Debug-iphonesimulator/Expensio.build/Objects-normal/x86_64/Expensio.SwiftConstValuesFileList

WriteAuxiliaryFile /Users/sparkles/Library/Developer/Xcode/DerivedData/Expensio-futtgngxcysvvhcljmosbeftqmyc/Build/Intermediates.noindex/Expensio.build/Debug-iphonesimulator/Expensio.build/Objects-normal/x86_64/Expensio.SwiftFileList (in target 'Expensio' from project 'Expensio')
    cd /Users/sparkles/Documents/CodingFiles/FullStack/expensioApp/frontend/ios
    write-file /Users/sparkles/Library/Developer/Xcode/DerivedData/Expensio-futtgngxcysvvhcljmosbeftqmyc/Build/Intermediates.noindex/Expensio.build/Debug-iphonesimulator/Expensio.build/Objects-normal/x86_64/Expensio.SwiftFileList

WriteAuxiliaryFile /Users/sparkles/Library/Developer/Xcode/DerivedData/Expensio-futtgngxcysvvhcljmosbeftqmyc/Build/Intermediates.noindex/Expensio.build/Debug-iphonesimulator/Expensio.build/Objects-normal/x86_64/Expensio_const_extract_protocols.json (in target 'Expensio' from project 'Expensio')
    cd /Users/sparkles/Documents/CodingFiles/FullStack/expensioApp/frontend/ios
    write-file /Users/sparkles/Library/Developer/Xcode/DerivedData/Expensio-futtgngxcysvvhcljmosbeftqmyc/Build/Intermediates.noindex/Expensio.build/Debug-iphonesimulator/Expensio.build/Objects-normal/x86_64/Expensio_const_extract_protocols.json

WriteAuxiliaryFile /Users/sparkles/Library/Developer/Xcode/DerivedData/Expensio-futtgngxcysvvhcljmosbeftqmyc/Build/Intermediates.noindex/Expensio.build/Debug-iphonesimulator/Expensio.build/Objects-normal/x86_64/Expensio.LinkFileList (in target 'Expensio' from project 'Expensio')
    cd /Users/sparkles/Documents/CodingFiles/FullStack/expensioApp/frontend/ios
    write-file /Users/sparkles/Library/Developer/Xcode/DerivedData/Expensio-futtgngxcysvvhcljmosbeftqmyc/Build/Intermediates.noindex/Expensio.build/Debug-iphonesimulator/Expensio.build/Objects-normal/x86_64/Expensio.LinkFileList

WriteAuxiliaryFile /Users/sparkles/Library/Developer/Xcode/DerivedData/Expensio-futtgngxcysvvhcljmosbeftqmyc/Build/Intermediates.noindex/Expensio.build/Debug-iphonesimulator/Expensio.build/Objects-normal/x86_64/Expensio-OutputFileMap.json (in target 'Expensio' from project 'Expensio')
    cd /Users/sparkles/Documents/CodingFiles/FullStack/expensioApp/frontend/ios
    write-file /Users/sparkles/Library/Developer/Xcode/DerivedData/Expensio-futtgngxcysvvhcljmosbeftqmyc/Build/Intermediates.noindex/Expensio.build/Debug-iphonesimulator/Expensio.build/Objects-normal/x86_64/Expensio-OutputFileMap.json

WriteAuxiliaryFile /Users/sparkles/Library/Developer/Xcode/DerivedData/Expensio-futtgngxcysvvhcljmosbeftqmyc/Build/Intermediates.noindex/Expensio.build/Debug-iphonesimulator/Expensio.build/Objects-normal/x86_64/7187679823f38a2a940e0043cdf9d637-common-args.resp (in target 'Expensio' from project 'Expensio')
    cd /Users/sparkles/Documents/CodingFiles/FullStack/expensioApp/frontend/ios
    write-file /Users/sparkles/Library/Developer/Xcode/DerivedData/Expensio-futtgngxcysvvhcljmosbeftqmyc/Build/Intermediates.noindex/Expensio.build/Debug-iphonesimulator/Expensio.build/Objects-normal/x86_64/7187679823f38a2a940e0043cdf9d637-common-args.resp
'-std=gnu99' -fmodules -gmodules '-fmodules-cache-path=/Users/sparkles/Library/Developer/Xcode/DerivedData/ModuleCache.noindex' -fpascal-strings -O0 -fno-common '-DDEBUG=1' '-DCOCOAPODS=1' '-DFB_SONARKIT_ENABLED=1' -fasm-blocks -g -iquote /Users/sparkles/Library/Developer/Xcode/DerivedData/Expensio-futtgngxcysvvhcljmosbeftqmyc/Build/Intermediates.noindex/Expensio.build/Debug-iphonesimulator/Expensio.build/Expensio-generated-files.hmap -I/Users/sparkles/Library/Developer/Xcode/DerivedData/Expensio-futtgngxcysvvhcljmosbeftqmyc/Build/Intermediates.noindex/Expensio.build/Debug-iphonesimulator/Expensio.build/Expensio-own-target-headers.hmap -I/Users/sparkles/Library/Developer/Xcode/DerivedData/Expensio-futtgngxcysvvhcljmosbeftqmyc/Build/Intermediates.noindex/Expensio.build/Debug-iphonesimulator/Expensio.build/Expensio-all-non-framework-target-headers.hmap -ivfsoverlay /Users/sparkles/Library/Developer/Xcode/DerivedData/Expensio-futtgngxcysvvhcljmosbeftqmyc/Build/Intermediates.noindex/Expensio.build/Debug-iphonesimulator/Expensio-044e63bbdf9aedc70cce4c0aeb8b4f3c-VFS-iphonesimulator/all-product-headers.yaml -iquote /Users/sparkles/Library/Developer/Xcode/DerivedData/Expensio-futtgngxcysvvhcljmosbeftqmyc/Build/Intermediates.noindex/Expensio.build/Debug-iphonesimulator/Expensio.build/Expensio-project-headers.hmap -I/Users/sparkles/Library/Developer/Xcode/DerivedData/Expensio-futtgngxcysvvhcljmosbeftqmyc/Build/Products/Debug-iphonesimulator/include -I/Users/sparkles/Documents/CodingFiles/FullStack/expensioApp/frontend/ios/Pods/Headers/Public -I/Users/sparkles/Documents/CodingFiles/FullStack/expensioApp/frontend/ios/Pods/Headers/Public/AsyncStorage -I/Users/sparkles/Documents/CodingFiles/FullStack/expensioApp/frontend/ios/Pods/Headers/Public/EXApplication -I/Users/sparkles/Documents/CodingFiles/FullStack/expensioApp/frontend/ios/Pods/Headers/Public/EXConstants -I/Users/sparkles/Documents/CodingFiles/FullStack/expensioApp/frontend/ios/Pods/Headers/Public/Expo -I/Users/sparkles/Documents/CodingFiles/FullStack/expensioApp/frontend/ios/Pods/Headers/Public/FBLazyVector -I/Users/sparkles/Documents/CodingFiles/FullStack/expensioApp/frontend/ios/Pods/Headers/Public/RCTDeprecation -I/Users/sparkles/Documents/CodingFiles/FullStack/expensioApp/frontend/ios/Pods/Headers/Public/RCTRequired -I/Users/sparkles/Documents/CodingFiles/FullStack/expensioApp/frontend/ios/Pods/Headers/Public/RCTSwiftUIWrapper -I/Users/sparkles/Documents/CodingFiles/FullStack/expensioApp/frontend/ios/Pods/Headers/Public/RCTTypeSafety -I/Users/sparkles/Documents/CodingFiles/FullStack/expensioApp/frontend/ios/Pods/Headers/Public/RNCPicker -I/Users/sparkles/Documents/CodingFiles/FullStack/expensioApp/frontend/ios/Pods/Headers/Public/RNSVG -I/Users/sparkles/Documents/CodingFiles/FullStack/expensioApp/frontend/ios/Pods/Headers/Public/RNScreens -I/Users/sparkles/Documents/CodingFiles/FullStack/expensioApp/frontend/ios/Pods/Headers/Public/React-Core -I/Users/sparkles/Documents/CodingFiles/FullStack/expensioApp/frontend/ios/Pods/Headers/Public/React-Core-prebuilt -I/Users/sparkles/Documents/CodingFiles/FullStack/expensioApp/frontend/ios/Pods/Headers/Public/React-CoreModules -I/Users/sparkles/Documents/CodingFiles/FullStack/expensioApp/frontend/ios/Pods/Headers/Public/React-Fabric -I/Users/sparkles/Documents/CodingFiles/FullStack/expensioApp/frontend/ios/Pods/Headers/Public/React-FabricComponents -I/Users/sparkles/Documents/CodingFiles/FullStack/expensioApp/frontend/ios/Pods/Headers/Public/React-FabricImage -I/Users/sparkles/Documents/CodingFiles/FullStack/expensioApp/frontend/ios/Pods/Headers/Public/React-ImageManager -I/Users/sparkles/Documents/CodingFiles/FullStack/expensioApp/frontend/ios/Pods/Headers/Public/React-Mapbuffer -I/Users/sparkles/Documents/CodingFiles/FullStack/expensioApp/frontend/ios/Pods/Headers/Public/React-NativeModulesApple -I/Users/sparkles/Documents/CodingFiles/FullStack/expensioApp/frontend/ios/Pods/Headers/Public/React-RCTAnimation -I/Users/sparkles/Documents/CodingFiles/FullStack/expensioApp/frontend/ios/Pods/Headers/Public/React-RCTAppDelegate -I/Users/sparkles/Documents/CodingFiles/FullStack/expensioApp/frontend/ios/Pods/Headers/Public/React-RCTBlob -I/Users/sparkles/Documents/CodingFiles/FullStack/expensioApp/frontend/ios/Pods/Headers/Public/React-RCTFBReactNativeSpec -I/Users/sparkles/Documents/CodingFiles/FullStack/expensioApp/frontend/ios/Pods/Headers/Public/React-RCTFabric -I/Users/sparkles/Documents/CodingFiles/FullStack/expensioApp/frontend/ios/Pods/Headers/Public/React-RCTImage -I/Users/sparkles/Documents/CodingFiles/FullStack/expensioApp/frontend/ios/Pods/Headers/Public/React-RCTRuntime -I/Users/sparkles/Documents/CodingFiles/FullStack/expensioApp/frontend/ios/Pods/Headers/Public/React-RCTSettings -I/Users/sparkles/Documents/CodingFiles/FullStack/expensioApp/frontend/ios/Pods/Headers/Public/React-RCTText -I/Users/sparkles/Documents/CodingFiles/FullStack/expensioApp/frontend/ios/Pods/Headers/Public/React-RCTVibration -I/Users/sparkles/Documents/CodingFiles/FullStack/expensioApp/frontend/ios/Pods/Headers/Public/React-RuntimeApple -I/Users/sparkles/Documents/CodingFiles/FullStack/expensioApp/frontend/ios/Pods/Headers/Public/React-RuntimeCore -I/Users/sparkles/Documents/CodingFiles/FullStack/expensioApp/frontend/ios/Pods/Headers/Public/React-RuntimeHermes -I/Users/sparkles/Documents/CodingFiles/FullStack/expensioApp/frontend/ios/Pods/Headers/Public/React-callinvoker -I/Users/sparkles/Documents/CodingFiles/FullStack/expensioApp/frontend/ios/Pods/Headers/Public/React-cxxreact -I/Users/sparkles/Documents/CodingFiles/FullStack/expensioApp/frontend/ios/Pods/Headers/Public/React-debug -I/Users/sparkles/Documents/CodingFiles/FullStack/expensioApp/frontend/ios/Pods/Headers/Public/React-defaultsnativemodule -I/Users/sparkles/Documents/CodingFiles/FullStack/expensioApp/frontend/ios/Pods/Headers/Public/React-domnativemodule -I/Users/sparkles/Documents/CodingFiles/FullStack/expensioApp/frontend/ios/Pods/Headers/Public/React-featureflags -I/Users/sparkles/Documents/CodingFiles/FullStack/expensioApp/frontend/ios/Pods/Headers/Public/React-featureflagsnativemodule -I/Users/sparkles/Documents/CodingFiles/FullStack/expensioApp/frontend/ios/Pods/Headers/Public/React-graphics -I/Users/sparkles/Documents/CodingFiles/FullStack/expensioApp/frontend/ios/Pods/Headers/Public/React-hermes -I/Users/sparkles/Documents/CodingFiles/FullStack/expensioApp/frontend/ios/Pods/Headers/Public/React-idlecallbacksnativemodule -I/Users/sparkles/Documents/CodingFiles/FullStack/expensioApp/frontend/ios/Pods/Headers/Public/React-intersectionobservernativemodule -I/Users/sparkles/Documents/CodingFiles/FullStack/expensioApp/frontend/ios/Pods/Headers/Public/React-jserrorhandler -I/Users/sparkles/Documents/CodingFiles/FullStack/expensioApp/frontend/ios/Pods/Headers/Public/React-jsi -I/Users/sparkles/Documents/CodingFiles/FullStack/expensioApp/frontend/ios/Pods/Headers/Public/React-jsiexecutor -I/Users/sparkles/Documents/CodingFiles/FullStack/expensioApp/frontend/ios/Pods/Headers/Public/React-jsinspector -I/Users/sparkles/Documents/CodingFiles/FullStack/expensioApp/frontend/ios/Pods/Headers/Public/React-jsinspectorcdp -I/Users/sparkles/Documents/CodingFiles/FullStack/expensioApp/frontend/ios/Pods/Headers/Public/React-jsinspectornetwork -I/Users/sparkles/Documents/CodingFiles/FullStack/expensioApp/frontend/ios/Pods/Headers/Public/React-jsinspectortracing -I/Users/sparkles/Documents/CodingFiles/FullStack/expensioApp/frontend/ios/Pods/Headers/Public/React-jsitooling -I/Users/sparkles/Documents/CodingFiles/FullStack/expensioApp/frontend/ios/Pods/Headers/Public/React-logger -I/Users/sparkles/Documents/CodingFiles/FullStack/expensioApp/frontend/ios/Pods/Headers/Public/React-microtasksnativemodule -I/Users/sparkles/Documents/CodingFiles/FullStack/expensioApp/frontend/ios/Pods/Headers/Public/React-mutationobservernativemodule -I/Users/sparkles/Documents/CodingFiles/FullStack/expensioApp/frontend/ios/Pods/Headers/Public/React-networking -I/Users/sparkles/Documents/CodingFiles/FullStack/expensioApp/frontend/ios/Pods/Headers/Public/React-oscompat -I/Users/sparkles/Documents/CodingFiles/FullStack/expensioApp/frontend/ios/Pods/Headers/Public/React-perflogger -I/Users/sparkles/Documents/CodingFiles/FullStack/expensioApp/frontend/ios/Pods/Headers/Public/React-performancecdpmetrics -I/Users/sparkles/Documents/CodingFiles/FullStack/expensioApp/frontend/ios/Pods/Headers/Public/React-performancetimeline -I/Users/sparkles/Documents/CodingFiles/FullStack/expensioApp/frontend/ios/Pods/Headers/Public/React-rendererconsistency -I/Users/sparkles/Documents/CodingFiles/FullStack/expensioApp/frontend/ios/Pods/Headers/Public/React-renderercss -I/Users/sparkles/Documents/CodingFiles/FullStack/expensioApp/frontend/ios/Pods/Headers/Public/React-rendererdebug -I/Users/sparkles/Documents/CodingFiles/FullStack/expensioApp/frontend/ios/Pods/Headers/Public/React-runtimeexecutor -I/Users/sparkles/Documents/CodingFiles/FullStack/expensioApp/frontend/ios/Pods/Headers/Public/React-runtimescheduler -I/Users/sparkles/Documents/CodingFiles/FullStack/expensioApp/frontend/ios/Pods/Headers/Public/React-timing -I/Users/sparkles/Documents/CodingFiles/FullStack/expensioApp/frontend/ios/Pods/Headers/Public/React-utils -I/Users/sparkles/Documents/CodingFiles/FullStack/expensioApp/frontend/ios/Pods/Headers/Public/React-viewtransitionnativemodule -I/Users/sparkles/Documents/CodingFiles/FullStack/expensioApp/frontend/ios/Pods/Headers/Public/React-webperformancenativemodule -I/Users/sparkles/Documents/CodingFiles/FullStack/expensioApp/frontend/ios/Pods/Headers/Public/ReactAppDependencyProvider -I/Users/sparkles/Documents/CodingFiles/FullStack/expensioApp/frontend/ios/Pods/Headers/Public/ReactCodegen -I/Users/sparkles/Documents/CodingFiles/FullStack/expensioApp/frontend/ios/Pods/Headers/Public/ReactCommon -I/Users/sparkles/Documents/CodingFiles/FullStack/expensioApp/frontend/ios/Pods/Headers/Public/ReactNativeDependencies -I/Users/sparkles/Documents/CodingFiles/FullStack/expensioApp/frontend/ios/Pods/Headers/Public/Yoga -I/Users/sparkles/Documents/CodingFiles/FullStack/expensioApp/frontend/ios/Pods/Headers/Public/hermes-engine -I/Users/sparkles/Documents/CodingFiles/FullStack/expensioApp/frontend/ios/Pods/Headers/Public/react-native-safe-area-context '-I/Users/sparkles/Library/Developer/Xcode/DerivedData/Expensio-futtgngxcysvvhcljmosbeftqmyc/Build/Products/Debug-iphonesimulator/Expo/Swift Compatibility Header' -I/Users/sparkles/Documents/CodingFiles/FullStack/expensioApp/frontend/ios/Pods/Headers/Private/Yoga '-I/Users/sparkles/Library/Developer/Xcode/DerivedData/Expensio-futtgngxcysvvhcljmosbeftqmyc/Build/Products/Debug-iphonesimulator/ExpoModulesCore/Swift Compatibility Header' -I/Users/sparkles/Documents/CodingFiles/FullStack/expensioApp/frontend/ios/Pods/Headers/Private/Yoga -I/Users/sparkles/Documents/CodingFiles/FullStack/expensioApp/frontend/ios/Pods/Headers/Private/React-Core -I/Users/sparkles/Documents/CodingFiles/FullStack/expensioApp/frontend/ios/Pods/Headers/Private/React-Core -I/Users/sparkles/Documents/CodingFiles/FullStack/expensioApp/frontend/ios/Pods/Headers/Private/Yoga -I/Users/sparkles/Documents/CodingFiles/FullStack/expensioApp/frontend/ios/Pods/ExpoModulesCore/ExpoModulesCore.xcframework/ios-arm64_x86_64-simulator/ExpoModulesCore.framework/Headers -I/Users/sparkles/Documents/CodingFiles/FullStack/expensioApp/frontend/ios/Pods/ExpoModulesCore/ExpoModulesCore.xcframework/ios-arm64/ExpoModulesCore.framework/Headers -I/Users/sparkles/Library/Developer/Xcode/DerivedData/Expensio-futtgngxcysvvhcljmosbeftqmyc/Build/Intermediates.noindex/Expensio.build/Debug-iphonesimulator/Expensio.build/DerivedSources-normal/x86_64 -I/Users/sparkles/Library/Developer/Xcode/DerivedData/Expensio-futtgngxcysvvhcljmosbeftqmyc/Build/Intermediates.noindex/Expensio.build/Debug-iphonesimulator/Expensio.build/DerivedSources/x86_64 -I/Users/sparkles/Library/Developer/Xcode/DerivedData/Expensio-futtgngxcysvvhcljmosbeftqmyc/Build/Intermediates.noindex/Expensio.build/Debug-iphonesimulator/Expensio.build/DerivedSources -F/Users/sparkles/Library/Developer/Xcode/DerivedData/Expensio-futtgngxcysvvhcljmosbeftqmyc/Build/Products/Debug-iphonesimulator -F/Users/sparkles/Documents/CodingFiles/FullStack/expensioApp/frontend/node_modules/@react-native-async-storage/async-storage/apple-frameworks -F/Users/sparkles/Documents/CodingFiles/FullStack/expensioApp/frontend/node_modules/expo-modules-jsi/apple/Products -F/Users/sparkles/Documents/CodingFiles/FullStack/expensioApp/frontend/ios/Pods/ExpoFileSystem -F/Users/sparkles/Documents/CodingFiles/FullStack/expensioApp/frontend/ios/Pods/ExpoFont -F/Users/sparkles/Documents/CodingFiles/FullStack/expensioApp/frontend/ios/Pods/ExpoModulesCore -F/Users/sparkles/Documents/CodingFiles/FullStack/expensioApp/frontend/ios/Pods/ExpoModulesWorklets -F/Users/sparkles/Documents/CodingFiles/FullStack/expensioApp/frontend/ios/Pods/React-Core-prebuilt -F/Users/sparkles/Documents/CodingFiles/FullStack/expensioApp/frontend/ios/Pods/ReactNativeDependencies/framework/packages/react-native -F/Users/sparkles/Documents/CodingFiles/FullStack/expensioApp/frontend/ios/Pods/hermes-engine/destroot/Library/Frameworks/universal -F/Users/sparkles/Library/Developer/Xcode/DerivedData/Expensio-futtgngxcysvvhcljmosbeftqmyc/Build/Products/Debug-iphonesimulator/XCFrameworkIntermediates/AsyncStorage -F/Users/sparkles/Library/Developer/Xcode/DerivedData/Expensio-futtgngxcysvvhcljmosbeftqmyc/Build/Products/Debug-iphonesimulator/XCFrameworkIntermediates/ExpoFileSystem -F/Users/sparkles/Library/Developer/Xcode/DerivedData/Expensio-futtgngxcysvvhcljmosbeftqmyc/Build/Products/Debug-iphonesimulator/XCFrameworkIntermediates/ExpoFont -F/Users/sparkles/Library/Developer/Xcode/DerivedData/Expensio-futtgngxcysvvhcljmosbeftqmyc/Build/Products/Debug-iphonesimulator/XCFrameworkIntermediates/ExpoModulesCore -F/Users/sparkles/Library/Developer/Xcode/DerivedData/Expensio-futtgngxcysvvhcljmosbeftqmyc/Build/Products/Debug-iphonesimulator/XCFrameworkIntermediates/ExpoModulesJSI -F/Users/sparkles/Library/Developer/Xcode/DerivedData/Expensio-futtgngxcysvvhcljmosbeftqmyc/Build/Products/Debug-iphonesimulator/XCFrameworkIntermediates/ExpoModulesWorklets -F/Users/sparkles/Library/Developer/Xcode/DerivedData/Expensio-futtgngxcysvvhcljmosbeftqmyc/Build/Products/Debug-iphonesimulator/XCFrameworkIntermediates/React-Core-prebuilt -F/Users/sparkles/Library/Developer/Xcode/DerivedData/Expensio-futtgngxcysvvhcljmosbeftqmyc/Build/Products/Debug-iphonesimulator/XCFrameworkIntermediates/ReactNativeDependencies -F/Users/sparkles/Library/Developer/Xcode/DerivedData/Expensio-futtgngxcysvvhcljmosbeftqmyc/Build/Products/Debug-iphonesimulator/XCFrameworkIntermediates/hermes-engine/Pre-built '-DRCT_REMOVE_LEGACY_ARCH=1' '-fmodule-map-file=/Users/sparkles/Library/Developer/Xcode/DerivedData/Expensio-futtgngxcysvvhcljmosbeftqmyc/Build/Products/Debug-iphonesimulator/AsyncStorage/AsyncStorage.modulemap' '-fmodule-map-file=/Users/sparkles/Library/Developer/Xcode/DerivedData/Expensio-futtgngxcysvvhcljmosbeftqmyc/Build/Products/Debug-iphonesimulator/EXApplication/EXApplication.modulemap' '-fmodule-map-file=/Users/sparkles/Library/Developer/Xcode/DerivedData/Expensio-futtgngxcysvvhcljmosbeftqmyc/Build/Products/Debug-iphonesimulator/EXConstants/EXConstants.modulemap' '-fmodule-map-file=/Users/sparkles/Library/Developer/Xcode/DerivedData/Expensio-futtgngxcysvvhcljmosbeftqmyc/Build/Products/Debug-iphonesimulator/Expo/Expo.modulemap' '-fmodule-map-file=/Users/sparkles/Library/Developer/Xcode/DerivedData/Expensio-futtgngxcysvvhcljmosbeftqmyc/Build/Products/Debug-iphonesimulator/ExpoAsset/ExpoAsset.modulemap' '-fmodule-map-file=/Users/sparkles/Library/Developer/Xcode/DerivedData/Expensio-futtgngxcysvvhcljmosbeftqmyc/Build/Products/Debug-iphonesimulator/ExpoDomWebView/ExpoDomWebView.modulemap' '-fmodule-map-file=/Users/sparkles/Library/Developer/Xcode/DerivedData/Expensio-futtgngxcysvvhcljmosbeftqmyc/Build/Products/Debug-iphonesimulator/ExpoHaptics/ExpoHaptics.modulemap' '-fmodule-map-file=/Users/sparkles/Library/Developer/Xcode/DerivedData/Expensio-futtgngxcysvvhcljmosbeftqmyc/Build/Products/Debug-iphonesimulator/ExpoKeepAwake/ExpoKeepAwake.modulemap' '-fmodule-map-file=/Users/sparkles/Library/Developer/Xcode/DerivedData/Expensio-futtgngxcysvvhcljmosbeftqmyc/Build/Products/Debug-iphonesimulator/ExpoLinearGradient/ExpoLinearGradient.modulemap' '-fmodule-map-file=/Users/sparkles/Library/Developer/Xcode/DerivedData/Expensio-futtgngxcysvvhcljmosbeftqmyc/Build/Products/Debug-iphonesimulator/ExpoLocalAuthentication/ExpoLocalAuthentication.modulemap' '-fmodule-map-file=/Users/sparkles/Library/Developer/Xcode/DerivedData/Expensio-futtgngxcysvvhcljmosbeftqmyc/Build/Products/Debug-iphonesimulator/ExpoLogBox/ExpoLogBox.modulemap' '-fmodule-map-file=/Users/sparkles/Library/Developer/Xcode/DerivedData/Expensio-futtgngxcysvvhcljmosbeftqmyc/Build/Products/Debug-iphonesimulator/ExpoNotifications/ExpoNotifications.modulemap' '-fmodule-map-file=/Users/sparkles/Library/Developer/Xcode/DerivedData/Expensio-futtgngxcysvvhcljmosbeftqmyc/Build/Products/Debug-iphonesimulator/ExpoSecureStore/ExpoSecureStore.modulemap' '-fmodule-map-file=/Users/sparkles/Library/Developer/Xcode/DerivedData/Expensio-futtgngxcysvvhcljmosbeftqmyc/Build/Products/Debug-iphonesimulator/ExpoWebBrowser/ExpoWebBrowser.modulemap' '-fmodule-map-file=/Users/sparkles/Library/Developer/Xcode/DerivedData/Expensio-futtgngxcysvvhcljmosbeftqmyc/Build/Products/Debug-iphonesimulator/RNScreens/RNScreens.modulemap' '-fmodule-map-file=/Users/sparkles/Documents/CodingFiles/FullStack/expensioApp/frontend/ios/Pods/Headers/Public/ReactAppDependencyProvider/ReactAppDependencyProvider.modulemap' '-fmodule-map-file=/Users/sparkles/Documents/CodingFiles/FullStack/expensioApp/frontend/ios/Pods/Headers/Public/ReactCodegen/ReactCodegen.modulemap' '-DRCT_REMOVE_LEGACY_ARCH=1' '-DREACT_NATIVE_MINOR_VERSION=86' -ivfsoverlay /Users/sparkles/Documents/CodingFiles/FullStack/expensioApp/frontend/ios/Pods/React-Core-prebuilt/React-VFS.yaml

WriteAuxiliaryFile /Users/sparkles/Library/Developer/Xcode/DerivedData/Expensio-futtgngxcysvvhcljmosbeftqmyc/Build/Intermediates.noindex/Expensio.build/Debug-iphonesimulator/Expensio.build/Objects-normal/arm64/Expensio.SwiftFileList (in target 'Expensio' from project 'Expensio')
    cd /Users/sparkles/Documents/CodingFiles/FullStack/expensioApp/frontend/ios
    write-file /Users/sparkles/Library/Developer/Xcode/DerivedData/Expensio-futtgngxcysvvhcljmosbeftqmyc/Build/Intermediates.noindex/Expensio.build/Debug-iphonesimulator/Expensio.build/Objects-normal/arm64/Expensio.SwiftFileList

WriteAuxiliaryFile /Users/sparkles/Library/Developer/Xcode/DerivedData/Expensio-futtgngxcysvvhcljmosbeftqmyc/Build/Intermediates.noindex/Expensio.build/Debug-iphonesimulator/Expensio.build/Objects-normal/arm64/Expensio_const_extract_protocols.json (in target 'Expensio' from project 'Expensio')
    cd /Users/sparkles/Documents/CodingFiles/FullStack/expensioApp/frontend/ios
    write-file /Users/sparkles/Library/Developer/Xcode/DerivedData/Expensio-futtgngxcysvvhcljmosbeftqmyc/Build/Intermediates.noindex/Expensio.build/Debug-iphonesimulator/Expensio.build/Objects-normal/arm64/Expensio_const_extract_protocols.json

WriteAuxiliaryFile /Users/sparkles/Library/Developer/Xcode/DerivedData/Expensio-futtgngxcysvvhcljmosbeftqmyc/Build/Intermediates.noindex/Expensio.build/Debug-iphonesimulator/Expensio.build/Objects-normal/arm64/Expensio.SwiftConstValuesFileList (in target 'Expensio' from project 'Expensio')
    cd /Users/sparkles/Documents/CodingFiles/FullStack/expensioApp/frontend/ios
    write-file /Users/sparkles/Library/Developer/Xcode/DerivedData/Expensio-futtgngxcysvvhcljmosbeftqmyc/Build/Intermediates.noindex/Expensio.build/Debug-iphonesimulator/Expensio.build/Objects-normal/arm64/Expensio.SwiftConstValuesFileList

WriteAuxiliaryFile /Users/sparkles/Library/Developer/Xcode/DerivedData/Expensio-futtgngxcysvvhcljmosbeftqmyc/Build/Intermediates.noindex/Expensio.build/Debug-iphonesimulator/Expensio.build/Objects-normal/arm64/Expensio.LinkFileList (in target 'Expensio' from project 'Expensio')
    cd /Users/sparkles/Documents/CodingFiles/FullStack/expensioApp/frontend/ios
    write-file /Users/sparkles/Library/Developer/Xcode/DerivedData/Expensio-futtgngxcysvvhcljmosbeftqmyc/Build/Intermediates.noindex/Expensio.build/Debug-iphonesimulator/Expensio.build/Objects-normal/arm64/Expensio.LinkFileList

WriteAuxiliaryFile /Users/sparkles/Library/Developer/Xcode/DerivedData/Expensio-futtgngxcysvvhcljmosbeftqmyc/Build/Intermediates.noindex/Expensio.build/Debug-iphonesimulator/Expensio.build/Objects-normal/arm64/Expensio-OutputFileMap.json (in target 'Expensio' from project 'Expensio')
    cd /Users/sparkles/Documents/CodingFiles/FullStack/expensioApp/frontend/ios
    write-file /Users/sparkles/Library/Developer/Xcode/DerivedData/Expensio-futtgngxcysvvhcljmosbeftqmyc/Build/Intermediates.noindex/Expensio.build/Debug-iphonesimulator/Expensio.build/Objects-normal/arm64/Expensio-OutputFileMap.json

WriteAuxiliaryFile /Users/sparkles/Library/Developer/Xcode/DerivedData/Expensio-futtgngxcysvvhcljmosbeftqmyc/Build/Intermediates.noindex/Expensio.build/Debug-iphonesimulator/Expensio.build/Objects-normal/arm64/7187679823f38a2a940e0043cdf9d637-common-args.resp (in target 'Expensio' from project 'Expensio')
    cd /Users/sparkles/Documents/CodingFiles/FullStack/expensioApp/frontend/ios
    write-file /Users/sparkles/Library/Developer/Xcode/DerivedData/Expensio-futtgngxcysvvhcljmosbeftqmyc/Build/Intermediates.noindex/Expensio.build/Debug-iphonesimulator/Expensio.build/Objects-normal/arm64/7187679823f38a2a940e0043cdf9d637-common-args.resp
'-std=gnu99' -fmodules -gmodules '-fmodules-cache-path=/Users/sparkles/Library/Developer/Xcode/DerivedData/ModuleCache.noindex' -fpascal-strings -O0 -fno-common '-DDEBUG=1' '-DCOCOAPODS=1' '-DFB_SONARKIT_ENABLED=1' -g -iquote /Users/sparkles/Library/Developer/Xcode/DerivedData/Expensio-futtgngxcysvvhcljmosbeftqmyc/Build/Intermediates.noindex/Expensio.build/Debug-iphonesimulator/Expensio.build/Expensio-generated-files.hmap -I/Users/sparkles/Library/Developer/Xcode/DerivedData/Expensio-futtgngxcysvvhcljmosbeftqmyc/Build/Intermediates.noindex/Expensio.build/Debug-iphonesimulator/Expensio.build/Expensio-own-target-headers.hmap -I/Users/sparkles/Library/Developer/Xcode/DerivedData/Expensio-futtgngxcysvvhcljmosbeftqmyc/Build/Intermediates.noindex/Expensio.build/Debug-iphonesimulator/Expensio.build/Expensio-all-non-framework-target-headers.hmap -ivfsoverlay /Users/sparkles/Library/Developer/Xcode/DerivedData/Expensio-futtgngxcysvvhcljmosbeftqmyc/Build/Intermediates.noindex/Expensio.build/Debug-iphonesimulator/Expensio-044e63bbdf9aedc70cce4c0aeb8b4f3c-VFS-iphonesimulator/all-product-headers.yaml -iquote /Users/sparkles/Library/Developer/Xcode/DerivedData/Expensio-futtgngxcysvvhcljmosbeftqmyc/Build/Intermediates.noindex/Expensio.build/Debug-iphonesimulator/Expensio.build/Expensio-project-headers.hmap -I/Users/sparkles/Library/Developer/Xcode/DerivedData/Expensio-futtgngxcysvvhcljmosbeftqmyc/Build/Products/Debug-iphonesimulator/include -I/Users/sparkles/Documents/CodingFiles/FullStack/expensioApp/frontend/ios/Pods/Headers/Public -I/Users/sparkles/Documents/CodingFiles/FullStack/expensioApp/frontend/ios/Pods/Headers/Public/AsyncStorage -I/Users/sparkles/Documents/CodingFiles/FullStack/expensioApp/frontend/ios/Pods/Headers/Public/EXApplication -I/Users/sparkles/Documents/CodingFiles/FullStack/expensioApp/frontend/ios/Pods/Headers/Public/EXConstants -I/Users/sparkles/Documents/CodingFiles/FullStack/expensioApp/frontend/ios/Pods/Headers/Public/Expo -I/Users/sparkles/Documents/CodingFiles/FullStack/expensioApp/frontend/ios/Pods/Headers/Public/FBLazyVector -I/Users/sparkles/Documents/CodingFiles/FullStack/expensioApp/frontend/ios/Pods/Headers/Public/RCTDeprecation -I/Users/sparkles/Documents/CodingFiles/FullStack/expensioApp/frontend/ios/Pods/Headers/Public/RCTRequired -I/Users/sparkles/Documents/CodingFiles/FullStack/expensioApp/frontend/ios/Pods/Headers/Public/RCTSwiftUIWrapper -I/Users/sparkles/Documents/CodingFiles/FullStack/expensioApp/frontend/ios/Pods/Headers/Public/RCTTypeSafety -I/Users/sparkles/Documents/CodingFiles/FullStack/expensioApp/frontend/ios/Pods/Headers/Public/RNCPicker -I/Users/sparkles/Documents/CodingFiles/FullStack/expensioApp/frontend/ios/Pods/Headers/Public/RNSVG -I/Users/sparkles/Documents/CodingFiles/FullStack/expensioApp/frontend/ios/Pods/Headers/Public/RNScreens -I/Users/sparkles/Documents/CodingFiles/FullStack/expensioApp/frontend/ios/Pods/Headers/Public/React-Core -I/Users/sparkles/Documents/CodingFiles/FullStack/expensioApp/frontend/ios/Pods/Headers/Public/React-Core-prebuilt -I/Users/sparkles/Documents/CodingFiles/FullStack/expensioApp/frontend/ios/Pods/Headers/Public/React-CoreModules -I/Users/sparkles/Documents/CodingFiles/FullStack/expensioApp/frontend/ios/Pods/Headers/Public/React-Fabric -I/Users/sparkles/Documents/CodingFiles/FullStack/expensioApp/frontend/ios/Pods/Headers/Public/React-FabricComponents -I/Users/sparkles/Documents/CodingFiles/FullStack/expensioApp/frontend/ios/Pods/Headers/Public/React-FabricImage -I/Users/sparkles/Documents/CodingFiles/FullStack/expensioApp/frontend/ios/Pods/Headers/Public/React-ImageManager -I/Users/sparkles/Documents/CodingFiles/FullStack/expensioApp/frontend/ios/Pods/Headers/Public/React-Mapbuffer -I/Users/sparkles/Documents/CodingFiles/FullStack/expensioApp/frontend/ios/Pods/Headers/Public/React-NativeModulesApple -I/Users/sparkles/Documents/CodingFiles/FullStack/expensioApp/frontend/ios/Pods/Headers/Public/React-RCTAnimation -I/Users/sparkles/Documents/CodingFiles/FullStack/expensioApp/frontend/ios/Pods/Headers/Public/React-RCTAppDelegate -I/Users/sparkles/Documents/CodingFiles/FullStack/expensioApp/frontend/ios/Pods/Headers/Public/React-RCTBlob -I/Users/sparkles/Documents/CodingFiles/FullStack/expensioApp/frontend/ios/Pods/Headers/Public/React-RCTFBReactNativeSpec -I/Users/sparkles/Documents/CodingFiles/FullStack/expensioApp/frontend/ios/Pods/Headers/Public/React-RCTFabric -I/Users/sparkles/Documents/CodingFiles/FullStack/expensioApp/frontend/ios/Pods/Headers/Public/React-RCTImage -I/Users/sparkles/Documents/CodingFiles/FullStack/expensioApp/frontend/ios/Pods/Headers/Public/React-RCTRuntime -I/Users/sparkles/Documents/CodingFiles/FullStack/expensioApp/frontend/ios/Pods/Headers/Public/React-RCTSettings -I/Users/sparkles/Documents/CodingFiles/FullStack/expensioApp/frontend/ios/Pods/Headers/Public/React-RCTText -I/Users/sparkles/Documents/CodingFiles/FullStack/expensioApp/frontend/ios/Pods/Headers/Public/React-RCTVibration -I/Users/sparkles/Documents/CodingFiles/FullStack/expensioApp/frontend/ios/Pods/Headers/Public/React-RuntimeApple -I/Users/sparkles/Documents/CodingFiles/FullStack/expensioApp/frontend/ios/Pods/Headers/Public/React-RuntimeCore -I/Users/sparkles/Documents/CodingFiles/FullStack/expensioApp/frontend/ios/Pods/Headers/Public/React-RuntimeHermes -I/Users/sparkles/Documents/CodingFiles/FullStack/expensioApp/frontend/ios/Pods/Headers/Public/React-callinvoker -I/Users/sparkles/Documents/CodingFiles/FullStack/expensioApp/frontend/ios/Pods/Headers/Public/React-cxxreact -I/Users/sparkles/Documents/CodingFiles/FullStack/expensioApp/frontend/ios/Pods/Headers/Public/React-debug -I/Users/sparkles/Documents/CodingFiles/FullStack/expensioApp/frontend/ios/Pods/Headers/Public/React-defaultsnativemodule -I/Users/sparkles/Documents/CodingFiles/FullStack/expensioApp/frontend/ios/Pods/Headers/Public/React-domnativemodule -I/Users/sparkles/Documents/CodingFiles/FullStack/expensioApp/frontend/ios/Pods/Headers/Public/React-featureflags -I/Users/sparkles/Documents/CodingFiles/FullStack/expensioApp/frontend/ios/Pods/Headers/Public/React-featureflagsnativemodule -I/Users/sparkles/Documents/CodingFiles/FullStack/expensioApp/frontend/ios/Pods/Headers/Public/React-graphics -I/Users/sparkles/Documents/CodingFiles/FullStack/expensioApp/frontend/ios/Pods/Headers/Public/React-hermes -I/Users/sparkles/Documents/CodingFiles/FullStack/expensioApp/frontend/ios/Pods/Headers/Public/React-idlecallbacksnativemodule -I/Users/sparkles/Documents/CodingFiles/FullStack/expensioApp/frontend/ios/Pods/Headers/Public/React-intersectionobservernativemodule -I/Users/sparkles/Documents/CodingFiles/FullStack/expensioApp/frontend/ios/Pods/Headers/Public/React-jserrorhandler -I/Users/sparkles/Documents/CodingFiles/FullStack/expensioApp/frontend/ios/Pods/Headers/Public/React-jsi -I/Users/sparkles/Documents/CodingFiles/FullStack/expensioApp/frontend/ios/Pods/Headers/Public/React-jsiexecutor -I/Users/sparkles/Documents/CodingFiles/FullStack/expensioApp/frontend/ios/Pods/Headers/Public/React-jsinspector -I/Users/sparkles/Documents/CodingFiles/FullStack/expensioApp/frontend/ios/Pods/Headers/Public/React-jsinspectorcdp -I/Users/sparkles/Documents/CodingFiles/FullStack/expensioApp/frontend/ios/Pods/Headers/Public/React-jsinspectornetwork -I/Users/sparkles/Documents/CodingFiles/FullStack/expensioApp/frontend/ios/Pods/Headers/Public/React-jsinspectortracing -I/Users/sparkles/Documents/CodingFiles/FullStack/expensioApp/frontend/ios/Pods/Headers/Public/React-jsitooling -I/Users/sparkles/Documents/CodingFiles/FullStack/expensioApp/frontend/ios/Pods/Headers/Public/React-logger -I/Users/sparkles/Documents/CodingFiles/FullStack/expensioApp/frontend/ios/Pods/Headers/Public/React-microtasksnativemodule -I/Users/sparkles/Documents/CodingFiles/FullStack/expensioApp/frontend/ios/Pods/Headers/Public/React-mutationobservernativemodule -I/Users/sparkles/Documents/CodingFiles/FullStack/expensioApp/frontend/ios/Pods/Headers/Public/React-networking -I/Users/sparkles/Documents/CodingFiles/FullStack/expensioApp/frontend/ios/Pods/Headers/Public/React-oscompat -I/Users/sparkles/Documents/CodingFiles/FullStack/expensioApp/frontend/ios/Pods/Headers/Public/React-perflogger -I/Users/sparkles/Documents/CodingFiles/FullStack/expensioApp/frontend/ios/Pods/Headers/Public/React-performancecdpmetrics -I/Users/sparkles/Documents/CodingFiles/FullStack/expensioApp/frontend/ios/Pods/Headers/Public/React-performancetimeline -I/Users/sparkles/Documents/CodingFiles/FullStack/expensioApp/frontend/ios/Pods/Headers/Public/React-rendererconsistency -I/Users/sparkles/Documents/CodingFiles/FullStack/expensioApp/frontend/ios/Pods/Headers/Public/React-renderercss -I/Users/sparkles/Documents/CodingFiles/FullStack/expensioApp/frontend/ios/Pods/Headers/Public/React-rendererdebug -I/Users/sparkles/Documents/CodingFiles/FullStack/expensioApp/frontend/ios/Pods/Headers/Public/React-runtimeexecutor -I/Users/sparkles/Documents/CodingFiles/FullStack/expensioApp/frontend/ios/Pods/Headers/Public/React-runtimescheduler -I/Users/sparkles/Documents/CodingFiles/FullStack/expensioApp/frontend/ios/Pods/Headers/Public/React-timing -I/Users/sparkles/Documents/CodingFiles/FullStack/expensioApp/frontend/ios/Pods/Headers/Public/React-utils -I/Users/sparkles/Documents/CodingFiles/FullStack/expensioApp/frontend/ios/Pods/Headers/Public/React-viewtransitionnativemodule -I/Users/sparkles/Documents/CodingFiles/FullStack/expensioApp/frontend/ios/Pods/Headers/Public/React-webperformancenativemodule -I/Users/sparkles/Documents/CodingFiles/FullStack/expensioApp/frontend/ios/Pods/Headers/Public/ReactAppDependencyProvider -I/Users/sparkles/Documents/CodingFiles/FullStack/expensioApp/frontend/ios/Pods/Headers/Public/ReactCodegen -I/Users/sparkles/Documents/CodingFiles/FullStack/expensioApp/frontend/ios/Pods/Headers/Public/ReactCommon -I/Users/sparkles/Documents/CodingFiles/FullStack/expensioApp/frontend/ios/Pods/Headers/Public/ReactNativeDependencies -I/Users/sparkles/Documents/CodingFiles/FullStack/expensioApp/frontend/ios/Pods/Headers/Public/Yoga -I/Users/sparkles/Documents/CodingFiles/FullStack/expensioApp/frontend/ios/Pods/Headers/Public/hermes-engine -I/Users/sparkles/Documents/CodingFiles/FullStack/expensioApp/frontend/ios/Pods/Headers/Public/react-native-safe-area-context '-I/Users/sparkles/Library/Developer/Xcode/DerivedData/Expensio-futtgngxcysvvhcljmosbeftqmyc/Build/Products/Debug-iphonesimulator/Expo/Swift Compatibility Header' -I/Users/sparkles/Documents/CodingFiles/FullStack/expensioApp/frontend/ios/Pods/Headers/Private/Yoga '-I/Users/sparkles/Library/Developer/Xcode/DerivedData/Expensio-futtgngxcysvvhcljmosbeftqmyc/Build/Products/Debug-iphonesimulator/ExpoModulesCore/Swift Compatibility Header' -I/Users/sparkles/Documents/CodingFiles/FullStack/expensioApp/frontend/ios/Pods/Headers/Private/Yoga -I/Users/sparkles/Documents/CodingFiles/FullStack/expensioApp/frontend/ios/Pods/Headers/Private/React-Core -I/Users/sparkles/Documents/CodingFiles/FullStack/expensioApp/frontend/ios/Pods/Headers/Private/React-Core -I/Users/sparkles/Documents/CodingFiles/FullStack/expensioApp/frontend/ios/Pods/Headers/Private/Yoga -I/Users/sparkles/Documents/CodingFiles/FullStack/expensioApp/frontend/ios/Pods/ExpoModulesCore/ExpoModulesCore.xcframework/ios-arm64_x86_64-simulator/ExpoModulesCore.framework/Headers -I/Users/sparkles/Documents/CodingFiles/FullStack/expensioApp/frontend/ios/Pods/ExpoModulesCore/ExpoModulesCore.xcframework/ios-arm64/ExpoModulesCore.framework/Headers -I/Users/sparkles/Library/Developer/Xcode/DerivedData/Expensio-futtgngxcysvvhcljmosbeftqmyc/Build/Intermediates.noindex/Expensio.build/Debug-iphonesimulator/Expensio.build/DerivedSources-normal/arm64 -I/Users/sparkles/Library/Developer/Xcode/DerivedData/Expensio-futtgngxcysvvhcljmosbeftqmyc/Build/Intermediates.noindex/Expensio.build/Debug-iphonesimulator/Expensio.build/DerivedSources/arm64 -I/Users/sparkles/Library/Developer/Xcode/DerivedData/Expensio-futtgngxcysvvhcljmosbeftqmyc/Build/Intermediates.noindex/Expensio.build/Debug-iphonesimulator/Expensio.build/DerivedSources -F/Users/sparkles/Library/Developer/Xcode/DerivedData/Expensio-futtgngxcysvvhcljmosbeftqmyc/Build/Products/Debug-iphonesimulator -F/Users/sparkles/Documents/CodingFiles/FullStack/expensioApp/frontend/node_modules/@react-native-async-storage/async-storage/apple-frameworks -F/Users/sparkles/Documents/CodingFiles/FullStack/expensioApp/frontend/node_modules/expo-modules-jsi/apple/Products -F/Users/sparkles/Documents/CodingFiles/FullStack/expensioApp/frontend/ios/Pods/ExpoFileSystem -F/Users/sparkles/Documents/CodingFiles/FullStack/expensioApp/frontend/ios/Pods/ExpoFont -F/Users/sparkles/Documents/CodingFiles/FullStack/expensioApp/frontend/ios/Pods/ExpoModulesCore -F/Users/sparkles/Documents/CodingFiles/FullStack/expensioApp/frontend/ios/Pods/ExpoModulesWorklets -F/Users/sparkles/Documents/CodingFiles/FullStack/expensioApp/frontend/ios/Pods/React-Core-prebuilt -F/Users/sparkles/Documents/CodingFiles/FullStack/expensioApp/frontend/ios/Pods/ReactNativeDependencies/framework/packages/react-native -F/Users/sparkles/Documents/CodingFiles/FullStack/expensioApp/frontend/ios/Pods/hermes-engine/destroot/Library/Frameworks/universal -F/Users/sparkles/Library/Developer/Xcode/DerivedData/Expensio-futtgngxcysvvhcljmosbeftqmyc/Build/Products/Debug-iphonesimulator/XCFrameworkIntermediates/AsyncStorage -F/Users/sparkles/Library/Developer/Xcode/DerivedData/Expensio-futtgngxcysvvhcljmosbeftqmyc/Build/Products/Debug-iphonesimulator/XCFrameworkIntermediates/ExpoFileSystem -F/Users/sparkles/Library/Developer/Xcode/DerivedData/Expensio-futtgngxcysvvhcljmosbeftqmyc/Build/Products/Debug-iphonesimulator/XCFrameworkIntermediates/ExpoFont -F/Users/sparkles/Library/Developer/Xcode/DerivedData/Expensio-futtgngxcysvvhcljmosbeftqmyc/Build/Products/Debug-iphonesimulator/XCFrameworkIntermediates/ExpoModulesCore -F/Users/sparkles/Library/Developer/Xcode/DerivedData/Expensio-futtgngxcysvvhcljmosbeftqmyc/Build/Products/Debug-iphonesimulator/XCFrameworkIntermediates/ExpoModulesJSI -F/Users/sparkles/Library/Developer/Xcode/DerivedData/Expensio-futtgngxcysvvhcljmosbeftqmyc/Build/Products/Debug-iphonesimulator/XCFrameworkIntermediates/ExpoModulesWorklets -F/Users/sparkles/Library/Developer/Xcode/DerivedData/Expensio-futtgngxcysvvhcljmosbeftqmyc/Build/Products/Debug-iphonesimulator/XCFrameworkIntermediates/React-Core-prebuilt -F/Users/sparkles/Library/Developer/Xcode/DerivedData/Expensio-futtgngxcysvvhcljmosbeftqmyc/Build/Products/Debug-iphonesimulator/XCFrameworkIntermediates/ReactNativeDependencies -F/Users/sparkles/Library/Developer/Xcode/DerivedData/Expensio-futtgngxcysvvhcljmosbeftqmyc/Build/Products/Debug-iphonesimulator/XCFrameworkIntermediates/hermes-engine/Pre-built '-DRCT_REMOVE_LEGACY_ARCH=1' '-fmodule-map-file=/Users/sparkles/Library/Developer/Xcode/DerivedData/Expensio-futtgngxcysvvhcljmosbeftqmyc/Build/Products/Debug-iphonesimulator/AsyncStorage/AsyncStorage.modulemap' '-fmodule-map-file=/Users/sparkles/Library/Developer/Xcode/DerivedData/Expensio-futtgngxcysvvhcljmosbeftqmyc/Build/Products/Debug-iphonesimulator/EXApplication/EXApplication.modulemap' '-fmodule-map-file=/Users/sparkles/Library/Developer/Xcode/DerivedData/Expensio-futtgngxcysvvhcljmosbeftqmyc/Build/Products/Debug-iphonesimulator/EXConstants/EXConstants.modulemap' '-fmodule-map-file=/Users/sparkles/Library/Developer/Xcode/DerivedData/Expensio-futtgngxcysvvhcljmosbeftqmyc/Build/Products/Debug-iphonesimulator/Expo/Expo.modulemap' '-fmodule-map-file=/Users/sparkles/Library/Developer/Xcode/DerivedData/Expensio-futtgngxcysvvhcljmosbeftqmyc/Build/Products/Debug-iphonesimulator/ExpoAsset/ExpoAsset.modulemap' '-fmodule-map-file=/Users/sparkles/Library/Developer/Xcode/DerivedData/Expensio-futtgngxcysvvhcljmosbeftqmyc/Build/Products/Debug-iphonesimulator/ExpoDomWebView/ExpoDomWebView.modulemap' '-fmodule-map-file=/Users/sparkles/Library/Developer/Xcode/DerivedData/Expensio-futtgngxcysvvhcljmosbeftqmyc/Build/Products/Debug-iphonesimulator/ExpoHaptics/ExpoHaptics.modulemap' '-fmodule-map-file=/Users/sparkles/Library/Developer/Xcode/DerivedData/Expensio-futtgngxcysvvhcljmosbeftqmyc/Build/Products/Debug-iphonesimulator/ExpoKeepAwake/ExpoKeepAwake.modulemap' '-fmodule-map-file=/Users/sparkles/Library/Developer/Xcode/DerivedData/Expensio-futtgngxcysvvhcljmosbeftqmyc/Build/Products/Debug-iphonesimulator/ExpoLinearGradient/ExpoLinearGradient.modulemap' '-fmodule-map-file=/Users/sparkles/Library/Developer/Xcode/DerivedData/Expensio-futtgngxcysvvhcljmosbeftqmyc/Build/Products/Debug-iphonesimulator/ExpoLocalAuthentication/ExpoLocalAuthentication.modulemap' '-fmodule-map-file=/Users/sparkles/Library/Developer/Xcode/DerivedData/Expensio-futtgngxcysvvhcljmosbeftqmyc/Build/Products/Debug-iphonesimulator/ExpoLogBox/ExpoLogBox.modulemap' '-fmodule-map-file=/Users/sparkles/Library/Developer/Xcode/DerivedData/Expensio-futtgngxcysvvhcljmosbeftqmyc/Build/Products/Debug-iphonesimulator/ExpoNotifications/ExpoNotifications.modulemap' '-fmodule-map-file=/Users/sparkles/Library/Developer/Xcode/DerivedData/Expensio-futtgngxcysvvhcljmosbeftqmyc/Build/Products/Debug-iphonesimulator/ExpoSecureStore/ExpoSecureStore.modulemap' '-fmodule-map-file=/Users/sparkles/Library/Developer/Xcode/DerivedData/Expensio-futtgngxcysvvhcljmosbeftqmyc/Build/Products/Debug-iphonesimulator/ExpoWebBrowser/ExpoWebBrowser.modulemap' '-fmodule-map-file=/Users/sparkles/Library/Developer/Xcode/DerivedData/Expensio-futtgngxcysvvhcljmosbeftqmyc/Build/Products/Debug-iphonesimulator/RNScreens/RNScreens.modulemap' '-fmodule-map-file=/Users/sparkles/Documents/CodingFiles/FullStack/expensioApp/frontend/ios/Pods/Headers/Public/ReactAppDependencyProvider/ReactAppDependencyProvider.modulemap' '-fmodule-map-file=/Users/sparkles/Documents/CodingFiles/FullStack/expensioApp/frontend/ios/Pods/Headers/Public/ReactCodegen/ReactCodegen.modulemap' '-DRCT_REMOVE_LEGACY_ARCH=1' '-DREACT_NATIVE_MINOR_VERSION=86' -ivfsoverlay /Users/sparkles/Documents/CodingFiles/FullStack/expensioApp/frontend/ios/Pods/React-Core-prebuilt/React-VFS.yaml

WriteAuxiliaryFile /Users/sparkles/Library/Developer/Xcode/DerivedData/Expensio-futtgngxcysvvhcljmosbeftqmyc/Build/Intermediates.noindex/Expensio.build/Debug-iphonesimulator/Expensio.build/Expensio.hmap (in target 'Expensio' from project 'Expensio')
    cd /Users/sparkles/Documents/CodingFiles/FullStack/expensioApp/frontend/ios
    write-file /Users/sparkles/Library/Developer/Xcode/DerivedData/Expensio-futtgngxcysvvhcljmosbeftqmyc/Build/Intermediates.noindex/Expensio.build/Debug-iphonesimulator/Expensio.build/Expensio.hmap

WriteAuxiliaryFile /Users/sparkles/Library/Developer/Xcode/DerivedData/Expensio-futtgngxcysvvhcljmosbeftqmyc/Build/Intermediates.noindex/Expensio.build/Debug-iphonesimulator/Expensio.build/Expensio.DependencyStaticMetadataFileList (in target 'Expensio' from project 'Expensio')
    cd /Users/sparkles/Documents/CodingFiles/FullStack/expensioApp/frontend/ios
    write-file /Users/sparkles/Library/Developer/Xcode/DerivedData/Expensio-futtgngxcysvvhcljmosbeftqmyc/Build/Intermediates.noindex/Expensio.build/Debug-iphonesimulator/Expensio.build/Expensio.DependencyStaticMetadataFileList

WriteAuxiliaryFile /Users/sparkles/Library/Developer/Xcode/DerivedData/Expensio-futtgngxcysvvhcljmosbeftqmyc/Build/Intermediates.noindex/Expensio.build/Debug-iphonesimulator/Expensio.build/Expensio.DependencyMetadataFileList (in target 'Expensio' from project 'Expensio')
    cd /Users/sparkles/Documents/CodingFiles/FullStack/expensioApp/frontend/ios
    write-file /Users/sparkles/Library/Developer/Xcode/DerivedData/Expensio-futtgngxcysvvhcljmosbeftqmyc/Build/Intermediates.noindex/Expensio.build/Debug-iphonesimulator/Expensio.build/Expensio.DependencyMetadataFileList

WriteAuxiliaryFile /Users/sparkles/Library/Developer/Xcode/DerivedData/Expensio-futtgngxcysvvhcljmosbeftqmyc/Build/Intermediates.noindex/Expensio.build/Debug-iphonesimulator/Expensio.build/Expensio-project-headers.hmap (in target 'Expensio' from project 'Expensio')
    cd /Users/sparkles/Documents/CodingFiles/FullStack/expensioApp/frontend/ios
    write-file /Users/sparkles/Library/Developer/Xcode/DerivedData/Expensio-futtgngxcysvvhcljmosbeftqmyc/Build/Intermediates.noindex/Expensio.build/Debug-iphonesimulator/Expensio.build/Expensio-project-headers.hmap

WriteAuxiliaryFile /Users/sparkles/Library/Developer/Xcode/DerivedData/Expensio-futtgngxcysvvhcljmosbeftqmyc/Build/Intermediates.noindex/Expensio.build/Debug-iphonesimulator/Expensio.build/Expensio-own-target-headers.hmap (in target 'Expensio' from project 'Expensio')
    cd /Users/sparkles/Documents/CodingFiles/FullStack/expensioApp/frontend/ios
    write-file /Users/sparkles/Library/Developer/Xcode/DerivedData/Expensio-futtgngxcysvvhcljmosbeftqmyc/Build/Intermediates.noindex/Expensio.build/Debug-iphonesimulator/Expensio.build/Expensio-own-target-headers.hmap

WriteAuxiliaryFile /Users/sparkles/Library/Developer/Xcode/DerivedData/Expensio-futtgngxcysvvhcljmosbeftqmyc/Build/Intermediates.noindex/Expensio.build/Debug-iphonesimulator/Expensio.build/Expensio-generated-files.hmap (in target 'Expensio' from project 'Expensio')
    cd /Users/sparkles/Documents/CodingFiles/FullStack/expensioApp/frontend/ios
    write-file /Users/sparkles/Library/Developer/Xcode/DerivedData/Expensio-futtgngxcysvvhcljmosbeftqmyc/Build/Intermediates.noindex/Expensio.build/Debug-iphonesimulator/Expensio.build/Expensio-generated-files.hmap

WriteAuxiliaryFile /Users/sparkles/Library/Developer/Xcode/DerivedData/Expensio-futtgngxcysvvhcljmosbeftqmyc/Build/Intermediates.noindex/Expensio.build/Debug-iphonesimulator/Expensio.build/Expensio-all-target-headers.hmap (in target 'Expensio' from project 'Expensio')
    cd /Users/sparkles/Documents/CodingFiles/FullStack/expensioApp/frontend/ios
    write-file /Users/sparkles/Library/Developer/Xcode/DerivedData/Expensio-futtgngxcysvvhcljmosbeftqmyc/Build/Intermediates.noindex/Expensio.build/Debug-iphonesimulator/Expensio.build/Expensio-all-target-headers.hmap

WriteAuxiliaryFile /Users/sparkles/Library/Developer/Xcode/DerivedData/Expensio-futtgngxcysvvhcljmosbeftqmyc/Build/Intermediates.noindex/Expensio.build/Debug-iphonesimulator/Expensio.build/Expensio-all-non-framework-target-headers.hmap (in target 'Expensio' from project 'Expensio')
    cd /Users/sparkles/Documents/CodingFiles/FullStack/expensioApp/frontend/ios
    write-file /Users/sparkles/Library/Developer/Xcode/DerivedData/Expensio-futtgngxcysvvhcljmosbeftqmyc/Build/Intermediates.noindex/Expensio.build/Debug-iphonesimulator/Expensio.build/Expensio-all-non-framework-target-headers.hmap

WriteAuxiliaryFile /Users/sparkles/Library/Developer/Xcode/DerivedData/Expensio-futtgngxcysvvhcljmosbeftqmyc/Build/Intermediates.noindex/Expensio.build/Debug-iphonesimulator/Expensio.build/Expensio-DebugDylibPath-normal-x86_64.txt (in target 'Expensio' from project 'Expensio')
    cd /Users/sparkles/Documents/CodingFiles/FullStack/expensioApp/frontend/ios
    write-file /Users/sparkles/Library/Developer/Xcode/DerivedData/Expensio-futtgngxcysvvhcljmosbeftqmyc/Build/Intermediates.noindex/Expensio.build/Debug-iphonesimulator/Expensio.build/Expensio-DebugDylibPath-normal-x86_64.txt

WriteAuxiliaryFile /Users/sparkles/Library/Developer/Xcode/DerivedData/Expensio-futtgngxcysvvhcljmosbeftqmyc/Build/Intermediates.noindex/Expensio.build/Debug-iphonesimulator/Expensio.build/Expensio-DebugDylibPath-normal-arm64.txt (in target 'Expensio' from project 'Expensio')
    cd /Users/sparkles/Documents/CodingFiles/FullStack/expensioApp/frontend/ios
    write-file /Users/sparkles/Library/Developer/Xcode/DerivedData/Expensio-futtgngxcysvvhcljmosbeftqmyc/Build/Intermediates.noindex/Expensio.build/Debug-iphonesimulator/Expensio.build/Expensio-DebugDylibPath-normal-arm64.txt

WriteAuxiliaryFile /Users/sparkles/Library/Developer/Xcode/DerivedData/Expensio-futtgngxcysvvhcljmosbeftqmyc/Build/Intermediates.noindex/Expensio.build/Debug-iphonesimulator/Expensio.build/Expensio-DebugDylibInstallName-normal-x86_64.txt (in target 'Expensio' from project 'Expensio')
    cd /Users/sparkles/Documents/CodingFiles/FullStack/expensioApp/frontend/ios
    write-file /Users/sparkles/Library/Developer/Xcode/DerivedData/Expensio-futtgngxcysvvhcljmosbeftqmyc/Build/Intermediates.noindex/Expensio.build/Debug-iphonesimulator/Expensio.build/Expensio-DebugDylibInstallName-normal-x86_64.txt

WriteAuxiliaryFile /Users/sparkles/Library/Developer/Xcode/DerivedData/Expensio-futtgngxcysvvhcljmosbeftqmyc/Build/Intermediates.noindex/Expensio.build/Debug-iphonesimulator/Expensio.build/Expensio-DebugDylibInstallName-normal-arm64.txt (in target 'Expensio' from project 'Expensio')
    cd /Users/sparkles/Documents/CodingFiles/FullStack/expensioApp/frontend/ios
    write-file /Users/sparkles/Library/Developer/Xcode/DerivedData/Expensio-futtgngxcysvvhcljmosbeftqmyc/Build/Intermediates.noindex/Expensio.build/Debug-iphonesimulator/Expensio.build/Expensio-DebugDylibInstallName-normal-arm64.txt

WriteAuxiliaryFile /Users/sparkles/Library/Developer/Xcode/DerivedData/Expensio-futtgngxcysvvhcljmosbeftqmyc/Build/Intermediates.noindex/Expensio.build/Debug-iphonesimulator/Expensio.build/DerivedSources/Expensio_vers.c (in target 'Expensio' from project 'Expensio')
    cd /Users/sparkles/Documents/CodingFiles/FullStack/expensioApp/frontend/ios
    write-file /Users/sparkles/Library/Developer/Xcode/DerivedData/Expensio-futtgngxcysvvhcljmosbeftqmyc/Build/Intermediates.noindex/Expensio.build/Debug-iphonesimulator/Expensio.build/DerivedSources/Expensio_vers.c

WriteAuxiliaryFile /Users/sparkles/Library/Developer/Xcode/DerivedData/Expensio-futtgngxcysvvhcljmosbeftqmyc/Build/Intermediates.noindex/Expensio.build/Debug-iphonesimulator/Expensio.build/DerivedSources/Entitlements-Simulated.plist (in target 'Expensio' from project 'Expensio')
    cd /Users/sparkles/Documents/CodingFiles/FullStack/expensioApp/frontend/ios
    write-file /Users/sparkles/Library/Developer/Xcode/DerivedData/Expensio-futtgngxcysvvhcljmosbeftqmyc/Build/Intermediates.noindex/Expensio.build/Debug-iphonesimulator/Expensio.build/DerivedSources/Entitlements-Simulated.plist

MkDir /Users/sparkles/Library/Developer/Xcode/DerivedData/Expensio-futtgngxcysvvhcljmosbeftqmyc/Build/Products/Debug-iphonesimulator/Expensio.app (in target 'Expensio' from project 'Expensio')
    cd /Users/sparkles/Documents/CodingFiles/FullStack/expensioApp/frontend/ios
    /bin/mkdir -p /Users/sparkles/Library/Developer/Xcode/DerivedData/Expensio-futtgngxcysvvhcljmosbeftqmyc/Build/Products/Debug-iphonesimulator/Expensio.app

MkDir /Users/sparkles/Library/Developer/Xcode/DerivedData/Expensio-futtgngxcysvvhcljmosbeftqmyc/Build/Products/Debug-iphonesimulator/Expensio.app/Frameworks (in target 'Expensio' from project 'Expensio')
    cd /Users/sparkles/Documents/CodingFiles/FullStack/expensioApp/frontend/ios
    /bin/mkdir -p /Users/sparkles/Library/Developer/Xcode/DerivedData/Expensio-futtgngxcysvvhcljmosbeftqmyc/Build/Products/Debug-iphonesimulator/Expensio.app/Frameworks

CreateBuildDirectory /Users/sparkles/Library/Developer/Xcode/DerivedData/Expensio-futtgngxcysvvhcljmosbeftqmyc/Build/Products/Debug-iphonesimulator/React-performancetimeline
    cd /Users/sparkles/Documents/CodingFiles/FullStack/expensioApp/frontend/ios
    builtin-create-build-directory /Users/sparkles/Library/Developer/Xcode/DerivedData/Expensio-futtgngxcysvvhcljmosbeftqmyc/Build/Products/Debug-iphonesimulator/React-performancetimeline

CreateBuildDirectory /Users/sparkles/Library/Developer/Xcode/DerivedData/Expensio-futtgngxcysvvhcljmosbeftqmyc/Build/Products/Debug-iphonesimulator/React-performancecdpmetrics
    cd /Users/sparkles/Documents/CodingFiles/FullStack/expensioApp/frontend/ios
    builtin-create-build-directory /Users/sparkles/Library/Developer/Xcode/DerivedData/Expensio-futtgngxcysvvhcljmosbeftqmyc/Build/Products/Debug-iphonesimulator/React-performancecdpmetrics

CreateBuildDirectory /Users/sparkles/Library/Developer/Xcode/DerivedData/Expensio-futtgngxcysvvhcljmosbeftqmyc/Build/Products/Debug-iphonesimulator/React-perflogger
    cd /Users/sparkles/Documents/CodingFiles/FullStack/expensioApp/frontend/ios
    builtin-create-build-directory /Users/sparkles/Library/Developer/Xcode/DerivedData/Expensio-futtgngxcysvvhcljmosbeftqmyc/Build/Products/Debug-iphonesimulator/React-perflogger

CreateBuildDirectory /Users/sparkles/Library/Developer/Xcode/DerivedData/Expensio-futtgngxcysvvhcljmosbeftqmyc/Build/Products/Debug-iphonesimulator/React-oscompat
    cd /Users/sparkles/Documents/CodingFiles/FullStack/expensioApp/frontend/ios
    builtin-create-build-directory /Users/sparkles/Library/Developer/Xcode/DerivedData/Expensio-futtgngxcysvvhcljmosbeftqmyc/Build/Products/Debug-iphonesimulator/React-oscompat

CreateBuildDirectory /Users/sparkles/Library/Developer/Xcode/DerivedData/Expensio-futtgngxcysvvhcljmosbeftqmyc/Build/Products/Debug-iphonesimulator/React-networking
    cd /Users/sparkles/Documents/CodingFiles/FullStack/expensioApp/frontend/ios
    builtin-create-build-directory /Users/sparkles/Library/Developer/Xcode/DerivedData/Expensio-futtgngxcysvvhcljmosbeftqmyc/Build/Products/Debug-iphonesimulator/React-networking

CreateBuildDirectory /Users/sparkles/Library/Developer/Xcode/DerivedData/Expensio-futtgngxcysvvhcljmosbeftqmyc/Build/Products/Debug-iphonesimulator/React-mutationobservernativemodule
    cd /Users/sparkles/Documents/CodingFiles/FullStack/expensioApp/frontend/ios
    builtin-create-build-directory /Users/sparkles/Library/Developer/Xcode/DerivedData/Expensio-futtgngxcysvvhcljmosbeftqmyc/Build/Products/Debug-iphonesimulator/React-mutationobservernativemodule

CreateBuildDirectory /Users/sparkles/Library/Developer/Xcode/DerivedData/Expensio-futtgngxcysvvhcljmosbeftqmyc/Build/Products/Debug-iphonesimulator/React-microtasksnativemodule
    cd /Users/sparkles/Documents/CodingFiles/FullStack/expensioApp/frontend/ios
    builtin-create-build-directory /Users/sparkles/Library/Developer/Xcode/DerivedData/Expensio-futtgngxcysvvhcljmosbeftqmyc/Build/Products/Debug-iphonesimulator/React-microtasksnativemodule

CreateBuildDirectory /Users/sparkles/Library/Developer/Xcode/DerivedData/Expensio-futtgngxcysvvhcljmosbeftqmyc/Build/Products/Debug-iphonesimulator/React-logger
    cd /Users/sparkles/Documents/CodingFiles/FullStack/expensioApp/frontend/ios
    builtin-create-build-directory /Users/sparkles/Library/Developer/Xcode/DerivedData/Expensio-futtgngxcysvvhcljmosbeftqmyc/Build/Products/Debug-iphonesimulator/React-logger

CreateBuildDirectory /Users/sparkles/Library/Developer/Xcode/DerivedData/Expensio-futtgngxcysvvhcljmosbeftqmyc/Build/Products/Debug-iphonesimulator/React-jsitracing
    cd /Users/sparkles/Documents/CodingFiles/FullStack/expensioApp/frontend/ios
    builtin-create-build-directory /Users/sparkles/Library/Developer/Xcode/DerivedData/Expensio-futtgngxcysvvhcljmosbeftqmyc/Build/Products/Debug-iphonesimulator/React-jsitracing

CreateBuildDirectory /Users/sparkles/Library/Developer/Xcode/DerivedData/Expensio-futtgngxcysvvhcljmosbeftqmyc/Build/Products/Debug-iphonesimulator/React-jsitooling
    cd /Users/sparkles/Documents/CodingFiles/FullStack/expensioApp/frontend/ios
    builtin-create-build-directory /Users/sparkles/Library/Developer/Xcode/DerivedData/Expensio-futtgngxcysvvhcljmosbeftqmyc/Build/Products/Debug-iphonesimulator/React-jsitooling

CreateBuildDirectory /Users/sparkles/Library/Developer/Xcode/DerivedData/Expensio-futtgngxcysvvhcljmosbeftqmyc/Build/Products/Debug-iphonesimulator/React-jsinspectortracing
    cd /Users/sparkles/Documents/CodingFiles/FullStack/expensioApp/frontend/ios
    builtin-create-build-directory /Users/sparkles/Library/Developer/Xcode/DerivedData/Expensio-futtgngxcysvvhcljmosbeftqmyc/Build/Products/Debug-iphonesimulator/React-jsinspectortracing

CreateBuildDirectory /Users/sparkles/Library/Developer/Xcode/DerivedData/Expensio-futtgngxcysvvhcljmosbeftqmyc/Build/Products/Debug-iphonesimulator/React-jsinspectornetwork
    cd /Users/sparkles/Documents/CodingFiles/FullStack/expensioApp/frontend/ios
    builtin-create-build-directory /Users/sparkles/Library/Developer/Xcode/DerivedData/Expensio-futtgngxcysvvhcljmosbeftqmyc/Build/Products/Debug-iphonesimulator/React-jsinspectornetwork

CreateBuildDirectory /Users/sparkles/Library/Developer/Xcode/DerivedData/Expensio-futtgngxcysvvhcljmosbeftqmyc/Build/Products/Debug-iphonesimulator/React-jsinspectorcdp
    cd /Users/sparkles/Documents/CodingFiles/FullStack/expensioApp/frontend/ios
    builtin-create-build-directory /Users/sparkles/Library/Developer/Xcode/DerivedData/Expensio-futtgngxcysvvhcljmosbeftqmyc/Build/Products/Debug-iphonesimulator/React-jsinspectorcdp

CreateBuildDirectory /Users/sparkles/Library/Developer/Xcode/DerivedData/Expensio-futtgngxcysvvhcljmosbeftqmyc/Build/Products/Debug-iphonesimulator/React-jsinspector
    cd /Users/sparkles/Documents/CodingFiles/FullStack/expensioApp/frontend/ios
    builtin-create-build-directory /Users/sparkles/Library/Developer/Xcode/DerivedData/Expensio-futtgngxcysvvhcljmosbeftqmyc/Build/Products/Debug-iphonesimulator/React-jsinspector

CreateBuildDirectory /Users/sparkles/Library/Developer/Xcode/DerivedData/Expensio-futtgngxcysvvhcljmosbeftqmyc/Build/Products/Debug-iphonesimulator/React-jsiexecutor
    cd /Users/sparkles/Documents/CodingFiles/FullStack/expensioApp/frontend/ios
    builtin-create-build-directory /Users/sparkles/Library/Developer/Xcode/DerivedData/Expensio-futtgngxcysvvhcljmosbeftqmyc/Build/Products/Debug-iphonesimulator/React-jsiexecutor

CreateBuildDirectory /Users/sparkles/Library/Developer/Xcode/DerivedData/Expensio-futtgngxcysvvhcljmosbeftqmyc/Build/Products/Debug-iphonesimulator/React-jsi
    cd /Users/sparkles/Documents/CodingFiles/FullStack/expensioApp/frontend/ios
    builtin-create-build-directory /Users/sparkles/Library/Developer/Xcode/DerivedData/Expensio-futtgngxcysvvhcljmosbeftqmyc/Build/Products/Debug-iphonesimulator/React-jsi

CreateBuildDirectory /Users/sparkles/Library/Developer/Xcode/DerivedData/Expensio-futtgngxcysvvhcljmosbeftqmyc/Build/Products/Debug-iphonesimulator/React-jserrorhandler
    cd /Users/sparkles/Documents/CodingFiles/FullStack/expensioApp/frontend/ios
    builtin-create-build-directory /Users/sparkles/Library/Developer/Xcode/DerivedData/Expensio-futtgngxcysvvhcljmosbeftqmyc/Build/Products/Debug-iphonesimulator/React-jserrorhandler

CreateBuildDirectory /Users/sparkles/Library/Developer/Xcode/DerivedData/Expensio-futtgngxcysvvhcljmosbeftqmyc/Build/Products/Debug-iphonesimulator/React-intersectionobservernativemodule
    cd /Users/sparkles/Documents/CodingFiles/FullStack/expensioApp/frontend/ios
    builtin-create-build-directory /Users/sparkles/Library/Developer/Xcode/DerivedData/Expensio-futtgngxcysvvhcljmosbeftqmyc/Build/Products/Debug-iphonesimulator/React-intersectionobservernativemodule

CreateBuildDirectory /Users/sparkles/Library/Developer/Xcode/DerivedData/Expensio-futtgngxcysvvhcljmosbeftqmyc/Build/Products/Debug-iphonesimulator/React-hermes
    cd /Users/sparkles/Documents/CodingFiles/FullStack/expensioApp/frontend/ios
    builtin-create-build-directory /Users/sparkles/Library/Developer/Xcode/DerivedData/Expensio-futtgngxcysvvhcljmosbeftqmyc/Build/Products/Debug-iphonesimulator/React-hermes

CreateBuildDirectory /Users/sparkles/Library/Developer/Xcode/DerivedData/Expensio-futtgngxcysvvhcljmosbeftqmyc/Build/Products/Debug-iphonesimulator/React-idlecallbacksnativemodule
    cd /Users/sparkles/Documents/CodingFiles/FullStack/expensioApp/frontend/ios
    builtin-create-build-directory /Users/sparkles/Library/Developer/Xcode/DerivedData/Expensio-futtgngxcysvvhcljmosbeftqmyc/Build/Products/Debug-iphonesimulator/React-idlecallbacksnativemodule

CreateBuildDirectory /Users/sparkles/Library/Developer/Xcode/DerivedData/Expensio-futtgngxcysvvhcljmosbeftqmyc/Build/Products/Debug-iphonesimulator/React-graphics
    cd /Users/sparkles/Documents/CodingFiles/FullStack/expensioApp/frontend/ios
    builtin-create-build-directory /Users/sparkles/Library/Developer/Xcode/DerivedData/Expensio-futtgngxcysvvhcljmosbeftqmyc/Build/Products/Debug-iphonesimulator/React-graphics

CreateBuildDirectory /Users/sparkles/Library/Developer/Xcode/DerivedData/Expensio-futtgngxcysvvhcljmosbeftqmyc/Build/Products/Debug-iphonesimulator/React-featureflagsnativemodule
    cd /Users/sparkles/Documents/CodingFiles/FullStack/expensioApp/frontend/ios
    builtin-create-build-directory /Users/sparkles/Library/Developer/Xcode/DerivedData/Expensio-futtgngxcysvvhcljmosbeftqmyc/Build/Products/Debug-iphonesimulator/React-featureflagsnativemodule

CreateBuildDirectory /Users/sparkles/Library/Developer/Xcode/DerivedData/Expensio-futtgngxcysvvhcljmosbeftqmyc/Build/Products/Debug-iphonesimulator/React-featureflags
    cd /Users/sparkles/Documents/CodingFiles/FullStack/expensioApp/frontend/ios
    builtin-create-build-directory /Users/sparkles/Library/Developer/Xcode/DerivedData/Expensio-futtgngxcysvvhcljmosbeftqmyc/Build/Products/Debug-iphonesimulator/React-featureflags

CreateBuildDirectory /Users/sparkles/Library/Developer/Xcode/DerivedData/Expensio-futtgngxcysvvhcljmosbeftqmyc/Build/Products/Debug-iphonesimulator/React-domnativemodule
    cd /Users/sparkles/Documents/CodingFiles/FullStack/expensioApp/frontend/ios
    builtin-create-build-directory /Users/sparkles/Library/Developer/Xcode/DerivedData/Expensio-futtgngxcysvvhcljmosbeftqmyc/Build/Products/Debug-iphonesimulator/React-domnativemodule

CreateBuildDirectory /Users/sparkles/Library/Developer/Xcode/DerivedData/Expensio-futtgngxcysvvhcljmosbeftqmyc/Build/Products/Debug-iphonesimulator/React-debug
    cd /Users/sparkles/Documents/CodingFiles/FullStack/expensioApp/frontend/ios
    builtin-create-build-directory /Users/sparkles/Library/Developer/Xcode/DerivedData/Expensio-futtgngxcysvvhcljmosbeftqmyc/Build/Products/Debug-iphonesimulator/React-debug

CreateBuildDirectory /Users/sparkles/Library/Developer/Xcode/DerivedData/Expensio-futtgngxcysvvhcljmosbeftqmyc/Build/Products/Debug-iphonesimulator/React-defaultsnativemodule
    cd /Users/sparkles/Documents/CodingFiles/FullStack/expensioApp/frontend/ios
    builtin-create-build-directory /Users/sparkles/Library/Developer/Xcode/DerivedData/Expensio-futtgngxcysvvhcljmosbeftqmyc/Build/Products/Debug-iphonesimulator/React-defaultsnativemodule

CreateBuildDirectory /Users/sparkles/Library/Developer/Xcode/DerivedData/Expensio-futtgngxcysvvhcljmosbeftqmyc/Build/Products/Debug-iphonesimulator/React-cxxreact
    cd /Users/sparkles/Documents/CodingFiles/FullStack/expensioApp/frontend/ios
    builtin-create-build-directory /Users/sparkles/Library/Developer/Xcode/DerivedData/Expensio-futtgngxcysvvhcljmosbeftqmyc/Build/Products/Debug-iphonesimulator/React-cxxreact

CreateBuildDirectory /Users/sparkles/Library/Developer/Xcode/DerivedData/Expensio-futtgngxcysvvhcljmosbeftqmyc/Build/Products/Debug-iphonesimulator/React-callinvoker
    cd /Users/sparkles/Documents/CodingFiles/FullStack/expensioApp/frontend/ios
    builtin-create-build-directory /Users/sparkles/Library/Developer/Xcode/DerivedData/Expensio-futtgngxcysvvhcljmosbeftqmyc/Build/Products/Debug-iphonesimulator/React-callinvoker

CreateBuildDirectory /Users/sparkles/Library/Developer/Xcode/DerivedData/Expensio-futtgngxcysvvhcljmosbeftqmyc/Build/Products/Debug-iphonesimulator/React-RuntimeHermes
    cd /Users/sparkles/Documents/CodingFiles/FullStack/expensioApp/frontend/ios
    builtin-create-build-directory /Users/sparkles/Library/Developer/Xcode/DerivedData/Expensio-futtgngxcysvvhcljmosbeftqmyc/Build/Products/Debug-iphonesimulator/React-RuntimeHermes

CreateBuildDirectory /Users/sparkles/Library/Developer/Xcode/DerivedData/Expensio-futtgngxcysvvhcljmosbeftqmyc/Build/Products/Debug-iphonesimulator/React-RuntimeCore
    cd /Users/sparkles/Documents/CodingFiles/FullStack/expensioApp/frontend/ios
    builtin-create-build-directory /Users/sparkles/Library/Developer/Xcode/DerivedData/Expensio-futtgngxcysvvhcljmosbeftqmyc/Build/Products/Debug-iphonesimulator/React-RuntimeCore

CreateBuildDirectory /Users/sparkles/Library/Developer/Xcode/DerivedData/Expensio-futtgngxcysvvhcljmosbeftqmyc/Build/Products/Debug-iphonesimulator/React-RuntimeApple
    cd /Users/sparkles/Documents/CodingFiles/FullStack/expensioApp/frontend/ios
    builtin-create-build-directory /Users/sparkles/Library/Developer/Xcode/DerivedData/Expensio-futtgngxcysvvhcljmosbeftqmyc/Build/Products/Debug-iphonesimulator/React-RuntimeApple

WriteAuxiliaryFile /Users/sparkles/Library/Developer/Xcode/DerivedData/Expensio-futtgngxcysvvhcljmosbeftqmyc/Build/Intermediates.noindex/Pods.build/Debug-iphonesimulator/react-native-safe-area-context.build/react-native-safe-area-context.hmap (in target 'react-native-safe-area-context' from project 'Pods')
    cd /Users/sparkles/Documents/CodingFiles/FullStack/expensioApp/frontend/ios/Pods
    write-file /Users/sparkles/Library/Developer/Xcode/DerivedData/Expensio-futtgngxcysvvhcljmosbeftqmyc/Build/Intermediates.noindex/Pods.build/Debug-iphonesimulator/react-native-safe-area-context.build/react-native-safe-area-context.hmap

WriteAuxiliaryFile /Users/sparkles/Library/Developer/Xcode/DerivedData/Expensio-futtgngxcysvvhcljmosbeftqmyc/Build/Intermediates.noindex/Pods.build/Debug-iphonesimulator/react-native-safe-area-context.build/react-native-safe-area-context.DependencyStaticMetadataFileList (in target 'react-native-safe-area-context' from project 'Pods')
    cd /Users/sparkles/Documents/CodingFiles/FullStack/expensioApp/frontend/ios/Pods
    write-file /Users/sparkles/Library/Developer/Xcode/DerivedData/Expensio-futtgngxcysvvhcljmosbeftqmyc/Build/Intermediates.noindex/Pods.build/Debug-iphonesimulator/react-native-safe-area-context.build/react-native-safe-area-context.DependencyStaticMetadataFileList

WriteAuxiliaryFile /Users/sparkles/Library/Developer/Xcode/DerivedData/Expensio-futtgngxcysvvhcljmosbeftqmyc/Build/Intermediates.noindex/Pods.build/Debug-iphonesimulator/react-native-safe-area-context.build/react-native-safe-area-context.DependencyMetadataFileList (in target 'react-native-safe-area-context' from project 'Pods')
    cd /Users/sparkles/Documents/CodingFiles/FullStack/expensioApp/frontend/ios/Pods
    write-file /Users/sparkles/Library/Developer/Xcode/DerivedData/Expensio-futtgngxcysvvhcljmosbeftqmyc/Build/Intermediates.noindex/Pods.build/Debug-iphonesimulator/react-native-safe-area-context.build/react-native-safe-area-context.DependencyMetadataFileList

WriteAuxiliaryFile /Users/sparkles/Library/Developer/Xcode/DerivedData/Expensio-futtgngxcysvvhcljmosbeftqmyc/Build/Intermediates.noindex/Pods.build/Debug-iphonesimulator/react-native-safe-area-context.build/react-native-safe-area-context-project-headers.hmap (in target 'react-native-safe-area-context' from project 'Pods')
    cd /Users/sparkles/Documents/CodingFiles/FullStack/expensioApp/frontend/ios/Pods
    write-file /Users/sparkles/Library/Developer/Xcode/DerivedData/Expensio-futtgngxcysvvhcljmosbeftqmyc/Build/Intermediates.noindex/Pods.build/Debug-iphonesimulator/react-native-safe-area-context.build/react-native-safe-area-context-project-headers.hmap

WriteAuxiliaryFile /Users/sparkles/Library/Developer/Xcode/DerivedData/Expensio-futtgngxcysvvhcljmosbeftqmyc/Build/Intermediates.noindex/Pods.build/Debug-iphonesimulator/react-native-safe-area-context.build/react-native-safe-area-context-own-target-headers.hmap (in target 'react-native-safe-area-context' from project 'Pods')
    cd /Users/sparkles/Documents/CodingFiles/FullStack/expensioApp/frontend/ios/Pods
    write-file /Users/sparkles/Library/Developer/Xcode/DerivedData/Expensio-futtgngxcysvvhcljmosbeftqmyc/Build/Intermediates.noindex/Pods.build/Debug-iphonesimulator/react-native-safe-area-context.build/react-native-safe-area-context-own-target-headers.hmap

WriteAuxiliaryFile /Users/sparkles/Library/Developer/Xcode/DerivedData/Expensio-futtgngxcysvvhcljmosbeftqmyc/Build/Intermediates.noindex/Pods.build/Debug-iphonesimulator/react-native-safe-area-context.build/react-native-safe-area-context-generated-files.hmap (in target 'react-native-safe-area-context' from project 'Pods')
    cd /Users/sparkles/Documents/CodingFiles/FullStack/expensioApp/frontend/ios/Pods
    write-file /Users/sparkles/Library/Developer/Xcode/DerivedData/Expensio-futtgngxcysvvhcljmosbeftqmyc/Build/Intermediates.noindex/Pods.build/Debug-iphonesimulator/react-native-safe-area-context.build/react-native-safe-area-context-generated-files.hmap

WriteAuxiliaryFile /Users/sparkles/Library/Developer/Xcode/DerivedData/Expensio-futtgngxcysvvhcljmosbeftqmyc/Build/Intermediates.noindex/Pods.build/Debug-iphonesimulator/react-native-safe-area-context.build/react-native-safe-area-context-all-target-headers.hmap (in target 'react-native-safe-area-context' from project 'Pods')
    cd /Users/sparkles/Documents/CodingFiles/FullStack/expensioApp/frontend/ios/Pods
    write-file /Users/sparkles/Library/Developer/Xcode/DerivedData/Expensio-futtgngxcysvvhcljmosbeftqmyc/Build/Intermediates.noindex/Pods.build/Debug-iphonesimulator/react-native-safe-area-context.build/react-native-safe-area-context-all-target-headers.hmap

WriteAuxiliaryFile /Users/sparkles/Library/Developer/Xcode/DerivedData/Expensio-futtgngxcysvvhcljmosbeftqmyc/Build/Intermediates.noindex/Pods.build/Debug-iphonesimulator/react-native-safe-area-context.build/react-native-safe-area-context-all-non-framework-target-headers.hmap (in target 'react-native-safe-area-context' from project 'Pods')
    cd /Users/sparkles/Documents/CodingFiles/FullStack/expensioApp/frontend/ios/Pods
    write-file /Users/sparkles/Library/Developer/Xcode/DerivedData/Expensio-futtgngxcysvvhcljmosbeftqmyc/Build/Intermediates.noindex/Pods.build/Debug-iphonesimulator/react-native-safe-area-context.build/react-native-safe-area-context-all-non-framework-target-headers.hmap

WriteAuxiliaryFile /Users/sparkles/Library/Developer/Xcode/DerivedData/Expensio-futtgngxcysvvhcljmosbeftqmyc/Build/Intermediates.noindex/Pods.build/Debug-iphonesimulator/react-native-safe-area-context.build/Objects-normal/x86_64/react-native-safe-area-context.LinkFileList (in target 'react-native-safe-area-context' from project 'Pods')
    cd /Users/sparkles/Documents/CodingFiles/FullStack/expensioApp/frontend/ios/Pods
    write-file /Users/sparkles/Library/Developer/Xcode/DerivedData/Expensio-futtgngxcysvvhcljmosbeftqmyc/Build/Intermediates.noindex/Pods.build/Debug-iphonesimulator/react-native-safe-area-context.build/Objects-normal/x86_64/react-native-safe-area-context.LinkFileList

WriteAuxiliaryFile /Users/sparkles/Library/Developer/Xcode/DerivedData/Expensio-futtgngxcysvvhcljmosbeftqmyc/Build/Intermediates.noindex/Pods.build/Debug-iphonesimulator/react-native-safe-area-context.build/Objects-normal/x86_64/e6072d4f65d7061329687fe24e3d63a7-common-args.resp (in target 'react-native-safe-area-context' from project 'Pods')
    cd /Users/sparkles/Documents/CodingFiles/FullStack/expensioApp/frontend/ios/Pods
    write-file /Users/sparkles/Library/Developer/Xcode/DerivedData/Expensio-futtgngxcysvvhcljmosbeftqmyc/Build/Intermediates.noindex/Pods.build/Debug-iphonesimulator/react-native-safe-area-context.build/Objects-normal/x86_64/e6072d4f65d7061329687fe24e3d63a7-common-args.resp
'-std=gnu11' -fobjc-arc -fmodules '-fmodules-cache-path=/Users/sparkles/Library/Developer/Xcode/DerivedData/ModuleCache.noindex' -fpascal-strings -O0 -fno-common '-DPOD_CONFIGURATION_DEBUG=1' '-DDEBUG=1' '-DCOCOAPODS=1' '-DOBJC_OLD_DISPATCH_PROTOTYPES=0' -fasm-blocks -g '-fobjc-abi-version=2' -fobjc-legacy-dispatch -iquote /Users/sparkles/Library/Developer/Xcode/DerivedData/Expensio-futtgngxcysvvhcljmosbeftqmyc/Build/Intermediates.noindex/Pods.build/Debug-iphonesimulator/react-native-safe-area-context.build/react-native-safe-area-context-generated-files.hmap -I/Users/sparkles/Library/Developer/Xcode/DerivedData/Expensio-futtgngxcysvvhcljmosbeftqmyc/Build/Intermediates.noindex/Pods.build/Debug-iphonesimulator/react-native-safe-area-context.build/react-native-safe-area-context-own-target-headers.hmap -I/Users/sparkles/Library/Developer/Xcode/DerivedData/Expensio-futtgngxcysvvhcljmosbeftqmyc/Build/Intermediates.noindex/Pods.build/Debug-iphonesimulator/react-native-safe-area-context.build/react-native-safe-area-context-all-non-framework-target-headers.hmap -ivfsoverlay /Users/sparkles/Library/Developer/Xcode/DerivedData/Expensio-futtgngxcysvvhcljmosbeftqmyc/Build/Intermediates.noindex/Pods.build/Debug-iphonesimulator/Pods-8699adb1dd336b26511df848a716bd42-VFS-iphonesimulator/all-product-headers.yaml -iquote /Users/sparkles/Library/Developer/Xcode/DerivedData/Expensio-futtgngxcysvvhcljmosbeftqmyc/Build/Intermediates.noindex/Pods.build/Debug-iphonesimulator/react-native-safe-area-context.build/react-native-safe-area-context-project-headers.hmap -I/Users/sparkles/Library/Developer/Xcode/DerivedData/Expensio-futtgngxcysvvhcljmosbeftqmyc/Build/Products/Debug-iphonesimulator/react-native-safe-area-context/include -I/Users/sparkles/Documents/CodingFiles/FullStack/expensioApp/frontend/ios/Pods/Headers/Private -I/Users/sparkles/Documents/CodingFiles/FullStack/expensioApp/frontend/ios/Pods/Headers/Private/react-native-safe-area-context -I/Users/sparkles/Documents/CodingFiles/FullStack/expensioApp/frontend/ios/Pods/Headers/Public -I/Users/sparkles/Documents/CodingFiles/FullStack/expensioApp/frontend/ios/Pods/Headers/Public/FBLazyVector -I/Users/sparkles/Documents/CodingFiles/FullStack/expensioApp/frontend/ios/Pods/Headers/Public/RCTDeprecation -I/Users/sparkles/Documents/CodingFiles/FullStack/expensioApp/frontend/ios/Pods/Headers/Public/RCTRequired -I/Users/sparkles/Documents/CodingFiles/FullStack/expensioApp/frontend/ios/Pods/Headers/Public/RCTSwiftUIWrapper -I/Users/sparkles/Documents/CodingFiles/FullStack/expensioApp/frontend/ios/Pods/Headers/Public/RCTTypeSafety -I/Users/sparkles/Documents/CodingFiles/FullStack/expensioApp/frontend/ios/Pods/Headers/Public/React-Core -I/Users/sparkles/Documents/CodingFiles/FullStack/expensioApp/frontend/ios/Pods/Headers/Public/React-Core-prebuilt -I/Users/sparkles/Documents/CodingFiles/FullStack/expensioApp/frontend/ios/Pods/Headers/Public/React-CoreModules -I/Users/sparkles/Documents/CodingFiles/FullStack/expensioApp/frontend/ios/Pods/Headers/Public/React-Fabric -I/Users/sparkles/Documents/CodingFiles/FullStack/expensioApp/frontend/ios/Pods/Headers/Public/React-FabricComponents -I/Users/sparkles/Documents/CodingFiles/FullStack/expensioApp/frontend/ios/Pods/Headers/Public/React-FabricImage -I/Users/sparkles/Documents/CodingFiles/FullStack/expensioApp/frontend/ios/Pods/Headers/Public/React-ImageManager -I/Users/sparkles/Documents/CodingFiles/FullStack/expensioApp/frontend/ios/Pods/Headers/Public/React-Mapbuffer -I/Users/sparkles/Documents/CodingFiles/FullStack/expensioApp/frontend/ios/Pods/Headers/Public/React-NativeModulesApple -I/Users/sparkles/Documents/CodingFiles/FullStack/expensioApp/frontend/ios/Pods/Headers/Public/React-RCTAnimation -I/Users/sparkles/Documents/CodingFiles/FullStack/expensioApp/frontend/ios/Pods/Headers/Public/React-RCTAppDelegate -I/Users/sparkles/Documents/CodingFiles/FullStack/expensioApp/frontend/ios/Pods/Headers/Public/React-RCTBlob -I/Users/sparkles/Documents/CodingFiles/FullStack/expensioApp/frontend/ios/Pods/Headers/Public/React-RCTFBReactNativeSpec -I/Users/sparkles/Documents/CodingFiles/FullStack/expensioApp/frontend/ios/Pods/Headers/Public/React-RCTFabric -I/Users/sparkles/Documents/CodingFiles/FullStack/expensioApp/frontend/ios/Pods/Headers/Public/React-RCTImage -I/Users/sparkles/Documents/CodingFiles/FullStack/expensioApp/frontend/ios/Pods/Headers/Public/React-RCTRuntime -I/Users/sparkles/Documents/CodingFiles/FullStack/expensioApp/frontend/ios/Pods/Headers/Public/React-RCTText -I/Users/sparkles/Documents/CodingFiles/FullStack/expensioApp/frontend/ios/Pods/Headers/Public/React-RuntimeApple -I/Users/sparkles/Documents/CodingFiles/FullStack/expensioApp/frontend/ios/Pods/Headers/Public/React-RuntimeCore -I/Users/sparkles/Documents/CodingFiles/FullStack/expensioApp/frontend/ios/Pods/Headers/Public/React-RuntimeHermes -I/Users/sparkles/Documents/CodingFiles/FullStack/expensioApp/frontend/ios/Pods/Headers/Public/React-callinvoker -I/Users/sparkles/Documents/CodingFiles/FullStack/expensioApp/frontend/ios/Pods/Headers/Public/React-cxxreact -I/Users/sparkles/Documents/CodingFiles/FullStack/expensioApp/frontend/ios/Pods/Headers/Public/React-debug -I/Users/sparkles/Documents/CodingFiles/FullStack/expensioApp/frontend/ios/Pods/Headers/Public/React-defaultsnativemodule -I/Users/sparkles/Documents/CodingFiles/FullStack/expensioApp/frontend/ios/Pods/Headers/Public/React-domnativemodule -I/Users/sparkles/Documents/CodingFiles/FullStack/expensioApp/frontend/ios/Pods/Headers/Public/React-featureflags -I/Users/sparkles/Documents/CodingFiles/FullStack/expensioApp/frontend/ios/Pods/Headers/Public/React-featureflagsnativemodule -I/Users/sparkles/Documents/CodingFiles/FullStack/expensioApp/frontend/ios/Pods/Headers/Public/React-graphics -I/Users/sparkles/Documents/CodingFiles/FullStack/expensioApp/frontend/ios/Pods/Headers/Public/React-hermes -I/Users/sparkles/Documents/CodingFiles/FullStack/expensioApp/frontend/ios/Pods/Headers/Public/React-idlecallbacksnativemodule -I/Users/sparkles/Documents/CodingFiles/FullStack/expensioApp/frontend/ios/Pods/Headers/Public/React-intersectionobservernativemodule -I/Users/sparkles/Documents/CodingFiles/FullStack/expensioApp/frontend/ios/Pods/Headers/Public/React-jserrorhandler -I/Users/sparkles/Documents/CodingFiles/FullStack/expensioApp/frontend/ios/Pods/Headers/Public/React-jsi -I/Users/sparkles/Documents/CodingFiles/FullStack/expensioApp/frontend/ios/Pods/Headers/Public/React-jsiexecutor -I/Users/sparkles/Documents/CodingFiles/FullStack/expensioApp/frontend/ios/Pods/Headers/Public/React-jsinspector -I/Users/sparkles/Documents/CodingFiles/FullStack/expensioApp/frontend/ios/Pods/Headers/Public/React-jsinspectorcdp -I/Users/sparkles/Documents/CodingFiles/FullStack/expensioApp/frontend/ios/Pods/Headers/Public/React-jsinspectornetwork -I/Users/sparkles/Documents/CodingFiles/FullStack/expensioApp/frontend/ios/Pods/Headers/Public/React-jsinspectortracing -I/Users/sparkles/Documents/CodingFiles/FullStack/expensioApp/frontend/ios/Pods/Headers/Public/React-jsitooling -I/Users/sparkles/Documents/CodingFiles/FullStack/expensioApp/frontend/ios/Pods/Headers/Public/React-logger -I/Users/sparkles/Documents/CodingFiles/FullStack/expensioApp/frontend/ios/Pods/Headers/Public/React-microtasksnativemodule -I/Users/sparkles/Documents/CodingFiles/FullStack/expensioApp/frontend/ios/Pods/Headers/Public/React-mutationobservernativemodule -I/Users/sparkles/Documents/CodingFiles/FullStack/expensioApp/frontend/ios/Pods/Headers/Public/React-networking -I/Users/sparkles/Documents/CodingFiles/FullStack/expensioApp/frontend/ios/Pods/Headers/Public/React-oscompat -I/Users/sparkles/Documents/CodingFiles/FullStack/expensioApp/frontend/ios/Pods/Headers/Public/React-perflogger -I/Users/sparkles/Documents/CodingFiles/FullStack/expensioApp/frontend/ios/Pods/Headers/Public/React-performancecdpmetrics -I/Users/sparkles/Documents/CodingFiles/FullStack/expensioApp/frontend/ios/Pods/Headers/Public/React-performancetimeline -I/Users/sparkles/Documents/CodingFiles/FullStack/expensioApp/frontend/ios/Pods/Headers/Public/React-rendererconsistency -I/Users/sparkles/Documents/CodingFiles/FullStack/expensioApp/frontend/ios/Pods/Headers/Public/React-renderercss -I/Users/sparkles/Documents/CodingFiles/FullStack/expensioApp/frontend/ios/Pods/Headers/Public/React-rendererdebug -I/Users/sparkles/Documents/CodingFiles/FullStack/expensioApp/frontend/ios/Pods/Headers/Public/React-runtimeexecutor -I/Users/sparkles/Documents/CodingFiles/FullStack/expensioApp/frontend/ios/Pods/Headers/Public/React-runtimescheduler -I/Users/sparkles/Documents/CodingFiles/FullStack/expensioApp/frontend/ios/Pods/Headers/Public/React-timing -I/Users/sparkles/Documents/CodingFiles/FullStack/expensioApp/frontend/ios/Pods/Headers/Public/React-utils -I/Users/sparkles/Documents/CodingFiles/FullStack/expensioApp/frontend/ios/Pods/Headers/Public/React-viewtransitionnativemodule -I/Users/sparkles/Documents/CodingFiles/FullStack/expensioApp/frontend/ios/Pods/Headers/Public/React-webperformancenativemodule -I/Users/sparkles/Documents/CodingFiles/FullStack/expensioApp/frontend/ios/Pods/Headers/Public/ReactCodegen -I/Users/sparkles/Documents/CodingFiles/FullStack/expensioApp/frontend/ios/Pods/Headers/Public/ReactCommon -I/Users/sparkles/Documents/CodingFiles/FullStack/expensioApp/frontend/ios/Pods/Headers/Public/ReactNativeDependencies -I/Users/sparkles/Documents/CodingFiles/FullStack/expensioApp/frontend/ios/Pods/Headers/Public/Yoga -I/Users/sparkles/Documents/CodingFiles/FullStack/expensioApp/frontend/ios/Pods/Headers/Public/hermes-engine -I/Users/sparkles/Documents/CodingFiles/FullStack/expensioApp/frontend/ios/Pods/Headers/Public/react-native-safe-area-context -I/Users/sparkles/Documents/CodingFiles/FullStack/expensioApp/frontend/ios/Pods/Headers/Private/Yoga -I/Users/sparkles/Documents/CodingFiles/FullStack/expensioApp/frontend/ios/Pods/Headers/Private/Yoga -I/Users/sparkles/Documents/CodingFiles/FullStack/expensioApp/frontend/node_modules/react-native-safe-area-context/common/cpp -I/Users/sparkles/Documents/CodingFiles/FullStack/expensioApp/frontend/ios/Pods/ExpoModulesCore/ExpoModulesCore.xcframework/ios-arm64_x86_64-simulator/ExpoModulesCore.framework/Headers -I/Users/sparkles/Documents/CodingFiles/FullStack/expensioApp/frontend/ios/Pods/ExpoModulesCore/ExpoModulesCore.xcframework/ios-arm64/ExpoModulesCore.framework/Headers -I/Users/sparkles/Documents/CodingFiles/FullStack/expensioApp/frontend/ios/Pods/ExpoModulesCore/ExpoModulesCore.xcframework/ios-arm64_x86_64-simulator/ExpoModulesCore.framework/Headers -I/Users/sparkles/Documents/CodingFiles/FullStack/expensioApp/frontend/ios/Pods/ExpoModulesCore/ExpoModulesCore.xcframework/ios-arm64/ExpoModulesCore.framework/Headers -I/Users/sparkles/Library/Developer/Xcode/DerivedData/Expensio-futtgngxcysvvhcljmosbeftqmyc/Build/Intermediates.noindex/Pods.build/Debug-iphonesimulator/react-native-safe-area-context.build/DerivedSources-normal/x86_64 -I/Users/sparkles/Library/Developer/Xcode/DerivedData/Expensio-futtgngxcysvvhcljmosbeftqmyc/Build/Intermediates.noindex/Pods.build/Debug-iphonesimulator/react-native-safe-area-context.build/DerivedSources/x86_64 -I/Users/sparkles/Library/Developer/Xcode/DerivedData/Expensio-futtgngxcysvvhcljmosbeftqmyc/Build/Intermediates.noindex/Pods.build/Debug-iphonesimulator/react-native-safe-area-context.build/DerivedSources -F/Users/sparkles/Library/Developer/Xcode/DerivedData/Expensio-futtgngxcysvvhcljmosbeftqmyc/Build/Products/Debug-iphonesimulator/react-native-safe-area-context -F/Users/sparkles/Documents/CodingFiles/FullStack/expensioApp/frontend/ios/Pods/React-Core-prebuilt -F/Users/sparkles/Documents/CodingFiles/FullStack/expensioApp/frontend/ios/Pods/ReactNativeDependencies/framework/packages/react-native -F/Users/sparkles/Documents/CodingFiles/FullStack/expensioApp/frontend/ios/Pods/hermes-engine/destroot/Library/Frameworks/universal -F/Users/sparkles/Library/Developer/Xcode/DerivedData/Expensio-futtgngxcysvvhcljmosbeftqmyc/Build/Products/Debug-iphonesimulator/XCFrameworkIntermediates/React-Core-prebuilt -F/Users/sparkles/Library/Developer/Xcode/DerivedData/Expensio-futtgngxcysvvhcljmosbeftqmyc/Build/Products/Debug-iphonesimulator/XCFrameworkIntermediates/ReactNativeDependencies -F/Users/sparkles/Library/Developer/Xcode/DerivedData/Expensio-futtgngxcysvvhcljmosbeftqmyc/Build/Products/Debug-iphonesimulator/XCFrameworkIntermediates/hermes-engine/Pre-built '-DRCT_REMOVE_LEGACY_ARCH=1' '-fmodule-map-file=/Users/sparkles/Documents/CodingFiles/FullStack/expensioApp/frontend/ios/Pods/Headers/Public/ReactCodegen/ReactCodegen.modulemap' '-DRCT_REMOVE_LEGACY_ARCH=1' -ivfsoverlay /Users/sparkles/Documents/CodingFiles/FullStack/expensioApp/frontend/ios/Pods/React-Core-prebuilt/React-VFS.yaml

WriteAuxiliaryFile /Users/sparkles/Library/Developer/Xcode/DerivedData/Expensio-futtgngxcysvvhcljmosbeftqmyc/Build/Intermediates.noindex/Pods.build/Debug-iphonesimulator/react-native-safe-area-context.build/Objects-normal/x86_64/af3fcb34312c57c0f52879cdce924b91-common-args.resp (in target 'react-native-safe-area-context' from project 'Pods')
    cd /Users/sparkles/Documents/CodingFiles/FullStack/expensioApp/frontend/ios/Pods
    write-file /Users/sparkles/Library/Developer/Xcode/DerivedData/Expensio-futtgngxcysvvhcljmosbeftqmyc/Build/Intermediates.noindex/Pods.build/Debug-iphonesimulator/react-native-safe-area-context.build/Objects-normal/x86_64/af3fcb34312c57c0f52879cdce924b91-common-args.resp
'-std=c++20' '-stdlib=libc++' -fobjc-arc -fmodules -fno-cxx-modules '-fmodules-cache-path=/Users/sparkles/Library/Developer/Xcode/DerivedData/ModuleCache.noindex' '-D_LIBCPP_HARDENING_MODE=_LIBCPP_HARDENING_MODE_DEBUG' -fpascal-strings -O0 -fno-common '-DPOD_CONFIGURATION_DEBUG=1' '-DDEBUG=1' '-DCOCOAPODS=1' '-DOBJC_OLD_DISPATCH_PROTOTYPES=0' -fasm-blocks -g '-fobjc-abi-version=2' -fobjc-legacy-dispatch -iquote /Users/sparkles/Library/Developer/Xcode/DerivedData/Expensio-futtgngxcysvvhcljmosbeftqmyc/Build/Intermediates.noindex/Pods.build/Debug-iphonesimulator/react-native-safe-area-context.build/react-native-safe-area-context-generated-files.hmap -I/Users/sparkles/Library/Developer/Xcode/DerivedData/Expensio-futtgngxcysvvhcljmosbeftqmyc/Build/Intermediates.noindex/Pods.build/Debug-iphonesimulator/react-native-safe-area-context.build/react-native-safe-area-context-own-target-headers.hmap -I/Users/sparkles/Library/Developer/Xcode/DerivedData/Expensio-futtgngxcysvvhcljmosbeftqmyc/Build/Intermediates.noindex/Pods.build/Debug-iphonesimulator/react-native-safe-area-context.build/react-native-safe-area-context-all-non-framework-target-headers.hmap -ivfsoverlay /Users/sparkles/Library/Developer/Xcode/DerivedData/Expensio-futtgngxcysvvhcljmosbeftqmyc/Build/Intermediates.noindex/Pods.build/Debug-iphonesimulator/Pods-8699adb1dd336b26511df848a716bd42-VFS-iphonesimulator/all-product-headers.yaml -iquote /Users/sparkles/Library/Developer/Xcode/DerivedData/Expensio-futtgngxcysvvhcljmosbeftqmyc/Build/Intermediates.noindex/Pods.build/Debug-iphonesimulator/react-native-safe-area-context.build/react-native-safe-area-context-project-headers.hmap -I/Users/sparkles/Library/Developer/Xcode/DerivedData/Expensio-futtgngxcysvvhcljmosbeftqmyc/Build/Products/Debug-iphonesimulator/react-native-safe-area-context/include -I/Users/sparkles/Documents/CodingFiles/FullStack/expensioApp/frontend/ios/Pods/Headers/Private -I/Users/sparkles/Documents/CodingFiles/FullStack/expensioApp/frontend/ios/Pods/Headers/Private/react-native-safe-area-context -I/Users/sparkles/Documents/CodingFiles/FullStack/expensioApp/frontend/ios/Pods/Headers/Public -I/Users/sparkles/Documents/CodingFiles/FullStack/expensioApp/frontend/ios/Pods/Headers/Public/FBLazyVector -I/Users/sparkles/Documents/CodingFiles/FullStack/expensioApp/frontend/ios/Pods/Headers/Public/RCTDeprecation -I/Users/sparkles/Documents/CodingFiles/FullStack/expensioApp/frontend/ios/Pods/Headers/Public/RCTRequired -I/Users/sparkles/Documents/CodingFiles/FullStack/expensioApp/frontend/ios/Pods/Headers/Public/RCTSwiftUIWrapper -I/Users/sparkles/Documents/CodingFiles/FullStack/expensioApp/frontend/ios/Pods/Headers/Public/RCTTypeSafety -I/Users/sparkles/Documents/CodingFiles/FullStack/expensioApp/frontend/ios/Pods/Headers/Public/React-Core -I/Users/sparkles/Documents/CodingFiles/FullStack/expensioApp/frontend/ios/Pods/Headers/Public/React-Core-prebuilt -I/Users/sparkles/Documents/CodingFiles/FullStack/expensioApp/frontend/ios/Pods/Headers/Public/React-CoreModules -I/Users/sparkles/Documents/CodingFiles/FullStack/expensioApp/frontend/ios/Pods/Headers/Public/React-Fabric -I/Users/sparkles/Documents/CodingFiles/FullStack/expensioApp/frontend/ios/Pods/Headers/Public/React-FabricComponents -I/Users/sparkles/Documents/CodingFiles/FullStack/expensioApp/frontend/ios/Pods/Headers/Public/React-FabricImage -I/Users/sparkles/Documents/CodingFiles/FullStack/expensioApp/frontend/ios/Pods/Headers/Public/React-ImageManager -I/Users/sparkles/Documents/CodingFiles/FullStack/expensioApp/frontend/ios/Pods/Headers/Public/React-Mapbuffer -I/Users/sparkles/Documents/CodingFiles/FullStack/expensioApp/frontend/ios/Pods/Headers/Public/React-NativeModulesApple -I/Users/sparkles/Documents/CodingFiles/FullStack/expensioApp/frontend/ios/Pods/Headers/Public/React-RCTAnimation -I/Users/sparkles/Documents/CodingFiles/FullStack/expensioApp/frontend/ios/Pods/Headers/Public/React-RCTAppDelegate -I/Users/sparkles/Documents/CodingFiles/FullStack/expensioApp/frontend/ios/Pods/Headers/Public/React-RCTBlob -I/Users/sparkles/Documents/CodingFiles/FullStack/expensioApp/frontend/ios/Pods/Headers/Public/React-RCTFBReactNativeSpec -I/Users/sparkles/Documents/CodingFiles/FullStack/expensioApp/frontend/ios/Pods/Headers/Public/React-RCTFabric -I/Users/sparkles/Documents/CodingFiles/FullStack/expensioApp/frontend/ios/Pods/Headers/Public/React-RCTImage -I/Users/sparkles/Documents/CodingFiles/FullStack/expensioApp/frontend/ios/Pods/Headers/Public/React-RCTRuntime -I/Users/sparkles/Documents/CodingFiles/FullStack/expensioApp/frontend/ios/Pods/Headers/Public/React-RCTText -I/Users/sparkles/Documents/CodingFiles/FullStack/expensioApp/frontend/ios/Pods/Headers/Public/React-RuntimeApple -I/Users/sparkles/Documents/CodingFiles/FullStack/expensioApp/frontend/ios/Pods/Headers/Public/React-RuntimeCore -I/Users/sparkles/Documents/CodingFiles/FullStack/expensioApp/frontend/ios/Pods/Headers/Public/React-RuntimeHermes -I/Users/sparkles/Documents/CodingFiles/FullStack/expensioApp/frontend/ios/Pods/Headers/Public/React-callinvoker -I/Users/sparkles/Documents/CodingFiles/FullStack/expensioApp/frontend/ios/Pods/Headers/Public/React-cxxreact -I/Users/sparkles/Documents/CodingFiles/FullStack/expensioApp/frontend/ios/Pods/Headers/Public/React-debug -I/Users/sparkles/Documents/CodingFiles/FullStack/expensioApp/frontend/ios/Pods/Headers/Public/React-defaultsnativemodule -I/Users/sparkles/Documents/CodingFiles/FullStack/expensioApp/frontend/ios/Pods/Headers/Public/React-domnativemodule -I/Users/sparkles/Documents/CodingFiles/FullStack/expensioApp/frontend/ios/Pods/Headers/Public/React-featureflags -I/Users/sparkles/Documents/CodingFiles/FullStack/expensioApp/frontend/ios/Pods/Headers/Public/React-featureflagsnativemodule -I/Users/sparkles/Documents/CodingFiles/FullStack/expensioApp/frontend/ios/Pods/Headers/Public/React-graphics -I/Users/sparkles/Documents/CodingFiles/FullStack/expensioApp/frontend/ios/Pods/Headers/Public/React-hermes -I/Users/sparkles/Documents/CodingFiles/FullStack/expensioApp/frontend/ios/Pods/Headers/Public/React-idlecallbacksnativemodule -I/Users/sparkles/Documents/CodingFiles/FullStack/expensioApp/frontend/ios/Pods/Headers/Public/React-intersectionobservernativemodule -I/Users/sparkles/Documents/CodingFiles/FullStack/expensioApp/frontend/ios/Pods/Headers/Public/React-jserrorhandler -I/Users/sparkles/Documents/CodingFiles/FullStack/expensioApp/frontend/ios/Pods/Headers/Public/React-jsi -I/Users/sparkles/Documents/CodingFiles/FullStack/expensioApp/frontend/ios/Pods/Headers/Public/React-jsiexecutor -I/Users/sparkles/Documents/CodingFiles/FullStack/expensioApp/frontend/ios/Pods/Headers/Public/React-jsinspector -I/Users/sparkles/Documents/CodingFiles/FullStack/expensioApp/frontend/ios/Pods/Headers/Public/React-jsinspectorcdp -I/Users/sparkles/Documents/CodingFiles/FullStack/expensioApp/frontend/ios/Pods/Headers/Public/React-jsinspectornetwork -I/Users/sparkles/Documents/CodingFiles/FullStack/expensioApp/frontend/ios/Pods/Headers/Public/React-jsinspectortracing -I/Users/sparkles/Documents/CodingFiles/FullStack/expensioApp/frontend/ios/Pods/Headers/Public/React-jsitooling -I/Users/sparkles/Documents/CodingFiles/FullStack/expensioApp/frontend/ios/Pods/Headers/Public/React-logger -I/Users/sparkles/Documents/CodingFiles/FullStack/expensioApp/frontend/ios/Pods/Headers/Public/React-microtasksnativemodule -I/Users/sparkles/Documents/CodingFiles/FullStack/expensioApp/frontend/ios/Pods/Headers/Public/React-mutationobservernativemodule -I/Users/sparkles/Documents/CodingFiles/FullStack/expensioApp/frontend/ios/Pods/Headers/Public/React-networking -I/Users/sparkles/Documents/CodingFiles/FullStack/expensioApp/frontend/ios/Pods/Headers/Public/React-oscompat -I/Users/sparkles/Documents/CodingFiles/FullStack/expensioApp/frontend/ios/Pods/Headers/Public/React-perflogger -I/Users/sparkles/Documents/CodingFiles/FullStack/expensioApp/frontend/ios/Pods/Headers/Public/React-performancecdpmetrics -I/Users/sparkles/Documents/CodingFiles/FullStack/expensioApp/frontend/ios/Pods/Headers/Public/React-performancetimeline -I/Users/sparkles/Documents/CodingFiles/FullStack/expensioApp/frontend/ios/Pods/Headers/Public/React-rendererconsistency -I/Users/sparkles/Documents/CodingFiles/FullStack/expensioApp/frontend/ios/Pods/Headers/Public/React-renderercss -I/Users/sparkles/Documents/CodingFiles/FullStack/expensioApp/frontend/ios/Pods/Headers/Public/React-rendererdebug -I/Users/sparkles/Documents/CodingFiles/FullStack/expensioApp/frontend/ios/Pods/Headers/Public/React-runtimeexecutor -I/Users/sparkles/Documents/CodingFiles/FullStack/expensioApp/frontend/ios/Pods/Headers/Public/React-runtimescheduler -I/Users/sparkles/Documents/CodingFiles/FullStack/expensioApp/frontend/ios/Pods/Headers/Public/React-timing -I/Users/sparkles/Documents/CodingFiles/FullStack/expensioApp/frontend/ios/Pods/Headers/Public/React-utils -I/Users/sparkles/Documents/CodingFiles/FullStack/expensioApp/frontend/ios/Pods/Headers/Public/React-viewtransitionnativemodule -I/Users/sparkles/Documents/CodingFiles/FullStack/expensioApp/frontend/ios/Pods/Headers/Public/React-webperformancenativemodule -I/Users/sparkles/Documents/CodingFiles/FullStack/expensioApp/frontend/ios/Pods/Headers/Public/ReactCodegen -I/Users/sparkles/Documents/CodingFiles/FullStack/expensioApp/frontend/ios/Pods/Headers/Public/ReactCommon -I/Users/sparkles/Documents/CodingFiles/FullStack/expensioApp/frontend/ios/Pods/Headers/Public/ReactNativeDependencies -I/Users/sparkles/Documents/CodingFiles/FullStack/expensioApp/frontend/ios/Pods/Headers/Public/Yoga -I/Users/sparkles/Documents/CodingFiles/FullStack/expensioApp/frontend/ios/Pods/Headers/Public/hermes-engine -I/Users/sparkles/Documents/CodingFiles/FullStack/expensioApp/frontend/ios/Pods/Headers/Public/react-native-safe-area-context -I/Users/sparkles/Documents/CodingFiles/FullStack/expensioApp/frontend/ios/Pods/Headers/Private/Yoga -I/Users/sparkles/Documents/CodingFiles/FullStack/expensioApp/frontend/ios/Pods/Headers/Private/Yoga -I/Users/sparkles/Documents/CodingFiles/FullStack/expensioApp/frontend/node_modules/react-native-safe-area-context/common/cpp -I/Users/sparkles/Documents/CodingFiles/FullStack/expensioApp/frontend/ios/Pods/ExpoModulesCore/ExpoModulesCore.xcframework/ios-arm64_x86_64-simulator/ExpoModulesCore.framework/Headers -I/Users/sparkles/Documents/CodingFiles/FullStack/expensioApp/frontend/ios/Pods/ExpoModulesCore/ExpoModulesCore.xcframework/ios-arm64/ExpoModulesCore.framework/Headers -I/Users/sparkles/Documents/CodingFiles/FullStack/expensioApp/frontend/ios/Pods/ExpoModulesCore/ExpoModulesCore.xcframework/ios-arm64_x86_64-simulator/ExpoModulesCore.framework/Headers -I/Users/sparkles/Documents/CodingFiles/FullStack/expensioApp/frontend/ios/Pods/ExpoModulesCore/ExpoModulesCore.xcframework/ios-arm64/ExpoModulesCore.framework/Headers -I/Users/sparkles/Library/Developer/Xcode/DerivedData/Expensio-futtgngxcysvvhcljmosbeftqmyc/Build/Intermediates.noindex/Pods.build/Debug-iphonesimulator/react-native-safe-area-context.build/DerivedSources-normal/x86_64 -I/Users/sparkles/Library/Developer/Xcode/DerivedData/Expensio-futtgngxcysvvhcljmosbeftqmyc/Build/Intermediates.noindex/Pods.build/Debug-iphonesimulator/react-native-safe-area-context.build/DerivedSources/x86_64 -I/Users/sparkles/Library/Developer/Xcode/DerivedData/Expensio-futtgngxcysvvhcljmosbeftqmyc/Build/Intermediates.noindex/Pods.build/Debug-iphonesimulator/react-native-safe-area-context.build/DerivedSources -F/Users/sparkles/Library/Developer/Xcode/DerivedData/Expensio-futtgngxcysvvhcljmosbeftqmyc/Build/Products/Debug-iphonesimulator/react-native-safe-area-context -F/Users/sparkles/Documents/CodingFiles/FullStack/expensioApp/frontend/ios/Pods/React-Core-prebuilt -F/Users/sparkles/Documents/CodingFiles/FullStack/expensioApp/frontend/ios/Pods/ReactNativeDependencies/framework/packages/react-native -F/Users/sparkles/Documents/CodingFiles/FullStack/expensioApp/frontend/ios/Pods/hermes-engine/destroot/Library/Frameworks/universal -F/Users/sparkles/Library/Developer/Xcode/DerivedData/Expensio-futtgngxcysvvhcljmosbeftqmyc/Build/Products/Debug-iphonesimulator/XCFrameworkIntermediates/React-Core-prebuilt -F/Users/sparkles/Library/Developer/Xcode/DerivedData/Expensio-futtgngxcysvvhcljmosbeftqmyc/Build/Products/Debug-iphonesimulator/XCFrameworkIntermediates/ReactNativeDependencies -F/Users/sparkles/Library/Developer/Xcode/DerivedData/Expensio-futtgngxcysvvhcljmosbeftqmyc/Build/Products/Debug-iphonesimulator/XCFrameworkIntermediates/hermes-engine/Pre-built '-DRCT_REMOVE_LEGACY_ARCH=1' '-fmodule-map-file=/Users/sparkles/Documents/CodingFiles/FullStack/expensioApp/frontend/ios/Pods/Headers/Public/ReactCodegen/ReactCodegen.modulemap' '-DRCT_REMOVE_LEGACY_ARCH=1' -ivfsoverlay /Users/sparkles/Documents/CodingFiles/FullStack/expensioApp/frontend/ios/Pods/React-Core-prebuilt/React-VFS.yaml '-DRCT_REMOVE_LEGACY_ARCH=1' '-DRCT_NEW_ARCH_ENABLED=1' -ivfsoverlay /Users/sparkles/Documents/CodingFiles/FullStack/expensioApp/frontend/ios/Pods/React-Core-prebuilt/React-VFS.yaml

WriteAuxiliaryFile /Users/sparkles/Library/Developer/Xcode/DerivedData/Expensio-futtgngxcysvvhcljmosbeftqmyc/Build/Intermediates.noindex/Pods.build/Debug-iphonesimulator/react-native-safe-area-context.build/Objects-normal/x86_64/82b82416624d2658e5098eb0a28c15c5-common-args.resp (in target 'react-native-safe-area-context' from project 'Pods')
    cd /Users/sparkles/Documents/CodingFiles/FullStack/expensioApp/frontend/ios/Pods
    write-file /Users/sparkles/Library/Developer/Xcode/DerivedData/Expensio-futtgngxcysvvhcljmosbeftqmyc/Build/Intermediates.noindex/Pods.build/Debug-iphonesimulator/react-native-safe-area-context.build/Objects-normal/x86_64/82b82416624d2658e5098eb0a28c15c5-common-args.resp
'-std=c++20' '-stdlib=libc++' -fmodules -fno-cxx-modules '-fmodules-cache-path=/Users/sparkles/Library/Developer/Xcode/DerivedData/ModuleCache.noindex' '-D_LIBCPP_HARDENING_MODE=_LIBCPP_HARDENING_MODE_DEBUG' -fpascal-strings -O0 -fno-common '-DPOD_CONFIGURATION_DEBUG=1' '-DDEBUG=1' '-DCOCOAPODS=1' -fasm-blocks -g -iquote /Users/sparkles/Library/Developer/Xcode/DerivedData/Expensio-futtgngxcysvvhcljmosbeftqmyc/Build/Intermediates.noindex/Pods.build/Debug-iphonesimulator/react-native-safe-area-context.build/react-native-safe-area-context-generated-files.hmap -I/Users/sparkles/Library/Developer/Xcode/DerivedData/Expensio-futtgngxcysvvhcljmosbeftqmyc/Build/Intermediates.noindex/Pods.build/Debug-iphonesimulator/react-native-safe-area-context.build/react-native-safe-area-context-own-target-headers.hmap -I/Users/sparkles/Library/Developer/Xcode/DerivedData/Expensio-futtgngxcysvvhcljmosbeftqmyc/Build/Intermediates.noindex/Pods.build/Debug-iphonesimulator/react-native-safe-area-context.build/react-native-safe-area-context-all-non-framework-target-headers.hmap -ivfsoverlay /Users/sparkles/Library/Developer/Xcode/DerivedData/Expensio-futtgngxcysvvhcljmosbeftqmyc/Build/Intermediates.noindex/Pods.build/Debug-iphonesimulator/Pods-8699adb1dd336b26511df848a716bd42-VFS-iphonesimulator/all-product-headers.yaml -iquote /Users/sparkles/Library/Developer/Xcode/DerivedData/Expensio-futtgngxcysvvhcljmosbeftqmyc/Build/Intermediates.noindex/Pods.build/Debug-iphonesimulator/react-native-safe-area-context.build/react-native-safe-area-context-project-headers.hmap -I/Users/sparkles/Library/Developer/Xcode/DerivedData/Expensio-futtgngxcysvvhcljmosbeftqmyc/Build/Products/Debug-iphonesimulator/react-native-safe-area-context/include -I/Users/sparkles/Documents/CodingFiles/FullStack/expensioApp/frontend/ios/Pods/Headers/Private -I/Users/sparkles/Documents/CodingFiles/FullStack/expensioApp/frontend/ios/Pods/Headers/Private/react-native-safe-area-context -I/Users/sparkles/Documents/CodingFiles/FullStack/expensioApp/frontend/ios/Pods/Headers/Public -I/Users/sparkles/Documents/CodingFiles/FullStack/expensioApp/frontend/ios/Pods/Headers/Public/FBLazyVector -I/Users/sparkles/Documents/CodingFiles/FullStack/expensioApp/frontend/ios/Pods/Headers/Public/RCTDeprecation -I/Users/sparkles/Documents/CodingFiles/FullStack/expensioApp/frontend/ios/Pods/Headers/Public/RCTRequired -I/Users/sparkles/Documents/CodingFiles/FullStack/expensioApp/frontend/ios/Pods/Headers/Public/RCTSwiftUIWrapper -I/Users/sparkles/Documents/CodingFiles/FullStack/expensioApp/frontend/ios/Pods/Headers/Public/RCTTypeSafety -I/Users/sparkles/Documents/CodingFiles/FullStack/expensioApp/frontend/ios/Pods/Headers/Public/React-Core -I/Users/sparkles/Documents/CodingFiles/FullStack/expensioApp/frontend/ios/Pods/Headers/Public/React-Core-prebuilt -I/Users/sparkles/Documents/CodingFiles/FullStack/expensioApp/frontend/ios/Pods/Headers/Public/React-CoreModules -I/Users/sparkles/Documents/CodingFiles/FullStack/expensioApp/frontend/ios/Pods/Headers/Public/React-Fabric -I/Users/sparkles/Documents/CodingFiles/FullStack/expensioApp/frontend/ios/Pods/Headers/Public/React-FabricComponents -I/Users/sparkles/Documents/CodingFiles/FullStack/expensioApp/frontend/ios/Pods/Headers/Public/React-FabricImage -I/Users/sparkles/Documents/CodingFiles/FullStack/expensioApp/frontend/ios/Pods/Headers/Public/React-ImageManager -I/Users/sparkles/Documents/CodingFiles/FullStack/expensioApp/frontend/ios/Pods/Headers/Public/React-Mapbuffer -I/Users/sparkles/Documents/CodingFiles/FullStack/expensioApp/frontend/ios/Pods/Headers/Public/React-NativeModulesApple -I/Users/sparkles/Documents/CodingFiles/FullStack/expensioApp/frontend/ios/Pods/Headers/Public/React-RCTAnimation -I/Users/sparkles/Documents/CodingFiles/FullStack/expensioApp/frontend/ios/Pods/Headers/Public/React-RCTAppDelegate -I/Users/sparkles/Documents/CodingFiles/FullStack/expensioApp/frontend/ios/Pods/Headers/Public/React-RCTBlob -I/Users/sparkles/Documents/CodingFiles/FullStack/expensioApp/frontend/ios/Pods/Headers/Public/React-RCTFBReactNativeSpec -I/Users/sparkles/Documents/CodingFiles/FullStack/expensioApp/frontend/ios/Pods/Headers/Public/React-RCTFabric -I/Users/sparkles/Documents/CodingFiles/FullStack/expensioApp/frontend/ios/Pods/Headers/Public/React-RCTImage -I/Users/sparkles/Documents/CodingFiles/FullStack/expensioApp/frontend/ios/Pods/Headers/Public/React-RCTRuntime -I/Users/sparkles/Documents/CodingFiles/FullStack/expensioApp/frontend/ios/Pods/Headers/Public/React-RCTText -I/Users/sparkles/Documents/CodingFiles/FullStack/expensioApp/frontend/ios/Pods/Headers/Public/React-RuntimeApple -I/Users/sparkles/Documents/CodingFiles/FullStack/expensioApp/frontend/ios/Pods/Headers/Public/React-RuntimeCore -I/Users/sparkles/Documents/CodingFiles/FullStack/expensioApp/frontend/ios/Pods/Headers/Public/React-RuntimeHermes -I/Users/sparkles/Documents/CodingFiles/FullStack/expensioApp/frontend/ios/Pods/Headers/Public/React-callinvoker -I/Users/sparkles/Documents/CodingFiles/FullStack/expensioApp/frontend/ios/Pods/Headers/Public/React-cxxreact -I/Users/sparkles/Documents/CodingFiles/FullStack/expensioApp/frontend/ios/Pods/Headers/Public/React-debug -I/Users/sparkles/Documents/CodingFiles/FullStack/expensioApp/frontend/ios/Pods/Headers/Public/React-defaultsnativemodule -I/Users/sparkles/Documents/CodingFiles/FullStack/expensioApp/frontend/ios/Pods/Headers/Public/React-domnativemodule -I/Users/sparkles/Documents/CodingFiles/FullStack/expensioApp/frontend/ios/Pods/Headers/Public/React-featureflags -I/Users/sparkles/Documents/CodingFiles/FullStack/expensioApp/frontend/ios/Pods/Headers/Public/React-featureflagsnativemodule -I/Users/sparkles/Documents/CodingFiles/FullStack/expensioApp/frontend/ios/Pods/Headers/Public/React-graphics -I/Users/sparkles/Documents/CodingFiles/FullStack/expensioApp/frontend/ios/Pods/Headers/Public/React-hermes -I/Users/sparkles/Documents/CodingFiles/FullStack/expensioApp/frontend/ios/Pods/Headers/Public/React-idlecallbacksnativemodule -I/Users/sparkles/Documents/CodingFiles/FullStack/expensioApp/frontend/ios/Pods/Headers/Public/React-intersectionobservernativemodule -I/Users/sparkles/Documents/CodingFiles/FullStack/expensioApp/frontend/ios/Pods/Headers/Public/React-jserrorhandler -I/Users/sparkles/Documents/CodingFiles/FullStack/expensioApp/frontend/ios/Pods/Headers/Public/React-jsi -I/Users/sparkles/Documents/CodingFiles/FullStack/expensioApp/frontend/ios/Pods/Headers/Public/React-jsiexecutor -I/Users/sparkles/Documents/CodingFiles/FullStack/expensioApp/frontend/ios/Pods/Headers/Public/React-jsinspector -I/Users/sparkles/Documents/CodingFiles/FullStack/expensioApp/frontend/ios/Pods/Headers/Public/React-jsinspectorcdp -I/Users/sparkles/Documents/CodingFiles/FullStack/expensioApp/frontend/ios/Pods/Headers/Public/React-jsinspectornetwork -I/Users/sparkles/Documents/CodingFiles/FullStack/expensioApp/frontend/ios/Pods/Headers/Public/React-jsinspectortracing -I/Users/sparkles/Documents/CodingFiles/FullStack/expensioApp/frontend/ios/Pods/Headers/Public/React-jsitooling -I/Users/sparkles/Documents/CodingFiles/FullStack/expensioApp/frontend/ios/Pods/Headers/Public/React-logger -I/Users/sparkles/Documents/CodingFiles/FullStack/expensioApp/frontend/ios/Pods/Headers/Public/React-microtasksnativemodule -I/Users/sparkles/Documents/CodingFiles/FullStack/expensioApp/frontend/ios/Pods/Headers/Public/React-mutationobservernativemodule -I/Users/sparkles/Documents/CodingFiles/FullStack/expensioApp/frontend/ios/Pods/Headers/Public/React-networking -I/Users/sparkles/Documents/CodingFiles/FullStack/expensioApp/frontend/ios/Pods/Headers/Public/React-oscompat -I/Users/sparkles/Documents/CodingFiles/FullStack/expensioApp/frontend/ios/Pods/Headers/Public/React-perflogger -I/Users/sparkles/Documents/CodingFiles/FullStack/expensioApp/frontend/ios/Pods/Headers/Public/React-performancecdpmetrics -I/Users/sparkles/Documents/CodingFiles/FullStack/expensioApp/frontend/ios/Pods/Headers/Public/React-performancetimeline -I/Users/sparkles/Documents/CodingFiles/FullStack/expensioApp/frontend/ios/Pods/Headers/Public/React-rendererconsistency -I/Users/sparkles/Documents/CodingFiles/FullStack/expensioApp/frontend/ios/Pods/Headers/Public/React-renderercss -I/Users/sparkles/Documents/CodingFiles/FullStack/expensioApp/frontend/ios/Pods/Headers/Public/React-rendererdebug -I/Users/sparkles/Documents/CodingFiles/FullStack/expensioApp/frontend/ios/Pods/Headers/Public/React-runtimeexecutor -I/Users/sparkles/Documents/CodingFiles/FullStack/expensioApp/frontend/ios/Pods/Headers/Public/React-runtimescheduler -I/Users/sparkles/Documents/CodingFiles/FullStack/expensioApp/frontend/ios/Pods/Headers/Public/React-timing -I/Users/sparkles/Documents/CodingFiles/FullStack/expensioApp/frontend/ios/Pods/Headers/Public/React-utils -I/Users/sparkles/Documents/CodingFiles/FullStack/expensioApp/frontend/ios/Pods/Headers/Public/React-viewtransitionnativemodule -I/Users/sparkles/Documents/CodingFiles/FullStack/expensioApp/frontend/ios/Pods/Headers/Public/React-webperformancenativemodule -I/Users/sparkles/Documents/CodingFiles/FullStack/expensioApp/frontend/ios/Pods/Headers/Public/ReactCodegen -I/Users/sparkles/Documents/CodingFiles/FullStack/expensioApp/frontend/ios/Pods/Headers/Public/ReactCommon -I/Users/sparkles/Documents/CodingFiles/FullStack/expensioApp/frontend/ios/Pods/Headers/Public/ReactNativeDependencies -I/Users/sparkles/Documents/CodingFiles/FullStack/expensioApp/frontend/ios/Pods/Headers/Public/Yoga -I/Users/sparkles/Documents/CodingFiles/FullStack/expensioApp/frontend/ios/Pods/Headers/Public/hermes-engine -I/Users/sparkles/Documents/CodingFiles/FullStack/expensioApp/frontend/ios/Pods/Headers/Public/react-native-safe-area-context -I/Users/sparkles/Documents/CodingFiles/FullStack/expensioApp/frontend/ios/Pods/Headers/Private/Yoga -I/Users/sparkles/Documents/CodingFiles/FullStack/expensioApp/frontend/ios/Pods/Headers/Private/Yoga -I/Users/sparkles/Documents/CodingFiles/FullStack/expensioApp/frontend/node_modules/react-native-safe-area-context/common/cpp -I/Users/sparkles/Documents/CodingFiles/FullStack/expensioApp/frontend/ios/Pods/ExpoModulesCore/ExpoModulesCore.xcframework/ios-arm64_x86_64-simulator/ExpoModulesCore.framework/Headers -I/Users/sparkles/Documents/CodingFiles/FullStack/expensioApp/frontend/ios/Pods/ExpoModulesCore/ExpoModulesCore.xcframework/ios-arm64/ExpoModulesCore.framework/Headers -I/Users/sparkles/Documents/CodingFiles/FullStack/expensioApp/frontend/ios/Pods/ExpoModulesCore/ExpoModulesCore.xcframework/ios-arm64_x86_64-simulator/ExpoModulesCore.framework/Headers -I/Users/sparkles/Documents/CodingFiles/FullStack/expensioApp/frontend/ios/Pods/ExpoModulesCore/ExpoModulesCore.xcframework/ios-arm64/ExpoModulesCore.framework/Headers -I/Users/sparkles/Library/Developer/Xcode/DerivedData/Expensio-futtgngxcysvvhcljmosbeftqmyc/Build/Intermediates.noindex/Pods.build/Debug-iphonesimulator/react-native-safe-area-context.build/DerivedSources-normal/x86_64 -I/Users/sparkles/Library/Developer/Xcode/DerivedData/Expensio-futtgngxcysvvhcljmosbeftqmyc/Build/Intermediates.noindex/Pods.build/Debug-iphonesimulator/react-native-safe-area-context.build/DerivedSources/x86_64 -I/Users/sparkles/Library/Developer/Xcode/DerivedData/Expensio-futtgngxcysvvhcljmosbeftqmyc/Build/Intermediates.noindex/Pods.build/Debug-iphonesimulator/react-native-safe-area-context.build/DerivedSources -F/Users/sparkles/Library/Developer/Xcode/DerivedData/Expensio-futtgngxcysvvhcljmosbeftqmyc/Build/Products/Debug-iphonesimulator/react-native-safe-area-context -F/Users/sparkles/Documents/CodingFiles/FullStack/expensioApp/frontend/ios/Pods/React-Core-prebuilt -F/Users/sparkles/Documents/CodingFiles/FullStack/expensioApp/frontend/ios/Pods/ReactNativeDependencies/framework/packages/react-native -F/Users/sparkles/Documents/CodingFiles/FullStack/expensioApp/frontend/ios/Pods/hermes-engine/destroot/Library/Frameworks/universal -F/Users/sparkles/Library/Developer/Xcode/DerivedData/Expensio-futtgngxcysvvhcljmosbeftqmyc/Build/Products/Debug-iphonesimulator/XCFrameworkIntermediates/React-Core-prebuilt -F/Users/sparkles/Library/Developer/Xcode/DerivedData/Expensio-futtgngxcysvvhcljmosbeftqmyc/Build/Products/Debug-iphonesimulator/XCFrameworkIntermediates/ReactNativeDependencies -F/Users/sparkles/Library/Developer/Xcode/DerivedData/Expensio-futtgngxcysvvhcljmosbeftqmyc/Build/Products/Debug-iphonesimulator/XCFrameworkIntermediates/hermes-engine/Pre-built '-DRCT_REMOVE_LEGACY_ARCH=1' '-fmodule-map-file=/Users/sparkles/Documents/CodingFiles/FullStack/expensioApp/frontend/ios/Pods/Headers/Public/ReactCodegen/ReactCodegen.modulemap' '-DRCT_REMOVE_LEGACY_ARCH=1' -ivfsoverlay /Users/sparkles/Documents/CodingFiles/FullStack/expensioApp/frontend/ios/Pods/React-Core-prebuilt/React-VFS.yaml '-DRCT_REMOVE_LEGACY_ARCH=1' '-DRCT_NEW_ARCH_ENABLED=1' -ivfsoverlay /Users/sparkles/Documents/CodingFiles/FullStack/expensioApp/frontend/ios/Pods/React-Core-prebuilt/React-VFS.yaml

WriteAuxiliaryFile /Users/sparkles/Library/Developer/Xcode/DerivedData/Expensio-futtgngxcysvvhcljmosbeftqmyc/Build/Intermediates.noindex/Pods.build/Debug-iphonesimulator/react-native-safe-area-context.build/Objects-normal/arm64/react-native-safe-area-context.LinkFileList (in target 'react-native-safe-area-context' from project 'Pods')
    cd /Users/sparkles/Documents/CodingFiles/FullStack/expensioApp/frontend/ios/Pods
    write-file /Users/sparkles/Library/Developer/Xcode/DerivedData/Expensio-futtgngxcysvvhcljmosbeftqmyc/Build/Intermediates.noindex/Pods.build/Debug-iphonesimulator/react-native-safe-area-context.build/Objects-normal/arm64/react-native-safe-area-context.LinkFileList

WriteAuxiliaryFile /Users/sparkles/Library/Developer/Xcode/DerivedData/Expensio-futtgngxcysvvhcljmosbeftqmyc/Build/Intermediates.noindex/Pods.build/Debug-iphonesimulator/react-native-safe-area-context.build/Objects-normal/arm64/e6072d4f65d7061329687fe24e3d63a7-common-args.resp (in target 'react-native-safe-area-context' from project 'Pods')
    cd /Users/sparkles/Documents/CodingFiles/FullStack/expensioApp/frontend/ios/Pods
    write-file /Users/sparkles/Library/Developer/Xcode/DerivedData/Expensio-futtgngxcysvvhcljmosbeftqmyc/Build/Intermediates.noindex/Pods.build/Debug-iphonesimulator/react-native-safe-area-context.build/Objects-normal/arm64/e6072d4f65d7061329687fe24e3d63a7-common-args.resp
'-std=gnu11' -fobjc-arc -fmodules '-fmodules-cache-path=/Users/sparkles/Library/Developer/Xcode/DerivedData/ModuleCache.noindex' -fpascal-strings -O0 -fno-common '-DPOD_CONFIGURATION_DEBUG=1' '-DDEBUG=1' '-DCOCOAPODS=1' '-DOBJC_OLD_DISPATCH_PROTOTYPES=0' -g '-fobjc-abi-version=2' -fobjc-legacy-dispatch -iquote /Users/sparkles/Library/Developer/Xcode/DerivedData/Expensio-futtgngxcysvvhcljmosbeftqmyc/Build/Intermediates.noindex/Pods.build/Debug-iphonesimulator/react-native-safe-area-context.build/react-native-safe-area-context-generated-files.hmap -I/Users/sparkles/Library/Developer/Xcode/DerivedData/Expensio-futtgngxcysvvhcljmosbeftqmyc/Build/Intermediates.noindex/Pods.build/Debug-iphonesimulator/react-native-safe-area-context.build/react-native-safe-area-context-own-target-headers.hmap -I/Users/sparkles/Library/Developer/Xcode/DerivedData/Expensio-futtgngxcysvvhcljmosbeftqmyc/Build/Intermediates.noindex/Pods.build/Debug-iphonesimulator/react-native-safe-area-context.build/react-native-safe-area-context-all-non-framework-target-headers.hmap -ivfsoverlay /Users/sparkles/Library/Developer/Xcode/DerivedData/Expensio-futtgngxcysvvhcljmosbeftqmyc/Build/Intermediates.noindex/Pods.build/Debug-iphonesimulator/Pods-8699adb1dd336b26511df848a716bd42-VFS-iphonesimulator/all-product-headers.yaml -iquote /Users/sparkles/Library/Developer/Xcode/DerivedData/Expensio-futtgngxcysvvhcljmosbeftqmyc/Build/Intermediates.noindex/Pods.build/Debug-iphonesimulator/react-native-safe-area-context.build/react-native-safe-area-context-project-headers.hmap -I/Users/sparkles/Library/Developer/Xcode/DerivedData/Expensio-futtgngxcysvvhcljmosbeftqmyc/Build/Products/Debug-iphonesimulator/react-native-safe-area-context/include -I/Users/sparkles/Documents/CodingFiles/FullStack/expensioApp/frontend/ios/Pods/Headers/Private -I/Users/sparkles/Documents/CodingFiles/FullStack/expensioApp/frontend/ios/Pods/Headers/Private/react-native-safe-area-context -I/Users/sparkles/Documents/CodingFiles/FullStack/expensioApp/frontend/ios/Pods/Headers/Public -I/Users/sparkles/Documents/CodingFiles/FullStack/expensioApp/frontend/ios/Pods/Headers/Public/FBLazyVector -I/Users/sparkles/Documents/CodingFiles/FullStack/expensioApp/frontend/ios/Pods/Headers/Public/RCTDeprecation -I/Users/sparkles/Documents/CodingFiles/FullStack/expensioApp/frontend/ios/Pods/Headers/Public/RCTRequired -I/Users/sparkles/Documents/CodingFiles/FullStack/expensioApp/frontend/ios/Pods/Headers/Public/RCTSwiftUIWrapper -I/Users/sparkles/Documents/CodingFiles/FullStack/expensioApp/frontend/ios/Pods/Headers/Public/RCTTypeSafety -I/Users/sparkles/Documents/CodingFiles/FullStack/expensioApp/frontend/ios/Pods/Headers/Public/React-Core -I/Users/sparkles/Documents/CodingFiles/FullStack/expensioApp/frontend/ios/Pods/Headers/Public/React-Core-prebuilt -I/Users/sparkles/Documents/CodingFiles/FullStack/expensioApp/frontend/ios/Pods/Headers/Public/React-CoreModules -I/Users/sparkles/Documents/CodingFiles/FullStack/expensioApp/frontend/ios/Pods/Headers/Public/React-Fabric -I/Users/sparkles/Documents/CodingFiles/FullStack/expensioApp/frontend/ios/Pods/Headers/Public/React-FabricComponents -I/Users/sparkles/Documents/CodingFiles/FullStack/expensioApp/frontend/ios/Pods/Headers/Public/React-FabricImage -I/Users/sparkles/Documents/CodingFiles/FullStack/expensioApp/frontend/ios/Pods/Headers/Public/React-ImageManager -I/Users/sparkles/Documents/CodingFiles/FullStack/expensioApp/frontend/ios/Pods/Headers/Public/React-Mapbuffer -I/Users/sparkles/Documents/CodingFiles/FullStack/expensioApp/frontend/ios/Pods/Headers/Public/React-NativeModulesApple -I/Users/sparkles/Documents/CodingFiles/FullStack/expensioApp/frontend/ios/Pods/Headers/Public/React-RCTAnimation -I/Users/sparkles/Documents/CodingFiles/FullStack/expensioApp/frontend/ios/Pods/Headers/Public/React-RCTAppDelegate -I/Users/sparkles/Documents/CodingFiles/FullStack/expensioApp/frontend/ios/Pods/Headers/Public/React-RCTBlob -I/Users/sparkles/Documents/CodingFiles/FullStack/expensioApp/frontend/ios/Pods/Headers/Public/React-RCTFBReactNativeSpec -I/Users/sparkles/Documents/CodingFiles/FullStack/expensioApp/frontend/ios/Pods/Headers/Public/React-RCTFabric -I/Users/sparkles/Documents/CodingFiles/FullStack/expensioApp/frontend/ios/Pods/Headers/Public/React-RCTImage -I/Users/sparkles/Documents/CodingFiles/FullStack/expensioApp/frontend/ios/Pods/Headers/Public/React-RCTRuntime -I/Users/sparkles/Documents/CodingFiles/FullStack/expensioApp/frontend/ios/Pods/Headers/Public/React-RCTText -I/Users/sparkles/Documents/CodingFiles/FullStack/expensioApp/frontend/ios/Pods/Headers/Public/React-RuntimeApple -I/Users/sparkles/Documents/CodingFiles/FullStack/expensioApp/frontend/ios/Pods/Headers/Public/React-RuntimeCore -I/Users/sparkles/Documents/CodingFiles/FullStack/expensioApp/frontend/ios/Pods/Headers/Public/React-RuntimeHermes -I/Users/sparkles/Documents/CodingFiles/FullStack/expensioApp/frontend/ios/Pods/Headers/Public/React-callinvoker -I/Users/sparkles/Documents/CodingFiles/FullStack/expensioApp/frontend/ios/Pods/Headers/Public/React-cxxreact -I/Users/sparkles/Documents/CodingFiles/FullStack/expensioApp/frontend/ios/Pods/Headers/Public/React-debug -I/Users/sparkles/Documents/CodingFiles/FullStack/expensioApp/frontend/ios/Pods/Headers/Public/React-defaultsnativemodule -I/Users/sparkles/Documents/CodingFiles/FullStack/expensioApp/frontend/ios/Pods/Headers/Public/React-domnativemodule -I/Users/sparkles/Documents/CodingFiles/FullStack/expensioApp/frontend/ios/Pods/Headers/Public/React-featureflags -I/Users/sparkles/Documents/CodingFiles/FullStack/expensioApp/frontend/ios/Pods/Headers/Public/React-featureflagsnativemodule -I/Users/sparkles/Documents/CodingFiles/FullStack/expensioApp/frontend/ios/Pods/Headers/Public/React-graphics -I/Users/sparkles/Documents/CodingFiles/FullStack/expensioApp/frontend/ios/Pods/Headers/Public/React-hermes -I/Users/sparkles/Documents/CodingFiles/FullStack/expensioApp/frontend/ios/Pods/Headers/Public/React-idlecallbacksnativemodule -I/Users/sparkles/Documents/CodingFiles/FullStack/expensioApp/frontend/ios/Pods/Headers/Public/React-intersectionobservernativemodule -I/Users/sparkles/Documents/CodingFiles/FullStack/expensioApp/frontend/ios/Pods/Headers/Public/React-jserrorhandler -I/Users/sparkles/Documents/CodingFiles/FullStack/expensioApp/frontend/ios/Pods/Headers/Public/React-jsi -I/Users/sparkles/Documents/CodingFiles/FullStack/expensioApp/frontend/ios/Pods/Headers/Public/React-jsiexecutor -I/Users/sparkles/Documents/CodingFiles/FullStack/expensioApp/frontend/ios/Pods/Headers/Public/React-jsinspector -I/Users/sparkles/Documents/CodingFiles/FullStack/expensioApp/frontend/ios/Pods/Headers/Public/React-jsinspectorcdp -I/Users/sparkles/Documents/CodingFiles/FullStack/expensioApp/frontend/ios/Pods/Headers/Public/React-jsinspectornetwork -I/Users/sparkles/Documents/CodingFiles/FullStack/expensioApp/frontend/ios/Pods/Headers/Public/React-jsinspectortracing -I/Users/sparkles/Documents/CodingFiles/FullStack/expensioApp/frontend/ios/Pods/Headers/Public/React-jsitooling -I/Users/sparkles/Documents/CodingFiles/FullStack/expensioApp/frontend/ios/Pods/Headers/Public/React-logger -I/Users/sparkles/Documents/CodingFiles/FullStack/expensioApp/frontend/ios/Pods/Headers/Public/React-microtasksnativemodule -I/Users/sparkles/Documents/CodingFiles/FullStack/expensioApp/frontend/ios/Pods/Headers/Public/React-mutationobservernativemodule -I/Users/sparkles/Documents/CodingFiles/FullStack/expensioApp/frontend/ios/Pods/Headers/Public/React-networking -I/Users/sparkles/Documents/CodingFiles/FullStack/expensioApp/frontend/ios/Pods/Headers/Public/React-oscompat -I/Users/sparkles/Documents/CodingFiles/FullStack/expensioApp/frontend/ios/Pods/Headers/Public/React-perflogger -I/Users/sparkles/Documents/CodingFiles/FullStack/expensioApp/frontend/ios/Pods/Headers/Public/React-performancecdpmetrics -I/Users/sparkles/Documents/CodingFiles/FullStack/expensioApp/frontend/ios/Pods/Headers/Public/React-performancetimeline -I/Users/sparkles/Documents/CodingFiles/FullStack/expensioApp/frontend/ios/Pods/Headers/Public/React-rendererconsistency -I/Users/sparkles/Documents/CodingFiles/FullStack/expensioApp/frontend/ios/Pods/Headers/Public/React-renderercss -I/Users/sparkles/Documents/CodingFiles/FullStack/expensioApp/frontend/ios/Pods/Headers/Public/React-rendererdebug -I/Users/sparkles/Documents/CodingFiles/FullStack/expensioApp/frontend/ios/Pods/Headers/Public/React-runtimeexecutor -I/Users/sparkles/Documents/CodingFiles/FullStack/expensioApp/frontend/ios/Pods/Headers/Public/React-runtimescheduler -I/Users/sparkles/Documents/CodingFiles/FullStack/expensioApp/frontend/ios/Pods/Headers/Public/React-timing -I/Users/sparkles/Documents/CodingFiles/FullStack/expensioApp/frontend/ios/Pods/Headers/Public/React-utils -I/Users/sparkles/Documents/CodingFiles/FullStack/expensioApp/frontend/ios/Pods/Headers/Public/React-viewtransitionnativemodule -I/Users/sparkles/Documents/CodingFiles/FullStack/expensioApp/frontend/ios/Pods/Headers/Public/React-webperformancenativemodule -I/Users/sparkles/Documents/CodingFiles/FullStack/expensioApp/frontend/ios/Pods/Headers/Public/ReactCodegen -I/Users/sparkles/Documents/CodingFiles/FullStack/expensioApp/frontend/ios/Pods/Headers/Public/ReactCommon -I/Users/sparkles/Documents/CodingFiles/FullStack/expensioApp/frontend/ios/Pods/Headers/Public/ReactNativeDependencies -I/Users/sparkles/Documents/CodingFiles/FullStack/expensioApp/frontend/ios/Pods/Headers/Public/Yoga -I/Users/sparkles/Documents/CodingFiles/FullStack/expensioApp/frontend/ios/Pods/Headers/Public/hermes-engine -I/Users/sparkles/Documents/CodingFiles/FullStack/expensioApp/frontend/ios/Pods/Headers/Public/react-native-safe-area-context -I/Users/sparkles/Documents/CodingFiles/FullStack/expensioApp/frontend/ios/Pods/Headers/Private/Yoga -I/Users/sparkles/Documents/CodingFiles/FullStack/expensioApp/frontend/ios/Pods/Headers/Private/Yoga -I/Users/sparkles/Documents/CodingFiles/FullStack/expensioApp/frontend/node_modules/react-native-safe-area-context/common/cpp -I/Users/sparkles/Documents/CodingFiles/FullStack/expensioApp/frontend/ios/Pods/ExpoModulesCore/ExpoModulesCore.xcframework/ios-arm64_x86_64-simulator/ExpoModulesCore.framework/Headers -I/Users/sparkles/Documents/CodingFiles/FullStack/expensioApp/frontend/ios/Pods/ExpoModulesCore/ExpoModulesCore.xcframework/ios-arm64/ExpoModulesCore.framework/Headers -I/Users/sparkles/Documents/CodingFiles/FullStack/expensioApp/frontend/ios/Pods/ExpoModulesCore/ExpoModulesCore.xcframework/ios-arm64_x86_64-simulator/ExpoModulesCore.framework/Headers -I/Users/sparkles/Documents/CodingFiles/FullStack/expensioApp/frontend/ios/Pods/ExpoModulesCore/ExpoModulesCore.xcframework/ios-arm64/ExpoModulesCore.framework/Headers -I/Users/sparkles/Library/Developer/Xcode/DerivedData/Expensio-futtgngxcysvvhcljmosbeftqmyc/Build/Intermediates.noindex/Pods.build/Debug-iphonesimulator/react-native-safe-area-context.build/DerivedSources-normal/arm64 -I/Users/sparkles/Library/Developer/Xcode/DerivedData/Expensio-futtgngxcysvvhcljmosbeftqmyc/Build/Intermediates.noindex/Pods.build/Debug-iphonesimulator/react-native-safe-area-context.build/DerivedSources/arm64 -I/Users/sparkles/Library/Developer/Xcode/DerivedData/Expensio-futtgngxcysvvhcljmosbeftqmyc/Build/Intermediates.noindex/Pods.build/Debug-iphonesimulator/react-native-safe-area-context.build/DerivedSources -F/Users/sparkles/Library/Developer/Xcode/DerivedData/Expensio-futtgngxcysvvhcljmosbeftqmyc/Build/Products/Debug-iphonesimulator/react-native-safe-area-context -F/Users/sparkles/Documents/CodingFiles/FullStack/expensioApp/frontend/ios/Pods/React-Core-prebuilt -F/Users/sparkles/Documents/CodingFiles/FullStack/expensioApp/frontend/ios/Pods/ReactNativeDependencies/framework/packages/react-native -F/Users/sparkles/Documents/CodingFiles/FullStack/expensioApp/frontend/ios/Pods/hermes-engine/destroot/Library/Frameworks/universal -F/Users/sparkles/Library/Developer/Xcode/DerivedData/Expensio-futtgngxcysvvhcljmosbeftqmyc/Build/Products/Debug-iphonesimulator/XCFrameworkIntermediates/React-Core-prebuilt -F/Users/sparkles/Library/Developer/Xcode/DerivedData/Expensio-futtgngxcysvvhcljmosbeftqmyc/Build/Products/Debug-iphonesimulator/XCFrameworkIntermediates/ReactNativeDependencies -F/Users/sparkles/Library/Developer/Xcode/DerivedData/Expensio-futtgngxcysvvhcljmosbeftqmyc/Build/Products/Debug-iphonesimulator/XCFrameworkIntermediates/hermes-engine/Pre-built '-DRCT_REMOVE_LEGACY_ARCH=1' '-fmodule-map-file=/Users/sparkles/Documents/CodingFiles/FullStack/expensioApp/frontend/ios/Pods/Headers/Public/ReactCodegen/ReactCodegen.modulemap' '-DRCT_REMOVE_LEGACY_ARCH=1' -ivfsoverlay /Users/sparkles/Documents/CodingFiles/FullStack/expensioApp/frontend/ios/Pods/React-Core-prebuilt/React-VFS.yaml

WriteAuxiliaryFile /Users/sparkles/Library/Developer/Xcode/DerivedData/Expensio-futtgngxcysvvhcljmosbeftqmyc/Build/Intermediates.noindex/Pods.build/Debug-iphonesimulator/react-native-safe-area-context.build/Objects-normal/arm64/af3fcb34312c57c0f52879cdce924b91-common-args.resp (in target 'react-native-safe-area-context' from project 'Pods')
    cd /Users/sparkles/Documents/CodingFiles/FullStack/expensioApp/frontend/ios/Pods
    write-file /Users/sparkles/Library/Developer/Xcode/DerivedData/Expensio-futtgngxcysvvhcljmosbeftqmyc/Build/Intermediates.noindex/Pods.build/Debug-iphonesimulator/react-native-safe-area-context.build/Objects-normal/arm64/af3fcb34312c57c0f52879cdce924b91-common-args.resp
'-std=c++20' '-stdlib=libc++' -fobjc-arc -fmodules -fno-cxx-modules '-fmodules-cache-path=/Users/sparkles/Library/Developer/Xcode/DerivedData/ModuleCache.noindex' '-D_LIBCPP_HARDENING_MODE=_LIBCPP_HARDENING_MODE_DEBUG' -fpascal-strings -O0 -fno-common '-DPOD_CONFIGURATION_DEBUG=1' '-DDEBUG=1' '-DCOCOAPODS=1' '-DOBJC_OLD_DISPATCH_PROTOTYPES=0' -g '-fobjc-abi-version=2' -fobjc-legacy-dispatch -iquote /Users/sparkles/Library/Developer/Xcode/DerivedData/Expensio-futtgngxcysvvhcljmosbeftqmyc/Build/Intermediates.noindex/Pods.build/Debug-iphonesimulator/react-native-safe-area-context.build/react-native-safe-area-context-generated-files.hmap -I/Users/sparkles/Library/Developer/Xcode/DerivedData/Expensio-futtgngxcysvvhcljmosbeftqmyc/Build/Intermediates.noindex/Pods.build/Debug-iphonesimulator/react-native-safe-area-context.build/react-native-safe-area-context-own-target-headers.hmap -I/Users/sparkles/Library/Developer/Xcode/DerivedData/Expensio-futtgngxcysvvhcljmosbeftqmyc/Build/Intermediates.noindex/Pods.build/Debug-iphonesimulator/react-native-safe-area-context.build/react-native-safe-area-context-all-non-framework-target-headers.hmap -ivfsoverlay /Users/sparkles/Library/Developer/Xcode/DerivedData/Expensio-futtgngxcysvvhcljmosbeftqmyc/Build/Intermediates.noindex/Pods.build/Debug-iphonesimulator/Pods-8699adb1dd336b26511df848a716bd42-VFS-iphonesimulator/all-product-headers.yaml -iquote /Users/sparkles/Library/Developer/Xcode/DerivedData/Expensio-futtgngxcysvvhcljmosbeftqmyc/Build/Intermediates.noindex/Pods.build/Debug-iphonesimulator/react-native-safe-area-context.build/react-native-safe-area-context-project-headers.hmap -I/Users/sparkles/Library/Developer/Xcode/DerivedData/Expensio-futtgngxcysvvhcljmosbeftqmyc/Build/Products/Debug-iphonesimulator/react-native-safe-area-context/include -I/Users/sparkles/Documents/CodingFiles/FullStack/expensioApp/frontend/ios/Pods/Headers/Private -I/Users/sparkles/Documents/CodingFiles/FullStack/expensioApp/frontend/ios/Pods/Headers/Private/react-native-safe-area-context -I/Users/sparkles/Documents/CodingFiles/FullStack/expensioApp/frontend/ios/Pods/Headers/Public -I/Users/sparkles/Documents/CodingFiles/FullStack/expensioApp/frontend/ios/Pods/Headers/Public/FBLazyVector -I/Users/sparkles/Documents/CodingFiles/FullStack/expensioApp/frontend/ios/Pods/Headers/Public/RCTDeprecation -I/Users/sparkles/Documents/CodingFiles/FullStack/expensioApp/frontend/ios/Pods/Headers/Public/RCTRequired -I/Users/sparkles/Documents/CodingFiles/FullStack/expensioApp/frontend/ios/Pods/Headers/Public/RCTSwiftUIWrapper -I/Users/sparkles/Documents/CodingFiles/FullStack/expensioApp/frontend/ios/Pods/Headers/Public/RCTTypeSafety -I/Users/sparkles/Documents/CodingFiles/FullStack/expensioApp/frontend/ios/Pods/Headers/Public/React-Core -I/Users/sparkles/Documents/CodingFiles/FullStack/expensioApp/frontend/ios/Pods/Headers/Public/React-Core-prebuilt -I/Users/sparkles/Documents/CodingFiles/FullStack/expensioApp/frontend/ios/Pods/Headers/Public/React-CoreModules -I/Users/sparkles/Documents/CodingFiles/FullStack/expensioApp/frontend/ios/Pods/Headers/Public/React-Fabric -I/Users/sparkles/Documents/CodingFiles/FullStack/expensioApp/frontend/ios/Pods/Headers/Public/React-FabricComponents -I/Users/sparkles/Documents/CodingFiles/FullStack/expensioApp/frontend/ios/Pods/Headers/Public/React-FabricImage -I/Users/sparkles/Documents/CodingFiles/FullStack/expensioApp/frontend/ios/Pods/Headers/Public/React-ImageManager -I/Users/sparkles/Documents/CodingFiles/FullStack/expensioApp/frontend/ios/Pods/Headers/Public/React-Mapbuffer -I/Users/sparkles/Documents/CodingFiles/FullStack/expensioApp/frontend/ios/Pods/Headers/Public/React-NativeModulesApple -I/Users/sparkles/Documents/CodingFiles/FullStack/expensioApp/frontend/ios/Pods/Headers/Public/React-RCTAnimation -I/Users/sparkles/Documents/CodingFiles/FullStack/expensioApp/frontend/ios/Pods/Headers/Public/React-RCTAppDelegate -I/Users/sparkles/Documents/CodingFiles/FullStack/expensioApp/frontend/ios/Pods/Headers/Public/React-RCTBlob -I/Users/sparkles/Documents/CodingFiles/FullStack/expensioApp/frontend/ios/Pods/Headers/Public/React-RCTFBReactNativeSpec -I/Users/sparkles/Documents/CodingFiles/FullStack/expensioApp/frontend/ios/Pods/Headers/Public/React-RCTFabric -I/Users/sparkles/Documents/CodingFiles/FullStack/expensioApp/frontend/ios/Pods/Headers/Public/React-RCTImage -I/Users/sparkles/Documents/CodingFiles/FullStack/expensioApp/frontend/ios/Pods/Headers/Public/React-RCTRuntime -I/Users/sparkles/Documents/CodingFiles/FullStack/expensioApp/frontend/ios/Pods/Headers/Public/React-RCTText -I/Users/sparkles/Documents/CodingFiles/FullStack/expensioApp/frontend/ios/Pods/Headers/Public/React-RuntimeApple -I/Users/sparkles/Documents/CodingFiles/FullStack/expensioApp/frontend/ios/Pods/Headers/Public/React-RuntimeCore -I/Users/sparkles/Documents/CodingFiles/FullStack/expensioApp/frontend/ios/Pods/Headers/Public/React-RuntimeHermes -I/Users/sparkles/Documents/CodingFiles/FullStack/expensioApp/frontend/ios/Pods/Headers/Public/React-callinvoker -I/Users/sparkles/Documents/CodingFiles/FullStack/expensioApp/frontend/ios/Pods/Headers/Public/React-cxxreact -I/Users/sparkles/Documents/CodingFiles/FullStack/expensioApp/frontend/ios/Pods/Headers/Public/React-debug -I/Users/sparkles/Documents/CodingFiles/FullStack/expensioApp/frontend/ios/Pods/Headers/Public/React-defaultsnativemodule -I/Users/sparkles/Documents/CodingFiles/FullStack/expensioApp/frontend/ios/Pods/Headers/Public/React-domnativemodule -I/Users/sparkles/Documents/CodingFiles/FullStack/expensioApp/frontend/ios/Pods/Headers/Public/React-featureflags -I/Users/sparkles/Documents/CodingFiles/FullStack/expensioApp/frontend/ios/Pods/Headers/Public/React-featureflagsnativemodule -I/Users/sparkles/Documents/CodingFiles/FullStack/expensioApp/frontend/ios/Pods/Headers/Public/React-graphics -I/Users/sparkles/Documents/CodingFiles/FullStack/expensioApp/frontend/ios/Pods/Headers/Public/React-hermes -I/Users/sparkles/Documents/CodingFiles/FullStack/expensioApp/frontend/ios/Pods/Headers/Public/React-idlecallbacksnativemodule -I/Users/sparkles/Documents/CodingFiles/FullStack/expensioApp/frontend/ios/Pods/Headers/Public/React-intersectionobservernativemodule -I/Users/sparkles/Documents/CodingFiles/FullStack/expensioApp/frontend/ios/Pods/Headers/Public/React-jserrorhandler -I/Users/sparkles/Documents/CodingFiles/FullStack/expensioApp/frontend/ios/Pods/Headers/Public/React-jsi -I/Users/sparkles/Documents/CodingFiles/FullStack/expensioApp/frontend/ios/Pods/Headers/Public/React-jsiexecutor -I/Users/sparkles/Documents/CodingFiles/FullStack/expensioApp/frontend/ios/Pods/Headers/Public/React-jsinspector -I/Users/sparkles/Documents/CodingFiles/FullStack/expensioApp/frontend/ios/Pods/Headers/Public/React-jsinspectorcdp -I/Users/sparkles/Documents/CodingFiles/FullStack/expensioApp/frontend/ios/Pods/Headers/Public/React-jsinspectornetwork -I/Users/sparkles/Documents/CodingFiles/FullStack/expensioApp/frontend/ios/Pods/Headers/Public/React-jsinspectortracing -I/Users/sparkles/Documents/CodingFiles/FullStack/expensioApp/frontend/ios/Pods/Headers/Public/React-jsitooling -I/Users/sparkles/Documents/CodingFiles/FullStack/expensioApp/frontend/ios/Pods/Headers/Public/React-logger -I/Users/sparkles/Documents/CodingFiles/FullStack/expensioApp/frontend/ios/Pods/Headers/Public/React-microtasksnativemodule -I/Users/sparkles/Documents/CodingFiles/FullStack/expensioApp/frontend/ios/Pods/Headers/Public/React-mutationobservernativemodule -I/Users/sparkles/Documents/CodingFiles/FullStack/expensioApp/frontend/ios/Pods/Headers/Public/React-networking -I/Users/sparkles/Documents/CodingFiles/FullStack/expensioApp/frontend/ios/Pods/Headers/Public/React-oscompat -I/Users/sparkles/Documents/CodingFiles/FullStack/expensioApp/frontend/ios/Pods/Headers/Public/React-perflogger -I/Users/sparkles/Documents/CodingFiles/FullStack/expensioApp/frontend/ios/Pods/Headers/Public/React-performancecdpmetrics -I/Users/sparkles/Documents/CodingFiles/FullStack/expensioApp/frontend/ios/Pods/Headers/Public/React-performancetimeline -I/Users/sparkles/Documents/CodingFiles/FullStack/expensioApp/frontend/ios/Pods/Headers/Public/React-rendererconsistency -I/Users/sparkles/Documents/CodingFiles/FullStack/expensioApp/frontend/ios/Pods/Headers/Public/React-renderercss -I/Users/sparkles/Documents/CodingFiles/FullStack/expensioApp/frontend/ios/Pods/Headers/Public/React-rendererdebug -I/Users/sparkles/Documents/CodingFiles/FullStack/expensioApp/frontend/ios/Pods/Headers/Public/React-runtimeexecutor -I/Users/sparkles/Documents/CodingFiles/FullStack/expensioApp/frontend/ios/Pods/Headers/Public/React-runtimescheduler -I/Users/sparkles/Documents/CodingFiles/FullStack/expensioApp/frontend/ios/Pods/Headers/Public/React-timing -I/Users/sparkles/Documents/CodingFiles/FullStack/expensioApp/frontend/ios/Pods/Headers/Public/React-utils -I/Users/sparkles/Documents/CodingFiles/FullStack/expensioApp/frontend/ios/Pods/Headers/Public/React-viewtransitionnativemodule -I/Users/sparkles/Documents/CodingFiles/FullStack/expensioApp/frontend/ios/Pods/Headers/Public/React-webperformancenativemodule -I/Users/sparkles/Documents/CodingFiles/FullStack/expensioApp/frontend/ios/Pods/Headers/Public/ReactCodegen -I/Users/sparkles/Documents/CodingFiles/FullStack/expensioApp/frontend/ios/Pods/Headers/Public/ReactCommon -I/Users/sparkles/Documents/CodingFiles/FullStack/expensioApp/frontend/ios/Pods/Headers/Public/ReactNativeDependencies -I/Users/sparkles/Documents/CodingFiles/FullStack/expensioApp/frontend/ios/Pods/Headers/Public/Yoga -I/Users/sparkles/Documents/CodingFiles/FullStack/expensioApp/frontend/ios/Pods/Headers/Public/hermes-engine -I/Users/sparkles/Documents/CodingFiles/FullStack/expensioApp/frontend/ios/Pods/Headers/Public/react-native-safe-area-context -I/Users/sparkles/Documents/CodingFiles/FullStack/expensioApp/frontend/ios/Pods/Headers/Private/Yoga -I/Users/sparkles/Documents/CodingFiles/FullStack/expensioApp/frontend/ios/Pods/Headers/Private/Yoga -I/Users/sparkles/Documents/CodingFiles/FullStack/expensioApp/frontend/node_modules/react-native-safe-area-context/common/cpp -I/Users/sparkles/Documents/CodingFiles/FullStack/expensioApp/frontend/ios/Pods/ExpoModulesCore/ExpoModulesCore.xcframework/ios-arm64_x86_64-simulator/ExpoModulesCore.framework/Headers -I/Users/sparkles/Documents/CodingFiles/FullStack/expensioApp/frontend/ios/Pods/ExpoModulesCore/ExpoModulesCore.xcframework/ios-arm64/ExpoModulesCore.framework/Headers -I/Users/sparkles/Documents/CodingFiles/FullStack/expensioApp/frontend/ios/Pods/ExpoModulesCore/ExpoModulesCore.xcframework/ios-arm64_x86_64-simulator/ExpoModulesCore.framework/Headers -I/Users/sparkles/Documents/CodingFiles/FullStack/expensioApp/frontend/ios/Pods/ExpoModulesCore/ExpoModulesCore.xcframework/ios-arm64/ExpoModulesCore.framework/Headers -I/Users/sparkles/Library/Developer/Xcode/DerivedData/Expensio-futtgngxcysvvhcljmosbeftqmyc/Build/Intermediates.noindex/Pods.build/Debug-iphonesimulator/react-native-safe-area-context.build/DerivedSources-normal/arm64 -I/Users/sparkles/Library/Developer/Xcode/DerivedData/Expensio-futtgngxcysvvhcljmosbeftqmyc/Build/Intermediates.noindex/Pods.build/Debug-iphonesimulator/react-native-safe-area-context.build/DerivedSources/arm64 -I/Users/sparkles/Library/Developer/Xcode/DerivedData/Expensio-futtgngxcysvvhcljmosbeftqmyc/Build/Intermediates.noindex/Pods.build/Debug-iphonesimulator/react-native-safe-area-context.build/DerivedSources -F/Users/sparkles/Library/Developer/Xcode/DerivedData/Expensio-futtgngxcysvvhcljmosbeftqmyc/Build/Products/Debug-iphonesimulator/react-native-safe-area-context -F/Users/sparkles/Documents/CodingFiles/FullStack/expensioApp/frontend/ios/Pods/React-Core-prebuilt -F/Users/sparkles/Documents/CodingFiles/FullStack/expensioApp/frontend/ios/Pods/ReactNativeDependencies/framework/packages/react-native -F/Users/sparkles/Documents/CodingFiles/FullStack/expensioApp/frontend/ios/Pods/hermes-engine/destroot/Library/Frameworks/universal -F/Users/sparkles/Library/Developer/Xcode/DerivedData/Expensio-futtgngxcysvvhcljmosbeftqmyc/Build/Products/Debug-iphonesimulator/XCFrameworkIntermediates/React-Core-prebuilt -F/Users/sparkles/Library/Developer/Xcode/DerivedData/Expensio-futtgngxcysvvhcljmosbeftqmyc/Build/Products/Debug-iphonesimulator/XCFrameworkIntermediates/ReactNativeDependencies -F/Users/sparkles/Library/Developer/Xcode/DerivedData/Expensio-futtgngxcysvvhcljmosbeftqmyc/Build/Products/Debug-iphonesimulator/XCFrameworkIntermediates/hermes-engine/Pre-built '-DRCT_REMOVE_LEGACY_ARCH=1' '-fmodule-map-file=/Users/sparkles/Documents/CodingFiles/FullStack/expensioApp/frontend/ios/Pods/Headers/Public/ReactCodegen/ReactCodegen.modulemap' '-DRCT_REMOVE_LEGACY_ARCH=1' -ivfsoverlay /Users/sparkles/Documents/CodingFiles/FullStack/expensioApp/frontend/ios/Pods/React-Core-prebuilt/React-VFS.yaml '-DRCT_REMOVE_LEGACY_ARCH=1' '-DRCT_NEW_ARCH_ENABLED=1' -ivfsoverlay /Users/sparkles/Documents/CodingFiles/FullStack/expensioApp/frontend/ios/Pods/React-Core-prebuilt/React-VFS.yaml

WriteAuxiliaryFile /Users/sparkles/Library/Developer/Xcode/DerivedData/Expensio-futtgngxcysvvhcljmosbeftqmyc/Build/Intermediates.noindex/Pods.build/Debug-iphonesimulator/react-native-safe-area-context.build/Objects-normal/arm64/82b82416624d2658e5098eb0a28c15c5-common-args.resp (in target 'react-native-safe-area-context' from project 'Pods')
    cd /Users/sparkles/Documents/CodingFiles/FullStack/expensioApp/frontend/ios/Pods
    write-file /Users/sparkles/Library/Developer/Xcode/DerivedData/Expensio-futtgngxcysvvhcljmosbeftqmyc/Build/Intermediates.noindex/Pods.build/Debug-iphonesimulator/react-native-safe-area-context.build/Objects-normal/arm64/82b82416624d2658e5098eb0a28c15c5-common-args.resp
'-std=c++20' '-stdlib=libc++' -fmodules -fno-cxx-modules '-fmodules-cache-path=/Users/sparkles/Library/Developer/Xcode/DerivedData/ModuleCache.noindex' '-D_LIBCPP_HARDENING_MODE=_LIBCPP_HARDENING_MODE_DEBUG' -fpascal-strings -O0 -fno-common '-DPOD_CONFIGURATION_DEBUG=1' '-DDEBUG=1' '-DCOCOAPODS=1' -g -iquote /Users/sparkles/Library/Developer/Xcode/DerivedData/Expensio-futtgngxcysvvhcljmosbeftqmyc/Build/Intermediates.noindex/Pods.build/Debug-iphonesimulator/react-native-safe-area-context.build/react-native-safe-area-context-generated-files.hmap -I/Users/sparkles/Library/Developer/Xcode/DerivedData/Expensio-futtgngxcysvvhcljmosbeftqmyc/Build/Intermediates.noindex/Pods.build/Debug-iphonesimulator/react-native-safe-area-context.build/react-native-safe-area-context-own-target-headers.hmap -I/Users/sparkles/Library/Developer/Xcode/DerivedData/Expensio-futtgngxcysvvhcljmosbeftqmyc/Build/Intermediates.noindex/Pods.build/Debug-iphonesimulator/react-native-safe-area-context.build/react-native-safe-area-context-all-non-framework-target-headers.hmap -ivfsoverlay /Users/sparkles/Library/Developer/Xcode/DerivedData/Expensio-futtgngxcysvvhcljmosbeftqmyc/Build/Intermediates.noindex/Pods.build/Debug-iphonesimulator/Pods-8699adb1dd336b26511df848a716bd42-VFS-iphonesimulator/all-product-headers.yaml -iquote /Users/sparkles/Library/Developer/Xcode/DerivedData/Expensio-futtgngxcysvvhcljmosbeftqmyc/Build/Intermediates.noindex/Pods.build/Debug-iphonesimulator/react-native-safe-area-context.build/react-native-safe-area-context-project-headers.hmap -I/Users/sparkles/Library/Developer/Xcode/DerivedData/Expensio-futtgngxcysvvhcljmosbeftqmyc/Build/Products/Debug-iphonesimulator/react-native-safe-area-context/include -I/Users/sparkles/Documents/CodingFiles/FullStack/expensioApp/frontend/ios/Pods/Headers/Private -I/Users/sparkles/Documents/CodingFiles/FullStack/expensioApp/frontend/ios/Pods/Headers/Private/react-native-safe-area-context -I/Users/sparkles/Documents/CodingFiles/FullStack/expensioApp/frontend/ios/Pods/Headers/Public -I/Users/sparkles/Documents/CodingFiles/FullStack/expensioApp/frontend/ios/Pods/Headers/Public/FBLazyVector -I/Users/sparkles/Documents/CodingFiles/FullStack/expensioApp/frontend/ios/Pods/Headers/Public/RCTDeprecation -I/Users/sparkles/Documents/CodingFiles/FullStack/expensioApp/frontend/ios/Pods/Headers/Public/RCTRequired -I/Users/sparkles/Documents/CodingFiles/FullStack/expensioApp/frontend/ios/Pods/Headers/Public/RCTSwiftUIWrapper -I/Users/sparkles/Documents/CodingFiles/FullStack/expensioApp/frontend/ios/Pods/Headers/Public/RCTTypeSafety -I/Users/sparkles/Documents/CodingFiles/FullStack/expensioApp/frontend/ios/Pods/Headers/Public/React-Core -I/Users/sparkles/Documents/CodingFiles/FullStack/expensioApp/frontend/ios/Pods/Headers/Public/React-Core-prebuilt -I/Users/sparkles/Documents/CodingFiles/FullStack/expensioApp/frontend/ios/Pods/Headers/Public/React-CoreModules -I/Users/sparkles/Documents/CodingFiles/FullStack/expensioApp/frontend/ios/Pods/Headers/Public/React-Fabric -I/Users/sparkles/Documents/CodingFiles/FullStack/expensioApp/frontend/ios/Pods/Headers/Public/React-FabricComponents -I/Users/sparkles/Documents/CodingFiles/FullStack/expensioApp/frontend/ios/Pods/Headers/Public/React-FabricImage -I/Users/sparkles/Documents/CodingFiles/FullStack/expensioApp/frontend/ios/Pods/Headers/Public/React-ImageManager -I/Users/sparkles/Documents/CodingFiles/FullStack/expensioApp/frontend/ios/Pods/Headers/Public/React-Mapbuffer -I/Users/sparkles/Documents/CodingFiles/FullStack/expensioApp/frontend/ios/Pods/Headers/Public/React-NativeModulesApple -I/Users/sparkles/Documents/CodingFiles/FullStack/expensioApp/frontend/ios/Pods/Headers/Public/React-RCTAnimation -I/Users/sparkles/Documents/CodingFiles/FullStack/expensioApp/frontend/ios/Pods/Headers/Public/React-RCTAppDelegate -I/Users/sparkles/Documents/CodingFiles/FullStack/expensioApp/frontend/ios/Pods/Headers/Public/React-RCTBlob -I/Users/sparkles/Documents/CodingFiles/FullStack/expensioApp/frontend/ios/Pods/Headers/Public/React-RCTFBReactNativeSpec -I/Users/sparkles/Documents/CodingFiles/FullStack/expensioApp/frontend/ios/Pods/Headers/Public/React-RCTFabric -I/Users/sparkles/Documents/CodingFiles/FullStack/expensioApp/frontend/ios/Pods/Headers/Public/React-RCTImage -I/Users/sparkles/Documents/CodingFiles/FullStack/expensioApp/frontend/ios/Pods/Headers/Public/React-RCTRuntime -I/Users/sparkles/Documents/CodingFiles/FullStack/expensioApp/frontend/ios/Pods/Headers/Public/React-RCTText -I/Users/sparkles/Documents/CodingFiles/FullStack/expensioApp/frontend/ios/Pods/Headers/Public/React-RuntimeApple -I/Users/sparkles/Documents/CodingFiles/FullStack/expensioApp/frontend/ios/Pods/Headers/Public/React-RuntimeCore -I/Users/sparkles/Documents/CodingFiles/FullStack/expensioApp/frontend/ios/Pods/Headers/Public/React-RuntimeHermes -I/Users/sparkles/Documents/CodingFiles/FullStack/expensioApp/frontend/ios/Pods/Headers/Public/React-callinvoker -I/Users/sparkles/Documents/CodingFiles/FullStack/expensioApp/frontend/ios/Pods/Headers/Public/React-cxxreact -I/Users/sparkles/Documents/CodingFiles/FullStack/expensioApp/frontend/ios/Pods/Headers/Public/React-debug -I/Users/sparkles/Documents/CodingFiles/FullStack/expensioApp/frontend/ios/Pods/Headers/Public/React-defaultsnativemodule -I/Users/sparkles/Documents/CodingFiles/FullStack/expensioApp/frontend/ios/Pods/Headers/Public/React-domnativemodule -I/Users/sparkles/Documents/CodingFiles/FullStack/expensioApp/frontend/ios/Pods/Headers/Public/React-featureflags -I/Users/sparkles/Documents/CodingFiles/FullStack/expensioApp/frontend/ios/Pods/Headers/Public/React-featureflagsnativemodule -I/Users/sparkles/Documents/CodingFiles/FullStack/expensioApp/frontend/ios/Pods/Headers/Public/React-graphics -I/Users/sparkles/Documents/CodingFiles/FullStack/expensioApp/frontend/ios/Pods/Headers/Public/React-hermes -I/Users/sparkles/Documents/CodingFiles/FullStack/expensioApp/frontend/ios/Pods/Headers/Public/React-idlecallbacksnativemodule -I/Users/sparkles/Documents/CodingFiles/FullStack/expensioApp/frontend/ios/Pods/Headers/Public/React-intersectionobservernativemodule -I/Users/sparkles/Documents/CodingFiles/FullStack/expensioApp/frontend/ios/Pods/Headers/Public/React-jserrorhandler -I/Users/sparkles/Documents/CodingFiles/FullStack/expensioApp/frontend/ios/Pods/Headers/Public/React-jsi -I/Users/sparkles/Documents/CodingFiles/FullStack/expensioApp/frontend/ios/Pods/Headers/Public/React-jsiexecutor -I/Users/sparkles/Documents/CodingFiles/FullStack/expensioApp/frontend/ios/Pods/Headers/Public/React-jsinspector -I/Users/sparkles/Documents/CodingFiles/FullStack/expensioApp/frontend/ios/Pods/Headers/Public/React-jsinspectorcdp -I/Users/sparkles/Documents/CodingFiles/FullStack/expensioApp/frontend/ios/Pods/Headers/Public/React-jsinspectornetwork -I/Users/sparkles/Documents/CodingFiles/FullStack/expensioApp/frontend/ios/Pods/Headers/Public/React-jsinspectortracing -I/Users/sparkles/Documents/CodingFiles/FullStack/expensioApp/frontend/ios/Pods/Headers/Public/React-jsitooling -I/Users/sparkles/Documents/CodingFiles/FullStack/expensioApp/frontend/ios/Pods/Headers/Public/React-logger -I/Users/sparkles/Documents/CodingFiles/FullStack/expensioApp/frontend/ios/Pods/Headers/Public/React-microtasksnativemodule -I/Users/sparkles/Documents/CodingFiles/FullStack/expensioApp/frontend/ios/Pods/Headers/Public/React-mutationobservernativemodule -I/Users/sparkles/Documents/CodingFiles/FullStack/expensioApp/frontend/ios/Pods/Headers/Public/React-networking -I/Users/sparkles/Documents/CodingFiles/FullStack/expensioApp/frontend/ios/Pods/Headers/Public/React-oscompat -I/Users/sparkles/Documents/CodingFiles/FullStack/expensioApp/frontend/ios/Pods/Headers/Public/React-perflogger -I/Users/sparkles/Documents/CodingFiles/FullStack/expensioApp/frontend/ios/Pods/Headers/Public/React-performancecdpmetrics -I/Users/sparkles/Documents/CodingFiles/FullStack/expensioApp/frontend/ios/Pods/Headers/Public/React-performancetimeline -I/Users/sparkles/Documents/CodingFiles/FullStack/expensioApp/frontend/ios/Pods/Headers/Public/React-rendererconsistency -I/Users/sparkles/Documents/CodingFiles/FullStack/expensioApp/frontend/ios/Pods/Headers/Public/React-renderercss -I/Users/sparkles/Documents/CodingFiles/FullStack/expensioApp/frontend/ios/Pods/Headers/Public/React-rendererdebug -I/Users/sparkles/Documents/CodingFiles/FullStack/expensioApp/frontend/ios/Pods/Headers/Public/React-runtimeexecutor -I/Users/sparkles/Documents/CodingFiles/FullStack/expensioApp/frontend/ios/Pods/Headers/Public/React-runtimescheduler -I/Users/sparkles/Documents/CodingFiles/FullStack/expensioApp/frontend/ios/Pods/Headers/Public/React-timing -I/Users/sparkles/Documents/CodingFiles/FullStack/expensioApp/frontend/ios/Pods/Headers/Public/React-utils -I/Users/sparkles/Documents/CodingFiles/FullStack/expensioApp/frontend/ios/Pods/Headers/Public/React-viewtransitionnativemodule -I/Users/sparkles/Documents/CodingFiles/FullStack/expensioApp/frontend/ios/Pods/Headers/Public/React-webperformancenativemodule -I/Users/sparkles/Documents/CodingFiles/FullStack/expensioApp/frontend/ios/Pods/Headers/Public/ReactCodegen -I/Users/sparkles/Documents/CodingFiles/FullStack/expensioApp/frontend/ios/Pods/Headers/Public/ReactCommon -I/Users/sparkles/Documents/CodingFiles/FullStack/expensioApp/frontend/ios/Pods/Headers/Public/ReactNativeDependencies -I/Users/sparkles/Documents/CodingFiles/FullStack/expensioApp/frontend/ios/Pods/Headers/Public/Yoga -I/Users/sparkles/Documents/CodingFiles/FullStack/expensioApp/frontend/ios/Pods/Headers/Public/hermes-engine -I/Users/sparkles/Documents/CodingFiles/FullStack/expensioApp/frontend/ios/Pods/Headers/Public/react-native-safe-area-context -I/Users/sparkles/Documents/CodingFiles/FullStack/expensioApp/frontend/ios/Pods/Headers/Private/Yoga -I/Users/sparkles/Documents/CodingFiles/FullStack/expensioApp/frontend/ios/Pods/Headers/Private/Yoga -I/Users/sparkles/Documents/CodingFiles/FullStack/expensioApp/frontend/node_modules/react-native-safe-area-context/common/cpp -I/Users/sparkles/Documents/CodingFiles/FullStack/expensioApp/frontend/ios/Pods/ExpoModulesCore/ExpoModulesCore.xcframework/ios-arm64_x86_64-simulator/ExpoModulesCore.framework/Headers -I/Users/sparkles/Documents/CodingFiles/FullStack/expensioApp/frontend/ios/Pods/ExpoModulesCore/ExpoModulesCore.xcframework/ios-arm64/ExpoModulesCore.framework/Headers -I/Users/sparkles/Documents/CodingFiles/FullStack/expensioApp/frontend/ios/Pods/ExpoModulesCore/ExpoModulesCore.xcframework/ios-arm64_x86_64-simulator/ExpoModulesCore.framework/Headers -I/Users/sparkles/Documents/CodingFiles/FullStack/expensioApp/frontend/ios/Pods/ExpoModulesCore/ExpoModulesCore.xcframework/ios-arm64/ExpoModulesCore.framework/Headers -I/Users/sparkles/Library/Developer/Xcode/DerivedData/Expensio-futtgngxcysvvhcljmosbeftqmyc/Build/Intermediates.noindex/Pods.build/Debug-iphonesimulator/react-native-safe-area-context.build/DerivedSources-normal/arm64 -I/Users/sparkles/Library/Developer/Xcode/DerivedData/Expensio-futtgngxcysvvhcljmosbeftqmyc/Build/Intermediates.noindex/Pods.build/Debug-iphonesimulator/react-native-safe-area-context.build/DerivedSources/arm64 -I/Users/sparkles/Library/Developer/Xcode/DerivedData/Expensio-futtgngxcysvvhcljmosbeftqmyc/Build/Intermediates.noindex/Pods.build/Debug-iphonesimulator/react-native-safe-area-context.build/DerivedSources -F/Users/sparkles/Library/Developer/Xcode/DerivedData/Expensio-futtgngxcysvvhcljmosbeftqmyc/Build/Products/Debug-iphonesimulator/react-native-safe-area-context -F/Users/sparkles/Documents/CodingFiles/FullStack/expensioApp/frontend/ios/Pods/React-Core-prebuilt -F/Users/sparkles/Documents/CodingFiles/FullStack/expensioApp/frontend/ios/Pods/ReactNativeDependencies/framework/packages/react-native -F/Users/sparkles/Documents/CodingFiles/FullStack/expensioApp/frontend/ios/Pods/hermes-engine/destroot/Library/Frameworks/universal -F/Users/sparkles/Library/Developer/Xcode/DerivedData/Expensio-futtgngxcysvvhcljmosbeftqmyc/Build/Products/Debug-iphonesimulator/XCFrameworkIntermediates/React-Core-prebuilt -F/Users/sparkles/Library/Developer/Xcode/DerivedData/Expensio-futtgngxcysvvhcljmosbeftqmyc/Build/Products/Debug-iphonesimulator/XCFrameworkIntermediates/ReactNativeDependencies -F/Users/sparkles/Library/Developer/Xcode/DerivedData/Expensio-futtgngxcysvvhcljmosbeftqmyc/Build/Products/Debug-iphonesimulator/XCFrameworkIntermediates/hermes-engine/Pre-built '-DRCT_REMOVE_LEGACY_ARCH=1' '-fmodule-map-file=/Users/sparkles/Documents/CodingFiles/FullStack/expensioApp/frontend/ios/Pods/Headers/Public/ReactCodegen/ReactCodegen.modulemap' '-DRCT_REMOVE_LEGACY_ARCH=1' -ivfsoverlay /Users/sparkles/Documents/CodingFiles/FullStack/expensioApp/frontend/ios/Pods/React-Core-prebuilt/React-VFS.yaml '-DRCT_REMOVE_LEGACY_ARCH=1' '-DRCT_NEW_ARCH_ENABLED=1' -ivfsoverlay /Users/sparkles/Documents/CodingFiles/FullStack/expensioApp/frontend/ios/Pods/React-Core-prebuilt/React-VFS.yaml

WriteAuxiliaryFile /Users/sparkles/Library/Developer/Xcode/DerivedData/Expensio-futtgngxcysvvhcljmosbeftqmyc/Build/Intermediates.noindex/Pods.build/Debug-iphonesimulator/ReactCodegen.build/Script-46EB2E00021AD0.sh (in target 'ReactCodegen' from project 'Pods')
    cd /Users/sparkles/Documents/CodingFiles/FullStack/expensioApp/frontend/ios/Pods
    write-file /Users/sparkles/Library/Developer/Xcode/DerivedData/Expensio-futtgngxcysvvhcljmosbeftqmyc/Build/Intermediates.noindex/Pods.build/Debug-iphonesimulator/ReactCodegen.build/Script-46EB2E00021AD0.sh

WriteAuxiliaryFile /Users/sparkles/Library/Developer/Xcode/DerivedData/Expensio-futtgngxcysvvhcljmosbeftqmyc/Build/Intermediates.noindex/Pods.build/Debug-iphonesimulator/ReactCodegen.build/Script-46EB2E0001AAC0.sh (in target 'ReactCodegen' from project 'Pods')
    cd /Users/sparkles/Documents/CodingFiles/FullStack/expensioApp/frontend/ios/Pods
    write-file /Users/sparkles/Library/Developer/Xcode/DerivedData/Expensio-futtgngxcysvvhcljmosbeftqmyc/Build/Intermediates.noindex/Pods.build/Debug-iphonesimulator/ReactCodegen.build/Script-46EB2E0001AAC0.sh

WriteAuxiliaryFile /Users/sparkles/Library/Developer/Xcode/DerivedData/Expensio-futtgngxcysvvhcljmosbeftqmyc/Build/Intermediates.noindex/Pods.build/Debug-iphonesimulator/ReactCodegen.build/ReactCodegen.hmap (in target 'ReactCodegen' from project 'Pods')
    cd /Users/sparkles/Documents/CodingFiles/FullStack/expensioApp/frontend/ios/Pods
    write-file /Users/sparkles/Library/Developer/Xcode/DerivedData/Expensio-futtgngxcysvvhcljmosbeftqmyc/Build/Intermediates.noindex/Pods.build/Debug-iphonesimulator/ReactCodegen.build/ReactCodegen.hmap

WriteAuxiliaryFile /Users/sparkles/Library/Developer/Xcode/DerivedData/Expensio-futtgngxcysvvhcljmosbeftqmyc/Build/Intermediates.noindex/Pods.build/Debug-iphonesimulator/ReactCodegen.build/ReactCodegen.DependencyStaticMetadataFileList (in target 'ReactCodegen' from project 'Pods')
    cd /Users/sparkles/Documents/CodingFiles/FullStack/expensioApp/frontend/ios/Pods
    write-file /Users/sparkles/Library/Developer/Xcode/DerivedData/Expensio-futtgngxcysvvhcljmosbeftqmyc/Build/Intermediates.noindex/Pods.build/Debug-iphonesimulator/ReactCodegen.build/ReactCodegen.DependencyStaticMetadataFileList

WriteAuxiliaryFile /Users/sparkles/Library/Developer/Xcode/DerivedData/Expensio-futtgngxcysvvhcljmosbeftqmyc/Build/Intermediates.noindex/Pods.build/Debug-iphonesimulator/ReactCodegen.build/ReactCodegen.DependencyMetadataFileList (in target 'ReactCodegen' from project 'Pods')
    cd /Users/sparkles/Documents/CodingFiles/FullStack/expensioApp/frontend/ios/Pods
    write-file /Users/sparkles/Library/Developer/Xcode/DerivedData/Expensio-futtgngxcysvvhcljmosbeftqmyc/Build/Intermediates.noindex/Pods.build/Debug-iphonesimulator/ReactCodegen.build/ReactCodegen.DependencyMetadataFileList

WriteAuxiliaryFile /Users/sparkles/Library/Developer/Xcode/DerivedData/Expensio-futtgngxcysvvhcljmosbeftqmyc/Build/Intermediates.noindex/Pods.build/Debug-iphonesimulator/ReactCodegen.build/ReactCodegen-project-headers.hmap (in target 'ReactCodegen' from project 'Pods')
    cd /Users/sparkles/Documents/CodingFiles/FullStack/expensioApp/frontend/ios/Pods
    write-file /Users/sparkles/Library/Developer/Xcode/DerivedData/Expensio-futtgngxcysvvhcljmosbeftqmyc/Build/Intermediates.noindex/Pods.build/Debug-iphonesimulator/ReactCodegen.build/ReactCodegen-project-headers.hmap

WriteAuxiliaryFile /Users/sparkles/Library/Developer/Xcode/DerivedData/Expensio-futtgngxcysvvhcljmosbeftqmyc/Build/Intermediates.noindex/Pods.build/Debug-iphonesimulator/ReactCodegen.build/ReactCodegen-own-target-headers.hmap (in target 'ReactCodegen' from project 'Pods')
    cd /Users/sparkles/Documents/CodingFiles/FullStack/expensioApp/frontend/ios/Pods
    write-file /Users/sparkles/Library/Developer/Xcode/DerivedData/Expensio-futtgngxcysvvhcljmosbeftqmyc/Build/Intermediates.noindex/Pods.build/Debug-iphonesimulator/ReactCodegen.build/ReactCodegen-own-target-headers.hmap

WriteAuxiliaryFile /Users/sparkles/Library/Developer/Xcode/DerivedData/Expensio-futtgngxcysvvhcljmosbeftqmyc/Build/Intermediates.noindex/Pods.build/Debug-iphonesimulator/ReactCodegen.build/ReactCodegen-generated-files.hmap (in target 'ReactCodegen' from project 'Pods')
    cd /Users/sparkles/Documents/CodingFiles/FullStack/expensioApp/frontend/ios/Pods
    write-file /Users/sparkles/Library/Developer/Xcode/DerivedData/Expensio-futtgngxcysvvhcljmosbeftqmyc/Build/Intermediates.noindex/Pods.build/Debug-iphonesimulator/ReactCodegen.build/ReactCodegen-generated-files.hmap

WriteAuxiliaryFile /Users/sparkles/Library/Developer/Xcode/DerivedData/Expensio-futtgngxcysvvhcljmosbeftqmyc/Build/Intermediates.noindex/Pods.build/Debug-iphonesimulator/ReactCodegen.build/ReactCodegen-all-target-headers.hmap (in target 'ReactCodegen' from project 'Pods')
    cd /Users/sparkles/Documents/CodingFiles/FullStack/expensioApp/frontend/ios/Pods
    write-file /Users/sparkles/Library/Developer/Xcode/DerivedData/Expensio-futtgngxcysvvhcljmosbeftqmyc/Build/Intermediates.noindex/Pods.build/Debug-iphonesimulator/ReactCodegen.build/ReactCodegen-all-target-headers.hmap

WriteAuxiliaryFile /Users/sparkles/Library/Developer/Xcode/DerivedData/Expensio-futtgngxcysvvhcljmosbeftqmyc/Build/Intermediates.noindex/Pods.build/Debug-iphonesimulator/ReactCodegen.build/ReactCodegen-all-non-framework-target-headers.hmap (in target 'ReactCodegen' from project 'Pods')
    cd /Users/sparkles/Documents/CodingFiles/FullStack/expensioApp/frontend/ios/Pods
    write-file /Users/sparkles/Library/Developer/Xcode/DerivedData/Expensio-futtgngxcysvvhcljmosbeftqmyc/Build/Intermediates.noindex/Pods.build/Debug-iphonesimulator/ReactCodegen.build/ReactCodegen-all-non-framework-target-headers.hmap

WriteAuxiliaryFile /Users/sparkles/Library/Developer/Xcode/DerivedData/Expensio-futtgngxcysvvhcljmosbeftqmyc/Build/Intermediates.noindex/Pods.build/Debug-iphonesimulator/ReactCodegen.build/Objects-normal/x86_64/af3fcb34312c57c0f52879cdce924b91-common-args.resp (in target 'ReactCodegen' from project 'Pods')
    cd /Users/sparkles/Documents/CodingFiles/FullStack/expensioApp/frontend/ios/Pods
    write-file /Users/sparkles/Library/Developer/Xcode/DerivedData/Expensio-futtgngxcysvvhcljmosbeftqmyc/Build/Intermediates.noindex/Pods.build/Debug-iphonesimulator/ReactCodegen.build/Objects-normal/x86_64/af3fcb34312c57c0f52879cdce924b91-common-args.resp
'-std=c++20' '-stdlib=libc++' -fobjc-arc -fmodules -fno-cxx-modules '-fmodules-cache-path=/Users/sparkles/Library/Developer/Xcode/DerivedData/ModuleCache.noindex' '-D_LIBCPP_HARDENING_MODE=_LIBCPP_HARDENING_MODE_DEBUG' -fpascal-strings -O0 -fno-common '-DPOD_CONFIGURATION_DEBUG=1' '-DDEBUG=1' '-DCOCOAPODS=1' '-DOBJC_OLD_DISPATCH_PROTOTYPES=0' -fasm-blocks -g '-fobjc-abi-version=2' -fobjc-legacy-dispatch -iquote /Users/sparkles/Library/Developer/Xcode/DerivedData/Expensio-futtgngxcysvvhcljmosbeftqmyc/Build/Intermediates.noindex/Pods.build/Debug-iphonesimulator/ReactCodegen.build/ReactCodegen-generated-files.hmap -I/Users/sparkles/Library/Developer/Xcode/DerivedData/Expensio-futtgngxcysvvhcljmosbeftqmyc/Build/Intermediates.noindex/Pods.build/Debug-iphonesimulator/ReactCodegen.build/ReactCodegen-own-target-headers.hmap -I/Users/sparkles/Library/Developer/Xcode/DerivedData/Expensio-futtgngxcysvvhcljmosbeftqmyc/Build/Intermediates.noindex/Pods.build/Debug-iphonesimulator/ReactCodegen.build/ReactCodegen-all-non-framework-target-headers.hmap -ivfsoverlay /Users/sparkles/Library/Developer/Xcode/DerivedData/Expensio-futtgngxcysvvhcljmosbeftqmyc/Build/Intermediates.noindex/Pods.build/Debug-iphonesimulator/Pods-8699adb1dd336b26511df848a716bd42-VFS-iphonesimulator/all-product-headers.yaml -iquote /Users/sparkles/Library/Developer/Xcode/DerivedData/Expensio-futtgngxcysvvhcljmosbeftqmyc/Build/Intermediates.noindex/Pods.build/Debug-iphonesimulator/ReactCodegen.build/ReactCodegen-project-headers.hmap -I/Users/sparkles/Library/Developer/Xcode/DerivedData/Expensio-futtgngxcysvvhcljmosbeftqmyc/Build/Products/Debug-iphonesimulator/ReactCodegen/include -I/Users/sparkles/Documents/CodingFiles/FullStack/expensioApp/frontend/ios/Pods/Headers/Private -I/Users/sparkles/Documents/CodingFiles/FullStack/expensioApp/frontend/ios/Pods/Headers/Private/ReactCodegen -I/Users/sparkles/Documents/CodingFiles/FullStack/expensioApp/frontend/ios/Pods/Headers/Public -I/Users/sparkles/Documents/CodingFiles/FullStack/expensioApp/frontend/ios/Pods/Headers/Public/FBLazyVector -I/Users/sparkles/Documents/CodingFiles/FullStack/expensioApp/frontend/ios/Pods/Headers/Public/RCTRequired -I/Users/sparkles/Documents/CodingFiles/FullStack/expensioApp/frontend/ios/Pods/Headers/Public/RCTSwiftUIWrapper -I/Users/sparkles/Documents/CodingFiles/FullStack/expensioApp/frontend/ios/Pods/Headers/Public/RCTTypeSafety -I/Users/sparkles/Documents/CodingFiles/FullStack/expensioApp/frontend/ios/Pods/Headers/Public/React-Core -I/Users/sparkles/Documents/CodingFiles/FullStack/expensioApp/frontend/ios/Pods/Headers/Public/React-Core-prebuilt -I/Users/sparkles/Documents/CodingFiles/FullStack/expensioApp/frontend/ios/Pods/Headers/Public/React-CoreModules -I/Users/sparkles/Documents/CodingFiles/FullStack/expensioApp/frontend/ios/Pods/Headers/Public/React-Fabric -I/Users/sparkles/Documents/CodingFiles/FullStack/expensioApp/frontend/ios/Pods/Headers/Public/React-FabricComponents -I/Users/sparkles/Documents/CodingFiles/FullStack/expensioApp/frontend/ios/Pods/Headers/Public/React-FabricImage -I/Users/sparkles/Documents/CodingFiles/FullStack/expensioApp/frontend/ios/Pods/Headers/Public/React-ImageManager -I/Users/sparkles/Documents/CodingFiles/FullStack/expensioApp/frontend/ios/Pods/Headers/Public/React-Mapbuffer -I/Users/sparkles/Documents/CodingFiles/FullStack/expensioApp/frontend/ios/Pods/Headers/Public/React-NativeModulesApple -I/Users/sparkles/Documents/CodingFiles/FullStack/expensioApp/frontend/ios/Pods/Headers/Public/React-RCTAnimation -I/Users/sparkles/Documents/CodingFiles/FullStack/expensioApp/frontend/ios/Pods/Headers/Public/React-RCTBlob -I/Users/sparkles/Documents/CodingFiles/FullStack/expensioApp/frontend/ios/Pods/Headers/Public/React-RCTFBReactNativeSpec -I/Users/sparkles/Documents/CodingFiles/FullStack/expensioApp/frontend/ios/Pods/Headers/Public/React-RCTFabric -I/Users/sparkles/Documents/CodingFiles/FullStack/expensioApp/frontend/ios/Pods/Headers/Public/React-RCTImage -I/Users/sparkles/Documents/CodingFiles/FullStack/expensioApp/frontend/ios/Pods/Headers/Public/React-RCTRuntime -I/Users/sparkles/Documents/CodingFiles/FullStack/expensioApp/frontend/ios/Pods/Headers/Public/React-RCTText -I/Users/sparkles/Documents/CodingFiles/FullStack/expensioApp/frontend/ios/Pods/Headers/Public/React-RuntimeApple -I/Users/sparkles/Documents/CodingFiles/FullStack/expensioApp/frontend/ios/Pods/Headers/Public/React-RuntimeCore -I/Users/sparkles/Documents/CodingFiles/FullStack/expensioApp/frontend/ios/Pods/Headers/Public/React-RuntimeHermes -I/Users/sparkles/Documents/CodingFiles/FullStack/expensioApp/frontend/ios/Pods/Headers/Public/React-callinvoker -I/Users/sparkles/Documents/CodingFiles/FullStack/expensioApp/frontend/ios/Pods/Headers/Public/React-cxxreact -I/Users/sparkles/Documents/CodingFiles/FullStack/expensioApp/frontend/ios/Pods/Headers/Public/React-debug -I/Users/sparkles/Documents/CodingFiles/FullStack/expensioApp/frontend/ios/Pods/Headers/Public/React-defaultsnativemodule -I/Users/sparkles/Documents/CodingFiles/FullStack/expensioApp/frontend/ios/Pods/Headers/Public/React-domnativemodule -I/Users/sparkles/Documents/CodingFiles/FullStack/expensioApp/frontend/ios/Pods/Headers/Public/React-featureflags -I/Users/sparkles/Documents/CodingFiles/FullStack/expensioApp/frontend/ios/Pods/Headers/Public/React-featureflagsnativemodule -I/Users/sparkles/Documents/CodingFiles/FullStack/expensioApp/frontend/ios/Pods/Headers/Public/React-graphics -I/Users/sparkles/Documents/CodingFiles/FullStack/expensioApp/frontend/ios/Pods/Headers/Public/React-hermes -I/Users/sparkles/Documents/CodingFiles/FullStack/expensioApp/frontend/ios/Pods/Headers/Public/React-idlecallbacksnativemodule -I/Users/sparkles/Documents/CodingFiles/FullStack/expensioApp/frontend/ios/Pods/Headers/Public/React-intersectionobservernativemodule -I/Users/sparkles/Documents/CodingFiles/FullStack/expensioApp/frontend/ios/Pods/Headers/Public/React-jserrorhandler -I/Users/sparkles/Documents/CodingFiles/FullStack/expensioApp/frontend/ios/Pods/Headers/Public/React-jsi -I/Users/sparkles/Documents/CodingFiles/FullStack/expensioApp/frontend/ios/Pods/Headers/Public/React-jsiexecutor -I/Users/sparkles/Documents/CodingFiles/FullStack/expensioApp/frontend/ios/Pods/Headers/Public/React-jsinspector -I/Users/sparkles/Documents/CodingFiles/FullStack/expensioApp/frontend/ios/Pods/Headers/Public/React-jsinspectorcdp -I/Users/sparkles/Documents/CodingFiles/FullStack/expensioApp/frontend/ios/Pods/Headers/Public/React-jsinspectornetwork -I/Users/sparkles/Documents/CodingFiles/FullStack/expensioApp/frontend/ios/Pods/Headers/Public/React-jsinspectortracing -I/Users/sparkles/Documents/CodingFiles/FullStack/expensioApp/frontend/ios/Pods/Headers/Public/React-jsitooling -I/Users/sparkles/Documents/CodingFiles/FullStack/expensioApp/frontend/ios/Pods/Headers/Public/React-logger -I/Users/sparkles/Documents/CodingFiles/FullStack/expensioApp/frontend/ios/Pods/Headers/Public/React-microtasksnativemodule -I/Users/sparkles/Documents/CodingFiles/FullStack/expensioApp/frontend/ios/Pods/Headers/Public/React-mutationobservernativemodule -I/Users/sparkles/Documents/CodingFiles/FullStack/expensioApp/frontend/ios/Pods/Headers/Public/React-networking -I/Users/sparkles/Documents/CodingFiles/FullStack/expensioApp/frontend/ios/Pods/Headers/Public/React-oscompat -I/Users/sparkles/Documents/CodingFiles/FullStack/expensioApp/frontend/ios/Pods/Headers/Public/React-perflogger -I/Users/sparkles/Documents/CodingFiles/FullStack/expensioApp/frontend/ios/Pods/Headers/Public/React-performancecdpmetrics -I/Users/sparkles/Documents/CodingFiles/FullStack/expensioApp/frontend/ios/Pods/Headers/Public/React-performancetimeline -I/Users/sparkles/Documents/CodingFiles/FullStack/expensioApp/frontend/ios/Pods/Headers/Public/React-rendererconsistency -I/Users/sparkles/Documents/CodingFiles/FullStack/expensioApp/frontend/ios/Pods/Headers/Public/React-renderercss -I/Users/sparkles/Documents/CodingFiles/FullStack/expensioApp/frontend/ios/Pods/Headers/Public/React-rendererdebug -I/Users/sparkles/Documents/CodingFiles/FullStack/expensioApp/frontend/ios/Pods/Headers/Public/React-runtimeexecutor -I/Users/sparkles/Documents/CodingFiles/FullStack/expensioApp/frontend/ios/Pods/Headers/Public/React-runtimescheduler -I/Users/sparkles/Documents/CodingFiles/FullStack/expensioApp/frontend/ios/Pods/Headers/Public/React-timing -I/Users/sparkles/Documents/CodingFiles/FullStack/expensioApp/frontend/ios/Pods/Headers/Public/React-utils -I/Users/sparkles/Documents/CodingFiles/FullStack/expensioApp/frontend/ios/Pods/Headers/Public/React-viewtransitionnativemodule -I/Users/sparkles/Documents/CodingFiles/FullStack/expensioApp/frontend/ios/Pods/Headers/Public/React-webperformancenativemodule -I/Users/sparkles/Documents/CodingFiles/FullStack/expensioApp/frontend/ios/Pods/Headers/Public/ReactCodegen -I/Users/sparkles/Documents/CodingFiles/FullStack/expensioApp/frontend/ios/Pods/Headers/Public/ReactCommon -I/Users/sparkles/Documents/CodingFiles/FullStack/expensioApp/frontend/ios/Pods/Headers/Public/ReactNativeDependencies -I/Users/sparkles/Documents/CodingFiles/FullStack/expensioApp/frontend/ios/Pods/Headers/Public/Yoga -I/Users/sparkles/Documents/CodingFiles/FullStack/expensioApp/frontend/ios/Pods/Headers/Public/hermes-engine -I/Users/sparkles/Documents/CodingFiles/FullStack/expensioApp/frontend/ios/Pods/ReactNativeDependencies -I/Users/sparkles/Documents/CodingFiles/FullStack/expensioApp/frontend/ios/Pods/Headers/Public/ReactCodegen/react/renderer/components -I/Users/sparkles/Documents/CodingFiles/FullStack/expensioApp/frontend/ios/Pods/Headers/Private/React-Fabric -I/Users/sparkles/Documents/CodingFiles/FullStack/expensioApp/frontend/ios/Pods/Headers/Private/React-RCTFabric -I/Users/sparkles/Documents/CodingFiles/FullStack/expensioApp/frontend/ios/Pods/Headers/Private/Yoga -I/Users/sparkles/Documents/CodingFiles/FullStack/expensioApp/frontend/ios/build/generated/ios/ReactCodegen -I/Users/sparkles/Documents/CodingFiles/FullStack/expensioApp/frontend/ios/Pods/ExpoModulesCore/ExpoModulesCore.xcframework/ios-arm64_x86_64-simulator/ExpoModulesCore.framework/Headers -I/Users/sparkles/Documents/CodingFiles/FullStack/expensioApp/frontend/ios/Pods/ExpoModulesCore/ExpoModulesCore.xcframework/ios-arm64/ExpoModulesCore.framework/Headers -I/Users/sparkles/Documents/CodingFiles/FullStack/expensioApp/frontend/ios/Pods/ExpoModulesCore/ExpoModulesCore.xcframework/ios-arm64_x86_64-simulator/ExpoModulesCore.framework/Headers -I/Users/sparkles/Documents/CodingFiles/FullStack/expensioApp/frontend/ios/Pods/ExpoModulesCore/ExpoModulesCore.xcframework/ios-arm64/ExpoModulesCore.framework/Headers -I/Users/sparkles/Library/Developer/Xcode/DerivedData/Expensio-futtgngxcysvvhcljmosbeftqmyc/Build/Intermediates.noindex/Pods.build/Debug-iphonesimulator/ReactCodegen.build/DerivedSources-normal/x86_64 -I/Users/sparkles/Library/Developer/Xcode/DerivedData/Expensio-futtgngxcysvvhcljmosbeftqmyc/Build/Intermediates.noindex/Pods.build/Debug-iphonesimulator/ReactCodegen.build/DerivedSources/x86_64 -I/Users/sparkles/Library/Developer/Xcode/DerivedData/Expensio-futtgngxcysvvhcljmosbeftqmyc/Build/Intermediates.noindex/Pods.build/Debug-iphonesimulator/ReactCodegen.build/DerivedSources -F/Users/sparkles/Library/Developer/Xcode/DerivedData/Expensio-futtgngxcysvvhcljmosbeftqmyc/Build/Products/Debug-iphonesimulator/ReactCodegen -F/Users/sparkles/Documents/CodingFiles/FullStack/expensioApp/frontend/ios/Pods/React-Core-prebuilt -F/Users/sparkles/Documents/CodingFiles/FullStack/expensioApp/frontend/ios/Pods/ReactNativeDependencies/framework/packages/react-native -F/Users/sparkles/Documents/CodingFiles/FullStack/expensioApp/frontend/ios/Pods/hermes-engine/destroot/Library/Frameworks/universal -F/Users/sparkles/Library/Developer/Xcode/DerivedData/Expensio-futtgngxcysvvhcljmosbeftqmyc/Build/Products/Debug-iphonesimulator/XCFrameworkIntermediates/React-Core-prebuilt -F/Users/sparkles/Library/Developer/Xcode/DerivedData/Expensio-futtgngxcysvvhcljmosbeftqmyc/Build/Products/Debug-iphonesimulator/XCFrameworkIntermediates/ReactNativeDependencies -F/Users/sparkles/Library/Developer/Xcode/DerivedData/Expensio-futtgngxcysvvhcljmosbeftqmyc/Build/Products/Debug-iphonesimulator/XCFrameworkIntermediates/hermes-engine/Pre-built '-DRCT_REMOVE_LEGACY_ARCH=1' -ivfsoverlay /Users/sparkles/Documents/CodingFiles/FullStack/expensioApp/frontend/ios/Pods/React-Core-prebuilt/React-VFS.yaml '-DRCT_REMOVE_LEGACY_ARCH=1' '-DFOLLY_MOBILE=1' '-DFOLLY_USE_LIBCPP=1' '-DFOLLY_CFG_NO_COROUTINES=1' '-DFOLLY_HAVE_CLOCK_GETTIME=1' -ivfsoverlay /Users/sparkles/Documents/CodingFiles/FullStack/expensioApp/frontend/ios/Pods/React-Core-prebuilt/React-VFS.yaml

WriteAuxiliaryFile /Users/sparkles/Library/Developer/Xcode/DerivedData/Expensio-futtgngxcysvvhcljmosbeftqmyc/Build/Intermediates.noindex/Pods.build/Debug-iphonesimulator/ReactCodegen.build/Objects-normal/x86_64/e6072d4f65d7061329687fe24e3d63a7-common-args.resp (in target 'ReactCodegen' from project 'Pods')
    cd /Users/sparkles/Documents/CodingFiles/FullStack/expensioApp/frontend/ios/Pods
    write-file /Users/sparkles/Library/Developer/Xcode/DerivedData/Expensio-futtgngxcysvvhcljmosbeftqmyc/Build/Intermediates.noindex/Pods.build/Debug-iphonesimulator/ReactCodegen.build/Objects-normal/x86_64/e6072d4f65d7061329687fe24e3d63a7-common-args.resp
'-std=gnu11' -fobjc-arc -fmodules '-fmodules-cache-path=/Users/sparkles/Library/Developer/Xcode/DerivedData/ModuleCache.noindex' -fpascal-strings -O0 -fno-common '-DPOD_CONFIGURATION_DEBUG=1' '-DDEBUG=1' '-DCOCOAPODS=1' '-DOBJC_OLD_DISPATCH_PROTOTYPES=0' -fasm-blocks -g '-fobjc-abi-version=2' -fobjc-legacy-dispatch -iquote /Users/sparkles/Library/Developer/Xcode/DerivedData/Expensio-futtgngxcysvvhcljmosbeftqmyc/Build/Intermediates.noindex/Pods.build/Debug-iphonesimulator/ReactCodegen.build/ReactCodegen-generated-files.hmap -I/Users/sparkles/Library/Developer/Xcode/DerivedData/Expensio-futtgngxcysvvhcljmosbeftqmyc/Build/Intermediates.noindex/Pods.build/Debug-iphonesimulator/ReactCodegen.build/ReactCodegen-own-target-headers.hmap -I/Users/sparkles/Library/Developer/Xcode/DerivedData/Expensio-futtgngxcysvvhcljmosbeftqmyc/Build/Intermediates.noindex/Pods.build/Debug-iphonesimulator/ReactCodegen.build/ReactCodegen-all-non-framework-target-headers.hmap -ivfsoverlay /Users/sparkles/Library/Developer/Xcode/DerivedData/Expensio-futtgngxcysvvhcljmosbeftqmyc/Build/Intermediates.noindex/Pods.build/Debug-iphonesimulator/Pods-8699adb1dd336b26511df848a716bd42-VFS-iphonesimulator/all-product-headers.yaml -iquote /Users/sparkles/Library/Developer/Xcode/DerivedData/Expensio-futtgngxcysvvhcljmosbeftqmyc/Build/Intermediates.noindex/Pods.build/Debug-iphonesimulator/ReactCodegen.build/ReactCodegen-project-headers.hmap -I/Users/sparkles/Library/Developer/Xcode/DerivedData/Expensio-futtgngxcysvvhcljmosbeftqmyc/Build/Products/Debug-iphonesimulator/ReactCodegen/include -I/Users/sparkles/Documents/CodingFiles/FullStack/expensioApp/frontend/ios/Pods/Headers/Private -I/Users/sparkles/Documents/CodingFiles/FullStack/expensioApp/frontend/ios/Pods/Headers/Private/ReactCodegen -I/Users/sparkles/Documents/CodingFiles/FullStack/expensioApp/frontend/ios/Pods/Headers/Public -I/Users/sparkles/Documents/CodingFiles/FullStack/expensioApp/frontend/ios/Pods/Headers/Public/FBLazyVector -I/Users/sparkles/Documents/CodingFiles/FullStack/expensioApp/frontend/ios/Pods/Headers/Public/RCTRequired -I/Users/sparkles/Documents/CodingFiles/FullStack/expensioApp/frontend/ios/Pods/Headers/Public/RCTSwiftUIWrapper -I/Users/sparkles/Documents/CodingFiles/FullStack/expensioApp/frontend/ios/Pods/Headers/Public/RCTTypeSafety -I/Users/sparkles/Documents/CodingFiles/FullStack/expensioApp/frontend/ios/Pods/Headers/Public/React-Core -I/Users/sparkles/Documents/CodingFiles/FullStack/expensioApp/frontend/ios/Pods/Headers/Public/React-Core-prebuilt -I/Users/sparkles/Documents/CodingFiles/FullStack/expensioApp/frontend/ios/Pods/Headers/Public/React-CoreModules -I/Users/sparkles/Documents/CodingFiles/FullStack/expensioApp/frontend/ios/Pods/Headers/Public/React-Fabric -I/Users/sparkles/Documents/CodingFiles/FullStack/expensioApp/frontend/ios/Pods/Headers/Public/React-FabricComponents -I/Users/sparkles/Documents/CodingFiles/FullStack/expensioApp/frontend/ios/Pods/Headers/Public/React-FabricImage -I/Users/sparkles/Documents/CodingFiles/FullStack/expensioApp/frontend/ios/Pods/Headers/Public/React-ImageManager -I/Users/sparkles/Documents/CodingFiles/FullStack/expensioApp/frontend/ios/Pods/Headers/Public/React-Mapbuffer -I/Users/sparkles/Documents/CodingFiles/FullStack/expensioApp/frontend/ios/Pods/Headers/Public/React-NativeModulesApple -I/Users/sparkles/Documents/CodingFiles/FullStack/expensioApp/frontend/ios/Pods/Headers/Public/React-RCTAnimation -I/Users/sparkles/Documents/CodingFiles/FullStack/expensioApp/frontend/ios/Pods/Headers/Public/React-RCTBlob -I/Users/sparkles/Documents/CodingFiles/FullStack/expensioApp/frontend/ios/Pods/Headers/Public/React-RCTFBReactNativeSpec -I/Users/sparkles/Documents/CodingFiles/FullStack/expensioApp/frontend/ios/Pods/Headers/Public/React-RCTFabric -I/Users/sparkles/Documents/CodingFiles/FullStack/expensioApp/frontend/ios/Pods/Headers/Public/React-RCTImage -I/Users/sparkles/Documents/CodingFiles/FullStack/expensioApp/frontend/ios/Pods/Headers/Public/React-RCTRuntime -I/Users/sparkles/Documents/CodingFiles/FullStack/expensioApp/frontend/ios/Pods/Headers/Public/React-RCTText -I/Users/sparkles/Documents/CodingFiles/FullStack/expensioApp/frontend/ios/Pods/Headers/Public/React-RuntimeApple -I/Users/sparkles/Documents/CodingFiles/FullStack/expensioApp/frontend/ios/Pods/Headers/Public/React-RuntimeCore -I/Users/sparkles/Documents/CodingFiles/FullStack/expensioApp/frontend/ios/Pods/Headers/Public/React-RuntimeHermes -I/Users/sparkles/Documents/CodingFiles/FullStack/expensioApp/frontend/ios/Pods/Headers/Public/React-callinvoker -I/Users/sparkles/Documents/CodingFiles/FullStack/expensioApp/frontend/ios/Pods/Headers/Public/React-cxxreact -I/Users/sparkles/Documents/CodingFiles/FullStack/expensioApp/frontend/ios/Pods/Headers/Public/React-debug -I/Users/sparkles/Documents/CodingFiles/FullStack/expensioApp/frontend/ios/Pods/Headers/Public/React-defaultsnativemodule -I/Users/sparkles/Documents/CodingFiles/FullStack/expensioApp/frontend/ios/Pods/Headers/Public/React-domnativemodule -I/Users/sparkles/Documents/CodingFiles/FullStack/expensioApp/frontend/ios/Pods/Headers/Public/React-featureflags -I/Users/sparkles/Documents/CodingFiles/FullStack/expensioApp/frontend/ios/Pods/Headers/Public/React-featureflagsnativemodule -I/Users/sparkles/Documents/CodingFiles/FullStack/expensioApp/frontend/ios/Pods/Headers/Public/React-graphics -I/Users/sparkles/Documents/CodingFiles/FullStack/expensioApp/frontend/ios/Pods/Headers/Public/React-hermes -I/Users/sparkles/Documents/CodingFiles/FullStack/expensioApp/frontend/ios/Pods/Headers/Public/React-idlecallbacksnativemodule -I/Users/sparkles/Documents/CodingFiles/FullStack/expensioApp/frontend/ios/Pods/Headers/Public/React-intersectionobservernativemodule -I/Users/sparkles/Documents/CodingFiles/FullStack/expensioApp/frontend/ios/Pods/Headers/Public/React-jserrorhandler -I/Users/sparkles/Documents/CodingFiles/FullStack/expensioApp/frontend/ios/Pods/Headers/Public/React-jsi -I/Users/sparkles/Documents/CodingFiles/FullStack/expensioApp/frontend/ios/Pods/Headers/Public/React-jsiexecutor -I/Users/sparkles/Documents/CodingFiles/FullStack/expensioApp/frontend/ios/Pods/Headers/Public/React-jsinspector -I/Users/sparkles/Documents/CodingFiles/FullStack/expensioApp/frontend/ios/Pods/Headers/Public/React-jsinspectorcdp -I/Users/sparkles/Documents/CodingFiles/FullStack/expensioApp/frontend/ios/Pods/Headers/Public/React-jsinspectornetwork -I/Users/sparkles/Documents/CodingFiles/FullStack/expensioApp/frontend/ios/Pods/Headers/Public/React-jsinspectortracing -I/Users/sparkles/Documents/CodingFiles/FullStack/expensioApp/frontend/ios/Pods/Headers/Public/React-jsitooling -I/Users/sparkles/Documents/CodingFiles/FullStack/expensioApp/frontend/ios/Pods/Headers/Public/React-logger -I/Users/sparkles/Documents/CodingFiles/FullStack/expensioApp/frontend/ios/Pods/Headers/Public/React-microtasksnativemodule -I/Users/sparkles/Documents/CodingFiles/FullStack/expensioApp/frontend/ios/Pods/Headers/Public/React-mutationobservernativemodule -I/Users/sparkles/Documents/CodingFiles/FullStack/expensioApp/frontend/ios/Pods/Headers/Public/React-networking -I/Users/sparkles/Documents/CodingFiles/FullStack/expensioApp/frontend/ios/Pods/Headers/Public/React-oscompat -I/Users/sparkles/Documents/CodingFiles/FullStack/expensioApp/frontend/ios/Pods/Headers/Public/React-perflogger -I/Users/sparkles/Documents/CodingFiles/FullStack/expensioApp/frontend/ios/Pods/Headers/Public/React-performancecdpmetrics -I/Users/sparkles/Documents/CodingFiles/FullStack/expensioApp/frontend/ios/Pods/Headers/Public/React-performancetimeline -I/Users/sparkles/Documents/CodingFiles/FullStack/expensioApp/frontend/ios/Pods/Headers/Public/React-rendererconsistency -I/Users/sparkles/Documents/CodingFiles/FullStack/expensioApp/frontend/ios/Pods/Headers/Public/React-renderercss -I/Users/sparkles/Documents/CodingFiles/FullStack/expensioApp/frontend/ios/Pods/Headers/Public/React-rendererdebug -I/Users/sparkles/Documents/CodingFiles/FullStack/expensioApp/frontend/ios/Pods/Headers/Public/React-runtimeexecutor -I/Users/sparkles/Documents/CodingFiles/FullStack/expensioApp/frontend/ios/Pods/Headers/Public/React-runtimescheduler -I/Users/sparkles/Documents/CodingFiles/FullStack/expensioApp/frontend/ios/Pods/Headers/Public/React-timing -I/Users/sparkles/Documents/CodingFiles/FullStack/expensioApp/frontend/ios/Pods/Headers/Public/React-utils -I/Users/sparkles/Documents/CodingFiles/FullStack/expensioApp/frontend/ios/Pods/Headers/Public/React-viewtransitionnativemodule -I/Users/sparkles/Documents/CodingFiles/FullStack/expensioApp/frontend/ios/Pods/Headers/Public/React-webperformancenativemodule -I/Users/sparkles/Documents/CodingFiles/FullStack/expensioApp/frontend/ios/Pods/Headers/Public/ReactCodegen -I/Users/sparkles/Documents/CodingFiles/FullStack/expensioApp/frontend/ios/Pods/Headers/Public/ReactCommon -I/Users/sparkles/Documents/CodingFiles/FullStack/expensioApp/frontend/ios/Pods/Headers/Public/ReactNativeDependencies -I/Users/sparkles/Documents/CodingFiles/FullStack/expensioApp/frontend/ios/Pods/Headers/Public/Yoga -I/Users/sparkles/Documents/CodingFiles/FullStack/expensioApp/frontend/ios/Pods/Headers/Public/hermes-engine -I/Users/sparkles/Documents/CodingFiles/FullStack/expensioApp/frontend/ios/Pods/ReactNativeDependencies -I/Users/sparkles/Documents/CodingFiles/FullStack/expensioApp/frontend/ios/Pods/Headers/Public/ReactCodegen/react/renderer/components -I/Users/sparkles/Documents/CodingFiles/FullStack/expensioApp/frontend/ios/Pods/Headers/Private/React-Fabric -I/Users/sparkles/Documents/CodingFiles/FullStack/expensioApp/frontend/ios/Pods/Headers/Private/React-RCTFabric -I/Users/sparkles/Documents/CodingFiles/FullStack/expensioApp/frontend/ios/Pods/Headers/Private/Yoga -I/Users/sparkles/Documents/CodingFiles/FullStack/expensioApp/frontend/ios/build/generated/ios/ReactCodegen -I/Users/sparkles/Documents/CodingFiles/FullStack/expensioApp/frontend/ios/Pods/ExpoModulesCore/ExpoModulesCore.xcframework/ios-arm64_x86_64-simulator/ExpoModulesCore.framework/Headers -I/Users/sparkles/Documents/CodingFiles/FullStack/expensioApp/frontend/ios/Pods/ExpoModulesCore/ExpoModulesCore.xcframework/ios-arm64/ExpoModulesCore.framework/Headers -I/Users/sparkles/Documents/CodingFiles/FullStack/expensioApp/frontend/ios/Pods/ExpoModulesCore/ExpoModulesCore.xcframework/ios-arm64_x86_64-simulator/ExpoModulesCore.framework/Headers -I/Users/sparkles/Documents/CodingFiles/FullStack/expensioApp/frontend/ios/Pods/ExpoModulesCore/ExpoModulesCore.xcframework/ios-arm64/ExpoModulesCore.framework/Headers -I/Users/sparkles/Library/Developer/Xcode/DerivedData/Expensio-futtgngxcysvvhcljmosbeftqmyc/Build/Intermediates.noindex/Pods.build/Debug-iphonesimulator/ReactCodegen.build/DerivedSources-normal/x86_64 -I/Users/sparkles/Library/Developer/Xcode/DerivedData/Expensio-futtgngxcysvvhcljmosbeftqmyc/Build/Intermediates.noindex/Pods.build/Debug-iphonesimulator/ReactCodegen.build/DerivedSources/x86_64 -I/Users/sparkles/Library/Developer/Xcode/DerivedData/Expensio-futtgngxcysvvhcljmosbeftqmyc/Build/Intermediates.noindex/Pods.build/Debug-iphonesimulator/ReactCodegen.build/DerivedSources -F/Users/sparkles/Library/Developer/Xcode/DerivedData/Expensio-futtgngxcysvvhcljmosbeftqmyc/Build/Products/Debug-iphonesimulator/ReactCodegen -F/Users/sparkles/Documents/CodingFiles/FullStack/expensioApp/frontend/ios/Pods/React-Core-prebuilt -F/Users/sparkles/Documents/CodingFiles/FullStack/expensioApp/frontend/ios/Pods/ReactNativeDependencies/framework/packages/react-native -F/Users/sparkles/Documents/CodingFiles/FullStack/expensioApp/frontend/ios/Pods/hermes-engine/destroot/Library/Frameworks/universal -F/Users/sparkles/Library/Developer/Xcode/DerivedData/Expensio-futtgngxcysvvhcljmosbeftqmyc/Build/Products/Debug-iphonesimulator/XCFrameworkIntermediates/React-Core-prebuilt -F/Users/sparkles/Library/Developer/Xcode/DerivedData/Expensio-futtgngxcysvvhcljmosbeftqmyc/Build/Products/Debug-iphonesimulator/XCFrameworkIntermediates/ReactNativeDependencies -F/Users/sparkles/Library/Developer/Xcode/DerivedData/Expensio-futtgngxcysvvhcljmosbeftqmyc/Build/Products/Debug-iphonesimulator/XCFrameworkIntermediates/hermes-engine/Pre-built '-DRCT_REMOVE_LEGACY_ARCH=1' -ivfsoverlay /Users/sparkles/Documents/CodingFiles/FullStack/expensioApp/frontend/ios/Pods/React-Core-prebuilt/React-VFS.yaml

WriteAuxiliaryFile /Users/sparkles/Library/Developer/Xcode/DerivedData/Expensio-futtgngxcysvvhcljmosbeftqmyc/Build/Intermediates.noindex/Pods.build/Debug-iphonesimulator/ReactCodegen.build/Objects-normal/x86_64/ReactCodegen.LinkFileList (in target 'ReactCodegen' from project 'Pods')
    cd /Users/sparkles/Documents/CodingFiles/FullStack/expensioApp/frontend/ios/Pods
    write-file /Users/sparkles/Library/Developer/Xcode/DerivedData/Expensio-futtgngxcysvvhcljmosbeftqmyc/Build/Intermediates.noindex/Pods.build/Debug-iphonesimulator/ReactCodegen.build/Objects-normal/x86_64/ReactCodegen.LinkFileList

WriteAuxiliaryFile /Users/sparkles/Library/Developer/Xcode/DerivedData/Expensio-futtgngxcysvvhcljmosbeftqmyc/Build/Intermediates.noindex/Pods.build/Debug-iphonesimulator/ReactCodegen.build/Objects-normal/x86_64/82b82416624d2658e5098eb0a28c15c5-common-args.resp (in target 'ReactCodegen' from project 'Pods')
    cd /Users/sparkles/Documents/CodingFiles/FullStack/expensioApp/frontend/ios/Pods
    write-file /Users/sparkles/Library/Developer/Xcode/DerivedData/Expensio-futtgngxcysvvhcljmosbeftqmyc/Build/Intermediates.noindex/Pods.build/Debug-iphonesimulator/ReactCodegen.build/Objects-normal/x86_64/82b82416624d2658e5098eb0a28c15c5-common-args.resp
'-std=c++20' '-stdlib=libc++' -fmodules -fno-cxx-modules '-fmodules-cache-path=/Users/sparkles/Library/Developer/Xcode/DerivedData/ModuleCache.noindex' '-D_LIBCPP_HARDENING_MODE=_LIBCPP_HARDENING_MODE_DEBUG' -fpascal-strings -O0 -fno-common '-DPOD_CONFIGURATION_DEBUG=1' '-DDEBUG=1' '-DCOCOAPODS=1' -fasm-blocks -g -iquote /Users/sparkles/Library/Developer/Xcode/DerivedData/Expensio-futtgngxcysvvhcljmosbeftqmyc/Build/Intermediates.noindex/Pods.build/Debug-iphonesimulator/ReactCodegen.build/ReactCodegen-generated-files.hmap -I/Users/sparkles/Library/Developer/Xcode/DerivedData/Expensio-futtgngxcysvvhcljmosbeftqmyc/Build/Intermediates.noindex/Pods.build/Debug-iphonesimulator/ReactCodegen.build/ReactCodegen-own-target-headers.hmap -I/Users/sparkles/Library/Developer/Xcode/DerivedData/Expensio-futtgngxcysvvhcljmosbeftqmyc/Build/Intermediates.noindex/Pods.build/Debug-iphonesimulator/ReactCodegen.build/ReactCodegen-all-non-framework-target-headers.hmap -ivfsoverlay /Users/sparkles/Library/Developer/Xcode/DerivedData/Expensio-futtgngxcysvvhcljmosbeftqmyc/Build/Intermediates.noindex/Pods.build/Debug-iphonesimulator/Pods-8699adb1dd336b26511df848a716bd42-VFS-iphonesimulator/all-product-headers.yaml -iquote /Users/sparkles/Library/Developer/Xcode/DerivedData/Expensio-futtgngxcysvvhcljmosbeftqmyc/Build/Intermediates.noindex/Pods.build/Debug-iphonesimulator/ReactCodegen.build/ReactCodegen-project-headers.hmap -I/Users/sparkles/Library/Developer/Xcode/DerivedData/Expensio-futtgngxcysvvhcljmosbeftqmyc/Build/Products/Debug-iphonesimulator/ReactCodegen/include -I/Users/sparkles/Documents/CodingFiles/FullStack/expensioApp/frontend/ios/Pods/Headers/Private -I/Users/sparkles/Documents/CodingFiles/FullStack/expensioApp/frontend/ios/Pods/Headers/Private/ReactCodegen -I/Users/sparkles/Documents/CodingFiles/FullStack/expensioApp/frontend/ios/Pods/Headers/Public -I/Users/sparkles/Documents/CodingFiles/FullStack/expensioApp/frontend/ios/Pods/Headers/Public/FBLazyVector -I/Users/sparkles/Documents/CodingFiles/FullStack/expensioApp/frontend/ios/Pods/Headers/Public/RCTRequired -I/Users/sparkles/Documents/CodingFiles/FullStack/expensioApp/frontend/ios/Pods/Headers/Public/RCTSwiftUIWrapper -I/Users/sparkles/Documents/CodingFiles/FullStack/expensioApp/frontend/ios/Pods/Headers/Public/RCTTypeSafety -I/Users/sparkles/Documents/CodingFiles/FullStack/expensioApp/frontend/ios/Pods/Headers/Public/React-Core -I/Users/sparkles/Documents/CodingFiles/FullStack/expensioApp/frontend/ios/Pods/Headers/Public/React-Core-prebuilt -I/Users/sparkles/Documents/CodingFiles/FullStack/expensioApp/frontend/ios/Pods/Headers/Public/React-CoreModules -I/Users/sparkles/Documents/CodingFiles/FullStack/expensioApp/frontend/ios/Pods/Headers/Public/React-Fabric -I/Users/sparkles/Documents/CodingFiles/FullStack/expensioApp/frontend/ios/Pods/Headers/Public/React-FabricComponents -I/Users/sparkles/Documents/CodingFiles/FullStack/expensioApp/frontend/ios/Pods/Headers/Public/React-FabricImage -I/Users/sparkles/Documents/CodingFiles/FullStack/expensioApp/frontend/ios/Pods/Headers/Public/React-ImageManager -I/Users/sparkles/Documents/CodingFiles/FullStack/expensioApp/frontend/ios/Pods/Headers/Public/React-Mapbuffer -I/Users/sparkles/Documents/CodingFiles/FullStack/expensioApp/frontend/ios/Pods/Headers/Public/React-NativeModulesApple -I/Users/sparkles/Documents/CodingFiles/FullStack/expensioApp/frontend/ios/Pods/Headers/Public/React-RCTAnimation -I/Users/sparkles/Documents/CodingFiles/FullStack/expensioApp/frontend/ios/Pods/Headers/Public/React-RCTBlob -I/Users/sparkles/Documents/CodingFiles/FullStack/expensioApp/frontend/ios/Pods/Headers/Public/React-RCTFBReactNativeSpec -I/Users/sparkles/Documents/CodingFiles/FullStack/expensioApp/frontend/ios/Pods/Headers/Public/React-RCTFabric -I/Users/sparkles/Documents/CodingFiles/FullStack/expensioApp/frontend/ios/Pods/Headers/Public/React-RCTImage -I/Users/sparkles/Documents/CodingFiles/FullStack/expensioApp/frontend/ios/Pods/Headers/Public/React-RCTRuntime -I/Users/sparkles/Documents/CodingFiles/FullStack/expensioApp/frontend/ios/Pods/Headers/Public/React-RCTText -I/Users/sparkles/Documents/CodingFiles/FullStack/expensioApp/frontend/ios/Pods/Headers/Public/React-RuntimeApple -I/Users/sparkles/Documents/CodingFiles/FullStack/expensioApp/frontend/ios/Pods/Headers/Public/React-RuntimeCore -I/Users/sparkles/Documents/CodingFiles/FullStack/expensioApp/frontend/ios/Pods/Headers/Public/React-RuntimeHermes -I/Users/sparkles/Documents/CodingFiles/FullStack/expensioApp/frontend/ios/Pods/Headers/Public/React-callinvoker -I/Users/sparkles/Documents/CodingFiles/FullStack/expensioApp/frontend/ios/Pods/Headers/Public/React-cxxreact -I/Users/sparkles/Documents/CodingFiles/FullStack/expensioApp/frontend/ios/Pods/Headers/Public/React-debug -I/Users/sparkles/Documents/CodingFiles/FullStack/expensioApp/frontend/ios/Pods/Headers/Public/React-defaultsnativemodule -I/Users/sparkles/Documents/CodingFiles/FullStack/expensioApp/frontend/ios/Pods/Headers/Public/React-domnativemodule -I/Users/sparkles/Documents/CodingFiles/FullStack/expensioApp/frontend/ios/Pods/Headers/Public/React-featureflags -I/Users/sparkles/Documents/CodingFiles/FullStack/expensioApp/frontend/ios/Pods/Headers/Public/React-featureflagsnativemodule -I/Users/sparkles/Documents/CodingFiles/FullStack/expensioApp/frontend/ios/Pods/Headers/Public/React-graphics -I/Users/sparkles/Documents/CodingFiles/FullStack/expensioApp/frontend/ios/Pods/Headers/Public/React-hermes -I/Users/sparkles/Documents/CodingFiles/FullStack/expensioApp/frontend/ios/Pods/Headers/Public/React-idlecallbacksnativemodule -I/Users/sparkles/Documents/CodingFiles/FullStack/expensioApp/frontend/ios/Pods/Headers/Public/React-intersectionobservernativemodule -I/Users/sparkles/Documents/CodingFiles/FullStack/expensioApp/frontend/ios/Pods/Headers/Public/React-jserrorhandler -I/Users/sparkles/Documents/CodingFiles/FullStack/expensioApp/frontend/ios/Pods/Headers/Public/React-jsi -I/Users/sparkles/Documents/CodingFiles/FullStack/expensioApp/frontend/ios/Pods/Headers/Public/React-jsiexecutor -I/Users/sparkles/Documents/CodingFiles/FullStack/expensioApp/frontend/ios/Pods/Headers/Public/React-jsinspector -I/Users/sparkles/Documents/CodingFiles/FullStack/expensioApp/frontend/ios/Pods/Headers/Public/React-jsinspectorcdp -I/Users/sparkles/Documents/CodingFiles/FullStack/expensioApp/frontend/ios/Pods/Headers/Public/React-jsinspectornetwork -I/Users/sparkles/Documents/CodingFiles/FullStack/expensioApp/frontend/ios/Pods/Headers/Public/React-jsinspectortracing -I/Users/sparkles/Documents/CodingFiles/FullStack/expensioApp/frontend/ios/Pods/Headers/Public/React-jsitooling -I/Users/sparkles/Documents/CodingFiles/FullStack/expensioApp/frontend/ios/Pods/Headers/Public/React-logger -I/Users/sparkles/Documents/CodingFiles/FullStack/expensioApp/frontend/ios/Pods/Headers/Public/React-microtasksnativemodule -I/Users/sparkles/Documents/CodingFiles/FullStack/expensioApp/frontend/ios/Pods/Headers/Public/React-mutationobservernativemodule -I/Users/sparkles/Documents/CodingFiles/FullStack/expensioApp/frontend/ios/Pods/Headers/Public/React-networking -I/Users/sparkles/Documents/CodingFiles/FullStack/expensioApp/frontend/ios/Pods/Headers/Public/React-oscompat -I/Users/sparkles/Documents/CodingFiles/FullStack/expensioApp/frontend/ios/Pods/Headers/Public/React-perflogger -I/Users/sparkles/Documents/CodingFiles/FullStack/expensioApp/frontend/ios/Pods/Headers/Public/React-performancecdpmetrics -I/Users/sparkles/Documents/CodingFiles/FullStack/expensioApp/frontend/ios/Pods/Headers/Public/React-performancetimeline -I/Users/sparkles/Documents/CodingFiles/FullStack/expensioApp/frontend/ios/Pods/Headers/Public/React-rendererconsistency -I/Users/sparkles/Documents/CodingFiles/FullStack/expensioApp/frontend/ios/Pods/Headers/Public/React-renderercss -I/Users/sparkles/Documents/CodingFiles/FullStack/expensioApp/frontend/ios/Pods/Headers/Public/React-rendererdebug -I/Users/sparkles/Documents/CodingFiles/FullStack/expensioApp/frontend/ios/Pods/Headers/Public/React-runtimeexecutor -I/Users/sparkles/Documents/CodingFiles/FullStack/expensioApp/frontend/ios/Pods/Headers/Public/React-runtimescheduler -I/Users/sparkles/Documents/CodingFiles/FullStack/expensioApp/frontend/ios/Pods/Headers/Public/React-timing -I/Users/sparkles/Documents/CodingFiles/FullStack/expensioApp/frontend/ios/Pods/Headers/Public/React-utils -I/Users/sparkles/Documents/CodingFiles/FullStack/expensioApp/frontend/ios/Pods/Headers/Public/React-viewtransitionnativemodule -I/Users/sparkles/Documents/CodingFiles/FullStack/expensioApp/frontend/ios/Pods/Headers/Public/React-webperformancenativemodule -I/Users/sparkles/Documents/CodingFiles/FullStack/expensioApp/frontend/ios/Pods/Headers/Public/ReactCodegen -I/Users/sparkles/Documents/CodingFiles/FullStack/expensioApp/frontend/ios/Pods/Headers/Public/ReactCommon -I/Users/sparkles/Documents/CodingFiles/FullStack/expensioApp/frontend/ios/Pods/Headers/Public/ReactNativeDependencies -I/Users/sparkles/Documents/CodingFiles/FullStack/expensioApp/frontend/ios/Pods/Headers/Public/Yoga -I/Users/sparkles/Documents/CodingFiles/FullStack/expensioApp/frontend/ios/Pods/Headers/Public/hermes-engine -I/Users/sparkles/Documents/CodingFiles/FullStack/expensioApp/frontend/ios/Pods/ReactNativeDependencies -I/Users/sparkles/Documents/CodingFiles/FullStack/expensioApp/frontend/ios/Pods/Headers/Public/ReactCodegen/react/renderer/components -I/Users/sparkles/Documents/CodingFiles/FullStack/expensioApp/frontend/ios/Pods/Headers/Private/React-Fabric -I/Users/sparkles/Documents/CodingFiles/FullStack/expensioApp/frontend/ios/Pods/Headers/Private/React-RCTFabric -I/Users/sparkles/Documents/CodingFiles/FullStack/expensioApp/frontend/ios/Pods/Headers/Private/Yoga -I/Users/sparkles/Documents/CodingFiles/FullStack/expensioApp/frontend/ios/build/generated/ios/ReactCodegen -I/Users/sparkles/Documents/CodingFiles/FullStack/expensioApp/frontend/ios/Pods/ExpoModulesCore/ExpoModulesCore.xcframework/ios-arm64_x86_64-simulator/ExpoModulesCore.framework/Headers -I/Users/sparkles/Documents/CodingFiles/FullStack/expensioApp/frontend/ios/Pods/ExpoModulesCore/ExpoModulesCore.xcframework/ios-arm64/ExpoModulesCore.framework/Headers -I/Users/sparkles/Documents/CodingFiles/FullStack/expensioApp/frontend/ios/Pods/ExpoModulesCore/ExpoModulesCore.xcframework/ios-arm64_x86_64-simulator/ExpoModulesCore.framework/Headers -I/Users/sparkles/Documents/CodingFiles/FullStack/expensioApp/frontend/ios/Pods/ExpoModulesCore/ExpoModulesCore.xcframework/ios-arm64/ExpoModulesCore.framework/Headers -I/Users/sparkles/Library/Developer/Xcode/DerivedData/Expensio-futtgngxcysvvhcljmosbeftqmyc/Build/Intermediates.noindex/Pods.build/Debug-iphonesimulator/ReactCodegen.build/DerivedSources-normal/x86_64 -I/Users/sparkles/Library/Developer/Xcode/DerivedData/Expensio-futtgngxcysvvhcljmosbeftqmyc/Build/Intermediates.noindex/Pods.build/Debug-iphonesimulator/ReactCodegen.build/DerivedSources/x86_64 -I/Users/sparkles/Library/Developer/Xcode/DerivedData/Expensio-futtgngxcysvvhcljmosbeftqmyc/Build/Intermediates.noindex/Pods.build/Debug-iphonesimulator/ReactCodegen.build/DerivedSources -F/Users/sparkles/Library/Developer/Xcode/DerivedData/Expensio-futtgngxcysvvhcljmosbeftqmyc/Build/Products/Debug-iphonesimulator/ReactCodegen -F/Users/sparkles/Documents/CodingFiles/FullStack/expensioApp/frontend/ios/Pods/React-Core-prebuilt -F/Users/sparkles/Documents/CodingFiles/FullStack/expensioApp/frontend/ios/Pods/ReactNativeDependencies/framework/packages/react-native -F/Users/sparkles/Documents/CodingFiles/FullStack/expensioApp/frontend/ios/Pods/hermes-engine/destroot/Library/Frameworks/universal -F/Users/sparkles/Library/Developer/Xcode/DerivedData/Expensio-futtgngxcysvvhcljmosbeftqmyc/Build/Products/Debug-iphonesimulator/XCFrameworkIntermediates/React-Core-prebuilt -F/Users/sparkles/Library/Developer/Xcode/DerivedData/Expensio-futtgngxcysvvhcljmosbeftqmyc/Build/Products/Debug-iphonesimulator/XCFrameworkIntermediates/ReactNativeDependencies -F/Users/sparkles/Library/Developer/Xcode/DerivedData/Expensio-futtgngxcysvvhcljmosbeftqmyc/Build/Products/Debug-iphonesimulator/XCFrameworkIntermediates/hermes-engine/Pre-built '-DRCT_REMOVE_LEGACY_ARCH=1' -ivfsoverlay /Users/sparkles/Documents/CodingFiles/FullStack/expensioApp/frontend/ios/Pods/React-Core-prebuilt/React-VFS.yaml '-DRCT_REMOVE_LEGACY_ARCH=1' '-DFOLLY_MOBILE=1' '-DFOLLY_USE_LIBCPP=1' '-DFOLLY_CFG_NO_COROUTINES=1' '-DFOLLY_HAVE_CLOCK_GETTIME=1' -ivfsoverlay /Users/sparkles/Documents/CodingFiles/FullStack/expensioApp/frontend/ios/Pods/React-Core-prebuilt/React-VFS.yaml

WriteAuxiliaryFile /Users/sparkles/Library/Developer/Xcode/DerivedData/Expensio-futtgngxcysvvhcljmosbeftqmyc/Build/Intermediates.noindex/Pods.build/Debug-iphonesimulator/ReactCodegen.build/Objects-normal/arm64/e6072d4f65d7061329687fe24e3d63a7-common-args.resp (in target 'ReactCodegen' from project 'Pods')
    cd /Users/sparkles/Documents/CodingFiles/FullStack/expensioApp/frontend/ios/Pods
    write-file /Users/sparkles/Library/Developer/Xcode/DerivedData/Expensio-futtgngxcysvvhcljmosbeftqmyc/Build/Intermediates.noindex/Pods.build/Debug-iphonesimulator/ReactCodegen.build/Objects-normal/arm64/e6072d4f65d7061329687fe24e3d63a7-common-args.resp
'-std=gnu11' -fobjc-arc -fmodules '-fmodules-cache-path=/Users/sparkles/Library/Developer/Xcode/DerivedData/ModuleCache.noindex' -fpascal-strings -O0 -fno-common '-DPOD_CONFIGURATION_DEBUG=1' '-DDEBUG=1' '-DCOCOAPODS=1' '-DOBJC_OLD_DISPATCH_PROTOTYPES=0' -g '-fobjc-abi-version=2' -fobjc-legacy-dispatch -iquote /Users/sparkles/Library/Developer/Xcode/DerivedData/Expensio-futtgngxcysvvhcljmosbeftqmyc/Build/Intermediates.noindex/Pods.build/Debug-iphonesimulator/ReactCodegen.build/ReactCodegen-generated-files.hmap -I/Users/sparkles/Library/Developer/Xcode/DerivedData/Expensio-futtgngxcysvvhcljmosbeftqmyc/Build/Intermediates.noindex/Pods.build/Debug-iphonesimulator/ReactCodegen.build/ReactCodegen-own-target-headers.hmap -I/Users/sparkles/Library/Developer/Xcode/DerivedData/Expensio-futtgngxcysvvhcljmosbeftqmyc/Build/Intermediates.noindex/Pods.build/Debug-iphonesimulator/ReactCodegen.build/ReactCodegen-all-non-framework-target-headers.hmap -ivfsoverlay /Users/sparkles/Library/Developer/Xcode/DerivedData/Expensio-futtgngxcysvvhcljmosbeftqmyc/Build/Intermediates.noindex/Pods.build/Debug-iphonesimulator/Pods-8699adb1dd336b26511df848a716bd42-VFS-iphonesimulator/all-product-headers.yaml -iquote /Users/sparkles/Library/Developer/Xcode/DerivedData/Expensio-futtgngxcysvvhcljmosbeftqmyc/Build/Intermediates.noindex/Pods.build/Debug-iphonesimulator/ReactCodegen.build/ReactCodegen-project-headers.hmap -I/Users/sparkles/Library/Developer/Xcode/DerivedData/Expensio-futtgngxcysvvhcljmosbeftqmyc/Build/Products/Debug-iphonesimulator/ReactCodegen/include -I/Users/sparkles/Documents/CodingFiles/FullStack/expensioApp/frontend/ios/Pods/Headers/Private -I/Users/sparkles/Documents/CodingFiles/FullStack/expensioApp/frontend/ios/Pods/Headers/Private/ReactCodegen -I/Users/sparkles/Documents/CodingFiles/FullStack/expensioApp/frontend/ios/Pods/Headers/Public -I/Users/sparkles/Documents/CodingFiles/FullStack/expensioApp/frontend/ios/Pods/Headers/Public/FBLazyVector -I/Users/sparkles/Documents/CodingFiles/FullStack/expensioApp/frontend/ios/Pods/Headers/Public/RCTRequired -I/Users/sparkles/Documents/CodingFiles/FullStack/expensioApp/frontend/ios/Pods/Headers/Public/RCTSwiftUIWrapper -I/Users/sparkles/Documents/CodingFiles/FullStack/expensioApp/frontend/ios/Pods/Headers/Public/RCTTypeSafety -I/Users/sparkles/Documents/CodingFiles/FullStack/expensioApp/frontend/ios/Pods/Headers/Public/React-Core -I/Users/sparkles/Documents/CodingFiles/FullStack/expensioApp/frontend/ios/Pods/Headers/Public/React-Core-prebuilt -I/Users/sparkles/Documents/CodingFiles/FullStack/expensioApp/frontend/ios/Pods/Headers/Public/React-CoreModules -I/Users/sparkles/Documents/CodingFiles/FullStack/expensioApp/frontend/ios/Pods/Headers/Public/React-Fabric -I/Users/sparkles/Documents/CodingFiles/FullStack/expensioApp/frontend/ios/Pods/Headers/Public/React-FabricComponents -I/Users/sparkles/Documents/CodingFiles/FullStack/expensioApp/frontend/ios/Pods/Headers/Public/React-FabricImage -I/Users/sparkles/Documents/CodingFiles/FullStack/expensioApp/frontend/ios/Pods/Headers/Public/React-ImageManager -I/Users/sparkles/Documents/CodingFiles/FullStack/expensioApp/frontend/ios/Pods/Headers/Public/React-Mapbuffer -I/Users/sparkles/Documents/CodingFiles/FullStack/expensioApp/frontend/ios/Pods/Headers/Public/React-NativeModulesApple -I/Users/sparkles/Documents/CodingFiles/FullStack/expensioApp/frontend/ios/Pods/Headers/Public/React-RCTAnimation -I/Users/sparkles/Documents/CodingFiles/FullStack/expensioApp/frontend/ios/Pods/Headers/Public/React-RCTBlob -I/Users/sparkles/Documents/CodingFiles/FullStack/expensioApp/frontend/ios/Pods/Headers/Public/React-RCTFBReactNativeSpec -I/Users/sparkles/Documents/CodingFiles/FullStack/expensioApp/frontend/ios/Pods/Headers/Public/React-RCTFabric -I/Users/sparkles/Documents/CodingFiles/FullStack/expensioApp/frontend/ios/Pods/Headers/Public/React-RCTImage -I/Users/sparkles/Documents/CodingFiles/FullStack/expensioApp/frontend/ios/Pods/Headers/Public/React-RCTRuntime -I/Users/sparkles/Documents/CodingFiles/FullStack/expensioApp/frontend/ios/Pods/Headers/Public/React-RCTText -I/Users/sparkles/Documents/CodingFiles/FullStack/expensioApp/frontend/ios/Pods/Headers/Public/React-RuntimeApple -I/Users/sparkles/Documents/CodingFiles/FullStack/expensioApp/frontend/ios/Pods/Headers/Public/React-RuntimeCore -I/Users/sparkles/Documents/CodingFiles/FullStack/expensioApp/frontend/ios/Pods/Headers/Public/React-RuntimeHermes -I/Users/sparkles/Documents/CodingFiles/FullStack/expensioApp/frontend/ios/Pods/Headers/Public/React-callinvoker -I/Users/sparkles/Documents/CodingFiles/FullStack/expensioApp/frontend/ios/Pods/Headers/Public/React-cxxreact -I/Users/sparkles/Documents/CodingFiles/FullStack/expensioApp/frontend/ios/Pods/Headers/Public/React-debug -I/Users/sparkles/Documents/CodingFiles/FullStack/expensioApp/frontend/ios/Pods/Headers/Public/React-defaultsnativemodule -I/Users/sparkles/Documents/CodingFiles/FullStack/expensioApp/frontend/ios/Pods/Headers/Public/React-domnativemodule -I/Users/sparkles/Documents/CodingFiles/FullStack/expensioApp/frontend/ios/Pods/Headers/Public/React-featureflags -I/Users/sparkles/Documents/CodingFiles/FullStack/expensioApp/frontend/ios/Pods/Headers/Public/React-featureflagsnativemodule -I/Users/sparkles/Documents/CodingFiles/FullStack/expensioApp/frontend/ios/Pods/Headers/Public/React-graphics -I/Users/sparkles/Documents/CodingFiles/FullStack/expensioApp/frontend/ios/Pods/Headers/Public/React-hermes -I/Users/sparkles/Documents/CodingFiles/FullStack/expensioApp/frontend/ios/Pods/Headers/Public/React-idlecallbacksnativemodule -I/Users/sparkles/Documents/CodingFiles/FullStack/expensioApp/frontend/ios/Pods/Headers/Public/React-intersectionobservernativemodule -I/Users/sparkles/Documents/CodingFiles/FullStack/expensioApp/frontend/ios/Pods/Headers/Public/React-jserrorhandler -I/Users/sparkles/Documents/CodingFiles/FullStack/expensioApp/frontend/ios/Pods/Headers/Public/React-jsi -I/Users/sparkles/Documents/CodingFiles/FullStack/expensioApp/frontend/ios/Pods/Headers/Public/React-jsiexecutor -I/Users/sparkles/Documents/CodingFiles/FullStack/expensioApp/frontend/ios/Pods/Headers/Public/React-jsinspector -I/Users/sparkles/Documents/CodingFiles/FullStack/expensioApp/frontend/ios/Pods/Headers/Public/React-jsinspectorcdp -I/Users/sparkles/Documents/CodingFiles/FullStack/expensioApp/frontend/ios/Pods/Headers/Public/React-jsinspectornetwork -I/Users/sparkles/Documents/CodingFiles/FullStack/expensioApp/frontend/ios/Pods/Headers/Public/React-jsinspectortracing -I/Users/sparkles/Documents/CodingFiles/FullStack/expensioApp/frontend/ios/Pods/Headers/Public/React-jsitooling -I/Users/sparkles/Documents/CodingFiles/FullStack/expensioApp/frontend/ios/Pods/Headers/Public/React-logger -I/Users/sparkles/Documents/CodingFiles/FullStack/expensioApp/frontend/ios/Pods/Headers/Public/React-microtasksnativemodule -I/Users/sparkles/Documents/CodingFiles/FullStack/expensioApp/frontend/ios/Pods/Headers/Public/React-mutationobservernativemodule -I/Users/sparkles/Documents/CodingFiles/FullStack/expensioApp/frontend/ios/Pods/Headers/Public/React-networking -I/Users/sparkles/Documents/CodingFiles/FullStack/expensioApp/frontend/ios/Pods/Headers/Public/React-oscompat -I/Users/sparkles/Documents/CodingFiles/FullStack/expensioApp/frontend/ios/Pods/Headers/Public/React-perflogger -I/Users/sparkles/Documents/CodingFiles/FullStack/expensioApp/frontend/ios/Pods/Headers/Public/React-performancecdpmetrics -I/Users/sparkles/Documents/CodingFiles/FullStack/expensioApp/frontend/ios/Pods/Headers/Public/React-performancetimeline -I/Users/sparkles/Documents/CodingFiles/FullStack/expensioApp/frontend/ios/Pods/Headers/Public/React-rendererconsistency -I/Users/sparkles/Documents/CodingFiles/FullStack/expensioApp/frontend/ios/Pods/Headers/Public/React-renderercss -I/Users/sparkles/Documents/CodingFiles/FullStack/expensioApp/frontend/ios/Pods/Headers/Public/React-rendererdebug -I/Users/sparkles/Documents/CodingFiles/FullStack/expensioApp/frontend/ios/Pods/Headers/Public/React-runtimeexecutor -I/Users/sparkles/Documents/CodingFiles/FullStack/expensioApp/frontend/ios/Pods/Headers/Public/React-runtimescheduler -I/Users/sparkles/Documents/CodingFiles/FullStack/expensioApp/frontend/ios/Pods/Headers/Public/React-timing -I/Users/sparkles/Documents/CodingFiles/FullStack/expensioApp/frontend/ios/Pods/Headers/Public/React-utils -I/Users/sparkles/Documents/CodingFiles/FullStack/expensioApp/frontend/ios/Pods/Headers/Public/React-viewtransitionnativemodule -I/Users/sparkles/Documents/CodingFiles/FullStack/expensioApp/frontend/ios/Pods/Headers/Public/React-webperformancenativemodule -I/Users/sparkles/Documents/CodingFiles/FullStack/expensioApp/frontend/ios/Pods/Headers/Public/ReactCodegen -I/Users/sparkles/Documents/CodingFiles/FullStack/expensioApp/frontend/ios/Pods/Headers/Public/ReactCommon -I/Users/sparkles/Documents/CodingFiles/FullStack/expensioApp/frontend/ios/Pods/Headers/Public/ReactNativeDependencies -I/Users/sparkles/Documents/CodingFiles/FullStack/expensioApp/frontend/ios/Pods/Headers/Public/Yoga -I/Users/sparkles/Documents/CodingFiles/FullStack/expensioApp/frontend/ios/Pods/Headers/Public/hermes-engine -I/Users/sparkles/Documents/CodingFiles/FullStack/expensioApp/frontend/ios/Pods/ReactNativeDependencies -I/Users/sparkles/Documents/CodingFiles/FullStack/expensioApp/frontend/ios/Pods/Headers/Public/ReactCodegen/react/renderer/components -I/Users/sparkles/Documents/CodingFiles/FullStack/expensioApp/frontend/ios/Pods/Headers/Private/React-Fabric -I/Users/sparkles/Documents/CodingFiles/FullStack/expensioApp/frontend/ios/Pods/Headers/Private/React-RCTFabric -I/Users/sparkles/Documents/CodingFiles/FullStack/expensioApp/frontend/ios/Pods/Headers/Private/Yoga -I/Users/sparkles/Documents/CodingFiles/FullStack/expensioApp/frontend/ios/build/generated/ios/ReactCodegen -I/Users/sparkles/Documents/CodingFiles/FullStack/expensioApp/frontend/ios/Pods/ExpoModulesCore/ExpoModulesCore.xcframework/ios-arm64_x86_64-simulator/ExpoModulesCore.framework/Headers -I/Users/sparkles/Documents/CodingFiles/FullStack/expensioApp/frontend/ios/Pods/ExpoModulesCore/ExpoModulesCore.xcframework/ios-arm64/ExpoModulesCore.framework/Headers -I/Users/sparkles/Documents/CodingFiles/FullStack/expensioApp/frontend/ios/Pods/ExpoModulesCore/ExpoModulesCore.xcframework/ios-arm64_x86_64-simulator/ExpoModulesCore.framework/Headers -I/Users/sparkles/Documents/CodingFiles/FullStack/expensioApp/frontend/ios/Pods/ExpoModulesCore/ExpoModulesCore.xcframework/ios-arm64/ExpoModulesCore.framework/Headers -I/Users/sparkles/Library/Developer/Xcode/DerivedData/Expensio-futtgngxcysvvhcljmosbeftqmyc/Build/Intermediates.noindex/Pods.build/Debug-iphonesimulator/ReactCodegen.build/DerivedSources-normal/arm64 -I/Users/sparkles/Library/Developer/Xcode/DerivedData/Expensio-futtgngxcysvvhcljmosbeftqmyc/Build/Intermediates.noindex/Pods.build/Debug-iphonesimulator/ReactCodegen.build/DerivedSources/arm64 -I/Users/sparkles/Library/Developer/Xcode/DerivedData/Expensio-futtgngxcysvvhcljmosbeftqmyc/Build/Intermediates.noindex/Pods.build/Debug-iphonesimulator/ReactCodegen.build/DerivedSources -F/Users/sparkles/Library/Developer/Xcode/DerivedData/Expensio-futtgngxcysvvhcljmosbeftqmyc/Build/Products/Debug-iphonesimulator/ReactCodegen -F/Users/sparkles/Documents/CodingFiles/FullStack/expensioApp/frontend/ios/Pods/React-Core-prebuilt -F/Users/sparkles/Documents/CodingFiles/FullStack/expensioApp/frontend/ios/Pods/ReactNativeDependencies/framework/packages/react-native -F/Users/sparkles/Documents/CodingFiles/FullStack/expensioApp/frontend/ios/Pods/hermes-engine/destroot/Library/Frameworks/universal -F/Users/sparkles/Library/Developer/Xcode/DerivedData/Expensio-futtgngxcysvvhcljmosbeftqmyc/Build/Products/Debug-iphonesimulator/XCFrameworkIntermediates/React-Core-prebuilt -F/Users/sparkles/Library/Developer/Xcode/DerivedData/Expensio-futtgngxcysvvhcljmosbeftqmyc/Build/Products/Debug-iphonesimulator/XCFrameworkIntermediates/ReactNativeDependencies -F/Users/sparkles/Library/Developer/Xcode/DerivedData/Expensio-futtgngxcysvvhcljmosbeftqmyc/Build/Products/Debug-iphonesimulator/XCFrameworkIntermediates/hermes-engine/Pre-built '-DRCT_REMOVE_LEGACY_ARCH=1' -ivfsoverlay /Users/sparkles/Documents/CodingFiles/FullStack/expensioApp/frontend/ios/Pods/React-Core-prebuilt/React-VFS.yaml

WriteAuxiliaryFile /Users/sparkles/Library/Developer/Xcode/DerivedData/Expensio-futtgngxcysvvhcljmosbeftqmyc/Build/Intermediates.noindex/Pods.build/Debug-iphonesimulator/ReactCodegen.build/Objects-normal/arm64/af3fcb34312c57c0f52879cdce924b91-common-args.resp (in target 'ReactCodegen' from project 'Pods')
    cd /Users/sparkles/Documents/CodingFiles/FullStack/expensioApp/frontend/ios/Pods
    write-file /Users/sparkles/Library/Developer/Xcode/DerivedData/Expensio-futtgngxcysvvhcljmosbeftqmyc/Build/Intermediates.noindex/Pods.build/Debug-iphonesimulator/ReactCodegen.build/Objects-normal/arm64/af3fcb34312c57c0f52879cdce924b91-common-args.resp
'-std=c++20' '-stdlib=libc++' -fobjc-arc -fmodules -fno-cxx-modules '-fmodules-cache-path=/Users/sparkles/Library/Developer/Xcode/DerivedData/ModuleCache.noindex' '-D_LIBCPP_HARDENING_MODE=_LIBCPP_HARDENING_MODE_DEBUG' -fpascal-strings -O0 -fno-common '-DPOD_CONFIGURATION_DEBUG=1' '-DDEBUG=1' '-DCOCOAPODS=1' '-DOBJC_OLD_DISPATCH_PROTOTYPES=0' -g '-fobjc-abi-version=2' -fobjc-legacy-dispatch -iquote /Users/sparkles/Library/Developer/Xcode/DerivedData/Expensio-futtgngxcysvvhcljmosbeftqmyc/Build/Intermediates.noindex/Pods.build/Debug-iphonesimulator/ReactCodegen.build/ReactCodegen-generated-files.hmap -I/Users/sparkles/Library/Developer/Xcode/DerivedData/Expensio-futtgngxcysvvhcljmosbeftqmyc/Build/Intermediates.noindex/Pods.build/Debug-iphonesimulator/ReactCodegen.build/ReactCodegen-own-target-headers.hmap -I/Users/sparkles/Library/Developer/Xcode/DerivedData/Expensio-futtgngxcysvvhcljmosbeftqmyc/Build/Intermediates.noindex/Pods.build/Debug-iphonesimulator/ReactCodegen.build/ReactCodegen-all-non-framework-target-headers.hmap -ivfsoverlay /Users/sparkles/Library/Developer/Xcode/DerivedData/Expensio-futtgngxcysvvhcljmosbeftqmyc/Build/Intermediates.noindex/Pods.build/Debug-iphonesimulator/Pods-8699adb1dd336b26511df848a716bd42-VFS-iphonesimulator/all-product-headers.yaml -iquote /Users/sparkles/Library/Developer/Xcode/DerivedData/Expensio-futtgngxcysvvhcljmosbeftqmyc/Build/Intermediates.noindex/Pods.build/Debug-iphonesimulator/ReactCodegen.build/ReactCodegen-project-headers.hmap -I/Users/sparkles/Library/Developer/Xcode/DerivedData/Expensio-futtgngxcysvvhcljmosbeftqmyc/Build/Products/Debug-iphonesimulator/ReactCodegen/include -I/Users/sparkles/Documents/CodingFiles/FullStack/expensioApp/frontend/ios/Pods/Headers/Private -I/Users/sparkles/Documents/CodingFiles/FullStack/expensioApp/frontend/ios/Pods/Headers/Private/ReactCodegen -I/Users/sparkles/Documents/CodingFiles/FullStack/expensioApp/frontend/ios/Pods/Headers/Public -I/Users/sparkles/Documents/CodingFiles/FullStack/expensioApp/frontend/ios/Pods/Headers/Public/FBLazyVector -I/Users/sparkles/Documents/CodingFiles/FullStack/expensioApp/frontend/ios/Pods/Headers/Public/RCTRequired -I/Users/sparkles/Documents/CodingFiles/FullStack/expensioApp/frontend/ios/Pods/Headers/Public/RCTSwiftUIWrapper -I/Users/sparkles/Documents/CodingFiles/FullStack/expensioApp/frontend/ios/Pods/Headers/Public/RCTTypeSafety -I/Users/sparkles/Documents/CodingFiles/FullStack/expensioApp/frontend/ios/Pods/Headers/Public/React-Core -I/Users/sparkles/Documents/CodingFiles/FullStack/expensioApp/frontend/ios/Pods/Headers/Public/React-Core-prebuilt -I/Users/sparkles/Documents/CodingFiles/FullStack/expensioApp/frontend/ios/Pods/Headers/Public/React-CoreModules -I/Users/sparkles/Documents/CodingFiles/FullStack/expensioApp/frontend/ios/Pods/Headers/Public/React-Fabric -I/Users/sparkles/Documents/CodingFiles/FullStack/expensioApp/frontend/ios/Pods/Headers/Public/React-FabricComponents -I/Users/sparkles/Documents/CodingFiles/FullStack/expensioApp/frontend/ios/Pods/Headers/Public/React-FabricImage -I/Users/sparkles/Documents/CodingFiles/FullStack/expensioApp/frontend/ios/Pods/Headers/Public/React-ImageManager -I/Users/sparkles/Documents/CodingFiles/FullStack/expensioApp/frontend/ios/Pods/Headers/Public/React-Mapbuffer -I/Users/sparkles/Documents/CodingFiles/FullStack/expensioApp/frontend/ios/Pods/Headers/Public/React-NativeModulesApple -I/Users/sparkles/Documents/CodingFiles/FullStack/expensioApp/frontend/ios/Pods/Headers/Public/React-RCTAnimation -I/Users/sparkles/Documents/CodingFiles/FullStack/expensioApp/frontend/ios/Pods/Headers/Public/React-RCTBlob -I/Users/sparkles/Documents/CodingFiles/FullStack/expensioApp/frontend/ios/Pods/Headers/Public/React-RCTFBReactNativeSpec -I/Users/sparkles/Documents/CodingFiles/FullStack/expensioApp/frontend/ios/Pods/Headers/Public/React-RCTFabric -I/Users/sparkles/Documents/CodingFiles/FullStack/expensioApp/frontend/ios/Pods/Headers/Public/React-RCTImage -I/Users/sparkles/Documents/CodingFiles/FullStack/expensioApp/frontend/ios/Pods/Headers/Public/React-RCTRuntime -I/Users/sparkles/Documents/CodingFiles/FullStack/expensioApp/frontend/ios/Pods/Headers/Public/React-RCTText -I/Users/sparkles/Documents/CodingFiles/FullStack/expensioApp/frontend/ios/Pods/Headers/Public/React-RuntimeApple -I/Users/sparkles/Documents/CodingFiles/FullStack/expensioApp/frontend/ios/Pods/Headers/Public/React-RuntimeCore -I/Users/sparkles/Documents/CodingFiles/FullStack/expensioApp/frontend/ios/Pods/Headers/Public/React-RuntimeHermes -I/Users/sparkles/Documents/CodingFiles/FullStack/expensioApp/frontend/ios/Pods/Headers/Public/React-callinvoker -I/Users/sparkles/Documents/CodingFiles/FullStack/expensioApp/frontend/ios/Pods/Headers/Public/React-cxxreact -I/Users/sparkles/Documents/CodingFiles/FullStack/expensioApp/frontend/ios/Pods/Headers/Public/React-debug -I/Users/sparkles/Documents/CodingFiles/FullStack/expensioApp/frontend/ios/Pods/Headers/Public/React-defaultsnativemodule -I/Users/sparkles/Documents/CodingFiles/FullStack/expensioApp/frontend/ios/Pods/Headers/Public/React-domnativemodule -I/Users/sparkles/Documents/CodingFiles/FullStack/expensioApp/frontend/ios/Pods/Headers/Public/React-featureflags -I/Users/sparkles/Documents/CodingFiles/FullStack/expensioApp/frontend/ios/Pods/Headers/Public/React-featureflagsnativemodule -I/Users/sparkles/Documents/CodingFiles/FullStack/expensioApp/frontend/ios/Pods/Headers/Public/React-graphics -I/Users/sparkles/Documents/CodingFiles/FullStack/expensioApp/frontend/ios/Pods/Headers/Public/React-hermes -I/Users/sparkles/Documents/CodingFiles/FullStack/expensioApp/frontend/ios/Pods/Headers/Public/React-idlecallbacksnativemodule -I/Users/sparkles/Documents/CodingFiles/FullStack/expensioApp/frontend/ios/Pods/Headers/Public/React-intersectionobservernativemodule -I/Users/sparkles/Documents/CodingFiles/FullStack/expensioApp/frontend/ios/Pods/Headers/Public/React-jserrorhandler -I/Users/sparkles/Documents/CodingFiles/FullStack/expensioApp/frontend/ios/Pods/Headers/Public/React-jsi -I/Users/sparkles/Documents/CodingFiles/FullStack/expensioApp/frontend/ios/Pods/Headers/Public/React-jsiexecutor -I/Users/sparkles/Documents/CodingFiles/FullStack/expensioApp/frontend/ios/Pods/Headers/Public/React-jsinspector -I/Users/sparkles/Documents/CodingFiles/FullStack/expensioApp/frontend/ios/Pods/Headers/Public/React-jsinspectorcdp -I/Users/sparkles/Documents/CodingFiles/FullStack/expensioApp/frontend/ios/Pods/Headers/Public/React-jsinspectornetwork -I/Users/sparkles/Documents/CodingFiles/FullStack/expensioApp/frontend/ios/Pods/Headers/Public/React-jsinspectortracing -I/Users/sparkles/Documents/CodingFiles/FullStack/expensioApp/frontend/ios/Pods/Headers/Public/React-jsitooling -I/Users/sparkles/Documents/CodingFiles/FullStack/expensioApp/frontend/ios/Pods/Headers/Public/React-logger -I/Users/sparkles/Documents/CodingFiles/FullStack/expensioApp/frontend/ios/Pods/Headers/Public/React-microtasksnativemodule -I/Users/sparkles/Documents/CodingFiles/FullStack/expensioApp/frontend/ios/Pods/Headers/Public/React-mutationobservernativemodule -I/Users/sparkles/Documents/CodingFiles/FullStack/expensioApp/frontend/ios/Pods/Headers/Public/React-networking -I/Users/sparkles/Documents/CodingFiles/FullStack/expensioApp/frontend/ios/Pods/Headers/Public/React-oscompat -I/Users/sparkles/Documents/CodingFiles/FullStack/expensioApp/frontend/ios/Pods/Headers/Public/React-perflogger -I/Users/sparkles/Documents/CodingFiles/FullStack/expensioApp/frontend/ios/Pods/Headers/Public/React-performancecdpmetrics -I/Users/sparkles/Documents/CodingFiles/FullStack/expensioApp/frontend/ios/Pods/Headers/Public/React-performancetimeline -I/Users/sparkles/Documents/CodingFiles/FullStack/expensioApp/frontend/ios/Pods/Headers/Public/React-rendererconsistency -I/Users/sparkles/Documents/CodingFiles/FullStack/expensioApp/frontend/ios/Pods/Headers/Public/React-renderercss -I/Users/sparkles/Documents/CodingFiles/FullStack/expensioApp/frontend/ios/Pods/Headers/Public/React-rendererdebug -I/Users/sparkles/Documents/CodingFiles/FullStack/expensioApp/frontend/ios/Pods/Headers/Public/React-runtimeexecutor -I/Users/sparkles/Documents/CodingFiles/FullStack/expensioApp/frontend/ios/Pods/Headers/Public/React-runtimescheduler -I/Users/sparkles/Documents/CodingFiles/FullStack/expensioApp/frontend/ios/Pods/Headers/Public/React-timing -I/Users/sparkles/Documents/CodingFiles/FullStack/expensioApp/frontend/ios/Pods/Headers/Public/React-utils -I/Users/sparkles/Documents/CodingFiles/FullStack/expensioApp/frontend/ios/Pods/Headers/Public/React-viewtransitionnativemodule -I/Users/sparkles/Documents/CodingFiles/FullStack/expensioApp/frontend/ios/Pods/Headers/Public/React-webperformancenativemodule -I/Users/sparkles/Documents/CodingFiles/FullStack/expensioApp/frontend/ios/Pods/Headers/Public/ReactCodegen -I/Users/sparkles/Documents/CodingFiles/FullStack/expensioApp/frontend/ios/Pods/Headers/Public/ReactCommon -I/Users/sparkles/Documents/CodingFiles/FullStack/expensioApp/frontend/ios/Pods/Headers/Public/ReactNativeDependencies -I/Users/sparkles/Documents/CodingFiles/FullStack/expensioApp/frontend/ios/Pods/Headers/Public/Yoga -I/Users/sparkles/Documents/CodingFiles/FullStack/expensioApp/frontend/ios/Pods/Headers/Public/hermes-engine -I/Users/sparkles/Documents/CodingFiles/FullStack/expensioApp/frontend/ios/Pods/ReactNativeDependencies -I/Users/sparkles/Documents/CodingFiles/FullStack/expensioApp/frontend/ios/Pods/Headers/Public/ReactCodegen/react/renderer/components -I/Users/sparkles/Documents/CodingFiles/FullStack/expensioApp/frontend/ios/Pods/Headers/Private/React-Fabric -I/Users/sparkles/Documents/CodingFiles/FullStack/expensioApp/frontend/ios/Pods/Headers/Private/React-RCTFabric -I/Users/sparkles/Documents/CodingFiles/FullStack/expensioApp/frontend/ios/Pods/Headers/Private/Yoga -I/Users/sparkles/Documents/CodingFiles/FullStack/expensioApp/frontend/ios/build/generated/ios/ReactCodegen -I/Users/sparkles/Documents/CodingFiles/FullStack/expensioApp/frontend/ios/Pods/ExpoModulesCore/ExpoModulesCore.xcframework/ios-arm64_x86_64-simulator/ExpoModulesCore.framework/Headers -I/Users/sparkles/Documents/CodingFiles/FullStack/expensioApp/frontend/ios/Pods/ExpoModulesCore/ExpoModulesCore.xcframework/ios-arm64/ExpoModulesCore.framework/Headers -I/Users/sparkles/Documents/CodingFiles/FullStack/expensioApp/frontend/ios/Pods/ExpoModulesCore/ExpoModulesCore.xcframework/ios-arm64_x86_64-simulator/ExpoModulesCore.framework/Headers -I/Users/sparkles/Documents/CodingFiles/FullStack/expensioApp/frontend/ios/Pods/ExpoModulesCore/ExpoModulesCore.xcframework/ios-arm64/ExpoModulesCore.framework/Headers -I/Users/sparkles/Library/Developer/Xcode/DerivedData/Expensio-futtgngxcysvvhcljmosbeftqmyc/Build/Intermediates.noindex/Pods.build/Debug-iphonesimulator/ReactCodegen.build/DerivedSources-normal/arm64 -I/Users/sparkles/Library/Developer/Xcode/DerivedData/Expensio-futtgngxcysvvhcljmosbeftqmyc/Build/Intermediates.noindex/Pods.build/Debug-iphonesimulator/ReactCodegen.build/DerivedSources/arm64 -I/Users/sparkles/Library/Developer/Xcode/DerivedData/Expensio-futtgngxcysvvhcljmosbeftqmyc/Build/Intermediates.noindex/Pods.build/Debug-iphonesimulator/ReactCodegen.build/DerivedSources -F/Users/sparkles/Library/Developer/Xcode/DerivedData/Expensio-futtgngxcysvvhcljmosbeftqmyc/Build/Products/Debug-iphonesimulator/ReactCodegen -F/Users/sparkles/Documents/CodingFiles/FullStack/expensioApp/frontend/ios/Pods/React-Core-prebuilt -F/Users/sparkles/Documents/CodingFiles/FullStack/expensioApp/frontend/ios/Pods/ReactNativeDependencies/framework/packages/react-native -F/Users/sparkles/Documents/CodingFiles/FullStack/expensioApp/frontend/ios/Pods/hermes-engine/destroot/Library/Frameworks/universal -F/Users/sparkles/Library/Developer/Xcode/DerivedData/Expensio-futtgngxcysvvhcljmosbeftqmyc/Build/Products/Debug-iphonesimulator/XCFrameworkIntermediates/React-Core-prebuilt -F/Users/sparkles/Library/Developer/Xcode/DerivedData/Expensio-futtgngxcysvvhcljmosbeftqmyc/Build/Products/Debug-iphonesimulator/XCFrameworkIntermediates/ReactNativeDependencies -F/Users/sparkles/Library/Developer/Xcode/DerivedData/Expensio-futtgngxcysvvhcljmosbeftqmyc/Build/Products/Debug-iphonesimulator/XCFrameworkIntermediates/hermes-engine/Pre-built '-DRCT_REMOVE_LEGACY_ARCH=1' -ivfsoverlay /Users/sparkles/Documents/CodingFiles/FullStack/expensioApp/frontend/ios/Pods/React-Core-prebuilt/React-VFS.yaml '-DRCT_REMOVE_LEGACY_ARCH=1' '-DFOLLY_MOBILE=1' '-DFOLLY_USE_LIBCPP=1' '-DFOLLY_CFG_NO_COROUTINES=1' '-DFOLLY_HAVE_CLOCK_GETTIME=1' -ivfsoverlay /Users/sparkles/Documents/CodingFiles/FullStack/expensioApp/frontend/ios/Pods/React-Core-prebuilt/React-VFS.yaml

WriteAuxiliaryFile /Users/sparkles/Library/Developer/Xcode/DerivedData/Expensio-futtgngxcysvvhcljmosbeftqmyc/Build/Intermediates.noindex/Pods.build/Debug-iphonesimulator/ReactCodegen.build/Objects-normal/arm64/ReactCodegen.LinkFileList (in target 'ReactCodegen' from project 'Pods')
    cd /Users/sparkles/Documents/CodingFiles/FullStack/expensioApp/frontend/ios/Pods
    write-file /Users/sparkles/Library/Developer/Xcode/DerivedData/Expensio-futtgngxcysvvhcljmosbeftqmyc/Build/Intermediates.noindex/Pods.build/Debug-iphonesimulator/ReactCodegen.build/Objects-normal/arm64/ReactCodegen.LinkFileList

WriteAuxiliaryFile /Users/sparkles/Library/Developer/Xcode/DerivedData/Expensio-futtgngxcysvvhcljmosbeftqmyc/Build/Intermediates.noindex/Pods.build/Debug-iphonesimulator/ReactCodegen.build/Objects-normal/arm64/82b82416624d2658e5098eb0a28c15c5-common-args.resp (in target 'ReactCodegen' from project 'Pods')
    cd /Users/sparkles/Documents/CodingFiles/FullStack/expensioApp/frontend/ios/Pods
    write-file /Users/sparkles/Library/Developer/Xcode/DerivedData/Expensio-futtgngxcysvvhcljmosbeftqmyc/Build/Intermediates.noindex/Pods.build/Debug-iphonesimulator/ReactCodegen.build/Objects-normal/arm64/82b82416624d2658e5098eb0a28c15c5-common-args.resp
'-std=c++20' '-stdlib=libc++' -fmodules -fno-cxx-modules '-fmodules-cache-path=/Users/sparkles/Library/Developer/Xcode/DerivedData/ModuleCache.noindex' '-D_LIBCPP_HARDENING_MODE=_LIBCPP_HARDENING_MODE_DEBUG' -fpascal-strings -O0 -fno-common '-DPOD_CONFIGURATION_DEBUG=1' '-DDEBUG=1' '-DCOCOAPODS=1' -g -iquote /Users/sparkles/Library/Developer/Xcode/DerivedData/Expensio-futtgngxcysvvhcljmosbeftqmyc/Build/Intermediates.noindex/Pods.build/Debug-iphonesimulator/ReactCodegen.build/ReactCodegen-generated-files.hmap -I/Users/sparkles/Library/Developer/Xcode/DerivedData/Expensio-futtgngxcysvvhcljmosbeftqmyc/Build/Intermediates.noindex/Pods.build/Debug-iphonesimulator/ReactCodegen.build/ReactCodegen-own-target-headers.hmap -I/Users/sparkles/Library/Developer/Xcode/DerivedData/Expensio-futtgngxcysvvhcljmosbeftqmyc/Build/Intermediates.noindex/Pods.build/Debug-iphonesimulator/ReactCodegen.build/ReactCodegen-all-non-framework-target-headers.hmap -ivfsoverlay /Users/sparkles/Library/Developer/Xcode/DerivedData/Expensio-futtgngxcysvvhcljmosbeftqmyc/Build/Intermediates.noindex/Pods.build/Debug-iphonesimulator/Pods-8699adb1dd336b26511df848a716bd42-VFS-iphonesimulator/all-product-headers.yaml -iquote /Users/sparkles/Library/Developer/Xcode/DerivedData/Expensio-futtgngxcysvvhcljmosbeftqmyc/Build/Intermediates.noindex/Pods.build/Debug-iphonesimulator/ReactCodegen.build/ReactCodegen-project-headers.hmap -I/Users/sparkles/Library/Developer/Xcode/DerivedData/Expensio-futtgngxcysvvhcljmosbeftqmyc/Build/Products/Debug-iphonesimulator/ReactCodegen/include -I/Users/sparkles/Documents/CodingFiles/FullStack/expensioApp/frontend/ios/Pods/Headers/Private -I/Users/sparkles/Documents/CodingFiles/FullStack/expensioApp/frontend/ios/Pods/Headers/Private/ReactCodegen -I/Users/sparkles/Documents/CodingFiles/FullStack/expensioApp/frontend/ios/Pods/Headers/Public -I/Users/sparkles/Documents/CodingFiles/FullStack/expensioApp/frontend/ios/Pods/Headers/Public/FBLazyVector -I/Users/sparkles/Documents/CodingFiles/FullStack/expensioApp/frontend/ios/Pods/Headers/Public/RCTRequired -I/Users/sparkles/Documents/CodingFiles/FullStack/expensioApp/frontend/ios/Pods/Headers/Public/RCTSwiftUIWrapper -I/Users/sparkles/Documents/CodingFiles/FullStack/expensioApp/frontend/ios/Pods/Headers/Public/RCTTypeSafety -I/Users/sparkles/Documents/CodingFiles/FullStack/expensioApp/frontend/ios/Pods/Headers/Public/React-Core -I/Users/sparkles/Documents/CodingFiles/FullStack/expensioApp/frontend/ios/Pods/Headers/Public/React-Core-prebuilt -I/Users/sparkles/Documents/CodingFiles/FullStack/expensioApp/frontend/ios/Pods/Headers/Public/React-CoreModules -I/Users/sparkles/Documents/CodingFiles/FullStack/expensioApp/frontend/ios/Pods/Headers/Public/React-Fabric -I/Users/sparkles/Documents/CodingFiles/FullStack/expensioApp/frontend/ios/Pods/Headers/Public/React-FabricComponents -I/Users/sparkles/Documents/CodingFiles/FullStack/expensioApp/frontend/ios/Pods/Headers/Public/React-FabricImage -I/Users/sparkles/Documents/CodingFiles/FullStack/expensioApp/frontend/ios/Pods/Headers/Public/React-ImageManager -I/Users/sparkles/Documents/CodingFiles/FullStack/expensioApp/frontend/ios/Pods/Headers/Public/React-Mapbuffer -I/Users/sparkles/Documents/CodingFiles/FullStack/expensioApp/frontend/ios/Pods/Headers/Public/React-NativeModulesApple -I/Users/sparkles/Documents/CodingFiles/FullStack/expensioApp/frontend/ios/Pods/Headers/Public/React-RCTAnimation -I/Users/sparkles/Documents/CodingFiles/FullStack/expensioApp/frontend/ios/Pods/Headers/Public/React-RCTBlob -I/Users/sparkles/Documents/CodingFiles/FullStack/expensioApp/frontend/ios/Pods/Headers/Public/React-RCTFBReactNativeSpec -I/Users/sparkles/Documents/CodingFiles/FullStack/expensioApp/frontend/ios/Pods/Headers/Public/React-RCTFabric -I/Users/sparkles/Documents/CodingFiles/FullStack/expensioApp/frontend/ios/Pods/Headers/Public/React-RCTImage -I/Users/sparkles/Documents/CodingFiles/FullStack/expensioApp/frontend/ios/Pods/Headers/Public/React-RCTRuntime -I/Users/sparkles/Documents/CodingFiles/FullStack/expensioApp/frontend/ios/Pods/Headers/Public/React-RCTText -I/Users/sparkles/Documents/CodingFiles/FullStack/expensioApp/frontend/ios/Pods/Headers/Public/React-RuntimeApple -I/Users/sparkles/Documents/CodingFiles/FullStack/expensioApp/frontend/ios/Pods/Headers/Public/React-RuntimeCore -I/Users/sparkles/Documents/CodingFiles/FullStack/expensioApp/frontend/ios/Pods/Headers/Public/React-RuntimeHermes -I/Users/sparkles/Documents/CodingFiles/FullStack/expensioApp/frontend/ios/Pods/Headers/Public/React-callinvoker -I/Users/sparkles/Documents/CodingFiles/FullStack/expensioApp/frontend/ios/Pods/Headers/Public/React-cxxreact -I/Users/sparkles/Documents/CodingFiles/FullStack/expensioApp/frontend/ios/Pods/Headers/Public/React-debug -I/Users/sparkles/Documents/CodingFiles/FullStack/expensioApp/frontend/ios/Pods/Headers/Public/React-defaultsnativemodule -I/Users/sparkles/Documents/CodingFiles/FullStack/expensioApp/frontend/ios/Pods/Headers/Public/React-domnativemodule -I/Users/sparkles/Documents/CodingFiles/FullStack/expensioApp/frontend/ios/Pods/Headers/Public/React-featureflags -I/Users/sparkles/Documents/CodingFiles/FullStack/expensioApp/frontend/ios/Pods/Headers/Public/React-featureflagsnativemodule -I/Users/sparkles/Documents/CodingFiles/FullStack/expensioApp/frontend/ios/Pods/Headers/Public/React-graphics -I/Users/sparkles/Documents/CodingFiles/FullStack/expensioApp/frontend/ios/Pods/Headers/Public/React-hermes -I/Users/sparkles/Documents/CodingFiles/FullStack/expensioApp/frontend/ios/Pods/Headers/Public/React-idlecallbacksnativemodule -I/Users/sparkles/Documents/CodingFiles/FullStack/expensioApp/frontend/ios/Pods/Headers/Public/React-intersectionobservernativemodule -I/Users/sparkles/Documents/CodingFiles/FullStack/expensioApp/frontend/ios/Pods/Headers/Public/React-jserrorhandler -I/Users/sparkles/Documents/CodingFiles/FullStack/expensioApp/frontend/ios/Pods/Headers/Public/React-jsi -I/Users/sparkles/Documents/CodingFiles/FullStack/expensioApp/frontend/ios/Pods/Headers/Public/React-jsiexecutor -I/Users/sparkles/Documents/CodingFiles/FullStack/expensioApp/frontend/ios/Pods/Headers/Public/React-jsinspector -I/Users/sparkles/Documents/CodingFiles/FullStack/expensioApp/frontend/ios/Pods/Headers/Public/React-jsinspectorcdp -I/Users/sparkles/Documents/CodingFiles/FullStack/expensioApp/frontend/ios/Pods/Headers/Public/React-jsinspectornetwork -I/Users/sparkles/Documents/CodingFiles/FullStack/expensioApp/frontend/ios/Pods/Headers/Public/React-jsinspectortracing -I/Users/sparkles/Documents/CodingFiles/FullStack/expensioApp/frontend/ios/Pods/Headers/Public/React-jsitooling -I/Users/sparkles/Documents/CodingFiles/FullStack/expensioApp/frontend/ios/Pods/Headers/Public/React-logger -I/Users/sparkles/Documents/CodingFiles/FullStack/expensioApp/frontend/ios/Pods/Headers/Public/React-microtasksnativemodule -I/Users/sparkles/Documents/CodingFiles/FullStack/expensioApp/frontend/ios/Pods/Headers/Public/React-mutationobservernativemodule -I/Users/sparkles/Documents/CodingFiles/FullStack/expensioApp/frontend/ios/Pods/Headers/Public/React-networking -I/Users/sparkles/Documents/CodingFiles/FullStack/expensioApp/frontend/ios/Pods/Headers/Public/React-oscompat -I/Users/sparkles/Documents/CodingFiles/FullStack/expensioApp/frontend/ios/Pods/Headers/Public/React-perflogger -I/Users/sparkles/Documents/CodingFiles/FullStack/expensioApp/frontend/ios/Pods/Headers/Public/React-performancecdpmetrics -I/Users/sparkles/Documents/CodingFiles/FullStack/expensioApp/frontend/ios/Pods/Headers/Public/React-performancetimeline -I/Users/sparkles/Documents/CodingFiles/FullStack/expensioApp/frontend/ios/Pods/Headers/Public/React-rendererconsistency -I/Users/sparkles/Documents/CodingFiles/FullStack/expensioApp/frontend/ios/Pods/Headers/Public/React-renderercss -I/Users/sparkles/Documents/CodingFiles/FullStack/expensioApp/frontend/ios/Pods/Headers/Public/React-rendererdebug -I/Users/sparkles/Documents/CodingFiles/FullStack/expensioApp/frontend/ios/Pods/Headers/Public/React-runtimeexecutor -I/Users/sparkles/Documents/CodingFiles/FullStack/expensioApp/frontend/ios/Pods/Headers/Public/React-runtimescheduler -I/Users/sparkles/Documents/CodingFiles/FullStack/expensioApp/frontend/ios/Pods/Headers/Public/React-timing -I/Users/sparkles/Documents/CodingFiles/FullStack/expensioApp/frontend/ios/Pods/Headers/Public/React-utils -I/Users/sparkles/Documents/CodingFiles/FullStack/expensioApp/frontend/ios/Pods/Headers/Public/React-viewtransitionnativemodule -I/Users/sparkles/Documents/CodingFiles/FullStack/expensioApp/frontend/ios/Pods/Headers/Public/React-webperformancenativemodule -I/Users/sparkles/Documents/CodingFiles/FullStack/expensioApp/frontend/ios/Pods/Headers/Public/ReactCodegen -I/Users/sparkles/Documents/CodingFiles/FullStack/expensioApp/frontend/ios/Pods/Headers/Public/ReactCommon -I/Users/sparkles/Documents/CodingFiles/FullStack/expensioApp/frontend/ios/Pods/Headers/Public/ReactNativeDependencies -I/Users/sparkles/Documents/CodingFiles/FullStack/expensioApp/frontend/ios/Pods/Headers/Public/Yoga -I/Users/sparkles/Documents/CodingFiles/FullStack/expensioApp/frontend/ios/Pods/Headers/Public/hermes-engine -I/Users/sparkles/Documents/CodingFiles/FullStack/expensioApp/frontend/ios/Pods/ReactNativeDependencies -I/Users/sparkles/Documents/CodingFiles/FullStack/expensioApp/frontend/ios/Pods/Headers/Public/ReactCodegen/react/renderer/components -I/Users/sparkles/Documents/CodingFiles/FullStack/expensioApp/frontend/ios/Pods/Headers/Private/React-Fabric -I/Users/sparkles/Documents/CodingFiles/FullStack/expensioApp/frontend/ios/Pods/Headers/Private/React-RCTFabric -I/Users/sparkles/Documents/CodingFiles/FullStack/expensioApp/frontend/ios/Pods/Headers/Private/Yoga -I/Users/sparkles/Documents/CodingFiles/FullStack/expensioApp/frontend/ios/build/generated/ios/ReactCodegen -I/Users/sparkles/Documents/CodingFiles/FullStack/expensioApp/frontend/ios/Pods/ExpoModulesCore/ExpoModulesCore.xcframework/ios-arm64_x86_64-simulator/ExpoModulesCore.framework/Headers -I/Users/sparkles/Documents/CodingFiles/FullStack/expensioApp/frontend/ios/Pods/ExpoModulesCore/ExpoModulesCore.xcframework/ios-arm64/ExpoModulesCore.framework/Headers -I/Users/sparkles/Documents/CodingFiles/FullStack/expensioApp/frontend/ios/Pods/ExpoModulesCore/ExpoModulesCore.xcframework/ios-arm64_x86_64-simulator/ExpoModulesCore.framework/Headers -I/Users/sparkles/Documents/CodingFiles/FullStack/expensioApp/frontend/ios/Pods/ExpoModulesCore/ExpoModulesCore.xcframework/ios-arm64/ExpoModulesCore.framework/Headers -I/Users/sparkles/Library/Developer/Xcode/DerivedData/Expensio-futtgngxcysvvhcljmosbeftqmyc/Build/Intermediates.noindex/Pods.build/Debug-iphonesimulator/ReactCodegen.build/DerivedSources-normal/arm64 -I/Users/sparkles/Library/Developer/Xcode/DerivedData/Expensio-futtgngxcysvvhcljmosbeftqmyc/Build/Intermediates.noindex/Pods.build/Debug-iphonesimulator/ReactCodegen.build/DerivedSources/arm64 -I/Users/sparkles/Library/Developer/Xcode/DerivedData/Expensio-futtgngxcysvvhcljmosbeftqmyc/Build/Intermediates.noindex/Pods.build/Debug-iphonesimulator/ReactCodegen.build/DerivedSources -F/Users/sparkles/Library/Developer/Xcode/DerivedData/Expensio-futtgngxcysvvhcljmosbeftqmyc/Build/Products/Debug-iphonesimulator/ReactCodegen -F/Users/sparkles/Documents/CodingFiles/FullStack/expensioApp/frontend/ios/Pods/React-Core-prebuilt -F/Users/sparkles/Documents/CodingFiles/FullStack/expensioApp/frontend/ios/Pods/ReactNativeDependencies/framework/packages/react-native -F/Users/sparkles/Documents/CodingFiles/FullStack/expensioApp/frontend/ios/Pods/hermes-engine/destroot/Library/Frameworks/universal -F/Users/sparkles/Library/Developer/Xcode/DerivedData/Expensio-futtgngxcysvvhcljmosbeftqmyc/Build/Products/Debug-iphonesimulator/XCFrameworkIntermediates/React-Core-prebuilt -F/Users/sparkles/Library/Developer/Xcode/DerivedData/Expensio-futtgngxcysvvhcljmosbeftqmyc/Build/Products/Debug-iphonesimulator/XCFrameworkIntermediates/ReactNativeDependencies -F/Users/sparkles/Library/Developer/Xcode/DerivedData/Expensio-futtgngxcysvvhcljmosbeftqmyc/Build/Products/Debug-iphonesimulator/XCFrameworkIntermediates/hermes-engine/Pre-built '-DRCT_REMOVE_LEGACY_ARCH=1' -ivfsoverlay /Users/sparkles/Documents/CodingFiles/FullStack/expensioApp/frontend/ios/Pods/React-Core-prebuilt/React-VFS.yaml '-DRCT_REMOVE_LEGACY_ARCH=1' '-DFOLLY_MOBILE=1' '-DFOLLY_USE_LIBCPP=1' '-DFOLLY_CFG_NO_COROUTINES=1' '-DFOLLY_HAVE_CLOCK_GETTIME=1' -ivfsoverlay /Users/sparkles/Documents/CodingFiles/FullStack/expensioApp/frontend/ios/Pods/React-Core-prebuilt/React-VFS.yaml

WriteAuxiliaryFile /Users/sparkles/Library/Developer/Xcode/DerivedData/Expensio-futtgngxcysvvhcljmosbeftqmyc/Build/Intermediates.noindex/Pods.build/Debug-iphonesimulator/ReactAppDependencyProvider.build/ReactAppDependencyProvider.DependencyStaticMetadataFileList (in target 'ReactAppDependencyProvider' from project 'Pods')
    cd /Users/sparkles/Documents/CodingFiles/FullStack/expensioApp/frontend/ios/Pods
    write-file /Users/sparkles/Library/Developer/Xcode/DerivedData/Expensio-futtgngxcysvvhcljmosbeftqmyc/Build/Intermediates.noindex/Pods.build/Debug-iphonesimulator/ReactAppDependencyProvider.build/ReactAppDependencyProvider.DependencyStaticMetadataFileList

WriteAuxiliaryFile /Users/sparkles/Library/Developer/Xcode/DerivedData/Expensio-futtgngxcysvvhcljmosbeftqmyc/Build/Intermediates.noindex/Pods.build/Debug-iphonesimulator/ReactAppDependencyProvider.build/ReactAppDependencyProvider.hmap (in target 'ReactAppDependencyProvider' from project 'Pods')
    cd /Users/sparkles/Documents/CodingFiles/FullStack/expensioApp/frontend/ios/Pods
    write-file /Users/sparkles/Library/Developer/Xcode/DerivedData/Expensio-futtgngxcysvvhcljmosbeftqmyc/Build/Intermediates.noindex/Pods.build/Debug-iphonesimulator/ReactAppDependencyProvider.build/ReactAppDependencyProvider.hmap

WriteAuxiliaryFile /Users/sparkles/Library/Developer/Xcode/DerivedData/Expensio-futtgngxcysvvhcljmosbeftqmyc/Build/Intermediates.noindex/Pods.build/Debug-iphonesimulator/ReactAppDependencyProvider.build/ReactAppDependencyProvider.DependencyMetadataFileList (in target 'ReactAppDependencyProvider' from project 'Pods')
    cd /Users/sparkles/Documents/CodingFiles/FullStack/expensioApp/frontend/ios/Pods
    write-file /Users/sparkles/Library/Developer/Xcode/DerivedData/Expensio-futtgngxcysvvhcljmosbeftqmyc/Build/Intermediates.noindex/Pods.build/Debug-iphonesimulator/ReactAppDependencyProvider.build/ReactAppDependencyProvider.DependencyMetadataFileList

WriteAuxiliaryFile /Users/sparkles/Library/Developer/Xcode/DerivedData/Expensio-futtgngxcysvvhcljmosbeftqmyc/Build/Intermediates.noindex/Pods.build/Debug-iphonesimulator/ReactAppDependencyProvider.build/ReactAppDependencyProvider-project-headers.hmap (in target 'ReactAppDependencyProvider' from project 'Pods')
    cd /Users/sparkles/Documents/CodingFiles/FullStack/expensioApp/frontend/ios/Pods
    write-file /Users/sparkles/Library/Developer/Xcode/DerivedData/Expensio-futtgngxcysvvhcljmosbeftqmyc/Build/Intermediates.noindex/Pods.build/Debug-iphonesimulator/ReactAppDependencyProvider.build/ReactAppDependencyProvider-project-headers.hmap

WriteAuxiliaryFile /Users/sparkles/Library/Developer/Xcode/DerivedData/Expensio-futtgngxcysvvhcljmosbeftqmyc/Build/Intermediates.noindex/Pods.build/Debug-iphonesimulator/ReactAppDependencyProvider.build/ReactAppDependencyProvider-own-target-headers.hmap (in target 'ReactAppDependencyProvider' from project 'Pods')
    cd /Users/sparkles/Documents/CodingFiles/FullStack/expensioApp/frontend/ios/Pods
    write-file /Users/sparkles/Library/Developer/Xcode/DerivedData/Expensio-futtgngxcysvvhcljmosbeftqmyc/Build/Intermediates.noindex/Pods.build/Debug-iphonesimulator/ReactAppDependencyProvider.build/ReactAppDependencyProvider-own-target-headers.hmap

WriteAuxiliaryFile /Users/sparkles/Library/Developer/Xcode/DerivedData/Expensio-futtgngxcysvvhcljmosbeftqmyc/Build/Intermediates.noindex/Pods.build/Debug-iphonesimulator/ReactAppDependencyProvider.build/ReactAppDependencyProvider-generated-files.hmap (in target 'ReactAppDependencyProvider' from project 'Pods')
    cd /Users/sparkles/Documents/CodingFiles/FullStack/expensioApp/frontend/ios/Pods
    write-file /Users/sparkles/Library/Developer/Xcode/DerivedData/Expensio-futtgngxcysvvhcljmosbeftqmyc/Build/Intermediates.noindex/Pods.build/Debug-iphonesimulator/ReactAppDependencyProvider.build/ReactAppDependencyProvider-generated-files.hmap

WriteAuxiliaryFile /Users/sparkles/Library/Developer/Xcode/DerivedData/Expensio-futtgngxcysvvhcljmosbeftqmyc/Build/Intermediates.noindex/Pods.build/Debug-iphonesimulator/ReactAppDependencyProvider.build/ReactAppDependencyProvider-all-target-headers.hmap (in target 'ReactAppDependencyProvider' from project 'Pods')
    cd /Users/sparkles/Documents/CodingFiles/FullStack/expensioApp/frontend/ios/Pods
    write-file /Users/sparkles/Library/Developer/Xcode/DerivedData/Expensio-futtgngxcysvvhcljmosbeftqmyc/Build/Intermediates.noindex/Pods.build/Debug-iphonesimulator/ReactAppDependencyProvider.build/ReactAppDependencyProvider-all-target-headers.hmap

WriteAuxiliaryFile /Users/sparkles/Library/Developer/Xcode/DerivedData/Expensio-futtgngxcysvvhcljmosbeftqmyc/Build/Intermediates.noindex/Pods.build/Debug-iphonesimulator/ReactAppDependencyProvider.build/ReactAppDependencyProvider-all-non-framework-target-headers.hmap (in target 'ReactAppDependencyProvider' from project 'Pods')
    cd /Users/sparkles/Documents/CodingFiles/FullStack/expensioApp/frontend/ios/Pods
    write-file /Users/sparkles/Library/Developer/Xcode/DerivedData/Expensio-futtgngxcysvvhcljmosbeftqmyc/Build/Intermediates.noindex/Pods.build/Debug-iphonesimulator/ReactAppDependencyProvider.build/ReactAppDependencyProvider-all-non-framework-target-headers.hmap

WriteAuxiliaryFile /Users/sparkles/Library/Developer/Xcode/DerivedData/Expensio-futtgngxcysvvhcljmosbeftqmyc/Build/Intermediates.noindex/Pods.build/Debug-iphonesimulator/ReactAppDependencyProvider.build/Objects-normal/x86_64/e6072d4f65d7061329687fe24e3d63a7-common-args.resp (in target 'ReactAppDependencyProvider' from project 'Pods')
    cd /Users/sparkles/Documents/CodingFiles/FullStack/expensioApp/frontend/ios/Pods
    write-file /Users/sparkles/Library/Developer/Xcode/DerivedData/Expensio-futtgngxcysvvhcljmosbeftqmyc/Build/Intermediates.noindex/Pods.build/Debug-iphonesimulator/ReactAppDependencyProvider.build/Objects-normal/x86_64/e6072d4f65d7061329687fe24e3d63a7-common-args.resp
'-std=gnu11' -fobjc-arc -fmodules '-fmodules-cache-path=/Users/sparkles/Library/Developer/Xcode/DerivedData/ModuleCache.noindex' '-fmodule-name=ReactAppDependencyProvider' -fpascal-strings -O0 -fno-common '-DPOD_CONFIGURATION_DEBUG=1' '-DDEBUG=1' '-DCOCOAPODS=1' '-DOBJC_OLD_DISPATCH_PROTOTYPES=0' -fasm-blocks -g '-fobjc-abi-version=2' -fobjc-legacy-dispatch -iquote /Users/sparkles/Library/Developer/Xcode/DerivedData/Expensio-futtgngxcysvvhcljmosbeftqmyc/Build/Intermediates.noindex/Pods.build/Debug-iphonesimulator/ReactAppDependencyProvider.build/ReactAppDependencyProvider-generated-files.hmap -I/Users/sparkles/Library/Developer/Xcode/DerivedData/Expensio-futtgngxcysvvhcljmosbeftqmyc/Build/Intermediates.noindex/Pods.build/Debug-iphonesimulator/ReactAppDependencyProvider.build/ReactAppDependencyProvider-own-target-headers.hmap -I/Users/sparkles/Library/Developer/Xcode/DerivedData/Expensio-futtgngxcysvvhcljmosbeftqmyc/Build/Intermediates.noindex/Pods.build/Debug-iphonesimulator/ReactAppDependencyProvider.build/ReactAppDependencyProvider-all-non-framework-target-headers.hmap -ivfsoverlay /Users/sparkles/Library/Developer/Xcode/DerivedData/Expensio-futtgngxcysvvhcljmosbeftqmyc/Build/Intermediates.noindex/Pods.build/Debug-iphonesimulator/Pods-8699adb1dd336b26511df848a716bd42-VFS-iphonesimulator/all-product-headers.yaml -iquote /Users/sparkles/Library/Developer/Xcode/DerivedData/Expensio-futtgngxcysvvhcljmosbeftqmyc/Build/Intermediates.noindex/Pods.build/Debug-iphonesimulator/ReactAppDependencyProvider.build/ReactAppDependencyProvider-project-headers.hmap -I/Users/sparkles/Library/Developer/Xcode/DerivedData/Expensio-futtgngxcysvvhcljmosbeftqmyc/Build/Products/Debug-iphonesimulator/ReactAppDependencyProvider/include -I/Users/sparkles/Documents/CodingFiles/FullStack/expensioApp/frontend/ios/Pods/Headers/Private -I/Users/sparkles/Documents/CodingFiles/FullStack/expensioApp/frontend/ios/Pods/Headers/Private/ReactAppDependencyProvider -I/Users/sparkles/Documents/CodingFiles/FullStack/expensioApp/frontend/ios/Pods/Headers/Public -I/Users/sparkles/Documents/CodingFiles/FullStack/expensioApp/frontend/ios/Pods/Headers/Public/FBLazyVector -I/Users/sparkles/Documents/CodingFiles/FullStack/expensioApp/frontend/ios/Pods/Headers/Public/RCTRequired -I/Users/sparkles/Documents/CodingFiles/FullStack/expensioApp/frontend/ios/Pods/Headers/Public/RCTSwiftUIWrapper -I/Users/sparkles/Documents/CodingFiles/FullStack/expensioApp/frontend/ios/Pods/Headers/Public/RCTTypeSafety -I/Users/sparkles/Documents/CodingFiles/FullStack/expensioApp/frontend/ios/Pods/Headers/Public/React-Core -I/Users/sparkles/Documents/CodingFiles/FullStack/expensioApp/frontend/ios/Pods/Headers/Public/React-Core-prebuilt -I/Users/sparkles/Documents/CodingFiles/FullStack/expensioApp/frontend/ios/Pods/Headers/Public/React-CoreModules -I/Users/sparkles/Documents/CodingFiles/FullStack/expensioApp/frontend/ios/Pods/Headers/Public/React-Fabric -I/Users/sparkles/Documents/CodingFiles/FullStack/expensioApp/frontend/ios/Pods/Headers/Public/React-FabricComponents -I/Users/sparkles/Documents/CodingFiles/FullStack/expensioApp/frontend/ios/Pods/Headers/Public/React-FabricImage -I/Users/sparkles/Documents/CodingFiles/FullStack/expensioApp/frontend/ios/Pods/Headers/Public/React-ImageManager -I/Users/sparkles/Documents/CodingFiles/FullStack/expensioApp/frontend/ios/Pods/Headers/Public/React-Mapbuffer -I/Users/sparkles/Documents/CodingFiles/FullStack/expensioApp/frontend/ios/Pods/Headers/Public/React-NativeModulesApple -I/Users/sparkles/Documents/CodingFiles/FullStack/expensioApp/frontend/ios/Pods/Headers/Public/React-RCTAnimation -I/Users/sparkles/Documents/CodingFiles/FullStack/expensioApp/frontend/ios/Pods/Headers/Public/React-RCTBlob -I/Users/sparkles/Documents/CodingFiles/FullStack/expensioApp/frontend/ios/Pods/Headers/Public/React-RCTFBReactNativeSpec -I/Users/sparkles/Documents/CodingFiles/FullStack/expensioApp/frontend/ios/Pods/Headers/Public/React-RCTFabric -I/Users/sparkles/Documents/CodingFiles/FullStack/expensioApp/frontend/ios/Pods/Headers/Public/React-RCTImage -I/Users/sparkles/Documents/CodingFiles/FullStack/expensioApp/frontend/ios/Pods/Headers/Public/React-RCTRuntime -I/Users/sparkles/Documents/CodingFiles/FullStack/expensioApp/frontend/ios/Pods/Headers/Public/React-RCTText -I/Users/sparkles/Documents/CodingFiles/FullStack/expensioApp/frontend/ios/Pods/Headers/Public/React-RuntimeApple -I/Users/sparkles/Documents/CodingFiles/FullStack/expensioApp/frontend/ios/Pods/Headers/Public/React-RuntimeCore -I/Users/sparkles/Documents/CodingFiles/FullStack/expensioApp/frontend/ios/Pods/Headers/Public/React-RuntimeHermes -I/Users/sparkles/Documents/CodingFiles/FullStack/expensioApp/frontend/ios/Pods/Headers/Public/React-callinvoker -I/Users/sparkles/Documents/CodingFiles/FullStack/expensioApp/frontend/ios/Pods/Headers/Public/React-cxxreact -I/Users/sparkles/Documents/CodingFiles/FullStack/expensioApp/frontend/ios/Pods/Headers/Public/React-debug -I/Users/sparkles/Documents/CodingFiles/FullStack/expensioApp/frontend/ios/Pods/Headers/Public/React-defaultsnativemodule -I/Users/sparkles/Documents/CodingFiles/FullStack/expensioApp/frontend/ios/Pods/Headers/Public/React-domnativemodule -I/Users/sparkles/Documents/CodingFiles/FullStack/expensioApp/frontend/ios/Pods/Headers/Public/React-featureflags -I/Users/sparkles/Documents/CodingFiles/FullStack/expensioApp/frontend/ios/Pods/Headers/Public/React-featureflagsnativemodule -I/Users/sparkles/Documents/CodingFiles/FullStack/expensioApp/frontend/ios/Pods/Headers/Public/React-graphics -I/Users/sparkles/Documents/CodingFiles/FullStack/expensioApp/frontend/ios/Pods/Headers/Public/React-hermes -I/Users/sparkles/Documents/CodingFiles/FullStack/expensioApp/frontend/ios/Pods/Headers/Public/React-idlecallbacksnativemodule -I/Users/sparkles/Documents/CodingFiles/FullStack/expensioApp/frontend/ios/Pods/Headers/Public/React-intersectionobservernativemodule -I/Users/sparkles/Documents/CodingFiles/FullStack/expensioApp/frontend/ios/Pods/Headers/Public/React-jserrorhandler -I/Users/sparkles/Documents/CodingFiles/FullStack/expensioApp/frontend/ios/Pods/Headers/Public/React-jsi -I/Users/sparkles/Documents/CodingFiles/FullStack/expensioApp/frontend/ios/Pods/Headers/Public/React-jsiexecutor -I/Users/sparkles/Documents/CodingFiles/FullStack/expensioApp/frontend/ios/Pods/Headers/Public/React-jsinspector -I/Users/sparkles/Documents/CodingFiles/FullStack/expensioApp/frontend/ios/Pods/Headers/Public/React-jsinspectorcdp -I/Users/sparkles/Documents/CodingFiles/FullStack/expensioApp/frontend/ios/Pods/Headers/Public/React-jsinspectornetwork -I/Users/sparkles/Documents/CodingFiles/FullStack/expensioApp/frontend/ios/Pods/Headers/Public/React-jsinspectortracing -I/Users/sparkles/Documents/CodingFiles/FullStack/expensioApp/frontend/ios/Pods/Headers/Public/React-jsitooling -I/Users/sparkles/Documents/CodingFiles/FullStack/expensioApp/frontend/ios/Pods/Headers/Public/React-logger -I/Users/sparkles/Documents/CodingFiles/FullStack/expensioApp/frontend/ios/Pods/Headers/Public/React-microtasksnativemodule -I/Users/sparkles/Documents/CodingFiles/FullStack/expensioApp/frontend/ios/Pods/Headers/Public/React-mutationobservernativemodule -I/Users/sparkles/Documents/CodingFiles/FullStack/expensioApp/frontend/ios/Pods/Headers/Public/React-networking -I/Users/sparkles/Documents/CodingFiles/FullStack/expensioApp/frontend/ios/Pods/Headers/Public/React-oscompat -I/Users/sparkles/Documents/CodingFiles/FullStack/expensioApp/frontend/ios/Pods/Headers/Public/React-perflogger -I/Users/sparkles/Documents/CodingFiles/FullStack/expensioApp/frontend/ios/Pods/Headers/Public/React-performancecdpmetrics -I/Users/sparkles/Documents/CodingFiles/FullStack/expensioApp/frontend/ios/Pods/Headers/Public/React-performancetimeline -I/Users/sparkles/Documents/CodingFiles/FullStack/expensioApp/frontend/ios/Pods/Headers/Public/React-rendererconsistency -I/Users/sparkles/Documents/CodingFiles/FullStack/expensioApp/frontend/ios/Pods/Headers/Public/React-renderercss -I/Users/sparkles/Documents/CodingFiles/FullStack/expensioApp/frontend/ios/Pods/Headers/Public/React-rendererdebug -I/Users/sparkles/Documents/CodingFiles/FullStack/expensioApp/frontend/ios/Pods/Headers/Public/React-runtimeexecutor -I/Users/sparkles/Documents/CodingFiles/FullStack/expensioApp/frontend/ios/Pods/Headers/Public/React-runtimescheduler -I/Users/sparkles/Documents/CodingFiles/FullStack/expensioApp/frontend/ios/Pods/Headers/Public/React-timing -I/Users/sparkles/Documents/CodingFiles/FullStack/expensioApp/frontend/ios/Pods/Headers/Public/React-utils -I/Users/sparkles/Documents/CodingFiles/FullStack/expensioApp/frontend/ios/Pods/Headers/Public/React-viewtransitionnativemodule -I/Users/sparkles/Documents/CodingFiles/FullStack/expensioApp/frontend/ios/Pods/Headers/Public/React-webperformancenativemodule -I/Users/sparkles/Documents/CodingFiles/FullStack/expensioApp/frontend/ios/Pods/Headers/Public/ReactCodegen -I/Users/sparkles/Documents/CodingFiles/FullStack/expensioApp/frontend/ios/Pods/Headers/Public/ReactCommon -I/Users/sparkles/Documents/CodingFiles/FullStack/expensioApp/frontend/ios/Pods/Headers/Public/ReactNativeDependencies -I/Users/sparkles/Documents/CodingFiles/FullStack/expensioApp/frontend/ios/Pods/Headers/Public/Yoga -I/Users/sparkles/Documents/CodingFiles/FullStack/expensioApp/frontend/ios/Pods/Headers/Public/hermes-engine -I/Users/sparkles/Documents/CodingFiles/FullStack/expensioApp/frontend/ios/Pods/ExpoModulesCore/ExpoModulesCore.xcframework/ios-arm64_x86_64-simulator/ExpoModulesCore.framework/Headers -I/Users/sparkles/Documents/CodingFiles/FullStack/expensioApp/frontend/ios/Pods/ExpoModulesCore/ExpoModulesCore.xcframework/ios-arm64/ExpoModulesCore.framework/Headers -I/Users/sparkles/Documents/CodingFiles/FullStack/expensioApp/frontend/ios/Pods/ExpoModulesCore/ExpoModulesCore.xcframework/ios-arm64_x86_64-simulator/ExpoModulesCore.framework/Headers -I/Users/sparkles/Documents/CodingFiles/FullStack/expensioApp/frontend/ios/Pods/ExpoModulesCore/ExpoModulesCore.xcframework/ios-arm64/ExpoModulesCore.framework/Headers -I/Users/sparkles/Library/Developer/Xcode/DerivedData/Expensio-futtgngxcysvvhcljmosbeftqmyc/Build/Intermediates.noindex/Pods.build/Debug-iphonesimulator/ReactAppDependencyProvider.build/DerivedSources-normal/x86_64 -I/Users/sparkles/Library/Developer/Xcode/DerivedData/Expensio-futtgngxcysvvhcljmosbeftqmyc/Build/Intermediates.noindex/Pods.build/Debug-iphonesimulator/ReactAppDependencyProvider.build/DerivedSources/x86_64 -I/Users/sparkles/Library/Developer/Xcode/DerivedData/Expensio-futtgngxcysvvhcljmosbeftqmyc/Build/Intermediates.noindex/Pods.build/Debug-iphonesimulator/ReactAppDependencyProvider.build/DerivedSources -F/Users/sparkles/Library/Developer/Xcode/DerivedData/Expensio-futtgngxcysvvhcljmosbeftqmyc/Build/Products/Debug-iphonesimulator/ReactAppDependencyProvider -F/Users/sparkles/Documents/CodingFiles/FullStack/expensioApp/frontend/ios/Pods/React-Core-prebuilt -F/Users/sparkles/Documents/CodingFiles/FullStack/expensioApp/frontend/ios/Pods/ReactNativeDependencies/framework/packages/react-native -F/Users/sparkles/Documents/CodingFiles/FullStack/expensioApp/frontend/ios/Pods/hermes-engine/destroot/Library/Frameworks/universal -F/Users/sparkles/Library/Developer/Xcode/DerivedData/Expensio-futtgngxcysvvhcljmosbeftqmyc/Build/Products/Debug-iphonesimulator/XCFrameworkIntermediates/React-Core-prebuilt -F/Users/sparkles/Library/Developer/Xcode/DerivedData/Expensio-futtgngxcysvvhcljmosbeftqmyc/Build/Products/Debug-iphonesimulator/XCFrameworkIntermediates/ReactNativeDependencies -F/Users/sparkles/Library/Developer/Xcode/DerivedData/Expensio-futtgngxcysvvhcljmosbeftqmyc/Build/Products/Debug-iphonesimulator/XCFrameworkIntermediates/hermes-engine/Pre-built '-DRCT_REMOVE_LEGACY_ARCH=1' '-fmodule-map-file=/Users/sparkles/Documents/CodingFiles/FullStack/expensioApp/frontend/ios/Pods/Headers/Public/ReactCodegen/ReactCodegen.modulemap' -ivfsoverlay /Users/sparkles/Documents/CodingFiles/FullStack/expensioApp/frontend/ios/Pods/React-Core-prebuilt/React-VFS.yaml

WriteAuxiliaryFile /Users/sparkles/Library/Developer/Xcode/DerivedData/Expensio-futtgngxcysvvhcljmosbeftqmyc/Build/Intermediates.noindex/Pods.build/Debug-iphonesimulator/ReactAppDependencyProvider.build/Objects-normal/x86_64/af3fcb34312c57c0f52879cdce924b91-common-args.resp (in target 'ReactAppDependencyProvider' from project 'Pods')
    cd /Users/sparkles/Documents/CodingFiles/FullStack/expensioApp/frontend/ios/Pods
    write-file /Users/sparkles/Library/Developer/Xcode/DerivedData/Expensio-futtgngxcysvvhcljmosbeftqmyc/Build/Intermediates.noindex/Pods.build/Debug-iphonesimulator/ReactAppDependencyProvider.build/Objects-normal/x86_64/af3fcb34312c57c0f52879cdce924b91-common-args.resp
'-std=c++20' '-stdlib=libc++' -fobjc-arc -fmodules -fno-cxx-modules '-fmodules-cache-path=/Users/sparkles/Library/Developer/Xcode/DerivedData/ModuleCache.noindex' '-fmodule-name=ReactAppDependencyProvider' '-D_LIBCPP_HARDENING_MODE=_LIBCPP_HARDENING_MODE_DEBUG' -fpascal-strings -O0 -fno-common '-DPOD_CONFIGURATION_DEBUG=1' '-DDEBUG=1' '-DCOCOAPODS=1' '-DOBJC_OLD_DISPATCH_PROTOTYPES=0' -fasm-blocks -g '-fobjc-abi-version=2' -fobjc-legacy-dispatch -iquote /Users/sparkles/Library/Developer/Xcode/DerivedData/Expensio-futtgngxcysvvhcljmosbeftqmyc/Build/Intermediates.noindex/Pods.build/Debug-iphonesimulator/ReactAppDependencyProvider.build/ReactAppDependencyProvider-generated-files.hmap -I/Users/sparkles/Library/Developer/Xcode/DerivedData/Expensio-futtgngxcysvvhcljmosbeftqmyc/Build/Intermediates.noindex/Pods.build/Debug-iphonesimulator/ReactAppDependencyProvider.build/ReactAppDependencyProvider-own-target-headers.hmap -I/Users/sparkles/Library/Developer/Xcode/DerivedData/Expensio-futtgngxcysvvhcljmosbeftqmyc/Build/Intermediates.noindex/Pods.build/Debug-iphonesimulator/ReactAppDependencyProvider.build/ReactAppDependencyProvider-all-non-framework-target-headers.hmap -ivfsoverlay /Users/sparkles/Library/Developer/Xcode/DerivedData/Expensio-futtgngxcysvvhcljmosbeftqmyc/Build/Intermediates.noindex/Pods.build/Debug-iphonesimulator/Pods-8699adb1dd336b26511df848a716bd42-VFS-iphonesimulator/all-product-headers.yaml -iquote /Users/sparkles/Library/Developer/Xcode/DerivedData/Expensio-futtgngxcysvvhcljmosbeftqmyc/Build/Intermediates.noindex/Pods.build/Debug-iphonesimulator/ReactAppDependencyProvider.build/ReactAppDependencyProvider-project-headers.hmap -I/Users/sparkles/Library/Developer/Xcode/DerivedData/Expensio-futtgngxcysvvhcljmosbeftqmyc/Build/Products/Debug-iphonesimulator/ReactAppDependencyProvider/include -I/Users/sparkles/Documents/CodingFiles/FullStack/expensioApp/frontend/ios/Pods/Headers/Private -I/Users/sparkles/Documents/CodingFiles/FullStack/expensioApp/frontend/ios/Pods/Headers/Private/ReactAppDependencyProvider -I/Users/sparkles/Documents/CodingFiles/FullStack/expensioApp/frontend/ios/Pods/Headers/Public -I/Users/sparkles/Documents/CodingFiles/FullStack/expensioApp/frontend/ios/Pods/Headers/Public/FBLazyVector -I/Users/sparkles/Documents/CodingFiles/FullStack/expensioApp/frontend/ios/Pods/Headers/Public/RCTRequired -I/Users/sparkles/Documents/CodingFiles/FullStack/expensioApp/frontend/ios/Pods/Headers/Public/RCTSwiftUIWrapper -I/Users/sparkles/Documents/CodingFiles/FullStack/expensioApp/frontend/ios/Pods/Headers/Public/RCTTypeSafety -I/Users/sparkles/Documents/CodingFiles/FullStack/expensioApp/frontend/ios/Pods/Headers/Public/React-Core -I/Users/sparkles/Documents/CodingFiles/FullStack/expensioApp/frontend/ios/Pods/Headers/Public/React-Core-prebuilt -I/Users/sparkles/Documents/CodingFiles/FullStack/expensioApp/frontend/ios/Pods/Headers/Public/React-CoreModules -I/Users/sparkles/Documents/CodingFiles/FullStack/expensioApp/frontend/ios/Pods/Headers/Public/React-Fabric -I/Users/sparkles/Documents/CodingFiles/FullStack/expensioApp/frontend/ios/Pods/Headers/Public/React-FabricComponents -I/Users/sparkles/Documents/CodingFiles/FullStack/expensioApp/frontend/ios/Pods/Headers/Public/React-FabricImage -I/Users/sparkles/Documents/CodingFiles/FullStack/expensioApp/frontend/ios/Pods/Headers/Public/React-ImageManager -I/Users/sparkles/Documents/CodingFiles/FullStack/expensioApp/frontend/ios/Pods/Headers/Public/React-Mapbuffer -I/Users/sparkles/Documents/CodingFiles/FullStack/expensioApp/frontend/ios/Pods/Headers/Public/React-NativeModulesApple -I/Users/sparkles/Documents/CodingFiles/FullStack/expensioApp/frontend/ios/Pods/Headers/Public/React-RCTAnimation -I/Users/sparkles/Documents/CodingFiles/FullStack/expensioApp/frontend/ios/Pods/Headers/Public/React-RCTBlob -I/Users/sparkles/Documents/CodingFiles/FullStack/expensioApp/frontend/ios/Pods/Headers/Public/React-RCTFBReactNativeSpec -I/Users/sparkles/Documents/CodingFiles/FullStack/expensioApp/frontend/ios/Pods/Headers/Public/React-RCTFabric -I/Users/sparkles/Documents/CodingFiles/FullStack/expensioApp/frontend/ios/Pods/Headers/Public/React-RCTImage -I/Users/sparkles/Documents/CodingFiles/FullStack/expensioApp/frontend/ios/Pods/Headers/Public/React-RCTRuntime -I/Users/sparkles/Documents/CodingFiles/FullStack/expensioApp/frontend/ios/Pods/Headers/Public/React-RCTText -I/Users/sparkles/Documents/CodingFiles/FullStack/expensioApp/frontend/ios/Pods/Headers/Public/React-RuntimeApple -I/Users/sparkles/Documents/CodingFiles/FullStack/expensioApp/frontend/ios/Pods/Headers/Public/React-RuntimeCore -I/Users/sparkles/Documents/CodingFiles/FullStack/expensioApp/frontend/ios/Pods/Headers/Public/React-RuntimeHermes -I/Users/sparkles/Documents/CodingFiles/FullStack/expensioApp/frontend/ios/Pods/Headers/Public/React-callinvoker -I/Users/sparkles/Documents/CodingFiles/FullStack/expensioApp/frontend/ios/Pods/Headers/Public/React-cxxreact -I/Users/sparkles/Documents/CodingFiles/FullStack/expensioApp/frontend/ios/Pods/Headers/Public/React-debug -I/Users/sparkles/Documents/CodingFiles/FullStack/expensioApp/frontend/ios/Pods/Headers/Public/React-defaultsnativemodule -I/Users/sparkles/Documents/CodingFiles/FullStack/expensioApp/frontend/ios/Pods/Headers/Public/React-domnativemodule -I/Users/sparkles/Documents/CodingFiles/FullStack/expensioApp/frontend/ios/Pods/Headers/Public/React-featureflags -I/Users/sparkles/Documents/CodingFiles/FullStack/expensioApp/frontend/ios/Pods/Headers/Public/React-featureflagsnativemodule -I/Users/sparkles/Documents/CodingFiles/FullStack/expensioApp/frontend/ios/Pods/Headers/Public/React-graphics -I/Users/sparkles/Documents/CodingFiles/FullStack/expensioApp/frontend/ios/Pods/Headers/Public/React-hermes -I/Users/sparkles/Documents/CodingFiles/FullStack/expensioApp/frontend/ios/Pods/Headers/Public/React-idlecallbacksnativemodule -I/Users/sparkles/Documents/CodingFiles/FullStack/expensioApp/frontend/ios/Pods/Headers/Public/React-intersectionobservernativemodule -I/Users/sparkles/Documents/CodingFiles/FullStack/expensioApp/frontend/ios/Pods/Headers/Public/React-jserrorhandler -I/Users/sparkles/Documents/CodingFiles/FullStack/expensioApp/frontend/ios/Pods/Headers/Public/React-jsi -I/Users/sparkles/Documents/CodingFiles/FullStack/expensioApp/frontend/ios/Pods/Headers/Public/React-jsiexecutor -I/Users/sparkles/Documents/CodingFiles/FullStack/expensioApp/frontend/ios/Pods/Headers/Public/React-jsinspector -I/Users/sparkles/Documents/CodingFiles/FullStack/expensioApp/frontend/ios/Pods/Headers/Public/React-jsinspectorcdp -I/Users/sparkles/Documents/CodingFiles/FullStack/expensioApp/frontend/ios/Pods/Headers/Public/React-jsinspectornetwork -I/Users/sparkles/Documents/CodingFiles/FullStack/expensioApp/frontend/ios/Pods/Headers/Public/React-jsinspectortracing -I/Users/sparkles/Documents/CodingFiles/FullStack/expensioApp/frontend/ios/Pods/Headers/Public/React-jsitooling -I/Users/sparkles/Documents/CodingFiles/FullStack/expensioApp/frontend/ios/Pods/Headers/Public/React-logger -I/Users/sparkles/Documents/CodingFiles/FullStack/expensioApp/frontend/ios/Pods/Headers/Public/React-microtasksnativemodule -I/Users/sparkles/Documents/CodingFiles/FullStack/expensioApp/frontend/ios/Pods/Headers/Public/React-mutationobservernativemodule -I/Users/sparkles/Documents/CodingFiles/FullStack/expensioApp/frontend/ios/Pods/Headers/Public/React-networking -I/Users/sparkles/Documents/CodingFiles/FullStack/expensioApp/frontend/ios/Pods/Headers/Public/React-oscompat -I/Users/sparkles/Documents/CodingFiles/FullStack/expensioApp/frontend/ios/Pods/Headers/Public/React-perflogger -I/Users/sparkles/Documents/CodingFiles/FullStack/expensioApp/frontend/ios/Pods/Headers/Public/React-performancecdpmetrics -I/Users/sparkles/Documents/CodingFiles/FullStack/expensioApp/frontend/ios/Pods/Headers/Public/React-performancetimeline -I/Users/sparkles/Documents/CodingFiles/FullStack/expensioApp/frontend/ios/Pods/Headers/Public/React-rendererconsistency -I/Users/sparkles/Documents/CodingFiles/FullStack/expensioApp/frontend/ios/Pods/Headers/Public/React-renderercss -I/Users/sparkles/Documents/CodingFiles/FullStack/expensioApp/frontend/ios/Pods/Headers/Public/React-rendererdebug -I/Users/sparkles/Documents/CodingFiles/FullStack/expensioApp/frontend/ios/Pods/Headers/Public/React-runtimeexecutor -I/Users/sparkles/Documents/CodingFiles/FullStack/expensioApp/frontend/ios/Pods/Headers/Public/React-runtimescheduler -I/Users/sparkles/Documents/CodingFiles/FullStack/expensioApp/frontend/ios/Pods/Headers/Public/React-timing -I/Users/sparkles/Documents/CodingFiles/FullStack/expensioApp/frontend/ios/Pods/Headers/Public/React-utils -I/Users/sparkles/Documents/CodingFiles/FullStack/expensioApp/frontend/ios/Pods/Headers/Public/React-viewtransitionnativemodule -I/Users/sparkles/Documents/CodingFiles/FullStack/expensioApp/frontend/ios/Pods/Headers/Public/React-webperformancenativemodule -I/Users/sparkles/Documents/CodingFiles/FullStack/expensioApp/frontend/ios/Pods/Headers/Public/ReactCodegen -I/Users/sparkles/Documents/CodingFiles/FullStack/expensioApp/frontend/ios/Pods/Headers/Public/ReactCommon -I/Users/sparkles/Documents/CodingFiles/FullStack/expensioApp/frontend/ios/Pods/Headers/Public/ReactNativeDependencies -I/Users/sparkles/Documents/CodingFiles/FullStack/expensioApp/frontend/ios/Pods/Headers/Public/Yoga -I/Users/sparkles/Documents/CodingFiles/FullStack/expensioApp/frontend/ios/Pods/Headers/Public/hermes-engine -I/Users/sparkles/Documents/CodingFiles/FullStack/expensioApp/frontend/ios/Pods/ExpoModulesCore/ExpoModulesCore.xcframework/ios-arm64_x86_64-simulator/ExpoModulesCore.framework/Headers -I/Users/sparkles/Documents/CodingFiles/FullStack/expensioApp/frontend/ios/Pods/ExpoModulesCore/ExpoModulesCore.xcframework/ios-arm64/ExpoModulesCore.framework/Headers -I/Users/sparkles/Documents/CodingFiles/FullStack/expensioApp/frontend/ios/Pods/ExpoModulesCore/ExpoModulesCore.xcframework/ios-arm64_x86_64-simulator/ExpoModulesCore.framework/Headers -I/Users/sparkles/Documents/CodingFiles/FullStack/expensioApp/frontend/ios/Pods/ExpoModulesCore/ExpoModulesCore.xcframework/ios-arm64/ExpoModulesCore.framework/Headers -I/Users/sparkles/Library/Developer/Xcode/DerivedData/Expensio-futtgngxcysvvhcljmosbeftqmyc/Build/Intermediates.noindex/Pods.build/Debug-iphonesimulator/ReactAppDependencyProvider.build/DerivedSources-normal/x86_64 -I/Users/sparkles/Library/Developer/Xcode/DerivedData/Expensio-futtgngxcysvvhcljmosbeftqmyc/Build/Intermediates.noindex/Pods.build/Debug-iphonesimulator/ReactAppDependencyProvider.build/DerivedSources/x86_64 -I/Users/sparkles/Library/Developer/Xcode/DerivedData/Expensio-futtgngxcysvvhcljmosbeftqmyc/Build/Intermediates.noindex/Pods.build/Debug-iphonesimulator/ReactAppDependencyProvider.build/DerivedSources -F/Users/sparkles/Library/Developer/Xcode/DerivedData/Expensio-futtgngxcysvvhcljmosbeftqmyc/Build/Products/Debug-iphonesimulator/ReactAppDependencyProvider -F/Users/sparkles/Documents/CodingFiles/FullStack/expensioApp/frontend/ios/Pods/React-Core-prebuilt -F/Users/sparkles/Documents/CodingFiles/FullStack/expensioApp/frontend/ios/Pods/ReactNativeDependencies/framework/packages/react-native -F/Users/sparkles/Documents/CodingFiles/FullStack/expensioApp/frontend/ios/Pods/hermes-engine/destroot/Library/Frameworks/universal -F/Users/sparkles/Library/Developer/Xcode/DerivedData/Expensio-futtgngxcysvvhcljmosbeftqmyc/Build/Products/Debug-iphonesimulator/XCFrameworkIntermediates/React-Core-prebuilt -F/Users/sparkles/Library/Developer/Xcode/DerivedData/Expensio-futtgngxcysvvhcljmosbeftqmyc/Build/Products/Debug-iphonesimulator/XCFrameworkIntermediates/ReactNativeDependencies -F/Users/sparkles/Library/Developer/Xcode/DerivedData/Expensio-futtgngxcysvvhcljmosbeftqmyc/Build/Products/Debug-iphonesimulator/XCFrameworkIntermediates/hermes-engine/Pre-built '-DRCT_REMOVE_LEGACY_ARCH=1' '-fmodule-map-file=/Users/sparkles/Documents/CodingFiles/FullStack/expensioApp/frontend/ios/Pods/Headers/Public/ReactCodegen/ReactCodegen.modulemap' -ivfsoverlay /Users/sparkles/Documents/CodingFiles/FullStack/expensioApp/frontend/ios/Pods/React-Core-prebuilt/React-VFS.yaml '-DRCT_REMOVE_LEGACY_ARCH=1' -ivfsoverlay /Users/sparkles/Documents/CodingFiles/FullStack/expensioApp/frontend/ios/Pods/React-Core-prebuilt/React-VFS.yaml

WriteAuxiliaryFile /Users/sparkles/Library/Developer/Xcode/DerivedData/Expensio-futtgngxcysvvhcljmosbeftqmyc/Build/Intermediates.noindex/Pods.build/Debug-iphonesimulator/ReactAppDependencyProvider.build/Objects-normal/x86_64/ReactAppDependencyProvider.LinkFileList (in target 'ReactAppDependencyProvider' from project 'Pods')
    cd /Users/sparkles/Documents/CodingFiles/FullStack/expensioApp/frontend/ios/Pods
    write-file /Users/sparkles/Library/Developer/Xcode/DerivedData/Expensio-futtgngxcysvvhcljmosbeftqmyc/Build/Intermediates.noindex/Pods.build/Debug-iphonesimulator/ReactAppDependencyProvider.build/Objects-normal/x86_64/ReactAppDependencyProvider.LinkFileList

WriteAuxiliaryFile /Users/sparkles/Library/Developer/Xcode/DerivedData/Expensio-futtgngxcysvvhcljmosbeftqmyc/Build/Intermediates.noindex/Pods.build/Debug-iphonesimulator/ReactAppDependencyProvider.build/Objects-normal/arm64/e6072d4f65d7061329687fe24e3d63a7-common-args.resp (in target 'ReactAppDependencyProvider' from project 'Pods')
    cd /Users/sparkles/Documents/CodingFiles/FullStack/expensioApp/frontend/ios/Pods
    write-file /Users/sparkles/Library/Developer/Xcode/DerivedData/Expensio-futtgngxcysvvhcljmosbeftqmyc/Build/Intermediates.noindex/Pods.build/Debug-iphonesimulator/ReactAppDependencyProvider.build/Objects-normal/arm64/e6072d4f65d7061329687fe24e3d63a7-common-args.resp
'-std=gnu11' -fobjc-arc -fmodules '-fmodules-cache-path=/Users/sparkles/Library/Developer/Xcode/DerivedData/ModuleCache.noindex' '-fmodule-name=ReactAppDependencyProvider' -fpascal-strings -O0 -fno-common '-DPOD_CONFIGURATION_DEBUG=1' '-DDEBUG=1' '-DCOCOAPODS=1' '-DOBJC_OLD_DISPATCH_PROTOTYPES=0' -g '-fobjc-abi-version=2' -fobjc-legacy-dispatch -iquote /Users/sparkles/Library/Developer/Xcode/DerivedData/Expensio-futtgngxcysvvhcljmosbeftqmyc/Build/Intermediates.noindex/Pods.build/Debug-iphonesimulator/ReactAppDependencyProvider.build/ReactAppDependencyProvider-generated-files.hmap -I/Users/sparkles/Library/Developer/Xcode/DerivedData/Expensio-futtgngxcysvvhcljmosbeftqmyc/Build/Intermediates.noindex/Pods.build/Debug-iphonesimulator/ReactAppDependencyProvider.build/ReactAppDependencyProvider-own-target-headers.hmap -I/Users/sparkles/Library/Developer/Xcode/DerivedData/Expensio-futtgngxcysvvhcljmosbeftqmyc/Build/Intermediates.noindex/Pods.build/Debug-iphonesimulator/ReactAppDependencyProvider.build/ReactAppDependencyProvider-all-non-framework-target-headers.hmap -ivfsoverlay /Users/sparkles/Library/Developer/Xcode/DerivedData/Expensio-futtgngxcysvvhcljmosbeftqmyc/Build/Intermediates.noindex/Pods.build/Debug-iphonesimulator/Pods-8699adb1dd336b26511df848a716bd42-VFS-iphonesimulator/all-product-headers.yaml -iquote /Users/sparkles/Library/Developer/Xcode/DerivedData/Expensio-futtgngxcysvvhcljmosbeftqmyc/Build/Intermediates.noindex/Pods.build/Debug-iphonesimulator/ReactAppDependencyProvider.build/ReactAppDependencyProvider-project-headers.hmap -I/Users/sparkles/Library/Developer/Xcode/DerivedData/Expensio-futtgngxcysvvhcljmosbeftqmyc/Build/Products/Debug-iphonesimulator/ReactAppDependencyProvider/include -I/Users/sparkles/Documents/CodingFiles/FullStack/expensioApp/frontend/ios/Pods/Headers/Private -I/Users/sparkles/Documents/CodingFiles/FullStack/expensioApp/frontend/ios/Pods/Headers/Private/ReactAppDependencyProvider -I/Users/sparkles/Documents/CodingFiles/FullStack/expensioApp/frontend/ios/Pods/Headers/Public -I/Users/sparkles/Documents/CodingFiles/FullStack/expensioApp/frontend/ios/Pods/Headers/Public/FBLazyVector -I/Users/sparkles/Documents/CodingFiles/FullStack/expensioApp/frontend/ios/Pods/Headers/Public/RCTRequired -I/Users/sparkles/Documents/CodingFiles/FullStack/expensioApp/frontend/ios/Pods/Headers/Public/RCTSwiftUIWrapper -I/Users/sparkles/Documents/CodingFiles/FullStack/expensioApp/frontend/ios/Pods/Headers/Public/RCTTypeSafety -I/Users/sparkles/Documents/CodingFiles/FullStack/expensioApp/frontend/ios/Pods/Headers/Public/React-Core -I/Users/sparkles/Documents/CodingFiles/FullStack/expensioApp/frontend/ios/Pods/Headers/Public/React-Core-prebuilt -I/Users/sparkles/Documents/CodingFiles/FullStack/expensioApp/frontend/ios/Pods/Headers/Public/React-CoreModules -I/Users/sparkles/Documents/CodingFiles/FullStack/expensioApp/frontend/ios/Pods/Headers/Public/React-Fabric -I/Users/sparkles/Documents/CodingFiles/FullStack/expensioApp/frontend/ios/Pods/Headers/Public/React-FabricComponents -I/Users/sparkles/Documents/CodingFiles/FullStack/expensioApp/frontend/ios/Pods/Headers/Public/React-FabricImage -I/Users/sparkles/Documents/CodingFiles/FullStack/expensioApp/frontend/ios/Pods/Headers/Public/React-ImageManager -I/Users/sparkles/Documents/CodingFiles/FullStack/expensioApp/frontend/ios/Pods/Headers/Public/React-Mapbuffer -I/Users/sparkles/Documents/CodingFiles/FullStack/expensioApp/frontend/ios/Pods/Headers/Public/React-NativeModulesApple -I/Users/sparkles/Documents/CodingFiles/FullStack/expensioApp/frontend/ios/Pods/Headers/Public/React-RCTAnimation -I/Users/sparkles/Documents/CodingFiles/FullStack/expensioApp/frontend/ios/Pods/Headers/Public/React-RCTBlob -I/Users/sparkles/Documents/CodingFiles/FullStack/expensioApp/frontend/ios/Pods/Headers/Public/React-RCTFBReactNativeSpec -I/Users/sparkles/Documents/CodingFiles/FullStack/expensioApp/frontend/ios/Pods/Headers/Public/React-RCTFabric -I/Users/sparkles/Documents/CodingFiles/FullStack/expensioApp/frontend/ios/Pods/Headers/Public/React-RCTImage -I/Users/sparkles/Documents/CodingFiles/FullStack/expensioApp/frontend/ios/Pods/Headers/Public/React-RCTRuntime -I/Users/sparkles/Documents/CodingFiles/FullStack/expensioApp/frontend/ios/Pods/Headers/Public/React-RCTText -I/Users/sparkles/Documents/CodingFiles/FullStack/expensioApp/frontend/ios/Pods/Headers/Public/React-RuntimeApple -I/Users/sparkles/Documents/CodingFiles/FullStack/expensioApp/frontend/ios/Pods/Headers/Public/React-RuntimeCore -I/Users/sparkles/Documents/CodingFiles/FullStack/expensioApp/frontend/ios/Pods/Headers/Public/React-RuntimeHermes -I/Users/sparkles/Documents/CodingFiles/FullStack/expensioApp/frontend/ios/Pods/Headers/Public/React-callinvoker -I/Users/sparkles/Documents/CodingFiles/FullStack/expensioApp/frontend/ios/Pods/Headers/Public/React-cxxreact -I/Users/sparkles/Documents/CodingFiles/FullStack/expensioApp/frontend/ios/Pods/Headers/Public/React-debug -I/Users/sparkles/Documents/CodingFiles/FullStack/expensioApp/frontend/ios/Pods/Headers/Public/React-defaultsnativemodule -I/Users/sparkles/Documents/CodingFiles/FullStack/expensioApp/frontend/ios/Pods/Headers/Public/React-domnativemodule -I/Users/sparkles/Documents/CodingFiles/FullStack/expensioApp/frontend/ios/Pods/Headers/Public/React-featureflags -I/Users/sparkles/Documents/CodingFiles/FullStack/expensioApp/frontend/ios/Pods/Headers/Public/React-featureflagsnativemodule -I/Users/sparkles/Documents/CodingFiles/FullStack/expensioApp/frontend/ios/Pods/Headers/Public/React-graphics -I/Users/sparkles/Documents/CodingFiles/FullStack/expensioApp/frontend/ios/Pods/Headers/Public/React-hermes -I/Users/sparkles/Documents/CodingFiles/FullStack/expensioApp/frontend/ios/Pods/Headers/Public/React-idlecallbacksnativemodule -I/Users/sparkles/Documents/CodingFiles/FullStack/expensioApp/frontend/ios/Pods/Headers/Public/React-intersectionobservernativemodule -I/Users/sparkles/Documents/CodingFiles/FullStack/expensioApp/frontend/ios/Pods/Headers/Public/React-jserrorhandler -I/Users/sparkles/Documents/CodingFiles/FullStack/expensioApp/frontend/ios/Pods/Headers/Public/React-jsi -I/Users/sparkles/Documents/CodingFiles/FullStack/expensioApp/frontend/ios/Pods/Headers/Public/React-jsiexecutor -I/Users/sparkles/Documents/CodingFiles/FullStack/expensioApp/frontend/ios/Pods/Headers/Public/React-jsinspector -I/Users/sparkles/Documents/CodingFiles/FullStack/expensioApp/frontend/ios/Pods/Headers/Public/React-jsinspectorcdp -I/Users/sparkles/Documents/CodingFiles/FullStack/expensioApp/frontend/ios/Pods/Headers/Public/React-jsinspectornetwork -I/Users/sparkles/Documents/CodingFiles/FullStack/expensioApp/frontend/ios/Pods/Headers/Public/React-jsinspectortracing -I/Users/sparkles/Documents/CodingFiles/FullStack/expensioApp/frontend/ios/Pods/Headers/Public/React-jsitooling -I/Users/sparkles/Documents/CodingFiles/FullStack/expensioApp/frontend/ios/Pods/Headers/Public/React-logger -I/Users/sparkles/Documents/CodingFiles/FullStack/expensioApp/frontend/ios/Pods/Headers/Public/React-microtasksnativemodule -I/Users/sparkles/Documents/CodingFiles/FullStack/expensioApp/frontend/ios/Pods/Headers/Public/React-mutationobservernativemodule -I/Users/sparkles/Documents/CodingFiles/FullStack/expensioApp/frontend/ios/Pods/Headers/Public/React-networking -I/Users/sparkles/Documents/CodingFiles/FullStack/expensioApp/frontend/ios/Pods/Headers/Public/React-oscompat -I/Users/sparkles/Documents/CodingFiles/FullStack/expensioApp/frontend/ios/Pods/Headers/Public/React-perflogger -I/Users/sparkles/Documents/CodingFiles/FullStack/expensioApp/frontend/ios/Pods/Headers/Public/React-performancecdpmetrics -I/Users/sparkles/Documents/CodingFiles/FullStack/expensioApp/frontend/ios/Pods/Headers/Public/React-performancetimeline -I/Users/sparkles/Documents/CodingFiles/FullStack/expensioApp/frontend/ios/Pods/Headers/Public/React-rendererconsistency -I/Users/sparkles/Documents/CodingFiles/FullStack/expensioApp/frontend/ios/Pods/Headers/Public/React-renderercss -I/Users/sparkles/Documents/CodingFiles/FullStack/expensioApp/frontend/ios/Pods/Headers/Public/React-rendererdebug -I/Users/sparkles/Documents/CodingFiles/FullStack/expensioApp/frontend/ios/Pods/Headers/Public/React-runtimeexecutor -I/Users/sparkles/Documents/CodingFiles/FullStack/expensioApp/frontend/ios/Pods/Headers/Public/React-runtimescheduler -I/Users/sparkles/Documents/CodingFiles/FullStack/expensioApp/frontend/ios/Pods/Headers/Public/React-timing -I/Users/sparkles/Documents/CodingFiles/FullStack/expensioApp/frontend/ios/Pods/Headers/Public/React-utils -I/Users/sparkles/Documents/CodingFiles/FullStack/expensioApp/frontend/ios/Pods/Headers/Public/React-viewtransitionnativemodule -I/Users/sparkles/Documents/CodingFiles/FullStack/expensioApp/frontend/ios/Pods/Headers/Public/React-webperformancenativemodule -I/Users/sparkles/Documents/CodingFiles/FullStack/expensioApp/frontend/ios/Pods/Headers/Public/ReactCodegen -I/Users/sparkles/Documents/CodingFiles/FullStack/expensioApp/frontend/ios/Pods/Headers/Public/ReactCommon -I/Users/sparkles/Documents/CodingFiles/FullStack/expensioApp/frontend/ios/Pods/Headers/Public/ReactNativeDependencies -I/Users/sparkles/Documents/CodingFiles/FullStack/expensioApp/frontend/ios/Pods/Headers/Public/Yoga -I/Users/sparkles/Documents/CodingFiles/FullStack/expensioApp/frontend/ios/Pods/Headers/Public/hermes-engine -I/Users/sparkles/Documents/CodingFiles/FullStack/expensioApp/frontend/ios/Pods/ExpoModulesCore/ExpoModulesCore.xcframework/ios-arm64_x86_64-simulator/ExpoModulesCore.framework/Headers -I/Users/sparkles/Documents/CodingFiles/FullStack/expensioApp/frontend/ios/Pods/ExpoModulesCore/ExpoModulesCore.xcframework/ios-arm64/ExpoModulesCore.framework/Headers -I/Users/sparkles/Documents/CodingFiles/FullStack/expensioApp/frontend/ios/Pods/ExpoModulesCore/ExpoModulesCore.xcframework/ios-arm64_x86_64-simulator/ExpoModulesCore.framework/Headers -I/Users/sparkles/Documents/CodingFiles/FullStack/expensioApp/frontend/ios/Pods/ExpoModulesCore/ExpoModulesCore.xcframework/ios-arm64/ExpoModulesCore.framework/Headers -I/Users/sparkles/Library/Developer/Xcode/DerivedData/Expensio-futtgngxcysvvhcljmosbeftqmyc/Build/Intermediates.noindex/Pods.build/Debug-iphonesimulator/ReactAppDependencyProvider.build/DerivedSources-normal/arm64 -I/Users/sparkles/Library/Developer/Xcode/DerivedData/Expensio-futtgngxcysvvhcljmosbeftqmyc/Build/Intermediates.noindex/Pods.build/Debug-iphonesimulator/ReactAppDependencyProvider.build/DerivedSources/arm64 -I/Users/sparkles/Library/Developer/Xcode/DerivedData/Expensio-futtgngxcysvvhcljmosbeftqmyc/Build/Intermediates.noindex/Pods.build/Debug-iphonesimulator/ReactAppDependencyProvider.build/DerivedSources -F/Users/sparkles/Library/Developer/Xcode/DerivedData/Expensio-futtgngxcysvvhcljmosbeftqmyc/Build/Products/Debug-iphonesimulator/ReactAppDependencyProvider -F/Users/sparkles/Documents/CodingFiles/FullStack/expensioApp/frontend/ios/Pods/React-Core-prebuilt -F/Users/sparkles/Documents/CodingFiles/FullStack/expensioApp/frontend/ios/Pods/ReactNativeDependencies/framework/packages/react-native -F/Users/sparkles/Documents/CodingFiles/FullStack/expensioApp/frontend/ios/Pods/hermes-engine/destroot/Library/Frameworks/universal -F/Users/sparkles/Library/Developer/Xcode/DerivedData/Expensio-futtgngxcysvvhcljmosbeftqmyc/Build/Products/Debug-iphonesimulator/XCFrameworkIntermediates/React-Core-prebuilt -F/Users/sparkles/Library/Developer/Xcode/DerivedData/Expensio-futtgngxcysvvhcljmosbeftqmyc/Build/Products/Debug-iphonesimulator/XCFrameworkIntermediates/ReactNativeDependencies -F/Users/sparkles/Library/Developer/Xcode/DerivedData/Expensio-futtgngxcysvvhcljmosbeftqmyc/Build/Products/Debug-iphonesimulator/XCFrameworkIntermediates/hermes-engine/Pre-built '-DRCT_REMOVE_LEGACY_ARCH=1' '-fmodule-map-file=/Users/sparkles/Documents/CodingFiles/FullStack/expensioApp/frontend/ios/Pods/Headers/Public/ReactCodegen/ReactCodegen.modulemap' -ivfsoverlay /Users/sparkles/Documents/CodingFiles/FullStack/expensioApp/frontend/ios/Pods/React-Core-prebuilt/React-VFS.yaml

WriteAuxiliaryFile /Users/sparkles/Library/Developer/Xcode/DerivedData/Expensio-futtgngxcysvvhcljmosbeftqmyc/Build/Intermediates.noindex/Pods.build/Debug-iphonesimulator/ReactAppDependencyProvider.build/Objects-normal/arm64/af3fcb34312c57c0f52879cdce924b91-common-args.resp (in target 'ReactAppDependencyProvider' from project 'Pods')
    cd /Users/sparkles/Documents/CodingFiles/FullStack/expensioApp/frontend/ios/Pods
    write-file /Users/sparkles/Library/Developer/Xcode/DerivedData/Expensio-futtgngxcysvvhcljmosbeftqmyc/Build/Intermediates.noindex/Pods.build/Debug-iphonesimulator/ReactAppDependencyProvider.build/Objects-normal/arm64/af3fcb34312c57c0f52879cdce924b91-common-args.resp
'-std=c++20' '-stdlib=libc++' -fobjc-arc -fmodules -fno-cxx-modules '-fmodules-cache-path=/Users/sparkles/Library/Developer/Xcode/DerivedData/ModuleCache.noindex' '-fmodule-name=ReactAppDependencyProvider' '-D_LIBCPP_HARDENING_MODE=_LIBCPP_HARDENING_MODE_DEBUG' -fpascal-strings -O0 -fno-common '-DPOD_CONFIGURATION_DEBUG=1' '-DDEBUG=1' '-DCOCOAPODS=1' '-DOBJC_OLD_DISPATCH_PROTOTYPES=0' -g '-fobjc-abi-version=2' -fobjc-legacy-dispatch -iquote /Users/sparkles/Library/Developer/Xcode/DerivedData/Expensio-futtgngxcysvvhcljmosbeftqmyc/Build/Intermediates.noindex/Pods.build/Debug-iphonesimulator/ReactAppDependencyProvider.build/ReactAppDependencyProvider-generated-files.hmap -I/Users/sparkles/Library/Developer/Xcode/DerivedData/Expensio-futtgngxcysvvhcljmosbeftqmyc/Build/Intermediates.noindex/Pods.build/Debug-iphonesimulator/ReactAppDependencyProvider.build/ReactAppDependencyProvider-own-target-headers.hmap -I/Users/sparkles/Library/Developer/Xcode/DerivedData/Expensio-futtgngxcysvvhcljmosbeftqmyc/Build/Intermediates.noindex/Pods.build/Debug-iphonesimulator/ReactAppDependencyProvider.build/ReactAppDependencyProvider-all-non-framework-target-headers.hmap -ivfsoverlay /Users/sparkles/Library/Developer/Xcode/DerivedData/Expensio-futtgngxcysvvhcljmosbeftqmyc/Build/Intermediates.noindex/Pods.build/Debug-iphonesimulator/Pods-8699adb1dd336b26511df848a716bd42-VFS-iphonesimulator/all-product-headers.yaml -iquote /Users/sparkles/Library/Developer/Xcode/DerivedData/Expensio-futtgngxcysvvhcljmosbeftqmyc/Build/Intermediates.noindex/Pods.build/Debug-iphonesimulator/ReactAppDependencyProvider.build/ReactAppDependencyProvider-project-headers.hmap -I/Users/sparkles/Library/Developer/Xcode/DerivedData/Expensio-futtgngxcysvvhcljmosbeftqmyc/Build/Products/Debug-iphonesimulator/ReactAppDependencyProvider/include -I/Users/sparkles/Documents/CodingFiles/FullStack/expensioApp/frontend/ios/Pods/Headers/Private -I/Users/sparkles/Documents/CodingFiles/FullStack/expensioApp/frontend/ios/Pods/Headers/Private/ReactAppDependencyProvider -I/Users/sparkles/Documents/CodingFiles/FullStack/expensioApp/frontend/ios/Pods/Headers/Public -I/Users/sparkles/Documents/CodingFiles/FullStack/expensioApp/frontend/ios/Pods/Headers/Public/FBLazyVector -I/Users/sparkles/Documents/CodingFiles/FullStack/expensioApp/frontend/ios/Pods/Headers/Public/RCTRequired -I/Users/sparkles/Documents/CodingFiles/FullStack/expensioApp/frontend/ios/Pods/Headers/Public/RCTSwiftUIWrapper -I/Users/sparkles/Documents/CodingFiles/FullStack/expensioApp/frontend/ios/Pods/Headers/Public/RCTTypeSafety -I/Users/sparkles/Documents/CodingFiles/FullStack/expensioApp/frontend/ios/Pods/Headers/Public/React-Core -I/Users/sparkles/Documents/CodingFiles/FullStack/expensioApp/frontend/ios/Pods/Headers/Public/React-Core-prebuilt -I/Users/sparkles/Documents/CodingFiles/FullStack/expensioApp/frontend/ios/Pods/Headers/Public/React-CoreModules -I/Users/sparkles/Documents/CodingFiles/FullStack/expensioApp/frontend/ios/Pods/Headers/Public/React-Fabric -I/Users/sparkles/Documents/CodingFiles/FullStack/expensioApp/frontend/ios/Pods/Headers/Public/React-FabricComponents -I/Users/sparkles/Documents/CodingFiles/FullStack/expensioApp/frontend/ios/Pods/Headers/Public/React-FabricImage -I/Users/sparkles/Documents/CodingFiles/FullStack/expensioApp/frontend/ios/Pods/Headers/Public/React-ImageManager -I/Users/sparkles/Documents/CodingFiles/FullStack/expensioApp/frontend/ios/Pods/Headers/Public/React-Mapbuffer -I/Users/sparkles/Documents/CodingFiles/FullStack/expensioApp/frontend/ios/Pods/Headers/Public/React-NativeModulesApple -I/Users/sparkles/Documents/CodingFiles/FullStack/expensioApp/frontend/ios/Pods/Headers/Public/React-RCTAnimation -I/Users/sparkles/Documents/CodingFiles/FullStack/expensioApp/frontend/ios/Pods/Headers/Public/React-RCTBlob -I/Users/sparkles/Documents/CodingFiles/FullStack/expensioApp/frontend/ios/Pods/Headers/Public/React-RCTFBReactNativeSpec -I/Users/sparkles/Documents/CodingFiles/FullStack/expensioApp/frontend/ios/Pods/Headers/Public/React-RCTFabric -I/Users/sparkles/Documents/CodingFiles/FullStack/expensioApp/frontend/ios/Pods/Headers/Public/React-RCTImage -I/Users/sparkles/Documents/CodingFiles/FullStack/expensioApp/frontend/ios/Pods/Headers/Public/React-RCTRuntime -I/Users/sparkles/Documents/CodingFiles/FullStack/expensioApp/frontend/ios/Pods/Headers/Public/React-RCTText -I/Users/sparkles/Documents/CodingFiles/FullStack/expensioApp/frontend/ios/Pods/Headers/Public/React-RuntimeApple -I/Users/sparkles/Documents/CodingFiles/FullStack/expensioApp/frontend/ios/Pods/Headers/Public/React-RuntimeCore -I/Users/sparkles/Documents/CodingFiles/FullStack/expensioApp/frontend/ios/Pods/Headers/Public/React-RuntimeHermes -I/Users/sparkles/Documents/CodingFiles/FullStack/expensioApp/frontend/ios/Pods/Headers/Public/React-callinvoker -I/Users/sparkles/Documents/CodingFiles/FullStack/expensioApp/frontend/ios/Pods/Headers/Public/React-cxxreact -I/Users/sparkles/Documents/CodingFiles/FullStack/expensioApp/frontend/ios/Pods/Headers/Public/React-debug -I/Users/sparkles/Documents/CodingFiles/FullStack/expensioApp/frontend/ios/Pods/Headers/Public/React-defaultsnativemodule -I/Users/sparkles/Documents/CodingFiles/FullStack/expensioApp/frontend/ios/Pods/Headers/Public/React-domnativemodule -I/Users/sparkles/Documents/CodingFiles/FullStack/expensioApp/frontend/ios/Pods/Headers/Public/React-featureflags -I/Users/sparkles/Documents/CodingFiles/FullStack/expensioApp/frontend/ios/Pods/Headers/Public/React-featureflagsnativemodule -I/Users/sparkles/Documents/CodingFiles/FullStack/expensioApp/frontend/ios/Pods/Headers/Public/React-graphics -I/Users/sparkles/Documents/CodingFiles/FullStack/expensioApp/frontend/ios/Pods/Headers/Public/React-hermes -I/Users/sparkles/Documents/CodingFiles/FullStack/expensioApp/frontend/ios/Pods/Headers/Public/React-idlecallbacksnativemodule -I/Users/sparkles/Documents/CodingFiles/FullStack/expensioApp/frontend/ios/Pods/Headers/Public/React-intersectionobservernativemodule -I/Users/sparkles/Documents/CodingFiles/FullStack/expensioApp/frontend/ios/Pods/Headers/Public/React-jserrorhandler -I/Users/sparkles/Documents/CodingFiles/FullStack/expensioApp/frontend/ios/Pods/Headers/Public/React-jsi -I/Users/sparkles/Documents/CodingFiles/FullStack/expensioApp/frontend/ios/Pods/Headers/Public/React-jsiexecutor -I/Users/sparkles/Documents/CodingFiles/FullStack/expensioApp/frontend/ios/Pods/Headers/Public/React-jsinspector -I/Users/sparkles/Documents/CodingFiles/FullStack/expensioApp/frontend/ios/Pods/Headers/Public/React-jsinspectorcdp -I/Users/sparkles/Documents/CodingFiles/FullStack/expensioApp/frontend/ios/Pods/Headers/Public/React-jsinspectornetwork -I/Users/sparkles/Documents/CodingFiles/FullStack/expensioApp/frontend/ios/Pods/Headers/Public/React-jsinspectortracing -I/Users/sparkles/Documents/CodingFiles/FullStack/expensioApp/frontend/ios/Pods/Headers/Public/React-jsitooling -I/Users/sparkles/Documents/CodingFiles/FullStack/expensioApp/frontend/ios/Pods/Headers/Public/React-logger -I/Users/sparkles/Documents/CodingFiles/FullStack/expensioApp/frontend/ios/Pods/Headers/Public/React-microtasksnativemodule -I/Users/sparkles/Documents/CodingFiles/FullStack/expensioApp/frontend/ios/Pods/Headers/Public/React-mutationobservernativemodule -I/Users/sparkles/Documents/CodingFiles/FullStack/expensioApp/frontend/ios/Pods/Headers/Public/React-networking -I/Users/sparkles/Documents/CodingFiles/FullStack/expensioApp/frontend/ios/Pods/Headers/Public/React-oscompat -I/Users/sparkles/Documents/CodingFiles/FullStack/expensioApp/frontend/ios/Pods/Headers/Public/React-perflogger -I/Users/sparkles/Documents/CodingFiles/FullStack/expensioApp/frontend/ios/Pods/Headers/Public/React-performancecdpmetrics -I/Users/sparkles/Documents/CodingFiles/FullStack/expensioApp/frontend/ios/Pods/Headers/Public/React-performancetimeline -I/Users/sparkles/Documents/CodingFiles/FullStack/expensioApp/frontend/ios/Pods/Headers/Public/React-rendererconsistency -I/Users/sparkles/Documents/CodingFiles/FullStack/expensioApp/frontend/ios/Pods/Headers/Public/React-renderercss -I/Users/sparkles/Documents/CodingFiles/FullStack/expensioApp/frontend/ios/Pods/Headers/Public/React-rendererdebug -I/Users/sparkles/Documents/CodingFiles/FullStack/expensioApp/frontend/ios/Pods/Headers/Public/React-runtimeexecutor -I/Users/sparkles/Documents/CodingFiles/FullStack/expensioApp/frontend/ios/Pods/Headers/Public/React-runtimescheduler -I/Users/sparkles/Documents/CodingFiles/FullStack/expensioApp/frontend/ios/Pods/Headers/Public/React-timing -I/Users/sparkles/Documents/CodingFiles/FullStack/expensioApp/frontend/ios/Pods/Headers/Public/React-utils -I/Users/sparkles/Documents/CodingFiles/FullStack/expensioApp/frontend/ios/Pods/Headers/Public/React-viewtransitionnativemodule -I/Users/sparkles/Documents/CodingFiles/FullStack/expensioApp/frontend/ios/Pods/Headers/Public/React-webperformancenativemodule -I/Users/sparkles/Documents/CodingFiles/FullStack/expensioApp/frontend/ios/Pods/Headers/Public/ReactCodegen -I/Users/sparkles/Documents/CodingFiles/FullStack/expensioApp/frontend/ios/Pods/Headers/Public/ReactCommon -I/Users/sparkles/Documents/CodingFiles/FullStack/expensioApp/frontend/ios/Pods/Headers/Public/ReactNativeDependencies -I/Users/sparkles/Documents/CodingFiles/FullStack/expensioApp/frontend/ios/Pods/Headers/Public/Yoga -I/Users/sparkles/Documents/CodingFiles/FullStack/expensioApp/frontend/ios/Pods/Headers/Public/hermes-engine -I/Users/sparkles/Documents/CodingFiles/FullStack/expensioApp/frontend/ios/Pods/ExpoModulesCore/ExpoModulesCore.xcframework/ios-arm64_x86_64-simulator/ExpoModulesCore.framework/Headers -I/Users/sparkles/Documents/CodingFiles/FullStack/expensioApp/frontend/ios/Pods/ExpoModulesCore/ExpoModulesCore.xcframework/ios-arm64/ExpoModulesCore.framework/Headers -I/Users/sparkles/Documents/CodingFiles/FullStack/expensioApp/frontend/ios/Pods/ExpoModulesCore/ExpoModulesCore.xcframework/ios-arm64_x86_64-simulator/ExpoModulesCore.framework/Headers -I/Users/sparkles/Documents/CodingFiles/FullStack/expensioApp/frontend/ios/Pods/ExpoModulesCore/ExpoModulesCore.xcframework/ios-arm64/ExpoModulesCore.framework/Headers -I/Users/sparkles/Library/Developer/Xcode/DerivedData/Expensio-futtgngxcysvvhcljmosbeftqmyc/Build/Intermediates.noindex/Pods.build/Debug-iphonesimulator/ReactAppDependencyProvider.build/DerivedSources-normal/arm64 -I/Users/sparkles/Library/Developer/Xcode/DerivedData/Expensio-futtgngxcysvvhcljmosbeftqmyc/Build/Intermediates.noindex/Pods.build/Debug-iphonesimulator/ReactAppDependencyProvider.build/DerivedSources/arm64 -I/Users/sparkles/Library/Developer/Xcode/DerivedData/Expensio-futtgngxcysvvhcljmosbeftqmyc/Build/Intermediates.noindex/Pods.build/Debug-iphonesimulator/ReactAppDependencyProvider.build/DerivedSources -F/Users/sparkles/Library/Developer/Xcode/DerivedData/Expensio-futtgngxcysvvhcljmosbeftqmyc/Build/Products/Debug-iphonesimulator/ReactAppDependencyProvider -F/Users/sparkles/Documents/CodingFiles/FullStack/expensioApp/frontend/ios/Pods/React-Core-prebuilt -F/Users/sparkles/Documents/CodingFiles/FullStack/expensioApp/frontend/ios/Pods/ReactNativeDependencies/framework/packages/react-native -F/Users/sparkles/Documents/CodingFiles/FullStack/expensioApp/frontend/ios/Pods/hermes-engine/destroot/Library/Frameworks/universal -F/Users/sparkles/Library/Developer/Xcode/DerivedData/Expensio-futtgngxcysvvhcljmosbeftqmyc/Build/Products/Debug-iphonesimulator/XCFrameworkIntermediates/React-Core-prebuilt -F/Users/sparkles/Library/Developer/Xcode/DerivedData/Expensio-futtgngxcysvvhcljmosbeftqmyc/Build/Products/Debug-iphonesimulator/XCFrameworkIntermediates/ReactNativeDependencies -F/Users/sparkles/Library/Developer/Xcode/DerivedData/Expensio-futtgngxcysvvhcljmosbeftqmyc/Build/Products/Debug-iphonesimulator/XCFrameworkIntermediates/hermes-engine/Pre-built '-DRCT_REMOVE_LEGACY_ARCH=1' '-fmodule-map-file=/Users/sparkles/Documents/CodingFiles/FullStack/expensioApp/frontend/ios/Pods/Headers/Public/ReactCodegen/ReactCodegen.modulemap' -ivfsoverlay /Users/sparkles/Documents/CodingFiles/FullStack/expensioApp/frontend/ios/Pods/React-Core-prebuilt/React-VFS.yaml '-DRCT_REMOVE_LEGACY_ARCH=1' -ivfsoverlay /Users/sparkles/Documents/CodingFiles/FullStack/expensioApp/frontend/ios/Pods/React-Core-prebuilt/React-VFS.yaml

WriteAuxiliaryFile /Users/sparkles/Library/Developer/Xcode/DerivedData/Expensio-futtgngxcysvvhcljmosbeftqmyc/Build/Intermediates.noindex/Pods.build/Debug-iphonesimulator/ReactAppDependencyProvider.build/Objects-normal/arm64/ReactAppDependencyProvider.LinkFileList (in target 'ReactAppDependencyProvider' from project 'Pods')
    cd /Users/sparkles/Documents/CodingFiles/FullStack/expensioApp/frontend/ios/Pods
    write-file /Users/sparkles/Library/Developer/Xcode/DerivedData/Expensio-futtgngxcysvvhcljmosbeftqmyc/Build/Intermediates.noindex/Pods.build/Debug-iphonesimulator/ReactAppDependencyProvider.build/Objects-normal/arm64/ReactAppDependencyProvider.LinkFileList

WriteAuxiliaryFile /Users/sparkles/Library/Developer/Xcode/DerivedData/Expensio-futtgngxcysvvhcljmosbeftqmyc/Build/Intermediates.noindex/Pods.build/Debug-iphonesimulator/React-timing-React-timing_privacy.build/React-timing_privacy.hmap (in target 'React-timing-React-timing_privacy' from project 'Pods')
    cd /Users/sparkles/Documents/CodingFiles/FullStack/expensioApp/frontend/ios/Pods
    write-file /Users/sparkles/Library/Developer/Xcode/DerivedData/Expensio-futtgngxcysvvhcljmosbeftqmyc/Build/Intermediates.noindex/Pods.build/Debug-iphonesimulator/React-timing-React-timing_privacy.build/React-timing_privacy.hmap

WriteAuxiliaryFile /Users/sparkles/Library/Developer/Xcode/DerivedData/Expensio-futtgngxcysvvhcljmosbeftqmyc/Build/Intermediates.noindex/Pods.build/Debug-iphonesimulator/React-timing-React-timing_privacy.build/React-timing_privacy.DependencyStaticMetadataFileList (in target 'React-timing-React-timing_privacy' from project 'Pods')
    cd /Users/sparkles/Documents/CodingFiles/FullStack/expensioApp/frontend/ios/Pods
    write-file /Users/sparkles/Library/Developer/Xcode/DerivedData/Expensio-futtgngxcysvvhcljmosbeftqmyc/Build/Intermediates.noindex/Pods.build/Debug-iphonesimulator/React-timing-React-timing_privacy.build/React-timing_privacy.DependencyStaticMetadataFileList

WriteAuxiliaryFile /Users/sparkles/Library/Developer/Xcode/DerivedData/Expensio-futtgngxcysvvhcljmosbeftqmyc/Build/Intermediates.noindex/Pods.build/Debug-iphonesimulator/React-timing-React-timing_privacy.build/React-timing_privacy.DependencyMetadataFileList (in target 'React-timing-React-timing_privacy' from project 'Pods')
    cd /Users/sparkles/Documents/CodingFiles/FullStack/expensioApp/frontend/ios/Pods
    write-file /Users/sparkles/Library/Developer/Xcode/DerivedData/Expensio-futtgngxcysvvhcljmosbeftqmyc/Build/Intermediates.noindex/Pods.build/Debug-iphonesimulator/React-timing-React-timing_privacy.build/React-timing_privacy.DependencyMetadataFileList

WriteAuxiliaryFile /Users/sparkles/Library/Developer/Xcode/DerivedData/Expensio-futtgngxcysvvhcljmosbeftqmyc/Build/Intermediates.noindex/Pods.build/Debug-iphonesimulator/React-timing-React-timing_privacy.build/React-timing_privacy-project-headers.hmap (in target 'React-timing-React-timing_privacy' from project 'Pods')
    cd /Users/sparkles/Documents/CodingFiles/FullStack/expensioApp/frontend/ios/Pods
    write-file /Users/sparkles/Library/Developer/Xcode/DerivedData/Expensio-futtgngxcysvvhcljmosbeftqmyc/Build/Intermediates.noindex/Pods.build/Debug-iphonesimulator/React-timing-React-timing_privacy.build/React-timing_privacy-project-headers.hmap

WriteAuxiliaryFile /Users/sparkles/Library/Developer/Xcode/DerivedData/Expensio-futtgngxcysvvhcljmosbeftqmyc/Build/Intermediates.noindex/Pods.build/Debug-iphonesimulator/React-timing-React-timing_privacy.build/React-timing_privacy-own-target-headers.hmap (in target 'React-timing-React-timing_privacy' from project 'Pods')
    cd /Users/sparkles/Documents/CodingFiles/FullStack/expensioApp/frontend/ios/Pods
    write-file /Users/sparkles/Library/Developer/Xcode/DerivedData/Expensio-futtgngxcysvvhcljmosbeftqmyc/Build/Intermediates.noindex/Pods.build/Debug-iphonesimulator/React-timing-React-timing_privacy.build/React-timing_privacy-own-target-headers.hmap

WriteAuxiliaryFile /Users/sparkles/Library/Developer/Xcode/DerivedData/Expensio-futtgngxcysvvhcljmosbeftqmyc/Build/Intermediates.noindex/Pods.build/Debug-iphonesimulator/React-timing-React-timing_privacy.build/React-timing_privacy-generated-files.hmap (in target 'React-timing-React-timing_privacy' from project 'Pods')
    cd /Users/sparkles/Documents/CodingFiles/FullStack/expensioApp/frontend/ios/Pods
    write-file /Users/sparkles/Library/Developer/Xcode/DerivedData/Expensio-futtgngxcysvvhcljmosbeftqmyc/Build/Intermediates.noindex/Pods.build/Debug-iphonesimulator/React-timing-React-timing_privacy.build/React-timing_privacy-generated-files.hmap

WriteAuxiliaryFile /Users/sparkles/Library/Developer/Xcode/DerivedData/Expensio-futtgngxcysvvhcljmosbeftqmyc/Build/Intermediates.noindex/Pods.build/Debug-iphonesimulator/React-timing-React-timing_privacy.build/React-timing_privacy-all-target-headers.hmap (in target 'React-timing-React-timing_privacy' from project 'Pods')
    cd /Users/sparkles/Documents/CodingFiles/FullStack/expensioApp/frontend/ios/Pods
    write-file /Users/sparkles/Library/Developer/Xcode/DerivedData/Expensio-futtgngxcysvvhcljmosbeftqmyc/Build/Intermediates.noindex/Pods.build/Debug-iphonesimulator/React-timing-React-timing_privacy.build/React-timing_privacy-all-target-headers.hmap

WriteAuxiliaryFile /Users/sparkles/Library/Developer/Xcode/DerivedData/Expensio-futtgngxcysvvhcljmosbeftqmyc/Build/Intermediates.noindex/Pods.build/Debug-iphonesimulator/React-timing-React-timing_privacy.build/React-timing_privacy-all-non-framework-target-headers.hmap (in target 'React-timing-React-timing_privacy' from project 'Pods')
    cd /Users/sparkles/Documents/CodingFiles/FullStack/expensioApp/frontend/ios/Pods
    write-file /Users/sparkles/Library/Developer/Xcode/DerivedData/Expensio-futtgngxcysvvhcljmosbeftqmyc/Build/Intermediates.noindex/Pods.build/Debug-iphonesimulator/React-timing-React-timing_privacy.build/React-timing_privacy-all-non-framework-target-headers.hmap

MkDir /Users/sparkles/Library/Developer/Xcode/DerivedData/Expensio-futtgngxcysvvhcljmosbeftqmyc/Build/Products/Debug-iphonesimulator/React-timing/React-timing_privacy.bundle (in target 'React-timing-React-timing_privacy' from project 'Pods')
    cd /Users/sparkles/Documents/CodingFiles/FullStack/expensioApp/frontend/ios/Pods
    /bin/mkdir -p /Users/sparkles/Library/Developer/Xcode/DerivedData/Expensio-futtgngxcysvvhcljmosbeftqmyc/Build/Products/Debug-iphonesimulator/React-timing/React-timing_privacy.bundle

CreateBuildDirectory /Users/sparkles/Library/Developer/Xcode/DerivedData/Expensio-futtgngxcysvvhcljmosbeftqmyc/Build/Products/Debug-iphonesimulator/React-RCTVibration
    cd /Users/sparkles/Documents/CodingFiles/FullStack/expensioApp/frontend/ios
    builtin-create-build-directory /Users/sparkles/Library/Developer/Xcode/DerivedData/Expensio-futtgngxcysvvhcljmosbeftqmyc/Build/Products/Debug-iphonesimulator/React-RCTVibration

CreateBuildDirectory /Users/sparkles/Library/Developer/Xcode/DerivedData/Expensio-futtgngxcysvvhcljmosbeftqmyc/Build/Products/Debug-iphonesimulator/React-RCTText
    cd /Users/sparkles/Documents/CodingFiles/FullStack/expensioApp/frontend/ios
    builtin-create-build-directory /Users/sparkles/Library/Developer/Xcode/DerivedData/Expensio-futtgngxcysvvhcljmosbeftqmyc/Build/Products/Debug-iphonesimulator/React-RCTText

CreateBuildDirectory /Users/sparkles/Library/Developer/Xcode/DerivedData/Expensio-futtgngxcysvvhcljmosbeftqmyc/Build/Products/Debug-iphonesimulator/React-RCTSettings
    cd /Users/sparkles/Documents/CodingFiles/FullStack/expensioApp/frontend/ios
    builtin-create-build-directory /Users/sparkles/Library/Developer/Xcode/DerivedData/Expensio-futtgngxcysvvhcljmosbeftqmyc/Build/Products/Debug-iphonesimulator/React-RCTSettings

CreateBuildDirectory /Users/sparkles/Library/Developer/Xcode/DerivedData/Expensio-futtgngxcysvvhcljmosbeftqmyc/Build/Products/Debug-iphonesimulator/React-RCTRuntime
    cd /Users/sparkles/Documents/CodingFiles/FullStack/expensioApp/frontend/ios
    builtin-create-build-directory /Users/sparkles/Library/Developer/Xcode/DerivedData/Expensio-futtgngxcysvvhcljmosbeftqmyc/Build/Products/Debug-iphonesimulator/React-RCTRuntime

CreateBuildDirectory /Users/sparkles/Library/Developer/Xcode/DerivedData/Expensio-futtgngxcysvvhcljmosbeftqmyc/Build/Products/Debug-iphonesimulator/React-RCTNetwork
    cd /Users/sparkles/Documents/CodingFiles/FullStack/expensioApp/frontend/ios
    builtin-create-build-directory /Users/sparkles/Library/Developer/Xcode/DerivedData/Expensio-futtgngxcysvvhcljmosbeftqmyc/Build/Products/Debug-iphonesimulator/React-RCTNetwork

CreateBuildDirectory /Users/sparkles/Library/Developer/Xcode/DerivedData/Expensio-futtgngxcysvvhcljmosbeftqmyc/Build/Products/Debug-iphonesimulator/React-RCTLinking
    cd /Users/sparkles/Documents/CodingFiles/FullStack/expensioApp/frontend/ios
    builtin-create-build-directory /Users/sparkles/Library/Developer/Xcode/DerivedData/Expensio-futtgngxcysvvhcljmosbeftqmyc/Build/Products/Debug-iphonesimulator/React-RCTLinking

CreateBuildDirectory /Users/sparkles/Library/Developer/Xcode/DerivedData/Expensio-futtgngxcysvvhcljmosbeftqmyc/Build/Products/Debug-iphonesimulator/React-RCTImage
    cd /Users/sparkles/Documents/CodingFiles/FullStack/expensioApp/frontend/ios
    builtin-create-build-directory /Users/sparkles/Library/Developer/Xcode/DerivedData/Expensio-futtgngxcysvvhcljmosbeftqmyc/Build/Products/Debug-iphonesimulator/React-RCTImage

CreateBuildDirectory /Users/sparkles/Library/Developer/Xcode/DerivedData/Expensio-futtgngxcysvvhcljmosbeftqmyc/Build/Products/Debug-iphonesimulator/React-RCTFabric
    cd /Users/sparkles/Documents/CodingFiles/FullStack/expensioApp/frontend/ios
    builtin-create-build-directory /Users/sparkles/Library/Developer/Xcode/DerivedData/Expensio-futtgngxcysvvhcljmosbeftqmyc/Build/Products/Debug-iphonesimulator/React-RCTFabric

CreateBuildDirectory /Users/sparkles/Library/Developer/Xcode/DerivedData/Expensio-futtgngxcysvvhcljmosbeftqmyc/Build/Products/Debug-iphonesimulator/React-RCTFBReactNativeSpec
    cd /Users/sparkles/Documents/CodingFiles/FullStack/expensioApp/frontend/ios
    builtin-create-build-directory /Users/sparkles/Library/Developer/Xcode/DerivedData/Expensio-futtgngxcysvvhcljmosbeftqmyc/Build/Products/Debug-iphonesimulator/React-RCTFBReactNativeSpec

CreateBuildDirectory /Users/sparkles/Library/Developer/Xcode/DerivedData/Expensio-futtgngxcysvvhcljmosbeftqmyc/Build/Products/Debug-iphonesimulator/React-RCTBlob
    cd /Users/sparkles/Documents/CodingFiles/FullStack/expensioApp/frontend/ios
    builtin-create-build-directory /Users/sparkles/Library/Developer/Xcode/DerivedData/Expensio-futtgngxcysvvhcljmosbeftqmyc/Build/Products/Debug-iphonesimulator/React-RCTBlob

CreateBuildDirectory /Users/sparkles/Library/Developer/Xcode/DerivedData/Expensio-futtgngxcysvvhcljmosbeftqmyc/Build/Products/Debug-iphonesimulator/React-RCTAppDelegate
    cd /Users/sparkles/Documents/CodingFiles/FullStack/expensioApp/frontend/ios
    builtin-create-build-directory /Users/sparkles/Library/Developer/Xcode/DerivedData/Expensio-futtgngxcysvvhcljmosbeftqmyc/Build/Products/Debug-iphonesimulator/React-RCTAppDelegate

CreateBuildDirectory /Users/sparkles/Library/Developer/Xcode/DerivedData/Expensio-futtgngxcysvvhcljmosbeftqmyc/Build/Products/Debug-iphonesimulator/React-RCTAnimation
    cd /Users/sparkles/Documents/CodingFiles/FullStack/expensioApp/frontend/ios
    builtin-create-build-directory /Users/sparkles/Library/Developer/Xcode/DerivedData/Expensio-futtgngxcysvvhcljmosbeftqmyc/Build/Products/Debug-iphonesimulator/React-RCTAnimation

CreateBuildDirectory /Users/sparkles/Library/Developer/Xcode/DerivedData/Expensio-futtgngxcysvvhcljmosbeftqmyc/Build/Products/Debug-iphonesimulator/React-NativeModulesApple
    cd /Users/sparkles/Documents/CodingFiles/FullStack/expensioApp/frontend/ios
    builtin-create-build-directory /Users/sparkles/Library/Developer/Xcode/DerivedData/Expensio-futtgngxcysvvhcljmosbeftqmyc/Build/Products/Debug-iphonesimulator/React-NativeModulesApple

CreateBuildDirectory /Users/sparkles/Library/Developer/Xcode/DerivedData/Expensio-futtgngxcysvvhcljmosbeftqmyc/Build/Products/Debug-iphonesimulator/React-RCTActionSheet
    cd /Users/sparkles/Documents/CodingFiles/FullStack/expensioApp/frontend/ios
    builtin-create-build-directory /Users/sparkles/Library/Developer/Xcode/DerivedData/Expensio-futtgngxcysvvhcljmosbeftqmyc/Build/Products/Debug-iphonesimulator/React-RCTActionSheet

CreateBuildDirectory /Users/sparkles/Library/Developer/Xcode/DerivedData/Expensio-futtgngxcysvvhcljmosbeftqmyc/Build/Products/Debug-iphonesimulator/React-Mapbuffer
    cd /Users/sparkles/Documents/CodingFiles/FullStack/expensioApp/frontend/ios
    builtin-create-build-directory /Users/sparkles/Library/Developer/Xcode/DerivedData/Expensio-futtgngxcysvvhcljmosbeftqmyc/Build/Products/Debug-iphonesimulator/React-Mapbuffer

CreateBuildDirectory /Users/sparkles/Library/Developer/Xcode/DerivedData/Expensio-futtgngxcysvvhcljmosbeftqmyc/Build/Products/Debug-iphonesimulator/React-ImageManager
    cd /Users/sparkles/Documents/CodingFiles/FullStack/expensioApp/frontend/ios
    builtin-create-build-directory /Users/sparkles/Library/Developer/Xcode/DerivedData/Expensio-futtgngxcysvvhcljmosbeftqmyc/Build/Products/Debug-iphonesimulator/React-ImageManager

CreateBuildDirectory /Users/sparkles/Library/Developer/Xcode/DerivedData/Expensio-futtgngxcysvvhcljmosbeftqmyc/Build/Products/Debug-iphonesimulator/React-FabricImage
    cd /Users/sparkles/Documents/CodingFiles/FullStack/expensioApp/frontend/ios
    builtin-create-build-directory /Users/sparkles/Library/Developer/Xcode/DerivedData/Expensio-futtgngxcysvvhcljmosbeftqmyc/Build/Products/Debug-iphonesimulator/React-FabricImage

CreateBuildDirectory /Users/sparkles/Library/Developer/Xcode/DerivedData/Expensio-futtgngxcysvvhcljmosbeftqmyc/Build/Products/Debug-iphonesimulator/React-Fabric
    cd /Users/sparkles/Documents/CodingFiles/FullStack/expensioApp/frontend/ios
    builtin-create-build-directory /Users/sparkles/Library/Developer/Xcode/DerivedData/Expensio-futtgngxcysvvhcljmosbeftqmyc/Build/Products/Debug-iphonesimulator/React-Fabric

CreateBuildDirectory /Users/sparkles/Library/Developer/Xcode/DerivedData/Expensio-futtgngxcysvvhcljmosbeftqmyc/Build/Products/Debug-iphonesimulator/React-FabricComponents
    cd /Users/sparkles/Documents/CodingFiles/FullStack/expensioApp/frontend/ios
    builtin-create-build-directory /Users/sparkles/Library/Developer/Xcode/DerivedData/Expensio-futtgngxcysvvhcljmosbeftqmyc/Build/Products/Debug-iphonesimulator/React-FabricComponents

CreateBuildDirectory /Users/sparkles/Library/Developer/Xcode/DerivedData/Expensio-futtgngxcysvvhcljmosbeftqmyc/Build/Products/Debug-iphonesimulator/React-CoreModules
    cd /Users/sparkles/Documents/CodingFiles/FullStack/expensioApp/frontend/ios
    builtin-create-build-directory /Users/sparkles/Library/Developer/Xcode/DerivedData/Expensio-futtgngxcysvvhcljmosbeftqmyc/Build/Products/Debug-iphonesimulator/React-CoreModules

CreateBuildDirectory /Users/sparkles/Library/Developer/Xcode/DerivedData/Expensio-futtgngxcysvvhcljmosbeftqmyc/Build/Products/Debug-iphonesimulator/React-Core-prebuilt
    cd /Users/sparkles/Documents/CodingFiles/FullStack/expensioApp/frontend/ios
    builtin-create-build-directory /Users/sparkles/Library/Developer/Xcode/DerivedData/Expensio-futtgngxcysvvhcljmosbeftqmyc/Build/Products/Debug-iphonesimulator/React-Core-prebuilt

CreateBuildDirectory /Users/sparkles/Library/Developer/Xcode/DerivedData/Expensio-futtgngxcysvvhcljmosbeftqmyc/Build/Products/Debug-iphonesimulator/React-Core
    cd /Users/sparkles/Documents/CodingFiles/FullStack/expensioApp/frontend/ios
    builtin-create-build-directory /Users/sparkles/Library/Developer/Xcode/DerivedData/Expensio-futtgngxcysvvhcljmosbeftqmyc/Build/Products/Debug-iphonesimulator/React-Core

CreateBuildDirectory /Users/sparkles/Library/Developer/Xcode/DerivedData/Expensio-futtgngxcysvvhcljmosbeftqmyc/Build/Products/Debug-iphonesimulator/React
    cd /Users/sparkles/Documents/CodingFiles/FullStack/expensioApp/frontend/ios
    builtin-create-build-directory /Users/sparkles/Library/Developer/Xcode/DerivedData/Expensio-futtgngxcysvvhcljmosbeftqmyc/Build/Products/Debug-iphonesimulator/React

CreateBuildDirectory /Users/sparkles/Library/Developer/Xcode/DerivedData/Expensio-futtgngxcysvvhcljmosbeftqmyc/Build/Products/Debug-iphonesimulator/RNScreens
    cd /Users/sparkles/Documents/CodingFiles/FullStack/expensioApp/frontend/ios
    builtin-create-build-directory /Users/sparkles/Library/Developer/Xcode/DerivedData/Expensio-futtgngxcysvvhcljmosbeftqmyc/Build/Products/Debug-iphonesimulator/RNScreens

CreateBuildDirectory /Users/sparkles/Library/Developer/Xcode/DerivedData/Expensio-futtgngxcysvvhcljmosbeftqmyc/Build/Products/Debug-iphonesimulator/RNSVG
    cd /Users/sparkles/Documents/CodingFiles/FullStack/expensioApp/frontend/ios
    builtin-create-build-directory /Users/sparkles/Library/Developer/Xcode/DerivedData/Expensio-futtgngxcysvvhcljmosbeftqmyc/Build/Products/Debug-iphonesimulator/RNSVG

CreateBuildDirectory /Users/sparkles/Library/Developer/Xcode/DerivedData/Expensio-futtgngxcysvvhcljmosbeftqmyc/Build/Products/Debug-iphonesimulator/RNCPicker
    cd /Users/sparkles/Documents/CodingFiles/FullStack/expensioApp/frontend/ios
    builtin-create-build-directory /Users/sparkles/Library/Developer/Xcode/DerivedData/Expensio-futtgngxcysvvhcljmosbeftqmyc/Build/Products/Debug-iphonesimulator/RNCPicker

CreateBuildDirectory /Users/sparkles/Library/Developer/Xcode/DerivedData/Expensio-futtgngxcysvvhcljmosbeftqmyc/Build/Products/Debug-iphonesimulator/RCTTypeSafety
    cd /Users/sparkles/Documents/CodingFiles/FullStack/expensioApp/frontend/ios
    builtin-create-build-directory /Users/sparkles/Library/Developer/Xcode/DerivedData/Expensio-futtgngxcysvvhcljmosbeftqmyc/Build/Products/Debug-iphonesimulator/RCTTypeSafety

CreateBuildDirectory /Users/sparkles/Library/Developer/Xcode/DerivedData/Expensio-futtgngxcysvvhcljmosbeftqmyc/Build/Products/Debug-iphonesimulator/RCTSwiftUIWrapper
    cd /Users/sparkles/Documents/CodingFiles/FullStack/expensioApp/frontend/ios
    builtin-create-build-directory /Users/sparkles/Library/Developer/Xcode/DerivedData/Expensio-futtgngxcysvvhcljmosbeftqmyc/Build/Products/Debug-iphonesimulator/RCTSwiftUIWrapper

CreateBuildDirectory /Users/sparkles/Library/Developer/Xcode/DerivedData/Expensio-futtgngxcysvvhcljmosbeftqmyc/Build/Products/Debug-iphonesimulator/RCTSwiftUI
    cd /Users/sparkles/Documents/CodingFiles/FullStack/expensioApp/frontend/ios
    builtin-create-build-directory /Users/sparkles/Library/Developer/Xcode/DerivedData/Expensio-futtgngxcysvvhcljmosbeftqmyc/Build/Products/Debug-iphonesimulator/RCTSwiftUI

CreateBuildDirectory /Users/sparkles/Library/Developer/Xcode/DerivedData/Expensio-futtgngxcysvvhcljmosbeftqmyc/Build/Products/Debug-iphonesimulator/RCTRequired
    cd /Users/sparkles/Documents/CodingFiles/FullStack/expensioApp/frontend/ios
    builtin-create-build-directory /Users/sparkles/Library/Developer/Xcode/DerivedData/Expensio-futtgngxcysvvhcljmosbeftqmyc/Build/Products/Debug-iphonesimulator/RCTRequired

CreateBuildDirectory /Users/sparkles/Library/Developer/Xcode/DerivedData/Expensio-futtgngxcysvvhcljmosbeftqmyc/Build/Products/Debug-iphonesimulator/RCTDeprecation
    cd /Users/sparkles/Documents/CodingFiles/FullStack/expensioApp/frontend/ios
    builtin-create-build-directory /Users/sparkles/Library/Developer/Xcode/DerivedData/Expensio-futtgngxcysvvhcljmosbeftqmyc/Build/Products/Debug-iphonesimulator/RCTDeprecation

CreateBuildDirectory /Users/sparkles/Library/Developer/Xcode/DerivedData/Expensio-futtgngxcysvvhcljmosbeftqmyc/Build/Products/Debug-iphonesimulator/FBLazyVector
    cd /Users/sparkles/Documents/CodingFiles/FullStack/expensioApp/frontend/ios
    builtin-create-build-directory /Users/sparkles/Library/Developer/Xcode/DerivedData/Expensio-futtgngxcysvvhcljmosbeftqmyc/Build/Products/Debug-iphonesimulator/FBLazyVector

CreateBuildDirectory /Users/sparkles/Library/Developer/Xcode/DerivedData/Expensio-futtgngxcysvvhcljmosbeftqmyc/Build/Products/Debug-iphonesimulator/ExpoWebBrowser
    cd /Users/sparkles/Documents/CodingFiles/FullStack/expensioApp/frontend/ios
    builtin-create-build-directory /Users/sparkles/Library/Developer/Xcode/DerivedData/Expensio-futtgngxcysvvhcljmosbeftqmyc/Build/Products/Debug-iphonesimulator/ExpoWebBrowser

CreateBuildDirectory /Users/sparkles/Library/Developer/Xcode/DerivedData/Expensio-futtgngxcysvvhcljmosbeftqmyc/Build/Products/Debug-iphonesimulator/ExpoSecureStore
    cd /Users/sparkles/Documents/CodingFiles/FullStack/expensioApp/frontend/ios
    builtin-create-build-directory /Users/sparkles/Library/Developer/Xcode/DerivedData/Expensio-futtgngxcysvvhcljmosbeftqmyc/Build/Products/Debug-iphonesimulator/ExpoSecureStore

CreateBuildDirectory /Users/sparkles/Library/Developer/Xcode/DerivedData/Expensio-futtgngxcysvvhcljmosbeftqmyc/Build/Products/Debug-iphonesimulator/ExpoNotifications
    cd /Users/sparkles/Documents/CodingFiles/FullStack/expensioApp/frontend/ios
    builtin-create-build-directory /Users/sparkles/Library/Developer/Xcode/DerivedData/Expensio-futtgngxcysvvhcljmosbeftqmyc/Build/Products/Debug-iphonesimulator/ExpoNotifications

CreateBuildDirectory /Users/sparkles/Library/Developer/Xcode/DerivedData/Expensio-futtgngxcysvvhcljmosbeftqmyc/Build/Products/Debug-iphonesimulator/ExpoModulesWorklets
    cd /Users/sparkles/Documents/CodingFiles/FullStack/expensioApp/frontend/ios
    builtin-create-build-directory /Users/sparkles/Library/Developer/Xcode/DerivedData/Expensio-futtgngxcysvvhcljmosbeftqmyc/Build/Products/Debug-iphonesimulator/ExpoModulesWorklets

CreateBuildDirectory /Users/sparkles/Library/Developer/Xcode/DerivedData/Expensio-futtgngxcysvvhcljmosbeftqmyc/Build/Products/Debug-iphonesimulator/ExpoModulesJSI
    cd /Users/sparkles/Documents/CodingFiles/FullStack/expensioApp/frontend/ios
    builtin-create-build-directory /Users/sparkles/Library/Developer/Xcode/DerivedData/Expensio-futtgngxcysvvhcljmosbeftqmyc/Build/Products/Debug-iphonesimulator/ExpoModulesJSI

CreateBuildDirectory /Users/sparkles/Library/Developer/Xcode/DerivedData/Expensio-futtgngxcysvvhcljmosbeftqmyc/Build/Products/Debug-iphonesimulator/ExpoModulesCore
    cd /Users/sparkles/Documents/CodingFiles/FullStack/expensioApp/frontend/ios
    builtin-create-build-directory /Users/sparkles/Library/Developer/Xcode/DerivedData/Expensio-futtgngxcysvvhcljmosbeftqmyc/Build/Products/Debug-iphonesimulator/ExpoModulesCore

CreateBuildDirectory /Users/sparkles/Library/Developer/Xcode/DerivedData/Expensio-futtgngxcysvvhcljmosbeftqmyc/Build/Products/Debug-iphonesimulator/ExpoLogBox
    cd /Users/sparkles/Documents/CodingFiles/FullStack/expensioApp/frontend/ios
    builtin-create-build-directory /Users/sparkles/Library/Developer/Xcode/DerivedData/Expensio-futtgngxcysvvhcljmosbeftqmyc/Build/Products/Debug-iphonesimulator/ExpoLogBox

CreateBuildDirectory /Users/sparkles/Library/Developer/Xcode/DerivedData/Expensio-futtgngxcysvvhcljmosbeftqmyc/Build/Products/Debug-iphonesimulator/ExpoLocalAuthentication
    cd /Users/sparkles/Documents/CodingFiles/FullStack/expensioApp/frontend/ios
    builtin-create-build-directory /Users/sparkles/Library/Developer/Xcode/DerivedData/Expensio-futtgngxcysvvhcljmosbeftqmyc/Build/Products/Debug-iphonesimulator/ExpoLocalAuthentication

CreateBuildDirectory /Users/sparkles/Library/Developer/Xcode/DerivedData/Expensio-futtgngxcysvvhcljmosbeftqmyc/Build/Products/Debug-iphonesimulator/ExpoKeepAwake
    cd /Users/sparkles/Documents/CodingFiles/FullStack/expensioApp/frontend/ios
    builtin-create-build-directory /Users/sparkles/Library/Developer/Xcode/DerivedData/Expensio-futtgngxcysvvhcljmosbeftqmyc/Build/Products/Debug-iphonesimulator/ExpoKeepAwake

CreateBuildDirectory /Users/sparkles/Library/Developer/Xcode/DerivedData/Expensio-futtgngxcysvvhcljmosbeftqmyc/Build/Products/Debug-iphonesimulator/ExpoLinearGradient
    cd /Users/sparkles/Documents/CodingFiles/FullStack/expensioApp/frontend/ios
    builtin-create-build-directory /Users/sparkles/Library/Developer/Xcode/DerivedData/Expensio-futtgngxcysvvhcljmosbeftqmyc/Build/Products/Debug-iphonesimulator/ExpoLinearGradient

CreateBuildDirectory /Users/sparkles/Library/Developer/Xcode/DerivedData/Expensio-futtgngxcysvvhcljmosbeftqmyc/Build/Products/Debug-iphonesimulator/ExpoHaptics
    cd /Users/sparkles/Documents/CodingFiles/FullStack/expensioApp/frontend/ios
    builtin-create-build-directory /Users/sparkles/Library/Developer/Xcode/DerivedData/Expensio-futtgngxcysvvhcljmosbeftqmyc/Build/Products/Debug-iphonesimulator/ExpoHaptics

CreateBuildDirectory /Users/sparkles/Library/Developer/Xcode/DerivedData/Expensio-futtgngxcysvvhcljmosbeftqmyc/Build/Products/Debug-iphonesimulator/ExpoFont
    cd /Users/sparkles/Documents/CodingFiles/FullStack/expensioApp/frontend/ios
    builtin-create-build-directory /Users/sparkles/Library/Developer/Xcode/DerivedData/Expensio-futtgngxcysvvhcljmosbeftqmyc/Build/Products/Debug-iphonesimulator/ExpoFont

CreateBuildDirectory /Users/sparkles/Library/Developer/Xcode/DerivedData/Expensio-futtgngxcysvvhcljmosbeftqmyc/Build/Products/Debug-iphonesimulator/ExpoFileSystem
    cd /Users/sparkles/Documents/CodingFiles/FullStack/expensioApp/frontend/ios
    builtin-create-build-directory /Users/sparkles/Library/Developer/Xcode/DerivedData/Expensio-futtgngxcysvvhcljmosbeftqmyc/Build/Products/Debug-iphonesimulator/ExpoFileSystem

CreateBuildDirectory /Users/sparkles/Library/Developer/Xcode/DerivedData/Expensio-futtgngxcysvvhcljmosbeftqmyc/Build/Products/Debug-iphonesimulator/ExpoDomWebView
    cd /Users/sparkles/Documents/CodingFiles/FullStack/expensioApp/frontend/ios
    builtin-create-build-directory /Users/sparkles/Library/Developer/Xcode/DerivedData/Expensio-futtgngxcysvvhcljmosbeftqmyc/Build/Products/Debug-iphonesimulator/ExpoDomWebView

CreateBuildDirectory /Users/sparkles/Library/Developer/Xcode/DerivedData/Expensio-futtgngxcysvvhcljmosbeftqmyc/Build/Products/Debug-iphonesimulator/ExpoAsset
    cd /Users/sparkles/Documents/CodingFiles/FullStack/expensioApp/frontend/ios
    builtin-create-build-directory /Users/sparkles/Library/Developer/Xcode/DerivedData/Expensio-futtgngxcysvvhcljmosbeftqmyc/Build/Products/Debug-iphonesimulator/ExpoAsset

CreateBuildDirectory /Users/sparkles/Library/Developer/Xcode/DerivedData/Expensio-futtgngxcysvvhcljmosbeftqmyc/Build/Products/Debug-iphonesimulator/Expo
    cd /Users/sparkles/Documents/CodingFiles/FullStack/expensioApp/frontend/ios
    builtin-create-build-directory /Users/sparkles/Library/Developer/Xcode/DerivedData/Expensio-futtgngxcysvvhcljmosbeftqmyc/Build/Products/Debug-iphonesimulator/Expo

CreateBuildDirectory /Users/sparkles/Library/Developer/Xcode/DerivedData/Expensio-futtgngxcysvvhcljmosbeftqmyc/Build/Products/Debug-iphonesimulator/EXConstants
    cd /Users/sparkles/Documents/CodingFiles/FullStack/expensioApp/frontend/ios
    builtin-create-build-directory /Users/sparkles/Library/Developer/Xcode/DerivedData/Expensio-futtgngxcysvvhcljmosbeftqmyc/Build/Products/Debug-iphonesimulator/EXConstants

CreateBuildDirectory /Users/sparkles/Library/Developer/Xcode/DerivedData/Expensio-futtgngxcysvvhcljmosbeftqmyc/Build/Products/Debug-iphonesimulator/EXApplication
    cd /Users/sparkles/Documents/CodingFiles/FullStack/expensioApp/frontend/ios
    builtin-create-build-directory /Users/sparkles/Library/Developer/Xcode/DerivedData/Expensio-futtgngxcysvvhcljmosbeftqmyc/Build/Products/Debug-iphonesimulator/EXApplication

CreateBuildDirectory /Users/sparkles/Library/Developer/Xcode/DerivedData/Expensio-futtgngxcysvvhcljmosbeftqmyc/Build/Products/Debug-iphonesimulator/AsyncStorage
    cd /Users/sparkles/Documents/CodingFiles/FullStack/expensioApp/frontend/ios
    builtin-create-build-directory /Users/sparkles/Library/Developer/Xcode/DerivedData/Expensio-futtgngxcysvvhcljmosbeftqmyc/Build/Products/Debug-iphonesimulator/AsyncStorage

WriteAuxiliaryFile /Users/sparkles/Library/Developer/Xcode/DerivedData/Expensio-futtgngxcysvvhcljmosbeftqmyc/Build/Intermediates.noindex/Pods.build/Debug-iphonesimulator/AsyncStorage.build/Script-46EB2E0001A990.sh (in target 'AsyncStorage' from project 'Pods')
    cd /Users/sparkles/Documents/CodingFiles/FullStack/expensioApp/frontend/ios/Pods
    write-file /Users/sparkles/Library/Developer/Xcode/DerivedData/Expensio-futtgngxcysvvhcljmosbeftqmyc/Build/Intermediates.noindex/Pods.build/Debug-iphonesimulator/AsyncStorage.build/Script-46EB2E0001A990.sh

WriteAuxiliaryFile /Users/sparkles/Library/Developer/Xcode/DerivedData/Expensio-futtgngxcysvvhcljmosbeftqmyc/Build/Intermediates.noindex/Pods.build/Debug-iphonesimulator/AsyncStorage.build/OutputFileList-46EB2E0001A990-AsyncStorage-xcframeworks-output-files-5d408a2f72370d127bdfad8bc40b60b0-resolved.xcfilelist (in target 'AsyncStorage' from project 'Pods')
    cd /Users/sparkles/Documents/CodingFiles/FullStack/expensioApp/frontend/ios/Pods
    write-file /Users/sparkles/Library/Developer/Xcode/DerivedData/Expensio-futtgngxcysvvhcljmosbeftqmyc/Build/Intermediates.noindex/Pods.build/Debug-iphonesimulator/AsyncStorage.build/OutputFileList-46EB2E0001A990-AsyncStorage-xcframeworks-output-files-5d408a2f72370d127bdfad8bc40b60b0-resolved.xcfilelist

WriteAuxiliaryFile /Users/sparkles/Library/Developer/Xcode/DerivedData/Expensio-futtgngxcysvvhcljmosbeftqmyc/Build/Intermediates.noindex/Pods.build/Debug-iphonesimulator/AsyncStorage.build/Objects-normal/x86_64/af3fcb34312c57c0f52879cdce924b91-common-args.resp (in target 'AsyncStorage' from project 'Pods')
    cd /Users/sparkles/Documents/CodingFiles/FullStack/expensioApp/frontend/ios/Pods
    write-file /Users/sparkles/Library/Developer/Xcode/DerivedData/Expensio-futtgngxcysvvhcljmosbeftqmyc/Build/Intermediates.noindex/Pods.build/Debug-iphonesimulator/AsyncStorage.build/Objects-normal/x86_64/af3fcb34312c57c0f52879cdce924b91-common-args.resp
'-std=c++20' '-stdlib=libc++' -fobjc-arc -fmodules -fno-cxx-modules '-fmodules-cache-path=/Users/sparkles/Library/Developer/Xcode/DerivedData/ModuleCache.noindex' '-D_LIBCPP_HARDENING_MODE=_LIBCPP_HARDENING_MODE_DEBUG' -fpascal-strings -O0 -fno-common '-DPOD_CONFIGURATION_DEBUG=1' '-DDEBUG=1' '-DCOCOAPODS=1' '-DOBJC_OLD_DISPATCH_PROTOTYPES=0' -fasm-blocks -g '-fobjc-abi-version=2' -fobjc-legacy-dispatch -iquote /Users/sparkles/Library/Developer/Xcode/DerivedData/Expensio-futtgngxcysvvhcljmosbeftqmyc/Build/Intermediates.noindex/Pods.build/Debug-iphonesimulator/AsyncStorage.build/AsyncStorage-generated-files.hmap -I/Users/sparkles/Library/Developer/Xcode/DerivedData/Expensio-futtgngxcysvvhcljmosbeftqmyc/Build/Intermediates.noindex/Pods.build/Debug-iphonesimulator/AsyncStorage.build/AsyncStorage-own-target-headers.hmap -I/Users/sparkles/Library/Developer/Xcode/DerivedData/Expensio-futtgngxcysvvhcljmosbeftqmyc/Build/Intermediates.noindex/Pods.build/Debug-iphonesimulator/AsyncStorage.build/AsyncStorage-all-non-framework-target-headers.hmap -ivfsoverlay /Users/sparkles/Library/Developer/Xcode/DerivedData/Expensio-futtgngxcysvvhcljmosbeftqmyc/Build/Intermediates.noindex/Pods.build/Debug-iphonesimulator/Pods-8699adb1dd336b26511df848a716bd42-VFS-iphonesimulator/all-product-headers.yaml -iquote /Users/sparkles/Library/Developer/Xcode/DerivedData/Expensio-futtgngxcysvvhcljmosbeftqmyc/Build/Intermediates.noindex/Pods.build/Debug-iphonesimulator/AsyncStorage.build/AsyncStorage-project-headers.hmap -I/Users/sparkles/Library/Developer/Xcode/DerivedData/Expensio-futtgngxcysvvhcljmosbeftqmyc/Build/Products/Debug-iphonesimulator/AsyncStorage/include -I/Users/sparkles/Documents/CodingFiles/FullStack/expensioApp/frontend/ios/Pods/Headers/Private -I/Users/sparkles/Documents/CodingFiles/FullStack/expensioApp/frontend/ios/Pods/Headers/Private/AsyncStorage -I/Users/sparkles/Documents/CodingFiles/FullStack/expensioApp/frontend/ios/Pods/Headers/Public -I/Users/sparkles/Documents/CodingFiles/FullStack/expensioApp/frontend/ios/Pods/Headers/Public/FBLazyVector -I/Users/sparkles/Documents/CodingFiles/FullStack/expensioApp/frontend/ios/Pods/Headers/Public/RCTRequired -I/Users/sparkles/Documents/CodingFiles/FullStack/expensioApp/frontend/ios/Pods/Headers/Public/RCTSwiftUIWrapper -I/Users/sparkles/Documents/CodingFiles/FullStack/expensioApp/frontend/ios/Pods/Headers/Public/RCTTypeSafety -I/Users/sparkles/Documents/CodingFiles/FullStack/expensioApp/frontend/ios/Pods/Headers/Public/React-Core -I/Users/sparkles/Documents/CodingFiles/FullStack/expensioApp/frontend/ios/Pods/Headers/Public/React-Core-prebuilt -I/Users/sparkles/Documents/CodingFiles/FullStack/expensioApp/frontend/ios/Pods/Headers/Public/React-CoreModules -I/Users/sparkles/Documents/CodingFiles/FullStack/expensioApp/frontend/ios/Pods/Headers/Public/React-Fabric -I/Users/sparkles/Documents/CodingFiles/FullStack/expensioApp/frontend/ios/Pods/Headers/Public/React-FabricComponents -I/Users/sparkles/Documents/CodingFiles/FullStack/expensioApp/frontend/ios/Pods/Headers/Public/React-FabricImage -I/Users/sparkles/Documents/CodingFiles/FullStack/expensioApp/frontend/ios/Pods/Headers/Public/React-ImageManager -I/Users/sparkles/Documents/CodingFiles/FullStack/expensioApp/frontend/ios/Pods/Headers/Public/React-Mapbuffer -I/Users/sparkles/Documents/CodingFiles/FullStack/expensioApp/frontend/ios/Pods/Headers/Public/React-NativeModulesApple -I/Users/sparkles/Documents/CodingFiles/FullStack/expensioApp/frontend/ios/Pods/Headers/Public/React-RCTAnimation -I/Users/sparkles/Documents/CodingFiles/FullStack/expensioApp/frontend/ios/Pods/Headers/Public/React-RCTBlob -I/Users/sparkles/Documents/CodingFiles/FullStack/expensioApp/frontend/ios/Pods/Headers/Public/React-RCTFBReactNativeSpec -I/Users/sparkles/Documents/CodingFiles/FullStack/expensioApp/frontend/ios/Pods/Headers/Public/React-RCTFabric -I/Users/sparkles/Documents/CodingFiles/FullStack/expensioApp/frontend/ios/Pods/Headers/Public/React-RCTImage -I/Users/sparkles/Documents/CodingFiles/FullStack/expensioApp/frontend/ios/Pods/Headers/Public/React-RCTRuntime -I/Users/sparkles/Documents/CodingFiles/FullStack/expensioApp/frontend/ios/Pods/Headers/Public/React-RCTText -I/Users/sparkles/Documents/CodingFiles/FullStack/expensioApp/frontend/ios/Pods/Headers/Public/React-RuntimeApple -I/Users/sparkles/Documents/CodingFiles/FullStack/expensioApp/frontend/ios/Pods/Headers/Public/React-RuntimeCore -I/Users/sparkles/Documents/CodingFiles/FullStack/expensioApp/frontend/ios/Pods/Headers/Public/React-RuntimeHermes -I/Users/sparkles/Documents/CodingFiles/FullStack/expensioApp/frontend/ios/Pods/Headers/Public/React-callinvoker -I/Users/sparkles/Documents/CodingFiles/FullStack/expensioApp/frontend/ios/Pods/Headers/Public/React-cxxreact -I/Users/sparkles/Documents/CodingFiles/FullStack/expensioApp/frontend/ios/Pods/Headers/Public/React-debug -I/Users/sparkles/Documents/CodingFiles/FullStack/expensioApp/frontend/ios/Pods/Headers/Public/React-defaultsnativemodule -I/Users/sparkles/Documents/CodingFiles/FullStack/expensioApp/frontend/ios/Pods/Headers/Public/React-domnativemodule -I/Users/sparkles/Documents/CodingFiles/FullStack/expensioApp/frontend/ios/Pods/Headers/Public/React-featureflags -I/Users/sparkles/Documents/CodingFiles/FullStack/expensioApp/frontend/ios/Pods/Headers/Public/React-featureflagsnativemodule -I/Users/sparkles/Documents/CodingFiles/FullStack/expensioApp/frontend/ios/Pods/Headers/Public/React-graphics -I/Users/sparkles/Documents/CodingFiles/FullStack/expensioApp/frontend/ios/Pods/Headers/Public/React-hermes -I/Users/sparkles/Documents/CodingFiles/FullStack/expensioApp/frontend/ios/Pods/Headers/Public/React-idlecallbacksnativemodule -I/Users/sparkles/Documents/CodingFiles/FullStack/expensioApp/frontend/ios/Pods/Headers/Public/React-intersectionobservernativemodule -I/Users/sparkles/Documents/CodingFiles/FullStack/expensioApp/frontend/ios/Pods/Headers/Public/React-jserrorhandler -I/Users/sparkles/Documents/CodingFiles/FullStack/expensioApp/frontend/ios/Pods/Headers/Public/React-jsi -I/Users/sparkles/Documents/CodingFiles/FullStack/expensioApp/frontend/ios/Pods/Headers/Public/React-jsiexecutor -I/Users/sparkles/Documents/CodingFiles/FullStack/expensioApp/frontend/ios/Pods/Headers/Public/React-jsinspector -I/Users/sparkles/Documents/CodingFiles/FullStack/expensioApp/frontend/ios/Pods/Headers/Public/React-jsinspectorcdp -I/Users/sparkles/Documents/CodingFiles/FullStack/expensioApp/frontend/ios/Pods/Headers/Public/React-jsinspectornetwork -I/Users/sparkles/Documents/CodingFiles/FullStack/expensioApp/frontend/ios/Pods/Headers/Public/React-jsinspectortracing -I/Users/sparkles/Documents/CodingFiles/FullStack/expensioApp/frontend/ios/Pods/Headers/Public/React-jsitooling -I/Users/sparkles/Documents/CodingFiles/FullStack/expensioApp/frontend/ios/Pods/Headers/Public/React-logger -I/Users/sparkles/Documents/CodingFiles/FullStack/expensioApp/frontend/ios/Pods/Headers/Public/React-microtasksnativemodule -I/Users/sparkles/Documents/CodingFiles/FullStack/expensioApp/frontend/ios/Pods/Headers/Public/React-mutationobservernativemodule -I/Users/sparkles/Documents/CodingFiles/FullStack/expensioApp/frontend/ios/Pods/Headers/Public/React-networking -I/Users/sparkles/Documents/CodingFiles/FullStack/expensioApp/frontend/ios/Pods/Headers/Public/React-oscompat -I/Users/sparkles/Documents/CodingFiles/FullStack/expensioApp/frontend/ios/Pods/Headers/Public/React-perflogger -I/Users/sparkles/Documents/CodingFiles/FullStack/expensioApp/frontend/ios/Pods/Headers/Public/React-performancecdpmetrics -I/Users/sparkles/Documents/CodingFiles/FullStack/expensioApp/frontend/ios/Pods/Headers/Public/React-performancetimeline -I/Users/sparkles/Documents/CodingFiles/FullStack/expensioApp/frontend/ios/Pods/Headers/Public/React-rendererconsistency -I/Users/sparkles/Documents/CodingFiles/FullStack/expensioApp/frontend/ios/Pods/Headers/Public/React-renderercss -I/Users/sparkles/Documents/CodingFiles/FullStack/expensioApp/frontend/ios/Pods/Headers/Public/React-rendererdebug -I/Users/sparkles/Documents/CodingFiles/FullStack/expensioApp/frontend/ios/Pods/Headers/Public/React-runtimeexecutor -I/Users/sparkles/Documents/CodingFiles/FullStack/expensioApp/frontend/ios/Pods/Headers/Public/React-runtimescheduler -I/Users/sparkles/Documents/CodingFiles/FullStack/expensioApp/frontend/ios/Pods/Headers/Public/React-timing -I/Users/sparkles/Documents/CodingFiles/FullStack/expensioApp/frontend/ios/Pods/Headers/Public/React-utils -I/Users/sparkles/Documents/CodingFiles/FullStack/expensioApp/frontend/ios/Pods/Headers/Public/React-viewtransitionnativemodule -I/Users/sparkles/Documents/CodingFiles/FullStack/expensioApp/frontend/ios/Pods/Headers/Public/React-webperformancenativemodule -I/Users/sparkles/Documents/CodingFiles/FullStack/expensioApp/frontend/ios/Pods/Headers/Public/ReactCodegen -I/Users/sparkles/Documents/CodingFiles/FullStack/expensioApp/frontend/ios/Pods/Headers/Public/ReactCommon -I/Users/sparkles/Documents/CodingFiles/FullStack/expensioApp/frontend/ios/Pods/Headers/Public/ReactNativeDependencies -I/Users/sparkles/Documents/CodingFiles/FullStack/expensioApp/frontend/ios/Pods/Headers/Public/Yoga -I/Users/sparkles/Documents/CodingFiles/FullStack/expensioApp/frontend/ios/Pods/Headers/Public/hermes-engine -I/Users/sparkles/Documents/CodingFiles/FullStack/expensioApp/frontend/ios/Pods/Headers/Private/Yoga -I/Users/sparkles/Documents/CodingFiles/FullStack/expensioApp/frontend/ios/Pods/ExpoModulesCore/ExpoModulesCore.xcframework/ios-arm64_x86_64-simulator/ExpoModulesCore.framework/Headers -I/Users/sparkles/Documents/CodingFiles/FullStack/expensioApp/frontend/ios/Pods/ExpoModulesCore/ExpoModulesCore.xcframework/ios-arm64/ExpoModulesCore.framework/Headers -I/Users/sparkles/Documents/CodingFiles/FullStack/expensioApp/frontend/ios/Pods/ExpoModulesCore/ExpoModulesCore.xcframework/ios-arm64_x86_64-simulator/ExpoModulesCore.framework/Headers -I/Users/sparkles/Documents/CodingFiles/FullStack/expensioApp/frontend/ios/Pods/ExpoModulesCore/ExpoModulesCore.xcframework/ios-arm64/ExpoModulesCore.framework/Headers -I/Users/sparkles/Library/Developer/Xcode/DerivedData/Expensio-futtgngxcysvvhcljmosbeftqmyc/Build/Intermediates.noindex/Pods.build/Debug-iphonesimulator/AsyncStorage.build/DerivedSources-normal/x86_64 -I/Users/sparkles/Library/Developer/Xcode/DerivedData/Expensio-futtgngxcysvvhcljmosbeftqmyc/Build/Intermediates.noindex/Pods.build/Debug-iphonesimulator/AsyncStorage.build/DerivedSources/x86_64 -I/Users/sparkles/Library/Developer/Xcode/DerivedData/Expensio-futtgngxcysvvhcljmosbeftqmyc/Build/Intermediates.noindex/Pods.build/Debug-iphonesimulator/AsyncStorage.build/DerivedSources -F/Users/sparkles/Library/Developer/Xcode/DerivedData/Expensio-futtgngxcysvvhcljmosbeftqmyc/Build/Products/Debug-iphonesimulator/AsyncStorage -F/Users/sparkles/Documents/CodingFiles/FullStack/expensioApp/frontend/node_modules/@react-native-async-storage/async-storage/apple-frameworks -F/Users/sparkles/Documents/CodingFiles/FullStack/expensioApp/frontend/ios/Pods/React-Core-prebuilt -F/Users/sparkles/Documents/CodingFiles/FullStack/expensioApp/frontend/ios/Pods/ReactNativeDependencies/framework/packages/react-native -F/Users/sparkles/Documents/CodingFiles/FullStack/expensioApp/frontend/ios/Pods/hermes-engine/destroot/Library/Frameworks/universal -F/Users/sparkles/Library/Developer/Xcode/DerivedData/Expensio-futtgngxcysvvhcljmosbeftqmyc/Build/Products/Debug-iphonesimulator/XCFrameworkIntermediates/AsyncStorage -F/Users/sparkles/Library/Developer/Xcode/DerivedData/Expensio-futtgngxcysvvhcljmosbeftqmyc/Build/Products/Debug-iphonesimulator/XCFrameworkIntermediates/React-Core-prebuilt -F/Users/sparkles/Library/Developer/Xcode/DerivedData/Expensio-futtgngxcysvvhcljmosbeftqmyc/Build/Products/Debug-iphonesimulator/XCFrameworkIntermediates/ReactNativeDependencies -F/Users/sparkles/Library/Developer/Xcode/DerivedData/Expensio-futtgngxcysvvhcljmosbeftqmyc/Build/Products/Debug-iphonesimulator/XCFrameworkIntermediates/hermes-engine/Pre-built '-DRCT_REMOVE_LEGACY_ARCH=1' '-fmodule-map-file=/Users/sparkles/Documents/CodingFiles/FullStack/expensioApp/frontend/ios/Pods/Headers/Public/ReactCodegen/ReactCodegen.modulemap' '-DRCT_REMOVE_LEGACY_ARCH=1' -ivfsoverlay /Users/sparkles/Documents/CodingFiles/FullStack/expensioApp/frontend/ios/Pods/React-Core-prebuilt/React-VFS.yaml '-DRCT_REMOVE_LEGACY_ARCH=1' '-DRCT_NEW_ARCH_ENABLED=1' -ivfsoverlay /Users/sparkles/Documents/CodingFiles/FullStack/expensioApp/frontend/ios/Pods/React-Core-prebuilt/React-VFS.yaml

WriteAuxiliaryFile /Users/sparkles/Library/Developer/Xcode/DerivedData/Expensio-futtgngxcysvvhcljmosbeftqmyc/Build/Intermediates.noindex/Pods.build/Debug-iphonesimulator/AsyncStorage.build/Objects-normal/arm64/e6072d4f65d7061329687fe24e3d63a7-common-args.resp (in target 'AsyncStorage' from project 'Pods')
    cd /Users/sparkles/Documents/CodingFiles/FullStack/expensioApp/frontend/ios/Pods
    write-file /Users/sparkles/Library/Developer/Xcode/DerivedData/Expensio-futtgngxcysvvhcljmosbeftqmyc/Build/Intermediates.noindex/Pods.build/Debug-iphonesimulator/AsyncStorage.build/Objects-normal/arm64/e6072d4f65d7061329687fe24e3d63a7-common-args.resp
'-std=gnu11' -fobjc-arc -fmodules '-fmodules-cache-path=/Users/sparkles/Library/Developer/Xcode/DerivedData/ModuleCache.noindex' -fpascal-strings -O0 -fno-common '-DPOD_CONFIGURATION_DEBUG=1' '-DDEBUG=1' '-DCOCOAPODS=1' '-DOBJC_OLD_DISPATCH_PROTOTYPES=0' -g '-fobjc-abi-version=2' -fobjc-legacy-dispatch -iquote /Users/sparkles/Library/Developer/Xcode/DerivedData/Expensio-futtgngxcysvvhcljmosbeftqmyc/Build/Intermediates.noindex/Pods.build/Debug-iphonesimulator/AsyncStorage.build/AsyncStorage-generated-files.hmap -I/Users/sparkles/Library/Developer/Xcode/DerivedData/Expensio-futtgngxcysvvhcljmosbeftqmyc/Build/Intermediates.noindex/Pods.build/Debug-iphonesimulator/AsyncStorage.build/AsyncStorage-own-target-headers.hmap -I/Users/sparkles/Library/Developer/Xcode/DerivedData/Expensio-futtgngxcysvvhcljmosbeftqmyc/Build/Intermediates.noindex/Pods.build/Debug-iphonesimulator/AsyncStorage.build/AsyncStorage-all-non-framework-target-headers.hmap -ivfsoverlay /Users/sparkles/Library/Developer/Xcode/DerivedData/Expensio-futtgngxcysvvhcljmosbeftqmyc/Build/Intermediates.noindex/Pods.build/Debug-iphonesimulator/Pods-8699adb1dd336b26511df848a716bd42-VFS-iphonesimulator/all-product-headers.yaml -iquote /Users/sparkles/Library/Developer/Xcode/DerivedData/Expensio-futtgngxcysvvhcljmosbeftqmyc/Build/Intermediates.noindex/Pods.build/Debug-iphonesimulator/AsyncStorage.build/AsyncStorage-project-headers.hmap -I/Users/sparkles/Library/Developer/Xcode/DerivedData/Expensio-futtgngxcysvvhcljmosbeftqmyc/Build/Products/Debug-iphonesimulator/AsyncStorage/include -I/Users/sparkles/Documents/CodingFiles/FullStack/expensioApp/frontend/ios/Pods/Headers/Private -I/Users/sparkles/Documents/CodingFiles/FullStack/expensioApp/frontend/ios/Pods/Headers/Private/AsyncStorage -I/Users/sparkles/Documents/CodingFiles/FullStack/expensioApp/frontend/ios/Pods/Headers/Public -I/Users/sparkles/Documents/CodingFiles/FullStack/expensioApp/frontend/ios/Pods/Headers/Public/FBLazyVector -I/Users/sparkles/Documents/CodingFiles/FullStack/expensioApp/frontend/ios/Pods/Headers/Public/RCTRequired -I/Users/sparkles/Documents/CodingFiles/FullStack/expensioApp/frontend/ios/Pods/Headers/Public/RCTSwiftUIWrapper -I/Users/sparkles/Documents/CodingFiles/FullStack/expensioApp/frontend/ios/Pods/Headers/Public/RCTTypeSafety -I/Users/sparkles/Documents/CodingFiles/FullStack/expensioApp/frontend/ios/Pods/Headers/Public/React-Core -I/Users/sparkles/Documents/CodingFiles/FullStack/expensioApp/frontend/ios/Pods/Headers/Public/React-Core-prebuilt -I/Users/sparkles/Documents/CodingFiles/FullStack/expensioApp/frontend/ios/Pods/Headers/Public/React-CoreModules -I/Users/sparkles/Documents/CodingFiles/FullStack/expensioApp/frontend/ios/Pods/Headers/Public/React-Fabric -I/Users/sparkles/Documents/CodingFiles/FullStack/expensioApp/frontend/ios/Pods/Headers/Public/React-FabricComponents -I/Users/sparkles/Documents/CodingFiles/FullStack/expensioApp/frontend/ios/Pods/Headers/Public/React-FabricImage -I/Users/sparkles/Documents/CodingFiles/FullStack/expensioApp/frontend/ios/Pods/Headers/Public/React-ImageManager -I/Users/sparkles/Documents/CodingFiles/FullStack/expensioApp/frontend/ios/Pods/Headers/Public/React-Mapbuffer -I/Users/sparkles/Documents/CodingFiles/FullStack/expensioApp/frontend/ios/Pods/Headers/Public/React-NativeModulesApple -I/Users/sparkles/Documents/CodingFiles/FullStack/expensioApp/frontend/ios/Pods/Headers/Public/React-RCTAnimation -I/Users/sparkles/Documents/CodingFiles/FullStack/expensioApp/frontend/ios/Pods/Headers/Public/React-RCTBlob -I/Users/sparkles/Documents/CodingFiles/FullStack/expensioApp/frontend/ios/Pods/Headers/Public/React-RCTFBReactNativeSpec -I/Users/sparkles/Documents/CodingFiles/FullStack/expensioApp/frontend/ios/Pods/Headers/Public/React-RCTFabric -I/Users/sparkles/Documents/CodingFiles/FullStack/expensioApp/frontend/ios/Pods/Headers/Public/React-RCTImage -I/Users/sparkles/Documents/CodingFiles/FullStack/expensioApp/frontend/ios/Pods/Headers/Public/React-RCTRuntime -I/Users/sparkles/Documents/CodingFiles/FullStack/expensioApp/frontend/ios/Pods/Headers/Public/React-RCTText -I/Users/sparkles/Documents/CodingFiles/FullStack/expensioApp/frontend/ios/Pods/Headers/Public/React-RuntimeApple -I/Users/sparkles/Documents/CodingFiles/FullStack/expensioApp/frontend/ios/Pods/Headers/Public/React-RuntimeCore -I/Users/sparkles/Documents/CodingFiles/FullStack/expensioApp/frontend/ios/Pods/Headers/Public/React-RuntimeHermes -I/Users/sparkles/Documents/CodingFiles/FullStack/expensioApp/frontend/ios/Pods/Headers/Public/React-callinvoker -I/Users/sparkles/Documents/CodingFiles/FullStack/expensioApp/frontend/ios/Pods/Headers/Public/React-cxxreact -I/Users/sparkles/Documents/CodingFiles/FullStack/expensioApp/frontend/ios/Pods/Headers/Public/React-debug -I/Users/sparkles/Documents/CodingFiles/FullStack/expensioApp/frontend/ios/Pods/Headers/Public/React-defaultsnativemodule -I/Users/sparkles/Documents/CodingFiles/FullStack/expensioApp/frontend/ios/Pods/Headers/Public/React-domnativemodule -I/Users/sparkles/Documents/CodingFiles/FullStack/expensioApp/frontend/ios/Pods/Headers/Public/React-featureflags -I/Users/sparkles/Documents/CodingFiles/FullStack/expensioApp/frontend/ios/Pods/Headers/Public/React-featureflagsnativemodule -I/Users/sparkles/Documents/CodingFiles/FullStack/expensioApp/frontend/ios/Pods/Headers/Public/React-graphics -I/Users/sparkles/Documents/CodingFiles/FullStack/expensioApp/frontend/ios/Pods/Headers/Public/React-hermes -I/Users/sparkles/Documents/CodingFiles/FullStack/expensioApp/frontend/ios/Pods/Headers/Public/React-idlecallbacksnativemodule -I/Users/sparkles/Documents/CodingFiles/FullStack/expensioApp/frontend/ios/Pods/Headers/Public/React-intersectionobservernativemodule -I/Users/sparkles/Documents/CodingFiles/FullStack/expensioApp/frontend/ios/Pods/Headers/Public/React-jserrorhandler -I/Users/sparkles/Documents/CodingFiles/FullStack/expensioApp/frontend/ios/Pods/Headers/Public/React-jsi -I/Users/sparkles/Documents/CodingFiles/FullStack/expensioApp/frontend/ios/Pods/Headers/Public/React-jsiexecutor -I/Users/sparkles/Documents/CodingFiles/FullStack/expensioApp/frontend/ios/Pods/Headers/Public/React-jsinspector -I/Users/sparkles/Documents/CodingFiles/FullStack/expensioApp/frontend/ios/Pods/Headers/Public/React-jsinspectorcdp -I/Users/sparkles/Documents/CodingFiles/FullStack/expensioApp/frontend/ios/Pods/Headers/Public/React-jsinspectornetwork -I/Users/sparkles/Documents/CodingFiles/FullStack/expensioApp/frontend/ios/Pods/Headers/Public/React-jsinspectortracing -I/Users/sparkles/Documents/CodingFiles/FullStack/expensioApp/frontend/ios/Pods/Headers/Public/React-jsitooling -I/Users/sparkles/Documents/CodingFiles/FullStack/expensioApp/frontend/ios/Pods/Headers/Public/React-logger -I/Users/sparkles/Documents/CodingFiles/FullStack/expensioApp/frontend/ios/Pods/Headers/Public/React-microtasksnativemodule -I/Users/sparkles/Documents/CodingFiles/FullStack/expensioApp/frontend/ios/Pods/Headers/Public/React-mutationobservernativemodule -I/Users/sparkles/Documents/CodingFiles/FullStack/expensioApp/frontend/ios/Pods/Headers/Public/React-networking -I/Users/sparkles/Documents/CodingFiles/FullStack/expensioApp/frontend/ios/Pods/Headers/Public/React-oscompat -I/Users/sparkles/Documents/CodingFiles/FullStack/expensioApp/frontend/ios/Pods/Headers/Public/React-perflogger -I/Users/sparkles/Documents/CodingFiles/FullStack/expensioApp/frontend/ios/Pods/Headers/Public/React-performancecdpmetrics -I/Users/sparkles/Documents/CodingFiles/FullStack/expensioApp/frontend/ios/Pods/Headers/Public/React-performancetimeline -I/Users/sparkles/Documents/CodingFiles/FullStack/expensioApp/frontend/ios/Pods/Headers/Public/React-rendererconsistency -I/Users/sparkles/Documents/CodingFiles/FullStack/expensioApp/frontend/ios/Pods/Headers/Public/React-renderercss -I/Users/sparkles/Documents/CodingFiles/FullStack/expensioApp/frontend/ios/Pods/Headers/Public/React-rendererdebug -I/Users/sparkles/Documents/CodingFiles/FullStack/expensioApp/frontend/ios/Pods/Headers/Public/React-runtimeexecutor -I/Users/sparkles/Documents/CodingFiles/FullStack/expensioApp/frontend/ios/Pods/Headers/Public/React-runtimescheduler -I/Users/sparkles/Documents/CodingFiles/FullStack/expensioApp/frontend/ios/Pods/Headers/Public/React-timing -I/Users/sparkles/Documents/CodingFiles/FullStack/expensioApp/frontend/ios/Pods/Headers/Public/React-utils -I/Users/sparkles/Documents/CodingFiles/FullStack/expensioApp/frontend/ios/Pods/Headers/Public/React-viewtransitionnativemodule -I/Users/sparkles/Documents/CodingFiles/FullStack/expensioApp/frontend/ios/Pods/Headers/Public/React-webperformancenativemodule -I/Users/sparkles/Documents/CodingFiles/FullStack/expensioApp/frontend/ios/Pods/Headers/Public/ReactCodegen -I/Users/sparkles/Documents/CodingFiles/FullStack/expensioApp/frontend/ios/Pods/Headers/Public/ReactCommon -I/Users/sparkles/Documents/CodingFiles/FullStack/expensioApp/frontend/ios/Pods/Headers/Public/ReactNativeDependencies -I/Users/sparkles/Documents/CodingFiles/FullStack/expensioApp/frontend/ios/Pods/Headers/Public/Yoga -I/Users/sparkles/Documents/CodingFiles/FullStack/expensioApp/frontend/ios/Pods/Headers/Public/hermes-engine -I/Users/sparkles/Documents/CodingFiles/FullStack/expensioApp/frontend/ios/Pods/Headers/Private/Yoga -I/Users/sparkles/Documents/CodingFiles/FullStack/expensioApp/frontend/ios/Pods/ExpoModulesCore/ExpoModulesCore.xcframework/ios-arm64_x86_64-simulator/ExpoModulesCore.framework/Headers -I/Users/sparkles/Documents/CodingFiles/FullStack/expensioApp/frontend/ios/Pods/ExpoModulesCore/ExpoModulesCore.xcframework/ios-arm64/ExpoModulesCore.framework/Headers -I/Users/sparkles/Documents/CodingFiles/FullStack/expensioApp/frontend/ios/Pods/ExpoModulesCore/ExpoModulesCore.xcframework/ios-arm64_x86_64-simulator/ExpoModulesCore.framework/Headers -I/Users/sparkles/Documents/CodingFiles/FullStack/expensioApp/frontend/ios/Pods/ExpoModulesCore/ExpoModulesCore.xcframework/ios-arm64/ExpoModulesCore.framework/Headers -I/Users/sparkles/Library/Developer/Xcode/DerivedData/Expensio-futtgngxcysvvhcljmosbeftqmyc/Build/Intermediates.noindex/Pods.build/Debug-iphonesimulator/AsyncStorage.build/DerivedSources-normal/arm64 -I/Users/sparkles/Library/Developer/Xcode/DerivedData/Expensio-futtgngxcysvvhcljmosbeftqmyc/Build/Intermediates.noindex/Pods.build/Debug-iphonesimulator/AsyncStorage.build/DerivedSources/arm64 -I/Users/sparkles/Library/Developer/Xcode/DerivedData/Expensio-futtgngxcysvvhcljmosbeftqmyc/Build/Intermediates.noindex/Pods.build/Debug-iphonesimulator/AsyncStorage.build/DerivedSources -F/Users/sparkles/Library/Developer/Xcode/DerivedData/Expensio-futtgngxcysvvhcljmosbeftqmyc/Build/Products/Debug-iphonesimulator/AsyncStorage -F/Users/sparkles/Documents/CodingFiles/FullStack/expensioApp/frontend/node_modules/@react-native-async-storage/async-storage/apple-frameworks -F/Users/sparkles/Documents/CodingFiles/FullStack/expensioApp/frontend/ios/Pods/React-Core-prebuilt -F/Users/sparkles/Documents/CodingFiles/FullStack/expensioApp/frontend/ios/Pods/ReactNativeDependencies/framework/packages/react-native -F/Users/sparkles/Documents/CodingFiles/FullStack/expensioApp/frontend/ios/Pods/hermes-engine/destroot/Library/Frameworks/universal -F/Users/sparkles/Library/Developer/Xcode/DerivedData/Expensio-futtgngxcysvvhcljmosbeftqmyc/Build/Products/Debug-iphonesimulator/XCFrameworkIntermediates/AsyncStorage -F/Users/sparkles/Library/Developer/Xcode/DerivedData/Expensio-futtgngxcysvvhcljmosbeftqmyc/Build/Products/Debug-iphonesimulator/XCFrameworkIntermediates/React-Core-prebuilt -F/Users/sparkles/Library/Developer/Xcode/DerivedData/Expensio-futtgngxcysvvhcljmosbeftqmyc/Build/Products/Debug-iphonesimulator/XCFrameworkIntermediates/ReactNativeDependencies -F/Users/sparkles/Library/Developer/Xcode/DerivedData/Expensio-futtgngxcysvvhcljmosbeftqmyc/Build/Products/Debug-iphonesimulator/XCFrameworkIntermediates/hermes-engine/Pre-built '-DRCT_REMOVE_LEGACY_ARCH=1' '-fmodule-map-file=/Users/sparkles/Documents/CodingFiles/FullStack/expensioApp/frontend/ios/Pods/Headers/Public/ReactCodegen/ReactCodegen.modulemap' '-DRCT_REMOVE_LEGACY_ARCH=1' -ivfsoverlay /Users/sparkles/Documents/CodingFiles/FullStack/expensioApp/frontend/ios/Pods/React-Core-prebuilt/React-VFS.yaml

WriteAuxiliaryFile /Users/sparkles/Library/Developer/Xcode/DerivedData/Expensio-futtgngxcysvvhcljmosbeftqmyc/Build/Intermediates.noindex/Pods.build/Debug-iphonesimulator/AsyncStorage.build/Objects-normal/x86_64/e6072d4f65d7061329687fe24e3d63a7-common-args.resp (in target 'AsyncStorage' from project 'Pods')
    cd /Users/sparkles/Documents/CodingFiles/FullStack/expensioApp/frontend/ios/Pods
    write-file /Users/sparkles/Library/Developer/Xcode/DerivedData/Expensio-futtgngxcysvvhcljmosbeftqmyc/Build/Intermediates.noindex/Pods.build/Debug-iphonesimulator/AsyncStorage.build/Objects-normal/x86_64/e6072d4f65d7061329687fe24e3d63a7-common-args.resp
'-std=gnu11' -fobjc-arc -fmodules '-fmodules-cache-path=/Users/sparkles/Library/Developer/Xcode/DerivedData/ModuleCache.noindex' -fpascal-strings -O0 -fno-common '-DPOD_CONFIGURATION_DEBUG=1' '-DDEBUG=1' '-DCOCOAPODS=1' '-DOBJC_OLD_DISPATCH_PROTOTYPES=0' -fasm-blocks -g '-fobjc-abi-version=2' -fobjc-legacy-dispatch -iquote /Users/sparkles/Library/Developer/Xcode/DerivedData/Expensio-futtgngxcysvvhcljmosbeftqmyc/Build/Intermediates.noindex/Pods.build/Debug-iphonesimulator/AsyncStorage.build/AsyncStorage-generated-files.hmap -I/Users/sparkles/Library/Developer/Xcode/DerivedData/Expensio-futtgngxcysvvhcljmosbeftqmyc/Build/Intermediates.noindex/Pods.build/Debug-iphonesimulator/AsyncStorage.build/AsyncStorage-own-target-headers.hmap -I/Users/sparkles/Library/Developer/Xcode/DerivedData/Expensio-futtgngxcysvvhcljmosbeftqmyc/Build/Intermediates.noindex/Pods.build/Debug-iphonesimulator/AsyncStorage.build/AsyncStorage-all-non-framework-target-headers.hmap -ivfsoverlay /Users/sparkles/Library/Developer/Xcode/DerivedData/Expensio-futtgngxcysvvhcljmosbeftqmyc/Build/Intermediates.noindex/Pods.build/Debug-iphonesimulator/Pods-8699adb1dd336b26511df848a716bd42-VFS-iphonesimulator/all-product-headers.yaml -iquote /Users/sparkles/Library/Developer/Xcode/DerivedData/Expensio-futtgngxcysvvhcljmosbeftqmyc/Build/Intermediates.noindex/Pods.build/Debug-iphonesimulator/AsyncStorage.build/AsyncStorage-project-headers.hmap -I/Users/sparkles/Library/Developer/Xcode/DerivedData/Expensio-futtgngxcysvvhcljmosbeftqmyc/Build/Products/Debug-iphonesimulator/AsyncStorage/include -I/Users/sparkles/Documents/CodingFiles/FullStack/expensioApp/frontend/ios/Pods/Headers/Private -I/Users/sparkles/Documents/CodingFiles/FullStack/expensioApp/frontend/ios/Pods/Headers/Private/AsyncStorage -I/Users/sparkles/Documents/CodingFiles/FullStack/expensioApp/frontend/ios/Pods/Headers/Public -I/Users/sparkles/Documents/CodingFiles/FullStack/expensioApp/frontend/ios/Pods/Headers/Public/FBLazyVector -I/Users/sparkles/Documents/CodingFiles/FullStack/expensioApp/frontend/ios/Pods/Headers/Public/RCTRequired -I/Users/sparkles/Documents/CodingFiles/FullStack/expensioApp/frontend/ios/Pods/Headers/Public/RCTSwiftUIWrapper -I/Users/sparkles/Documents/CodingFiles/FullStack/expensioApp/frontend/ios/Pods/Headers/Public/RCTTypeSafety -I/Users/sparkles/Documents/CodingFiles/FullStack/expensioApp/frontend/ios/Pods/Headers/Public/React-Core -I/Users/sparkles/Documents/CodingFiles/FullStack/expensioApp/frontend/ios/Pods/Headers/Public/React-Core-prebuilt -I/Users/sparkles/Documents/CodingFiles/FullStack/expensioApp/frontend/ios/Pods/Headers/Public/React-CoreModules -I/Users/sparkles/Documents/CodingFiles/FullStack/expensioApp/frontend/ios/Pods/Headers/Public/React-Fabric -I/Users/sparkles/Documents/CodingFiles/FullStack/expensioApp/frontend/ios/Pods/Headers/Public/React-FabricComponents -I/Users/sparkles/Documents/CodingFiles/FullStack/expensioApp/frontend/ios/Pods/Headers/Public/React-FabricImage -I/Users/sparkles/Documents/CodingFiles/FullStack/expensioApp/frontend/ios/Pods/Headers/Public/React-ImageManager -I/Users/sparkles/Documents/CodingFiles/FullStack/expensioApp/frontend/ios/Pods/Headers/Public/React-Mapbuffer -I/Users/sparkles/Documents/CodingFiles/FullStack/expensioApp/frontend/ios/Pods/Headers/Public/React-NativeModulesApple -I/Users/sparkles/Documents/CodingFiles/FullStack/expensioApp/frontend/ios/Pods/Headers/Public/React-RCTAnimation -I/Users/sparkles/Documents/CodingFiles/FullStack/expensioApp/frontend/ios/Pods/Headers/Public/React-RCTBlob -I/Users/sparkles/Documents/CodingFiles/FullStack/expensioApp/frontend/ios/Pods/Headers/Public/React-RCTFBReactNativeSpec -I/Users/sparkles/Documents/CodingFiles/FullStack/expensioApp/frontend/ios/Pods/Headers/Public/React-RCTFabric -I/Users/sparkles/Documents/CodingFiles/FullStack/expensioApp/frontend/ios/Pods/Headers/Public/React-RCTImage -I/Users/sparkles/Documents/CodingFiles/FullStack/expensioApp/frontend/ios/Pods/Headers/Public/React-RCTRuntime -I/Users/sparkles/Documents/CodingFiles/FullStack/expensioApp/frontend/ios/Pods/Headers/Public/React-RCTText -I/Users/sparkles/Documents/CodingFiles/FullStack/expensioApp/frontend/ios/Pods/Headers/Public/React-RuntimeApple -I/Users/sparkles/Documents/CodingFiles/FullStack/expensioApp/frontend/ios/Pods/Headers/Public/React-RuntimeCore -I/Users/sparkles/Documents/CodingFiles/FullStack/expensioApp/frontend/ios/Pods/Headers/Public/React-RuntimeHermes -I/Users/sparkles/Documents/CodingFiles/FullStack/expensioApp/frontend/ios/Pods/Headers/Public/React-callinvoker -I/Users/sparkles/Documents/CodingFiles/FullStack/expensioApp/frontend/ios/Pods/Headers/Public/React-cxxreact -I/Users/sparkles/Documents/CodingFiles/FullStack/expensioApp/frontend/ios/Pods/Headers/Public/React-debug -I/Users/sparkles/Documents/CodingFiles/FullStack/expensioApp/frontend/ios/Pods/Headers/Public/React-defaultsnativemodule -I/Users/sparkles/Documents/CodingFiles/FullStack/expensioApp/frontend/ios/Pods/Headers/Public/React-domnativemodule -I/Users/sparkles/Documents/CodingFiles/FullStack/expensioApp/frontend/ios/Pods/Headers/Public/React-featureflags -I/Users/sparkles/Documents/CodingFiles/FullStack/expensioApp/frontend/ios/Pods/Headers/Public/React-featureflagsnativemodule -I/Users/sparkles/Documents/CodingFiles/FullStack/expensioApp/frontend/ios/Pods/Headers/Public/React-graphics -I/Users/sparkles/Documents/CodingFiles/FullStack/expensioApp/frontend/ios/Pods/Headers/Public/React-hermes -I/Users/sparkles/Documents/CodingFiles/FullStack/expensioApp/frontend/ios/Pods/Headers/Public/React-idlecallbacksnativemodule -I/Users/sparkles/Documents/CodingFiles/FullStack/expensioApp/frontend/ios/Pods/Headers/Public/React-intersectionobservernativemodule -I/Users/sparkles/Documents/CodingFiles/FullStack/expensioApp/frontend/ios/Pods/Headers/Public/React-jserrorhandler -I/Users/sparkles/Documents/CodingFiles/FullStack/expensioApp/frontend/ios/Pods/Headers/Public/React-jsi -I/Users/sparkles/Documents/CodingFiles/FullStack/expensioApp/frontend/ios/Pods/Headers/Public/React-jsiexecutor -I/Users/sparkles/Documents/CodingFiles/FullStack/expensioApp/frontend/ios/Pods/Headers/Public/React-jsinspector -I/Users/sparkles/Documents/CodingFiles/FullStack/expensioApp/frontend/ios/Pods/Headers/Public/React-jsinspectorcdp -I/Users/sparkles/Documents/CodingFiles/FullStack/expensioApp/frontend/ios/Pods/Headers/Public/React-jsinspectornetwork -I/Users/sparkles/Documents/CodingFiles/FullStack/expensioApp/frontend/ios/Pods/Headers/Public/React-jsinspectortracing -I/Users/sparkles/Documents/CodingFiles/FullStack/expensioApp/frontend/ios/Pods/Headers/Public/React-jsitooling -I/Users/sparkles/Documents/CodingFiles/FullStack/expensioApp/frontend/ios/Pods/Headers/Public/React-logger -I/Users/sparkles/Documents/CodingFiles/FullStack/expensioApp/frontend/ios/Pods/Headers/Public/React-microtasksnativemodule -I/Users/sparkles/Documents/CodingFiles/FullStack/expensioApp/frontend/ios/Pods/Headers/Public/React-mutationobservernativemodule -I/Users/sparkles/Documents/CodingFiles/FullStack/expensioApp/frontend/ios/Pods/Headers/Public/React-networking -I/Users/sparkles/Documents/CodingFiles/FullStack/expensioApp/frontend/ios/Pods/Headers/Public/React-oscompat -I/Users/sparkles/Documents/CodingFiles/FullStack/expensioApp/frontend/ios/Pods/Headers/Public/React-perflogger -I/Users/sparkles/Documents/CodingFiles/FullStack/expensioApp/frontend/ios/Pods/Headers/Public/React-performancecdpmetrics -I/Users/sparkles/Documents/CodingFiles/FullStack/expensioApp/frontend/ios/Pods/Headers/Public/React-performancetimeline -I/Users/sparkles/Documents/CodingFiles/FullStack/expensioApp/frontend/ios/Pods/Headers/Public/React-rendererconsistency -I/Users/sparkles/Documents/CodingFiles/FullStack/expensioApp/frontend/ios/Pods/Headers/Public/React-renderercss -I/Users/sparkles/Documents/CodingFiles/FullStack/expensioApp/frontend/ios/Pods/Headers/Public/React-rendererdebug -I/Users/sparkles/Documents/CodingFiles/FullStack/expensioApp/frontend/ios/Pods/Headers/Public/React-runtimeexecutor -I/Users/sparkles/Documents/CodingFiles/FullStack/expensioApp/frontend/ios/Pods/Headers/Public/React-runtimescheduler -I/Users/sparkles/Documents/CodingFiles/FullStack/expensioApp/frontend/ios/Pods/Headers/Public/React-timing -I/Users/sparkles/Documents/CodingFiles/FullStack/expensioApp/frontend/ios/Pods/Headers/Public/React-utils -I/Users/sparkles/Documents/CodingFiles/FullStack/expensioApp/frontend/ios/Pods/Headers/Public/React-viewtransitionnativemodule -I/Users/sparkles/Documents/CodingFiles/FullStack/expensioApp/frontend/ios/Pods/Headers/Public/React-webperformancenativemodule -I/Users/sparkles/Documents/CodingFiles/FullStack/expensioApp/frontend/ios/Pods/Headers/Public/ReactCodegen -I/Users/sparkles/Documents/CodingFiles/FullStack/expensioApp/frontend/ios/Pods/Headers/Public/ReactCommon -I/Users/sparkles/Documents/CodingFiles/FullStack/expensioApp/frontend/ios/Pods/Headers/Public/ReactNativeDependencies -I/Users/sparkles/Documents/CodingFiles/FullStack/expensioApp/frontend/ios/Pods/Headers/Public/Yoga -I/Users/sparkles/Documents/CodingFiles/FullStack/expensioApp/frontend/ios/Pods/Headers/Public/hermes-engine -I/Users/sparkles/Documents/CodingFiles/FullStack/expensioApp/frontend/ios/Pods/Headers/Private/Yoga -I/Users/sparkles/Documents/CodingFiles/FullStack/expensioApp/frontend/ios/Pods/ExpoModulesCore/ExpoModulesCore.xcframework/ios-arm64_x86_64-simulator/ExpoModulesCore.framework/Headers -I/Users/sparkles/Documents/CodingFiles/FullStack/expensioApp/frontend/ios/Pods/ExpoModulesCore/ExpoModulesCore.xcframework/ios-arm64/ExpoModulesCore.framework/Headers -I/Users/sparkles/Documents/CodingFiles/FullStack/expensioApp/frontend/ios/Pods/ExpoModulesCore/ExpoModulesCore.xcframework/ios-arm64_x86_64-simulator/ExpoModulesCore.framework/Headers -I/Users/sparkles/Documents/CodingFiles/FullStack/expensioApp/frontend/ios/Pods/ExpoModulesCore/ExpoModulesCore.xcframework/ios-arm64/ExpoModulesCore.framework/Headers -I/Users/sparkles/Library/Developer/Xcode/DerivedData/Expensio-futtgngxcysvvhcljmosbeftqmyc/Build/Intermediates.noindex/Pods.build/Debug-iphonesimulator/AsyncStorage.build/DerivedSources-normal/x86_64 -I/Users/sparkles/Library/Developer/Xcode/DerivedData/Expensio-futtgngxcysvvhcljmosbeftqmyc/Build/Intermediates.noindex/Pods.build/Debug-iphonesimulator/AsyncStorage.build/DerivedSources/x86_64 -I/Users/sparkles/Library/Developer/Xcode/DerivedData/Expensio-futtgngxcysvvhcljmosbeftqmyc/Build/Intermediates.noindex/Pods.build/Debug-iphonesimulator/AsyncStorage.build/DerivedSources -F/Users/sparkles/Library/Developer/Xcode/DerivedData/Expensio-futtgngxcysvvhcljmosbeftqmyc/Build/Products/Debug-iphonesimulator/AsyncStorage -F/Users/sparkles/Documents/CodingFiles/FullStack/expensioApp/frontend/node_modules/@react-native-async-storage/async-storage/apple-frameworks -F/Users/sparkles/Documents/CodingFiles/FullStack/expensioApp/frontend/ios/Pods/React-Core-prebuilt -F/Users/sparkles/Documents/CodingFiles/FullStack/expensioApp/frontend/ios/Pods/ReactNativeDependencies/framework/packages/react-native -F/Users/sparkles/Documents/CodingFiles/FullStack/expensioApp/frontend/ios/Pods/hermes-engine/destroot/Library/Frameworks/universal -F/Users/sparkles/Library/Developer/Xcode/DerivedData/Expensio-futtgngxcysvvhcljmosbeftqmyc/Build/Products/Debug-iphonesimulator/XCFrameworkIntermediates/AsyncStorage -F/Users/sparkles/Library/Developer/Xcode/DerivedData/Expensio-futtgngxcysvvhcljmosbeftqmyc/Build/Products/Debug-iphonesimulator/XCFrameworkIntermediates/React-Core-prebuilt -F/Users/sparkles/Library/Developer/Xcode/DerivedData/Expensio-futtgngxcysvvhcljmosbeftqmyc/Build/Products/Debug-iphonesimulator/XCFrameworkIntermediates/ReactNativeDependencies -F/Users/sparkles/Library/Developer/Xcode/DerivedData/Expensio-futtgngxcysvvhcljmosbeftqmyc/Build/Products/Debug-iphonesimulator/XCFrameworkIntermediates/hermes-engine/Pre-built '-DRCT_REMOVE_LEGACY_ARCH=1' '-fmodule-map-file=/Users/sparkles/Documents/CodingFiles/FullStack/expensioApp/frontend/ios/Pods/Headers/Public/ReactCodegen/ReactCodegen.modulemap' '-DRCT_REMOVE_LEGACY_ARCH=1' -ivfsoverlay /Users/sparkles/Documents/CodingFiles/FullStack/expensioApp/frontend/ios/Pods/React-Core-prebuilt/React-VFS.yaml

WriteAuxiliaryFile /Users/sparkles/Library/Developer/Xcode/DerivedData/Expensio-futtgngxcysvvhcljmosbeftqmyc/Build/Intermediates.noindex/Pods.build/Debug-iphonesimulator/React-cxxreact-React-cxxreact_privacy.build/React-cxxreact_privacy.hmap (in target 'React-cxxreact-React-cxxreact_privacy' from project 'Pods')
    cd /Users/sparkles/Documents/CodingFiles/FullStack/expensioApp/frontend/ios/Pods
    write-file /Users/sparkles/Library/Developer/Xcode/DerivedData/Expensio-futtgngxcysvvhcljmosbeftqmyc/Build/Intermediates.noindex/Pods.build/Debug-iphonesimulator/React-cxxreact-React-cxxreact_privacy.build/React-cxxreact_privacy.hmap

WriteAuxiliaryFile /Users/sparkles/Library/Developer/Xcode/DerivedData/Expensio-futtgngxcysvvhcljmosbeftqmyc/Build/Intermediates.noindex/Pods.build/Debug-iphonesimulator/React-cxxreact-React-cxxreact_privacy.build/React-cxxreact_privacy.DependencyStaticMetadataFileList (in target 'React-cxxreact-React-cxxreact_privacy' from project 'Pods')
    cd /Users/sparkles/Documents/CodingFiles/FullStack/expensioApp/frontend/ios/Pods
    write-file /Users/sparkles/Library/Developer/Xcode/DerivedData/Expensio-futtgngxcysvvhcljmosbeftqmyc/Build/Intermediates.noindex/Pods.build/Debug-iphonesimulator/React-cxxreact-React-cxxreact_privacy.build/React-cxxreact_privacy.DependencyStaticMetadataFileList

WriteAuxiliaryFile /Users/sparkles/Library/Developer/Xcode/DerivedData/Expensio-futtgngxcysvvhcljmosbeftqmyc/Build/Intermediates.noindex/Pods.build/Debug-iphonesimulator/React-cxxreact-React-cxxreact_privacy.build/React-cxxreact_privacy.DependencyMetadataFileList (in target 'React-cxxreact-React-cxxreact_privacy' from project 'Pods')
    cd /Users/sparkles/Documents/CodingFiles/FullStack/expensioApp/frontend/ios/Pods
    write-file /Users/sparkles/Library/Developer/Xcode/DerivedData/Expensio-futtgngxcysvvhcljmosbeftqmyc/Build/Intermediates.noindex/Pods.build/Debug-iphonesimulator/React-cxxreact-React-cxxreact_privacy.build/React-cxxreact_privacy.DependencyMetadataFileList

WriteAuxiliaryFile /Users/sparkles/Library/Developer/Xcode/DerivedData/Expensio-futtgngxcysvvhcljmosbeftqmyc/Build/Intermediates.noindex/Pods.build/Debug-iphonesimulator/React-cxxreact-React-cxxreact_privacy.build/React-cxxreact_privacy-project-headers.hmap (in target 'React-cxxreact-React-cxxreact_privacy' from project 'Pods')
    cd /Users/sparkles/Documents/CodingFiles/FullStack/expensioApp/frontend/ios/Pods
    write-file /Users/sparkles/Library/Developer/Xcode/DerivedData/Expensio-futtgngxcysvvhcljmosbeftqmyc/Build/Intermediates.noindex/Pods.build/Debug-iphonesimulator/React-cxxreact-React-cxxreact_privacy.build/React-cxxreact_privacy-project-headers.hmap

WriteAuxiliaryFile /Users/sparkles/Library/Developer/Xcode/DerivedData/Expensio-futtgngxcysvvhcljmosbeftqmyc/Build/Intermediates.noindex/Pods.build/Debug-iphonesimulator/React-cxxreact-React-cxxreact_privacy.build/React-cxxreact_privacy-own-target-headers.hmap (in target 'React-cxxreact-React-cxxreact_privacy' from project 'Pods')
    cd /Users/sparkles/Documents/CodingFiles/FullStack/expensioApp/frontend/ios/Pods
    write-file /Users/sparkles/Library/Developer/Xcode/DerivedData/Expensio-futtgngxcysvvhcljmosbeftqmyc/Build/Intermediates.noindex/Pods.build/Debug-iphonesimulator/React-cxxreact-React-cxxreact_privacy.build/React-cxxreact_privacy-own-target-headers.hmap

WriteAuxiliaryFile /Users/sparkles/Library/Developer/Xcode/DerivedData/Expensio-futtgngxcysvvhcljmosbeftqmyc/Build/Intermediates.noindex/Pods.build/Debug-iphonesimulator/React-cxxreact-React-cxxreact_privacy.build/React-cxxreact_privacy-generated-files.hmap (in target 'React-cxxreact-React-cxxreact_privacy' from project 'Pods')
    cd /Users/sparkles/Documents/CodingFiles/FullStack/expensioApp/frontend/ios/Pods
    write-file /Users/sparkles/Library/Developer/Xcode/DerivedData/Expensio-futtgngxcysvvhcljmosbeftqmyc/Build/Intermediates.noindex/Pods.build/Debug-iphonesimulator/React-cxxreact-React-cxxreact_privacy.build/React-cxxreact_privacy-generated-files.hmap

WriteAuxiliaryFile /Users/sparkles/Library/Developer/Xcode/DerivedData/Expensio-futtgngxcysvvhcljmosbeftqmyc/Build/Intermediates.noindex/Pods.build/Debug-iphonesimulator/React-cxxreact-React-cxxreact_privacy.build/React-cxxreact_privacy-all-target-headers.hmap (in target 'React-cxxreact-React-cxxreact_privacy' from project 'Pods')
    cd /Users/sparkles/Documents/CodingFiles/FullStack/expensioApp/frontend/ios/Pods
    write-file /Users/sparkles/Library/Developer/Xcode/DerivedData/Expensio-futtgngxcysvvhcljmosbeftqmyc/Build/Intermediates.noindex/Pods.build/Debug-iphonesimulator/React-cxxreact-React-cxxreact_privacy.build/React-cxxreact_privacy-all-target-headers.hmap

WriteAuxiliaryFile /Users/sparkles/Library/Developer/Xcode/DerivedData/Expensio-futtgngxcysvvhcljmosbeftqmyc/Build/Intermediates.noindex/Pods.build/Debug-iphonesimulator/React-cxxreact-React-cxxreact_privacy.build/React-cxxreact_privacy-all-non-framework-target-headers.hmap (in target 'React-cxxreact-React-cxxreact_privacy' from project 'Pods')
    cd /Users/sparkles/Documents/CodingFiles/FullStack/expensioApp/frontend/ios/Pods
    write-file /Users/sparkles/Library/Developer/Xcode/DerivedData/Expensio-futtgngxcysvvhcljmosbeftqmyc/Build/Intermediates.noindex/Pods.build/Debug-iphonesimulator/React-cxxreact-React-cxxreact_privacy.build/React-cxxreact_privacy-all-non-framework-target-headers.hmap

WriteAuxiliaryFile /Users/sparkles/Library/Developer/Xcode/DerivedData/Expensio-futtgngxcysvvhcljmosbeftqmyc/Build/Intermediates.noindex/Pods.build/Debug-iphonesimulator/React-Core-React-Core_privacy.build/React-Core_privacy.hmap (in target 'React-Core-React-Core_privacy' from project 'Pods')
    cd /Users/sparkles/Documents/CodingFiles/FullStack/expensioApp/frontend/ios/Pods
    write-file /Users/sparkles/Library/Developer/Xcode/DerivedData/Expensio-futtgngxcysvvhcljmosbeftqmyc/Build/Intermediates.noindex/Pods.build/Debug-iphonesimulator/React-Core-React-Core_privacy.build/React-Core_privacy.hmap

WriteAuxiliaryFile /Users/sparkles/Library/Developer/Xcode/DerivedData/Expensio-futtgngxcysvvhcljmosbeftqmyc/Build/Intermediates.noindex/Pods.build/Debug-iphonesimulator/React-Core-React-Core_privacy.build/React-Core_privacy.DependencyStaticMetadataFileList (in target 'React-Core-React-Core_privacy' from project 'Pods')
    cd /Users/sparkles/Documents/CodingFiles/FullStack/expensioApp/frontend/ios/Pods
    write-file /Users/sparkles/Library/Developer/Xcode/DerivedData/Expensio-futtgngxcysvvhcljmosbeftqmyc/Build/Intermediates.noindex/Pods.build/Debug-iphonesimulator/React-Core-React-Core_privacy.build/React-Core_privacy.DependencyStaticMetadataFileList

WriteAuxiliaryFile /Users/sparkles/Library/Developer/Xcode/DerivedData/Expensio-futtgngxcysvvhcljmosbeftqmyc/Build/Intermediates.noindex/Pods.build/Debug-iphonesimulator/React-Core-React-Core_privacy.build/React-Core_privacy.DependencyMetadataFileList (in target 'React-Core-React-Core_privacy' from project 'Pods')
    cd /Users/sparkles/Documents/CodingFiles/FullStack/expensioApp/frontend/ios/Pods
    write-file /Users/sparkles/Library/Developer/Xcode/DerivedData/Expensio-futtgngxcysvvhcljmosbeftqmyc/Build/Intermediates.noindex/Pods.build/Debug-iphonesimulator/React-Core-React-Core_privacy.build/React-Core_privacy.DependencyMetadataFileList

WriteAuxiliaryFile /Users/sparkles/Library/Developer/Xcode/DerivedData/Expensio-futtgngxcysvvhcljmosbeftqmyc/Build/Intermediates.noindex/Pods.build/Debug-iphonesimulator/React-Core-React-Core_privacy.build/React-Core_privacy-project-headers.hmap (in target 'React-Core-React-Core_privacy' from project 'Pods')
    cd /Users/sparkles/Documents/CodingFiles/FullStack/expensioApp/frontend/ios/Pods
    write-file /Users/sparkles/Library/Developer/Xcode/DerivedData/Expensio-futtgngxcysvvhcljmosbeftqmyc/Build/Intermediates.noindex/Pods.build/Debug-iphonesimulator/React-Core-React-Core_privacy.build/React-Core_privacy-project-headers.hmap

WriteAuxiliaryFile /Users/sparkles/Library/Developer/Xcode/DerivedData/Expensio-futtgngxcysvvhcljmosbeftqmyc/Build/Intermediates.noindex/Pods.build/Debug-iphonesimulator/React-Core-React-Core_privacy.build/React-Core_privacy-own-target-headers.hmap (in target 'React-Core-React-Core_privacy' from project 'Pods')
    cd /Users/sparkles/Documents/CodingFiles/FullStack/expensioApp/frontend/ios/Pods
    write-file /Users/sparkles/Library/Developer/Xcode/DerivedData/Expensio-futtgngxcysvvhcljmosbeftqmyc/Build/Intermediates.noindex/Pods.build/Debug-iphonesimulator/React-Core-React-Core_privacy.build/React-Core_privacy-own-target-headers.hmap

WriteAuxiliaryFile /Users/sparkles/Library/Developer/Xcode/DerivedData/Expensio-futtgngxcysvvhcljmosbeftqmyc/Build/Intermediates.noindex/Pods.build/Debug-iphonesimulator/React-Core-React-Core_privacy.build/React-Core_privacy-generated-files.hmap (in target 'React-Core-React-Core_privacy' from project 'Pods')
    cd /Users/sparkles/Documents/CodingFiles/FullStack/expensioApp/frontend/ios/Pods
    write-file /Users/sparkles/Library/Developer/Xcode/DerivedData/Expensio-futtgngxcysvvhcljmosbeftqmyc/Build/Intermediates.noindex/Pods.build/Debug-iphonesimulator/React-Core-React-Core_privacy.build/React-Core_privacy-generated-files.hmap

WriteAuxiliaryFile /Users/sparkles/Library/Developer/Xcode/DerivedData/Expensio-futtgngxcysvvhcljmosbeftqmyc/Build/Intermediates.noindex/Pods.build/Debug-iphonesimulator/React-Core-React-Core_privacy.build/React-Core_privacy-all-target-headers.hmap (in target 'React-Core-React-Core_privacy' from project 'Pods')
    cd /Users/sparkles/Documents/CodingFiles/FullStack/expensioApp/frontend/ios/Pods
    write-file /Users/sparkles/Library/Developer/Xcode/DerivedData/Expensio-futtgngxcysvvhcljmosbeftqmyc/Build/Intermediates.noindex/Pods.build/Debug-iphonesimulator/React-Core-React-Core_privacy.build/React-Core_privacy-all-target-headers.hmap

WriteAuxiliaryFile /Users/sparkles/Library/Developer/Xcode/DerivedData/Expensio-futtgngxcysvvhcljmosbeftqmyc/Build/Intermediates.noindex/Pods.build/Debug-iphonesimulator/React-Core-React-Core_privacy.build/React-Core_privacy-all-non-framework-target-headers.hmap (in target 'React-Core-React-Core_privacy' from project 'Pods')
    cd /Users/sparkles/Documents/CodingFiles/FullStack/expensioApp/frontend/ios/Pods
    write-file /Users/sparkles/Library/Developer/Xcode/DerivedData/Expensio-futtgngxcysvvhcljmosbeftqmyc/Build/Intermediates.noindex/Pods.build/Debug-iphonesimulator/React-Core-React-Core_privacy.build/React-Core_privacy-all-non-framework-target-headers.hmap

WriteAuxiliaryFile /Users/sparkles/Library/Developer/Xcode/DerivedData/Expensio-futtgngxcysvvhcljmosbeftqmyc/Build/Intermediates.noindex/Pods.build/Debug-iphonesimulator/RNScreens.build/Script-46EB2E00017F80.sh (in target 'RNScreens' from project 'Pods')
    cd /Users/sparkles/Documents/CodingFiles/FullStack/expensioApp/frontend/ios/Pods
    write-file /Users/sparkles/Library/Developer/Xcode/DerivedData/Expensio-futtgngxcysvvhcljmosbeftqmyc/Build/Intermediates.noindex/Pods.build/Debug-iphonesimulator/RNScreens.build/Script-46EB2E00017F80.sh

WriteAuxiliaryFile /Users/sparkles/Library/Developer/Xcode/DerivedData/Expensio-futtgngxcysvvhcljmosbeftqmyc/Build/Intermediates.noindex/Pods.build/Debug-iphonesimulator/RNScreens.build/RNScreens.hmap (in target 'RNScreens' from project 'Pods')
    cd /Users/sparkles/Documents/CodingFiles/FullStack/expensioApp/frontend/ios/Pods
    write-file /Users/sparkles/Library/Developer/Xcode/DerivedData/Expensio-futtgngxcysvvhcljmosbeftqmyc/Build/Intermediates.noindex/Pods.build/Debug-iphonesimulator/RNScreens.build/RNScreens.hmap

WriteAuxiliaryFile /Users/sparkles/Library/Developer/Xcode/DerivedData/Expensio-futtgngxcysvvhcljmosbeftqmyc/Build/Intermediates.noindex/Pods.build/Debug-iphonesimulator/RNScreens.build/RNScreens.DependencyStaticMetadataFileList (in target 'RNScreens' from project 'Pods')
    cd /Users/sparkles/Documents/CodingFiles/FullStack/expensioApp/frontend/ios/Pods
    write-file /Users/sparkles/Library/Developer/Xcode/DerivedData/Expensio-futtgngxcysvvhcljmosbeftqmyc/Build/Intermediates.noindex/Pods.build/Debug-iphonesimulator/RNScreens.build/RNScreens.DependencyStaticMetadataFileList

WriteAuxiliaryFile /Users/sparkles/Library/Developer/Xcode/DerivedData/Expensio-futtgngxcysvvhcljmosbeftqmyc/Build/Intermediates.noindex/Pods.build/Debug-iphonesimulator/RNScreens.build/RNScreens.DependencyMetadataFileList (in target 'RNScreens' from project 'Pods')
    cd /Users/sparkles/Documents/CodingFiles/FullStack/expensioApp/frontend/ios/Pods
    write-file /Users/sparkles/Library/Developer/Xcode/DerivedData/Expensio-futtgngxcysvvhcljmosbeftqmyc/Build/Intermediates.noindex/Pods.build/Debug-iphonesimulator/RNScreens.build/RNScreens.DependencyMetadataFileList

WriteAuxiliaryFile /Users/sparkles/Library/Developer/Xcode/DerivedData/Expensio-futtgngxcysvvhcljmosbeftqmyc/Build/Intermediates.noindex/Pods.build/Debug-iphonesimulator/RNScreens.build/RNScreens-project-headers.hmap (in target 'RNScreens' from project 'Pods')
    cd /Users/sparkles/Documents/CodingFiles/FullStack/expensioApp/frontend/ios/Pods
    write-file /Users/sparkles/Library/Developer/Xcode/DerivedData/Expensio-futtgngxcysvvhcljmosbeftqmyc/Build/Intermediates.noindex/Pods.build/Debug-iphonesimulator/RNScreens.build/RNScreens-project-headers.hmap

WriteAuxiliaryFile /Users/sparkles/Library/Developer/Xcode/DerivedData/Expensio-futtgngxcysvvhcljmosbeftqmyc/Build/Intermediates.noindex/Pods.build/Debug-iphonesimulator/RNScreens.build/RNScreens-own-target-headers.hmap (in target 'RNScreens' from project 'Pods')
    cd /Users/sparkles/Documents/CodingFiles/FullStack/expensioApp/frontend/ios/Pods
    write-file /Users/sparkles/Library/Developer/Xcode/DerivedData/Expensio-futtgngxcysvvhcljmosbeftqmyc/Build/Intermediates.noindex/Pods.build/Debug-iphonesimulator/RNScreens.build/RNScreens-own-target-headers.hmap

WriteAuxiliaryFile /Users/sparkles/Library/Developer/Xcode/DerivedData/Expensio-futtgngxcysvvhcljmosbeftqmyc/Build/Intermediates.noindex/Pods.build/Debug-iphonesimulator/RNScreens.build/RNScreens-generated-files.hmap (in target 'RNScreens' from project 'Pods')
    cd /Users/sparkles/Documents/CodingFiles/FullStack/expensioApp/frontend/ios/Pods
    write-file /Users/sparkles/Library/Developer/Xcode/DerivedData/Expensio-futtgngxcysvvhcljmosbeftqmyc/Build/Intermediates.noindex/Pods.build/Debug-iphonesimulator/RNScreens.build/RNScreens-generated-files.hmap

WriteAuxiliaryFile /Users/sparkles/Library/Developer/Xcode/DerivedData/Expensio-futtgngxcysvvhcljmosbeftqmyc/Build/Intermediates.noindex/Pods.build/Debug-iphonesimulator/RNScreens.build/RNScreens-all-target-headers.hmap (in target 'RNScreens' from project 'Pods')
    cd /Users/sparkles/Documents/CodingFiles/FullStack/expensioApp/frontend/ios/Pods
    write-file /Users/sparkles/Library/Developer/Xcode/DerivedData/Expensio-futtgngxcysvvhcljmosbeftqmyc/Build/Intermediates.noindex/Pods.build/Debug-iphonesimulator/RNScreens.build/RNScreens-all-target-headers.hmap

WriteAuxiliaryFile /Users/sparkles/Library/Developer/Xcode/DerivedData/Expensio-futtgngxcysvvhcljmosbeftqmyc/Build/Intermediates.noindex/Pods.build/Debug-iphonesimulator/RNScreens.build/RNScreens-all-non-framework-target-headers.hmap (in target 'RNScreens' from project 'Pods')
    cd /Users/sparkles/Documents/CodingFiles/FullStack/expensioApp/frontend/ios/Pods
    write-file /Users/sparkles/Library/Developer/Xcode/DerivedData/Expensio-futtgngxcysvvhcljmosbeftqmyc/Build/Intermediates.noindex/Pods.build/Debug-iphonesimulator/RNScreens.build/RNScreens-all-non-framework-target-headers.hmap

WriteAuxiliaryFile /Users/sparkles/Library/Developer/Xcode/DerivedData/Expensio-futtgngxcysvvhcljmosbeftqmyc/Build/Intermediates.noindex/Pods.build/Debug-iphonesimulator/RNScreens.build/Objects-normal/x86_64/e6072d4f65d7061329687fe24e3d63a7-common-args.resp (in target 'RNScreens' from project 'Pods')
    cd /Users/sparkles/Documents/CodingFiles/FullStack/expensioApp/frontend/ios/Pods
    write-file /Users/sparkles/Library/Developer/Xcode/DerivedData/Expensio-futtgngxcysvvhcljmosbeftqmyc/Build/Intermediates.noindex/Pods.build/Debug-iphonesimulator/RNScreens.build/Objects-normal/x86_64/e6072d4f65d7061329687fe24e3d63a7-common-args.resp
'-std=gnu11' -fobjc-arc -fmodules '-fmodules-cache-path=/Users/sparkles/Library/Developer/Xcode/DerivedData/ModuleCache.noindex' -fpascal-strings -O0 -fno-common '-DPOD_CONFIGURATION_DEBUG=1' '-DDEBUG=1' '-DCOCOAPODS=1' '-DOBJC_OLD_DISPATCH_PROTOTYPES=0' -fasm-blocks -g '-fobjc-abi-version=2' -fobjc-legacy-dispatch -iquote /Users/sparkles/Library/Developer/Xcode/DerivedData/Expensio-futtgngxcysvvhcljmosbeftqmyc/Build/Intermediates.noindex/Pods.build/Debug-iphonesimulator/RNScreens.build/RNScreens-generated-files.hmap -I/Users/sparkles/Library/Developer/Xcode/DerivedData/Expensio-futtgngxcysvvhcljmosbeftqmyc/Build/Intermediates.noindex/Pods.build/Debug-iphonesimulator/RNScreens.build/RNScreens-own-target-headers.hmap -I/Users/sparkles/Library/Developer/Xcode/DerivedData/Expensio-futtgngxcysvvhcljmosbeftqmyc/Build/Intermediates.noindex/Pods.build/Debug-iphonesimulator/RNScreens.build/RNScreens-all-non-framework-target-headers.hmap -ivfsoverlay /Users/sparkles/Library/Developer/Xcode/DerivedData/Expensio-futtgngxcysvvhcljmosbeftqmyc/Build/Intermediates.noindex/Pods.build/Debug-iphonesimulator/Pods-8699adb1dd336b26511df848a716bd42-VFS-iphonesimulator/all-product-headers.yaml -iquote /Users/sparkles/Library/Developer/Xcode/DerivedData/Expensio-futtgngxcysvvhcljmosbeftqmyc/Build/Intermediates.noindex/Pods.build/Debug-iphonesimulator/RNScreens.build/RNScreens-project-headers.hmap -I/Users/sparkles/Library/Developer/Xcode/DerivedData/Expensio-futtgngxcysvvhcljmosbeftqmyc/Build/Products/Debug-iphonesimulator/RNScreens/include -I/Users/sparkles/Documents/CodingFiles/FullStack/expensioApp/frontend/ios/Pods/Headers/Private -I/Users/sparkles/Documents/CodingFiles/FullStack/expensioApp/frontend/ios/Pods/Headers/Private/RNScreens -I/Users/sparkles/Documents/CodingFiles/FullStack/expensioApp/frontend/ios/Pods/Headers/Public -I/Users/sparkles/Documents/CodingFiles/FullStack/expensioApp/frontend/ios/Pods/Headers/Public/FBLazyVector -I/Users/sparkles/Documents/CodingFiles/FullStack/expensioApp/frontend/ios/Pods/Headers/Public/RCTRequired -I/Users/sparkles/Documents/CodingFiles/FullStack/expensioApp/frontend/ios/Pods/Headers/Public/RCTSwiftUIWrapper -I/Users/sparkles/Documents/CodingFiles/FullStack/expensioApp/frontend/ios/Pods/Headers/Public/RCTTypeSafety -I/Users/sparkles/Documents/CodingFiles/FullStack/expensioApp/frontend/ios/Pods/Headers/Public/RNScreens -I/Users/sparkles/Documents/CodingFiles/FullStack/expensioApp/frontend/ios/Pods/Headers/Public/React-Core -I/Users/sparkles/Documents/CodingFiles/FullStack/expensioApp/frontend/ios/Pods/Headers/Public/React-Core-prebuilt -I/Users/sparkles/Documents/CodingFiles/FullStack/expensioApp/frontend/ios/Pods/Headers/Public/React-CoreModules -I/Users/sparkles/Documents/CodingFiles/FullStack/expensioApp/frontend/ios/Pods/Headers/Public/React-Fabric -I/Users/sparkles/Documents/CodingFiles/FullStack/expensioApp/frontend/ios/Pods/Headers/Public/React-FabricComponents -I/Users/sparkles/Documents/CodingFiles/FullStack/expensioApp/frontend/ios/Pods/Headers/Public/React-FabricImage -I/Users/sparkles/Documents/CodingFiles/FullStack/expensioApp/frontend/ios/Pods/Headers/Public/React-ImageManager -I/Users/sparkles/Documents/CodingFiles/FullStack/expensioApp/frontend/ios/Pods/Headers/Public/React-Mapbuffer -I/Users/sparkles/Documents/CodingFiles/FullStack/expensioApp/frontend/ios/Pods/Headers/Public/React-NativeModulesApple -I/Users/sparkles/Documents/CodingFiles/FullStack/expensioApp/frontend/ios/Pods/Headers/Public/React-RCTAnimation -I/Users/sparkles/Documents/CodingFiles/FullStack/expensioApp/frontend/ios/Pods/Headers/Public/React-RCTBlob -I/Users/sparkles/Documents/CodingFiles/FullStack/expensioApp/frontend/ios/Pods/Headers/Public/React-RCTFBReactNativeSpec -I/Users/sparkles/Documents/CodingFiles/FullStack/expensioApp/frontend/ios/Pods/Headers/Public/React-RCTFabric -I/Users/sparkles/Documents/CodingFiles/FullStack/expensioApp/frontend/ios/Pods/Headers/Public/React-RCTImage -I/Users/sparkles/Documents/CodingFiles/FullStack/expensioApp/frontend/ios/Pods/Headers/Public/React-RCTRuntime -I/Users/sparkles/Documents/CodingFiles/FullStack/expensioApp/frontend/ios/Pods/Headers/Public/React-RCTText -I/Users/sparkles/Documents/CodingFiles/FullStack/expensioApp/frontend/ios/Pods/Headers/Public/React-RuntimeApple -I/Users/sparkles/Documents/CodingFiles/FullStack/expensioApp/frontend/ios/Pods/Headers/Public/React-RuntimeCore -I/Users/sparkles/Documents/CodingFiles/FullStack/expensioApp/frontend/ios/Pods/Headers/Public/React-RuntimeHermes -I/Users/sparkles/Documents/CodingFiles/FullStack/expensioApp/frontend/ios/Pods/Headers/Public/React-callinvoker -I/Users/sparkles/Documents/CodingFiles/FullStack/expensioApp/frontend/ios/Pods/Headers/Public/React-cxxreact -I/Users/sparkles/Documents/CodingFiles/FullStack/expensioApp/frontend/ios/Pods/Headers/Public/React-debug -I/Users/sparkles/Documents/CodingFiles/FullStack/expensioApp/frontend/ios/Pods/Headers/Public/React-defaultsnativemodule -I/Users/sparkles/Documents/CodingFiles/FullStack/expensioApp/frontend/ios/Pods/Headers/Public/React-domnativemodule -I/Users/sparkles/Documents/CodingFiles/FullStack/expensioApp/frontend/ios/Pods/Headers/Public/React-featureflags -I/Users/sparkles/Documents/CodingFiles/FullStack/expensioApp/frontend/ios/Pods/Headers/Public/React-featureflagsnativemodule -I/Users/sparkles/Documents/CodingFiles/FullStack/expensioApp/frontend/ios/Pods/Headers/Public/React-graphics -I/Users/sparkles/Documents/CodingFiles/FullStack/expensioApp/frontend/ios/Pods/Headers/Public/React-hermes -I/Users/sparkles/Documents/CodingFiles/FullStack/expensioApp/frontend/ios/Pods/Headers/Public/React-idlecallbacksnativemodule -I/Users/sparkles/Documents/CodingFiles/FullStack/expensioApp/frontend/ios/Pods/Headers/Public/React-intersectionobservernativemodule -I/Users/sparkles/Documents/CodingFiles/FullStack/expensioApp/frontend/ios/Pods/Headers/Public/React-jserrorhandler -I/Users/sparkles/Documents/CodingFiles/FullStack/expensioApp/frontend/ios/Pods/Headers/Public/React-jsi -I/Users/sparkles/Documents/CodingFiles/FullStack/expensioApp/frontend/ios/Pods/Headers/Public/React-jsiexecutor -I/Users/sparkles/Documents/CodingFiles/FullStack/expensioApp/frontend/ios/Pods/Headers/Public/React-jsinspector -I/Users/sparkles/Documents/CodingFiles/FullStack/expensioApp/frontend/ios/Pods/Headers/Public/React-jsinspectorcdp -I/Users/sparkles/Documents/CodingFiles/FullStack/expensioApp/frontend/ios/Pods/Headers/Public/React-jsinspectornetwork -I/Users/sparkles/Documents/CodingFiles/FullStack/expensioApp/frontend/ios/Pods/Headers/Public/React-jsinspectortracing -I/Users/sparkles/Documents/CodingFiles/FullStack/expensioApp/frontend/ios/Pods/Headers/Public/React-jsitooling -I/Users/sparkles/Documents/CodingFiles/FullStack/expensioApp/frontend/ios/Pods/Headers/Public/React-logger -I/Users/sparkles/Documents/CodingFiles/FullStack/expensioApp/frontend/ios/Pods/Headers/Public/React-microtasksnativemodule -I/Users/sparkles/Documents/CodingFiles/FullStack/expensioApp/frontend/ios/Pods/Headers/Public/React-mutationobservernativemodule -I/Users/sparkles/Documents/CodingFiles/FullStack/expensioApp/frontend/ios/Pods/Headers/Public/React-networking -I/Users/sparkles/Documents/CodingFiles/FullStack/expensioApp/frontend/ios/Pods/Headers/Public/React-oscompat -I/Users/sparkles/Documents/CodingFiles/FullStack/expensioApp/frontend/ios/Pods/Headers/Public/React-perflogger -I/Users/sparkles/Documents/CodingFiles/FullStack/expensioApp/frontend/ios/Pods/Headers/Public/React-performancecdpmetrics -I/Users/sparkles/Documents/CodingFiles/FullStack/expensioApp/frontend/ios/Pods/Headers/Public/React-performancetimeline -I/Users/sparkles/Documents/CodingFiles/FullStack/expensioApp/frontend/ios/Pods/Headers/Public/React-rendererconsistency -I/Users/sparkles/Documents/CodingFiles/FullStack/expensioApp/frontend/ios/Pods/Headers/Public/React-renderercss -I/Users/sparkles/Documents/CodingFiles/FullStack/expensioApp/frontend/ios/Pods/Headers/Public/React-rendererdebug -I/Users/sparkles/Documents/CodingFiles/FullStack/expensioApp/frontend/ios/Pods/Headers/Public/React-runtimeexecutor -I/Users/sparkles/Documents/CodingFiles/FullStack/expensioApp/frontend/ios/Pods/Headers/Public/React-runtimescheduler -I/Users/sparkles/Documents/CodingFiles/FullStack/expensioApp/frontend/ios/Pods/Headers/Public/React-timing -I/Users/sparkles/Documents/CodingFiles/FullStack/expensioApp/frontend/ios/Pods/Headers/Public/React-utils -I/Users/sparkles/Documents/CodingFiles/FullStack/expensioApp/frontend/ios/Pods/Headers/Public/React-viewtransitionnativemodule -I/Users/sparkles/Documents/CodingFiles/FullStack/expensioApp/frontend/ios/Pods/Headers/Public/React-webperformancenativemodule -I/Users/sparkles/Documents/CodingFiles/FullStack/expensioApp/frontend/ios/Pods/Headers/Public/ReactCodegen -I/Users/sparkles/Documents/CodingFiles/FullStack/expensioApp/frontend/ios/Pods/Headers/Public/ReactCommon -I/Users/sparkles/Documents/CodingFiles/FullStack/expensioApp/frontend/ios/Pods/Headers/Public/ReactNativeDependencies -I/Users/sparkles/Documents/CodingFiles/FullStack/expensioApp/frontend/ios/Pods/Headers/Public/Yoga -I/Users/sparkles/Documents/CodingFiles/FullStack/expensioApp/frontend/ios/Pods/Headers/Public/hermes-engine -I/Users/sparkles/Documents/CodingFiles/FullStack/expensioApp/frontend/ios/Pods/Headers/Private/Yoga -I/Users/sparkles/Documents/CodingFiles/FullStack/expensioApp/frontend/ios/Pods/Headers/Private/Yoga -I/Users/sparkles/Documents/CodingFiles/FullStack/expensioApp/frontend/node_modules/react-native-screens/common/cpp -I/Users/sparkles/Documents/CodingFiles/FullStack/expensioApp/frontend/ios/Pods/ExpoModulesCore/ExpoModulesCore.xcframework/ios-arm64_x86_64-simulator/ExpoModulesCore.framework/Headers -I/Users/sparkles/Documents/CodingFiles/FullStack/expensioApp/frontend/ios/Pods/ExpoModulesCore/ExpoModulesCore.xcframework/ios-arm64/ExpoModulesCore.framework/Headers -I/Users/sparkles/Documents/CodingFiles/FullStack/expensioApp/frontend/ios/Pods/ExpoModulesCore/ExpoModulesCore.xcframework/ios-arm64_x86_64-simulator/ExpoModulesCore.framework/Headers -I/Users/sparkles/Documents/CodingFiles/FullStack/expensioApp/frontend/ios/Pods/ExpoModulesCore/ExpoModulesCore.xcframework/ios-arm64/ExpoModulesCore.framework/Headers -I/Users/sparkles/Library/Developer/Xcode/DerivedData/Expensio-futtgngxcysvvhcljmosbeftqmyc/Build/Intermediates.noindex/Pods.build/Debug-iphonesimulator/RNScreens.build/DerivedSources-normal/x86_64 -I/Users/sparkles/Library/Developer/Xcode/DerivedData/Expensio-futtgngxcysvvhcljmosbeftqmyc/Build/Intermediates.noindex/Pods.build/Debug-iphonesimulator/RNScreens.build/DerivedSources/x86_64 -I/Users/sparkles/Library/Developer/Xcode/DerivedData/Expensio-futtgngxcysvvhcljmosbeftqmyc/Build/Intermediates.noindex/Pods.build/Debug-iphonesimulator/RNScreens.build/DerivedSources -F/Users/sparkles/Library/Developer/Xcode/DerivedData/Expensio-futtgngxcysvvhcljmosbeftqmyc/Build/Products/Debug-iphonesimulator/RNScreens -F/Users/sparkles/Documents/CodingFiles/FullStack/expensioApp/frontend/ios/Pods/React-Core-prebuilt -F/Users/sparkles/Documents/CodingFiles/FullStack/expensioApp/frontend/ios/Pods/ReactNativeDependencies/framework/packages/react-native -F/Users/sparkles/Documents/CodingFiles/FullStack/expensioApp/frontend/ios/Pods/hermes-engine/destroot/Library/Frameworks/universal -F/Users/sparkles/Library/Developer/Xcode/DerivedData/Expensio-futtgngxcysvvhcljmosbeftqmyc/Build/Products/Debug-iphonesimulator/XCFrameworkIntermediates/React-Core-prebuilt -F/Users/sparkles/Library/Developer/Xcode/DerivedData/Expensio-futtgngxcysvvhcljmosbeftqmyc/Build/Products/Debug-iphonesimulator/XCFrameworkIntermediates/ReactNativeDependencies -F/Users/sparkles/Library/Developer/Xcode/DerivedData/Expensio-futtgngxcysvvhcljmosbeftqmyc/Build/Products/Debug-iphonesimulator/XCFrameworkIntermediates/hermes-engine/Pre-built '-DRCT_REMOVE_LEGACY_ARCH=1' '-fmodule-map-file=/Users/sparkles/Documents/CodingFiles/FullStack/expensioApp/frontend/ios/Pods/Headers/Public/ReactCodegen/ReactCodegen.modulemap' '-DRCT_REMOVE_LEGACY_ARCH=1' -ivfsoverlay /Users/sparkles/Documents/CodingFiles/FullStack/expensioApp/frontend/ios/Pods/React-Core-prebuilt/React-VFS.yaml

WriteAuxiliaryFile /Users/sparkles/Library/Developer/Xcode/DerivedData/Expensio-futtgngxcysvvhcljmosbeftqmyc/Build/Intermediates.noindex/Pods.build/Debug-iphonesimulator/RNScreens.build/Objects-normal/x86_64/af3fcb34312c57c0f52879cdce924b91-common-args.resp (in target 'RNScreens' from project 'Pods')
    cd /Users/sparkles/Documents/CodingFiles/FullStack/expensioApp/frontend/ios/Pods
    write-file /Users/sparkles/Library/Developer/Xcode/DerivedData/Expensio-futtgngxcysvvhcljmosbeftqmyc/Build/Intermediates.noindex/Pods.build/Debug-iphonesimulator/RNScreens.build/Objects-normal/x86_64/af3fcb34312c57c0f52879cdce924b91-common-args.resp
'-std=c++20' '-stdlib=libc++' -fobjc-arc -fmodules -fno-cxx-modules '-fmodules-cache-path=/Users/sparkles/Library/Developer/Xcode/DerivedData/ModuleCache.noindex' '-D_LIBCPP_HARDENING_MODE=_LIBCPP_HARDENING_MODE_DEBUG' -fpascal-strings -O0 -fno-common '-DPOD_CONFIGURATION_DEBUG=1' '-DDEBUG=1' '-DCOCOAPODS=1' '-DOBJC_OLD_DISPATCH_PROTOTYPES=0' -fasm-blocks -g '-fobjc-abi-version=2' -fobjc-legacy-dispatch -iquote /Users/sparkles/Library/Developer/Xcode/DerivedData/Expensio-futtgngxcysvvhcljmosbeftqmyc/Build/Intermediates.noindex/Pods.build/Debug-iphonesimulator/RNScreens.build/RNScreens-generated-files.hmap -I/Users/sparkles/Library/Developer/Xcode/DerivedData/Expensio-futtgngxcysvvhcljmosbeftqmyc/Build/Intermediates.noindex/Pods.build/Debug-iphonesimulator/RNScreens.build/RNScreens-own-target-headers.hmap -I/Users/sparkles/Library/Developer/Xcode/DerivedData/Expensio-futtgngxcysvvhcljmosbeftqmyc/Build/Intermediates.noindex/Pods.build/Debug-iphonesimulator/RNScreens.build/RNScreens-all-non-framework-target-headers.hmap -ivfsoverlay /Users/sparkles/Library/Developer/Xcode/DerivedData/Expensio-futtgngxcysvvhcljmosbeftqmyc/Build/Intermediates.noindex/Pods.build/Debug-iphonesimulator/Pods-8699adb1dd336b26511df848a716bd42-VFS-iphonesimulator/all-product-headers.yaml -iquote /Users/sparkles/Library/Developer/Xcode/DerivedData/Expensio-futtgngxcysvvhcljmosbeftqmyc/Build/Intermediates.noindex/Pods.build/Debug-iphonesimulator/RNScreens.build/RNScreens-project-headers.hmap -I/Users/sparkles/Library/Developer/Xcode/DerivedData/Expensio-futtgngxcysvvhcljmosbeftqmyc/Build/Products/Debug-iphonesimulator/RNScreens/include -I/Users/sparkles/Documents/CodingFiles/FullStack/expensioApp/frontend/ios/Pods/Headers/Private -I/Users/sparkles/Documents/CodingFiles/FullStack/expensioApp/frontend/ios/Pods/Headers/Private/RNScreens -I/Users/sparkles/Documents/CodingFiles/FullStack/expensioApp/frontend/ios/Pods/Headers/Public -I/Users/sparkles/Documents/CodingFiles/FullStack/expensioApp/frontend/ios/Pods/Headers/Public/FBLazyVector -I/Users/sparkles/Documents/CodingFiles/FullStack/expensioApp/frontend/ios/Pods/Headers/Public/RCTRequired -I/Users/sparkles/Documents/CodingFiles/FullStack/expensioApp/frontend/ios/Pods/Headers/Public/RCTSwiftUIWrapper -I/Users/sparkles/Documents/CodingFiles/FullStack/expensioApp/frontend/ios/Pods/Headers/Public/RCTTypeSafety -I/Users/sparkles/Documents/CodingFiles/FullStack/expensioApp/frontend/ios/Pods/Headers/Public/RNScreens -I/Users/sparkles/Documents/CodingFiles/FullStack/expensioApp/frontend/ios/Pods/Headers/Public/React-Core -I/Users/sparkles/Documents/CodingFiles/FullStack/expensioApp/frontend/ios/Pods/Headers/Public/React-Core-prebuilt -I/Users/sparkles/Documents/CodingFiles/FullStack/expensioApp/frontend/ios/Pods/Headers/Public/React-CoreModules -I/Users/sparkles/Documents/CodingFiles/FullStack/expensioApp/frontend/ios/Pods/Headers/Public/React-Fabric -I/Users/sparkles/Documents/CodingFiles/FullStack/expensioApp/frontend/ios/Pods/Headers/Public/React-FabricComponents -I/Users/sparkles/Documents/CodingFiles/FullStack/expensioApp/frontend/ios/Pods/Headers/Public/React-FabricImage -I/Users/sparkles/Documents/CodingFiles/FullStack/expensioApp/frontend/ios/Pods/Headers/Public/React-ImageManager -I/Users/sparkles/Documents/CodingFiles/FullStack/expensioApp/frontend/ios/Pods/Headers/Public/React-Mapbuffer -I/Users/sparkles/Documents/CodingFiles/FullStack/expensioApp/frontend/ios/Pods/Headers/Public/React-NativeModulesApple -I/Users/sparkles/Documents/CodingFiles/FullStack/expensioApp/frontend/ios/Pods/Headers/Public/React-RCTAnimation -I/Users/sparkles/Documents/CodingFiles/FullStack/expensioApp/frontend/ios/Pods/Headers/Public/React-RCTBlob -I/Users/sparkles/Documents/CodingFiles/FullStack/expensioApp/frontend/ios/Pods/Headers/Public/React-RCTFBReactNativeSpec -I/Users/sparkles/Documents/CodingFiles/FullStack/expensioApp/frontend/ios/Pods/Headers/Public/React-RCTFabric -I/Users/sparkles/Documents/CodingFiles/FullStack/expensioApp/frontend/ios/Pods/Headers/Public/React-RCTImage -I/Users/sparkles/Documents/CodingFiles/FullStack/expensioApp/frontend/ios/Pods/Headers/Public/React-RCTRuntime -I/Users/sparkles/Documents/CodingFiles/FullStack/expensioApp/frontend/ios/Pods/Headers/Public/React-RCTText -I/Users/sparkles/Documents/CodingFiles/FullStack/expensioApp/frontend/ios/Pods/Headers/Public/React-RuntimeApple -I/Users/sparkles/Documents/CodingFiles/FullStack/expensioApp/frontend/ios/Pods/Headers/Public/React-RuntimeCore -I/Users/sparkles/Documents/CodingFiles/FullStack/expensioApp/frontend/ios/Pods/Headers/Public/React-RuntimeHermes -I/Users/sparkles/Documents/CodingFiles/FullStack/expensioApp/frontend/ios/Pods/Headers/Public/React-callinvoker -I/Users/sparkles/Documents/CodingFiles/FullStack/expensioApp/frontend/ios/Pods/Headers/Public/React-cxxreact -I/Users/sparkles/Documents/CodingFiles/FullStack/expensioApp/frontend/ios/Pods/Headers/Public/React-debug -I/Users/sparkles/Documents/CodingFiles/FullStack/expensioApp/frontend/ios/Pods/Headers/Public/React-defaultsnativemodule -I/Users/sparkles/Documents/CodingFiles/FullStack/expensioApp/frontend/ios/Pods/Headers/Public/React-domnativemodule -I/Users/sparkles/Documents/CodingFiles/FullStack/expensioApp/frontend/ios/Pods/Headers/Public/React-featureflags -I/Users/sparkles/Documents/CodingFiles/FullStack/expensioApp/frontend/ios/Pods/Headers/Public/React-featureflagsnativemodule -I/Users/sparkles/Documents/CodingFiles/FullStack/expensioApp/frontend/ios/Pods/Headers/Public/React-graphics -I/Users/sparkles/Documents/CodingFiles/FullStack/expensioApp/frontend/ios/Pods/Headers/Public/React-hermes -I/Users/sparkles/Documents/CodingFiles/FullStack/expensioApp/frontend/ios/Pods/Headers/Public/React-idlecallbacksnativemodule -I/Users/sparkles/Documents/CodingFiles/FullStack/expensioApp/frontend/ios/Pods/Headers/Public/React-intersectionobservernativemodule -I/Users/sparkles/Documents/CodingFiles/FullStack/expensioApp/frontend/ios/Pods/Headers/Public/React-jserrorhandler -I/Users/sparkles/Documents/CodingFiles/FullStack/expensioApp/frontend/ios/Pods/Headers/Public/React-jsi -I/Users/sparkles/Documents/CodingFiles/FullStack/expensioApp/frontend/ios/Pods/Headers/Public/React-jsiexecutor -I/Users/sparkles/Documents/CodingFiles/FullStack/expensioApp/frontend/ios/Pods/Headers/Public/React-jsinspector -I/Users/sparkles/Documents/CodingFiles/FullStack/expensioApp/frontend/ios/Pods/Headers/Public/React-jsinspectorcdp -I/Users/sparkles/Documents/CodingFiles/FullStack/expensioApp/frontend/ios/Pods/Headers/Public/React-jsinspectornetwork -I/Users/sparkles/Documents/CodingFiles/FullStack/expensioApp/frontend/ios/Pods/Headers/Public/React-jsinspectortracing -I/Users/sparkles/Documents/CodingFiles/FullStack/expensioApp/frontend/ios/Pods/Headers/Public/React-jsitooling -I/Users/sparkles/Documents/CodingFiles/FullStack/expensioApp/frontend/ios/Pods/Headers/Public/React-logger -I/Users/sparkles/Documents/CodingFiles/FullStack/expensioApp/frontend/ios/Pods/Headers/Public/React-microtasksnativemodule -I/Users/sparkles/Documents/CodingFiles/FullStack/expensioApp/frontend/ios/Pods/Headers/Public/React-mutationobservernativemodule -I/Users/sparkles/Documents/CodingFiles/FullStack/expensioApp/frontend/ios/Pods/Headers/Public/React-networking -I/Users/sparkles/Documents/CodingFiles/FullStack/expensioApp/frontend/ios/Pods/Headers/Public/React-oscompat -I/Users/sparkles/Documents/CodingFiles/FullStack/expensioApp/frontend/ios/Pods/Headers/Public/React-perflogger -I/Users/sparkles/Documents/CodingFiles/FullStack/expensioApp/frontend/ios/Pods/Headers/Public/React-performancecdpmetrics -I/Users/sparkles/Documents/CodingFiles/FullStack/expensioApp/frontend/ios/Pods/Headers/Public/React-performancetimeline -I/Users/sparkles/Documents/CodingFiles/FullStack/expensioApp/frontend/ios/Pods/Headers/Public/React-rendererconsistency -I/Users/sparkles/Documents/CodingFiles/FullStack/expensioApp/frontend/ios/Pods/Headers/Public/React-renderercss -I/Users/sparkles/Documents/CodingFiles/FullStack/expensioApp/frontend/ios/Pods/Headers/Public/React-rendererdebug -I/Users/sparkles/Documents/CodingFiles/FullStack/expensioApp/frontend/ios/Pods/Headers/Public/React-runtimeexecutor -I/Users/sparkles/Documents/CodingFiles/FullStack/expensioApp/frontend/ios/Pods/Headers/Public/React-runtimescheduler -I/Users/sparkles/Documents/CodingFiles/FullStack/expensioApp/frontend/ios/Pods/Headers/Public/React-timing -I/Users/sparkles/Documents/CodingFiles/FullStack/expensioApp/frontend/ios/Pods/Headers/Public/React-utils -I/Users/sparkles/Documents/CodingFiles/FullStack/expensioApp/frontend/ios/Pods/Headers/Public/React-viewtransitionnativemodule -I/Users/sparkles/Documents/CodingFiles/FullStack/expensioApp/frontend/ios/Pods/Headers/Public/React-webperformancenativemodule -I/Users/sparkles/Documents/CodingFiles/FullStack/expensioApp/frontend/ios/Pods/Headers/Public/ReactCodegen -I/Users/sparkles/Documents/CodingFiles/FullStack/expensioApp/frontend/ios/Pods/Headers/Public/ReactCommon -I/Users/sparkles/Documents/CodingFiles/FullStack/expensioApp/frontend/ios/Pods/Headers/Public/ReactNativeDependencies -I/Users/sparkles/Documents/CodingFiles/FullStack/expensioApp/frontend/ios/Pods/Headers/Public/Yoga -I/Users/sparkles/Documents/CodingFiles/FullStack/expensioApp/frontend/ios/Pods/Headers/Public/hermes-engine -I/Users/sparkles/Documents/CodingFiles/FullStack/expensioApp/frontend/ios/Pods/Headers/Private/Yoga -I/Users/sparkles/Documents/CodingFiles/FullStack/expensioApp/frontend/ios/Pods/Headers/Private/Yoga -I/Users/sparkles/Documents/CodingFiles/FullStack/expensioApp/frontend/node_modules/react-native-screens/common/cpp -I/Users/sparkles/Documents/CodingFiles/FullStack/expensioApp/frontend/ios/Pods/ExpoModulesCore/ExpoModulesCore.xcframework/ios-arm64_x86_64-simulator/ExpoModulesCore.framework/Headers -I/Users/sparkles/Documents/CodingFiles/FullStack/expensioApp/frontend/ios/Pods/ExpoModulesCore/ExpoModulesCore.xcframework/ios-arm64/ExpoModulesCore.framework/Headers -I/Users/sparkles/Documents/CodingFiles/FullStack/expensioApp/frontend/ios/Pods/ExpoModulesCore/ExpoModulesCore.xcframework/ios-arm64_x86_64-simulator/ExpoModulesCore.framework/Headers -I/Users/sparkles/Documents/CodingFiles/FullStack/expensioApp/frontend/ios/Pods/ExpoModulesCore/ExpoModulesCore.xcframework/ios-arm64/ExpoModulesCore.framework/Headers -I/Users/sparkles/Library/Developer/Xcode/DerivedData/Expensio-futtgngxcysvvhcljmosbeftqmyc/Build/Intermediates.noindex/Pods.build/Debug-iphonesimulator/RNScreens.build/DerivedSources-normal/x86_64 -I/Users/sparkles/Library/Developer/Xcode/DerivedData/Expensio-futtgngxcysvvhcljmosbeftqmyc/Build/Intermediates.noindex/Pods.build/Debug-iphonesimulator/RNScreens.build/DerivedSources/x86_64 -I/Users/sparkles/Library/Developer/Xcode/DerivedData/Expensio-futtgngxcysvvhcljmosbeftqmyc/Build/Intermediates.noindex/Pods.build/Debug-iphonesimulator/RNScreens.build/DerivedSources -F/Users/sparkles/Library/Developer/Xcode/DerivedData/Expensio-futtgngxcysvvhcljmosbeftqmyc/Build/Products/Debug-iphonesimulator/RNScreens -F/Users/sparkles/Documents/CodingFiles/FullStack/expensioApp/frontend/ios/Pods/React-Core-prebuilt -F/Users/sparkles/Documents/CodingFiles/FullStack/expensioApp/frontend/ios/Pods/ReactNativeDependencies/framework/packages/react-native -F/Users/sparkles/Documents/CodingFiles/FullStack/expensioApp/frontend/ios/Pods/hermes-engine/destroot/Library/Frameworks/universal -F/Users/sparkles/Library/Developer/Xcode/DerivedData/Expensio-futtgngxcysvvhcljmosbeftqmyc/Build/Products/Debug-iphonesimulator/XCFrameworkIntermediates/React-Core-prebuilt -F/Users/sparkles/Library/Developer/Xcode/DerivedData/Expensio-futtgngxcysvvhcljmosbeftqmyc/Build/Products/Debug-iphonesimulator/XCFrameworkIntermediates/ReactNativeDependencies -F/Users/sparkles/Library/Developer/Xcode/DerivedData/Expensio-futtgngxcysvvhcljmosbeftqmyc/Build/Products/Debug-iphonesimulator/XCFrameworkIntermediates/hermes-engine/Pre-built '-DRCT_REMOVE_LEGACY_ARCH=1' '-fmodule-map-file=/Users/sparkles/Documents/CodingFiles/FullStack/expensioApp/frontend/ios/Pods/Headers/Public/ReactCodegen/ReactCodegen.modulemap' '-DRCT_REMOVE_LEGACY_ARCH=1' -ivfsoverlay /Users/sparkles/Documents/CodingFiles/FullStack/expensioApp/frontend/ios/Pods/React-Core-prebuilt/React-VFS.yaml '-DRCT_REMOVE_LEGACY_ARCH=1' '-DRCT_NEW_ARCH_ENABLED=1' -ivfsoverlay /Users/sparkles/Documents/CodingFiles/FullStack/expensioApp/frontend/ios/Pods/React-Core-prebuilt/React-VFS.yaml

WriteAuxiliaryFile /Users/sparkles/Library/Developer/Xcode/DerivedData/Expensio-futtgngxcysvvhcljmosbeftqmyc/Build/Intermediates.noindex/Pods.build/Debug-iphonesimulator/RNScreens.build/Objects-normal/x86_64/RNScreens_const_extract_protocols.json (in target 'RNScreens' from project 'Pods')
    cd /Users/sparkles/Documents/CodingFiles/FullStack/expensioApp/frontend/ios/Pods
    write-file /Users/sparkles/Library/Developer/Xcode/DerivedData/Expensio-futtgngxcysvvhcljmosbeftqmyc/Build/Intermediates.noindex/Pods.build/Debug-iphonesimulator/RNScreens.build/Objects-normal/x86_64/RNScreens_const_extract_protocols.json

WriteAuxiliaryFile /Users/sparkles/Library/Developer/Xcode/DerivedData/Expensio-futtgngxcysvvhcljmosbeftqmyc/Build/Intermediates.noindex/Pods.build/Debug-iphonesimulator/RNScreens.build/Objects-normal/x86_64/RNScreens.SwiftFileList (in target 'RNScreens' from project 'Pods')
    cd /Users/sparkles/Documents/CodingFiles/FullStack/expensioApp/frontend/ios/Pods
    write-file /Users/sparkles/Library/Developer/Xcode/DerivedData/Expensio-futtgngxcysvvhcljmosbeftqmyc/Build/Intermediates.noindex/Pods.build/Debug-iphonesimulator/RNScreens.build/Objects-normal/x86_64/RNScreens.SwiftFileList

WriteAuxiliaryFile /Users/sparkles/Library/Developer/Xcode/DerivedData/Expensio-futtgngxcysvvhcljmosbeftqmyc/Build/Intermediates.noindex/Pods.build/Debug-iphonesimulator/RNScreens.build/Objects-normal/x86_64/RNScreens.SwiftConstValuesFileList (in target 'RNScreens' from project 'Pods')
    cd /Users/sparkles/Documents/CodingFiles/FullStack/expensioApp/frontend/ios/Pods
    write-file /Users/sparkles/Library/Developer/Xcode/DerivedData/Expensio-futtgngxcysvvhcljmosbeftqmyc/Build/Intermediates.noindex/Pods.build/Debug-iphonesimulator/RNScreens.build/Objects-normal/x86_64/RNScreens.SwiftConstValuesFileList

WriteAuxiliaryFile /Users/sparkles/Library/Developer/Xcode/DerivedData/Expensio-futtgngxcysvvhcljmosbeftqmyc/Build/Intermediates.noindex/Pods.build/Debug-iphonesimulator/RNScreens.build/Objects-normal/x86_64/RNScreens.LinkFileList (in target 'RNScreens' from project 'Pods')
    cd /Users/sparkles/Documents/CodingFiles/FullStack/expensioApp/frontend/ios/Pods
    write-file /Users/sparkles/Library/Developer/Xcode/DerivedData/Expensio-futtgngxcysvvhcljmosbeftqmyc/Build/Intermediates.noindex/Pods.build/Debug-iphonesimulator/RNScreens.build/Objects-normal/x86_64/RNScreens.LinkFileList

WriteAuxiliaryFile /Users/sparkles/Library/Developer/Xcode/DerivedData/Expensio-futtgngxcysvvhcljmosbeftqmyc/Build/Intermediates.noindex/Pods.build/Debug-iphonesimulator/RNScreens.build/Objects-normal/x86_64/RNScreens-OutputFileMap.json (in target 'RNScreens' from project 'Pods')
    cd /Users/sparkles/Documents/CodingFiles/FullStack/expensioApp/frontend/ios/Pods
    write-file /Users/sparkles/Library/Developer/Xcode/DerivedData/Expensio-futtgngxcysvvhcljmosbeftqmyc/Build/Intermediates.noindex/Pods.build/Debug-iphonesimulator/RNScreens.build/Objects-normal/x86_64/RNScreens-OutputFileMap.json

WriteAuxiliaryFile /Users/sparkles/Library/Developer/Xcode/DerivedData/Expensio-futtgngxcysvvhcljmosbeftqmyc/Build/Intermediates.noindex/Pods.build/Debug-iphonesimulator/RNScreens.build/Objects-normal/x86_64/82b82416624d2658e5098eb0a28c15c5-common-args.resp (in target 'RNScreens' from project 'Pods')
    cd /Users/sparkles/Documents/CodingFiles/FullStack/expensioApp/frontend/ios/Pods
    write-file /Users/sparkles/Library/Developer/Xcode/DerivedData/Expensio-futtgngxcysvvhcljmosbeftqmyc/Build/Intermediates.noindex/Pods.build/Debug-iphonesimulator/RNScreens.build/Objects-normal/x86_64/82b82416624d2658e5098eb0a28c15c5-common-args.resp
'-std=c++20' '-stdlib=libc++' -fmodules -fno-cxx-modules '-fmodules-cache-path=/Users/sparkles/Library/Developer/Xcode/DerivedData/ModuleCache.noindex' '-D_LIBCPP_HARDENING_MODE=_LIBCPP_HARDENING_MODE_DEBUG' -fpascal-strings -O0 -fno-common '-DPOD_CONFIGURATION_DEBUG=1' '-DDEBUG=1' '-DCOCOAPODS=1' -fasm-blocks -g -iquote /Users/sparkles/Library/Developer/Xcode/DerivedData/Expensio-futtgngxcysvvhcljmosbeftqmyc/Build/Intermediates.noindex/Pods.build/Debug-iphonesimulator/RNScreens.build/RNScreens-generated-files.hmap -I/Users/sparkles/Library/Developer/Xcode/DerivedData/Expensio-futtgngxcysvvhcljmosbeftqmyc/Build/Intermediates.noindex/Pods.build/Debug-iphonesimulator/RNScreens.build/RNScreens-own-target-headers.hmap -I/Users/sparkles/Library/Developer/Xcode/DerivedData/Expensio-futtgngxcysvvhcljmosbeftqmyc/Build/Intermediates.noindex/Pods.build/Debug-iphonesimulator/RNScreens.build/RNScreens-all-non-framework-target-headers.hmap -ivfsoverlay /Users/sparkles/Library/Developer/Xcode/DerivedData/Expensio-futtgngxcysvvhcljmosbeftqmyc/Build/Intermediates.noindex/Pods.build/Debug-iphonesimulator/Pods-8699adb1dd336b26511df848a716bd42-VFS-iphonesimulator/all-product-headers.yaml -iquote /Users/sparkles/Library/Developer/Xcode/DerivedData/Expensio-futtgngxcysvvhcljmosbeftqmyc/Build/Intermediates.noindex/Pods.build/Debug-iphonesimulator/RNScreens.build/RNScreens-project-headers.hmap -I/Users/sparkles/Library/Developer/Xcode/DerivedData/Expensio-futtgngxcysvvhcljmosbeftqmyc/Build/Products/Debug-iphonesimulator/RNScreens/include -I/Users/sparkles/Documents/CodingFiles/FullStack/expensioApp/frontend/ios/Pods/Headers/Private -I/Users/sparkles/Documents/CodingFiles/FullStack/expensioApp/frontend/ios/Pods/Headers/Private/RNScreens -I/Users/sparkles/Documents/CodingFiles/FullStack/expensioApp/frontend/ios/Pods/Headers/Public -I/Users/sparkles/Documents/CodingFiles/FullStack/expensioApp/frontend/ios/Pods/Headers/Public/FBLazyVector -I/Users/sparkles/Documents/CodingFiles/FullStack/expensioApp/frontend/ios/Pods/Headers/Public/RCTRequired -I/Users/sparkles/Documents/CodingFiles/FullStack/expensioApp/frontend/ios/Pods/Headers/Public/RCTSwiftUIWrapper -I/Users/sparkles/Documents/CodingFiles/FullStack/expensioApp/frontend/ios/Pods/Headers/Public/RCTTypeSafety -I/Users/sparkles/Documents/CodingFiles/FullStack/expensioApp/frontend/ios/Pods/Headers/Public/RNScreens -I/Users/sparkles/Documents/CodingFiles/FullStack/expensioApp/frontend/ios/Pods/Headers/Public/React-Core -I/Users/sparkles/Documents/CodingFiles/FullStack/expensioApp/frontend/ios/Pods/Headers/Public/React-Core-prebuilt -I/Users/sparkles/Documents/CodingFiles/FullStack/expensioApp/frontend/ios/Pods/Headers/Public/React-CoreModules -I/Users/sparkles/Documents/CodingFiles/FullStack/expensioApp/frontend/ios/Pods/Headers/Public/React-Fabric -I/Users/sparkles/Documents/CodingFiles/FullStack/expensioApp/frontend/ios/Pods/Headers/Public/React-FabricComponents -I/Users/sparkles/Documents/CodingFiles/FullStack/expensioApp/frontend/ios/Pods/Headers/Public/React-FabricImage -I/Users/sparkles/Documents/CodingFiles/FullStack/expensioApp/frontend/ios/Pods/Headers/Public/React-ImageManager -I/Users/sparkles/Documents/CodingFiles/FullStack/expensioApp/frontend/ios/Pods/Headers/Public/React-Mapbuffer -I/Users/sparkles/Documents/CodingFiles/FullStack/expensioApp/frontend/ios/Pods/Headers/Public/React-NativeModulesApple -I/Users/sparkles/Documents/CodingFiles/FullStack/expensioApp/frontend/ios/Pods/Headers/Public/React-RCTAnimation -I/Users/sparkles/Documents/CodingFiles/FullStack/expensioApp/frontend/ios/Pods/Headers/Public/React-RCTBlob -I/Users/sparkles/Documents/CodingFiles/FullStack/expensioApp/frontend/ios/Pods/Headers/Public/React-RCTFBReactNativeSpec -I/Users/sparkles/Documents/CodingFiles/FullStack/expensioApp/frontend/ios/Pods/Headers/Public/React-RCTFabric -I/Users/sparkles/Documents/CodingFiles/FullStack/expensioApp/frontend/ios/Pods/Headers/Public/React-RCTImage -I/Users/sparkles/Documents/CodingFiles/FullStack/expensioApp/frontend/ios/Pods/Headers/Public/React-RCTRuntime -I/Users/sparkles/Documents/CodingFiles/FullStack/expensioApp/frontend/ios/Pods/Headers/Public/React-RCTText -I/Users/sparkles/Documents/CodingFiles/FullStack/expensioApp/frontend/ios/Pods/Headers/Public/React-RuntimeApple -I/Users/sparkles/Documents/CodingFiles/FullStack/expensioApp/frontend/ios/Pods/Headers/Public/React-RuntimeCore -I/Users/sparkles/Documents/CodingFiles/FullStack/expensioApp/frontend/ios/Pods/Headers/Public/React-RuntimeHermes -I/Users/sparkles/Documents/CodingFiles/FullStack/expensioApp/frontend/ios/Pods/Headers/Public/React-callinvoker -I/Users/sparkles/Documents/CodingFiles/FullStack/expensioApp/frontend/ios/Pods/Headers/Public/React-cxxreact -I/Users/sparkles/Documents/CodingFiles/FullStack/expensioApp/frontend/ios/Pods/Headers/Public/React-debug -I/Users/sparkles/Documents/CodingFiles/FullStack/expensioApp/frontend/ios/Pods/Headers/Public/React-defaultsnativemodule -I/Users/sparkles/Documents/CodingFiles/FullStack/expensioApp/frontend/ios/Pods/Headers/Public/React-domnativemodule -I/Users/sparkles/Documents/CodingFiles/FullStack/expensioApp/frontend/ios/Pods/Headers/Public/React-featureflags -I/Users/sparkles/Documents/CodingFiles/FullStack/expensioApp/frontend/ios/Pods/Headers/Public/React-featureflagsnativemodule -I/Users/sparkles/Documents/CodingFiles/FullStack/expensioApp/frontend/ios/Pods/Headers/Public/React-graphics -I/Users/sparkles/Documents/CodingFiles/FullStack/expensioApp/frontend/ios/Pods/Headers/Public/React-hermes -I/Users/sparkles/Documents/CodingFiles/FullStack/expensioApp/frontend/ios/Pods/Headers/Public/React-idlecallbacksnativemodule -I/Users/sparkles/Documents/CodingFiles/FullStack/expensioApp/frontend/ios/Pods/Headers/Public/React-intersectionobservernativemodule -I/Users/sparkles/Documents/CodingFiles/FullStack/expensioApp/frontend/ios/Pods/Headers/Public/React-jserrorhandler -I/Users/sparkles/Documents/CodingFiles/FullStack/expensioApp/frontend/ios/Pods/Headers/Public/React-jsi -I/Users/sparkles/Documents/CodingFiles/FullStack/expensioApp/frontend/ios/Pods/Headers/Public/React-jsiexecutor -I/Users/sparkles/Documents/CodingFiles/FullStack/expensioApp/frontend/ios/Pods/Headers/Public/React-jsinspector -I/Users/sparkles/Documents/CodingFiles/FullStack/expensioApp/frontend/ios/Pods/Headers/Public/React-jsinspectorcdp -I/Users/sparkles/Documents/CodingFiles/FullStack/expensioApp/frontend/ios/Pods/Headers/Public/React-jsinspectornetwork -I/Users/sparkles/Documents/CodingFiles/FullStack/expensioApp/frontend/ios/Pods/Headers/Public/React-jsinspectortracing -I/Users/sparkles/Documents/CodingFiles/FullStack/expensioApp/frontend/ios/Pods/Headers/Public/React-jsitooling -I/Users/sparkles/Documents/CodingFiles/FullStack/expensioApp/frontend/ios/Pods/Headers/Public/React-logger -I/Users/sparkles/Documents/CodingFiles/FullStack/expensioApp/frontend/ios/Pods/Headers/Public/React-microtasksnativemodule -I/Users/sparkles/Documents/CodingFiles/FullStack/expensioApp/frontend/ios/Pods/Headers/Public/React-mutationobservernativemodule -I/Users/sparkles/Documents/CodingFiles/FullStack/expensioApp/frontend/ios/Pods/Headers/Public/React-networking -I/Users/sparkles/Documents/CodingFiles/FullStack/expensioApp/frontend/ios/Pods/Headers/Public/React-oscompat -I/Users/sparkles/Documents/CodingFiles/FullStack/expensioApp/frontend/ios/Pods/Headers/Public/React-perflogger -I/Users/sparkles/Documents/CodingFiles/FullStack/expensioApp/frontend/ios/Pods/Headers/Public/React-performancecdpmetrics -I/Users/sparkles/Documents/CodingFiles/FullStack/expensioApp/frontend/ios/Pods/Headers/Public/React-performancetimeline -I/Users/sparkles/Documents/CodingFiles/FullStack/expensioApp/frontend/ios/Pods/Headers/Public/React-rendererconsistency -I/Users/sparkles/Documents/CodingFiles/FullStack/expensioApp/frontend/ios/Pods/Headers/Public/React-renderercss -I/Users/sparkles/Documents/CodingFiles/FullStack/expensioApp/frontend/ios/Pods/Headers/Public/React-rendererdebug -I/Users/sparkles/Documents/CodingFiles/FullStack/expensioApp/frontend/ios/Pods/Headers/Public/React-runtimeexecutor -I/Users/sparkles/Documents/CodingFiles/FullStack/expensioApp/frontend/ios/Pods/Headers/Public/React-runtimescheduler -I/Users/sparkles/Documents/CodingFiles/FullStack/expensioApp/frontend/ios/Pods/Headers/Public/React-timing -I/Users/sparkles/Documents/CodingFiles/FullStack/expensioApp/frontend/ios/Pods/Headers/Public/React-utils -I/Users/sparkles/Documents/CodingFiles/FullStack/expensioApp/frontend/ios/Pods/Headers/Public/React-viewtransitionnativemodule -I/Users/sparkles/Documents/CodingFiles/FullStack/expensioApp/frontend/ios/Pods/Headers/Public/React-webperformancenativemodule -I/Users/sparkles/Documents/CodingFiles/FullStack/expensioApp/frontend/ios/Pods/Headers/Public/ReactCodegen -I/Users/sparkles/Documents/CodingFiles/FullStack/expensioApp/frontend/ios/Pods/Headers/Public/ReactCommon -I/Users/sparkles/Documents/CodingFiles/FullStack/expensioApp/frontend/ios/Pods/Headers/Public/ReactNativeDependencies -I/Users/sparkles/Documents/CodingFiles/FullStack/expensioApp/frontend/ios/Pods/Headers/Public/Yoga -I/Users/sparkles/Documents/CodingFiles/FullStack/expensioApp/frontend/ios/Pods/Headers/Public/hermes-engine -I/Users/sparkles/Documents/CodingFiles/FullStack/expensioApp/frontend/ios/Pods/Headers/Private/Yoga -I/Users/sparkles/Documents/CodingFiles/FullStack/expensioApp/frontend/ios/Pods/Headers/Private/Yoga -I/Users/sparkles/Documents/CodingFiles/FullStack/expensioApp/frontend/node_modules/react-native-screens/common/cpp -I/Users/sparkles/Documents/CodingFiles/FullStack/expensioApp/frontend/ios/Pods/ExpoModulesCore/ExpoModulesCore.xcframework/ios-arm64_x86_64-simulator/ExpoModulesCore.framework/Headers -I/Users/sparkles/Documents/CodingFiles/FullStack/expensioApp/frontend/ios/Pods/ExpoModulesCore/ExpoModulesCore.xcframework/ios-arm64/ExpoModulesCore.framework/Headers -I/Users/sparkles/Documents/CodingFiles/FullStack/expensioApp/frontend/ios/Pods/ExpoModulesCore/ExpoModulesCore.xcframework/ios-arm64_x86_64-simulator/ExpoModulesCore.framework/Headers -I/Users/sparkles/Documents/CodingFiles/FullStack/expensioApp/frontend/ios/Pods/ExpoModulesCore/ExpoModulesCore.xcframework/ios-arm64/ExpoModulesCore.framework/Headers -I/Users/sparkles/Library/Developer/Xcode/DerivedData/Expensio-futtgngxcysvvhcljmosbeftqmyc/Build/Intermediates.noindex/Pods.build/Debug-iphonesimulator/RNScreens.build/DerivedSources-normal/x86_64 -I/Users/sparkles/Library/Developer/Xcode/DerivedData/Expensio-futtgngxcysvvhcljmosbeftqmyc/Build/Intermediates.noindex/Pods.build/Debug-iphonesimulator/RNScreens.build/DerivedSources/x86_64 -I/Users/sparkles/Library/Developer/Xcode/DerivedData/Expensio-futtgngxcysvvhcljmosbeftqmyc/Build/Intermediates.noindex/Pods.build/Debug-iphonesimulator/RNScreens.build/DerivedSources -F/Users/sparkles/Library/Developer/Xcode/DerivedData/Expensio-futtgngxcysvvhcljmosbeftqmyc/Build/Products/Debug-iphonesimulator/RNScreens -F/Users/sparkles/Documents/CodingFiles/FullStack/expensioApp/frontend/ios/Pods/React-Core-prebuilt -F/Users/sparkles/Documents/CodingFiles/FullStack/expensioApp/frontend/ios/Pods/ReactNativeDependencies/framework/packages/react-native -F/Users/sparkles/Documents/CodingFiles/FullStack/expensioApp/frontend/ios/Pods/hermes-engine/destroot/Library/Frameworks/universal -F/Users/sparkles/Library/Developer/Xcode/DerivedData/Expensio-futtgngxcysvvhcljmosbeftqmyc/Build/Products/Debug-iphonesimulator/XCFrameworkIntermediates/React-Core-prebuilt -F/Users/sparkles/Library/Developer/Xcode/DerivedData/Expensio-futtgngxcysvvhcljmosbeftqmyc/Build/Products/Debug-iphonesimulator/XCFrameworkIntermediates/ReactNativeDependencies -F/Users/sparkles/Library/Developer/Xcode/DerivedData/Expensio-futtgngxcysvvhcljmosbeftqmyc/Build/Products/Debug-iphonesimulator/XCFrameworkIntermediates/hermes-engine/Pre-built '-DRCT_REMOVE_LEGACY_ARCH=1' '-fmodule-map-file=/Users/sparkles/Documents/CodingFiles/FullStack/expensioApp/frontend/ios/Pods/Headers/Public/ReactCodegen/ReactCodegen.modulemap' '-DRCT_REMOVE_LEGACY_ARCH=1' -ivfsoverlay /Users/sparkles/Documents/CodingFiles/FullStack/expensioApp/frontend/ios/Pods/React-Core-prebuilt/React-VFS.yaml '-DRCT_REMOVE_LEGACY_ARCH=1' '-DRCT_NEW_ARCH_ENABLED=1' -ivfsoverlay /Users/sparkles/Documents/CodingFiles/FullStack/expensioApp/frontend/ios/Pods/React-Core-prebuilt/React-VFS.yaml

WriteAuxiliaryFile /Users/sparkles/Library/Developer/Xcode/DerivedData/Expensio-futtgngxcysvvhcljmosbeftqmyc/Build/Intermediates.noindex/Pods.build/Debug-iphonesimulator/RNScreens.build/Objects-normal/arm64/e6072d4f65d7061329687fe24e3d63a7-common-args.resp (in target 'RNScreens' from project 'Pods')
    cd /Users/sparkles/Documents/CodingFiles/FullStack/expensioApp/frontend/ios/Pods
    write-file /Users/sparkles/Library/Developer/Xcode/DerivedData/Expensio-futtgngxcysvvhcljmosbeftqmyc/Build/Intermediates.noindex/Pods.build/Debug-iphonesimulator/RNScreens.build/Objects-normal/arm64/e6072d4f65d7061329687fe24e3d63a7-common-args.resp
'-std=gnu11' -fobjc-arc -fmodules '-fmodules-cache-path=/Users/sparkles/Library/Developer/Xcode/DerivedData/ModuleCache.noindex' -fpascal-strings -O0 -fno-common '-DPOD_CONFIGURATION_DEBUG=1' '-DDEBUG=1' '-DCOCOAPODS=1' '-DOBJC_OLD_DISPATCH_PROTOTYPES=0' -g '-fobjc-abi-version=2' -fobjc-legacy-dispatch -iquote /Users/sparkles/Library/Developer/Xcode/DerivedData/Expensio-futtgngxcysvvhcljmosbeftqmyc/Build/Intermediates.noindex/Pods.build/Debug-iphonesimulator/RNScreens.build/RNScreens-generated-files.hmap -I/Users/sparkles/Library/Developer/Xcode/DerivedData/Expensio-futtgngxcysvvhcljmosbeftqmyc/Build/Intermediates.noindex/Pods.build/Debug-iphonesimulator/RNScreens.build/RNScreens-own-target-headers.hmap -I/Users/sparkles/Library/Developer/Xcode/DerivedData/Expensio-futtgngxcysvvhcljmosbeftqmyc/Build/Intermediates.noindex/Pods.build/Debug-iphonesimulator/RNScreens.build/RNScreens-all-non-framework-target-headers.hmap -ivfsoverlay /Users/sparkles/Library/Developer/Xcode/DerivedData/Expensio-futtgngxcysvvhcljmosbeftqmyc/Build/Intermediates.noindex/Pods.build/Debug-iphonesimulator/Pods-8699adb1dd336b26511df848a716bd42-VFS-iphonesimulator/all-product-headers.yaml -iquote /Users/sparkles/Library/Developer/Xcode/DerivedData/Expensio-futtgngxcysvvhcljmosbeftqmyc/Build/Intermediates.noindex/Pods.build/Debug-iphonesimulator/RNScreens.build/RNScreens-project-headers.hmap -I/Users/sparkles/Library/Developer/Xcode/DerivedData/Expensio-futtgngxcysvvhcljmosbeftqmyc/Build/Products/Debug-iphonesimulator/RNScreens/include -I/Users/sparkles/Documents/CodingFiles/FullStack/expensioApp/frontend/ios/Pods/Headers/Private -I/Users/sparkles/Documents/CodingFiles/FullStack/expensioApp/frontend/ios/Pods/Headers/Private/RNScreens -I/Users/sparkles/Documents/CodingFiles/FullStack/expensioApp/frontend/ios/Pods/Headers/Public -I/Users/sparkles/Documents/CodingFiles/FullStack/expensioApp/frontend/ios/Pods/Headers/Public/FBLazyVector -I/Users/sparkles/Documents/CodingFiles/FullStack/expensioApp/frontend/ios/Pods/Headers/Public/RCTRequired -I/Users/sparkles/Documents/CodingFiles/FullStack/expensioApp/frontend/ios/Pods/Headers/Public/RCTSwiftUIWrapper -I/Users/sparkles/Documents/CodingFiles/FullStack/expensioApp/frontend/ios/Pods/Headers/Public/RCTTypeSafety -I/Users/sparkles/Documents/CodingFiles/FullStack/expensioApp/frontend/ios/Pods/Headers/Public/RNScreens -I/Users/sparkles/Documents/CodingFiles/FullStack/expensioApp/frontend/ios/Pods/Headers/Public/React-Core -I/Users/sparkles/Documents/CodingFiles/FullStack/expensioApp/frontend/ios/Pods/Headers/Public/React-Core-prebuilt -I/Users/sparkles/Documents/CodingFiles/FullStack/expensioApp/frontend/ios/Pods/Headers/Public/React-CoreModules -I/Users/sparkles/Documents/CodingFiles/FullStack/expensioApp/frontend/ios/Pods/Headers/Public/React-Fabric -I/Users/sparkles/Documents/CodingFiles/FullStack/expensioApp/frontend/ios/Pods/Headers/Public/React-FabricComponents -I/Users/sparkles/Documents/CodingFiles/FullStack/expensioApp/frontend/ios/Pods/Headers/Public/React-FabricImage -I/Users/sparkles/Documents/CodingFiles/FullStack/expensioApp/frontend/ios/Pods/Headers/Public/React-ImageManager -I/Users/sparkles/Documents/CodingFiles/FullStack/expensioApp/frontend/ios/Pods/Headers/Public/React-Mapbuffer -I/Users/sparkles/Documents/CodingFiles/FullStack/expensioApp/frontend/ios/Pods/Headers/Public/React-NativeModulesApple -I/Users/sparkles/Documents/CodingFiles/FullStack/expensioApp/frontend/ios/Pods/Headers/Public/React-RCTAnimation -I/Users/sparkles/Documents/CodingFiles/FullStack/expensioApp/frontend/ios/Pods/Headers/Public/React-RCTBlob -I/Users/sparkles/Documents/CodingFiles/FullStack/expensioApp/frontend/ios/Pods/Headers/Public/React-RCTFBReactNativeSpec -I/Users/sparkles/Documents/CodingFiles/FullStack/expensioApp/frontend/ios/Pods/Headers/Public/React-RCTFabric -I/Users/sparkles/Documents/CodingFiles/FullStack/expensioApp/frontend/ios/Pods/Headers/Public/React-RCTImage -I/Users/sparkles/Documents/CodingFiles/FullStack/expensioApp/frontend/ios/Pods/Headers/Public/React-RCTRuntime -I/Users/sparkles/Documents/CodingFiles/FullStack/expensioApp/frontend/ios/Pods/Headers/Public/React-RCTText -I/Users/sparkles/Documents/CodingFiles/FullStack/expensioApp/frontend/ios/Pods/Headers/Public/React-RuntimeApple -I/Users/sparkles/Documents/CodingFiles/FullStack/expensioApp/frontend/ios/Pods/Headers/Public/React-RuntimeCore -I/Users/sparkles/Documents/CodingFiles/FullStack/expensioApp/frontend/ios/Pods/Headers/Public/React-RuntimeHermes -I/Users/sparkles/Documents/CodingFiles/FullStack/expensioApp/frontend/ios/Pods/Headers/Public/React-callinvoker -I/Users/sparkles/Documents/CodingFiles/FullStack/expensioApp/frontend/ios/Pods/Headers/Public/React-cxxreact -I/Users/sparkles/Documents/CodingFiles/FullStack/expensioApp/frontend/ios/Pods/Headers/Public/React-debug -I/Users/sparkles/Documents/CodingFiles/FullStack/expensioApp/frontend/ios/Pods/Headers/Public/React-defaultsnativemodule -I/Users/sparkles/Documents/CodingFiles/FullStack/expensioApp/frontend/ios/Pods/Headers/Public/React-domnativemodule -I/Users/sparkles/Documents/CodingFiles/FullStack/expensioApp/frontend/ios/Pods/Headers/Public/React-featureflags -I/Users/sparkles/Documents/CodingFiles/FullStack/expensioApp/frontend/ios/Pods/Headers/Public/React-featureflagsnativemodule -I/Users/sparkles/Documents/CodingFiles/FullStack/expensioApp/frontend/ios/Pods/Headers/Public/React-graphics -I/Users/sparkles/Documents/CodingFiles/FullStack/expensioApp/frontend/ios/Pods/Headers/Public/React-hermes -I/Users/sparkles/Documents/CodingFiles/FullStack/expensioApp/frontend/ios/Pods/Headers/Public/React-idlecallbacksnativemodule -I/Users/sparkles/Documents/CodingFiles/FullStack/expensioApp/frontend/ios/Pods/Headers/Public/React-intersectionobservernativemodule -I/Users/sparkles/Documents/CodingFiles/FullStack/expensioApp/frontend/ios/Pods/Headers/Public/React-jserrorhandler -I/Users/sparkles/Documents/CodingFiles/FullStack/expensioApp/frontend/ios/Pods/Headers/Public/React-jsi -I/Users/sparkles/Documents/CodingFiles/FullStack/expensioApp/frontend/ios/Pods/Headers/Public/React-jsiexecutor -I/Users/sparkles/Documents/CodingFiles/FullStack/expensioApp/frontend/ios/Pods/Headers/Public/React-jsinspector -I/Users/sparkles/Documents/CodingFiles/FullStack/expensioApp/frontend/ios/Pods/Headers/Public/React-jsinspectorcdp -I/Users/sparkles/Documents/CodingFiles/FullStack/expensioApp/frontend/ios/Pods/Headers/Public/React-jsinspectornetwork -I/Users/sparkles/Documents/CodingFiles/FullStack/expensioApp/frontend/ios/Pods/Headers/Public/React-jsinspectortracing -I/Users/sparkles/Documents/CodingFiles/FullStack/expensioApp/frontend/ios/Pods/Headers/Public/React-jsitooling -I/Users/sparkles/Documents/CodingFiles/FullStack/expensioApp/frontend/ios/Pods/Headers/Public/React-logger -I/Users/sparkles/Documents/CodingFiles/FullStack/expensioApp/frontend/ios/Pods/Headers/Public/React-microtasksnativemodule -I/Users/sparkles/Documents/CodingFiles/FullStack/expensioApp/frontend/ios/Pods/Headers/Public/React-mutationobservernativemodule -I/Users/sparkles/Documents/CodingFiles/FullStack/expensioApp/frontend/ios/Pods/Headers/Public/React-networking -I/Users/sparkles/Documents/CodingFiles/FullStack/expensioApp/frontend/ios/Pods/Headers/Public/React-oscompat -I/Users/sparkles/Documents/CodingFiles/FullStack/expensioApp/frontend/ios/Pods/Headers/Public/React-perflogger -I/Users/sparkles/Documents/CodingFiles/FullStack/expensioApp/frontend/ios/Pods/Headers/Public/React-performancecdpmetrics -I/Users/sparkles/Documents/CodingFiles/FullStack/expensioApp/frontend/ios/Pods/Headers/Public/React-performancetimeline -I/Users/sparkles/Documents/CodingFiles/FullStack/expensioApp/frontend/ios/Pods/Headers/Public/React-rendererconsistency -I/Users/sparkles/Documents/CodingFiles/FullStack/expensioApp/frontend/ios/Pods/Headers/Public/React-renderercss -I/Users/sparkles/Documents/CodingFiles/FullStack/expensioApp/frontend/ios/Pods/Headers/Public/React-rendererdebug -I/Users/sparkles/Documents/CodingFiles/FullStack/expensioApp/frontend/ios/Pods/Headers/Public/React-runtimeexecutor -I/Users/sparkles/Documents/CodingFiles/FullStack/expensioApp/frontend/ios/Pods/Headers/Public/React-runtimescheduler -I/Users/sparkles/Documents/CodingFiles/FullStack/expensioApp/frontend/ios/Pods/Headers/Public/React-timing -I/Users/sparkles/Documents/CodingFiles/FullStack/expensioApp/frontend/ios/Pods/Headers/Public/React-utils -I/Users/sparkles/Documents/CodingFiles/FullStack/expensioApp/frontend/ios/Pods/Headers/Public/React-viewtransitionnativemodule -I/Users/sparkles/Documents/CodingFiles/FullStack/expensioApp/frontend/ios/Pods/Headers/Public/React-webperformancenativemodule -I/Users/sparkles/Documents/CodingFiles/FullStack/expensioApp/frontend/ios/Pods/Headers/Public/ReactCodegen -I/Users/sparkles/Documents/CodingFiles/FullStack/expensioApp/frontend/ios/Pods/Headers/Public/ReactCommon -I/Users/sparkles/Documents/CodingFiles/FullStack/expensioApp/frontend/ios/Pods/Headers/Public/ReactNativeDependencies -I/Users/sparkles/Documents/CodingFiles/FullStack/expensioApp/frontend/ios/Pods/Headers/Public/Yoga -I/Users/sparkles/Documents/CodingFiles/FullStack/expensioApp/frontend/ios/Pods/Headers/Public/hermes-engine -I/Users/sparkles/Documents/CodingFiles/FullStack/expensioApp/frontend/ios/Pods/Headers/Private/Yoga -I/Users/sparkles/Documents/CodingFiles/FullStack/expensioApp/frontend/ios/Pods/Headers/Private/Yoga -I/Users/sparkles/Documents/CodingFiles/FullStack/expensioApp/frontend/node_modules/react-native-screens/common/cpp -I/Users/sparkles/Documents/CodingFiles/FullStack/expensioApp/frontend/ios/Pods/ExpoModulesCore/ExpoModulesCore.xcframework/ios-arm64_x86_64-simulator/ExpoModulesCore.framework/Headers -I/Users/sparkles/Documents/CodingFiles/FullStack/expensioApp/frontend/ios/Pods/ExpoModulesCore/ExpoModulesCore.xcframework/ios-arm64/ExpoModulesCore.framework/Headers -I/Users/sparkles/Documents/CodingFiles/FullStack/expensioApp/frontend/ios/Pods/ExpoModulesCore/ExpoModulesCore.xcframework/ios-arm64_x86_64-simulator/ExpoModulesCore.framework/Headers -I/Users/sparkles/Documents/CodingFiles/FullStack/expensioApp/frontend/ios/Pods/ExpoModulesCore/ExpoModulesCore.xcframework/ios-arm64/ExpoModulesCore.framework/Headers -I/Users/sparkles/Library/Developer/Xcode/DerivedData/Expensio-futtgngxcysvvhcljmosbeftqmyc/Build/Intermediates.noindex/Pods.build/Debug-iphonesimulator/RNScreens.build/DerivedSources-normal/arm64 -I/Users/sparkles/Library/Developer/Xcode/DerivedData/Expensio-futtgngxcysvvhcljmosbeftqmyc/Build/Intermediates.noindex/Pods.build/Debug-iphonesimulator/RNScreens.build/DerivedSources/arm64 -I/Users/sparkles/Library/Developer/Xcode/DerivedData/Expensio-futtgngxcysvvhcljmosbeftqmyc/Build/Intermediates.noindex/Pods.build/Debug-iphonesimulator/RNScreens.build/DerivedSources -F/Users/sparkles/Library/Developer/Xcode/DerivedData/Expensio-futtgngxcysvvhcljmosbeftqmyc/Build/Products/Debug-iphonesimulator/RNScreens -F/Users/sparkles/Documents/CodingFiles/FullStack/expensioApp/frontend/ios/Pods/React-Core-prebuilt -F/Users/sparkles/Documents/CodingFiles/FullStack/expensioApp/frontend/ios/Pods/ReactNativeDependencies/framework/packages/react-native -F/Users/sparkles/Documents/CodingFiles/FullStack/expensioApp/frontend/ios/Pods/hermes-engine/destroot/Library/Frameworks/universal -F/Users/sparkles/Library/Developer/Xcode/DerivedData/Expensio-futtgngxcysvvhcljmosbeftqmyc/Build/Products/Debug-iphonesimulator/XCFrameworkIntermediates/React-Core-prebuilt -F/Users/sparkles/Library/Developer/Xcode/DerivedData/Expensio-futtgngxcysvvhcljmosbeftqmyc/Build/Products/Debug-iphonesimulator/XCFrameworkIntermediates/ReactNativeDependencies -F/Users/sparkles/Library/Developer/Xcode/DerivedData/Expensio-futtgngxcysvvhcljmosbeftqmyc/Build/Products/Debug-iphonesimulator/XCFrameworkIntermediates/hermes-engine/Pre-built '-DRCT_REMOVE_LEGACY_ARCH=1' '-fmodule-map-file=/Users/sparkles/Documents/CodingFiles/FullStack/expensioApp/frontend/ios/Pods/Headers/Public/ReactCodegen/ReactCodegen.modulemap' '-DRCT_REMOVE_LEGACY_ARCH=1' -ivfsoverlay /Users/sparkles/Documents/CodingFiles/FullStack/expensioApp/frontend/ios/Pods/React-Core-prebuilt/React-VFS.yaml

WriteAuxiliaryFile /Users/sparkles/Library/Developer/Xcode/DerivedData/Expensio-futtgngxcysvvhcljmosbeftqmyc/Build/Intermediates.noindex/Pods.build/Debug-iphonesimulator/RNScreens.build/Objects-normal/arm64/af3fcb34312c57c0f52879cdce924b91-common-args.resp (in target 'RNScreens' from project 'Pods')
    cd /Users/sparkles/Documents/CodingFiles/FullStack/expensioApp/frontend/ios/Pods
    write-file /Users/sparkles/Library/Developer/Xcode/DerivedData/Expensio-futtgngxcysvvhcljmosbeftqmyc/Build/Intermediates.noindex/Pods.build/Debug-iphonesimulator/RNScreens.build/Objects-normal/arm64/af3fcb34312c57c0f52879cdce924b91-common-args.resp
'-std=c++20' '-stdlib=libc++' -fobjc-arc -fmodules -fno-cxx-modules '-fmodules-cache-path=/Users/sparkles/Library/Developer/Xcode/DerivedData/ModuleCache.noindex' '-D_LIBCPP_HARDENING_MODE=_LIBCPP_HARDENING_MODE_DEBUG' -fpascal-strings -O0 -fno-common '-DPOD_CONFIGURATION_DEBUG=1' '-DDEBUG=1' '-DCOCOAPODS=1' '-DOBJC_OLD_DISPATCH_PROTOTYPES=0' -g '-fobjc-abi-version=2' -fobjc-legacy-dispatch -iquote /Users/sparkles/Library/Developer/Xcode/DerivedData/Expensio-futtgngxcysvvhcljmosbeftqmyc/Build/Intermediates.noindex/Pods.build/Debug-iphonesimulator/RNScreens.build/RNScreens-generated-files.hmap -I/Users/sparkles/Library/Developer/Xcode/DerivedData/Expensio-futtgngxcysvvhcljmosbeftqmyc/Build/Intermediates.noindex/Pods.build/Debug-iphonesimulator/RNScreens.build/RNScreens-own-target-headers.hmap -I/Users/sparkles/Library/Developer/Xcode/DerivedData/Expensio-futtgngxcysvvhcljmosbeftqmyc/Build/Intermediates.noindex/Pods.build/Debug-iphonesimulator/RNScreens.build/RNScreens-all-non-framework-target-headers.hmap -ivfsoverlay /Users/sparkles/Library/Developer/Xcode/DerivedData/Expensio-futtgngxcysvvhcljmosbeftqmyc/Build/Intermediates.noindex/Pods.build/Debug-iphonesimulator/Pods-8699adb1dd336b26511df848a716bd42-VFS-iphonesimulator/all-product-headers.yaml -iquote /Users/sparkles/Library/Developer/Xcode/DerivedData/Expensio-futtgngxcysvvhcljmosbeftqmyc/Build/Intermediates.noindex/Pods.build/Debug-iphonesimulator/RNScreens.build/RNScreens-project-headers.hmap -I/Users/sparkles/Library/Developer/Xcode/DerivedData/Expensio-futtgngxcysvvhcljmosbeftqmyc/Build/Products/Debug-iphonesimulator/RNScreens/include -I/Users/sparkles/Documents/CodingFiles/FullStack/expensioApp/frontend/ios/Pods/Headers/Private -I/Users/sparkles/Documents/CodingFiles/FullStack/expensioApp/frontend/ios/Pods/Headers/Private/RNScreens -I/Users/sparkles/Documents/CodingFiles/FullStack/expensioApp/frontend/ios/Pods/Headers/Public -I/Users/sparkles/Documents/CodingFiles/FullStack/expensioApp/frontend/ios/Pods/Headers/Public/FBLazyVector -I/Users/sparkles/Documents/CodingFiles/FullStack/expensioApp/frontend/ios/Pods/Headers/Public/RCTRequired -I/Users/sparkles/Documents/CodingFiles/FullStack/expensioApp/frontend/ios/Pods/Headers/Public/RCTSwiftUIWrapper -I/Users/sparkles/Documents/CodingFiles/FullStack/expensioApp/frontend/ios/Pods/Headers/Public/RCTTypeSafety -I/Users/sparkles/Documents/CodingFiles/FullStack/expensioApp/frontend/ios/Pods/Headers/Public/RNScreens -I/Users/sparkles/Documents/CodingFiles/FullStack/expensioApp/frontend/ios/Pods/Headers/Public/React-Core -I/Users/sparkles/Documents/CodingFiles/FullStack/expensioApp/frontend/ios/Pods/Headers/Public/React-Core-prebuilt -I/Users/sparkles/Documents/CodingFiles/FullStack/expensioApp/frontend/ios/Pods/Headers/Public/React-CoreModules -I/Users/sparkles/Documents/CodingFiles/FullStack/expensioApp/frontend/ios/Pods/Headers/Public/React-Fabric -I/Users/sparkles/Documents/CodingFiles/FullStack/expensioApp/frontend/ios/Pods/Headers/Public/React-FabricComponents -I/Users/sparkles/Documents/CodingFiles/FullStack/expensioApp/frontend/ios/Pods/Headers/Public/React-FabricImage -I/Users/sparkles/Documents/CodingFiles/FullStack/expensioApp/frontend/ios/Pods/Headers/Public/React-ImageManager -I/Users/sparkles/Documents/CodingFiles/FullStack/expensioApp/frontend/ios/Pods/Headers/Public/React-Mapbuffer -I/Users/sparkles/Documents/CodingFiles/FullStack/expensioApp/frontend/ios/Pods/Headers/Public/React-NativeModulesApple -I/Users/sparkles/Documents/CodingFiles/FullStack/expensioApp/frontend/ios/Pods/Headers/Public/React-RCTAnimation -I/Users/sparkles/Documents/CodingFiles/FullStack/expensioApp/frontend/ios/Pods/Headers/Public/React-RCTBlob -I/Users/sparkles/Documents/CodingFiles/FullStack/expensioApp/frontend/ios/Pods/Headers/Public/React-RCTFBReactNativeSpec -I/Users/sparkles/Documents/CodingFiles/FullStack/expensioApp/frontend/ios/Pods/Headers/Public/React-RCTFabric -I/Users/sparkles/Documents/CodingFiles/FullStack/expensioApp/frontend/ios/Pods/Headers/Public/React-RCTImage -I/Users/sparkles/Documents/CodingFiles/FullStack/expensioApp/frontend/ios/Pods/Headers/Public/React-RCTRuntime -I/Users/sparkles/Documents/CodingFiles/FullStack/expensioApp/frontend/ios/Pods/Headers/Public/React-RCTText -I/Users/sparkles/Documents/CodingFiles/FullStack/expensioApp/frontend/ios/Pods/Headers/Public/React-RuntimeApple -I/Users/sparkles/Documents/CodingFiles/FullStack/expensioApp/frontend/ios/Pods/Headers/Public/React-RuntimeCore -I/Users/sparkles/Documents/CodingFiles/FullStack/expensioApp/frontend/ios/Pods/Headers/Public/React-RuntimeHermes -I/Users/sparkles/Documents/CodingFiles/FullStack/expensioApp/frontend/ios/Pods/Headers/Public/React-callinvoker -I/Users/sparkles/Documents/CodingFiles/FullStack/expensioApp/frontend/ios/Pods/Headers/Public/React-cxxreact -I/Users/sparkles/Documents/CodingFiles/FullStack/expensioApp/frontend/ios/Pods/Headers/Public/React-debug -I/Users/sparkles/Documents/CodingFiles/FullStack/expensioApp/frontend/ios/Pods/Headers/Public/React-defaultsnativemodule -I/Users/sparkles/Documents/CodingFiles/FullStack/expensioApp/frontend/ios/Pods/Headers/Public/React-domnativemodule -I/Users/sparkles/Documents/CodingFiles/FullStack/expensioApp/frontend/ios/Pods/Headers/Public/React-featureflags -I/Users/sparkles/Documents/CodingFiles/FullStack/expensioApp/frontend/ios/Pods/Headers/Public/React-featureflagsnativemodule -I/Users/sparkles/Documents/CodingFiles/FullStack/expensioApp/frontend/ios/Pods/Headers/Public/React-graphics -I/Users/sparkles/Documents/CodingFiles/FullStack/expensioApp/frontend/ios/Pods/Headers/Public/React-hermes -I/Users/sparkles/Documents/CodingFiles/FullStack/expensioApp/frontend/ios/Pods/Headers/Public/React-idlecallbacksnativemodule -I/Users/sparkles/Documents/CodingFiles/FullStack/expensioApp/frontend/ios/Pods/Headers/Public/React-intersectionobservernativemodule -I/Users/sparkles/Documents/CodingFiles/FullStack/expensioApp/frontend/ios/Pods/Headers/Public/React-jserrorhandler -I/Users/sparkles/Documents/CodingFiles/FullStack/expensioApp/frontend/ios/Pods/Headers/Public/React-jsi -I/Users/sparkles/Documents/CodingFiles/FullStack/expensioApp/frontend/ios/Pods/Headers/Public/React-jsiexecutor -I/Users/sparkles/Documents/CodingFiles/FullStack/expensioApp/frontend/ios/Pods/Headers/Public/React-jsinspector -I/Users/sparkles/Documents/CodingFiles/FullStack/expensioApp/frontend/ios/Pods/Headers/Public/React-jsinspectorcdp -I/Users/sparkles/Documents/CodingFiles/FullStack/expensioApp/frontend/ios/Pods/Headers/Public/React-jsinspectornetwork -I/Users/sparkles/Documents/CodingFiles/FullStack/expensioApp/frontend/ios/Pods/Headers/Public/React-jsinspectortracing -I/Users/sparkles/Documents/CodingFiles/FullStack/expensioApp/frontend/ios/Pods/Headers/Public/React-jsitooling -I/Users/sparkles/Documents/CodingFiles/FullStack/expensioApp/frontend/ios/Pods/Headers/Public/React-logger -I/Users/sparkles/Documents/CodingFiles/FullStack/expensioApp/frontend/ios/Pods/Headers/Public/React-microtasksnativemodule -I/Users/sparkles/Documents/CodingFiles/FullStack/expensioApp/frontend/ios/Pods/Headers/Public/React-mutationobservernativemodule -I/Users/sparkles/Documents/CodingFiles/FullStack/expensioApp/frontend/ios/Pods/Headers/Public/React-networking -I/Users/sparkles/Documents/CodingFiles/FullStack/expensioApp/frontend/ios/Pods/Headers/Public/React-oscompat -I/Users/sparkles/Documents/CodingFiles/FullStack/expensioApp/frontend/ios/Pods/Headers/Public/React-perflogger -I/Users/sparkles/Documents/CodingFiles/FullStack/expensioApp/frontend/ios/Pods/Headers/Public/React-performancecdpmetrics -I/Users/sparkles/Documents/CodingFiles/FullStack/expensioApp/frontend/ios/Pods/Headers/Public/React-performancetimeline -I/Users/sparkles/Documents/CodingFiles/FullStack/expensioApp/frontend/ios/Pods/Headers/Public/React-rendererconsistency -I/Users/sparkles/Documents/CodingFiles/FullStack/expensioApp/frontend/ios/Pods/Headers/Public/React-renderercss -I/Users/sparkles/Documents/CodingFiles/FullStack/expensioApp/frontend/ios/Pods/Headers/Public/React-rendererdebug -I/Users/sparkles/Documents/CodingFiles/FullStack/expensioApp/frontend/ios/Pods/Headers/Public/React-runtimeexecutor -I/Users/sparkles/Documents/CodingFiles/FullStack/expensioApp/frontend/ios/Pods/Headers/Public/React-runtimescheduler -I/Users/sparkles/Documents/CodingFiles/FullStack/expensioApp/frontend/ios/Pods/Headers/Public/React-timing -I/Users/sparkles/Documents/CodingFiles/FullStack/expensioApp/frontend/ios/Pods/Headers/Public/React-utils -I/Users/sparkles/Documents/CodingFiles/FullStack/expensioApp/frontend/ios/Pods/Headers/Public/React-viewtransitionnativemodule -I/Users/sparkles/Documents/CodingFiles/FullStack/expensioApp/frontend/ios/Pods/Headers/Public/React-webperformancenativemodule -I/Users/sparkles/Documents/CodingFiles/FullStack/expensioApp/frontend/ios/Pods/Headers/Public/ReactCodegen -I/Users/sparkles/Documents/CodingFiles/FullStack/expensioApp/frontend/ios/Pods/Headers/Public/ReactCommon -I/Users/sparkles/Documents/CodingFiles/FullStack/expensioApp/frontend/ios/Pods/Headers/Public/ReactNativeDependencies -I/Users/sparkles/Documents/CodingFiles/FullStack/expensioApp/frontend/ios/Pods/Headers/Public/Yoga -I/Users/sparkles/Documents/CodingFiles/FullStack/expensioApp/frontend/ios/Pods/Headers/Public/hermes-engine -I/Users/sparkles/Documents/CodingFiles/FullStack/expensioApp/frontend/ios/Pods/Headers/Private/Yoga -I/Users/sparkles/Documents/CodingFiles/FullStack/expensioApp/frontend/ios/Pods/Headers/Private/Yoga -I/Users/sparkles/Documents/CodingFiles/FullStack/expensioApp/frontend/node_modules/react-native-screens/common/cpp -I/Users/sparkles/Documents/CodingFiles/FullStack/expensioApp/frontend/ios/Pods/ExpoModulesCore/ExpoModulesCore.xcframework/ios-arm64_x86_64-simulator/ExpoModulesCore.framework/Headers -I/Users/sparkles/Documents/CodingFiles/FullStack/expensioApp/frontend/ios/Pods/ExpoModulesCore/ExpoModulesCore.xcframework/ios-arm64/ExpoModulesCore.framework/Headers -I/Users/sparkles/Documents/CodingFiles/FullStack/expensioApp/frontend/ios/Pods/ExpoModulesCore/ExpoModulesCore.xcframework/ios-arm64_x86_64-simulator/ExpoModulesCore.framework/Headers -I/Users/sparkles/Documents/CodingFiles/FullStack/expensioApp/frontend/ios/Pods/ExpoModulesCore/ExpoModulesCore.xcframework/ios-arm64/ExpoModulesCore.framework/Headers -I/Users/sparkles/Library/Developer/Xcode/DerivedData/Expensio-futtgngxcysvvhcljmosbeftqmyc/Build/Intermediates.noindex/Pods.build/Debug-iphonesimulator/RNScreens.build/DerivedSources-normal/arm64 -I/Users/sparkles/Library/Developer/Xcode/DerivedData/Expensio-futtgngxcysvvhcljmosbeftqmyc/Build/Intermediates.noindex/Pods.build/Debug-iphonesimulator/RNScreens.build/DerivedSources/arm64 -I/Users/sparkles/Library/Developer/Xcode/DerivedData/Expensio-futtgngxcysvvhcljmosbeftqmyc/Build/Intermediates.noindex/Pods.build/Debug-iphonesimulator/RNScreens.build/DerivedSources -F/Users/sparkles/Library/Developer/Xcode/DerivedData/Expensio-futtgngxcysvvhcljmosbeftqmyc/Build/Products/Debug-iphonesimulator/RNScreens -F/Users/sparkles/Documents/CodingFiles/FullStack/expensioApp/frontend/ios/Pods/React-Core-prebuilt -F/Users/sparkles/Documents/CodingFiles/FullStack/expensioApp/frontend/ios/Pods/ReactNativeDependencies/framework/packages/react-native -F/Users/sparkles/Documents/CodingFiles/FullStack/expensioApp/frontend/ios/Pods/hermes-engine/destroot/Library/Frameworks/universal -F/Users/sparkles/Library/Developer/Xcode/DerivedData/Expensio-futtgngxcysvvhcljmosbeftqmyc/Build/Products/Debug-iphonesimulator/XCFrameworkIntermediates/React-Core-prebuilt -F/Users/sparkles/Library/Developer/Xcode/DerivedData/Expensio-futtgngxcysvvhcljmosbeftqmyc/Build/Products/Debug-iphonesimulator/XCFrameworkIntermediates/ReactNativeDependencies -F/Users/sparkles/Library/Developer/Xcode/DerivedData/Expensio-futtgngxcysvvhcljmosbeftqmyc/Build/Products/Debug-iphonesimulator/XCFrameworkIntermediates/hermes-engine/Pre-built '-DRCT_REMOVE_LEGACY_ARCH=1' '-fmodule-map-file=/Users/sparkles/Documents/CodingFiles/FullStack/expensioApp/frontend/ios/Pods/Headers/Public/ReactCodegen/ReactCodegen.modulemap' '-DRCT_REMOVE_LEGACY_ARCH=1' -ivfsoverlay /Users/sparkles/Documents/CodingFiles/FullStack/expensioApp/frontend/ios/Pods/React-Core-prebuilt/React-VFS.yaml '-DRCT_REMOVE_LEGACY_ARCH=1' '-DRCT_NEW_ARCH_ENABLED=1' -ivfsoverlay /Users/sparkles/Documents/CodingFiles/FullStack/expensioApp/frontend/ios/Pods/React-Core-prebuilt/React-VFS.yaml

WriteAuxiliaryFile /Users/sparkles/Library/Developer/Xcode/DerivedData/Expensio-futtgngxcysvvhcljmosbeftqmyc/Build/Intermediates.noindex/Pods.build/Debug-iphonesimulator/RNScreens.build/Objects-normal/arm64/RNScreens_const_extract_protocols.json (in target 'RNScreens' from project 'Pods')
    cd /Users/sparkles/Documents/CodingFiles/FullStack/expensioApp/frontend/ios/Pods
    write-file /Users/sparkles/Library/Developer/Xcode/DerivedData/Expensio-futtgngxcysvvhcljmosbeftqmyc/Build/Intermediates.noindex/Pods.build/Debug-iphonesimulator/RNScreens.build/Objects-normal/arm64/RNScreens_const_extract_protocols.json

WriteAuxiliaryFile /Users/sparkles/Library/Developer/Xcode/DerivedData/Expensio-futtgngxcysvvhcljmosbeftqmyc/Build/Intermediates.noindex/Pods.build/Debug-iphonesimulator/RNScreens.build/Objects-normal/arm64/RNScreens.SwiftFileList (in target 'RNScreens' from project 'Pods')
    cd /Users/sparkles/Documents/CodingFiles/FullStack/expensioApp/frontend/ios/Pods
    write-file /Users/sparkles/Library/Developer/Xcode/DerivedData/Expensio-futtgngxcysvvhcljmosbeftqmyc/Build/Intermediates.noindex/Pods.build/Debug-iphonesimulator/RNScreens.build/Objects-normal/arm64/RNScreens.SwiftFileList

WriteAuxiliaryFile /Users/sparkles/Library/Developer/Xcode/DerivedData/Expensio-futtgngxcysvvhcljmosbeftqmyc/Build/Intermediates.noindex/Pods.build/Debug-iphonesimulator/RNScreens.build/Objects-normal/arm64/RNScreens.SwiftConstValuesFileList (in target 'RNScreens' from project 'Pods')
    cd /Users/sparkles/Documents/CodingFiles/FullStack/expensioApp/frontend/ios/Pods
    write-file /Users/sparkles/Library/Developer/Xcode/DerivedData/Expensio-futtgngxcysvvhcljmosbeftqmyc/Build/Intermediates.noindex/Pods.build/Debug-iphonesimulator/RNScreens.build/Objects-normal/arm64/RNScreens.SwiftConstValuesFileList

WriteAuxiliaryFile /Users/sparkles/Library/Developer/Xcode/DerivedData/Expensio-futtgngxcysvvhcljmosbeftqmyc/Build/Intermediates.noindex/Pods.build/Debug-iphonesimulator/RNScreens.build/Objects-normal/arm64/RNScreens.LinkFileList (in target 'RNScreens' from project 'Pods')
    cd /Users/sparkles/Documents/CodingFiles/FullStack/expensioApp/frontend/ios/Pods
    write-file /Users/sparkles/Library/Developer/Xcode/DerivedData/Expensio-futtgngxcysvvhcljmosbeftqmyc/Build/Intermediates.noindex/Pods.build/Debug-iphonesimulator/RNScreens.build/Objects-normal/arm64/RNScreens.LinkFileList

WriteAuxiliaryFile /Users/sparkles/Library/Developer/Xcode/DerivedData/Expensio-futtgngxcysvvhcljmosbeftqmyc/Build/Intermediates.noindex/Pods.build/Debug-iphonesimulator/RNScreens.build/Objects-normal/arm64/RNScreens-OutputFileMap.json (in target 'RNScreens' from project 'Pods')
    cd /Users/sparkles/Documents/CodingFiles/FullStack/expensioApp/frontend/ios/Pods
    write-file /Users/sparkles/Library/Developer/Xcode/DerivedData/Expensio-futtgngxcysvvhcljmosbeftqmyc/Build/Intermediates.noindex/Pods.build/Debug-iphonesimulator/RNScreens.build/Objects-normal/arm64/RNScreens-OutputFileMap.json

WriteAuxiliaryFile /Users/sparkles/Library/Developer/Xcode/DerivedData/Expensio-futtgngxcysvvhcljmosbeftqmyc/Build/Intermediates.noindex/Pods.build/Debug-iphonesimulator/RNScreens.build/Objects-normal/arm64/82b82416624d2658e5098eb0a28c15c5-common-args.resp (in target 'RNScreens' from project 'Pods')
    cd /Users/sparkles/Documents/CodingFiles/FullStack/expensioApp/frontend/ios/Pods
    write-file /Users/sparkles/Library/Developer/Xcode/DerivedData/Expensio-futtgngxcysvvhcljmosbeftqmyc/Build/Intermediates.noindex/Pods.build/Debug-iphonesimulator/RNScreens.build/Objects-normal/arm64/82b82416624d2658e5098eb0a28c15c5-common-args.resp
'-std=c++20' '-stdlib=libc++' -fmodules -fno-cxx-modules '-fmodules-cache-path=/Users/sparkles/Library/Developer/Xcode/DerivedData/ModuleCache.noindex' '-D_LIBCPP_HARDENING_MODE=_LIBCPP_HARDENING_MODE_DEBUG' -fpascal-strings -O0 -fno-common '-DPOD_CONFIGURATION_DEBUG=1' '-DDEBUG=1' '-DCOCOAPODS=1' -g -iquote /Users/sparkles/Library/Developer/Xcode/DerivedData/Expensio-futtgngxcysvvhcljmosbeftqmyc/Build/Intermediates.noindex/Pods.build/Debug-iphonesimulator/RNScreens.build/RNScreens-generated-files.hmap -I/Users/sparkles/Library/Developer/Xcode/DerivedData/Expensio-futtgngxcysvvhcljmosbeftqmyc/Build/Intermediates.noindex/Pods.build/Debug-iphonesimulator/RNScreens.build/RNScreens-own-target-headers.hmap -I/Users/sparkles/Library/Developer/Xcode/DerivedData/Expensio-futtgngxcysvvhcljmosbeftqmyc/Build/Intermediates.noindex/Pods.build/Debug-iphonesimulator/RNScreens.build/RNScreens-all-non-framework-target-headers.hmap -ivfsoverlay /Users/sparkles/Library/Developer/Xcode/DerivedData/Expensio-futtgngxcysvvhcljmosbeftqmyc/Build/Intermediates.noindex/Pods.build/Debug-iphonesimulator/Pods-8699adb1dd336b26511df848a716bd42-VFS-iphonesimulator/all-product-headers.yaml -iquote /Users/sparkles/Library/Developer/Xcode/DerivedData/Expensio-futtgngxcysvvhcljmosbeftqmyc/Build/Intermediates.noindex/Pods.build/Debug-iphonesimulator/RNScreens.build/RNScreens-project-headers.hmap -I/Users/sparkles/Library/Developer/Xcode/DerivedData/Expensio-futtgngxcysvvhcljmosbeftqmyc/Build/Products/Debug-iphonesimulator/RNScreens/include -I/Users/sparkles/Documents/CodingFiles/FullStack/expensioApp/frontend/ios/Pods/Headers/Private -I/Users/sparkles/Documents/CodingFiles/FullStack/expensioApp/frontend/ios/Pods/Headers/Private/RNScreens -I/Users/sparkles/Documents/CodingFiles/FullStack/expensioApp/frontend/ios/Pods/Headers/Public -I/Users/sparkles/Documents/CodingFiles/FullStack/expensioApp/frontend/ios/Pods/Headers/Public/FBLazyVector -I/Users/sparkles/Documents/CodingFiles/FullStack/expensioApp/frontend/ios/Pods/Headers/Public/RCTRequired -I/Users/sparkles/Documents/CodingFiles/FullStack/expensioApp/frontend/ios/Pods/Headers/Public/RCTSwiftUIWrapper -I/Users/sparkles/Documents/CodingFiles/FullStack/expensioApp/frontend/ios/Pods/Headers/Public/RCTTypeSafety -I/Users/sparkles/Documents/CodingFiles/FullStack/expensioApp/frontend/ios/Pods/Headers/Public/RNScreens -I/Users/sparkles/Documents/CodingFiles/FullStack/expensioApp/frontend/ios/Pods/Headers/Public/React-Core -I/Users/sparkles/Documents/CodingFiles/FullStack/expensioApp/frontend/ios/Pods/Headers/Public/React-Core-prebuilt -I/Users/sparkles/Documents/CodingFiles/FullStack/expensioApp/frontend/ios/Pods/Headers/Public/React-CoreModules -I/Users/sparkles/Documents/CodingFiles/FullStack/expensioApp/frontend/ios/Pods/Headers/Public/React-Fabric -I/Users/sparkles/Documents/CodingFiles/FullStack/expensioApp/frontend/ios/Pods/Headers/Public/React-FabricComponents -I/Users/sparkles/Documents/CodingFiles/FullStack/expensioApp/frontend/ios/Pods/Headers/Public/React-FabricImage -I/Users/sparkles/Documents/CodingFiles/FullStack/expensioApp/frontend/ios/Pods/Headers/Public/React-ImageManager -I/Users/sparkles/Documents/CodingFiles/FullStack/expensioApp/frontend/ios/Pods/Headers/Public/React-Mapbuffer -I/Users/sparkles/Documents/CodingFiles/FullStack/expensioApp/frontend/ios/Pods/Headers/Public/React-NativeModulesApple -I/Users/sparkles/Documents/CodingFiles/FullStack/expensioApp/frontend/ios/Pods/Headers/Public/React-RCTAnimation -I/Users/sparkles/Documents/CodingFiles/FullStack/expensioApp/frontend/ios/Pods/Headers/Public/React-RCTBlob -I/Users/sparkles/Documents/CodingFiles/FullStack/expensioApp/frontend/ios/Pods/Headers/Public/React-RCTFBReactNativeSpec -I/Users/sparkles/Documents/CodingFiles/FullStack/expensioApp/frontend/ios/Pods/Headers/Public/React-RCTFabric -I/Users/sparkles/Documents/CodingFiles/FullStack/expensioApp/frontend/ios/Pods/Headers/Public/React-RCTImage -I/Users/sparkles/Documents/CodingFiles/FullStack/expensioApp/frontend/ios/Pods/Headers/Public/React-RCTRuntime -I/Users/sparkles/Documents/CodingFiles/FullStack/expensioApp/frontend/ios/Pods/Headers/Public/React-RCTText -I/Users/sparkles/Documents/CodingFiles/FullStack/expensioApp/frontend/ios/Pods/Headers/Public/React-RuntimeApple -I/Users/sparkles/Documents/CodingFiles/FullStack/expensioApp/frontend/ios/Pods/Headers/Public/React-RuntimeCore -I/Users/sparkles/Documents/CodingFiles/FullStack/expensioApp/frontend/ios/Pods/Headers/Public/React-RuntimeHermes -I/Users/sparkles/Documents/CodingFiles/FullStack/expensioApp/frontend/ios/Pods/Headers/Public/React-callinvoker -I/Users/sparkles/Documents/CodingFiles/FullStack/expensioApp/frontend/ios/Pods/Headers/Public/React-cxxreact -I/Users/sparkles/Documents/CodingFiles/FullStack/expensioApp/frontend/ios/Pods/Headers/Public/React-debug -I/Users/sparkles/Documents/CodingFiles/FullStack/expensioApp/frontend/ios/Pods/Headers/Public/React-defaultsnativemodule -I/Users/sparkles/Documents/CodingFiles/FullStack/expensioApp/frontend/ios/Pods/Headers/Public/React-domnativemodule -I/Users/sparkles/Documents/CodingFiles/FullStack/expensioApp/frontend/ios/Pods/Headers/Public/React-featureflags -I/Users/sparkles/Documents/CodingFiles/FullStack/expensioApp/frontend/ios/Pods/Headers/Public/React-featureflagsnativemodule -I/Users/sparkles/Documents/CodingFiles/FullStack/expensioApp/frontend/ios/Pods/Headers/Public/React-graphics -I/Users/sparkles/Documents/CodingFiles/FullStack/expensioApp/frontend/ios/Pods/Headers/Public/React-hermes -I/Users/sparkles/Documents/CodingFiles/FullStack/expensioApp/frontend/ios/Pods/Headers/Public/React-idlecallbacksnativemodule -I/Users/sparkles/Documents/CodingFiles/FullStack/expensioApp/frontend/ios/Pods/Headers/Public/React-intersectionobservernativemodule -I/Users/sparkles/Documents/CodingFiles/FullStack/expensioApp/frontend/ios/Pods/Headers/Public/React-jserrorhandler -I/Users/sparkles/Documents/CodingFiles/FullStack/expensioApp/frontend/ios/Pods/Headers/Public/React-jsi -I/Users/sparkles/Documents/CodingFiles/FullStack/expensioApp/frontend/ios/Pods/Headers/Public/React-jsiexecutor -I/Users/sparkles/Documents/CodingFiles/FullStack/expensioApp/frontend/ios/Pods/Headers/Public/React-jsinspector -I/Users/sparkles/Documents/CodingFiles/FullStack/expensioApp/frontend/ios/Pods/Headers/Public/React-jsinspectorcdp -I/Users/sparkles/Documents/CodingFiles/FullStack/expensioApp/frontend/ios/Pods/Headers/Public/React-jsinspectornetwork -I/Users/sparkles/Documents/CodingFiles/FullStack/expensioApp/frontend/ios/Pods/Headers/Public/React-jsinspectortracing -I/Users/sparkles/Documents/CodingFiles/FullStack/expensioApp/frontend/ios/Pods/Headers/Public/React-jsitooling -I/Users/sparkles/Documents/CodingFiles/FullStack/expensioApp/frontend/ios/Pods/Headers/Public/React-logger -I/Users/sparkles/Documents/CodingFiles/FullStack/expensioApp/frontend/ios/Pods/Headers/Public/React-microtasksnativemodule -I/Users/sparkles/Documents/CodingFiles/FullStack/expensioApp/frontend/ios/Pods/Headers/Public/React-mutationobservernativemodule -I/Users/sparkles/Documents/CodingFiles/FullStack/expensioApp/frontend/ios/Pods/Headers/Public/React-networking -I/Users/sparkles/Documents/CodingFiles/FullStack/expensioApp/frontend/ios/Pods/Headers/Public/React-oscompat -I/Users/sparkles/Documents/CodingFiles/FullStack/expensioApp/frontend/ios/Pods/Headers/Public/React-perflogger -I/Users/sparkles/Documents/CodingFiles/FullStack/expensioApp/frontend/ios/Pods/Headers/Public/React-performancecdpmetrics -I/Users/sparkles/Documents/CodingFiles/FullStack/expensioApp/frontend/ios/Pods/Headers/Public/React-performancetimeline -I/Users/sparkles/Documents/CodingFiles/FullStack/expensioApp/frontend/ios/Pods/Headers/Public/React-rendererconsistency -I/Users/sparkles/Documents/CodingFiles/FullStack/expensioApp/frontend/ios/Pods/Headers/Public/React-renderercss -I/Users/sparkles/Documents/CodingFiles/FullStack/expensioApp/frontend/ios/Pods/Headers/Public/React-rendererdebug -I/Users/sparkles/Documents/CodingFiles/FullStack/expensioApp/frontend/ios/Pods/Headers/Public/React-runtimeexecutor -I/Users/sparkles/Documents/CodingFiles/FullStack/expensioApp/frontend/ios/Pods/Headers/Public/React-runtimescheduler -I/Users/sparkles/Documents/CodingFiles/FullStack/expensioApp/frontend/ios/Pods/Headers/Public/React-timing -I/Users/sparkles/Documents/CodingFiles/FullStack/expensioApp/frontend/ios/Pods/Headers/Public/React-utils -I/Users/sparkles/Documents/CodingFiles/FullStack/expensioApp/frontend/ios/Pods/Headers/Public/React-viewtransitionnativemodule -I/Users/sparkles/Documents/CodingFiles/FullStack/expensioApp/frontend/ios/Pods/Headers/Public/React-webperformancenativemodule -I/Users/sparkles/Documents/CodingFiles/FullStack/expensioApp/frontend/ios/Pods/Headers/Public/ReactCodegen -I/Users/sparkles/Documents/CodingFiles/FullStack/expensioApp/frontend/ios/Pods/Headers/Public/ReactCommon -I/Users/sparkles/Documents/CodingFiles/FullStack/expensioApp/frontend/ios/Pods/Headers/Public/ReactNativeDependencies -I/Users/sparkles/Documents/CodingFiles/FullStack/expensioApp/frontend/ios/Pods/Headers/Public/Yoga -I/Users/sparkles/Documents/CodingFiles/FullStack/expensioApp/frontend/ios/Pods/Headers/Public/hermes-engine -I/Users/sparkles/Documents/CodingFiles/FullStack/expensioApp/frontend/ios/Pods/Headers/Private/Yoga -I/Users/sparkles/Documents/CodingFiles/FullStack/expensioApp/frontend/ios/Pods/Headers/Private/Yoga -I/Users/sparkles/Documents/CodingFiles/FullStack/expensioApp/frontend/node_modules/react-native-screens/common/cpp -I/Users/sparkles/Documents/CodingFiles/FullStack/expensioApp/frontend/ios/Pods/ExpoModulesCore/ExpoModulesCore.xcframework/ios-arm64_x86_64-simulator/ExpoModulesCore.framework/Headers -I/Users/sparkles/Documents/CodingFiles/FullStack/expensioApp/frontend/ios/Pods/ExpoModulesCore/ExpoModulesCore.xcframework/ios-arm64/ExpoModulesCore.framework/Headers -I/Users/sparkles/Documents/CodingFiles/FullStack/expensioApp/frontend/ios/Pods/ExpoModulesCore/ExpoModulesCore.xcframework/ios-arm64_x86_64-simulator/ExpoModulesCore.framework/Headers -I/Users/sparkles/Documents/CodingFiles/FullStack/expensioApp/frontend/ios/Pods/ExpoModulesCore/ExpoModulesCore.xcframework/ios-arm64/ExpoModulesCore.framework/Headers -I/Users/sparkles/Library/Developer/Xcode/DerivedData/Expensio-futtgngxcysvvhcljmosbeftqmyc/Build/Intermediates.noindex/Pods.build/Debug-iphonesimulator/RNScreens.build/DerivedSources-normal/arm64 -I/Users/sparkles/Library/Developer/Xcode/DerivedData/Expensio-futtgngxcysvvhcljmosbeftqmyc/Build/Intermediates.noindex/Pods.build/Debug-iphonesimulator/RNScreens.build/DerivedSources/arm64 -I/Users/sparkles/Library/Developer/Xcode/DerivedData/Expensio-futtgngxcysvvhcljmosbeftqmyc/Build/Intermediates.noindex/Pods.build/Debug-iphonesimulator/RNScreens.build/DerivedSources -F/Users/sparkles/Library/Developer/Xcode/DerivedData/Expensio-futtgngxcysvvhcljmosbeftqmyc/Build/Products/Debug-iphonesimulator/RNScreens -F/Users/sparkles/Documents/CodingFiles/FullStack/expensioApp/frontend/ios/Pods/React-Core-prebuilt -F/Users/sparkles/Documents/CodingFiles/FullStack/expensioApp/frontend/ios/Pods/ReactNativeDependencies/framework/packages/react-native -F/Users/sparkles/Documents/CodingFiles/FullStack/expensioApp/frontend/ios/Pods/hermes-engine/destroot/Library/Frameworks/universal -F/Users/sparkles/Library/Developer/Xcode/DerivedData/Expensio-futtgngxcysvvhcljmosbeftqmyc/Build/Products/Debug-iphonesimulator/XCFrameworkIntermediates/React-Core-prebuilt -F/Users/sparkles/Library/Developer/Xcode/DerivedData/Expensio-futtgngxcysvvhcljmosbeftqmyc/Build/Products/Debug-iphonesimulator/XCFrameworkIntermediates/ReactNativeDependencies -F/Users/sparkles/Library/Developer/Xcode/DerivedData/Expensio-futtgngxcysvvhcljmosbeftqmyc/Build/Products/Debug-iphonesimulator/XCFrameworkIntermediates/hermes-engine/Pre-built '-DRCT_REMOVE_LEGACY_ARCH=1' '-fmodule-map-file=/Users/sparkles/Documents/CodingFiles/FullStack/expensioApp/frontend/ios/Pods/Headers/Public/ReactCodegen/ReactCodegen.modulemap' '-DRCT_REMOVE_LEGACY_ARCH=1' -ivfsoverlay /Users/sparkles/Documents/CodingFiles/FullStack/expensioApp/frontend/ios/Pods/React-Core-prebuilt/React-VFS.yaml '-DRCT_REMOVE_LEGACY_ARCH=1' '-DRCT_NEW_ARCH_ENABLED=1' -ivfsoverlay /Users/sparkles/Documents/CodingFiles/FullStack/expensioApp/frontend/ios/Pods/React-Core-prebuilt/React-VFS.yaml

WriteAuxiliaryFile /Users/sparkles/Library/Developer/Xcode/DerivedData/Expensio-futtgngxcysvvhcljmosbeftqmyc/Build/Intermediates.noindex/Pods.build/Debug-iphonesimulator/RNSVG-RNSVGFilters.build/RNSVGFilters.hmap (in target 'RNSVG-RNSVGFilters' from project 'Pods')
    cd /Users/sparkles/Documents/CodingFiles/FullStack/expensioApp/frontend/ios/Pods
    write-file /Users/sparkles/Library/Developer/Xcode/DerivedData/Expensio-futtgngxcysvvhcljmosbeftqmyc/Build/Intermediates.noindex/Pods.build/Debug-iphonesimulator/RNSVG-RNSVGFilters.build/RNSVGFilters.hmap

WriteAuxiliaryFile /Users/sparkles/Library/Developer/Xcode/DerivedData/Expensio-futtgngxcysvvhcljmosbeftqmyc/Build/Intermediates.noindex/Pods.build/Debug-iphonesimulator/RNSVG-RNSVGFilters.build/RNSVGFilters.DependencyStaticMetadataFileList (in target 'RNSVG-RNSVGFilters' from project 'Pods')
    cd /Users/sparkles/Documents/CodingFiles/FullStack/expensioApp/frontend/ios/Pods
    write-file /Users/sparkles/Library/Developer/Xcode/DerivedData/Expensio-futtgngxcysvvhcljmosbeftqmyc/Build/Intermediates.noindex/Pods.build/Debug-iphonesimulator/RNSVG-RNSVGFilters.build/RNSVGFilters.DependencyStaticMetadataFileList

WriteAuxiliaryFile /Users/sparkles/Library/Developer/Xcode/DerivedData/Expensio-futtgngxcysvvhcljmosbeftqmyc/Build/Intermediates.noindex/Pods.build/Debug-iphonesimulator/RNSVG-RNSVGFilters.build/RNSVGFilters.DependencyMetadataFileList (in target 'RNSVG-RNSVGFilters' from project 'Pods')
    cd /Users/sparkles/Documents/CodingFiles/FullStack/expensioApp/frontend/ios/Pods
    write-file /Users/sparkles/Library/Developer/Xcode/DerivedData/Expensio-futtgngxcysvvhcljmosbeftqmyc/Build/Intermediates.noindex/Pods.build/Debug-iphonesimulator/RNSVG-RNSVGFilters.build/RNSVGFilters.DependencyMetadataFileList

WriteAuxiliaryFile /Users/sparkles/Library/Developer/Xcode/DerivedData/Expensio-futtgngxcysvvhcljmosbeftqmyc/Build/Intermediates.noindex/Pods.build/Debug-iphonesimulator/RNSVG-RNSVGFilters.build/RNSVGFilters-project-headers.hmap (in target 'RNSVG-RNSVGFilters' from project 'Pods')
    cd /Users/sparkles/Documents/CodingFiles/FullStack/expensioApp/frontend/ios/Pods
    write-file /Users/sparkles/Library/Developer/Xcode/DerivedData/Expensio-futtgngxcysvvhcljmosbeftqmyc/Build/Intermediates.noindex/Pods.build/Debug-iphonesimulator/RNSVG-RNSVGFilters.build/RNSVGFilters-project-headers.hmap

WriteAuxiliaryFile /Users/sparkles/Library/Developer/Xcode/DerivedData/Expensio-futtgngxcysvvhcljmosbeftqmyc/Build/Intermediates.noindex/Pods.build/Debug-iphonesimulator/RNSVG-RNSVGFilters.build/RNSVGFilters-own-target-headers.hmap (in target 'RNSVG-RNSVGFilters' from project 'Pods')
    cd /Users/sparkles/Documents/CodingFiles/FullStack/expensioApp/frontend/ios/Pods
    write-file /Users/sparkles/Library/Developer/Xcode/DerivedData/Expensio-futtgngxcysvvhcljmosbeftqmyc/Build/Intermediates.noindex/Pods.build/Debug-iphonesimulator/RNSVG-RNSVGFilters.build/RNSVGFilters-own-target-headers.hmap

WriteAuxiliaryFile /Users/sparkles/Library/Developer/Xcode/DerivedData/Expensio-futtgngxcysvvhcljmosbeftqmyc/Build/Intermediates.noindex/Pods.build/Debug-iphonesimulator/RNSVG-RNSVGFilters.build/RNSVGFilters-all-target-headers.hmap (in target 'RNSVG-RNSVGFilters' from project 'Pods')
    cd /Users/sparkles/Documents/CodingFiles/FullStack/expensioApp/frontend/ios/Pods
    write-file /Users/sparkles/Library/Developer/Xcode/DerivedData/Expensio-futtgngxcysvvhcljmosbeftqmyc/Build/Intermediates.noindex/Pods.build/Debug-iphonesimulator/RNSVG-RNSVGFilters.build/RNSVGFilters-all-target-headers.hmap

WriteAuxiliaryFile /Users/sparkles/Library/Developer/Xcode/DerivedData/Expensio-futtgngxcysvvhcljmosbeftqmyc/Build/Intermediates.noindex/Pods.build/Debug-iphonesimulator/RNSVG-RNSVGFilters.build/RNSVGFilters-generated-files.hmap (in target 'RNSVG-RNSVGFilters' from project 'Pods')
    cd /Users/sparkles/Documents/CodingFiles/FullStack/expensioApp/frontend/ios/Pods
    write-file /Users/sparkles/Library/Developer/Xcode/DerivedData/Expensio-futtgngxcysvvhcljmosbeftqmyc/Build/Intermediates.noindex/Pods.build/Debug-iphonesimulator/RNSVG-RNSVGFilters.build/RNSVGFilters-generated-files.hmap

WriteAuxiliaryFile /Users/sparkles/Library/Developer/Xcode/DerivedData/Expensio-futtgngxcysvvhcljmosbeftqmyc/Build/Intermediates.noindex/Pods.build/Debug-iphonesimulator/RNSVG-RNSVGFilters.build/RNSVGFilters-all-non-framework-target-headers.hmap (in target 'RNSVG-RNSVGFilters' from project 'Pods')
    cd /Users/sparkles/Documents/CodingFiles/FullStack/expensioApp/frontend/ios/Pods
    write-file /Users/sparkles/Library/Developer/Xcode/DerivedData/Expensio-futtgngxcysvvhcljmosbeftqmyc/Build/Intermediates.noindex/Pods.build/Debug-iphonesimulator/RNSVG-RNSVGFilters.build/RNSVGFilters-all-non-framework-target-headers.hmap

WriteAuxiliaryFile /Users/sparkles/Library/Developer/Xcode/DerivedData/Expensio-futtgngxcysvvhcljmosbeftqmyc/Build/Intermediates.noindex/Pods.build/Debug-iphonesimulator/RNSVG.build/RNSVG.hmap (in target 'RNSVG' from project 'Pods')
    cd /Users/sparkles/Documents/CodingFiles/FullStack/expensioApp/frontend/ios/Pods
    write-file /Users/sparkles/Library/Developer/Xcode/DerivedData/Expensio-futtgngxcysvvhcljmosbeftqmyc/Build/Intermediates.noindex/Pods.build/Debug-iphonesimulator/RNSVG.build/RNSVG.hmap

WriteAuxiliaryFile /Users/sparkles/Library/Developer/Xcode/DerivedData/Expensio-futtgngxcysvvhcljmosbeftqmyc/Build/Intermediates.noindex/Pods.build/Debug-iphonesimulator/RNSVG.build/RNSVG.DependencyStaticMetadataFileList (in target 'RNSVG' from project 'Pods')
    cd /Users/sparkles/Documents/CodingFiles/FullStack/expensioApp/frontend/ios/Pods
    write-file /Users/sparkles/Library/Developer/Xcode/DerivedData/Expensio-futtgngxcysvvhcljmosbeftqmyc/Build/Intermediates.noindex/Pods.build/Debug-iphonesimulator/RNSVG.build/RNSVG.DependencyStaticMetadataFileList

WriteAuxiliaryFile /Users/sparkles/Library/Developer/Xcode/DerivedData/Expensio-futtgngxcysvvhcljmosbeftqmyc/Build/Intermediates.noindex/Pods.build/Debug-iphonesimulator/RNSVG.build/RNSVG.DependencyMetadataFileList (in target 'RNSVG' from project 'Pods')
    cd /Users/sparkles/Documents/CodingFiles/FullStack/expensioApp/frontend/ios/Pods
    write-file /Users/sparkles/Library/Developer/Xcode/DerivedData/Expensio-futtgngxcysvvhcljmosbeftqmyc/Build/Intermediates.noindex/Pods.build/Debug-iphonesimulator/RNSVG.build/RNSVG.DependencyMetadataFileList

WriteAuxiliaryFile /Users/sparkles/Library/Developer/Xcode/DerivedData/Expensio-futtgngxcysvvhcljmosbeftqmyc/Build/Intermediates.noindex/Pods.build/Debug-iphonesimulator/RNSVG.build/RNSVG-project-headers.hmap (in target 'RNSVG' from project 'Pods')
    cd /Users/sparkles/Documents/CodingFiles/FullStack/expensioApp/frontend/ios/Pods
    write-file /Users/sparkles/Library/Developer/Xcode/DerivedData/Expensio-futtgngxcysvvhcljmosbeftqmyc/Build/Intermediates.noindex/Pods.build/Debug-iphonesimulator/RNSVG.build/RNSVG-project-headers.hmap

WriteAuxiliaryFile /Users/sparkles/Library/Developer/Xcode/DerivedData/Expensio-futtgngxcysvvhcljmosbeftqmyc/Build/Intermediates.noindex/Pods.build/Debug-iphonesimulator/RNSVG.build/RNSVG-own-target-headers.hmap (in target 'RNSVG' from project 'Pods')
    cd /Users/sparkles/Documents/CodingFiles/FullStack/expensioApp/frontend/ios/Pods
    write-file /Users/sparkles/Library/Developer/Xcode/DerivedData/Expensio-futtgngxcysvvhcljmosbeftqmyc/Build/Intermediates.noindex/Pods.build/Debug-iphonesimulator/RNSVG.build/RNSVG-own-target-headers.hmap

WriteAuxiliaryFile /Users/sparkles/Library/Developer/Xcode/DerivedData/Expensio-futtgngxcysvvhcljmosbeftqmyc/Build/Intermediates.noindex/Pods.build/Debug-iphonesimulator/RNSVG.build/RNSVG-generated-files.hmap (in target 'RNSVG' from project 'Pods')
    cd /Users/sparkles/Documents/CodingFiles/FullStack/expensioApp/frontend/ios/Pods
    write-file /Users/sparkles/Library/Developer/Xcode/DerivedData/Expensio-futtgngxcysvvhcljmosbeftqmyc/Build/Intermediates.noindex/Pods.build/Debug-iphonesimulator/RNSVG.build/RNSVG-generated-files.hmap

WriteAuxiliaryFile /Users/sparkles/Library/Developer/Xcode/DerivedData/Expensio-futtgngxcysvvhcljmosbeftqmyc/Build/Intermediates.noindex/Pods.build/Debug-iphonesimulator/RNSVG.build/RNSVG-all-target-headers.hmap (in target 'RNSVG' from project 'Pods')
    cd /Users/sparkles/Documents/CodingFiles/FullStack/expensioApp/frontend/ios/Pods
    write-file /Users/sparkles/Library/Developer/Xcode/DerivedData/Expensio-futtgngxcysvvhcljmosbeftqmyc/Build/Intermediates.noindex/Pods.build/Debug-iphonesimulator/RNSVG.build/RNSVG-all-target-headers.hmap

WriteAuxiliaryFile /Users/sparkles/Library/Developer/Xcode/DerivedData/Expensio-futtgngxcysvvhcljmosbeftqmyc/Build/Intermediates.noindex/Pods.build/Debug-iphonesimulator/RNSVG.build/RNSVG-all-non-framework-target-headers.hmap (in target 'RNSVG' from project 'Pods')
    cd /Users/sparkles/Documents/CodingFiles/FullStack/expensioApp/frontend/ios/Pods
    write-file /Users/sparkles/Library/Developer/Xcode/DerivedData/Expensio-futtgngxcysvvhcljmosbeftqmyc/Build/Intermediates.noindex/Pods.build/Debug-iphonesimulator/RNSVG.build/RNSVG-all-non-framework-target-headers.hmap

WriteAuxiliaryFile /Users/sparkles/Library/Developer/Xcode/DerivedData/Expensio-futtgngxcysvvhcljmosbeftqmyc/Build/Intermediates.noindex/Pods.build/Debug-iphonesimulator/RNSVG.build/Objects-normal/x86_64/e6072d4f65d7061329687fe24e3d63a7-common-args.resp (in target 'RNSVG' from project 'Pods')
    cd /Users/sparkles/Documents/CodingFiles/FullStack/expensioApp/frontend/ios/Pods
    write-file /Users/sparkles/Library/Developer/Xcode/DerivedData/Expensio-futtgngxcysvvhcljmosbeftqmyc/Build/Intermediates.noindex/Pods.build/Debug-iphonesimulator/RNSVG.build/Objects-normal/x86_64/e6072d4f65d7061329687fe24e3d63a7-common-args.resp
'-std=gnu11' -fobjc-arc -fmodules '-fmodules-cache-path=/Users/sparkles/Library/Developer/Xcode/DerivedData/ModuleCache.noindex' -fpascal-strings -O0 -fno-common '-DPOD_CONFIGURATION_DEBUG=1' '-DDEBUG=1' '-DCOCOAPODS=1' '-DOBJC_OLD_DISPATCH_PROTOTYPES=0' -fasm-blocks -g '-fobjc-abi-version=2' -fobjc-legacy-dispatch -iquote /Users/sparkles/Library/Developer/Xcode/DerivedData/Expensio-futtgngxcysvvhcljmosbeftqmyc/Build/Intermediates.noindex/Pods.build/Debug-iphonesimulator/RNSVG.build/RNSVG-generated-files.hmap -I/Users/sparkles/Library/Developer/Xcode/DerivedData/Expensio-futtgngxcysvvhcljmosbeftqmyc/Build/Intermediates.noindex/Pods.build/Debug-iphonesimulator/RNSVG.build/RNSVG-own-target-headers.hmap -I/Users/sparkles/Library/Developer/Xcode/DerivedData/Expensio-futtgngxcysvvhcljmosbeftqmyc/Build/Intermediates.noindex/Pods.build/Debug-iphonesimulator/RNSVG.build/RNSVG-all-non-framework-target-headers.hmap -ivfsoverlay /Users/sparkles/Library/Developer/Xcode/DerivedData/Expensio-futtgngxcysvvhcljmosbeftqmyc/Build/Intermediates.noindex/Pods.build/Debug-iphonesimulator/Pods-8699adb1dd336b26511df848a716bd42-VFS-iphonesimulator/all-product-headers.yaml -iquote /Users/sparkles/Library/Developer/Xcode/DerivedData/Expensio-futtgngxcysvvhcljmosbeftqmyc/Build/Intermediates.noindex/Pods.build/Debug-iphonesimulator/RNSVG.build/RNSVG-project-headers.hmap -I/Users/sparkles/Library/Developer/Xcode/DerivedData/Expensio-futtgngxcysvvhcljmosbeftqmyc/Build/Products/Debug-iphonesimulator/RNSVG/include -I/Users/sparkles/Documents/CodingFiles/FullStack/expensioApp/frontend/ios/Pods/Headers/Private -I/Users/sparkles/Documents/CodingFiles/FullStack/expensioApp/frontend/ios/Pods/Headers/Private/RNSVG -I/Users/sparkles/Documents/CodingFiles/FullStack/expensioApp/frontend/ios/Pods/Headers/Public -I/Users/sparkles/Documents/CodingFiles/FullStack/expensioApp/frontend/ios/Pods/Headers/Public/FBLazyVector -I/Users/sparkles/Documents/CodingFiles/FullStack/expensioApp/frontend/ios/Pods/Headers/Public/RCTDeprecation -I/Users/sparkles/Documents/CodingFiles/FullStack/expensioApp/frontend/ios/Pods/Headers/Public/RCTRequired -I/Users/sparkles/Documents/CodingFiles/FullStack/expensioApp/frontend/ios/Pods/Headers/Public/RCTSwiftUIWrapper -I/Users/sparkles/Documents/CodingFiles/FullStack/expensioApp/frontend/ios/Pods/Headers/Public/RCTTypeSafety -I/Users/sparkles/Documents/CodingFiles/FullStack/expensioApp/frontend/ios/Pods/Headers/Public/RNSVG -I/Users/sparkles/Documents/CodingFiles/FullStack/expensioApp/frontend/ios/Pods/Headers/Public/React-Core -I/Users/sparkles/Documents/CodingFiles/FullStack/expensioApp/frontend/ios/Pods/Headers/Public/React-Core-prebuilt -I/Users/sparkles/Documents/CodingFiles/FullStack/expensioApp/frontend/ios/Pods/Headers/Public/React-CoreModules -I/Users/sparkles/Documents/CodingFiles/FullStack/expensioApp/frontend/ios/Pods/Headers/Public/React-Fabric -I/Users/sparkles/Documents/CodingFiles/FullStack/expensioApp/frontend/ios/Pods/Headers/Public/React-FabricComponents -I/Users/sparkles/Documents/CodingFiles/FullStack/expensioApp/frontend/ios/Pods/Headers/Public/React-FabricImage -I/Users/sparkles/Documents/CodingFiles/FullStack/expensioApp/frontend/ios/Pods/Headers/Public/React-ImageManager -I/Users/sparkles/Documents/CodingFiles/FullStack/expensioApp/frontend/ios/Pods/Headers/Public/React-Mapbuffer -I/Users/sparkles/Documents/CodingFiles/FullStack/expensioApp/frontend/ios/Pods/Headers/Public/React-NativeModulesApple -I/Users/sparkles/Documents/CodingFiles/FullStack/expensioApp/frontend/ios/Pods/Headers/Public/React-RCTAnimation -I/Users/sparkles/Documents/CodingFiles/FullStack/expensioApp/frontend/ios/Pods/Headers/Public/React-RCTAppDelegate -I/Users/sparkles/Documents/CodingFiles/FullStack/expensioApp/frontend/ios/Pods/Headers/Public/React-RCTBlob -I/Users/sparkles/Documents/CodingFiles/FullStack/expensioApp/frontend/ios/Pods/Headers/Public/React-RCTFBReactNativeSpec -I/Users/sparkles/Documents/CodingFiles/FullStack/expensioApp/frontend/ios/Pods/Headers/Public/React-RCTFabric -I/Users/sparkles/Documents/CodingFiles/FullStack/expensioApp/frontend/ios/Pods/Headers/Public/React-RCTImage -I/Users/sparkles/Documents/CodingFiles/FullStack/expensioApp/frontend/ios/Pods/Headers/Public/React-RCTRuntime -I/Users/sparkles/Documents/CodingFiles/FullStack/expensioApp/frontend/ios/Pods/Headers/Public/React-RCTText -I/Users/sparkles/Documents/CodingFiles/FullStack/expensioApp/frontend/ios/Pods/Headers/Public/React-RuntimeApple -I/Users/sparkles/Documents/CodingFiles/FullStack/expensioApp/frontend/ios/Pods/Headers/Public/React-RuntimeCore -I/Users/sparkles/Documents/CodingFiles/FullStack/expensioApp/frontend/ios/Pods/Headers/Public/React-RuntimeHermes -I/Users/sparkles/Documents/CodingFiles/FullStack/expensioApp/frontend/ios/Pods/Headers/Public/React-callinvoker -I/Users/sparkles/Documents/CodingFiles/FullStack/expensioApp/frontend/ios/Pods/Headers/Public/React-cxxreact -I/Users/sparkles/Documents/CodingFiles/FullStack/expensioApp/frontend/ios/Pods/Headers/Public/React-debug -I/Users/sparkles/Documents/CodingFiles/FullStack/expensioApp/frontend/ios/Pods/Headers/Public/React-defaultsnativemodule -I/Users/sparkles/Documents/CodingFiles/FullStack/expensioApp/frontend/ios/Pods/Headers/Public/React-domnativemodule -I/Users/sparkles/Documents/CodingFiles/FullStack/expensioApp/frontend/ios/Pods/Headers/Public/React-featureflags -I/Users/sparkles/Documents/CodingFiles/FullStack/expensioApp/frontend/ios/Pods/Headers/Public/React-featureflagsnativemodule -I/Users/sparkles/Documents/CodingFiles/FullStack/expensioApp/frontend/ios/Pods/Headers/Public/React-graphics -I/Users/sparkles/Documents/CodingFiles/FullStack/expensioApp/frontend/ios/Pods/Headers/Public/React-hermes -I/Users/sparkles/Documents/CodingFiles/FullStack/expensioApp/frontend/ios/Pods/Headers/Public/React-idlecallbacksnativemodule -I/Users/sparkles/Documents/CodingFiles/FullStack/expensioApp/frontend/ios/Pods/Headers/Public/React-intersectionobservernativemodule -I/Users/sparkles/Documents/CodingFiles/FullStack/expensioApp/frontend/ios/Pods/Headers/Public/React-jserrorhandler -I/Users/sparkles/Documents/CodingFiles/FullStack/expensioApp/frontend/ios/Pods/Headers/Public/React-jsi -I/Users/sparkles/Documents/CodingFiles/FullStack/expensioApp/frontend/ios/Pods/Headers/Public/React-jsiexecutor -I/Users/sparkles/Documents/CodingFiles/FullStack/expensioApp/frontend/ios/Pods/Headers/Public/React-jsinspector -I/Users/sparkles/Documents/CodingFiles/FullStack/expensioApp/frontend/ios/Pods/Headers/Public/React-jsinspectorcdp -I/Users/sparkles/Documents/CodingFiles/FullStack/expensioApp/frontend/ios/Pods/Headers/Public/React-jsinspectornetwork -I/Users/sparkles/Documents/CodingFiles/FullStack/expensioApp/frontend/ios/Pods/Headers/Public/React-jsinspectortracing -I/Users/sparkles/Documents/CodingFiles/FullStack/expensioApp/frontend/ios/Pods/Headers/Public/React-jsitooling -I/Users/sparkles/Documents/CodingFiles/FullStack/expensioApp/frontend/ios/Pods/Headers/Public/React-logger -I/Users/sparkles/Documents/CodingFiles/FullStack/expensioApp/frontend/ios/Pods/Headers/Public/React-microtasksnativemodule -I/Users/sparkles/Documents/CodingFiles/FullStack/expensioApp/frontend/ios/Pods/Headers/Public/React-mutationobservernativemodule -I/Users/sparkles/Documents/CodingFiles/FullStack/expensioApp/frontend/ios/Pods/Headers/Public/React-networking -I/Users/sparkles/Documents/CodingFiles/FullStack/expensioApp/frontend/ios/Pods/Headers/Public/React-oscompat -I/Users/sparkles/Documents/CodingFiles/FullStack/expensioApp/frontend/ios/Pods/Headers/Public/React-perflogger -I/Users/sparkles/Documents/CodingFiles/FullStack/expensioApp/frontend/ios/Pods/Headers/Public/React-performancecdpmetrics -I/Users/sparkles/Documents/CodingFiles/FullStack/expensioApp/frontend/ios/Pods/Headers/Public/React-performancetimeline -I/Users/sparkles/Documents/CodingFiles/FullStack/expensioApp/frontend/ios/Pods/Headers/Public/React-rendererconsistency -I/Users/sparkles/Documents/CodingFiles/FullStack/expensioApp/frontend/ios/Pods/Headers/Public/React-renderercss -I/Users/sparkles/Documents/CodingFiles/FullStack/expensioApp/frontend/ios/Pods/Headers/Public/React-rendererdebug -I/Users/sparkles/Documents/CodingFiles/FullStack/expensioApp/frontend/ios/Pods/Headers/Public/React-runtimeexecutor -I/Users/sparkles/Documents/CodingFiles/FullStack/expensioApp/frontend/ios/Pods/Headers/Public/React-runtimescheduler -I/Users/sparkles/Documents/CodingFiles/FullStack/expensioApp/frontend/ios/Pods/Headers/Public/React-timing -I/Users/sparkles/Documents/CodingFiles/FullStack/expensioApp/frontend/ios/Pods/Headers/Public/React-utils -I/Users/sparkles/Documents/CodingFiles/FullStack/expensioApp/frontend/ios/Pods/Headers/Public/React-viewtransitionnativemodule -I/Users/sparkles/Documents/CodingFiles/FullStack/expensioApp/frontend/ios/Pods/Headers/Public/React-webperformancenativemodule -I/Users/sparkles/Documents/CodingFiles/FullStack/expensioApp/frontend/ios/Pods/Headers/Public/ReactCodegen -I/Users/sparkles/Documents/CodingFiles/FullStack/expensioApp/frontend/ios/Pods/Headers/Public/ReactCommon -I/Users/sparkles/Documents/CodingFiles/FullStack/expensioApp/frontend/ios/Pods/Headers/Public/ReactNativeDependencies -I/Users/sparkles/Documents/CodingFiles/FullStack/expensioApp/frontend/ios/Pods/Headers/Public/Yoga -I/Users/sparkles/Documents/CodingFiles/FullStack/expensioApp/frontend/ios/Pods/Headers/Public/hermes-engine -I/Users/sparkles/Documents/CodingFiles/FullStack/expensioApp/frontend/ios/Pods/Headers/Private/Yoga -I/Users/sparkles/Documents/CodingFiles/FullStack/expensioApp/frontend/ios/Pods/Headers/Private/Yoga -I/Users/sparkles/Documents/CodingFiles/FullStack/expensioApp/frontend/node_modules/react-native-svg/common/cpp -I/Users/sparkles/Documents/CodingFiles/FullStack/expensioApp/frontend/ios/Pods/ExpoModulesCore/ExpoModulesCore.xcframework/ios-arm64_x86_64-simulator/ExpoModulesCore.framework/Headers -I/Users/sparkles/Documents/CodingFiles/FullStack/expensioApp/frontend/ios/Pods/ExpoModulesCore/ExpoModulesCore.xcframework/ios-arm64/ExpoModulesCore.framework/Headers -I/Users/sparkles/Documents/CodingFiles/FullStack/expensioApp/frontend/ios/Pods/ExpoModulesCore/ExpoModulesCore.xcframework/ios-arm64_x86_64-simulator/ExpoModulesCore.framework/Headers -I/Users/sparkles/Documents/CodingFiles/FullStack/expensioApp/frontend/ios/Pods/ExpoModulesCore/ExpoModulesCore.xcframework/ios-arm64/ExpoModulesCore.framework/Headers -I/Users/sparkles/Library/Developer/Xcode/DerivedData/Expensio-futtgngxcysvvhcljmosbeftqmyc/Build/Intermediates.noindex/Pods.build/Debug-iphonesimulator/RNSVG.build/DerivedSources-normal/x86_64 -I/Users/sparkles/Library/Developer/Xcode/DerivedData/Expensio-futtgngxcysvvhcljmosbeftqmyc/Build/Intermediates.noindex/Pods.build/Debug-iphonesimulator/RNSVG.build/DerivedSources/x86_64 -I/Users/sparkles/Library/Developer/Xcode/DerivedData/Expensio-futtgngxcysvvhcljmosbeftqmyc/Build/Intermediates.noindex/Pods.build/Debug-iphonesimulator/RNSVG.build/DerivedSources -F/Users/sparkles/Library/Developer/Xcode/DerivedData/Expensio-futtgngxcysvvhcljmosbeftqmyc/Build/Products/Debug-iphonesimulator/RNSVG -F/Users/sparkles/Documents/CodingFiles/FullStack/expensioApp/frontend/ios/Pods/React-Core-prebuilt -F/Users/sparkles/Documents/CodingFiles/FullStack/expensioApp/frontend/ios/Pods/ReactNativeDependencies/framework/packages/react-native -F/Users/sparkles/Documents/CodingFiles/FullStack/expensioApp/frontend/ios/Pods/hermes-engine/destroot/Library/Frameworks/universal -F/Users/sparkles/Library/Developer/Xcode/DerivedData/Expensio-futtgngxcysvvhcljmosbeftqmyc/Build/Products/Debug-iphonesimulator/XCFrameworkIntermediates/React-Core-prebuilt -F/Users/sparkles/Library/Developer/Xcode/DerivedData/Expensio-futtgngxcysvvhcljmosbeftqmyc/Build/Products/Debug-iphonesimulator/XCFrameworkIntermediates/ReactNativeDependencies -F/Users/sparkles/Library/Developer/Xcode/DerivedData/Expensio-futtgngxcysvvhcljmosbeftqmyc/Build/Products/Debug-iphonesimulator/XCFrameworkIntermediates/hermes-engine/Pre-built '-DRCT_REMOVE_LEGACY_ARCH=1' '-fmodule-map-file=/Users/sparkles/Documents/CodingFiles/FullStack/expensioApp/frontend/ios/Pods/Headers/Public/ReactCodegen/ReactCodegen.modulemap' '-DRCT_REMOVE_LEGACY_ARCH=1' '-DREACT_NATIVE_MINOR_VERSION=86' '-DRCT_REMOVE_LEGACY_ARCH=1' -ivfsoverlay /Users/sparkles/Documents/CodingFiles/FullStack/expensioApp/frontend/ios/Pods/React-Core-prebuilt/React-VFS.yaml

WriteAuxiliaryFile /Users/sparkles/Library/Developer/Xcode/DerivedData/Expensio-futtgngxcysvvhcljmosbeftqmyc/Build/Intermediates.noindex/Pods.build/Debug-iphonesimulator/RNSVG.build/Objects-normal/x86_64/af3fcb34312c57c0f52879cdce924b91-common-args.resp (in target 'RNSVG' from project 'Pods')
    cd /Users/sparkles/Documents/CodingFiles/FullStack/expensioApp/frontend/ios/Pods
    write-file /Users/sparkles/Library/Developer/Xcode/DerivedData/Expensio-futtgngxcysvvhcljmosbeftqmyc/Build/Intermediates.noindex/Pods.build/Debug-iphonesimulator/RNSVG.build/Objects-normal/x86_64/af3fcb34312c57c0f52879cdce924b91-common-args.resp
'-std=c++20' '-stdlib=libc++' -fobjc-arc -fmodules -fno-cxx-modules '-fmodules-cache-path=/Users/sparkles/Library/Developer/Xcode/DerivedData/ModuleCache.noindex' '-D_LIBCPP_HARDENING_MODE=_LIBCPP_HARDENING_MODE_DEBUG' -fpascal-strings -O0 -fno-common '-DPOD_CONFIGURATION_DEBUG=1' '-DDEBUG=1' '-DCOCOAPODS=1' '-DOBJC_OLD_DISPATCH_PROTOTYPES=0' -fasm-blocks -g '-fobjc-abi-version=2' -fobjc-legacy-dispatch -iquote /Users/sparkles/Library/Developer/Xcode/DerivedData/Expensio-futtgngxcysvvhcljmosbeftqmyc/Build/Intermediates.noindex/Pods.build/Debug-iphonesimulator/RNSVG.build/RNSVG-generated-files.hmap -I/Users/sparkles/Library/Developer/Xcode/DerivedData/Expensio-futtgngxcysvvhcljmosbeftqmyc/Build/Intermediates.noindex/Pods.build/Debug-iphonesimulator/RNSVG.build/RNSVG-own-target-headers.hmap -I/Users/sparkles/Library/Developer/Xcode/DerivedData/Expensio-futtgngxcysvvhcljmosbeftqmyc/Build/Intermediates.noindex/Pods.build/Debug-iphonesimulator/RNSVG.build/RNSVG-all-non-framework-target-headers.hmap -ivfsoverlay /Users/sparkles/Library/Developer/Xcode/DerivedData/Expensio-futtgngxcysvvhcljmosbeftqmyc/Build/Intermediates.noindex/Pods.build/Debug-iphonesimulator/Pods-8699adb1dd336b26511df848a716bd42-VFS-iphonesimulator/all-product-headers.yaml -iquote /Users/sparkles/Library/Developer/Xcode/DerivedData/Expensio-futtgngxcysvvhcljmosbeftqmyc/Build/Intermediates.noindex/Pods.build/Debug-iphonesimulator/RNSVG.build/RNSVG-project-headers.hmap -I/Users/sparkles/Library/Developer/Xcode/DerivedData/Expensio-futtgngxcysvvhcljmosbeftqmyc/Build/Products/Debug-iphonesimulator/RNSVG/include -I/Users/sparkles/Documents/CodingFiles/FullStack/expensioApp/frontend/ios/Pods/Headers/Private -I/Users/sparkles/Documents/CodingFiles/FullStack/expensioApp/frontend/ios/Pods/Headers/Private/RNSVG -I/Users/sparkles/Documents/CodingFiles/FullStack/expensioApp/frontend/ios/Pods/Headers/Public -I/Users/sparkles/Documents/CodingFiles/FullStack/expensioApp/frontend/ios/Pods/Headers/Public/FBLazyVector -I/Users/sparkles/Documents/CodingFiles/FullStack/expensioApp/frontend/ios/Pods/Headers/Public/RCTDeprecation -I/Users/sparkles/Documents/CodingFiles/FullStack/expensioApp/frontend/ios/Pods/Headers/Public/RCTRequired -I/Users/sparkles/Documents/CodingFiles/FullStack/expensioApp/frontend/ios/Pods/Headers/Public/RCTSwiftUIWrapper -I/Users/sparkles/Documents/CodingFiles/FullStack/expensioApp/frontend/ios/Pods/Headers/Public/RCTTypeSafety -I/Users/sparkles/Documents/CodingFiles/FullStack/expensioApp/frontend/ios/Pods/Headers/Public/RNSVG -I/Users/sparkles/Documents/CodingFiles/FullStack/expensioApp/frontend/ios/Pods/Headers/Public/React-Core -I/Users/sparkles/Documents/CodingFiles/FullStack/expensioApp/frontend/ios/Pods/Headers/Public/React-Core-prebuilt -I/Users/sparkles/Documents/CodingFiles/FullStack/expensioApp/frontend/ios/Pods/Headers/Public/React-CoreModules -I/Users/sparkles/Documents/CodingFiles/FullStack/expensioApp/frontend/ios/Pods/Headers/Public/React-Fabric -I/Users/sparkles/Documents/CodingFiles/FullStack/expensioApp/frontend/ios/Pods/Headers/Public/React-FabricComponents -I/Users/sparkles/Documents/CodingFiles/FullStack/expensioApp/frontend/ios/Pods/Headers/Public/React-FabricImage -I/Users/sparkles/Documents/CodingFiles/FullStack/expensioApp/frontend/ios/Pods/Headers/Public/React-ImageManager -I/Users/sparkles/Documents/CodingFiles/FullStack/expensioApp/frontend/ios/Pods/Headers/Public/React-Mapbuffer -I/Users/sparkles/Documents/CodingFiles/FullStack/expensioApp/frontend/ios/Pods/Headers/Public/React-NativeModulesApple -I/Users/sparkles/Documents/CodingFiles/FullStack/expensioApp/frontend/ios/Pods/Headers/Public/React-RCTAnimation -I/Users/sparkles/Documents/CodingFiles/FullStack/expensioApp/frontend/ios/Pods/Headers/Public/React-RCTAppDelegate -I/Users/sparkles/Documents/CodingFiles/FullStack/expensioApp/frontend/ios/Pods/Headers/Public/React-RCTBlob -I/Users/sparkles/Documents/CodingFiles/FullStack/expensioApp/frontend/ios/Pods/Headers/Public/React-RCTFBReactNativeSpec -I/Users/sparkles/Documents/CodingFiles/FullStack/expensioApp/frontend/ios/Pods/Headers/Public/React-RCTFabric -I/Users/sparkles/Documents/CodingFiles/FullStack/expensioApp/frontend/ios/Pods/Headers/Public/React-RCTImage -I/Users/sparkles/Documents/CodingFiles/FullStack/expensioApp/frontend/ios/Pods/Headers/Public/React-RCTRuntime -I/Users/sparkles/Documents/CodingFiles/FullStack/expensioApp/frontend/ios/Pods/Headers/Public/React-RCTText -I/Users/sparkles/Documents/CodingFiles/FullStack/expensioApp/frontend/ios/Pods/Headers/Public/React-RuntimeApple -I/Users/sparkles/Documents/CodingFiles/FullStack/expensioApp/frontend/ios/Pods/Headers/Public/React-RuntimeCore -I/Users/sparkles/Documents/CodingFiles/FullStack/expensioApp/frontend/ios/Pods/Headers/Public/React-RuntimeHermes -I/Users/sparkles/Documents/CodingFiles/FullStack/expensioApp/frontend/ios/Pods/Headers/Public/React-callinvoker -I/Users/sparkles/Documents/CodingFiles/FullStack/expensioApp/frontend/ios/Pods/Headers/Public/React-cxxreact -I/Users/sparkles/Documents/CodingFiles/FullStack/expensioApp/frontend/ios/Pods/Headers/Public/React-debug -I/Users/sparkles/Documents/CodingFiles/FullStack/expensioApp/frontend/ios/Pods/Headers/Public/React-defaultsnativemodule -I/Users/sparkles/Documents/CodingFiles/FullStack/expensioApp/frontend/ios/Pods/Headers/Public/React-domnativemodule -I/Users/sparkles/Documents/CodingFiles/FullStack/expensioApp/frontend/ios/Pods/Headers/Public/React-featureflags -I/Users/sparkles/Documents/CodingFiles/FullStack/expensioApp/frontend/ios/Pods/Headers/Public/React-featureflagsnativemodule -I/Users/sparkles/Documents/CodingFiles/FullStack/expensioApp/frontend/ios/Pods/Headers/Public/React-graphics -I/Users/sparkles/Documents/CodingFiles/FullStack/expensioApp/frontend/ios/Pods/Headers/Public/React-hermes -I/Users/sparkles/Documents/CodingFiles/FullStack/expensioApp/frontend/ios/Pods/Headers/Public/React-idlecallbacksnativemodule -I/Users/sparkles/Documents/CodingFiles/FullStack/expensioApp/frontend/ios/Pods/Headers/Public/React-intersectionobservernativemodule -I/Users/sparkles/Documents/CodingFiles/FullStack/expensioApp/frontend/ios/Pods/Headers/Public/React-jserrorhandler -I/Users/sparkles/Documents/CodingFiles/FullStack/expensioApp/frontend/ios/Pods/Headers/Public/React-jsi -I/Users/sparkles/Documents/CodingFiles/FullStack/expensioApp/frontend/ios/Pods/Headers/Public/React-jsiexecutor -I/Users/sparkles/Documents/CodingFiles/FullStack/expensioApp/frontend/ios/Pods/Headers/Public/React-jsinspector -I/Users/sparkles/Documents/CodingFiles/FullStack/expensioApp/frontend/ios/Pods/Headers/Public/React-jsinspectorcdp -I/Users/sparkles/Documents/CodingFiles/FullStack/expensioApp/frontend/ios/Pods/Headers/Public/React-jsinspectornetwork -I/Users/sparkles/Documents/CodingFiles/FullStack/expensioApp/frontend/ios/Pods/Headers/Public/React-jsinspectortracing -I/Users/sparkles/Documents/CodingFiles/FullStack/expensioApp/frontend/ios/Pods/Headers/Public/React-jsitooling -I/Users/sparkles/Documents/CodingFiles/FullStack/expensioApp/frontend/ios/Pods/Headers/Public/React-logger -I/Users/sparkles/Documents/CodingFiles/FullStack/expensioApp/frontend/ios/Pods/Headers/Public/React-microtasksnativemodule -I/Users/sparkles/Documents/CodingFiles/FullStack/expensioApp/frontend/ios/Pods/Headers/Public/React-mutationobservernativemodule -I/Users/sparkles/Documents/CodingFiles/FullStack/expensioApp/frontend/ios/Pods/Headers/Public/React-networking -I/Users/sparkles/Documents/CodingFiles/FullStack/expensioApp/frontend/ios/Pods/Headers/Public/React-oscompat -I/Users/sparkles/Documents/CodingFiles/FullStack/expensioApp/frontend/ios/Pods/Headers/Public/React-perflogger -I/Users/sparkles/Documents/CodingFiles/FullStack/expensioApp/frontend/ios/Pods/Headers/Public/React-performancecdpmetrics -I/Users/sparkles/Documents/CodingFiles/FullStack/expensioApp/frontend/ios/Pods/Headers/Public/React-performancetimeline -I/Users/sparkles/Documents/CodingFiles/FullStack/expensioApp/frontend/ios/Pods/Headers/Public/React-rendererconsistency -I/Users/sparkles/Documents/CodingFiles/FullStack/expensioApp/frontend/ios/Pods/Headers/Public/React-renderercss -I/Users/sparkles/Documents/CodingFiles/FullStack/expensioApp/frontend/ios/Pods/Headers/Public/React-rendererdebug -I/Users/sparkles/Documents/CodingFiles/FullStack/expensioApp/frontend/ios/Pods/Headers/Public/React-runtimeexecutor -I/Users/sparkles/Documents/CodingFiles/FullStack/expensioApp/frontend/ios/Pods/Headers/Public/React-runtimescheduler -I/Users/sparkles/Documents/CodingFiles/FullStack/expensioApp/frontend/ios/Pods/Headers/Public/React-timing -I/Users/sparkles/Documents/CodingFiles/FullStack/expensioApp/frontend/ios/Pods/Headers/Public/React-utils -I/Users/sparkles/Documents/CodingFiles/FullStack/expensioApp/frontend/ios/Pods/Headers/Public/React-viewtransitionnativemodule -I/Users/sparkles/Documents/CodingFiles/FullStack/expensioApp/frontend/ios/Pods/Headers/Public/React-webperformancenativemodule -I/Users/sparkles/Documents/CodingFiles/FullStack/expensioApp/frontend/ios/Pods/Headers/Public/ReactCodegen -I/Users/sparkles/Documents/CodingFiles/FullStack/expensioApp/frontend/ios/Pods/Headers/Public/ReactCommon -I/Users/sparkles/Documents/CodingFiles/FullStack/expensioApp/frontend/ios/Pods/Headers/Public/ReactNativeDependencies -I/Users/sparkles/Documents/CodingFiles/FullStack/expensioApp/frontend/ios/Pods/Headers/Public/Yoga -I/Users/sparkles/Documents/CodingFiles/FullStack/expensioApp/frontend/ios/Pods/Headers/Public/hermes-engine -I/Users/sparkles/Documents/CodingFiles/FullStack/expensioApp/frontend/ios/Pods/Headers/Private/Yoga -I/Users/sparkles/Documents/CodingFiles/FullStack/expensioApp/frontend/ios/Pods/Headers/Private/Yoga -I/Users/sparkles/Documents/CodingFiles/FullStack/expensioApp/frontend/node_modules/react-native-svg/common/cpp -I/Users/sparkles/Documents/CodingFiles/FullStack/expensioApp/frontend/ios/Pods/ExpoModulesCore/ExpoModulesCore.xcframework/ios-arm64_x86_64-simulator/ExpoModulesCore.framework/Headers -I/Users/sparkles/Documents/CodingFiles/FullStack/expensioApp/frontend/ios/Pods/ExpoModulesCore/ExpoModulesCore.xcframework/ios-arm64/ExpoModulesCore.framework/Headers -I/Users/sparkles/Documents/CodingFiles/FullStack/expensioApp/frontend/ios/Pods/ExpoModulesCore/ExpoModulesCore.xcframework/ios-arm64_x86_64-simulator/ExpoModulesCore.framework/Headers -I/Users/sparkles/Documents/CodingFiles/FullStack/expensioApp/frontend/ios/Pods/ExpoModulesCore/ExpoModulesCore.xcframework/ios-arm64/ExpoModulesCore.framework/Headers -I/Users/sparkles/Library/Developer/Xcode/DerivedData/Expensio-futtgngxcysvvhcljmosbeftqmyc/Build/Intermediates.noindex/Pods.build/Debug-iphonesimulator/RNSVG.build/DerivedSources-normal/x86_64 -I/Users/sparkles/Library/Developer/Xcode/DerivedData/Expensio-futtgngxcysvvhcljmosbeftqmyc/Build/Intermediates.noindex/Pods.build/Debug-iphonesimulator/RNSVG.build/DerivedSources/x86_64 -I/Users/sparkles/Library/Developer/Xcode/DerivedData/Expensio-futtgngxcysvvhcljmosbeftqmyc/Build/Intermediates.noindex/Pods.build/Debug-iphonesimulator/RNSVG.build/DerivedSources -F/Users/sparkles/Library/Developer/Xcode/DerivedData/Expensio-futtgngxcysvvhcljmosbeftqmyc/Build/Products/Debug-iphonesimulator/RNSVG -F/Users/sparkles/Documents/CodingFiles/FullStack/expensioApp/frontend/ios/Pods/React-Core-prebuilt -F/Users/sparkles/Documents/CodingFiles/FullStack/expensioApp/frontend/ios/Pods/ReactNativeDependencies/framework/packages/react-native -F/Users/sparkles/Documents/CodingFiles/FullStack/expensioApp/frontend/ios/Pods/hermes-engine/destroot/Library/Frameworks/universal -F/Users/sparkles/Library/Developer/Xcode/DerivedData/Expensio-futtgngxcysvvhcljmosbeftqmyc/Build/Products/Debug-iphonesimulator/XCFrameworkIntermediates/React-Core-prebuilt -F/Users/sparkles/Library/Developer/Xcode/DerivedData/Expensio-futtgngxcysvvhcljmosbeftqmyc/Build/Products/Debug-iphonesimulator/XCFrameworkIntermediates/ReactNativeDependencies -F/Users/sparkles/Library/Developer/Xcode/DerivedData/Expensio-futtgngxcysvvhcljmosbeftqmyc/Build/Products/Debug-iphonesimulator/XCFrameworkIntermediates/hermes-engine/Pre-built '-DRCT_REMOVE_LEGACY_ARCH=1' '-fmodule-map-file=/Users/sparkles/Documents/CodingFiles/FullStack/expensioApp/frontend/ios/Pods/Headers/Public/ReactCodegen/ReactCodegen.modulemap' '-DRCT_REMOVE_LEGACY_ARCH=1' '-DREACT_NATIVE_MINOR_VERSION=86' '-DRCT_REMOVE_LEGACY_ARCH=1' -ivfsoverlay /Users/sparkles/Documents/CodingFiles/FullStack/expensioApp/frontend/ios/Pods/React-Core-prebuilt/React-VFS.yaml '-DRCT_REMOVE_LEGACY_ARCH=1' '-DRCT_NEW_ARCH_ENABLED=1' -ivfsoverlay /Users/sparkles/Documents/CodingFiles/FullStack/expensioApp/frontend/ios/Pods/React-Core-prebuilt/React-VFS.yaml

WriteAuxiliaryFile /Users/sparkles/Library/Developer/Xcode/DerivedData/Expensio-futtgngxcysvvhcljmosbeftqmyc/Build/Intermediates.noindex/Pods.build/Debug-iphonesimulator/RNSVG.build/Objects-normal/x86_64/RNSVG.LinkFileList (in target 'RNSVG' from project 'Pods')
    cd /Users/sparkles/Documents/CodingFiles/FullStack/expensioApp/frontend/ios/Pods
    write-file /Users/sparkles/Library/Developer/Xcode/DerivedData/Expensio-futtgngxcysvvhcljmosbeftqmyc/Build/Intermediates.noindex/Pods.build/Debug-iphonesimulator/RNSVG.build/Objects-normal/x86_64/RNSVG.LinkFileList

WriteAuxiliaryFile /Users/sparkles/Library/Developer/Xcode/DerivedData/Expensio-futtgngxcysvvhcljmosbeftqmyc/Build/Intermediates.noindex/Pods.build/Debug-iphonesimulator/RNSVG.build/Objects-normal/x86_64/82b82416624d2658e5098eb0a28c15c5-common-args.resp (in target 'RNSVG' from project 'Pods')
    cd /Users/sparkles/Documents/CodingFiles/FullStack/expensioApp/frontend/ios/Pods
    write-file /Users/sparkles/Library/Developer/Xcode/DerivedData/Expensio-futtgngxcysvvhcljmosbeftqmyc/Build/Intermediates.noindex/Pods.build/Debug-iphonesimulator/RNSVG.build/Objects-normal/x86_64/82b82416624d2658e5098eb0a28c15c5-common-args.resp
'-std=c++20' '-stdlib=libc++' -fmodules -fno-cxx-modules '-fmodules-cache-path=/Users/sparkles/Library/Developer/Xcode/DerivedData/ModuleCache.noindex' '-D_LIBCPP_HARDENING_MODE=_LIBCPP_HARDENING_MODE_DEBUG' -fpascal-strings -O0 -fno-common '-DPOD_CONFIGURATION_DEBUG=1' '-DDEBUG=1' '-DCOCOAPODS=1' -fasm-blocks -g -iquote /Users/sparkles/Library/Developer/Xcode/DerivedData/Expensio-futtgngxcysvvhcljmosbeftqmyc/Build/Intermediates.noindex/Pods.build/Debug-iphonesimulator/RNSVG.build/RNSVG-generated-files.hmap -I/Users/sparkles/Library/Developer/Xcode/DerivedData/Expensio-futtgngxcysvvhcljmosbeftqmyc/Build/Intermediates.noindex/Pods.build/Debug-iphonesimulator/RNSVG.build/RNSVG-own-target-headers.hmap -I/Users/sparkles/Library/Developer/Xcode/DerivedData/Expensio-futtgngxcysvvhcljmosbeftqmyc/Build/Intermediates.noindex/Pods.build/Debug-iphonesimulator/RNSVG.build/RNSVG-all-non-framework-target-headers.hmap -ivfsoverlay /Users/sparkles/Library/Developer/Xcode/DerivedData/Expensio-futtgngxcysvvhcljmosbeftqmyc/Build/Intermediates.noindex/Pods.build/Debug-iphonesimulator/Pods-8699adb1dd336b26511df848a716bd42-VFS-iphonesimulator/all-product-headers.yaml -iquote /Users/sparkles/Library/Developer/Xcode/DerivedData/Expensio-futtgngxcysvvhcljmosbeftqmyc/Build/Intermediates.noindex/Pods.build/Debug-iphonesimulator/RNSVG.build/RNSVG-project-headers.hmap -I/Users/sparkles/Library/Developer/Xcode/DerivedData/Expensio-futtgngxcysvvhcljmosbeftqmyc/Build/Products/Debug-iphonesimulator/RNSVG/include -I/Users/sparkles/Documents/CodingFiles/FullStack/expensioApp/frontend/ios/Pods/Headers/Private -I/Users/sparkles/Documents/CodingFiles/FullStack/expensioApp/frontend/ios/Pods/Headers/Private/RNSVG -I/Users/sparkles/Documents/CodingFiles/FullStack/expensioApp/frontend/ios/Pods/Headers/Public -I/Users/sparkles/Documents/CodingFiles/FullStack/expensioApp/frontend/ios/Pods/Headers/Public/FBLazyVector -I/Users/sparkles/Documents/CodingFiles/FullStack/expensioApp/frontend/ios/Pods/Headers/Public/RCTDeprecation -I/Users/sparkles/Documents/CodingFiles/FullStack/expensioApp/frontend/ios/Pods/Headers/Public/RCTRequired -I/Users/sparkles/Documents/CodingFiles/FullStack/expensioApp/frontend/ios/Pods/Headers/Public/RCTSwiftUIWrapper -I/Users/sparkles/Documents/CodingFiles/FullStack/expensioApp/frontend/ios/Pods/Headers/Public/RCTTypeSafety -I/Users/sparkles/Documents/CodingFiles/FullStack/expensioApp/frontend/ios/Pods/Headers/Public/RNSVG -I/Users/sparkles/Documents/CodingFiles/FullStack/expensioApp/frontend/ios/Pods/Headers/Public/React-Core -I/Users/sparkles/Documents/CodingFiles/FullStack/expensioApp/frontend/ios/Pods/Headers/Public/React-Core-prebuilt -I/Users/sparkles/Documents/CodingFiles/FullStack/expensioApp/frontend/ios/Pods/Headers/Public/React-CoreModules -I/Users/sparkles/Documents/CodingFiles/FullStack/expensioApp/frontend/ios/Pods/Headers/Public/React-Fabric -I/Users/sparkles/Documents/CodingFiles/FullStack/expensioApp/frontend/ios/Pods/Headers/Public/React-FabricComponents -I/Users/sparkles/Documents/CodingFiles/FullStack/expensioApp/frontend/ios/Pods/Headers/Public/React-FabricImage -I/Users/sparkles/Documents/CodingFiles/FullStack/expensioApp/frontend/ios/Pods/Headers/Public/React-ImageManager -I/Users/sparkles/Documents/CodingFiles/FullStack/expensioApp/frontend/ios/Pods/Headers/Public/React-Mapbuffer -I/Users/sparkles/Documents/CodingFiles/FullStack/expensioApp/frontend/ios/Pods/Headers/Public/React-NativeModulesApple -I/Users/sparkles/Documents/CodingFiles/FullStack/expensioApp/frontend/ios/Pods/Headers/Public/React-RCTAnimation -I/Users/sparkles/Documents/CodingFiles/FullStack/expensioApp/frontend/ios/Pods/Headers/Public/React-RCTAppDelegate -I/Users/sparkles/Documents/CodingFiles/FullStack/expensioApp/frontend/ios/Pods/Headers/Public/React-RCTBlob -I/Users/sparkles/Documents/CodingFiles/FullStack/expensioApp/frontend/ios/Pods/Headers/Public/React-RCTFBReactNativeSpec -I/Users/sparkles/Documents/CodingFiles/FullStack/expensioApp/frontend/ios/Pods/Headers/Public/React-RCTFabric -I/Users/sparkles/Documents/CodingFiles/FullStack/expensioApp/frontend/ios/Pods/Headers/Public/React-RCTImage -I/Users/sparkles/Documents/CodingFiles/FullStack/expensioApp/frontend/ios/Pods/Headers/Public/React-RCTRuntime -I/Users/sparkles/Documents/CodingFiles/FullStack/expensioApp/frontend/ios/Pods/Headers/Public/React-RCTText -I/Users/sparkles/Documents/CodingFiles/FullStack/expensioApp/frontend/ios/Pods/Headers/Public/React-RuntimeApple -I/Users/sparkles/Documents/CodingFiles/FullStack/expensioApp/frontend/ios/Pods/Headers/Public/React-RuntimeCore -I/Users/sparkles/Documents/CodingFiles/FullStack/expensioApp/frontend/ios/Pods/Headers/Public/React-RuntimeHermes -I/Users/sparkles/Documents/CodingFiles/FullStack/expensioApp/frontend/ios/Pods/Headers/Public/React-callinvoker -I/Users/sparkles/Documents/CodingFiles/FullStack/expensioApp/frontend/ios/Pods/Headers/Public/React-cxxreact -I/Users/sparkles/Documents/CodingFiles/FullStack/expensioApp/frontend/ios/Pods/Headers/Public/React-debug -I/Users/sparkles/Documents/CodingFiles/FullStack/expensioApp/frontend/ios/Pods/Headers/Public/React-defaultsnativemodule -I/Users/sparkles/Documents/CodingFiles/FullStack/expensioApp/frontend/ios/Pods/Headers/Public/React-domnativemodule -I/Users/sparkles/Documents/CodingFiles/FullStack/expensioApp/frontend/ios/Pods/Headers/Public/React-featureflags -I/Users/sparkles/Documents/CodingFiles/FullStack/expensioApp/frontend/ios/Pods/Headers/Public/React-featureflagsnativemodule -I/Users/sparkles/Documents/CodingFiles/FullStack/expensioApp/frontend/ios/Pods/Headers/Public/React-graphics -I/Users/sparkles/Documents/CodingFiles/FullStack/expensioApp/frontend/ios/Pods/Headers/Public/React-hermes -I/Users/sparkles/Documents/CodingFiles/FullStack/expensioApp/frontend/ios/Pods/Headers/Public/React-idlecallbacksnativemodule -I/Users/sparkles/Documents/CodingFiles/FullStack/expensioApp/frontend/ios/Pods/Headers/Public/React-intersectionobservernativemodule -I/Users/sparkles/Documents/CodingFiles/FullStack/expensioApp/frontend/ios/Pods/Headers/Public/React-jserrorhandler -I/Users/sparkles/Documents/CodingFiles/FullStack/expensioApp/frontend/ios/Pods/Headers/Public/React-jsi -I/Users/sparkles/Documents/CodingFiles/FullStack/expensioApp/frontend/ios/Pods/Headers/Public/React-jsiexecutor -I/Users/sparkles/Documents/CodingFiles/FullStack/expensioApp/frontend/ios/Pods/Headers/Public/React-jsinspector -I/Users/sparkles/Documents/CodingFiles/FullStack/expensioApp/frontend/ios/Pods/Headers/Public/React-jsinspectorcdp -I/Users/sparkles/Documents/CodingFiles/FullStack/expensioApp/frontend/ios/Pods/Headers/Public/React-jsinspectornetwork -I/Users/sparkles/Documents/CodingFiles/FullStack/expensioApp/frontend/ios/Pods/Headers/Public/React-jsinspectortracing -I/Users/sparkles/Documents/CodingFiles/FullStack/expensioApp/frontend/ios/Pods/Headers/Public/React-jsitooling -I/Users/sparkles/Documents/CodingFiles/FullStack/expensioApp/frontend/ios/Pods/Headers/Public/React-logger -I/Users/sparkles/Documents/CodingFiles/FullStack/expensioApp/frontend/ios/Pods/Headers/Public/React-microtasksnativemodule -I/Users/sparkles/Documents/CodingFiles/FullStack/expensioApp/frontend/ios/Pods/Headers/Public/React-mutationobservernativemodule -I/Users/sparkles/Documents/CodingFiles/FullStack/expensioApp/frontend/ios/Pods/Headers/Public/React-networking -I/Users/sparkles/Documents/CodingFiles/FullStack/expensioApp/frontend/ios/Pods/Headers/Public/React-oscompat -I/Users/sparkles/Documents/CodingFiles/FullStack/expensioApp/frontend/ios/Pods/Headers/Public/React-perflogger -I/Users/sparkles/Documents/CodingFiles/FullStack/expensioApp/frontend/ios/Pods/Headers/Public/React-performancecdpmetrics -I/Users/sparkles/Documents/CodingFiles/FullStack/expensioApp/frontend/ios/Pods/Headers/Public/React-performancetimeline -I/Users/sparkles/Documents/CodingFiles/FullStack/expensioApp/frontend/ios/Pods/Headers/Public/React-rendererconsistency -I/Users/sparkles/Documents/CodingFiles/FullStack/expensioApp/frontend/ios/Pods/Headers/Public/React-renderercss -I/Users/sparkles/Documents/CodingFiles/FullStack/expensioApp/frontend/ios/Pods/Headers/Public/React-rendererdebug -I/Users/sparkles/Documents/CodingFiles/FullStack/expensioApp/frontend/ios/Pods/Headers/Public/React-runtimeexecutor -I/Users/sparkles/Documents/CodingFiles/FullStack/expensioApp/frontend/ios/Pods/Headers/Public/React-runtimescheduler -I/Users/sparkles/Documents/CodingFiles/FullStack/expensioApp/frontend/ios/Pods/Headers/Public/React-timing -I/Users/sparkles/Documents/CodingFiles/FullStack/expensioApp/frontend/ios/Pods/Headers/Public/React-utils -I/Users/sparkles/Documents/CodingFiles/FullStack/expensioApp/frontend/ios/Pods/Headers/Public/React-viewtransitionnativemodule -I/Users/sparkles/Documents/CodingFiles/FullStack/expensioApp/frontend/ios/Pods/Headers/Public/React-webperformancenativemodule -I/Users/sparkles/Documents/CodingFiles/FullStack/expensioApp/frontend/ios/Pods/Headers/Public/ReactCodegen -I/Users/sparkles/Documents/CodingFiles/FullStack/expensioApp/frontend/ios/Pods/Headers/Public/ReactCommon -I/Users/sparkles/Documents/CodingFiles/FullStack/expensioApp/frontend/ios/Pods/Headers/Public/ReactNativeDependencies -I/Users/sparkles/Documents/CodingFiles/FullStack/expensioApp/frontend/ios/Pods/Headers/Public/Yoga -I/Users/sparkles/Documents/CodingFiles/FullStack/expensioApp/frontend/ios/Pods/Headers/Public/hermes-engine -I/Users/sparkles/Documents/CodingFiles/FullStack/expensioApp/frontend/ios/Pods/Headers/Private/Yoga -I/Users/sparkles/Documents/CodingFiles/FullStack/expensioApp/frontend/ios/Pods/Headers/Private/Yoga -I/Users/sparkles/Documents/CodingFiles/FullStack/expensioApp/frontend/node_modules/react-native-svg/common/cpp -I/Users/sparkles/Documents/CodingFiles/FullStack/expensioApp/frontend/ios/Pods/ExpoModulesCore/ExpoModulesCore.xcframework/ios-arm64_x86_64-simulator/ExpoModulesCore.framework/Headers -I/Users/sparkles/Documents/CodingFiles/FullStack/expensioApp/frontend/ios/Pods/ExpoModulesCore/ExpoModulesCore.xcframework/ios-arm64/ExpoModulesCore.framework/Headers -I/Users/sparkles/Documents/CodingFiles/FullStack/expensioApp/frontend/ios/Pods/ExpoModulesCore/ExpoModulesCore.xcframework/ios-arm64_x86_64-simulator/ExpoModulesCore.framework/Headers -I/Users/sparkles/Documents/CodingFiles/FullStack/expensioApp/frontend/ios/Pods/ExpoModulesCore/ExpoModulesCore.xcframework/ios-arm64/ExpoModulesCore.framework/Headers -I/Users/sparkles/Library/Developer/Xcode/DerivedData/Expensio-futtgngxcysvvhcljmosbeftqmyc/Build/Intermediates.noindex/Pods.build/Debug-iphonesimulator/RNSVG.build/DerivedSources-normal/x86_64 -I/Users/sparkles/Library/Developer/Xcode/DerivedData/Expensio-futtgngxcysvvhcljmosbeftqmyc/Build/Intermediates.noindex/Pods.build/Debug-iphonesimulator/RNSVG.build/DerivedSources/x86_64 -I/Users/sparkles/Library/Developer/Xcode/DerivedData/Expensio-futtgngxcysvvhcljmosbeftqmyc/Build/Intermediates.noindex/Pods.build/Debug-iphonesimulator/RNSVG.build/DerivedSources -F/Users/sparkles/Library/Developer/Xcode/DerivedData/Expensio-futtgngxcysvvhcljmosbeftqmyc/Build/Products/Debug-iphonesimulator/RNSVG -F/Users/sparkles/Documents/CodingFiles/FullStack/expensioApp/frontend/ios/Pods/React-Core-prebuilt -F/Users/sparkles/Documents/CodingFiles/FullStack/expensioApp/frontend/ios/Pods/ReactNativeDependencies/framework/packages/react-native -F/Users/sparkles/Documents/CodingFiles/FullStack/expensioApp/frontend/ios/Pods/hermes-engine/destroot/Library/Frameworks/universal -F/Users/sparkles/Library/Developer/Xcode/DerivedData/Expensio-futtgngxcysvvhcljmosbeftqmyc/Build/Products/Debug-iphonesimulator/XCFrameworkIntermediates/React-Core-prebuilt -F/Users/sparkles/Library/Developer/Xcode/DerivedData/Expensio-futtgngxcysvvhcljmosbeftqmyc/Build/Products/Debug-iphonesimulator/XCFrameworkIntermediates/ReactNativeDependencies -F/Users/sparkles/Library/Developer/Xcode/DerivedData/Expensio-futtgngxcysvvhcljmosbeftqmyc/Build/Products/Debug-iphonesimulator/XCFrameworkIntermediates/hermes-engine/Pre-built '-DRCT_REMOVE_LEGACY_ARCH=1' '-fmodule-map-file=/Users/sparkles/Documents/CodingFiles/FullStack/expensioApp/frontend/ios/Pods/Headers/Public/ReactCodegen/ReactCodegen.modulemap' '-DRCT_REMOVE_LEGACY_ARCH=1' '-DREACT_NATIVE_MINOR_VERSION=86' '-DRCT_REMOVE_LEGACY_ARCH=1' -ivfsoverlay /Users/sparkles/Documents/CodingFiles/FullStack/expensioApp/frontend/ios/Pods/React-Core-prebuilt/React-VFS.yaml '-DRCT_REMOVE_LEGACY_ARCH=1' '-DRCT_NEW_ARCH_ENABLED=1' -ivfsoverlay /Users/sparkles/Documents/CodingFiles/FullStack/expensioApp/frontend/ios/Pods/React-Core-prebuilt/React-VFS.yaml

WriteAuxiliaryFile /Users/sparkles/Library/Developer/Xcode/DerivedData/Expensio-futtgngxcysvvhcljmosbeftqmyc/Build/Intermediates.noindex/Pods.build/Debug-iphonesimulator/RNSVG.build/Objects-normal/arm64/e6072d4f65d7061329687fe24e3d63a7-common-args.resp (in target 'RNSVG' from project 'Pods')
    cd /Users/sparkles/Documents/CodingFiles/FullStack/expensioApp/frontend/ios/Pods
    write-file /Users/sparkles/Library/Developer/Xcode/DerivedData/Expensio-futtgngxcysvvhcljmosbeftqmyc/Build/Intermediates.noindex/Pods.build/Debug-iphonesimulator/RNSVG.build/Objects-normal/arm64/e6072d4f65d7061329687fe24e3d63a7-common-args.resp
'-std=gnu11' -fobjc-arc -fmodules '-fmodules-cache-path=/Users/sparkles/Library/Developer/Xcode/DerivedData/ModuleCache.noindex' -fpascal-strings -O0 -fno-common '-DPOD_CONFIGURATION_DEBUG=1' '-DDEBUG=1' '-DCOCOAPODS=1' '-DOBJC_OLD_DISPATCH_PROTOTYPES=0' -g '-fobjc-abi-version=2' -fobjc-legacy-dispatch -iquote /Users/sparkles/Library/Developer/Xcode/DerivedData/Expensio-futtgngxcysvvhcljmosbeftqmyc/Build/Intermediates.noindex/Pods.build/Debug-iphonesimulator/RNSVG.build/RNSVG-generated-files.hmap -I/Users/sparkles/Library/Developer/Xcode/DerivedData/Expensio-futtgngxcysvvhcljmosbeftqmyc/Build/Intermediates.noindex/Pods.build/Debug-iphonesimulator/RNSVG.build/RNSVG-own-target-headers.hmap -I/Users/sparkles/Library/Developer/Xcode/DerivedData/Expensio-futtgngxcysvvhcljmosbeftqmyc/Build/Intermediates.noindex/Pods.build/Debug-iphonesimulator/RNSVG.build/RNSVG-all-non-framework-target-headers.hmap -ivfsoverlay /Users/sparkles/Library/Developer/Xcode/DerivedData/Expensio-futtgngxcysvvhcljmosbeftqmyc/Build/Intermediates.noindex/Pods.build/Debug-iphonesimulator/Pods-8699adb1dd336b26511df848a716bd42-VFS-iphonesimulator/all-product-headers.yaml -iquote /Users/sparkles/Library/Developer/Xcode/DerivedData/Expensio-futtgngxcysvvhcljmosbeftqmyc/Build/Intermediates.noindex/Pods.build/Debug-iphonesimulator/RNSVG.build/RNSVG-project-headers.hmap -I/Users/sparkles/Library/Developer/Xcode/DerivedData/Expensio-futtgngxcysvvhcljmosbeftqmyc/Build/Products/Debug-iphonesimulator/RNSVG/include -I/Users/sparkles/Documents/CodingFiles/FullStack/expensioApp/frontend/ios/Pods/Headers/Private -I/Users/sparkles/Documents/CodingFiles/FullStack/expensioApp/frontend/ios/Pods/Headers/Private/RNSVG -I/Users/sparkles/Documents/CodingFiles/FullStack/expensioApp/frontend/ios/Pods/Headers/Public -I/Users/sparkles/Documents/CodingFiles/FullStack/expensioApp/frontend/ios/Pods/Headers/Public/FBLazyVector -I/Users/sparkles/Documents/CodingFiles/FullStack/expensioApp/frontend/ios/Pods/Headers/Public/RCTDeprecation -I/Users/sparkles/Documents/CodingFiles/FullStack/expensioApp/frontend/ios/Pods/Headers/Public/RCTRequired -I/Users/sparkles/Documents/CodingFiles/FullStack/expensioApp/frontend/ios/Pods/Headers/Public/RCTSwiftUIWrapper -I/Users/sparkles/Documents/CodingFiles/FullStack/expensioApp/frontend/ios/Pods/Headers/Public/RCTTypeSafety -I/Users/sparkles/Documents/CodingFiles/FullStack/expensioApp/frontend/ios/Pods/Headers/Public/RNSVG -I/Users/sparkles/Documents/CodingFiles/FullStack/expensioApp/frontend/ios/Pods/Headers/Public/React-Core -I/Users/sparkles/Documents/CodingFiles/FullStack/expensioApp/frontend/ios/Pods/Headers/Public/React-Core-prebuilt -I/Users/sparkles/Documents/CodingFiles/FullStack/expensioApp/frontend/ios/Pods/Headers/Public/React-CoreModules -I/Users/sparkles/Documents/CodingFiles/FullStack/expensioApp/frontend/ios/Pods/Headers/Public/React-Fabric -I/Users/sparkles/Documents/CodingFiles/FullStack/expensioApp/frontend/ios/Pods/Headers/Public/React-FabricComponents -I/Users/sparkles/Documents/CodingFiles/FullStack/expensioApp/frontend/ios/Pods/Headers/Public/React-FabricImage -I/Users/sparkles/Documents/CodingFiles/FullStack/expensioApp/frontend/ios/Pods/Headers/Public/React-ImageManager -I/Users/sparkles/Documents/CodingFiles/FullStack/expensioApp/frontend/ios/Pods/Headers/Public/React-Mapbuffer -I/Users/sparkles/Documents/CodingFiles/FullStack/expensioApp/frontend/ios/Pods/Headers/Public/React-NativeModulesApple -I/Users/sparkles/Documents/CodingFiles/FullStack/expensioApp/frontend/ios/Pods/Headers/Public/React-RCTAnimation -I/Users/sparkles/Documents/CodingFiles/FullStack/expensioApp/frontend/ios/Pods/Headers/Public/React-RCTAppDelegate -I/Users/sparkles/Documents/CodingFiles/FullStack/expensioApp/frontend/ios/Pods/Headers/Public/React-RCTBlob -I/Users/sparkles/Documents/CodingFiles/FullStack/expensioApp/frontend/ios/Pods/Headers/Public/React-RCTFBReactNativeSpec -I/Users/sparkles/Documents/CodingFiles/FullStack/expensioApp/frontend/ios/Pods/Headers/Public/React-RCTFabric -I/Users/sparkles/Documents/CodingFiles/FullStack/expensioApp/frontend/ios/Pods/Headers/Public/React-RCTImage -I/Users/sparkles/Documents/CodingFiles/FullStack/expensioApp/frontend/ios/Pods/Headers/Public/React-RCTRuntime -I/Users/sparkles/Documents/CodingFiles/FullStack/expensioApp/frontend/ios/Pods/Headers/Public/React-RCTText -I/Users/sparkles/Documents/CodingFiles/FullStack/expensioApp/frontend/ios/Pods/Headers/Public/React-RuntimeApple -I/Users/sparkles/Documents/CodingFiles/FullStack/expensioApp/frontend/ios/Pods/Headers/Public/React-RuntimeCore -I/Users/sparkles/Documents/CodingFiles/FullStack/expensioApp/frontend/ios/Pods/Headers/Public/React-RuntimeHermes -I/Users/sparkles/Documents/CodingFiles/FullStack/expensioApp/frontend/ios/Pods/Headers/Public/React-callinvoker -I/Users/sparkles/Documents/CodingFiles/FullStack/expensioApp/frontend/ios/Pods/Headers/Public/React-cxxreact -I/Users/sparkles/Documents/CodingFiles/FullStack/expensioApp/frontend/ios/Pods/Headers/Public/React-debug -I/Users/sparkles/Documents/CodingFiles/FullStack/expensioApp/frontend/ios/Pods/Headers/Public/React-defaultsnativemodule -I/Users/sparkles/Documents/CodingFiles/FullStack/expensioApp/frontend/ios/Pods/Headers/Public/React-domnativemodule -I/Users/sparkles/Documents/CodingFiles/FullStack/expensioApp/frontend/ios/Pods/Headers/Public/React-featureflags -I/Users/sparkles/Documents/CodingFiles/FullStack/expensioApp/frontend/ios/Pods/Headers/Public/React-featureflagsnativemodule -I/Users/sparkles/Documents/CodingFiles/FullStack/expensioApp/frontend/ios/Pods/Headers/Public/React-graphics -I/Users/sparkles/Documents/CodingFiles/FullStack/expensioApp/frontend/ios/Pods/Headers/Public/React-hermes -I/Users/sparkles/Documents/CodingFiles/FullStack/expensioApp/frontend/ios/Pods/Headers/Public/React-idlecallbacksnativemodule -I/Users/sparkles/Documents/CodingFiles/FullStack/expensioApp/frontend/ios/Pods/Headers/Public/React-intersectionobservernativemodule -I/Users/sparkles/Documents/CodingFiles/FullStack/expensioApp/frontend/ios/Pods/Headers/Public/React-jserrorhandler -I/Users/sparkles/Documents/CodingFiles/FullStack/expensioApp/frontend/ios/Pods/Headers/Public/React-jsi -I/Users/sparkles/Documents/CodingFiles/FullStack/expensioApp/frontend/ios/Pods/Headers/Public/React-jsiexecutor -I/Users/sparkles/Documents/CodingFiles/FullStack/expensioApp/frontend/ios/Pods/Headers/Public/React-jsinspector -I/Users/sparkles/Documents/CodingFiles/FullStack/expensioApp/frontend/ios/Pods/Headers/Public/React-jsinspectorcdp -I/Users/sparkles/Documents/CodingFiles/FullStack/expensioApp/frontend/ios/Pods/Headers/Public/React-jsinspectornetwork -I/Users/sparkles/Documents/CodingFiles/FullStack/expensioApp/frontend/ios/Pods/Headers/Public/React-jsinspectortracing -I/Users/sparkles/Documents/CodingFiles/FullStack/expensioApp/frontend/ios/Pods/Headers/Public/React-jsitooling -I/Users/sparkles/Documents/CodingFiles/FullStack/expensioApp/frontend/ios/Pods/Headers/Public/React-logger -I/Users/sparkles/Documents/CodingFiles/FullStack/expensioApp/frontend/ios/Pods/Headers/Public/React-microtasksnativemodule -I/Users/sparkles/Documents/CodingFiles/FullStack/expensioApp/frontend/ios/Pods/Headers/Public/React-mutationobservernativemodule -I/Users/sparkles/Documents/CodingFiles/FullStack/expensioApp/frontend/ios/Pods/Headers/Public/React-networking -I/Users/sparkles/Documents/CodingFiles/FullStack/expensioApp/frontend/ios/Pods/Headers/Public/React-oscompat -I/Users/sparkles/Documents/CodingFiles/FullStack/expensioApp/frontend/ios/Pods/Headers/Public/React-perflogger -I/Users/sparkles/Documents/CodingFiles/FullStack/expensioApp/frontend/ios/Pods/Headers/Public/React-performancecdpmetrics -I/Users/sparkles/Documents/CodingFiles/FullStack/expensioApp/frontend/ios/Pods/Headers/Public/React-performancetimeline -I/Users/sparkles/Documents/CodingFiles/FullStack/expensioApp/frontend/ios/Pods/Headers/Public/React-rendererconsistency -I/Users/sparkles/Documents/CodingFiles/FullStack/expensioApp/frontend/ios/Pods/Headers/Public/React-renderercss -I/Users/sparkles/Documents/CodingFiles/FullStack/expensioApp/frontend/ios/Pods/Headers/Public/React-rendererdebug -I/Users/sparkles/Documents/CodingFiles/FullStack/expensioApp/frontend/ios/Pods/Headers/Public/React-runtimeexecutor -I/Users/sparkles/Documents/CodingFiles/FullStack/expensioApp/frontend/ios/Pods/Headers/Public/React-runtimescheduler -I/Users/sparkles/Documents/CodingFiles/FullStack/expensioApp/frontend/ios/Pods/Headers/Public/React-timing -I/Users/sparkles/Documents/CodingFiles/FullStack/expensioApp/frontend/ios/Pods/Headers/Public/React-utils -I/Users/sparkles/Documents/CodingFiles/FullStack/expensioApp/frontend/ios/Pods/Headers/Public/React-viewtransitionnativemodule -I/Users/sparkles/Documents/CodingFiles/FullStack/expensioApp/frontend/ios/Pods/Headers/Public/React-webperformancenativemodule -I/Users/sparkles/Documents/CodingFiles/FullStack/expensioApp/frontend/ios/Pods/Headers/Public/ReactCodegen -I/Users/sparkles/Documents/CodingFiles/FullStack/expensioApp/frontend/ios/Pods/Headers/Public/ReactCommon -I/Users/sparkles/Documents/CodingFiles/FullStack/expensioApp/frontend/ios/Pods/Headers/Public/ReactNativeDependencies -I/Users/sparkles/Documents/CodingFiles/FullStack/expensioApp/frontend/ios/Pods/Headers/Public/Yoga -I/Users/sparkles/Documents/CodingFiles/FullStack/expensioApp/frontend/ios/Pods/Headers/Public/hermes-engine -I/Users/sparkles/Documents/CodingFiles/FullStack/expensioApp/frontend/ios/Pods/Headers/Private/Yoga -I/Users/sparkles/Documents/CodingFiles/FullStack/expensioApp/frontend/ios/Pods/Headers/Private/Yoga -I/Users/sparkles/Documents/CodingFiles/FullStack/expensioApp/frontend/node_modules/react-native-svg/common/cpp -I/Users/sparkles/Documents/CodingFiles/FullStack/expensioApp/frontend/ios/Pods/ExpoModulesCore/ExpoModulesCore.xcframework/ios-arm64_x86_64-simulator/ExpoModulesCore.framework/Headers -I/Users/sparkles/Documents/CodingFiles/FullStack/expensioApp/frontend/ios/Pods/ExpoModulesCore/ExpoModulesCore.xcframework/ios-arm64/ExpoModulesCore.framework/Headers -I/Users/sparkles/Documents/CodingFiles/FullStack/expensioApp/frontend/ios/Pods/ExpoModulesCore/ExpoModulesCore.xcframework/ios-arm64_x86_64-simulator/ExpoModulesCore.framework/Headers -I/Users/sparkles/Documents/CodingFiles/FullStack/expensioApp/frontend/ios/Pods/ExpoModulesCore/ExpoModulesCore.xcframework/ios-arm64/ExpoModulesCore.framework/Headers -I/Users/sparkles/Library/Developer/Xcode/DerivedData/Expensio-futtgngxcysvvhcljmosbeftqmyc/Build/Intermediates.noindex/Pods.build/Debug-iphonesimulator/RNSVG.build/DerivedSources-normal/arm64 -I/Users/sparkles/Library/Developer/Xcode/DerivedData/Expensio-futtgngxcysvvhcljmosbeftqmyc/Build/Intermediates.noindex/Pods.build/Debug-iphonesimulator/RNSVG.build/DerivedSources/arm64 -I/Users/sparkles/Library/Developer/Xcode/DerivedData/Expensio-futtgngxcysvvhcljmosbeftqmyc/Build/Intermediates.noindex/Pods.build/Debug-iphonesimulator/RNSVG.build/DerivedSources -F/Users/sparkles/Library/Developer/Xcode/DerivedData/Expensio-futtgngxcysvvhcljmosbeftqmyc/Build/Products/Debug-iphonesimulator/RNSVG -F/Users/sparkles/Documents/CodingFiles/FullStack/expensioApp/frontend/ios/Pods/React-Core-prebuilt -F/Users/sparkles/Documents/CodingFiles/FullStack/expensioApp/frontend/ios/Pods/ReactNativeDependencies/framework/packages/react-native -F/Users/sparkles/Documents/CodingFiles/FullStack/expensioApp/frontend/ios/Pods/hermes-engine/destroot/Library/Frameworks/universal -F/Users/sparkles/Library/Developer/Xcode/DerivedData/Expensio-futtgngxcysvvhcljmosbeftqmyc/Build/Products/Debug-iphonesimulator/XCFrameworkIntermediates/React-Core-prebuilt -F/Users/sparkles/Library/Developer/Xcode/DerivedData/Expensio-futtgngxcysvvhcljmosbeftqmyc/Build/Products/Debug-iphonesimulator/XCFrameworkIntermediates/ReactNativeDependencies -F/Users/sparkles/Library/Developer/Xcode/DerivedData/Expensio-futtgngxcysvvhcljmosbeftqmyc/Build/Products/Debug-iphonesimulator/XCFrameworkIntermediates/hermes-engine/Pre-built '-DRCT_REMOVE_LEGACY_ARCH=1' '-fmodule-map-file=/Users/sparkles/Documents/CodingFiles/FullStack/expensioApp/frontend/ios/Pods/Headers/Public/ReactCodegen/ReactCodegen.modulemap' '-DRCT_REMOVE_LEGACY_ARCH=1' '-DREACT_NATIVE_MINOR_VERSION=86' '-DRCT_REMOVE_LEGACY_ARCH=1' -ivfsoverlay /Users/sparkles/Documents/CodingFiles/FullStack/expensioApp/frontend/ios/Pods/React-Core-prebuilt/React-VFS.yaml

WriteAuxiliaryFile /Users/sparkles/Library/Developer/Xcode/DerivedData/Expensio-futtgngxcysvvhcljmosbeftqmyc/Build/Intermediates.noindex/Pods.build/Debug-iphonesimulator/RNSVG.build/Objects-normal/arm64/af3fcb34312c57c0f52879cdce924b91-common-args.resp (in target 'RNSVG' from project 'Pods')
    cd /Users/sparkles/Documents/CodingFiles/FullStack/expensioApp/frontend/ios/Pods
    write-file /Users/sparkles/Library/Developer/Xcode/DerivedData/Expensio-futtgngxcysvvhcljmosbeftqmyc/Build/Intermediates.noindex/Pods.build/Debug-iphonesimulator/RNSVG.build/Objects-normal/arm64/af3fcb34312c57c0f52879cdce924b91-common-args.resp
'-std=c++20' '-stdlib=libc++' -fobjc-arc -fmodules -fno-cxx-modules '-fmodules-cache-path=/Users/sparkles/Library/Developer/Xcode/DerivedData/ModuleCache.noindex' '-D_LIBCPP_HARDENING_MODE=_LIBCPP_HARDENING_MODE_DEBUG' -fpascal-strings -O0 -fno-common '-DPOD_CONFIGURATION_DEBUG=1' '-DDEBUG=1' '-DCOCOAPODS=1' '-DOBJC_OLD_DISPATCH_PROTOTYPES=0' -g '-fobjc-abi-version=2' -fobjc-legacy-dispatch -iquote /Users/sparkles/Library/Developer/Xcode/DerivedData/Expensio-futtgngxcysvvhcljmosbeftqmyc/Build/Intermediates.noindex/Pods.build/Debug-iphonesimulator/RNSVG.build/RNSVG-generated-files.hmap -I/Users/sparkles/Library/Developer/Xcode/DerivedData/Expensio-futtgngxcysvvhcljmosbeftqmyc/Build/Intermediates.noindex/Pods.build/Debug-iphonesimulator/RNSVG.build/RNSVG-own-target-headers.hmap -I/Users/sparkles/Library/Developer/Xcode/DerivedData/Expensio-futtgngxcysvvhcljmosbeftqmyc/Build/Intermediates.noindex/Pods.build/Debug-iphonesimulator/RNSVG.build/RNSVG-all-non-framework-target-headers.hmap -ivfsoverlay /Users/sparkles/Library/Developer/Xcode/DerivedData/Expensio-futtgngxcysvvhcljmosbeftqmyc/Build/Intermediates.noindex/Pods.build/Debug-iphonesimulator/Pods-8699adb1dd336b26511df848a716bd42-VFS-iphonesimulator/all-product-headers.yaml -iquote /Users/sparkles/Library/Developer/Xcode/DerivedData/Expensio-futtgngxcysvvhcljmosbeftqmyc/Build/Intermediates.noindex/Pods.build/Debug-iphonesimulator/RNSVG.build/RNSVG-project-headers.hmap -I/Users/sparkles/Library/Developer/Xcode/DerivedData/Expensio-futtgngxcysvvhcljmosbeftqmyc/Build/Products/Debug-iphonesimulator/RNSVG/include -I/Users/sparkles/Documents/CodingFiles/FullStack/expensioApp/frontend/ios/Pods/Headers/Private -I/Users/sparkles/Documents/CodingFiles/FullStack/expensioApp/frontend/ios/Pods/Headers/Private/RNSVG -I/Users/sparkles/Documents/CodingFiles/FullStack/expensioApp/frontend/ios/Pods/Headers/Public -I/Users/sparkles/Documents/CodingFiles/FullStack/expensioApp/frontend/ios/Pods/Headers/Public/FBLazyVector -I/Users/sparkles/Documents/CodingFiles/FullStack/expensioApp/frontend/ios/Pods/Headers/Public/RCTDeprecation -I/Users/sparkles/Documents/CodingFiles/FullStack/expensioApp/frontend/ios/Pods/Headers/Public/RCTRequired -I/Users/sparkles/Documents/CodingFiles/FullStack/expensioApp/frontend/ios/Pods/Headers/Public/RCTSwiftUIWrapper -I/Users/sparkles/Documents/CodingFiles/FullStack/expensioApp/frontend/ios/Pods/Headers/Public/RCTTypeSafety -I/Users/sparkles/Documents/CodingFiles/FullStack/expensioApp/frontend/ios/Pods/Headers/Public/RNSVG -I/Users/sparkles/Documents/CodingFiles/FullStack/expensioApp/frontend/ios/Pods/Headers/Public/React-Core -I/Users/sparkles/Documents/CodingFiles/FullStack/expensioApp/frontend/ios/Pods/Headers/Public/React-Core-prebuilt -I/Users/sparkles/Documents/CodingFiles/FullStack/expensioApp/frontend/ios/Pods/Headers/Public/React-CoreModules -I/Users/sparkles/Documents/CodingFiles/FullStack/expensioApp/frontend/ios/Pods/Headers/Public/React-Fabric -I/Users/sparkles/Documents/CodingFiles/FullStack/expensioApp/frontend/ios/Pods/Headers/Public/React-FabricComponents -I/Users/sparkles/Documents/CodingFiles/FullStack/expensioApp/frontend/ios/Pods/Headers/Public/React-FabricImage -I/Users/sparkles/Documents/CodingFiles/FullStack/expensioApp/frontend/ios/Pods/Headers/Public/React-ImageManager -I/Users/sparkles/Documents/CodingFiles/FullStack/expensioApp/frontend/ios/Pods/Headers/Public/React-Mapbuffer -I/Users/sparkles/Documents/CodingFiles/FullStack/expensioApp/frontend/ios/Pods/Headers/Public/React-NativeModulesApple -I/Users/sparkles/Documents/CodingFiles/FullStack/expensioApp/frontend/ios/Pods/Headers/Public/React-RCTAnimation -I/Users/sparkles/Documents/CodingFiles/FullStack/expensioApp/frontend/ios/Pods/Headers/Public/React-RCTAppDelegate -I/Users/sparkles/Documents/CodingFiles/FullStack/expensioApp/frontend/ios/Pods/Headers/Public/React-RCTBlob -I/Users/sparkles/Documents/CodingFiles/FullStack/expensioApp/frontend/ios/Pods/Headers/Public/React-RCTFBReactNativeSpec -I/Users/sparkles/Documents/CodingFiles/FullStack/expensioApp/frontend/ios/Pods/Headers/Public/React-RCTFabric -I/Users/sparkles/Documents/CodingFiles/FullStack/expensioApp/frontend/ios/Pods/Headers/Public/React-RCTImage -I/Users/sparkles/Documents/CodingFiles/FullStack/expensioApp/frontend/ios/Pods/Headers/Public/React-RCTRuntime -I/Users/sparkles/Documents/CodingFiles/FullStack/expensioApp/frontend/ios/Pods/Headers/Public/React-RCTText -I/Users/sparkles/Documents/CodingFiles/FullStack/expensioApp/frontend/ios/Pods/Headers/Public/React-RuntimeApple -I/Users/sparkles/Documents/CodingFiles/FullStack/expensioApp/frontend/ios/Pods/Headers/Public/React-RuntimeCore -I/Users/sparkles/Documents/CodingFiles/FullStack/expensioApp/frontend/ios/Pods/Headers/Public/React-RuntimeHermes -I/Users/sparkles/Documents/CodingFiles/FullStack/expensioApp/frontend/ios/Pods/Headers/Public/React-callinvoker -I/Users/sparkles/Documents/CodingFiles/FullStack/expensioApp/frontend/ios/Pods/Headers/Public/React-cxxreact -I/Users/sparkles/Documents/CodingFiles/FullStack/expensioApp/frontend/ios/Pods/Headers/Public/React-debug -I/Users/sparkles/Documents/CodingFiles/FullStack/expensioApp/frontend/ios/Pods/Headers/Public/React-defaultsnativemodule -I/Users/sparkles/Documents/CodingFiles/FullStack/expensioApp/frontend/ios/Pods/Headers/Public/React-domnativemodule -I/Users/sparkles/Documents/CodingFiles/FullStack/expensioApp/frontend/ios/Pods/Headers/Public/React-featureflags -I/Users/sparkles/Documents/CodingFiles/FullStack/expensioApp/frontend/ios/Pods/Headers/Public/React-featureflagsnativemodule -I/Users/sparkles/Documents/CodingFiles/FullStack/expensioApp/frontend/ios/Pods/Headers/Public/React-graphics -I/Users/sparkles/Documents/CodingFiles/FullStack/expensioApp/frontend/ios/Pods/Headers/Public/React-hermes -I/Users/sparkles/Documents/CodingFiles/FullStack/expensioApp/frontend/ios/Pods/Headers/Public/React-idlecallbacksnativemodule -I/Users/sparkles/Documents/CodingFiles/FullStack/expensioApp/frontend/ios/Pods/Headers/Public/React-intersectionobservernativemodule -I/Users/sparkles/Documents/CodingFiles/FullStack/expensioApp/frontend/ios/Pods/Headers/Public/React-jserrorhandler -I/Users/sparkles/Documents/CodingFiles/FullStack/expensioApp/frontend/ios/Pods/Headers/Public/React-jsi -I/Users/sparkles/Documents/CodingFiles/FullStack/expensioApp/frontend/ios/Pods/Headers/Public/React-jsiexecutor -I/Users/sparkles/Documents/CodingFiles/FullStack/expensioApp/frontend/ios/Pods/Headers/Public/React-jsinspector -I/Users/sparkles/Documents/CodingFiles/FullStack/expensioApp/frontend/ios/Pods/Headers/Public/React-jsinspectorcdp -I/Users/sparkles/Documents/CodingFiles/FullStack/expensioApp/frontend/ios/Pods/Headers/Public/React-jsinspectornetwork -I/Users/sparkles/Documents/CodingFiles/FullStack/expensioApp/frontend/ios/Pods/Headers/Public/React-jsinspectortracing -I/Users/sparkles/Documents/CodingFiles/FullStack/expensioApp/frontend/ios/Pods/Headers/Public/React-jsitooling -I/Users/sparkles/Documents/CodingFiles/FullStack/expensioApp/frontend/ios/Pods/Headers/Public/React-logger -I/Users/sparkles/Documents/CodingFiles/FullStack/expensioApp/frontend/ios/Pods/Headers/Public/React-microtasksnativemodule -I/Users/sparkles/Documents/CodingFiles/FullStack/expensioApp/frontend/ios/Pods/Headers/Public/React-mutationobservernativemodule -I/Users/sparkles/Documents/CodingFiles/FullStack/expensioApp/frontend/ios/Pods/Headers/Public/React-networking -I/Users/sparkles/Documents/CodingFiles/FullStack/expensioApp/frontend/ios/Pods/Headers/Public/React-oscompat -I/Users/sparkles/Documents/CodingFiles/FullStack/expensioApp/frontend/ios/Pods/Headers/Public/React-perflogger -I/Users/sparkles/Documents/CodingFiles/FullStack/expensioApp/frontend/ios/Pods/Headers/Public/React-performancecdpmetrics -I/Users/sparkles/Documents/CodingFiles/FullStack/expensioApp/frontend/ios/Pods/Headers/Public/React-performancetimeline -I/Users/sparkles/Documents/CodingFiles/FullStack/expensioApp/frontend/ios/Pods/Headers/Public/React-rendererconsistency -I/Users/sparkles/Documents/CodingFiles/FullStack/expensioApp/frontend/ios/Pods/Headers/Public/React-renderercss -I/Users/sparkles/Documents/CodingFiles/FullStack/expensioApp/frontend/ios/Pods/Headers/Public/React-rendererdebug -I/Users/sparkles/Documents/CodingFiles/FullStack/expensioApp/frontend/ios/Pods/Headers/Public/React-runtimeexecutor -I/Users/sparkles/Documents/CodingFiles/FullStack/expensioApp/frontend/ios/Pods/Headers/Public/React-runtimescheduler -I/Users/sparkles/Documents/CodingFiles/FullStack/expensioApp/frontend/ios/Pods/Headers/Public/React-timing -I/Users/sparkles/Documents/CodingFiles/FullStack/expensioApp/frontend/ios/Pods/Headers/Public/React-utils -I/Users/sparkles/Documents/CodingFiles/FullStack/expensioApp/frontend/ios/Pods/Headers/Public/React-viewtransitionnativemodule -I/Users/sparkles/Documents/CodingFiles/FullStack/expensioApp/frontend/ios/Pods/Headers/Public/React-webperformancenativemodule -I/Users/sparkles/Documents/CodingFiles/FullStack/expensioApp/frontend/ios/Pods/Headers/Public/ReactCodegen -I/Users/sparkles/Documents/CodingFiles/FullStack/expensioApp/frontend/ios/Pods/Headers/Public/ReactCommon -I/Users/sparkles/Documents/CodingFiles/FullStack/expensioApp/frontend/ios/Pods/Headers/Public/ReactNativeDependencies -I/Users/sparkles/Documents/CodingFiles/FullStack/expensioApp/frontend/ios/Pods/Headers/Public/Yoga -I/Users/sparkles/Documents/CodingFiles/FullStack/expensioApp/frontend/ios/Pods/Headers/Public/hermes-engine -I/Users/sparkles/Documents/CodingFiles/FullStack/expensioApp/frontend/ios/Pods/Headers/Private/Yoga -I/Users/sparkles/Documents/CodingFiles/FullStack/expensioApp/frontend/ios/Pods/Headers/Private/Yoga -I/Users/sparkles/Documents/CodingFiles/FullStack/expensioApp/frontend/node_modules/react-native-svg/common/cpp -I/Users/sparkles/Documents/CodingFiles/FullStack/expensioApp/frontend/ios/Pods/ExpoModulesCore/ExpoModulesCore.xcframework/ios-arm64_x86_64-simulator/ExpoModulesCore.framework/Headers -I/Users/sparkles/Documents/CodingFiles/FullStack/expensioApp/frontend/ios/Pods/ExpoModulesCore/ExpoModulesCore.xcframework/ios-arm64/ExpoModulesCore.framework/Headers -I/Users/sparkles/Documents/CodingFiles/FullStack/expensioApp/frontend/ios/Pods/ExpoModulesCore/ExpoModulesCore.xcframework/ios-arm64_x86_64-simulator/ExpoModulesCore.framework/Headers -I/Users/sparkles/Documents/CodingFiles/FullStack/expensioApp/frontend/ios/Pods/ExpoModulesCore/ExpoModulesCore.xcframework/ios-arm64/ExpoModulesCore.framework/Headers -I/Users/sparkles/Library/Developer/Xcode/DerivedData/Expensio-futtgngxcysvvhcljmosbeftqmyc/Build/Intermediates.noindex/Pods.build/Debug-iphonesimulator/RNSVG.build/DerivedSources-normal/arm64 -I/Users/sparkles/Library/Developer/Xcode/DerivedData/Expensio-futtgngxcysvvhcljmosbeftqmyc/Build/Intermediates.noindex/Pods.build/Debug-iphonesimulator/RNSVG.build/DerivedSources/arm64 -I/Users/sparkles/Library/Developer/Xcode/DerivedData/Expensio-futtgngxcysvvhcljmosbeftqmyc/Build/Intermediates.noindex/Pods.build/Debug-iphonesimulator/RNSVG.build/DerivedSources -F/Users/sparkles/Library/Developer/Xcode/DerivedData/Expensio-futtgngxcysvvhcljmosbeftqmyc/Build/Products/Debug-iphonesimulator/RNSVG -F/Users/sparkles/Documents/CodingFiles/FullStack/expensioApp/frontend/ios/Pods/React-Core-prebuilt -F/Users/sparkles/Documents/CodingFiles/FullStack/expensioApp/frontend/ios/Pods/ReactNativeDependencies/framework/packages/react-native -F/Users/sparkles/Documents/CodingFiles/FullStack/expensioApp/frontend/ios/Pods/hermes-engine/destroot/Library/Frameworks/universal -F/Users/sparkles/Library/Developer/Xcode/DerivedData/Expensio-futtgngxcysvvhcljmosbeftqmyc/Build/Products/Debug-iphonesimulator/XCFrameworkIntermediates/React-Core-prebuilt -F/Users/sparkles/Library/Developer/Xcode/DerivedData/Expensio-futtgngxcysvvhcljmosbeftqmyc/Build/Products/Debug-iphonesimulator/XCFrameworkIntermediates/ReactNativeDependencies -F/Users/sparkles/Library/Developer/Xcode/DerivedData/Expensio-futtgngxcysvvhcljmosbeftqmyc/Build/Products/Debug-iphonesimulator/XCFrameworkIntermediates/hermes-engine/Pre-built '-DRCT_REMOVE_LEGACY_ARCH=1' '-fmodule-map-file=/Users/sparkles/Documents/CodingFiles/FullStack/expensioApp/frontend/ios/Pods/Headers/Public/ReactCodegen/ReactCodegen.modulemap' '-DRCT_REMOVE_LEGACY_ARCH=1' '-DREACT_NATIVE_MINOR_VERSION=86' '-DRCT_REMOVE_LEGACY_ARCH=1' -ivfsoverlay /Users/sparkles/Documents/CodingFiles/FullStack/expensioApp/frontend/ios/Pods/React-Core-prebuilt/React-VFS.yaml '-DRCT_REMOVE_LEGACY_ARCH=1' '-DRCT_NEW_ARCH_ENABLED=1' -ivfsoverlay /Users/sparkles/Documents/CodingFiles/FullStack/expensioApp/frontend/ios/Pods/React-Core-prebuilt/React-VFS.yaml

WriteAuxiliaryFile /Users/sparkles/Library/Developer/Xcode/DerivedData/Expensio-futtgngxcysvvhcljmosbeftqmyc/Build/Intermediates.noindex/Pods.build/Debug-iphonesimulator/RNSVG.build/Objects-normal/arm64/RNSVG.LinkFileList (in target 'RNSVG' from project 'Pods')
    cd /Users/sparkles/Documents/CodingFiles/FullStack/expensioApp/frontend/ios/Pods
    write-file /Users/sparkles/Library/Developer/Xcode/DerivedData/Expensio-futtgngxcysvvhcljmosbeftqmyc/Build/Intermediates.noindex/Pods.build/Debug-iphonesimulator/RNSVG.build/Objects-normal/arm64/RNSVG.LinkFileList

WriteAuxiliaryFile /Users/sparkles/Library/Developer/Xcode/DerivedData/Expensio-futtgngxcysvvhcljmosbeftqmyc/Build/Intermediates.noindex/Pods.build/Debug-iphonesimulator/RNSVG.build/Objects-normal/arm64/82b82416624d2658e5098eb0a28c15c5-common-args.resp (in target 'RNSVG' from project 'Pods')
    cd /Users/sparkles/Documents/CodingFiles/FullStack/expensioApp/frontend/ios/Pods
    write-file /Users/sparkles/Library/Developer/Xcode/DerivedData/Expensio-futtgngxcysvvhcljmosbeftqmyc/Build/Intermediates.noindex/Pods.build/Debug-iphonesimulator/RNSVG.build/Objects-normal/arm64/82b82416624d2658e5098eb0a28c15c5-common-args.resp
'-std=c++20' '-stdlib=libc++' -fmodules -fno-cxx-modules '-fmodules-cache-path=/Users/sparkles/Library/Developer/Xcode/DerivedData/ModuleCache.noindex' '-D_LIBCPP_HARDENING_MODE=_LIBCPP_HARDENING_MODE_DEBUG' -fpascal-strings -O0 -fno-common '-DPOD_CONFIGURATION_DEBUG=1' '-DDEBUG=1' '-DCOCOAPODS=1' -g -iquote /Users/sparkles/Library/Developer/Xcode/DerivedData/Expensio-futtgngxcysvvhcljmosbeftqmyc/Build/Intermediates.noindex/Pods.build/Debug-iphonesimulator/RNSVG.build/RNSVG-generated-files.hmap -I/Users/sparkles/Library/Developer/Xcode/DerivedData/Expensio-futtgngxcysvvhcljmosbeftqmyc/Build/Intermediates.noindex/Pods.build/Debug-iphonesimulator/RNSVG.build/RNSVG-own-target-headers.hmap -I/Users/sparkles/Library/Developer/Xcode/DerivedData/Expensio-futtgngxcysvvhcljmosbeftqmyc/Build/Intermediates.noindex/Pods.build/Debug-iphonesimulator/RNSVG.build/RNSVG-all-non-framework-target-headers.hmap -ivfsoverlay /Users/sparkles/Library/Developer/Xcode/DerivedData/Expensio-futtgngxcysvvhcljmosbeftqmyc/Build/Intermediates.noindex/Pods.build/Debug-iphonesimulator/Pods-8699adb1dd336b26511df848a716bd42-VFS-iphonesimulator/all-product-headers.yaml -iquote /Users/sparkles/Library/Developer/Xcode/DerivedData/Expensio-futtgngxcysvvhcljmosbeftqmyc/Build/Intermediates.noindex/Pods.build/Debug-iphonesimulator/RNSVG.build/RNSVG-project-headers.hmap -I/Users/sparkles/Library/Developer/Xcode/DerivedData/Expensio-futtgngxcysvvhcljmosbeftqmyc/Build/Products/Debug-iphonesimulator/RNSVG/include -I/Users/sparkles/Documents/CodingFiles/FullStack/expensioApp/frontend/ios/Pods/Headers/Private -I/Users/sparkles/Documents/CodingFiles/FullStack/expensioApp/frontend/ios/Pods/Headers/Private/RNSVG -I/Users/sparkles/Documents/CodingFiles/FullStack/expensioApp/frontend/ios/Pods/Headers/Public -I/Users/sparkles/Documents/CodingFiles/FullStack/expensioApp/frontend/ios/Pods/Headers/Public/FBLazyVector -I/Users/sparkles/Documents/CodingFiles/FullStack/expensioApp/frontend/ios/Pods/Headers/Public/RCTDeprecation -I/Users/sparkles/Documents/CodingFiles/FullStack/expensioApp/frontend/ios/Pods/Headers/Public/RCTRequired -I/Users/sparkles/Documents/CodingFiles/FullStack/expensioApp/frontend/ios/Pods/Headers/Public/RCTSwiftUIWrapper -I/Users/sparkles/Documents/CodingFiles/FullStack/expensioApp/frontend/ios/Pods/Headers/Public/RCTTypeSafety -I/Users/sparkles/Documents/CodingFiles/FullStack/expensioApp/frontend/ios/Pods/Headers/Public/RNSVG -I/Users/sparkles/Documents/CodingFiles/FullStack/expensioApp/frontend/ios/Pods/Headers/Public/React-Core -I/Users/sparkles/Documents/CodingFiles/FullStack/expensioApp/frontend/ios/Pods/Headers/Public/React-Core-prebuilt -I/Users/sparkles/Documents/CodingFiles/FullStack/expensioApp/frontend/ios/Pods/Headers/Public/React-CoreModules -I/Users/sparkles/Documents/CodingFiles/FullStack/expensioApp/frontend/ios/Pods/Headers/Public/React-Fabric -I/Users/sparkles/Documents/CodingFiles/FullStack/expensioApp/frontend/ios/Pods/Headers/Public/React-FabricComponents -I/Users/sparkles/Documents/CodingFiles/FullStack/expensioApp/frontend/ios/Pods/Headers/Public/React-FabricImage -I/Users/sparkles/Documents/CodingFiles/FullStack/expensioApp/frontend/ios/Pods/Headers/Public/React-ImageManager -I/Users/sparkles/Documents/CodingFiles/FullStack/expensioApp/frontend/ios/Pods/Headers/Public/React-Mapbuffer -I/Users/sparkles/Documents/CodingFiles/FullStack/expensioApp/frontend/ios/Pods/Headers/Public/React-NativeModulesApple -I/Users/sparkles/Documents/CodingFiles/FullStack/expensioApp/frontend/ios/Pods/Headers/Public/React-RCTAnimation -I/Users/sparkles/Documents/CodingFiles/FullStack/expensioApp/frontend/ios/Pods/Headers/Public/React-RCTAppDelegate -I/Users/sparkles/Documents/CodingFiles/FullStack/expensioApp/frontend/ios/Pods/Headers/Public/React-RCTBlob -I/Users/sparkles/Documents/CodingFiles/FullStack/expensioApp/frontend/ios/Pods/Headers/Public/React-RCTFBReactNativeSpec -I/Users/sparkles/Documents/CodingFiles/FullStack/expensioApp/frontend/ios/Pods/Headers/Public/React-RCTFabric -I/Users/sparkles/Documents/CodingFiles/FullStack/expensioApp/frontend/ios/Pods/Headers/Public/React-RCTImage -I/Users/sparkles/Documents/CodingFiles/FullStack/expensioApp/frontend/ios/Pods/Headers/Public/React-RCTRuntime -I/Users/sparkles/Documents/CodingFiles/FullStack/expensioApp/frontend/ios/Pods/Headers/Public/React-RCTText -I/Users/sparkles/Documents/CodingFiles/FullStack/expensioApp/frontend/ios/Pods/Headers/Public/React-RuntimeApple -I/Users/sparkles/Documents/CodingFiles/FullStack/expensioApp/frontend/ios/Pods/Headers/Public/React-RuntimeCore -I/Users/sparkles/Documents/CodingFiles/FullStack/expensioApp/frontend/ios/Pods/Headers/Public/React-RuntimeHermes -I/Users/sparkles/Documents/CodingFiles/FullStack/expensioApp/frontend/ios/Pods/Headers/Public/React-callinvoker -I/Users/sparkles/Documents/CodingFiles/FullStack/expensioApp/frontend/ios/Pods/Headers/Public/React-cxxreact -I/Users/sparkles/Documents/CodingFiles/FullStack/expensioApp/frontend/ios/Pods/Headers/Public/React-debug -I/Users/sparkles/Documents/CodingFiles/FullStack/expensioApp/frontend/ios/Pods/Headers/Public/React-defaultsnativemodule -I/Users/sparkles/Documents/CodingFiles/FullStack/expensioApp/frontend/ios/Pods/Headers/Public/React-domnativemodule -I/Users/sparkles/Documents/CodingFiles/FullStack/expensioApp/frontend/ios/Pods/Headers/Public/React-featureflags -I/Users/sparkles/Documents/CodingFiles/FullStack/expensioApp/frontend/ios/Pods/Headers/Public/React-featureflagsnativemodule -I/Users/sparkles/Documents/CodingFiles/FullStack/expensioApp/frontend/ios/Pods/Headers/Public/React-graphics -I/Users/sparkles/Documents/CodingFiles/FullStack/expensioApp/frontend/ios/Pods/Headers/Public/React-hermes -I/Users/sparkles/Documents/CodingFiles/FullStack/expensioApp/frontend/ios/Pods/Headers/Public/React-idlecallbacksnativemodule -I/Users/sparkles/Documents/CodingFiles/FullStack/expensioApp/frontend/ios/Pods/Headers/Public/React-intersectionobservernativemodule -I/Users/sparkles/Documents/CodingFiles/FullStack/expensioApp/frontend/ios/Pods/Headers/Public/React-jserrorhandler -I/Users/sparkles/Documents/CodingFiles/FullStack/expensioApp/frontend/ios/Pods/Headers/Public/React-jsi -I/Users/sparkles/Documents/CodingFiles/FullStack/expensioApp/frontend/ios/Pods/Headers/Public/React-jsiexecutor -I/Users/sparkles/Documents/CodingFiles/FullStack/expensioApp/frontend/ios/Pods/Headers/Public/React-jsinspector -I/Users/sparkles/Documents/CodingFiles/FullStack/expensioApp/frontend/ios/Pods/Headers/Public/React-jsinspectorcdp -I/Users/sparkles/Documents/CodingFiles/FullStack/expensioApp/frontend/ios/Pods/Headers/Public/React-jsinspectornetwork -I/Users/sparkles/Documents/CodingFiles/FullStack/expensioApp/frontend/ios/Pods/Headers/Public/React-jsinspectortracing -I/Users/sparkles/Documents/CodingFiles/FullStack/expensioApp/frontend/ios/Pods/Headers/Public/React-jsitooling -I/Users/sparkles/Documents/CodingFiles/FullStack/expensioApp/frontend/ios/Pods/Headers/Public/React-logger -I/Users/sparkles/Documents/CodingFiles/FullStack/expensioApp/frontend/ios/Pods/Headers/Public/React-microtasksnativemodule -I/Users/sparkles/Documents/CodingFiles/FullStack/expensioApp/frontend/ios/Pods/Headers/Public/React-mutationobservernativemodule -I/Users/sparkles/Documents/CodingFiles/FullStack/expensioApp/frontend/ios/Pods/Headers/Public/React-networking -I/Users/sparkles/Documents/CodingFiles/FullStack/expensioApp/frontend/ios/Pods/Headers/Public/React-oscompat -I/Users/sparkles/Documents/CodingFiles/FullStack/expensioApp/frontend/ios/Pods/Headers/Public/React-perflogger -I/Users/sparkles/Documents/CodingFiles/FullStack/expensioApp/frontend/ios/Pods/Headers/Public/React-performancecdpmetrics -I/Users/sparkles/Documents/CodingFiles/FullStack/expensioApp/frontend/ios/Pods/Headers/Public/React-performancetimeline -I/Users/sparkles/Documents/CodingFiles/FullStack/expensioApp/frontend/ios/Pods/Headers/Public/React-rendererconsistency -I/Users/sparkles/Documents/CodingFiles/FullStack/expensioApp/frontend/ios/Pods/Headers/Public/React-renderercss -I/Users/sparkles/Documents/CodingFiles/FullStack/expensioApp/frontend/ios/Pods/Headers/Public/React-rendererdebug -I/Users/sparkles/Documents/CodingFiles/FullStack/expensioApp/frontend/ios/Pods/Headers/Public/React-runtimeexecutor -I/Users/sparkles/Documents/CodingFiles/FullStack/expensioApp/frontend/ios/Pods/Headers/Public/React-runtimescheduler -I/Users/sparkles/Documents/CodingFiles/FullStack/expensioApp/frontend/ios/Pods/Headers/Public/React-timing -I/Users/sparkles/Documents/CodingFiles/FullStack/expensioApp/frontend/ios/Pods/Headers/Public/React-utils -I/Users/sparkles/Documents/CodingFiles/FullStack/expensioApp/frontend/ios/Pods/Headers/Public/React-viewtransitionnativemodule -I/Users/sparkles/Documents/CodingFiles/FullStack/expensioApp/frontend/ios/Pods/Headers/Public/React-webperformancenativemodule -I/Users/sparkles/Documents/CodingFiles/FullStack/expensioApp/frontend/ios/Pods/Headers/Public/ReactCodegen -I/Users/sparkles/Documents/CodingFiles/FullStack/expensioApp/frontend/ios/Pods/Headers/Public/ReactCommon -I/Users/sparkles/Documents/CodingFiles/FullStack/expensioApp/frontend/ios/Pods/Headers/Public/ReactNativeDependencies -I/Users/sparkles/Documents/CodingFiles/FullStack/expensioApp/frontend/ios/Pods/Headers/Public/Yoga -I/Users/sparkles/Documents/CodingFiles/FullStack/expensioApp/frontend/ios/Pods/Headers/Public/hermes-engine -I/Users/sparkles/Documents/CodingFiles/FullStack/expensioApp/frontend/ios/Pods/Headers/Private/Yoga -I/Users/sparkles/Documents/CodingFiles/FullStack/expensioApp/frontend/ios/Pods/Headers/Private/Yoga -I/Users/sparkles/Documents/CodingFiles/FullStack/expensioApp/frontend/node_modules/react-native-svg/common/cpp -I/Users/sparkles/Documents/CodingFiles/FullStack/expensioApp/frontend/ios/Pods/ExpoModulesCore/ExpoModulesCore.xcframework/ios-arm64_x86_64-simulator/ExpoModulesCore.framework/Headers -I/Users/sparkles/Documents/CodingFiles/FullStack/expensioApp/frontend/ios/Pods/ExpoModulesCore/ExpoModulesCore.xcframework/ios-arm64/ExpoModulesCore.framework/Headers -I/Users/sparkles/Documents/CodingFiles/FullStack/expensioApp/frontend/ios/Pods/ExpoModulesCore/ExpoModulesCore.xcframework/ios-arm64_x86_64-simulator/ExpoModulesCore.framework/Headers -I/Users/sparkles/Documents/CodingFiles/FullStack/expensioApp/frontend/ios/Pods/ExpoModulesCore/ExpoModulesCore.xcframework/ios-arm64/ExpoModulesCore.framework/Headers -I/Users/sparkles/Library/Developer/Xcode/DerivedData/Expensio-futtgngxcysvvhcljmosbeftqmyc/Build/Intermediates.noindex/Pods.build/Debug-iphonesimulator/RNSVG.build/DerivedSources-normal/arm64 -I/Users/sparkles/Library/Developer/Xcode/DerivedData/Expensio-futtgngxcysvvhcljmosbeftqmyc/Build/Intermediates.noindex/Pods.build/Debug-iphonesimulator/RNSVG.build/DerivedSources/arm64 -I/Users/sparkles/Library/Developer/Xcode/DerivedData/Expensio-futtgngxcysvvhcljmosbeftqmyc/Build/Intermediates.noindex/Pods.build/Debug-iphonesimulator/RNSVG.build/DerivedSources -F/Users/sparkles/Library/Developer/Xcode/DerivedData/Expensio-futtgngxcysvvhcljmosbeftqmyc/Build/Products/Debug-iphonesimulator/RNSVG -F/Users/sparkles/Documents/CodingFiles/FullStack/expensioApp/frontend/ios/Pods/React-Core-prebuilt -F/Users/sparkles/Documents/CodingFiles/FullStack/expensioApp/frontend/ios/Pods/ReactNativeDependencies/framework/packages/react-native -F/Users/sparkles/Documents/CodingFiles/FullStack/expensioApp/frontend/ios/Pods/hermes-engine/destroot/Library/Frameworks/universal -F/Users/sparkles/Library/Developer/Xcode/DerivedData/Expensio-futtgngxcysvvhcljmosbeftqmyc/Build/Products/Debug-iphonesimulator/XCFrameworkIntermediates/React-Core-prebuilt -F/Users/sparkles/Library/Developer/Xcode/DerivedData/Expensio-futtgngxcysvvhcljmosbeftqmyc/Build/Products/Debug-iphonesimulator/XCFrameworkIntermediates/ReactNativeDependencies -F/Users/sparkles/Library/Developer/Xcode/DerivedData/Expensio-futtgngxcysvvhcljmosbeftqmyc/Build/Products/Debug-iphonesimulator/XCFrameworkIntermediates/hermes-engine/Pre-built '-DRCT_REMOVE_LEGACY_ARCH=1' '-fmodule-map-file=/Users/sparkles/Documents/CodingFiles/FullStack/expensioApp/frontend/ios/Pods/Headers/Public/ReactCodegen/ReactCodegen.modulemap' '-DRCT_REMOVE_LEGACY_ARCH=1' '-DREACT_NATIVE_MINOR_VERSION=86' '-DRCT_REMOVE_LEGACY_ARCH=1' -ivfsoverlay /Users/sparkles/Documents/CodingFiles/FullStack/expensioApp/frontend/ios/Pods/React-Core-prebuilt/React-VFS.yaml '-DRCT_REMOVE_LEGACY_ARCH=1' '-DRCT_NEW_ARCH_ENABLED=1' -ivfsoverlay /Users/sparkles/Documents/CodingFiles/FullStack/expensioApp/frontend/ios/Pods/React-Core-prebuilt/React-VFS.yaml

WriteAuxiliaryFile /Users/sparkles/Library/Developer/Xcode/DerivedData/Expensio-futtgngxcysvvhcljmosbeftqmyc/Build/Intermediates.noindex/Pods.build/Debug-iphonesimulator/RNCPicker.build/RNCPicker.hmap (in target 'RNCPicker' from project 'Pods')
    cd /Users/sparkles/Documents/CodingFiles/FullStack/expensioApp/frontend/ios/Pods
    write-file /Users/sparkles/Library/Developer/Xcode/DerivedData/Expensio-futtgngxcysvvhcljmosbeftqmyc/Build/Intermediates.noindex/Pods.build/Debug-iphonesimulator/RNCPicker.build/RNCPicker.hmap

WriteAuxiliaryFile /Users/sparkles/Library/Developer/Xcode/DerivedData/Expensio-futtgngxcysvvhcljmosbeftqmyc/Build/Intermediates.noindex/Pods.build/Debug-iphonesimulator/RNCPicker.build/RNCPicker.DependencyStaticMetadataFileList (in target 'RNCPicker' from project 'Pods')
    cd /Users/sparkles/Documents/CodingFiles/FullStack/expensioApp/frontend/ios/Pods
    write-file /Users/sparkles/Library/Developer/Xcode/DerivedData/Expensio-futtgngxcysvvhcljmosbeftqmyc/Build/Intermediates.noindex/Pods.build/Debug-iphonesimulator/RNCPicker.build/RNCPicker.DependencyStaticMetadataFileList

WriteAuxiliaryFile /Users/sparkles/Library/Developer/Xcode/DerivedData/Expensio-futtgngxcysvvhcljmosbeftqmyc/Build/Intermediates.noindex/Pods.build/Debug-iphonesimulator/RNCPicker.build/RNCPicker.DependencyMetadataFileList (in target 'RNCPicker' from project 'Pods')
    cd /Users/sparkles/Documents/CodingFiles/FullStack/expensioApp/frontend/ios/Pods
    write-file /Users/sparkles/Library/Developer/Xcode/DerivedData/Expensio-futtgngxcysvvhcljmosbeftqmyc/Build/Intermediates.noindex/Pods.build/Debug-iphonesimulator/RNCPicker.build/RNCPicker.DependencyMetadataFileList

WriteAuxiliaryFile /Users/sparkles/Library/Developer/Xcode/DerivedData/Expensio-futtgngxcysvvhcljmosbeftqmyc/Build/Intermediates.noindex/Pods.build/Debug-iphonesimulator/RNCPicker.build/RNCPicker-project-headers.hmap (in target 'RNCPicker' from project 'Pods')
    cd /Users/sparkles/Documents/CodingFiles/FullStack/expensioApp/frontend/ios/Pods
    write-file /Users/sparkles/Library/Developer/Xcode/DerivedData/Expensio-futtgngxcysvvhcljmosbeftqmyc/Build/Intermediates.noindex/Pods.build/Debug-iphonesimulator/RNCPicker.build/RNCPicker-project-headers.hmap

WriteAuxiliaryFile /Users/sparkles/Library/Developer/Xcode/DerivedData/Expensio-futtgngxcysvvhcljmosbeftqmyc/Build/Intermediates.noindex/Pods.build/Debug-iphonesimulator/RNCPicker.build/RNCPicker-own-target-headers.hmap (in target 'RNCPicker' from project 'Pods')
    cd /Users/sparkles/Documents/CodingFiles/FullStack/expensioApp/frontend/ios/Pods
    write-file /Users/sparkles/Library/Developer/Xcode/DerivedData/Expensio-futtgngxcysvvhcljmosbeftqmyc/Build/Intermediates.noindex/Pods.build/Debug-iphonesimulator/RNCPicker.build/RNCPicker-own-target-headers.hmap

WriteAuxiliaryFile /Users/sparkles/Library/Developer/Xcode/DerivedData/Expensio-futtgngxcysvvhcljmosbeftqmyc/Build/Intermediates.noindex/Pods.build/Debug-iphonesimulator/RNCPicker.build/RNCPicker-generated-files.hmap (in target 'RNCPicker' from project 'Pods')
    cd /Users/sparkles/Documents/CodingFiles/FullStack/expensioApp/frontend/ios/Pods
    write-file /Users/sparkles/Library/Developer/Xcode/DerivedData/Expensio-futtgngxcysvvhcljmosbeftqmyc/Build/Intermediates.noindex/Pods.build/Debug-iphonesimulator/RNCPicker.build/RNCPicker-generated-files.hmap

WriteAuxiliaryFile /Users/sparkles/Library/Developer/Xcode/DerivedData/Expensio-futtgngxcysvvhcljmosbeftqmyc/Build/Intermediates.noindex/Pods.build/Debug-iphonesimulator/RNCPicker.build/RNCPicker-all-target-headers.hmap (in target 'RNCPicker' from project 'Pods')
    cd /Users/sparkles/Documents/CodingFiles/FullStack/expensioApp/frontend/ios/Pods
    write-file /Users/sparkles/Library/Developer/Xcode/DerivedData/Expensio-futtgngxcysvvhcljmosbeftqmyc/Build/Intermediates.noindex/Pods.build/Debug-iphonesimulator/RNCPicker.build/RNCPicker-all-target-headers.hmap

WriteAuxiliaryFile /Users/sparkles/Library/Developer/Xcode/DerivedData/Expensio-futtgngxcysvvhcljmosbeftqmyc/Build/Intermediates.noindex/Pods.build/Debug-iphonesimulator/RNCPicker.build/RNCPicker-all-non-framework-target-headers.hmap (in target 'RNCPicker' from project 'Pods')
    cd /Users/sparkles/Documents/CodingFiles/FullStack/expensioApp/frontend/ios/Pods
    write-file /Users/sparkles/Library/Developer/Xcode/DerivedData/Expensio-futtgngxcysvvhcljmosbeftqmyc/Build/Intermediates.noindex/Pods.build/Debug-iphonesimulator/RNCPicker.build/RNCPicker-all-non-framework-target-headers.hmap

WriteAuxiliaryFile /Users/sparkles/Library/Developer/Xcode/DerivedData/Expensio-futtgngxcysvvhcljmosbeftqmyc/Build/Intermediates.noindex/Pods.build/Debug-iphonesimulator/RNCPicker.build/Objects-normal/x86_64/af3fcb34312c57c0f52879cdce924b91-common-args.resp (in target 'RNCPicker' from project 'Pods')
    cd /Users/sparkles/Documents/CodingFiles/FullStack/expensioApp/frontend/ios/Pods
    write-file /Users/sparkles/Library/Developer/Xcode/DerivedData/Expensio-futtgngxcysvvhcljmosbeftqmyc/Build/Intermediates.noindex/Pods.build/Debug-iphonesimulator/RNCPicker.build/Objects-normal/x86_64/af3fcb34312c57c0f52879cdce924b91-common-args.resp
'-std=c++20' '-stdlib=libc++' -fobjc-arc -fmodules -fno-cxx-modules '-fmodules-cache-path=/Users/sparkles/Library/Developer/Xcode/DerivedData/ModuleCache.noindex' '-D_LIBCPP_HARDENING_MODE=_LIBCPP_HARDENING_MODE_DEBUG' -fpascal-strings -O0 -fno-common '-DPOD_CONFIGURATION_DEBUG=1' '-DDEBUG=1' '-DCOCOAPODS=1' '-DOBJC_OLD_DISPATCH_PROTOTYPES=0' -fasm-blocks -g '-fobjc-abi-version=2' -fobjc-legacy-dispatch -iquote /Users/sparkles/Library/Developer/Xcode/DerivedData/Expensio-futtgngxcysvvhcljmosbeftqmyc/Build/Intermediates.noindex/Pods.build/Debug-iphonesimulator/RNCPicker.build/RNCPicker-generated-files.hmap -I/Users/sparkles/Library/Developer/Xcode/DerivedData/Expensio-futtgngxcysvvhcljmosbeftqmyc/Build/Intermediates.noindex/Pods.build/Debug-iphonesimulator/RNCPicker.build/RNCPicker-own-target-headers.hmap -I/Users/sparkles/Library/Developer/Xcode/DerivedData/Expensio-futtgngxcysvvhcljmosbeftqmyc/Build/Intermediates.noindex/Pods.build/Debug-iphonesimulator/RNCPicker.build/RNCPicker-all-non-framework-target-headers.hmap -ivfsoverlay /Users/sparkles/Library/Developer/Xcode/DerivedData/Expensio-futtgngxcysvvhcljmosbeftqmyc/Build/Intermediates.noindex/Pods.build/Debug-iphonesimulator/Pods-8699adb1dd336b26511df848a716bd42-VFS-iphonesimulator/all-product-headers.yaml -iquote /Users/sparkles/Library/Developer/Xcode/DerivedData/Expensio-futtgngxcysvvhcljmosbeftqmyc/Build/Intermediates.noindex/Pods.build/Debug-iphonesimulator/RNCPicker.build/RNCPicker-project-headers.hmap -I/Users/sparkles/Library/Developer/Xcode/DerivedData/Expensio-futtgngxcysvvhcljmosbeftqmyc/Build/Products/Debug-iphonesimulator/RNCPicker/include -I/Users/sparkles/Documents/CodingFiles/FullStack/expensioApp/frontend/ios/Pods/Headers/Private -I/Users/sparkles/Documents/CodingFiles/FullStack/expensioApp/frontend/ios/Pods/Headers/Private/RNCPicker -I/Users/sparkles/Documents/CodingFiles/FullStack/expensioApp/frontend/ios/Pods/Headers/Public -I/Users/sparkles/Documents/CodingFiles/FullStack/expensioApp/frontend/ios/Pods/Headers/Public/FBLazyVector -I/Users/sparkles/Documents/CodingFiles/FullStack/expensioApp/frontend/ios/Pods/Headers/Public/RCTDeprecation -I/Users/sparkles/Documents/CodingFiles/FullStack/expensioApp/frontend/ios/Pods/Headers/Public/RCTRequired -I/Users/sparkles/Documents/CodingFiles/FullStack/expensioApp/frontend/ios/Pods/Headers/Public/RCTSwiftUIWrapper -I/Users/sparkles/Documents/CodingFiles/FullStack/expensioApp/frontend/ios/Pods/Headers/Public/RCTTypeSafety -I/Users/sparkles/Documents/CodingFiles/FullStack/expensioApp/frontend/ios/Pods/Headers/Public/RNCPicker -I/Users/sparkles/Documents/CodingFiles/FullStack/expensioApp/frontend/ios/Pods/Headers/Public/React-Core -I/Users/sparkles/Documents/CodingFiles/FullStack/expensioApp/frontend/ios/Pods/Headers/Public/React-Core-prebuilt -I/Users/sparkles/Documents/CodingFiles/FullStack/expensioApp/frontend/ios/Pods/Headers/Public/React-CoreModules -I/Users/sparkles/Documents/CodingFiles/FullStack/expensioApp/frontend/ios/Pods/Headers/Public/React-Fabric -I/Users/sparkles/Documents/CodingFiles/FullStack/expensioApp/frontend/ios/Pods/Headers/Public/React-FabricComponents -I/Users/sparkles/Documents/CodingFiles/FullStack/expensioApp/frontend/ios/Pods/Headers/Public/React-FabricImage -I/Users/sparkles/Documents/CodingFiles/FullStack/expensioApp/frontend/ios/Pods/Headers/Public/React-ImageManager -I/Users/sparkles/Documents/CodingFiles/FullStack/expensioApp/frontend/ios/Pods/Headers/Public/React-Mapbuffer -I/Users/sparkles/Documents/CodingFiles/FullStack/expensioApp/frontend/ios/Pods/Headers/Public/React-NativeModulesApple -I/Users/sparkles/Documents/CodingFiles/FullStack/expensioApp/frontend/ios/Pods/Headers/Public/React-RCTAnimation -I/Users/sparkles/Documents/CodingFiles/FullStack/expensioApp/frontend/ios/Pods/Headers/Public/React-RCTAppDelegate -I/Users/sparkles/Documents/CodingFiles/FullStack/expensioApp/frontend/ios/Pods/Headers/Public/React-RCTBlob -I/Users/sparkles/Documents/CodingFiles/FullStack/expensioApp/frontend/ios/Pods/Headers/Public/React-RCTFBReactNativeSpec -I/Users/sparkles/Documents/CodingFiles/FullStack/expensioApp/frontend/ios/Pods/Headers/Public/React-RCTFabric -I/Users/sparkles/Documents/CodingFiles/FullStack/expensioApp/frontend/ios/Pods/Headers/Public/React-RCTImage -I/Users/sparkles/Documents/CodingFiles/FullStack/expensioApp/frontend/ios/Pods/Headers/Public/React-RCTRuntime -I/Users/sparkles/Documents/CodingFiles/FullStack/expensioApp/frontend/ios/Pods/Headers/Public/React-RCTText -I/Users/sparkles/Documents/CodingFiles/FullStack/expensioApp/frontend/ios/Pods/Headers/Public/React-RuntimeApple -I/Users/sparkles/Documents/CodingFiles/FullStack/expensioApp/frontend/ios/Pods/Headers/Public/React-RuntimeCore -I/Users/sparkles/Documents/CodingFiles/FullStack/expensioApp/frontend/ios/Pods/Headers/Public/React-RuntimeHermes -I/Users/sparkles/Documents/CodingFiles/FullStack/expensioApp/frontend/ios/Pods/Headers/Public/React-callinvoker -I/Users/sparkles/Documents/CodingFiles/FullStack/expensioApp/frontend/ios/Pods/Headers/Public/React-cxxreact -I/Users/sparkles/Documents/CodingFiles/FullStack/expensioApp/frontend/ios/Pods/Headers/Public/React-debug -I/Users/sparkles/Documents/CodingFiles/FullStack/expensioApp/frontend/ios/Pods/Headers/Public/React-defaultsnativemodule -I/Users/sparkles/Documents/CodingFiles/FullStack/expensioApp/frontend/ios/Pods/Headers/Public/React-domnativemodule -I/Users/sparkles/Documents/CodingFiles/FullStack/expensioApp/frontend/ios/Pods/Headers/Public/React-featureflags -I/Users/sparkles/Documents/CodingFiles/FullStack/expensioApp/frontend/ios/Pods/Headers/Public/React-featureflagsnativemodule -I/Users/sparkles/Documents/CodingFiles/FullStack/expensioApp/frontend/ios/Pods/Headers/Public/React-graphics -I/Users/sparkles/Documents/CodingFiles/FullStack/expensioApp/frontend/ios/Pods/Headers/Public/React-hermes -I/Users/sparkles/Documents/CodingFiles/FullStack/expensioApp/frontend/ios/Pods/Headers/Public/React-idlecallbacksnativemodule -I/Users/sparkles/Documents/CodingFiles/FullStack/expensioApp/frontend/ios/Pods/Headers/Public/React-intersectionobservernativemodule -I/Users/sparkles/Documents/CodingFiles/FullStack/expensioApp/frontend/ios/Pods/Headers/Public/React-jserrorhandler -I/Users/sparkles/Documents/CodingFiles/FullStack/expensioApp/frontend/ios/Pods/Headers/Public/React-jsi -I/Users/sparkles/Documents/CodingFiles/FullStack/expensioApp/frontend/ios/Pods/Headers/Public/React-jsiexecutor -I/Users/sparkles/Documents/CodingFiles/FullStack/expensioApp/frontend/ios/Pods/Headers/Public/React-jsinspector -I/Users/sparkles/Documents/CodingFiles/FullStack/expensioApp/frontend/ios/Pods/Headers/Public/React-jsinspectorcdp -I/Users/sparkles/Documents/CodingFiles/FullStack/expensioApp/frontend/ios/Pods/Headers/Public/React-jsinspectornetwork -I/Users/sparkles/Documents/CodingFiles/FullStack/expensioApp/frontend/ios/Pods/Headers/Public/React-jsinspectortracing -I/Users/sparkles/Documents/CodingFiles/FullStack/expensioApp/frontend/ios/Pods/Headers/Public/React-jsitooling -I/Users/sparkles/Documents/CodingFiles/FullStack/expensioApp/frontend/ios/Pods/Headers/Public/React-logger -I/Users/sparkles/Documents/CodingFiles/FullStack/expensioApp/frontend/ios/Pods/Headers/Public/React-microtasksnativemodule -I/Users/sparkles/Documents/CodingFiles/FullStack/expensioApp/frontend/ios/Pods/Headers/Public/React-mutationobservernativemodule -I/Users/sparkles/Documents/CodingFiles/FullStack/expensioApp/frontend/ios/Pods/Headers/Public/React-networking -I/Users/sparkles/Documents/CodingFiles/FullStack/expensioApp/frontend/ios/Pods/Headers/Public/React-oscompat -I/Users/sparkles/Documents/CodingFiles/FullStack/expensioApp/frontend/ios/Pods/Headers/Public/React-perflogger -I/Users/sparkles/Documents/CodingFiles/FullStack/expensioApp/frontend/ios/Pods/Headers/Public/React-performancecdpmetrics -I/Users/sparkles/Documents/CodingFiles/FullStack/expensioApp/frontend/ios/Pods/Headers/Public/React-performancetimeline -I/Users/sparkles/Documents/CodingFiles/FullStack/expensioApp/frontend/ios/Pods/Headers/Public/React-rendererconsistency -I/Users/sparkles/Documents/CodingFiles/FullStack/expensioApp/frontend/ios/Pods/Headers/Public/React-renderercss -I/Users/sparkles/Documents/CodingFiles/FullStack/expensioApp/frontend/ios/Pods/Headers/Public/React-rendererdebug -I/Users/sparkles/Documents/CodingFiles/FullStack/expensioApp/frontend/ios/Pods/Headers/Public/React-runtimeexecutor -I/Users/sparkles/Documents/CodingFiles/FullStack/expensioApp/frontend/ios/Pods/Headers/Public/React-runtimescheduler -I/Users/sparkles/Documents/CodingFiles/FullStack/expensioApp/frontend/ios/Pods/Headers/Public/React-timing -I/Users/sparkles/Documents/CodingFiles/FullStack/expensioApp/frontend/ios/Pods/Headers/Public/React-utils -I/Users/sparkles/Documents/CodingFiles/FullStack/expensioApp/frontend/ios/Pods/Headers/Public/React-viewtransitionnativemodule -I/Users/sparkles/Documents/CodingFiles/FullStack/expensioApp/frontend/ios/Pods/Headers/Public/React-webperformancenativemodule -I/Users/sparkles/Documents/CodingFiles/FullStack/expensioApp/frontend/ios/Pods/Headers/Public/ReactCodegen -I/Users/sparkles/Documents/CodingFiles/FullStack/expensioApp/frontend/ios/Pods/Headers/Public/ReactCommon -I/Users/sparkles/Documents/CodingFiles/FullStack/expensioApp/frontend/ios/Pods/Headers/Public/ReactNativeDependencies -I/Users/sparkles/Documents/CodingFiles/FullStack/expensioApp/frontend/ios/Pods/Headers/Public/Yoga -I/Users/sparkles/Documents/CodingFiles/FullStack/expensioApp/frontend/ios/Pods/Headers/Public/hermes-engine -I/Users/sparkles/Documents/CodingFiles/FullStack/expensioApp/frontend/ios/Pods/Headers/Private/Yoga -I/Users/sparkles/Documents/CodingFiles/FullStack/expensioApp/frontend/ios/Pods/ExpoModulesCore/ExpoModulesCore.xcframework/ios-arm64_x86_64-simulator/ExpoModulesCore.framework/Headers -I/Users/sparkles/Documents/CodingFiles/FullStack/expensioApp/frontend/ios/Pods/ExpoModulesCore/ExpoModulesCore.xcframework/ios-arm64/ExpoModulesCore.framework/Headers -I/Users/sparkles/Documents/CodingFiles/FullStack/expensioApp/frontend/ios/Pods/ExpoModulesCore/ExpoModulesCore.xcframework/ios-arm64_x86_64-simulator/ExpoModulesCore.framework/Headers -I/Users/sparkles/Documents/CodingFiles/FullStack/expensioApp/frontend/ios/Pods/ExpoModulesCore/ExpoModulesCore.xcframework/ios-arm64/ExpoModulesCore.framework/Headers -I/Users/sparkles/Library/Developer/Xcode/DerivedData/Expensio-futtgngxcysvvhcljmosbeftqmyc/Build/Intermediates.noindex/Pods.build/Debug-iphonesimulator/RNCPicker.build/DerivedSources-normal/x86_64 -I/Users/sparkles/Library/Developer/Xcode/DerivedData/Expensio-futtgngxcysvvhcljmosbeftqmyc/Build/Intermediates.noindex/Pods.build/Debug-iphonesimulator/RNCPicker.build/DerivedSources/x86_64 -I/Users/sparkles/Library/Developer/Xcode/DerivedData/Expensio-futtgngxcysvvhcljmosbeftqmyc/Build/Intermediates.noindex/Pods.build/Debug-iphonesimulator/RNCPicker.build/DerivedSources -F/Users/sparkles/Library/Developer/Xcode/DerivedData/Expensio-futtgngxcysvvhcljmosbeftqmyc/Build/Products/Debug-iphonesimulator/RNCPicker -F/Users/sparkles/Documents/CodingFiles/FullStack/expensioApp/frontend/ios/Pods/React-Core-prebuilt -F/Users/sparkles/Documents/CodingFiles/FullStack/expensioApp/frontend/ios/Pods/ReactNativeDependencies/framework/packages/react-native -F/Users/sparkles/Documents/CodingFiles/FullStack/expensioApp/frontend/ios/Pods/hermes-engine/destroot/Library/Frameworks/universal -F/Users/sparkles/Library/Developer/Xcode/DerivedData/Expensio-futtgngxcysvvhcljmosbeftqmyc/Build/Products/Debug-iphonesimulator/XCFrameworkIntermediates/React-Core-prebuilt -F/Users/sparkles/Library/Developer/Xcode/DerivedData/Expensio-futtgngxcysvvhcljmosbeftqmyc/Build/Products/Debug-iphonesimulator/XCFrameworkIntermediates/ReactNativeDependencies -F/Users/sparkles/Library/Developer/Xcode/DerivedData/Expensio-futtgngxcysvvhcljmosbeftqmyc/Build/Products/Debug-iphonesimulator/XCFrameworkIntermediates/hermes-engine/Pre-built '-DRCT_REMOVE_LEGACY_ARCH=1' '-fmodule-map-file=/Users/sparkles/Documents/CodingFiles/FullStack/expensioApp/frontend/ios/Pods/Headers/Public/ReactCodegen/ReactCodegen.modulemap' '-DRCT_REMOVE_LEGACY_ARCH=1' -ivfsoverlay /Users/sparkles/Documents/CodingFiles/FullStack/expensioApp/frontend/ios/Pods/React-Core-prebuilt/React-VFS.yaml '-DRCT_REMOVE_LEGACY_ARCH=1' '-DRCT_NEW_ARCH_ENABLED=1' -ivfsoverlay /Users/sparkles/Documents/CodingFiles/FullStack/expensioApp/frontend/ios/Pods/React-Core-prebuilt/React-VFS.yaml

WriteAuxiliaryFile /Users/sparkles/Library/Developer/Xcode/DerivedData/Expensio-futtgngxcysvvhcljmosbeftqmyc/Build/Intermediates.noindex/Pods.build/Debug-iphonesimulator/RNCPicker.build/Objects-normal/x86_64/e6072d4f65d7061329687fe24e3d63a7-common-args.resp (in target 'RNCPicker' from project 'Pods')
    cd /Users/sparkles/Documents/CodingFiles/FullStack/expensioApp/frontend/ios/Pods
    write-file /Users/sparkles/Library/Developer/Xcode/DerivedData/Expensio-futtgngxcysvvhcljmosbeftqmyc/Build/Intermediates.noindex/Pods.build/Debug-iphonesimulator/RNCPicker.build/Objects-normal/x86_64/e6072d4f65d7061329687fe24e3d63a7-common-args.resp
'-std=gnu11' -fobjc-arc -fmodules '-fmodules-cache-path=/Users/sparkles/Library/Developer/Xcode/DerivedData/ModuleCache.noindex' -fpascal-strings -O0 -fno-common '-DPOD_CONFIGURATION_DEBUG=1' '-DDEBUG=1' '-DCOCOAPODS=1' '-DOBJC_OLD_DISPATCH_PROTOTYPES=0' -fasm-blocks -g '-fobjc-abi-version=2' -fobjc-legacy-dispatch -iquote /Users/sparkles/Library/Developer/Xcode/DerivedData/Expensio-futtgngxcysvvhcljmosbeftqmyc/Build/Intermediates.noindex/Pods.build/Debug-iphonesimulator/RNCPicker.build/RNCPicker-generated-files.hmap -I/Users/sparkles/Library/Developer/Xcode/DerivedData/Expensio-futtgngxcysvvhcljmosbeftqmyc/Build/Intermediates.noindex/Pods.build/Debug-iphonesimulator/RNCPicker.build/RNCPicker-own-target-headers.hmap -I/Users/sparkles/Library/Developer/Xcode/DerivedData/Expensio-futtgngxcysvvhcljmosbeftqmyc/Build/Intermediates.noindex/Pods.build/Debug-iphonesimulator/RNCPicker.build/RNCPicker-all-non-framework-target-headers.hmap -ivfsoverlay /Users/sparkles/Library/Developer/Xcode/DerivedData/Expensio-futtgngxcysvvhcljmosbeftqmyc/Build/Intermediates.noindex/Pods.build/Debug-iphonesimulator/Pods-8699adb1dd336b26511df848a716bd42-VFS-iphonesimulator/all-product-headers.yaml -iquote /Users/sparkles/Library/Developer/Xcode/DerivedData/Expensio-futtgngxcysvvhcljmosbeftqmyc/Build/Intermediates.noindex/Pods.build/Debug-iphonesimulator/RNCPicker.build/RNCPicker-project-headers.hmap -I/Users/sparkles/Library/Developer/Xcode/DerivedData/Expensio-futtgngxcysvvhcljmosbeftqmyc/Build/Products/Debug-iphonesimulator/RNCPicker/include -I/Users/sparkles/Documents/CodingFiles/FullStack/expensioApp/frontend/ios/Pods/Headers/Private -I/Users/sparkles/Documents/CodingFiles/FullStack/expensioApp/frontend/ios/Pods/Headers/Private/RNCPicker -I/Users/sparkles/Documents/CodingFiles/FullStack/expensioApp/frontend/ios/Pods/Headers/Public -I/Users/sparkles/Documents/CodingFiles/FullStack/expensioApp/frontend/ios/Pods/Headers/Public/FBLazyVector -I/Users/sparkles/Documents/CodingFiles/FullStack/expensioApp/frontend/ios/Pods/Headers/Public/RCTDeprecation -I/Users/sparkles/Documents/CodingFiles/FullStack/expensioApp/frontend/ios/Pods/Headers/Public/RCTRequired -I/Users/sparkles/Documents/CodingFiles/FullStack/expensioApp/frontend/ios/Pods/Headers/Public/RCTSwiftUIWrapper -I/Users/sparkles/Documents/CodingFiles/FullStack/expensioApp/frontend/ios/Pods/Headers/Public/RCTTypeSafety -I/Users/sparkles/Documents/CodingFiles/FullStack/expensioApp/frontend/ios/Pods/Headers/Public/RNCPicker -I/Users/sparkles/Documents/CodingFiles/FullStack/expensioApp/frontend/ios/Pods/Headers/Public/React-Core -I/Users/sparkles/Documents/CodingFiles/FullStack/expensioApp/frontend/ios/Pods/Headers/Public/React-Core-prebuilt -I/Users/sparkles/Documents/CodingFiles/FullStack/expensioApp/frontend/ios/Pods/Headers/Public/React-CoreModules -I/Users/sparkles/Documents/CodingFiles/FullStack/expensioApp/frontend/ios/Pods/Headers/Public/React-Fabric -I/Users/sparkles/Documents/CodingFiles/FullStack/expensioApp/frontend/ios/Pods/Headers/Public/React-FabricComponents -I/Users/sparkles/Documents/CodingFiles/FullStack/expensioApp/frontend/ios/Pods/Headers/Public/React-FabricImage -I/Users/sparkles/Documents/CodingFiles/FullStack/expensioApp/frontend/ios/Pods/Headers/Public/React-ImageManager -I/Users/sparkles/Documents/CodingFiles/FullStack/expensioApp/frontend/ios/Pods/Headers/Public/React-Mapbuffer -I/Users/sparkles/Documents/CodingFiles/FullStack/expensioApp/frontend/ios/Pods/Headers/Public/React-NativeModulesApple -I/Users/sparkles/Documents/CodingFiles/FullStack/expensioApp/frontend/ios/Pods/Headers/Public/React-RCTAnimation -I/Users/sparkles/Documents/CodingFiles/FullStack/expensioApp/frontend/ios/Pods/Headers/Public/React-RCTAppDelegate -I/Users/sparkles/Documents/CodingFiles/FullStack/expensioApp/frontend/ios/Pods/Headers/Public/React-RCTBlob -I/Users/sparkles/Documents/CodingFiles/FullStack/expensioApp/frontend/ios/Pods/Headers/Public/React-RCTFBReactNativeSpec -I/Users/sparkles/Documents/CodingFiles/FullStack/expensioApp/frontend/ios/Pods/Headers/Public/React-RCTFabric -I/Users/sparkles/Documents/CodingFiles/FullStack/expensioApp/frontend/ios/Pods/Headers/Public/React-RCTImage -I/Users/sparkles/Documents/CodingFiles/FullStack/expensioApp/frontend/ios/Pods/Headers/Public/React-RCTRuntime -I/Users/sparkles/Documents/CodingFiles/FullStack/expensioApp/frontend/ios/Pods/Headers/Public/React-RCTText -I/Users/sparkles/Documents/CodingFiles/FullStack/expensioApp/frontend/ios/Pods/Headers/Public/React-RuntimeApple -I/Users/sparkles/Documents/CodingFiles/FullStack/expensioApp/frontend/ios/Pods/Headers/Public/React-RuntimeCore -I/Users/sparkles/Documents/CodingFiles/FullStack/expensioApp/frontend/ios/Pods/Headers/Public/React-RuntimeHermes -I/Users/sparkles/Documents/CodingFiles/FullStack/expensioApp/frontend/ios/Pods/Headers/Public/React-callinvoker -I/Users/sparkles/Documents/CodingFiles/FullStack/expensioApp/frontend/ios/Pods/Headers/Public/React-cxxreact -I/Users/sparkles/Documents/CodingFiles/FullStack/expensioApp/frontend/ios/Pods/Headers/Public/React-debug -I/Users/sparkles/Documents/CodingFiles/FullStack/expensioApp/frontend/ios/Pods/Headers/Public/React-defaultsnativemodule -I/Users/sparkles/Documents/CodingFiles/FullStack/expensioApp/frontend/ios/Pods/Headers/Public/React-domnativemodule -I/Users/sparkles/Documents/CodingFiles/FullStack/expensioApp/frontend/ios/Pods/Headers/Public/React-featureflags -I/Users/sparkles/Documents/CodingFiles/FullStack/expensioApp/frontend/ios/Pods/Headers/Public/React-featureflagsnativemodule -I/Users/sparkles/Documents/CodingFiles/FullStack/expensioApp/frontend/ios/Pods/Headers/Public/React-graphics -I/Users/sparkles/Documents/CodingFiles/FullStack/expensioApp/frontend/ios/Pods/Headers/Public/React-hermes -I/Users/sparkles/Documents/CodingFiles/FullStack/expensioApp/frontend/ios/Pods/Headers/Public/React-idlecallbacksnativemodule -I/Users/sparkles/Documents/CodingFiles/FullStack/expensioApp/frontend/ios/Pods/Headers/Public/React-intersectionobservernativemodule -I/Users/sparkles/Documents/CodingFiles/FullStack/expensioApp/frontend/ios/Pods/Headers/Public/React-jserrorhandler -I/Users/sparkles/Documents/CodingFiles/FullStack/expensioApp/frontend/ios/Pods/Headers/Public/React-jsi -I/Users/sparkles/Documents/CodingFiles/FullStack/expensioApp/frontend/ios/Pods/Headers/Public/React-jsiexecutor -I/Users/sparkles/Documents/CodingFiles/FullStack/expensioApp/frontend/ios/Pods/Headers/Public/React-jsinspector -I/Users/sparkles/Documents/CodingFiles/FullStack/expensioApp/frontend/ios/Pods/Headers/Public/React-jsinspectorcdp -I/Users/sparkles/Documents/CodingFiles/FullStack/expensioApp/frontend/ios/Pods/Headers/Public/React-jsinspectornetwork -I/Users/sparkles/Documents/CodingFiles/FullStack/expensioApp/frontend/ios/Pods/Headers/Public/React-jsinspectortracing -I/Users/sparkles/Documents/CodingFiles/FullStack/expensioApp/frontend/ios/Pods/Headers/Public/React-jsitooling -I/Users/sparkles/Documents/CodingFiles/FullStack/expensioApp/frontend/ios/Pods/Headers/Public/React-logger -I/Users/sparkles/Documents/CodingFiles/FullStack/expensioApp/frontend/ios/Pods/Headers/Public/React-microtasksnativemodule -I/Users/sparkles/Documents/CodingFiles/FullStack/expensioApp/frontend/ios/Pods/Headers/Public/React-mutationobservernativemodule -I/Users/sparkles/Documents/CodingFiles/FullStack/expensioApp/frontend/ios/Pods/Headers/Public/React-networking -I/Users/sparkles/Documents/CodingFiles/FullStack/expensioApp/frontend/ios/Pods/Headers/Public/React-oscompat -I/Users/sparkles/Documents/CodingFiles/FullStack/expensioApp/frontend/ios/Pods/Headers/Public/React-perflogger -I/Users/sparkles/Documents/CodingFiles/FullStack/expensioApp/frontend/ios/Pods/Headers/Public/React-performancecdpmetrics -I/Users/sparkles/Documents/CodingFiles/FullStack/expensioApp/frontend/ios/Pods/Headers/Public/React-performancetimeline -I/Users/sparkles/Documents/CodingFiles/FullStack/expensioApp/frontend/ios/Pods/Headers/Public/React-rendererconsistency -I/Users/sparkles/Documents/CodingFiles/FullStack/expensioApp/frontend/ios/Pods/Headers/Public/React-renderercss -I/Users/sparkles/Documents/CodingFiles/FullStack/expensioApp/frontend/ios/Pods/Headers/Public/React-rendererdebug -I/Users/sparkles/Documents/CodingFiles/FullStack/expensioApp/frontend/ios/Pods/Headers/Public/React-runtimeexecutor -I/Users/sparkles/Documents/CodingFiles/FullStack/expensioApp/frontend/ios/Pods/Headers/Public/React-runtimescheduler -I/Users/sparkles/Documents/CodingFiles/FullStack/expensioApp/frontend/ios/Pods/Headers/Public/React-timing -I/Users/sparkles/Documents/CodingFiles/FullStack/expensioApp/frontend/ios/Pods/Headers/Public/React-utils -I/Users/sparkles/Documents/CodingFiles/FullStack/expensioApp/frontend/ios/Pods/Headers/Public/React-viewtransitionnativemodule -I/Users/sparkles/Documents/CodingFiles/FullStack/expensioApp/frontend/ios/Pods/Headers/Public/React-webperformancenativemodule -I/Users/sparkles/Documents/CodingFiles/FullStack/expensioApp/frontend/ios/Pods/Headers/Public/ReactCodegen -I/Users/sparkles/Documents/CodingFiles/FullStack/expensioApp/frontend/ios/Pods/Headers/Public/ReactCommon -I/Users/sparkles/Documents/CodingFiles/FullStack/expensioApp/frontend/ios/Pods/Headers/Public/ReactNativeDependencies -I/Users/sparkles/Documents/CodingFiles/FullStack/expensioApp/frontend/ios/Pods/Headers/Public/Yoga -I/Users/sparkles/Documents/CodingFiles/FullStack/expensioApp/frontend/ios/Pods/Headers/Public/hermes-engine -I/Users/sparkles/Documents/CodingFiles/FullStack/expensioApp/frontend/ios/Pods/Headers/Private/Yoga -I/Users/sparkles/Documents/CodingFiles/FullStack/expensioApp/frontend/ios/Pods/ExpoModulesCore/ExpoModulesCore.xcframework/ios-arm64_x86_64-simulator/ExpoModulesCore.framework/Headers -I/Users/sparkles/Documents/CodingFiles/FullStack/expensioApp/frontend/ios/Pods/ExpoModulesCore/ExpoModulesCore.xcframework/ios-arm64/ExpoModulesCore.framework/Headers -I/Users/sparkles/Documents/CodingFiles/FullStack/expensioApp/frontend/ios/Pods/ExpoModulesCore/ExpoModulesCore.xcframework/ios-arm64_x86_64-simulator/ExpoModulesCore.framework/Headers -I/Users/sparkles/Documents/CodingFiles/FullStack/expensioApp/frontend/ios/Pods/ExpoModulesCore/ExpoModulesCore.xcframework/ios-arm64/ExpoModulesCore.framework/Headers -I/Users/sparkles/Library/Developer/Xcode/DerivedData/Expensio-futtgngxcysvvhcljmosbeftqmyc/Build/Intermediates.noindex/Pods.build/Debug-iphonesimulator/RNCPicker.build/DerivedSources-normal/x86_64 -I/Users/sparkles/Library/Developer/Xcode/DerivedData/Expensio-futtgngxcysvvhcljmosbeftqmyc/Build/Intermediates.noindex/Pods.build/Debug-iphonesimulator/RNCPicker.build/DerivedSources/x86_64 -I/Users/sparkles/Library/Developer/Xcode/DerivedData/Expensio-futtgngxcysvvhcljmosbeftqmyc/Build/Intermediates.noindex/Pods.build/Debug-iphonesimulator/RNCPicker.build/DerivedSources -F/Users/sparkles/Library/Developer/Xcode/DerivedData/Expensio-futtgngxcysvvhcljmosbeftqmyc/Build/Products/Debug-iphonesimulator/RNCPicker -F/Users/sparkles/Documents/CodingFiles/FullStack/expensioApp/frontend/ios/Pods/React-Core-prebuilt -F/Users/sparkles/Documents/CodingFiles/FullStack/expensioApp/frontend/ios/Pods/ReactNativeDependencies/framework/packages/react-native -F/Users/sparkles/Documents/CodingFiles/FullStack/expensioApp/frontend/ios/Pods/hermes-engine/destroot/Library/Frameworks/universal -F/Users/sparkles/Library/Developer/Xcode/DerivedData/Expensio-futtgngxcysvvhcljmosbeftqmyc/Build/Products/Debug-iphonesimulator/XCFrameworkIntermediates/React-Core-prebuilt -F/Users/sparkles/Library/Developer/Xcode/DerivedData/Expensio-futtgngxcysvvhcljmosbeftqmyc/Build/Products/Debug-iphonesimulator/XCFrameworkIntermediates/ReactNativeDependencies -F/Users/sparkles/Library/Developer/Xcode/DerivedData/Expensio-futtgngxcysvvhcljmosbeftqmyc/Build/Products/Debug-iphonesimulator/XCFrameworkIntermediates/hermes-engine/Pre-built '-DRCT_REMOVE_LEGACY_ARCH=1' '-fmodule-map-file=/Users/sparkles/Documents/CodingFiles/FullStack/expensioApp/frontend/ios/Pods/Headers/Public/ReactCodegen/ReactCodegen.modulemap' '-DRCT_REMOVE_LEGACY_ARCH=1' -ivfsoverlay /Users/sparkles/Documents/CodingFiles/FullStack/expensioApp/frontend/ios/Pods/React-Core-prebuilt/React-VFS.yaml

WriteAuxiliaryFile /Users/sparkles/Library/Developer/Xcode/DerivedData/Expensio-futtgngxcysvvhcljmosbeftqmyc/Build/Intermediates.noindex/Pods.build/Debug-iphonesimulator/RNCPicker.build/Objects-normal/x86_64/RNCPicker.LinkFileList (in target 'RNCPicker' from project 'Pods')
    cd /Users/sparkles/Documents/CodingFiles/FullStack/expensioApp/frontend/ios/Pods
    write-file /Users/sparkles/Library/Developer/Xcode/DerivedData/Expensio-futtgngxcysvvhcljmosbeftqmyc/Build/Intermediates.noindex/Pods.build/Debug-iphonesimulator/RNCPicker.build/Objects-normal/x86_64/RNCPicker.LinkFileList

WriteAuxiliaryFile /Users/sparkles/Library/Developer/Xcode/DerivedData/Expensio-futtgngxcysvvhcljmosbeftqmyc/Build/Intermediates.noindex/Pods.build/Debug-iphonesimulator/RNCPicker.build/Objects-normal/arm64/e6072d4f65d7061329687fe24e3d63a7-common-args.resp (in target 'RNCPicker' from project 'Pods')
    cd /Users/sparkles/Documents/CodingFiles/FullStack/expensioApp/frontend/ios/Pods
    write-file /Users/sparkles/Library/Developer/Xcode/DerivedData/Expensio-futtgngxcysvvhcljmosbeftqmyc/Build/Intermediates.noindex/Pods.build/Debug-iphonesimulator/RNCPicker.build/Objects-normal/arm64/e6072d4f65d7061329687fe24e3d63a7-common-args.resp
'-std=gnu11' -fobjc-arc -fmodules '-fmodules-cache-path=/Users/sparkles/Library/Developer/Xcode/DerivedData/ModuleCache.noindex' -fpascal-strings -O0 -fno-common '-DPOD_CONFIGURATION_DEBUG=1' '-DDEBUG=1' '-DCOCOAPODS=1' '-DOBJC_OLD_DISPATCH_PROTOTYPES=0' -g '-fobjc-abi-version=2' -fobjc-legacy-dispatch -iquote /Users/sparkles/Library/Developer/Xcode/DerivedData/Expensio-futtgngxcysvvhcljmosbeftqmyc/Build/Intermediates.noindex/Pods.build/Debug-iphonesimulator/RNCPicker.build/RNCPicker-generated-files.hmap -I/Users/sparkles/Library/Developer/Xcode/DerivedData/Expensio-futtgngxcysvvhcljmosbeftqmyc/Build/Intermediates.noindex/Pods.build/Debug-iphonesimulator/RNCPicker.build/RNCPicker-own-target-headers.hmap -I/Users/sparkles/Library/Developer/Xcode/DerivedData/Expensio-futtgngxcysvvhcljmosbeftqmyc/Build/Intermediates.noindex/Pods.build/Debug-iphonesimulator/RNCPicker.build/RNCPicker-all-non-framework-target-headers.hmap -ivfsoverlay /Users/sparkles/Library/Developer/Xcode/DerivedData/Expensio-futtgngxcysvvhcljmosbeftqmyc/Build/Intermediates.noindex/Pods.build/Debug-iphonesimulator/Pods-8699adb1dd336b26511df848a716bd42-VFS-iphonesimulator/all-product-headers.yaml -iquote /Users/sparkles/Library/Developer/Xcode/DerivedData/Expensio-futtgngxcysvvhcljmosbeftqmyc/Build/Intermediates.noindex/Pods.build/Debug-iphonesimulator/RNCPicker.build/RNCPicker-project-headers.hmap -I/Users/sparkles/Library/Developer/Xcode/DerivedData/Expensio-futtgngxcysvvhcljmosbeftqmyc/Build/Products/Debug-iphonesimulator/RNCPicker/include -I/Users/sparkles/Documents/CodingFiles/FullStack/expensioApp/frontend/ios/Pods/Headers/Private -I/Users/sparkles/Documents/CodingFiles/FullStack/expensioApp/frontend/ios/Pods/Headers/Private/RNCPicker -I/Users/sparkles/Documents/CodingFiles/FullStack/expensioApp/frontend/ios/Pods/Headers/Public -I/Users/sparkles/Documents/CodingFiles/FullStack/expensioApp/frontend/ios/Pods/Headers/Public/FBLazyVector -I/Users/sparkles/Documents/CodingFiles/FullStack/expensioApp/frontend/ios/Pods/Headers/Public/RCTDeprecation -I/Users/sparkles/Documents/CodingFiles/FullStack/expensioApp/frontend/ios/Pods/Headers/Public/RCTRequired -I/Users/sparkles/Documents/CodingFiles/FullStack/expensioApp/frontend/ios/Pods/Headers/Public/RCTSwiftUIWrapper -I/Users/sparkles/Documents/CodingFiles/FullStack/expensioApp/frontend/ios/Pods/Headers/Public/RCTTypeSafety -I/Users/sparkles/Documents/CodingFiles/FullStack/expensioApp/frontend/ios/Pods/Headers/Public/RNCPicker -I/Users/sparkles/Documents/CodingFiles/FullStack/expensioApp/frontend/ios/Pods/Headers/Public/React-Core -I/Users/sparkles/Documents/CodingFiles/FullStack/expensioApp/frontend/ios/Pods/Headers/Public/React-Core-prebuilt -I/Users/sparkles/Documents/CodingFiles/FullStack/expensioApp/frontend/ios/Pods/Headers/Public/React-CoreModules -I/Users/sparkles/Documents/CodingFiles/FullStack/expensioApp/frontend/ios/Pods/Headers/Public/React-Fabric -I/Users/sparkles/Documents/CodingFiles/FullStack/expensioApp/frontend/ios/Pods/Headers/Public/React-FabricComponents -I/Users/sparkles/Documents/CodingFiles/FullStack/expensioApp/frontend/ios/Pods/Headers/Public/React-FabricImage -I/Users/sparkles/Documents/CodingFiles/FullStack/expensioApp/frontend/ios/Pods/Headers/Public/React-ImageManager -I/Users/sparkles/Documents/CodingFiles/FullStack/expensioApp/frontend/ios/Pods/Headers/Public/React-Mapbuffer -I/Users/sparkles/Documents/CodingFiles/FullStack/expensioApp/frontend/ios/Pods/Headers/Public/React-NativeModulesApple -I/Users/sparkles/Documents/CodingFiles/FullStack/expensioApp/frontend/ios/Pods/Headers/Public/React-RCTAnimation -I/Users/sparkles/Documents/CodingFiles/FullStack/expensioApp/frontend/ios/Pods/Headers/Public/React-RCTAppDelegate -I/Users/sparkles/Documents/CodingFiles/FullStack/expensioApp/frontend/ios/Pods/Headers/Public/React-RCTBlob -I/Users/sparkles/Documents/CodingFiles/FullStack/expensioApp/frontend/ios/Pods/Headers/Public/React-RCTFBReactNativeSpec -I/Users/sparkles/Documents/CodingFiles/FullStack/expensioApp/frontend/ios/Pods/Headers/Public/React-RCTFabric -I/Users/sparkles/Documents/CodingFiles/FullStack/expensioApp/frontend/ios/Pods/Headers/Public/React-RCTImage -I/Users/sparkles/Documents/CodingFiles/FullStack/expensioApp/frontend/ios/Pods/Headers/Public/React-RCTRuntime -I/Users/sparkles/Documents/CodingFiles/FullStack/expensioApp/frontend/ios/Pods/Headers/Public/React-RCTText -I/Users/sparkles/Documents/CodingFiles/FullStack/expensioApp/frontend/ios/Pods/Headers/Public/React-RuntimeApple -I/Users/sparkles/Documents/CodingFiles/FullStack/expensioApp/frontend/ios/Pods/Headers/Public/React-RuntimeCore -I/Users/sparkles/Documents/CodingFiles/FullStack/expensioApp/frontend/ios/Pods/Headers/Public/React-RuntimeHermes -I/Users/sparkles/Documents/CodingFiles/FullStack/expensioApp/frontend/ios/Pods/Headers/Public/React-callinvoker -I/Users/sparkles/Documents/CodingFiles/FullStack/expensioApp/frontend/ios/Pods/Headers/Public/React-cxxreact -I/Users/sparkles/Documents/CodingFiles/FullStack/expensioApp/frontend/ios/Pods/Headers/Public/React-debug -I/Users/sparkles/Documents/CodingFiles/FullStack/expensioApp/frontend/ios/Pods/Headers/Public/React-defaultsnativemodule -I/Users/sparkles/Documents/CodingFiles/FullStack/expensioApp/frontend/ios/Pods/Headers/Public/React-domnativemodule -I/Users/sparkles/Documents/CodingFiles/FullStack/expensioApp/frontend/ios/Pods/Headers/Public/React-featureflags -I/Users/sparkles/Documents/CodingFiles/FullStack/expensioApp/frontend/ios/Pods/Headers/Public/React-featureflagsnativemodule -I/Users/sparkles/Documents/CodingFiles/FullStack/expensioApp/frontend/ios/Pods/Headers/Public/React-graphics -I/Users/sparkles/Documents/CodingFiles/FullStack/expensioApp/frontend/ios/Pods/Headers/Public/React-hermes -I/Users/sparkles/Documents/CodingFiles/FullStack/expensioApp/frontend/ios/Pods/Headers/Public/React-idlecallbacksnativemodule -I/Users/sparkles/Documents/CodingFiles/FullStack/expensioApp/frontend/ios/Pods/Headers/Public/React-intersectionobservernativemodule -I/Users/sparkles/Documents/CodingFiles/FullStack/expensioApp/frontend/ios/Pods/Headers/Public/React-jserrorhandler -I/Users/sparkles/Documents/CodingFiles/FullStack/expensioApp/frontend/ios/Pods/Headers/Public/React-jsi -I/Users/sparkles/Documents/CodingFiles/FullStack/expensioApp/frontend/ios/Pods/Headers/Public/React-jsiexecutor -I/Users/sparkles/Documents/CodingFiles/FullStack/expensioApp/frontend/ios/Pods/Headers/Public/React-jsinspector -I/Users/sparkles/Documents/CodingFiles/FullStack/expensioApp/frontend/ios/Pods/Headers/Public/React-jsinspectorcdp -I/Users/sparkles/Documents/CodingFiles/FullStack/expensioApp/frontend/ios/Pods/Headers/Public/React-jsinspectornetwork -I/Users/sparkles/Documents/CodingFiles/FullStack/expensioApp/frontend/ios/Pods/Headers/Public/React-jsinspectortracing -I/Users/sparkles/Documents/CodingFiles/FullStack/expensioApp/frontend/ios/Pods/Headers/Public/React-jsitooling -I/Users/sparkles/Documents/CodingFiles/FullStack/expensioApp/frontend/ios/Pods/Headers/Public/React-logger -I/Users/sparkles/Documents/CodingFiles/FullStack/expensioApp/frontend/ios/Pods/Headers/Public/React-microtasksnativemodule -I/Users/sparkles/Documents/CodingFiles/FullStack/expensioApp/frontend/ios/Pods/Headers/Public/React-mutationobservernativemodule -I/Users/sparkles/Documents/CodingFiles/FullStack/expensioApp/frontend/ios/Pods/Headers/Public/React-networking -I/Users/sparkles/Documents/CodingFiles/FullStack/expensioApp/frontend/ios/Pods/Headers/Public/React-oscompat -I/Users/sparkles/Documents/CodingFiles/FullStack/expensioApp/frontend/ios/Pods/Headers/Public/React-perflogger -I/Users/sparkles/Documents/CodingFiles/FullStack/expensioApp/frontend/ios/Pods/Headers/Public/React-performancecdpmetrics -I/Users/sparkles/Documents/CodingFiles/FullStack/expensioApp/frontend/ios/Pods/Headers/Public/React-performancetimeline -I/Users/sparkles/Documents/CodingFiles/FullStack/expensioApp/frontend/ios/Pods/Headers/Public/React-rendererconsistency -I/Users/sparkles/Documents/CodingFiles/FullStack/expensioApp/frontend/ios/Pods/Headers/Public/React-renderercss -I/Users/sparkles/Documents/CodingFiles/FullStack/expensioApp/frontend/ios/Pods/Headers/Public/React-rendererdebug -I/Users/sparkles/Documents/CodingFiles/FullStack/expensioApp/frontend/ios/Pods/Headers/Public/React-runtimeexecutor -I/Users/sparkles/Documents/CodingFiles/FullStack/expensioApp/frontend/ios/Pods/Headers/Public/React-runtimescheduler -I/Users/sparkles/Documents/CodingFiles/FullStack/expensioApp/frontend/ios/Pods/Headers/Public/React-timing -I/Users/sparkles/Documents/CodingFiles/FullStack/expensioApp/frontend/ios/Pods/Headers/Public/React-utils -I/Users/sparkles/Documents/CodingFiles/FullStack/expensioApp/frontend/ios/Pods/Headers/Public/React-viewtransitionnativemodule -I/Users/sparkles/Documents/CodingFiles/FullStack/expensioApp/frontend/ios/Pods/Headers/Public/React-webperformancenativemodule -I/Users/sparkles/Documents/CodingFiles/FullStack/expensioApp/frontend/ios/Pods/Headers/Public/ReactCodegen -I/Users/sparkles/Documents/CodingFiles/FullStack/expensioApp/frontend/ios/Pods/Headers/Public/ReactCommon -I/Users/sparkles/Documents/CodingFiles/FullStack/expensioApp/frontend/ios/Pods/Headers/Public/ReactNativeDependencies -I/Users/sparkles/Documents/CodingFiles/FullStack/expensioApp/frontend/ios/Pods/Headers/Public/Yoga -I/Users/sparkles/Documents/CodingFiles/FullStack/expensioApp/frontend/ios/Pods/Headers/Public/hermes-engine -I/Users/sparkles/Documents/CodingFiles/FullStack/expensioApp/frontend/ios/Pods/Headers/Private/Yoga -I/Users/sparkles/Documents/CodingFiles/FullStack/expensioApp/frontend/ios/Pods/ExpoModulesCore/ExpoModulesCore.xcframework/ios-arm64_x86_64-simulator/ExpoModulesCore.framework/Headers -I/Users/sparkles/Documents/CodingFiles/FullStack/expensioApp/frontend/ios/Pods/ExpoModulesCore/ExpoModulesCore.xcframework/ios-arm64/ExpoModulesCore.framework/Headers -I/Users/sparkles/Documents/CodingFiles/FullStack/expensioApp/frontend/ios/Pods/ExpoModulesCore/ExpoModulesCore.xcframework/ios-arm64_x86_64-simulator/ExpoModulesCore.framework/Headers -I/Users/sparkles/Documents/CodingFiles/FullStack/expensioApp/frontend/ios/Pods/ExpoModulesCore/ExpoModulesCore.xcframework/ios-arm64/ExpoModulesCore.framework/Headers -I/Users/sparkles/Library/Developer/Xcode/DerivedData/Expensio-futtgngxcysvvhcljmosbeftqmyc/Build/Intermediates.noindex/Pods.build/Debug-iphonesimulator/RNCPicker.build/DerivedSources-normal/arm64 -I/Users/sparkles/Library/Developer/Xcode/DerivedData/Expensio-futtgngxcysvvhcljmosbeftqmyc/Build/Intermediates.noindex/Pods.build/Debug-iphonesimulator/RNCPicker.build/DerivedSources/arm64 -I/Users/sparkles/Library/Developer/Xcode/DerivedData/Expensio-futtgngxcysvvhcljmosbeftqmyc/Build/Intermediates.noindex/Pods.build/Debug-iphonesimulator/RNCPicker.build/DerivedSources -F/Users/sparkles/Library/Developer/Xcode/DerivedData/Expensio-futtgngxcysvvhcljmosbeftqmyc/Build/Products/Debug-iphonesimulator/RNCPicker -F/Users/sparkles/Documents/CodingFiles/FullStack/expensioApp/frontend/ios/Pods/React-Core-prebuilt -F/Users/sparkles/Documents/CodingFiles/FullStack/expensioApp/frontend/ios/Pods/ReactNativeDependencies/framework/packages/react-native -F/Users/sparkles/Documents/CodingFiles/FullStack/expensioApp/frontend/ios/Pods/hermes-engine/destroot/Library/Frameworks/universal -F/Users/sparkles/Library/Developer/Xcode/DerivedData/Expensio-futtgngxcysvvhcljmosbeftqmyc/Build/Products/Debug-iphonesimulator/XCFrameworkIntermediates/React-Core-prebuilt -F/Users/sparkles/Library/Developer/Xcode/DerivedData/Expensio-futtgngxcysvvhcljmosbeftqmyc/Build/Products/Debug-iphonesimulator/XCFrameworkIntermediates/ReactNativeDependencies -F/Users/sparkles/Library/Developer/Xcode/DerivedData/Expensio-futtgngxcysvvhcljmosbeftqmyc/Build/Products/Debug-iphonesimulator/XCFrameworkIntermediates/hermes-engine/Pre-built '-DRCT_REMOVE_LEGACY_ARCH=1' '-fmodule-map-file=/Users/sparkles/Documents/CodingFiles/FullStack/expensioApp/frontend/ios/Pods/Headers/Public/ReactCodegen/ReactCodegen.modulemap' '-DRCT_REMOVE_LEGACY_ARCH=1' -ivfsoverlay /Users/sparkles/Documents/CodingFiles/FullStack/expensioApp/frontend/ios/Pods/React-Core-prebuilt/React-VFS.yaml

WriteAuxiliaryFile /Users/sparkles/Library/Developer/Xcode/DerivedData/Expensio-futtgngxcysvvhcljmosbeftqmyc/Build/Intermediates.noindex/Pods.build/Debug-iphonesimulator/RNCPicker.build/Objects-normal/arm64/af3fcb34312c57c0f52879cdce924b91-common-args.resp (in target 'RNCPicker' from project 'Pods')
    cd /Users/sparkles/Documents/CodingFiles/FullStack/expensioApp/frontend/ios/Pods
    write-file /Users/sparkles/Library/Developer/Xcode/DerivedData/Expensio-futtgngxcysvvhcljmosbeftqmyc/Build/Intermediates.noindex/Pods.build/Debug-iphonesimulator/RNCPicker.build/Objects-normal/arm64/af3fcb34312c57c0f52879cdce924b91-common-args.resp
'-std=c++20' '-stdlib=libc++' -fobjc-arc -fmodules -fno-cxx-modules '-fmodules-cache-path=/Users/sparkles/Library/Developer/Xcode/DerivedData/ModuleCache.noindex' '-D_LIBCPP_HARDENING_MODE=_LIBCPP_HARDENING_MODE_DEBUG' -fpascal-strings -O0 -fno-common '-DPOD_CONFIGURATION_DEBUG=1' '-DDEBUG=1' '-DCOCOAPODS=1' '-DOBJC_OLD_DISPATCH_PROTOTYPES=0' -g '-fobjc-abi-version=2' -fobjc-legacy-dispatch -iquote /Users/sparkles/Library/Developer/Xcode/DerivedData/Expensio-futtgngxcysvvhcljmosbeftqmyc/Build/Intermediates.noindex/Pods.build/Debug-iphonesimulator/RNCPicker.build/RNCPicker-generated-files.hmap -I/Users/sparkles/Library/Developer/Xcode/DerivedData/Expensio-futtgngxcysvvhcljmosbeftqmyc/Build/Intermediates.noindex/Pods.build/Debug-iphonesimulator/RNCPicker.build/RNCPicker-own-target-headers.hmap -I/Users/sparkles/Library/Developer/Xcode/DerivedData/Expensio-futtgngxcysvvhcljmosbeftqmyc/Build/Intermediates.noindex/Pods.build/Debug-iphonesimulator/RNCPicker.build/RNCPicker-all-non-framework-target-headers.hmap -ivfsoverlay /Users/sparkles/Library/Developer/Xcode/DerivedData/Expensio-futtgngxcysvvhcljmosbeftqmyc/Build/Intermediates.noindex/Pods.build/Debug-iphonesimulator/Pods-8699adb1dd336b26511df848a716bd42-VFS-iphonesimulator/all-product-headers.yaml -iquote /Users/sparkles/Library/Developer/Xcode/DerivedData/Expensio-futtgngxcysvvhcljmosbeftqmyc/Build/Intermediates.noindex/Pods.build/Debug-iphonesimulator/RNCPicker.build/RNCPicker-project-headers.hmap -I/Users/sparkles/Library/Developer/Xcode/DerivedData/Expensio-futtgngxcysvvhcljmosbeftqmyc/Build/Products/Debug-iphonesimulator/RNCPicker/include -I/Users/sparkles/Documents/CodingFiles/FullStack/expensioApp/frontend/ios/Pods/Headers/Private -I/Users/sparkles/Documents/CodingFiles/FullStack/expensioApp/frontend/ios/Pods/Headers/Private/RNCPicker -I/Users/sparkles/Documents/CodingFiles/FullStack/expensioApp/frontend/ios/Pods/Headers/Public -I/Users/sparkles/Documents/CodingFiles/FullStack/expensioApp/frontend/ios/Pods/Headers/Public/FBLazyVector -I/Users/sparkles/Documents/CodingFiles/FullStack/expensioApp/frontend/ios/Pods/Headers/Public/RCTDeprecation -I/Users/sparkles/Documents/CodingFiles/FullStack/expensioApp/frontend/ios/Pods/Headers/Public/RCTRequired -I/Users/sparkles/Documents/CodingFiles/FullStack/expensioApp/frontend/ios/Pods/Headers/Public/RCTSwiftUIWrapper -I/Users/sparkles/Documents/CodingFiles/FullStack/expensioApp/frontend/ios/Pods/Headers/Public/RCTTypeSafety -I/Users/sparkles/Documents/CodingFiles/FullStack/expensioApp/frontend/ios/Pods/Headers/Public/RNCPicker -I/Users/sparkles/Documents/CodingFiles/FullStack/expensioApp/frontend/ios/Pods/Headers/Public/React-Core -I/Users/sparkles/Documents/CodingFiles/FullStack/expensioApp/frontend/ios/Pods/Headers/Public/React-Core-prebuilt -I/Users/sparkles/Documents/CodingFiles/FullStack/expensioApp/frontend/ios/Pods/Headers/Public/React-CoreModules -I/Users/sparkles/Documents/CodingFiles/FullStack/expensioApp/frontend/ios/Pods/Headers/Public/React-Fabric -I/Users/sparkles/Documents/CodingFiles/FullStack/expensioApp/frontend/ios/Pods/Headers/Public/React-FabricComponents -I/Users/sparkles/Documents/CodingFiles/FullStack/expensioApp/frontend/ios/Pods/Headers/Public/React-FabricImage -I/Users/sparkles/Documents/CodingFiles/FullStack/expensioApp/frontend/ios/Pods/Headers/Public/React-ImageManager -I/Users/sparkles/Documents/CodingFiles/FullStack/expensioApp/frontend/ios/Pods/Headers/Public/React-Mapbuffer -I/Users/sparkles/Documents/CodingFiles/FullStack/expensioApp/frontend/ios/Pods/Headers/Public/React-NativeModulesApple -I/Users/sparkles/Documents/CodingFiles/FullStack/expensioApp/frontend/ios/Pods/Headers/Public/React-RCTAnimation -I/Users/sparkles/Documents/CodingFiles/FullStack/expensioApp/frontend/ios/Pods/Headers/Public/React-RCTAppDelegate -I/Users/sparkles/Documents/CodingFiles/FullStack/expensioApp/frontend/ios/Pods/Headers/Public/React-RCTBlob -I/Users/sparkles/Documents/CodingFiles/FullStack/expensioApp/frontend/ios/Pods/Headers/Public/React-RCTFBReactNativeSpec -I/Users/sparkles/Documents/CodingFiles/FullStack/expensioApp/frontend/ios/Pods/Headers/Public/React-RCTFabric -I/Users/sparkles/Documents/CodingFiles/FullStack/expensioApp/frontend/ios/Pods/Headers/Public/React-RCTImage -I/Users/sparkles/Documents/CodingFiles/FullStack/expensioApp/frontend/ios/Pods/Headers/Public/React-RCTRuntime -I/Users/sparkles/Documents/CodingFiles/FullStack/expensioApp/frontend/ios/Pods/Headers/Public/React-RCTText -I/Users/sparkles/Documents/CodingFiles/FullStack/expensioApp/frontend/ios/Pods/Headers/Public/React-RuntimeApple -I/Users/sparkles/Documents/CodingFiles/FullStack/expensioApp/frontend/ios/Pods/Headers/Public/React-RuntimeCore -I/Users/sparkles/Documents/CodingFiles/FullStack/expensioApp/frontend/ios/Pods/Headers/Public/React-RuntimeHermes -I/Users/sparkles/Documents/CodingFiles/FullStack/expensioApp/frontend/ios/Pods/Headers/Public/React-callinvoker -I/Users/sparkles/Documents/CodingFiles/FullStack/expensioApp/frontend/ios/Pods/Headers/Public/React-cxxreact -I/Users/sparkles/Documents/CodingFiles/FullStack/expensioApp/frontend/ios/Pods/Headers/Public/React-debug -I/Users/sparkles/Documents/CodingFiles/FullStack/expensioApp/frontend/ios/Pods/Headers/Public/React-defaultsnativemodule -I/Users/sparkles/Documents/CodingFiles/FullStack/expensioApp/frontend/ios/Pods/Headers/Public/React-domnativemodule -I/Users/sparkles/Documents/CodingFiles/FullStack/expensioApp/frontend/ios/Pods/Headers/Public/React-featureflags -I/Users/sparkles/Documents/CodingFiles/FullStack/expensioApp/frontend/ios/Pods/Headers/Public/React-featureflagsnativemodule -I/Users/sparkles/Documents/CodingFiles/FullStack/expensioApp/frontend/ios/Pods/Headers/Public/React-graphics -I/Users/sparkles/Documents/CodingFiles/FullStack/expensioApp/frontend/ios/Pods/Headers/Public/React-hermes -I/Users/sparkles/Documents/CodingFiles/FullStack/expensioApp/frontend/ios/Pods/Headers/Public/React-idlecallbacksnativemodule -I/Users/sparkles/Documents/CodingFiles/FullStack/expensioApp/frontend/ios/Pods/Headers/Public/React-intersectionobservernativemodule -I/Users/sparkles/Documents/CodingFiles/FullStack/expensioApp/frontend/ios/Pods/Headers/Public/React-jserrorhandler -I/Users/sparkles/Documents/CodingFiles/FullStack/expensioApp/frontend/ios/Pods/Headers/Public/React-jsi -I/Users/sparkles/Documents/CodingFiles/FullStack/expensioApp/frontend/ios/Pods/Headers/Public/React-jsiexecutor -I/Users/sparkles/Documents/CodingFiles/FullStack/expensioApp/frontend/ios/Pods/Headers/Public/React-jsinspector -I/Users/sparkles/Documents/CodingFiles/FullStack/expensioApp/frontend/ios/Pods/Headers/Public/React-jsinspectorcdp -I/Users/sparkles/Documents/CodingFiles/FullStack/expensioApp/frontend/ios/Pods/Headers/Public/React-jsinspectornetwork -I/Users/sparkles/Documents/CodingFiles/FullStack/expensioApp/frontend/ios/Pods/Headers/Public/React-jsinspectortracing -I/Users/sparkles/Documents/CodingFiles/FullStack/expensioApp/frontend/ios/Pods/Headers/Public/React-jsitooling -I/Users/sparkles/Documents/CodingFiles/FullStack/expensioApp/frontend/ios/Pods/Headers/Public/React-logger -I/Users/sparkles/Documents/CodingFiles/FullStack/expensioApp/frontend/ios/Pods/Headers/Public/React-microtasksnativemodule -I/Users/sparkles/Documents/CodingFiles/FullStack/expensioApp/frontend/ios/Pods/Headers/Public/React-mutationobservernativemodule -I/Users/sparkles/Documents/CodingFiles/FullStack/expensioApp/frontend/ios/Pods/Headers/Public/React-networking -I/Users/sparkles/Documents/CodingFiles/FullStack/expensioApp/frontend/ios/Pods/Headers/Public/React-oscompat -I/Users/sparkles/Documents/CodingFiles/FullStack/expensioApp/frontend/ios/Pods/Headers/Public/React-perflogger -I/Users/sparkles/Documents/CodingFiles/FullStack/expensioApp/frontend/ios/Pods/Headers/Public/React-performancecdpmetrics -I/Users/sparkles/Documents/CodingFiles/FullStack/expensioApp/frontend/ios/Pods/Headers/Public/React-performancetimeline -I/Users/sparkles/Documents/CodingFiles/FullStack/expensioApp/frontend/ios/Pods/Headers/Public/React-rendererconsistency -I/Users/sparkles/Documents/CodingFiles/FullStack/expensioApp/frontend/ios/Pods/Headers/Public/React-renderercss -I/Users/sparkles/Documents/CodingFiles/FullStack/expensioApp/frontend/ios/Pods/Headers/Public/React-rendererdebug -I/Users/sparkles/Documents/CodingFiles/FullStack/expensioApp/frontend/ios/Pods/Headers/Public/React-runtimeexecutor -I/Users/sparkles/Documents/CodingFiles/FullStack/expensioApp/frontend/ios/Pods/Headers/Public/React-runtimescheduler -I/Users/sparkles/Documents/CodingFiles/FullStack/expensioApp/frontend/ios/Pods/Headers/Public/React-timing -I/Users/sparkles/Documents/CodingFiles/FullStack/expensioApp/frontend/ios/Pods/Headers/Public/React-utils -I/Users/sparkles/Documents/CodingFiles/FullStack/expensioApp/frontend/ios/Pods/Headers/Public/React-viewtransitionnativemodule -I/Users/sparkles/Documents/CodingFiles/FullStack/expensioApp/frontend/ios/Pods/Headers/Public/React-webperformancenativemodule -I/Users/sparkles/Documents/CodingFiles/FullStack/expensioApp/frontend/ios/Pods/Headers/Public/ReactCodegen -I/Users/sparkles/Documents/CodingFiles/FullStack/expensioApp/frontend/ios/Pods/Headers/Public/ReactCommon -I/Users/sparkles/Documents/CodingFiles/FullStack/expensioApp/frontend/ios/Pods/Headers/Public/ReactNativeDependencies -I/Users/sparkles/Documents/CodingFiles/FullStack/expensioApp/frontend/ios/Pods/Headers/Public/Yoga -I/Users/sparkles/Documents/CodingFiles/FullStack/expensioApp/frontend/ios/Pods/Headers/Public/hermes-engine -I/Users/sparkles/Documents/CodingFiles/FullStack/expensioApp/frontend/ios/Pods/Headers/Private/Yoga -I/Users/sparkles/Documents/CodingFiles/FullStack/expensioApp/frontend/ios/Pods/ExpoModulesCore/ExpoModulesCore.xcframework/ios-arm64_x86_64-simulator/ExpoModulesCore.framework/Headers -I/Users/sparkles/Documents/CodingFiles/FullStack/expensioApp/frontend/ios/Pods/ExpoModulesCore/ExpoModulesCore.xcframework/ios-arm64/ExpoModulesCore.framework/Headers -I/Users/sparkles/Documents/CodingFiles/FullStack/expensioApp/frontend/ios/Pods/ExpoModulesCore/ExpoModulesCore.xcframework/ios-arm64_x86_64-simulator/ExpoModulesCore.framework/Headers -I/Users/sparkles/Documents/CodingFiles/FullStack/expensioApp/frontend/ios/Pods/ExpoModulesCore/ExpoModulesCore.xcframework/ios-arm64/ExpoModulesCore.framework/Headers -I/Users/sparkles/Library/Developer/Xcode/DerivedData/Expensio-futtgngxcysvvhcljmosbeftqmyc/Build/Intermediates.noindex/Pods.build/Debug-iphonesimulator/RNCPicker.build/DerivedSources-normal/arm64 -I/Users/sparkles/Library/Developer/Xcode/DerivedData/Expensio-futtgngxcysvvhcljmosbeftqmyc/Build/Intermediates.noindex/Pods.build/Debug-iphonesimulator/RNCPicker.build/DerivedSources/arm64 -I/Users/sparkles/Library/Developer/Xcode/DerivedData/Expensio-futtgngxcysvvhcljmosbeftqmyc/Build/Intermediates.noindex/Pods.build/Debug-iphonesimulator/RNCPicker.build/DerivedSources -F/Users/sparkles/Library/Developer/Xcode/DerivedData/Expensio-futtgngxcysvvhcljmosbeftqmyc/Build/Products/Debug-iphonesimulator/RNCPicker -F/Users/sparkles/Documents/CodingFiles/FullStack/expensioApp/frontend/ios/Pods/React-Core-prebuilt -F/Users/sparkles/Documents/CodingFiles/FullStack/expensioApp/frontend/ios/Pods/ReactNativeDependencies/framework/packages/react-native -F/Users/sparkles/Documents/CodingFiles/FullStack/expensioApp/frontend/ios/Pods/hermes-engine/destroot/Library/Frameworks/universal -F/Users/sparkles/Library/Developer/Xcode/DerivedData/Expensio-futtgngxcysvvhcljmosbeftqmyc/Build/Products/Debug-iphonesimulator/XCFrameworkIntermediates/React-Core-prebuilt -F/Users/sparkles/Library/Developer/Xcode/DerivedData/Expensio-futtgngxcysvvhcljmosbeftqmyc/Build/Products/Debug-iphonesimulator/XCFrameworkIntermediates/ReactNativeDependencies -F/Users/sparkles/Library/Developer/Xcode/DerivedData/Expensio-futtgngxcysvvhcljmosbeftqmyc/Build/Products/Debug-iphonesimulator/XCFrameworkIntermediates/hermes-engine/Pre-built '-DRCT_REMOVE_LEGACY_ARCH=1' '-fmodule-map-file=/Users/sparkles/Documents/CodingFiles/FullStack/expensioApp/frontend/ios/Pods/Headers/Public/ReactCodegen/ReactCodegen.modulemap' '-DRCT_REMOVE_LEGACY_ARCH=1' -ivfsoverlay /Users/sparkles/Documents/CodingFiles/FullStack/expensioApp/frontend/ios/Pods/React-Core-prebuilt/React-VFS.yaml '-DRCT_REMOVE_LEGACY_ARCH=1' '-DRCT_NEW_ARCH_ENABLED=1' -ivfsoverlay /Users/sparkles/Documents/CodingFiles/FullStack/expensioApp/frontend/ios/Pods/React-Core-prebuilt/React-VFS.yaml

WriteAuxiliaryFile /Users/sparkles/Library/Developer/Xcode/DerivedData/Expensio-futtgngxcysvvhcljmosbeftqmyc/Build/Intermediates.noindex/Pods.build/Debug-iphonesimulator/RNCPicker.build/Objects-normal/arm64/RNCPicker.LinkFileList (in target 'RNCPicker' from project 'Pods')
    cd /Users/sparkles/Documents/CodingFiles/FullStack/expensioApp/frontend/ios/Pods
    write-file /Users/sparkles/Library/Developer/Xcode/DerivedData/Expensio-futtgngxcysvvhcljmosbeftqmyc/Build/Intermediates.noindex/Pods.build/Debug-iphonesimulator/RNCPicker.build/Objects-normal/arm64/RNCPicker.LinkFileList

WriteAuxiliaryFile /Users/sparkles/Library/Developer/Xcode/DerivedData/Expensio-futtgngxcysvvhcljmosbeftqmyc/Build/Intermediates.noindex/Pods.build/Debug-iphonesimulator/ExpoWebBrowser.build/Script-46EB2E00015F30.sh (in target 'ExpoWebBrowser' from project 'Pods')
    cd /Users/sparkles/Documents/CodingFiles/FullStack/expensioApp/frontend/ios/Pods
    write-file /Users/sparkles/Library/Developer/Xcode/DerivedData/Expensio-futtgngxcysvvhcljmosbeftqmyc/Build/Intermediates.noindex/Pods.build/Debug-iphonesimulator/ExpoWebBrowser.build/Script-46EB2E00015F30.sh

WriteAuxiliaryFile /Users/sparkles/Library/Developer/Xcode/DerivedData/Expensio-futtgngxcysvvhcljmosbeftqmyc/Build/Intermediates.noindex/Pods.build/Debug-iphonesimulator/ExpoWebBrowser.build/Objects-normal/x86_64/e6072d4f65d7061329687fe24e3d63a7-common-args.resp (in target 'ExpoWebBrowser' from project 'Pods')
    cd /Users/sparkles/Documents/CodingFiles/FullStack/expensioApp/frontend/ios/Pods
    write-file /Users/sparkles/Library/Developer/Xcode/DerivedData/Expensio-futtgngxcysvvhcljmosbeftqmyc/Build/Intermediates.noindex/Pods.build/Debug-iphonesimulator/ExpoWebBrowser.build/Objects-normal/x86_64/e6072d4f65d7061329687fe24e3d63a7-common-args.resp
'-std=gnu11' -fobjc-arc -fmodules '-fmodules-cache-path=/Users/sparkles/Library/Developer/Xcode/DerivedData/ModuleCache.noindex' '-fmodule-name=ExpoWebBrowser' -fpascal-strings -O0 -fno-common '-DPOD_CONFIGURATION_DEBUG=1' '-DDEBUG=1' '-DCOCOAPODS=1' '-DOBJC_OLD_DISPATCH_PROTOTYPES=0' -fasm-blocks -g '-fobjc-abi-version=2' -fobjc-legacy-dispatch -iquote /Users/sparkles/Library/Developer/Xcode/DerivedData/Expensio-futtgngxcysvvhcljmosbeftqmyc/Build/Intermediates.noindex/Pods.build/Debug-iphonesimulator/ExpoWebBrowser.build/ExpoWebBrowser-generated-files.hmap -I/Users/sparkles/Library/Developer/Xcode/DerivedData/Expensio-futtgngxcysvvhcljmosbeftqmyc/Build/Intermediates.noindex/Pods.build/Debug-iphonesimulator/ExpoWebBrowser.build/ExpoWebBrowser-own-target-headers.hmap -I/Users/sparkles/Library/Developer/Xcode/DerivedData/Expensio-futtgngxcysvvhcljmosbeftqmyc/Build/Intermediates.noindex/Pods.build/Debug-iphonesimulator/ExpoWebBrowser.build/ExpoWebBrowser-all-non-framework-target-headers.hmap -ivfsoverlay /Users/sparkles/Library/Developer/Xcode/DerivedData/Expensio-futtgngxcysvvhcljmosbeftqmyc/Build/Intermediates.noindex/Pods.build/Debug-iphonesimulator/Pods-8699adb1dd336b26511df848a716bd42-VFS-iphonesimulator/all-product-headers.yaml -iquote /Users/sparkles/Library/Developer/Xcode/DerivedData/Expensio-futtgngxcysvvhcljmosbeftqmyc/Build/Intermediates.noindex/Pods.build/Debug-iphonesimulator/ExpoWebBrowser.build/ExpoWebBrowser-project-headers.hmap -I/Users/sparkles/Library/Developer/Xcode/DerivedData/Expensio-futtgngxcysvvhcljmosbeftqmyc/Build/Products/Debug-iphonesimulator/ExpoWebBrowser/include -I/Users/sparkles/Documents/CodingFiles/FullStack/expensioApp/frontend/ios/Pods/Headers/Public -I/Users/sparkles/Documents/CodingFiles/FullStack/expensioApp/frontend/ios/Pods/Headers/Public/FBLazyVector -I/Users/sparkles/Documents/CodingFiles/FullStack/expensioApp/frontend/ios/Pods/Headers/Public/RCTRequired -I/Users/sparkles/Documents/CodingFiles/FullStack/expensioApp/frontend/ios/Pods/Headers/Public/RCTSwiftUIWrapper -I/Users/sparkles/Documents/CodingFiles/FullStack/expensioApp/frontend/ios/Pods/Headers/Public/RCTTypeSafety -I/Users/sparkles/Documents/CodingFiles/FullStack/expensioApp/frontend/ios/Pods/Headers/Public/React-Core -I/Users/sparkles/Documents/CodingFiles/FullStack/expensioApp/frontend/ios/Pods/Headers/Public/React-Core-prebuilt -I/Users/sparkles/Documents/CodingFiles/FullStack/expensioApp/frontend/ios/Pods/Headers/Public/React-CoreModules -I/Users/sparkles/Documents/CodingFiles/FullStack/expensioApp/frontend/ios/Pods/Headers/Public/React-Fabric -I/Users/sparkles/Documents/CodingFiles/FullStack/expensioApp/frontend/ios/Pods/Headers/Public/React-FabricComponents -I/Users/sparkles/Documents/CodingFiles/FullStack/expensioApp/frontend/ios/Pods/Headers/Public/React-FabricImage -I/Users/sparkles/Documents/CodingFiles/FullStack/expensioApp/frontend/ios/Pods/Headers/Public/React-ImageManager -I/Users/sparkles/Documents/CodingFiles/FullStack/expensioApp/frontend/ios/Pods/Headers/Public/React-Mapbuffer -I/Users/sparkles/Documents/CodingFiles/FullStack/expensioApp/frontend/ios/Pods/Headers/Public/React-NativeModulesApple -I/Users/sparkles/Documents/CodingFiles/FullStack/expensioApp/frontend/ios/Pods/Headers/Public/React-RCTAnimation -I/Users/sparkles/Documents/CodingFiles/FullStack/expensioApp/frontend/ios/Pods/Headers/Public/React-RCTBlob -I/Users/sparkles/Documents/CodingFiles/FullStack/expensioApp/frontend/ios/Pods/Headers/Public/React-RCTFBReactNativeSpec -I/Users/sparkles/Documents/CodingFiles/FullStack/expensioApp/frontend/ios/Pods/Headers/Public/React-RCTFabric -I/Users/sparkles/Documents/CodingFiles/FullStack/expensioApp/frontend/ios/Pods/Headers/Public/React-RCTImage -I/Users/sparkles/Documents/CodingFiles/FullStack/expensioApp/frontend/ios/Pods/Headers/Public/React-RCTRuntime -I/Users/sparkles/Documents/CodingFiles/FullStack/expensioApp/frontend/ios/Pods/Headers/Public/React-RCTText -I/Users/sparkles/Documents/CodingFiles/FullStack/expensioApp/frontend/ios/Pods/Headers/Public/React-RuntimeApple -I/Users/sparkles/Documents/CodingFiles/FullStack/expensioApp/frontend/ios/Pods/Headers/Public/React-RuntimeCore -I/Users/sparkles/Documents/CodingFiles/FullStack/expensioApp/frontend/ios/Pods/Headers/Public/React-RuntimeHermes -I/Users/sparkles/Documents/CodingFiles/FullStack/expensioApp/frontend/ios/Pods/Headers/Public/React-callinvoker -I/Users/sparkles/Documents/CodingFiles/FullStack/expensioApp/frontend/ios/Pods/Headers/Public/React-cxxreact -I/Users/sparkles/Documents/CodingFiles/FullStack/expensioApp/frontend/ios/Pods/Headers/Public/React-debug -I/Users/sparkles/Documents/CodingFiles/FullStack/expensioApp/frontend/ios/Pods/Headers/Public/React-defaultsnativemodule -I/Users/sparkles/Documents/CodingFiles/FullStack/expensioApp/frontend/ios/Pods/Headers/Public/React-domnativemodule -I/Users/sparkles/Documents/CodingFiles/FullStack/expensioApp/frontend/ios/Pods/Headers/Public/React-featureflags -I/Users/sparkles/Documents/CodingFiles/FullStack/expensioApp/frontend/ios/Pods/Headers/Public/React-featureflagsnativemodule -I/Users/sparkles/Documents/CodingFiles/FullStack/expensioApp/frontend/ios/Pods/Headers/Public/React-graphics -I/Users/sparkles/Documents/CodingFiles/FullStack/expensioApp/frontend/ios/Pods/Headers/Public/React-hermes -I/Users/sparkles/Documents/CodingFiles/FullStack/expensioApp/frontend/ios/Pods/Headers/Public/React-idlecallbacksnativemodule -I/Users/sparkles/Documents/CodingFiles/FullStack/expensioApp/frontend/ios/Pods/Headers/Public/React-intersectionobservernativemodule -I/Users/sparkles/Documents/CodingFiles/FullStack/expensioApp/frontend/ios/Pods/Headers/Public/React-jserrorhandler -I/Users/sparkles/Documents/CodingFiles/FullStack/expensioApp/frontend/ios/Pods/Headers/Public/React-jsi -I/Users/sparkles/Documents/CodingFiles/FullStack/expensioApp/frontend/ios/Pods/Headers/Public/React-jsiexecutor -I/Users/sparkles/Documents/CodingFiles/FullStack/expensioApp/frontend/ios/Pods/Headers/Public/React-jsinspector -I/Users/sparkles/Documents/CodingFiles/FullStack/expensioApp/frontend/ios/Pods/Headers/Public/React-jsinspectorcdp -I/Users/sparkles/Documents/CodingFiles/FullStack/expensioApp/frontend/ios/Pods/Headers/Public/React-jsinspectornetwork -I/Users/sparkles/Documents/CodingFiles/FullStack/expensioApp/frontend/ios/Pods/Headers/Public/React-jsinspectortracing -I/Users/sparkles/Documents/CodingFiles/FullStack/expensioApp/frontend/ios/Pods/Headers/Public/React-jsitooling -I/Users/sparkles/Documents/CodingFiles/FullStack/expensioApp/frontend/ios/Pods/Headers/Public/React-logger -I/Users/sparkles/Documents/CodingFiles/FullStack/expensioApp/frontend/ios/Pods/Headers/Public/React-microtasksnativemodule -I/Users/sparkles/Documents/CodingFiles/FullStack/expensioApp/frontend/ios/Pods/Headers/Public/React-mutationobservernativemodule -I/Users/sparkles/Documents/CodingFiles/FullStack/expensioApp/frontend/ios/Pods/Headers/Public/React-networking -I/Users/sparkles/Documents/CodingFiles/FullStack/expensioApp/frontend/ios/Pods/Headers/Public/React-oscompat -I/Users/sparkles/Documents/CodingFiles/FullStack/expensioApp/frontend/ios/Pods/Headers/Public/React-perflogger -I/Users/sparkles/Documents/CodingFiles/FullStack/expensioApp/frontend/ios/Pods/Headers/Public/React-performancecdpmetrics -I/Users/sparkles/Documents/CodingFiles/FullStack/expensioApp/frontend/ios/Pods/Headers/Public/React-performancetimeline -I/Users/sparkles/Documents/CodingFiles/FullStack/expensioApp/frontend/ios/Pods/Headers/Public/React-rendererconsistency -I/Users/sparkles/Documents/CodingFiles/FullStack/expensioApp/frontend/ios/Pods/Headers/Public/React-renderercss -I/Users/sparkles/Documents/CodingFiles/FullStack/expensioApp/frontend/ios/Pods/Headers/Public/React-rendererdebug -I/Users/sparkles/Documents/CodingFiles/FullStack/expensioApp/frontend/ios/Pods/Headers/Public/React-runtimeexecutor -I/Users/sparkles/Documents/CodingFiles/FullStack/expensioApp/frontend/ios/Pods/Headers/Public/React-runtimescheduler -I/Users/sparkles/Documents/CodingFiles/FullStack/expensioApp/frontend/ios/Pods/Headers/Public/React-timing -I/Users/sparkles/Documents/CodingFiles/FullStack/expensioApp/frontend/ios/Pods/Headers/Public/React-utils -I/Users/sparkles/Documents/CodingFiles/FullStack/expensioApp/frontend/ios/Pods/Headers/Public/React-viewtransitionnativemodule -I/Users/sparkles/Documents/CodingFiles/FullStack/expensioApp/frontend/ios/Pods/Headers/Public/React-webperformancenativemodule -I/Users/sparkles/Documents/CodingFiles/FullStack/expensioApp/frontend/ios/Pods/Headers/Public/ReactCodegen -I/Users/sparkles/Documents/CodingFiles/FullStack/expensioApp/frontend/ios/Pods/Headers/Public/ReactCommon -I/Users/sparkles/Documents/CodingFiles/FullStack/expensioApp/frontend/ios/Pods/Headers/Public/ReactNativeDependencies -I/Users/sparkles/Documents/CodingFiles/FullStack/expensioApp/frontend/ios/Pods/Headers/Public/Yoga -I/Users/sparkles/Documents/CodingFiles/FullStack/expensioApp/frontend/ios/Pods/Headers/Public/hermes-engine -I/Users/sparkles/Documents/CodingFiles/FullStack/expensioApp/frontend/ios/Pods/ExpoModulesCore/ExpoModulesCore.xcframework/ios-arm64_x86_64-simulator/ExpoModulesCore.framework/Headers -I/Users/sparkles/Documents/CodingFiles/FullStack/expensioApp/frontend/ios/Pods/ExpoModulesCore/ExpoModulesCore.xcframework/ios-arm64/ExpoModulesCore.framework/Headers -I/Users/sparkles/Documents/CodingFiles/FullStack/expensioApp/frontend/ios/Pods/ExpoModulesCore/ExpoModulesCore.xcframework/ios-arm64_x86_64-simulator/ExpoModulesCore.framework/Headers -I/Users/sparkles/Documents/CodingFiles/FullStack/expensioApp/frontend/ios/Pods/ExpoModulesCore/ExpoModulesCore.xcframework/ios-arm64/ExpoModulesCore.framework/Headers -I/Users/sparkles/Library/Developer/Xcode/DerivedData/Expensio-futtgngxcysvvhcljmosbeftqmyc/Build/Intermediates.noindex/Pods.build/Debug-iphonesimulator/ExpoWebBrowser.build/DerivedSources-normal/x86_64 -I/Users/sparkles/Library/Developer/Xcode/DerivedData/Expensio-futtgngxcysvvhcljmosbeftqmyc/Build/Intermediates.noindex/Pods.build/Debug-iphonesimulator/ExpoWebBrowser.build/DerivedSources/x86_64 -I/Users/sparkles/Library/Developer/Xcode/DerivedData/Expensio-futtgngxcysvvhcljmosbeftqmyc/Build/Intermediates.noindex/Pods.build/Debug-iphonesimulator/ExpoWebBrowser.build/DerivedSources -F/Users/sparkles/Library/Developer/Xcode/DerivedData/Expensio-futtgngxcysvvhcljmosbeftqmyc/Build/Products/Debug-iphonesimulator/ExpoWebBrowser -F/Users/sparkles/Documents/CodingFiles/FullStack/expensioApp/frontend/node_modules/expo-modules-jsi/apple/Products -F/Users/sparkles/Documents/CodingFiles/FullStack/expensioApp/frontend/ios/Pods/ExpoModulesCore -F/Users/sparkles/Documents/CodingFiles/FullStack/expensioApp/frontend/ios/Pods/React-Core-prebuilt -F/Users/sparkles/Documents/CodingFiles/FullStack/expensioApp/frontend/ios/Pods/ReactNativeDependencies/framework/packages/react-native -F/Users/sparkles/Documents/CodingFiles/FullStack/expensioApp/frontend/ios/Pods/hermes-engine/destroot/Library/Frameworks/universal -F/Users/sparkles/Library/Developer/Xcode/DerivedData/Expensio-futtgngxcysvvhcljmosbeftqmyc/Build/Products/Debug-iphonesimulator/XCFrameworkIntermediates/ExpoModulesCore -F/Users/sparkles/Library/Developer/Xcode/DerivedData/Expensio-futtgngxcysvvhcljmosbeftqmyc/Build/Products/Debug-iphonesimulator/XCFrameworkIntermediates/ExpoModulesJSI -F/Users/sparkles/Library/Developer/Xcode/DerivedData/Expensio-futtgngxcysvvhcljmosbeftqmyc/Build/Products/Debug-iphonesimulator/XCFrameworkIntermediates/React-Core-prebuilt -F/Users/sparkles/Library/Developer/Xcode/DerivedData/Expensio-futtgngxcysvvhcljmosbeftqmyc/Build/Products/Debug-iphonesimulator/XCFrameworkIntermediates/ReactNativeDependencies -F/Users/sparkles/Library/Developer/Xcode/DerivedData/Expensio-futtgngxcysvvhcljmosbeftqmyc/Build/Products/Debug-iphonesimulator/XCFrameworkIntermediates/hermes-engine/Pre-built '-DRCT_REMOVE_LEGACY_ARCH=1' '-fmodule-map-file=/Users/sparkles/Documents/CodingFiles/FullStack/expensioApp/frontend/ios/Pods/Headers/Public/ReactCodegen/ReactCodegen.modulemap'

WriteAuxiliaryFile /Users/sparkles/Library/Developer/Xcode/DerivedData/Expensio-futtgngxcysvvhcljmosbeftqmyc/Build/Intermediates.noindex/Pods.build/Debug-iphonesimulator/ExpoWebBrowser.build/Objects-normal/x86_64/ExpoWebBrowser_const_extract_protocols.json (in target 'ExpoWebBrowser' from project 'Pods')
    cd /Users/sparkles/Documents/CodingFiles/FullStack/expensioApp/frontend/ios/Pods
    write-file /Users/sparkles/Library/Developer/Xcode/DerivedData/Expensio-futtgngxcysvvhcljmosbeftqmyc/Build/Intermediates.noindex/Pods.build/Debug-iphonesimulator/ExpoWebBrowser.build/Objects-normal/x86_64/ExpoWebBrowser_const_extract_protocols.json

WriteAuxiliaryFile /Users/sparkles/Library/Developer/Xcode/DerivedData/Expensio-futtgngxcysvvhcljmosbeftqmyc/Build/Intermediates.noindex/Pods.build/Debug-iphonesimulator/ExpoWebBrowser.build/Objects-normal/x86_64/ExpoWebBrowser.SwiftFileList (in target 'ExpoWebBrowser' from project 'Pods')
    cd /Users/sparkles/Documents/CodingFiles/FullStack/expensioApp/frontend/ios/Pods
    write-file /Users/sparkles/Library/Developer/Xcode/DerivedData/Expensio-futtgngxcysvvhcljmosbeftqmyc/Build/Intermediates.noindex/Pods.build/Debug-iphonesimulator/ExpoWebBrowser.build/Objects-normal/x86_64/ExpoWebBrowser.SwiftFileList

WriteAuxiliaryFile /Users/sparkles/Library/Developer/Xcode/DerivedData/Expensio-futtgngxcysvvhcljmosbeftqmyc/Build/Intermediates.noindex/Pods.build/Debug-iphonesimulator/ExpoWebBrowser.build/Objects-normal/x86_64/ExpoWebBrowser.SwiftConstValuesFileList (in target 'ExpoWebBrowser' from project 'Pods')
    cd /Users/sparkles/Documents/CodingFiles/FullStack/expensioApp/frontend/ios/Pods
    write-file /Users/sparkles/Library/Developer/Xcode/DerivedData/Expensio-futtgngxcysvvhcljmosbeftqmyc/Build/Intermediates.noindex/Pods.build/Debug-iphonesimulator/ExpoWebBrowser.build/Objects-normal/x86_64/ExpoWebBrowser.SwiftConstValuesFileList

WriteAuxiliaryFile /Users/sparkles/Library/Developer/Xcode/DerivedData/Expensio-futtgngxcysvvhcljmosbeftqmyc/Build/Intermediates.noindex/Pods.build/Debug-iphonesimulator/ExpoWebBrowser.build/Objects-normal/x86_64/ExpoWebBrowser.LinkFileList (in target 'ExpoWebBrowser' from project 'Pods')
    cd /Users/sparkles/Documents/CodingFiles/FullStack/expensioApp/frontend/ios/Pods
    write-file /Users/sparkles/Library/Developer/Xcode/DerivedData/Expensio-futtgngxcysvvhcljmosbeftqmyc/Build/Intermediates.noindex/Pods.build/Debug-iphonesimulator/ExpoWebBrowser.build/Objects-normal/x86_64/ExpoWebBrowser.LinkFileList

WriteAuxiliaryFile /Users/sparkles/Library/Developer/Xcode/DerivedData/Expensio-futtgngxcysvvhcljmosbeftqmyc/Build/Intermediates.noindex/Pods.build/Debug-iphonesimulator/ExpoWebBrowser.build/Objects-normal/x86_64/ExpoWebBrowser-OutputFileMap.json (in target 'ExpoWebBrowser' from project 'Pods')
    cd /Users/sparkles/Documents/CodingFiles/FullStack/expensioApp/frontend/ios/Pods
    write-file /Users/sparkles/Library/Developer/Xcode/DerivedData/Expensio-futtgngxcysvvhcljmosbeftqmyc/Build/Intermediates.noindex/Pods.build/Debug-iphonesimulator/ExpoWebBrowser.build/Objects-normal/x86_64/ExpoWebBrowser-OutputFileMap.json

WriteAuxiliaryFile /Users/sparkles/Library/Developer/Xcode/DerivedData/Expensio-futtgngxcysvvhcljmosbeftqmyc/Build/Intermediates.noindex/Pods.build/Debug-iphonesimulator/ExpoWebBrowser.build/Objects-normal/arm64/e6072d4f65d7061329687fe24e3d63a7-common-args.resp (in target 'ExpoWebBrowser' from project 'Pods')
    cd /Users/sparkles/Documents/CodingFiles/FullStack/expensioApp/frontend/ios/Pods
    write-file /Users/sparkles/Library/Developer/Xcode/DerivedData/Expensio-futtgngxcysvvhcljmosbeftqmyc/Build/Intermediates.noindex/Pods.build/Debug-iphonesimulator/ExpoWebBrowser.build/Objects-normal/arm64/e6072d4f65d7061329687fe24e3d63a7-common-args.resp
'-std=gnu11' -fobjc-arc -fmodules '-fmodules-cache-path=/Users/sparkles/Library/Developer/Xcode/DerivedData/ModuleCache.noindex' '-fmodule-name=ExpoWebBrowser' -fpascal-strings -O0 -fno-common '-DPOD_CONFIGURATION_DEBUG=1' '-DDEBUG=1' '-DCOCOAPODS=1' '-DOBJC_OLD_DISPATCH_PROTOTYPES=0' -g '-fobjc-abi-version=2' -fobjc-legacy-dispatch -iquote /Users/sparkles/Library/Developer/Xcode/DerivedData/Expensio-futtgngxcysvvhcljmosbeftqmyc/Build/Intermediates.noindex/Pods.build/Debug-iphonesimulator/ExpoWebBrowser.build/ExpoWebBrowser-generated-files.hmap -I/Users/sparkles/Library/Developer/Xcode/DerivedData/Expensio-futtgngxcysvvhcljmosbeftqmyc/Build/Intermediates.noindex/Pods.build/Debug-iphonesimulator/ExpoWebBrowser.build/ExpoWebBrowser-own-target-headers.hmap -I/Users/sparkles/Library/Developer/Xcode/DerivedData/Expensio-futtgngxcysvvhcljmosbeftqmyc/Build/Intermediates.noindex/Pods.build/Debug-iphonesimulator/ExpoWebBrowser.build/ExpoWebBrowser-all-non-framework-target-headers.hmap -ivfsoverlay /Users/sparkles/Library/Developer/Xcode/DerivedData/Expensio-futtgngxcysvvhcljmosbeftqmyc/Build/Intermediates.noindex/Pods.build/Debug-iphonesimulator/Pods-8699adb1dd336b26511df848a716bd42-VFS-iphonesimulator/all-product-headers.yaml -iquote /Users/sparkles/Library/Developer/Xcode/DerivedData/Expensio-futtgngxcysvvhcljmosbeftqmyc/Build/Intermediates.noindex/Pods.build/Debug-iphonesimulator/ExpoWebBrowser.build/ExpoWebBrowser-project-headers.hmap -I/Users/sparkles/Library/Developer/Xcode/DerivedData/Expensio-futtgngxcysvvhcljmosbeftqmyc/Build/Products/Debug-iphonesimulator/ExpoWebBrowser/include -I/Users/sparkles/Documents/CodingFiles/FullStack/expensioApp/frontend/ios/Pods/Headers/Public -I/Users/sparkles/Documents/CodingFiles/FullStack/expensioApp/frontend/ios/Pods/Headers/Public/FBLazyVector -I/Users/sparkles/Documents/CodingFiles/FullStack/expensioApp/frontend/ios/Pods/Headers/Public/RCTRequired -I/Users/sparkles/Documents/CodingFiles/FullStack/expensioApp/frontend/ios/Pods/Headers/Public/RCTSwiftUIWrapper -I/Users/sparkles/Documents/CodingFiles/FullStack/expensioApp/frontend/ios/Pods/Headers/Public/RCTTypeSafety -I/Users/sparkles/Documents/CodingFiles/FullStack/expensioApp/frontend/ios/Pods/Headers/Public/React-Core -I/Users/sparkles/Documents/CodingFiles/FullStack/expensioApp/frontend/ios/Pods/Headers/Public/React-Core-prebuilt -I/Users/sparkles/Documents/CodingFiles/FullStack/expensioApp/frontend/ios/Pods/Headers/Public/React-CoreModules -I/Users/sparkles/Documents/CodingFiles/FullStack/expensioApp/frontend/ios/Pods/Headers/Public/React-Fabric -I/Users/sparkles/Documents/CodingFiles/FullStack/expensioApp/frontend/ios/Pods/Headers/Public/React-FabricComponents -I/Users/sparkles/Documents/CodingFiles/FullStack/expensioApp/frontend/ios/Pods/Headers/Public/React-FabricImage -I/Users/sparkles/Documents/CodingFiles/FullStack/expensioApp/frontend/ios/Pods/Headers/Public/React-ImageManager -I/Users/sparkles/Documents/CodingFiles/FullStack/expensioApp/frontend/ios/Pods/Headers/Public/React-Mapbuffer -I/Users/sparkles/Documents/CodingFiles/FullStack/expensioApp/frontend/ios/Pods/Headers/Public/React-NativeModulesApple -I/Users/sparkles/Documents/CodingFiles/FullStack/expensioApp/frontend/ios/Pods/Headers/Public/React-RCTAnimation -I/Users/sparkles/Documents/CodingFiles/FullStack/expensioApp/frontend/ios/Pods/Headers/Public/React-RCTBlob -I/Users/sparkles/Documents/CodingFiles/FullStack/expensioApp/frontend/ios/Pods/Headers/Public/React-RCTFBReactNativeSpec -I/Users/sparkles/Documents/CodingFiles/FullStack/expensioApp/frontend/ios/Pods/Headers/Public/React-RCTFabric -I/Users/sparkles/Documents/CodingFiles/FullStack/expensioApp/frontend/ios/Pods/Headers/Public/React-RCTImage -I/Users/sparkles/Documents/CodingFiles/FullStack/expensioApp/frontend/ios/Pods/Headers/Public/React-RCTRuntime -I/Users/sparkles/Documents/CodingFiles/FullStack/expensioApp/frontend/ios/Pods/Headers/Public/React-RCTText -I/Users/sparkles/Documents/CodingFiles/FullStack/expensioApp/frontend/ios/Pods/Headers/Public/React-RuntimeApple -I/Users/sparkles/Documents/CodingFiles/FullStack/expensioApp/frontend/ios/Pods/Headers/Public/React-RuntimeCore -I/Users/sparkles/Documents/CodingFiles/FullStack/expensioApp/frontend/ios/Pods/Headers/Public/React-RuntimeHermes -I/Users/sparkles/Documents/CodingFiles/FullStack/expensioApp/frontend/ios/Pods/Headers/Public/React-callinvoker -I/Users/sparkles/Documents/CodingFiles/FullStack/expensioApp/frontend/ios/Pods/Headers/Public/React-cxxreact -I/Users/sparkles/Documents/CodingFiles/FullStack/expensioApp/frontend/ios/Pods/Headers/Public/React-debug -I/Users/sparkles/Documents/CodingFiles/FullStack/expensioApp/frontend/ios/Pods/Headers/Public/React-defaultsnativemodule -I/Users/sparkles/Documents/CodingFiles/FullStack/expensioApp/frontend/ios/Pods/Headers/Public/React-domnativemodule -I/Users/sparkles/Documents/CodingFiles/FullStack/expensioApp/frontend/ios/Pods/Headers/Public/React-featureflags -I/Users/sparkles/Documents/CodingFiles/FullStack/expensioApp/frontend/ios/Pods/Headers/Public/React-featureflagsnativemodule -I/Users/sparkles/Documents/CodingFiles/FullStack/expensioApp/frontend/ios/Pods/Headers/Public/React-graphics -I/Users/sparkles/Documents/CodingFiles/FullStack/expensioApp/frontend/ios/Pods/Headers/Public/React-hermes -I/Users/sparkles/Documents/CodingFiles/FullStack/expensioApp/frontend/ios/Pods/Headers/Public/React-idlecallbacksnativemodule -I/Users/sparkles/Documents/CodingFiles/FullStack/expensioApp/frontend/ios/Pods/Headers/Public/React-intersectionobservernativemodule -I/Users/sparkles/Documents/CodingFiles/FullStack/expensioApp/frontend/ios/Pods/Headers/Public/React-jserrorhandler -I/Users/sparkles/Documents/CodingFiles/FullStack/expensioApp/frontend/ios/Pods/Headers/Public/React-jsi -I/Users/sparkles/Documents/CodingFiles/FullStack/expensioApp/frontend/ios/Pods/Headers/Public/React-jsiexecutor -I/Users/sparkles/Documents/CodingFiles/FullStack/expensioApp/frontend/ios/Pods/Headers/Public/React-jsinspector -I/Users/sparkles/Documents/CodingFiles/FullStack/expensioApp/frontend/ios/Pods/Headers/Public/React-jsinspectorcdp -I/Users/sparkles/Documents/CodingFiles/FullStack/expensioApp/frontend/ios/Pods/Headers/Public/React-jsinspectornetwork -I/Users/sparkles/Documents/CodingFiles/FullStack/expensioApp/frontend/ios/Pods/Headers/Public/React-jsinspectortracing -I/Users/sparkles/Documents/CodingFiles/FullStack/expensioApp/frontend/ios/Pods/Headers/Public/React-jsitooling -I/Users/sparkles/Documents/CodingFiles/FullStack/expensioApp/frontend/ios/Pods/Headers/Public/React-logger -I/Users/sparkles/Documents/CodingFiles/FullStack/expensioApp/frontend/ios/Pods/Headers/Public/React-microtasksnativemodule -I/Users/sparkles/Documents/CodingFiles/FullStack/expensioApp/frontend/ios/Pods/Headers/Public/React-mutationobservernativemodule -I/Users/sparkles/Documents/CodingFiles/FullStack/expensioApp/frontend/ios/Pods/Headers/Public/React-networking -I/Users/sparkles/Documents/CodingFiles/FullStack/expensioApp/frontend/ios/Pods/Headers/Public/React-oscompat -I/Users/sparkles/Documents/CodingFiles/FullStack/expensioApp/frontend/ios/Pods/Headers/Public/React-perflogger -I/Users/sparkles/Documents/CodingFiles/FullStack/expensioApp/frontend/ios/Pods/Headers/Public/React-performancecdpmetrics -I/Users/sparkles/Documents/CodingFiles/FullStack/expensioApp/frontend/ios/Pods/Headers/Public/React-performancetimeline -I/Users/sparkles/Documents/CodingFiles/FullStack/expensioApp/frontend/ios/Pods/Headers/Public/React-rendererconsistency -I/Users/sparkles/Documents/CodingFiles/FullStack/expensioApp/frontend/ios/Pods/Headers/Public/React-renderercss -I/Users/sparkles/Documents/CodingFiles/FullStack/expensioApp/frontend/ios/Pods/Headers/Public/React-rendererdebug -I/Users/sparkles/Documents/CodingFiles/FullStack/expensioApp/frontend/ios/Pods/Headers/Public/React-runtimeexecutor -I/Users/sparkles/Documents/CodingFiles/FullStack/expensioApp/frontend/ios/Pods/Headers/Public/React-runtimescheduler -I/Users/sparkles/Documents/CodingFiles/FullStack/expensioApp/frontend/ios/Pods/Headers/Public/React-timing -I/Users/sparkles/Documents/CodingFiles/FullStack/expensioApp/frontend/ios/Pods/Headers/Public/React-utils -I/Users/sparkles/Documents/CodingFiles/FullStack/expensioApp/frontend/ios/Pods/Headers/Public/React-viewtransitionnativemodule -I/Users/sparkles/Documents/CodingFiles/FullStack/expensioApp/frontend/ios/Pods/Headers/Public/React-webperformancenativemodule -I/Users/sparkles/Documents/CodingFiles/FullStack/expensioApp/frontend/ios/Pods/Headers/Public/ReactCodegen -I/Users/sparkles/Documents/CodingFiles/FullStack/expensioApp/frontend/ios/Pods/Headers/Public/ReactCommon -I/Users/sparkles/Documents/CodingFiles/FullStack/expensioApp/frontend/ios/Pods/Headers/Public/ReactNativeDependencies -I/Users/sparkles/Documents/CodingFiles/FullStack/expensioApp/frontend/ios/Pods/Headers/Public/Yoga -I/Users/sparkles/Documents/CodingFiles/FullStack/expensioApp/frontend/ios/Pods/Headers/Public/hermes-engine -I/Users/sparkles/Documents/CodingFiles/FullStack/expensioApp/frontend/ios/Pods/ExpoModulesCore/ExpoModulesCore.xcframework/ios-arm64_x86_64-simulator/ExpoModulesCore.framework/Headers -I/Users/sparkles/Documents/CodingFiles/FullStack/expensioApp/frontend/ios/Pods/ExpoModulesCore/ExpoModulesCore.xcframework/ios-arm64/ExpoModulesCore.framework/Headers -I/Users/sparkles/Documents/CodingFiles/FullStack/expensioApp/frontend/ios/Pods/ExpoModulesCore/ExpoModulesCore.xcframework/ios-arm64_x86_64-simulator/ExpoModulesCore.framework/Headers -I/Users/sparkles/Documents/CodingFiles/FullStack/expensioApp/frontend/ios/Pods/ExpoModulesCore/ExpoModulesCore.xcframework/ios-arm64/ExpoModulesCore.framework/Headers -I/Users/sparkles/Library/Developer/Xcode/DerivedData/Expensio-futtgngxcysvvhcljmosbeftqmyc/Build/Intermediates.noindex/Pods.build/Debug-iphonesimulator/ExpoWebBrowser.build/DerivedSources-normal/arm64 -I/Users/sparkles/Library/Developer/Xcode/DerivedData/Expensio-futtgngxcysvvhcljmosbeftqmyc/Build/Intermediates.noindex/Pods.build/Debug-iphonesimulator/ExpoWebBrowser.build/DerivedSources/arm64 -I/Users/sparkles/Library/Developer/Xcode/DerivedData/Expensio-futtgngxcysvvhcljmosbeftqmyc/Build/Intermediates.noindex/Pods.build/Debug-iphonesimulator/ExpoWebBrowser.build/DerivedSources -F/Users/sparkles/Library/Developer/Xcode/DerivedData/Expensio-futtgngxcysvvhcljmosbeftqmyc/Build/Products/Debug-iphonesimulator/ExpoWebBrowser -F/Users/sparkles/Documents/CodingFiles/FullStack/expensioApp/frontend/node_modules/expo-modules-jsi/apple/Products -F/Users/sparkles/Documents/CodingFiles/FullStack/expensioApp/frontend/ios/Pods/ExpoModulesCore -F/Users/sparkles/Documents/CodingFiles/FullStack/expensioApp/frontend/ios/Pods/React-Core-prebuilt -F/Users/sparkles/Documents/CodingFiles/FullStack/expensioApp/frontend/ios/Pods/ReactNativeDependencies/framework/packages/react-native -F/Users/sparkles/Documents/CodingFiles/FullStack/expensioApp/frontend/ios/Pods/hermes-engine/destroot/Library/Frameworks/universal -F/Users/sparkles/Library/Developer/Xcode/DerivedData/Expensio-futtgngxcysvvhcljmosbeftqmyc/Build/Products/Debug-iphonesimulator/XCFrameworkIntermediates/ExpoModulesCore -F/Users/sparkles/Library/Developer/Xcode/DerivedData/Expensio-futtgngxcysvvhcljmosbeftqmyc/Build/Products/Debug-iphonesimulator/XCFrameworkIntermediates/ExpoModulesJSI -F/Users/sparkles/Library/Developer/Xcode/DerivedData/Expensio-futtgngxcysvvhcljmosbeftqmyc/Build/Products/Debug-iphonesimulator/XCFrameworkIntermediates/React-Core-prebuilt -F/Users/sparkles/Library/Developer/Xcode/DerivedData/Expensio-futtgngxcysvvhcljmosbeftqmyc/Build/Products/Debug-iphonesimulator/XCFrameworkIntermediates/ReactNativeDependencies -F/Users/sparkles/Library/Developer/Xcode/DerivedData/Expensio-futtgngxcysvvhcljmosbeftqmyc/Build/Products/Debug-iphonesimulator/XCFrameworkIntermediates/hermes-engine/Pre-built '-DRCT_REMOVE_LEGACY_ARCH=1' '-fmodule-map-file=/Users/sparkles/Documents/CodingFiles/FullStack/expensioApp/frontend/ios/Pods/Headers/Public/ReactCodegen/ReactCodegen.modulemap'

WriteAuxiliaryFile /Users/sparkles/Library/Developer/Xcode/DerivedData/Expensio-futtgngxcysvvhcljmosbeftqmyc/Build/Intermediates.noindex/Pods.build/Debug-iphonesimulator/ExpoWebBrowser.build/Objects-normal/arm64/ExpoWebBrowser_const_extract_protocols.json (in target 'ExpoWebBrowser' from project 'Pods')
    cd /Users/sparkles/Documents/CodingFiles/FullStack/expensioApp/frontend/ios/Pods
    write-file /Users/sparkles/Library/Developer/Xcode/DerivedData/Expensio-futtgngxcysvvhcljmosbeftqmyc/Build/Intermediates.noindex/Pods.build/Debug-iphonesimulator/ExpoWebBrowser.build/Objects-normal/arm64/ExpoWebBrowser_const_extract_protocols.json

WriteAuxiliaryFile /Users/sparkles/Library/Developer/Xcode/DerivedData/Expensio-futtgngxcysvvhcljmosbeftqmyc/Build/Intermediates.noindex/Pods.build/Debug-iphonesimulator/ExpoWebBrowser.build/Objects-normal/arm64/ExpoWebBrowser.SwiftFileList (in target 'ExpoWebBrowser' from project 'Pods')
    cd /Users/sparkles/Documents/CodingFiles/FullStack/expensioApp/frontend/ios/Pods
    write-file /Users/sparkles/Library/Developer/Xcode/DerivedData/Expensio-futtgngxcysvvhcljmosbeftqmyc/Build/Intermediates.noindex/Pods.build/Debug-iphonesimulator/ExpoWebBrowser.build/Objects-normal/arm64/ExpoWebBrowser.SwiftFileList

WriteAuxiliaryFile /Users/sparkles/Library/Developer/Xcode/DerivedData/Expensio-futtgngxcysvvhcljmosbeftqmyc/Build/Intermediates.noindex/Pods.build/Debug-iphonesimulator/ExpoWebBrowser.build/Objects-normal/arm64/ExpoWebBrowser.SwiftConstValuesFileList (in target 'ExpoWebBrowser' from project 'Pods')
    cd /Users/sparkles/Documents/CodingFiles/FullStack/expensioApp/frontend/ios/Pods
    write-file /Users/sparkles/Library/Developer/Xcode/DerivedData/Expensio-futtgngxcysvvhcljmosbeftqmyc/Build/Intermediates.noindex/Pods.build/Debug-iphonesimulator/ExpoWebBrowser.build/Objects-normal/arm64/ExpoWebBrowser.SwiftConstValuesFileList

WriteAuxiliaryFile /Users/sparkles/Library/Developer/Xcode/DerivedData/Expensio-futtgngxcysvvhcljmosbeftqmyc/Build/Intermediates.noindex/Pods.build/Debug-iphonesimulator/ExpoWebBrowser.build/Objects-normal/arm64/ExpoWebBrowser.LinkFileList (in target 'ExpoWebBrowser' from project 'Pods')
    cd /Users/sparkles/Documents/CodingFiles/FullStack/expensioApp/frontend/ios/Pods
    write-file /Users/sparkles/Library/Developer/Xcode/DerivedData/Expensio-futtgngxcysvvhcljmosbeftqmyc/Build/Intermediates.noindex/Pods.build/Debug-iphonesimulator/ExpoWebBrowser.build/Objects-normal/arm64/ExpoWebBrowser.LinkFileList

WriteAuxiliaryFile /Users/sparkles/Library/Developer/Xcode/DerivedData/Expensio-futtgngxcysvvhcljmosbeftqmyc/Build/Intermediates.noindex/Pods.build/Debug-iphonesimulator/ExpoWebBrowser.build/Objects-normal/arm64/ExpoWebBrowser-OutputFileMap.json (in target 'ExpoWebBrowser' from project 'Pods')
    cd /Users/sparkles/Documents/CodingFiles/FullStack/expensioApp/frontend/ios/Pods
    write-file /Users/sparkles/Library/Developer/Xcode/DerivedData/Expensio-futtgngxcysvvhcljmosbeftqmyc/Build/Intermediates.noindex/Pods.build/Debug-iphonesimulator/ExpoWebBrowser.build/Objects-normal/arm64/ExpoWebBrowser-OutputFileMap.json

WriteAuxiliaryFile /Users/sparkles/Library/Developer/Xcode/DerivedData/Expensio-futtgngxcysvvhcljmosbeftqmyc/Build/Intermediates.noindex/Pods.build/Debug-iphonesimulator/ExpoWebBrowser.build/ExpoWebBrowser.hmap (in target 'ExpoWebBrowser' from project 'Pods')
    cd /Users/sparkles/Documents/CodingFiles/FullStack/expensioApp/frontend/ios/Pods
    write-file /Users/sparkles/Library/Developer/Xcode/DerivedData/Expensio-futtgngxcysvvhcljmosbeftqmyc/Build/Intermediates.noindex/Pods.build/Debug-iphonesimulator/ExpoWebBrowser.build/ExpoWebBrowser.hmap

WriteAuxiliaryFile /Users/sparkles/Library/Developer/Xcode/DerivedData/Expensio-futtgngxcysvvhcljmosbeftqmyc/Build/Intermediates.noindex/Pods.build/Debug-iphonesimulator/ExpoWebBrowser.build/ExpoWebBrowser.DependencyStaticMetadataFileList (in target 'ExpoWebBrowser' from project 'Pods')
    cd /Users/sparkles/Documents/CodingFiles/FullStack/expensioApp/frontend/ios/Pods
    write-file /Users/sparkles/Library/Developer/Xcode/DerivedData/Expensio-futtgngxcysvvhcljmosbeftqmyc/Build/Intermediates.noindex/Pods.build/Debug-iphonesimulator/ExpoWebBrowser.build/ExpoWebBrowser.DependencyStaticMetadataFileList

WriteAuxiliaryFile /Users/sparkles/Library/Developer/Xcode/DerivedData/Expensio-futtgngxcysvvhcljmosbeftqmyc/Build/Intermediates.noindex/Pods.build/Debug-iphonesimulator/ExpoWebBrowser.build/ExpoWebBrowser.DependencyMetadataFileList (in target 'ExpoWebBrowser' from project 'Pods')
    cd /Users/sparkles/Documents/CodingFiles/FullStack/expensioApp/frontend/ios/Pods
    write-file /Users/sparkles/Library/Developer/Xcode/DerivedData/Expensio-futtgngxcysvvhcljmosbeftqmyc/Build/Intermediates.noindex/Pods.build/Debug-iphonesimulator/ExpoWebBrowser.build/ExpoWebBrowser.DependencyMetadataFileList

WriteAuxiliaryFile /Users/sparkles/Library/Developer/Xcode/DerivedData/Expensio-futtgngxcysvvhcljmosbeftqmyc/Build/Intermediates.noindex/Pods.build/Debug-iphonesimulator/ExpoWebBrowser.build/ExpoWebBrowser-project-headers.hmap (in target 'ExpoWebBrowser' from project 'Pods')
    cd /Users/sparkles/Documents/CodingFiles/FullStack/expensioApp/frontend/ios/Pods
    write-file /Users/sparkles/Library/Developer/Xcode/DerivedData/Expensio-futtgngxcysvvhcljmosbeftqmyc/Build/Intermediates.noindex/Pods.build/Debug-iphonesimulator/ExpoWebBrowser.build/ExpoWebBrowser-project-headers.hmap

WriteAuxiliaryFile /Users/sparkles/Library/Developer/Xcode/DerivedData/Expensio-futtgngxcysvvhcljmosbeftqmyc/Build/Intermediates.noindex/Pods.build/Debug-iphonesimulator/ExpoWebBrowser.build/ExpoWebBrowser-own-target-headers.hmap (in target 'ExpoWebBrowser' from project 'Pods')
    cd /Users/sparkles/Documents/CodingFiles/FullStack/expensioApp/frontend/ios/Pods
    write-file /Users/sparkles/Library/Developer/Xcode/DerivedData/Expensio-futtgngxcysvvhcljmosbeftqmyc/Build/Intermediates.noindex/Pods.build/Debug-iphonesimulator/ExpoWebBrowser.build/ExpoWebBrowser-own-target-headers.hmap

WriteAuxiliaryFile /Users/sparkles/Library/Developer/Xcode/DerivedData/Expensio-futtgngxcysvvhcljmosbeftqmyc/Build/Intermediates.noindex/Pods.build/Debug-iphonesimulator/ExpoWebBrowser.build/ExpoWebBrowser-generated-files.hmap (in target 'ExpoWebBrowser' from project 'Pods')
    cd /Users/sparkles/Documents/CodingFiles/FullStack/expensioApp/frontend/ios/Pods
    write-file /Users/sparkles/Library/Developer/Xcode/DerivedData/Expensio-futtgngxcysvvhcljmosbeftqmyc/Build/Intermediates.noindex/Pods.build/Debug-iphonesimulator/ExpoWebBrowser.build/ExpoWebBrowser-generated-files.hmap

WriteAuxiliaryFile /Users/sparkles/Library/Developer/Xcode/DerivedData/Expensio-futtgngxcysvvhcljmosbeftqmyc/Build/Intermediates.noindex/Pods.build/Debug-iphonesimulator/ExpoWebBrowser.build/ExpoWebBrowser-all-target-headers.hmap (in target 'ExpoWebBrowser' from project 'Pods')
    cd /Users/sparkles/Documents/CodingFiles/FullStack/expensioApp/frontend/ios/Pods
    write-file /Users/sparkles/Library/Developer/Xcode/DerivedData/Expensio-futtgngxcysvvhcljmosbeftqmyc/Build/Intermediates.noindex/Pods.build/Debug-iphonesimulator/ExpoWebBrowser.build/ExpoWebBrowser-all-target-headers.hmap

WriteAuxiliaryFile /Users/sparkles/Library/Developer/Xcode/DerivedData/Expensio-futtgngxcysvvhcljmosbeftqmyc/Build/Intermediates.noindex/Pods.build/Debug-iphonesimulator/ExpoWebBrowser.build/ExpoWebBrowser-all-non-framework-target-headers.hmap (in target 'ExpoWebBrowser' from project 'Pods')
    cd /Users/sparkles/Documents/CodingFiles/FullStack/expensioApp/frontend/ios/Pods
    write-file /Users/sparkles/Library/Developer/Xcode/DerivedData/Expensio-futtgngxcysvvhcljmosbeftqmyc/Build/Intermediates.noindex/Pods.build/Debug-iphonesimulator/ExpoWebBrowser.build/ExpoWebBrowser-all-non-framework-target-headers.hmap

WriteAuxiliaryFile /Users/sparkles/Library/Developer/Xcode/DerivedData/Expensio-futtgngxcysvvhcljmosbeftqmyc/Build/Intermediates.noindex/Pods.build/Debug-iphonesimulator/ExpoSecureStore.build/Script-46EB2E00015DC0.sh (in target 'ExpoSecureStore' from project 'Pods')
    cd /Users/sparkles/Documents/CodingFiles/FullStack/expensioApp/frontend/ios/Pods
    write-file /Users/sparkles/Library/Developer/Xcode/DerivedData/Expensio-futtgngxcysvvhcljmosbeftqmyc/Build/Intermediates.noindex/Pods.build/Debug-iphonesimulator/ExpoSecureStore.build/Script-46EB2E00015DC0.sh

WriteAuxiliaryFile /Users/sparkles/Library/Developer/Xcode/DerivedData/Expensio-futtgngxcysvvhcljmosbeftqmyc/Build/Intermediates.noindex/Pods.build/Debug-iphonesimulator/ExpoSecureStore.build/Objects-normal/x86_64/e6072d4f65d7061329687fe24e3d63a7-common-args.resp (in target 'ExpoSecureStore' from project 'Pods')
    cd /Users/sparkles/Documents/CodingFiles/FullStack/expensioApp/frontend/ios/Pods
    write-file /Users/sparkles/Library/Developer/Xcode/DerivedData/Expensio-futtgngxcysvvhcljmosbeftqmyc/Build/Intermediates.noindex/Pods.build/Debug-iphonesimulator/ExpoSecureStore.build/Objects-normal/x86_64/e6072d4f65d7061329687fe24e3d63a7-common-args.resp
'-std=gnu11' -fobjc-arc -fmodules '-fmodules-cache-path=/Users/sparkles/Library/Developer/Xcode/DerivedData/ModuleCache.noindex' '-fmodule-name=ExpoSecureStore' -fpascal-strings -O0 -fno-common '-DPOD_CONFIGURATION_DEBUG=1' '-DDEBUG=1' '-DCOCOAPODS=1' '-DOBJC_OLD_DISPATCH_PROTOTYPES=0' -fasm-blocks -g '-fobjc-abi-version=2' -fobjc-legacy-dispatch -iquote /Users/sparkles/Library/Developer/Xcode/DerivedData/Expensio-futtgngxcysvvhcljmosbeftqmyc/Build/Intermediates.noindex/Pods.build/Debug-iphonesimulator/ExpoSecureStore.build/ExpoSecureStore-generated-files.hmap -I/Users/sparkles/Library/Developer/Xcode/DerivedData/Expensio-futtgngxcysvvhcljmosbeftqmyc/Build/Intermediates.noindex/Pods.build/Debug-iphonesimulator/ExpoSecureStore.build/ExpoSecureStore-own-target-headers.hmap -I/Users/sparkles/Library/Developer/Xcode/DerivedData/Expensio-futtgngxcysvvhcljmosbeftqmyc/Build/Intermediates.noindex/Pods.build/Debug-iphonesimulator/ExpoSecureStore.build/ExpoSecureStore-all-non-framework-target-headers.hmap -ivfsoverlay /Users/sparkles/Library/Developer/Xcode/DerivedData/Expensio-futtgngxcysvvhcljmosbeftqmyc/Build/Intermediates.noindex/Pods.build/Debug-iphonesimulator/Pods-8699adb1dd336b26511df848a716bd42-VFS-iphonesimulator/all-product-headers.yaml -iquote /Users/sparkles/Library/Developer/Xcode/DerivedData/Expensio-futtgngxcysvvhcljmosbeftqmyc/Build/Intermediates.noindex/Pods.build/Debug-iphonesimulator/ExpoSecureStore.build/ExpoSecureStore-project-headers.hmap -I/Users/sparkles/Library/Developer/Xcode/DerivedData/Expensio-futtgngxcysvvhcljmosbeftqmyc/Build/Products/Debug-iphonesimulator/ExpoSecureStore/include -I/Users/sparkles/Documents/CodingFiles/FullStack/expensioApp/frontend/ios/Pods/Headers/Public -I/Users/sparkles/Documents/CodingFiles/FullStack/expensioApp/frontend/ios/Pods/Headers/Public/FBLazyVector -I/Users/sparkles/Documents/CodingFiles/FullStack/expensioApp/frontend/ios/Pods/Headers/Public/RCTRequired -I/Users/sparkles/Documents/CodingFiles/FullStack/expensioApp/frontend/ios/Pods/Headers/Public/RCTSwiftUIWrapper -I/Users/sparkles/Documents/CodingFiles/FullStack/expensioApp/frontend/ios/Pods/Headers/Public/RCTTypeSafety -I/Users/sparkles/Documents/CodingFiles/FullStack/expensioApp/frontend/ios/Pods/Headers/Public/React-Core -I/Users/sparkles/Documents/CodingFiles/FullStack/expensioApp/frontend/ios/Pods/Headers/Public/React-Core-prebuilt -I/Users/sparkles/Documents/CodingFiles/FullStack/expensioApp/frontend/ios/Pods/Headers/Public/React-CoreModules -I/Users/sparkles/Documents/CodingFiles/FullStack/expensioApp/frontend/ios/Pods/Headers/Public/React-Fabric -I/Users/sparkles/Documents/CodingFiles/FullStack/expensioApp/frontend/ios/Pods/Headers/Public/React-FabricComponents -I/Users/sparkles/Documents/CodingFiles/FullStack/expensioApp/frontend/ios/Pods/Headers/Public/React-FabricImage -I/Users/sparkles/Documents/CodingFiles/FullStack/expensioApp/frontend/ios/Pods/Headers/Public/React-ImageManager -I/Users/sparkles/Documents/CodingFiles/FullStack/expensioApp/frontend/ios/Pods/Headers/Public/React-Mapbuffer -I/Users/sparkles/Documents/CodingFiles/FullStack/expensioApp/frontend/ios/Pods/Headers/Public/React-NativeModulesApple -I/Users/sparkles/Documents/CodingFiles/FullStack/expensioApp/frontend/ios/Pods/Headers/Public/React-RCTAnimation -I/Users/sparkles/Documents/CodingFiles/FullStack/expensioApp/frontend/ios/Pods/Headers/Public/React-RCTBlob -I/Users/sparkles/Documents/CodingFiles/FullStack/expensioApp/frontend/ios/Pods/Headers/Public/React-RCTFBReactNativeSpec -I/Users/sparkles/Documents/CodingFiles/FullStack/expensioApp/frontend/ios/Pods/Headers/Public/React-RCTFabric -I/Users/sparkles/Documents/CodingFiles/FullStack/expensioApp/frontend/ios/Pods/Headers/Public/React-RCTImage -I/Users/sparkles/Documents/CodingFiles/FullStack/expensioApp/frontend/ios/Pods/Headers/Public/React-RCTRuntime -I/Users/sparkles/Documents/CodingFiles/FullStack/expensioApp/frontend/ios/Pods/Headers/Public/React-RCTText -I/Users/sparkles/Documents/CodingFiles/FullStack/expensioApp/frontend/ios/Pods/Headers/Public/React-RuntimeApple -I/Users/sparkles/Documents/CodingFiles/FullStack/expensioApp/frontend/ios/Pods/Headers/Public/React-RuntimeCore -I/Users/sparkles/Documents/CodingFiles/FullStack/expensioApp/frontend/ios/Pods/Headers/Public/React-RuntimeHermes -I/Users/sparkles/Documents/CodingFiles/FullStack/expensioApp/frontend/ios/Pods/Headers/Public/React-callinvoker -I/Users/sparkles/Documents/CodingFiles/FullStack/expensioApp/frontend/ios/Pods/Headers/Public/React-cxxreact -I/Users/sparkles/Documents/CodingFiles/FullStack/expensioApp/frontend/ios/Pods/Headers/Public/React-debug -I/Users/sparkles/Documents/CodingFiles/FullStack/expensioApp/frontend/ios/Pods/Headers/Public/React-defaultsnativemodule -I/Users/sparkles/Documents/CodingFiles/FullStack/expensioApp/frontend/ios/Pods/Headers/Public/React-domnativemodule -I/Users/sparkles/Documents/CodingFiles/FullStack/expensioApp/frontend/ios/Pods/Headers/Public/React-featureflags -I/Users/sparkles/Documents/CodingFiles/FullStack/expensioApp/frontend/ios/Pods/Headers/Public/React-featureflagsnativemodule -I/Users/sparkles/Documents/CodingFiles/FullStack/expensioApp/frontend/ios/Pods/Headers/Public/React-graphics -I/Users/sparkles/Documents/CodingFiles/FullStack/expensioApp/frontend/ios/Pods/Headers/Public/React-hermes -I/Users/sparkles/Documents/CodingFiles/FullStack/expensioApp/frontend/ios/Pods/Headers/Public/React-idlecallbacksnativemodule -I/Users/sparkles/Documents/CodingFiles/FullStack/expensioApp/frontend/ios/Pods/Headers/Public/React-intersectionobservernativemodule -I/Users/sparkles/Documents/CodingFiles/FullStack/expensioApp/frontend/ios/Pods/Headers/Public/React-jserrorhandler -I/Users/sparkles/Documents/CodingFiles/FullStack/expensioApp/frontend/ios/Pods/Headers/Public/React-jsi -I/Users/sparkles/Documents/CodingFiles/FullStack/expensioApp/frontend/ios/Pods/Headers/Public/React-jsiexecutor -I/Users/sparkles/Documents/CodingFiles/FullStack/expensioApp/frontend/ios/Pods/Headers/Public/React-jsinspector -I/Users/sparkles/Documents/CodingFiles/FullStack/expensioApp/frontend/ios/Pods/Headers/Public/React-jsinspectorcdp -I/Users/sparkles/Documents/CodingFiles/FullStack/expensioApp/frontend/ios/Pods/Headers/Public/React-jsinspectornetwork -I/Users/sparkles/Documents/CodingFiles/FullStack/expensioApp/frontend/ios/Pods/Headers/Public/React-jsinspectortracing -I/Users/sparkles/Documents/CodingFiles/FullStack/expensioApp/frontend/ios/Pods/Headers/Public/React-jsitooling -I/Users/sparkles/Documents/CodingFiles/FullStack/expensioApp/frontend/ios/Pods/Headers/Public/React-logger -I/Users/sparkles/Documents/CodingFiles/FullStack/expensioApp/frontend/ios/Pods/Headers/Public/React-microtasksnativemodule -I/Users/sparkles/Documents/CodingFiles/FullStack/expensioApp/frontend/ios/Pods/Headers/Public/React-mutationobservernativemodule -I/Users/sparkles/Documents/CodingFiles/FullStack/expensioApp/frontend/ios/Pods/Headers/Public/React-networking -I/Users/sparkles/Documents/CodingFiles/FullStack/expensioApp/frontend/ios/Pods/Headers/Public/React-oscompat -I/Users/sparkles/Documents/CodingFiles/FullStack/expensioApp/frontend/ios/Pods/Headers/Public/React-perflogger -I/Users/sparkles/Documents/CodingFiles/FullStack/expensioApp/frontend/ios/Pods/Headers/Public/React-performancecdpmetrics -I/Users/sparkles/Documents/CodingFiles/FullStack/expensioApp/frontend/ios/Pods/Headers/Public/React-performancetimeline -I/Users/sparkles/Documents/CodingFiles/FullStack/expensioApp/frontend/ios/Pods/Headers/Public/React-rendererconsistency -I/Users/sparkles/Documents/CodingFiles/FullStack/expensioApp/frontend/ios/Pods/Headers/Public/React-renderercss -I/Users/sparkles/Documents/CodingFiles/FullStack/expensioApp/frontend/ios/Pods/Headers/Public/React-rendererdebug -I/Users/sparkles/Documents/CodingFiles/FullStack/expensioApp/frontend/ios/Pods/Headers/Public/React-runtimeexecutor -I/Users/sparkles/Documents/CodingFiles/FullStack/expensioApp/frontend/ios/Pods/Headers/Public/React-runtimescheduler -I/Users/sparkles/Documents/CodingFiles/FullStack/expensioApp/frontend/ios/Pods/Headers/Public/React-timing -I/Users/sparkles/Documents/CodingFiles/FullStack/expensioApp/frontend/ios/Pods/Headers/Public/React-utils -I/Users/sparkles/Documents/CodingFiles/FullStack/expensioApp/frontend/ios/Pods/Headers/Public/React-viewtransitionnativemodule -I/Users/sparkles/Documents/CodingFiles/FullStack/expensioApp/frontend/ios/Pods/Headers/Public/React-webperformancenativemodule -I/Users/sparkles/Documents/CodingFiles/FullStack/expensioApp/frontend/ios/Pods/Headers/Public/ReactCodegen -I/Users/sparkles/Documents/CodingFiles/FullStack/expensioApp/frontend/ios/Pods/Headers/Public/ReactCommon -I/Users/sparkles/Documents/CodingFiles/FullStack/expensioApp/frontend/ios/Pods/Headers/Public/ReactNativeDependencies -I/Users/sparkles/Documents/CodingFiles/FullStack/expensioApp/frontend/ios/Pods/Headers/Public/Yoga -I/Users/sparkles/Documents/CodingFiles/FullStack/expensioApp/frontend/ios/Pods/Headers/Public/hermes-engine -I/Users/sparkles/Documents/CodingFiles/FullStack/expensioApp/frontend/ios/Pods/ExpoModulesCore/ExpoModulesCore.xcframework/ios-arm64_x86_64-simulator/ExpoModulesCore.framework/Headers -I/Users/sparkles/Documents/CodingFiles/FullStack/expensioApp/frontend/ios/Pods/ExpoModulesCore/ExpoModulesCore.xcframework/ios-arm64/ExpoModulesCore.framework/Headers -I/Users/sparkles/Documents/CodingFiles/FullStack/expensioApp/frontend/ios/Pods/ExpoModulesCore/ExpoModulesCore.xcframework/ios-arm64_x86_64-simulator/ExpoModulesCore.framework/Headers -I/Users/sparkles/Documents/CodingFiles/FullStack/expensioApp/frontend/ios/Pods/ExpoModulesCore/ExpoModulesCore.xcframework/ios-arm64/ExpoModulesCore.framework/Headers -I/Users/sparkles/Library/Developer/Xcode/DerivedData/Expensio-futtgngxcysvvhcljmosbeftqmyc/Build/Intermediates.noindex/Pods.build/Debug-iphonesimulator/ExpoSecureStore.build/DerivedSources-normal/x86_64 -I/Users/sparkles/Library/Developer/Xcode/DerivedData/Expensio-futtgngxcysvvhcljmosbeftqmyc/Build/Intermediates.noindex/Pods.build/Debug-iphonesimulator/ExpoSecureStore.build/DerivedSources/x86_64 -I/Users/sparkles/Library/Developer/Xcode/DerivedData/Expensio-futtgngxcysvvhcljmosbeftqmyc/Build/Intermediates.noindex/Pods.build/Debug-iphonesimulator/ExpoSecureStore.build/DerivedSources -F/Users/sparkles/Library/Developer/Xcode/DerivedData/Expensio-futtgngxcysvvhcljmosbeftqmyc/Build/Products/Debug-iphonesimulator/ExpoSecureStore -F/Users/sparkles/Documents/CodingFiles/FullStack/expensioApp/frontend/node_modules/expo-modules-jsi/apple/Products -F/Users/sparkles/Documents/CodingFiles/FullStack/expensioApp/frontend/ios/Pods/ExpoModulesCore -F/Users/sparkles/Documents/CodingFiles/FullStack/expensioApp/frontend/ios/Pods/React-Core-prebuilt -F/Users/sparkles/Documents/CodingFiles/FullStack/expensioApp/frontend/ios/Pods/ReactNativeDependencies/framework/packages/react-native -F/Users/sparkles/Documents/CodingFiles/FullStack/expensioApp/frontend/ios/Pods/hermes-engine/destroot/Library/Frameworks/universal -F/Users/sparkles/Library/Developer/Xcode/DerivedData/Expensio-futtgngxcysvvhcljmosbeftqmyc/Build/Products/Debug-iphonesimulator/XCFrameworkIntermediates/ExpoModulesCore -F/Users/sparkles/Library/Developer/Xcode/DerivedData/Expensio-futtgngxcysvvhcljmosbeftqmyc/Build/Products/Debug-iphonesimulator/XCFrameworkIntermediates/ExpoModulesJSI -F/Users/sparkles/Library/Developer/Xcode/DerivedData/Expensio-futtgngxcysvvhcljmosbeftqmyc/Build/Products/Debug-iphonesimulator/XCFrameworkIntermediates/React-Core-prebuilt -F/Users/sparkles/Library/Developer/Xcode/DerivedData/Expensio-futtgngxcysvvhcljmosbeftqmyc/Build/Products/Debug-iphonesimulator/XCFrameworkIntermediates/ReactNativeDependencies -F/Users/sparkles/Library/Developer/Xcode/DerivedData/Expensio-futtgngxcysvvhcljmosbeftqmyc/Build/Products/Debug-iphonesimulator/XCFrameworkIntermediates/hermes-engine/Pre-built '-DRCT_REMOVE_LEGACY_ARCH=1' '-fmodule-map-file=/Users/sparkles/Documents/CodingFiles/FullStack/expensioApp/frontend/ios/Pods/Headers/Public/ReactCodegen/ReactCodegen.modulemap'

WriteAuxiliaryFile /Users/sparkles/Library/Developer/Xcode/DerivedData/Expensio-futtgngxcysvvhcljmosbeftqmyc/Build/Intermediates.noindex/Pods.build/Debug-iphonesimulator/ExpoSecureStore.build/Objects-normal/x86_64/ExpoSecureStore_const_extract_protocols.json (in target 'ExpoSecureStore' from project 'Pods')
    cd /Users/sparkles/Documents/CodingFiles/FullStack/expensioApp/frontend/ios/Pods
    write-file /Users/sparkles/Library/Developer/Xcode/DerivedData/Expensio-futtgngxcysvvhcljmosbeftqmyc/Build/Intermediates.noindex/Pods.build/Debug-iphonesimulator/ExpoSecureStore.build/Objects-normal/x86_64/ExpoSecureStore_const_extract_protocols.json

WriteAuxiliaryFile /Users/sparkles/Library/Developer/Xcode/DerivedData/Expensio-futtgngxcysvvhcljmosbeftqmyc/Build/Intermediates.noindex/Pods.build/Debug-iphonesimulator/ExpoSecureStore.build/Objects-normal/x86_64/ExpoSecureStore.SwiftFileList (in target 'ExpoSecureStore' from project 'Pods')
    cd /Users/sparkles/Documents/CodingFiles/FullStack/expensioApp/frontend/ios/Pods
    write-file /Users/sparkles/Library/Developer/Xcode/DerivedData/Expensio-futtgngxcysvvhcljmosbeftqmyc/Build/Intermediates.noindex/Pods.build/Debug-iphonesimulator/ExpoSecureStore.build/Objects-normal/x86_64/ExpoSecureStore.SwiftFileList

WriteAuxiliaryFile /Users/sparkles/Library/Developer/Xcode/DerivedData/Expensio-futtgngxcysvvhcljmosbeftqmyc/Build/Intermediates.noindex/Pods.build/Debug-iphonesimulator/ExpoSecureStore.build/Objects-normal/x86_64/ExpoSecureStore.SwiftConstValuesFileList (in target 'ExpoSecureStore' from project 'Pods')
    cd /Users/sparkles/Documents/CodingFiles/FullStack/expensioApp/frontend/ios/Pods
    write-file /Users/sparkles/Library/Developer/Xcode/DerivedData/Expensio-futtgngxcysvvhcljmosbeftqmyc/Build/Intermediates.noindex/Pods.build/Debug-iphonesimulator/ExpoSecureStore.build/Objects-normal/x86_64/ExpoSecureStore.SwiftConstValuesFileList

WriteAuxiliaryFile /Users/sparkles/Library/Developer/Xcode/DerivedData/Expensio-futtgngxcysvvhcljmosbeftqmyc/Build/Intermediates.noindex/Pods.build/Debug-iphonesimulator/ExpoSecureStore.build/Objects-normal/x86_64/ExpoSecureStore.LinkFileList (in target 'ExpoSecureStore' from project 'Pods')
    cd /Users/sparkles/Documents/CodingFiles/FullStack/expensioApp/frontend/ios/Pods
    write-file /Users/sparkles/Library/Developer/Xcode/DerivedData/Expensio-futtgngxcysvvhcljmosbeftqmyc/Build/Intermediates.noindex/Pods.build/Debug-iphonesimulator/ExpoSecureStore.build/Objects-normal/x86_64/ExpoSecureStore.LinkFileList

WriteAuxiliaryFile /Users/sparkles/Library/Developer/Xcode/DerivedData/Expensio-futtgngxcysvvhcljmosbeftqmyc/Build/Intermediates.noindex/Pods.build/Debug-iphonesimulator/ExpoSecureStore.build/Objects-normal/x86_64/ExpoSecureStore-OutputFileMap.json (in target 'ExpoSecureStore' from project 'Pods')
    cd /Users/sparkles/Documents/CodingFiles/FullStack/expensioApp/frontend/ios/Pods
    write-file /Users/sparkles/Library/Developer/Xcode/DerivedData/Expensio-futtgngxcysvvhcljmosbeftqmyc/Build/Intermediates.noindex/Pods.build/Debug-iphonesimulator/ExpoSecureStore.build/Objects-normal/x86_64/ExpoSecureStore-OutputFileMap.json

WriteAuxiliaryFile /Users/sparkles/Library/Developer/Xcode/DerivedData/Expensio-futtgngxcysvvhcljmosbeftqmyc/Build/Intermediates.noindex/Pods.build/Debug-iphonesimulator/ExpoSecureStore.build/Objects-normal/arm64/ExpoSecureStore_const_extract_protocols.json (in target 'ExpoSecureStore' from project 'Pods')
    cd /Users/sparkles/Documents/CodingFiles/FullStack/expensioApp/frontend/ios/Pods
    write-file /Users/sparkles/Library/Developer/Xcode/DerivedData/Expensio-futtgngxcysvvhcljmosbeftqmyc/Build/Intermediates.noindex/Pods.build/Debug-iphonesimulator/ExpoSecureStore.build/Objects-normal/arm64/ExpoSecureStore_const_extract_protocols.json

WriteAuxiliaryFile /Users/sparkles/Library/Developer/Xcode/DerivedData/Expensio-futtgngxcysvvhcljmosbeftqmyc/Build/Intermediates.noindex/Pods.build/Debug-iphonesimulator/ExpoSecureStore.build/Objects-normal/arm64/e6072d4f65d7061329687fe24e3d63a7-common-args.resp (in target 'ExpoSecureStore' from project 'Pods')
    cd /Users/sparkles/Documents/CodingFiles/FullStack/expensioApp/frontend/ios/Pods
    write-file /Users/sparkles/Library/Developer/Xcode/DerivedData/Expensio-futtgngxcysvvhcljmosbeftqmyc/Build/Intermediates.noindex/Pods.build/Debug-iphonesimulator/ExpoSecureStore.build/Objects-normal/arm64/e6072d4f65d7061329687fe24e3d63a7-common-args.resp
'-std=gnu11' -fobjc-arc -fmodules '-fmodules-cache-path=/Users/sparkles/Library/Developer/Xcode/DerivedData/ModuleCache.noindex' '-fmodule-name=ExpoSecureStore' -fpascal-strings -O0 -fno-common '-DPOD_CONFIGURATION_DEBUG=1' '-DDEBUG=1' '-DCOCOAPODS=1' '-DOBJC_OLD_DISPATCH_PROTOTYPES=0' -g '-fobjc-abi-version=2' -fobjc-legacy-dispatch -iquote /Users/sparkles/Library/Developer/Xcode/DerivedData/Expensio-futtgngxcysvvhcljmosbeftqmyc/Build/Intermediates.noindex/Pods.build/Debug-iphonesimulator/ExpoSecureStore.build/ExpoSecureStore-generated-files.hmap -I/Users/sparkles/Library/Developer/Xcode/DerivedData/Expensio-futtgngxcysvvhcljmosbeftqmyc/Build/Intermediates.noindex/Pods.build/Debug-iphonesimulator/ExpoSecureStore.build/ExpoSecureStore-own-target-headers.hmap -I/Users/sparkles/Library/Developer/Xcode/DerivedData/Expensio-futtgngxcysvvhcljmosbeftqmyc/Build/Intermediates.noindex/Pods.build/Debug-iphonesimulator/ExpoSecureStore.build/ExpoSecureStore-all-non-framework-target-headers.hmap -ivfsoverlay /Users/sparkles/Library/Developer/Xcode/DerivedData/Expensio-futtgngxcysvvhcljmosbeftqmyc/Build/Intermediates.noindex/Pods.build/Debug-iphonesimulator/Pods-8699adb1dd336b26511df848a716bd42-VFS-iphonesimulator/all-product-headers.yaml -iquote /Users/sparkles/Library/Developer/Xcode/DerivedData/Expensio-futtgngxcysvvhcljmosbeftqmyc/Build/Intermediates.noindex/Pods.build/Debug-iphonesimulator/ExpoSecureStore.build/ExpoSecureStore-project-headers.hmap -I/Users/sparkles/Library/Developer/Xcode/DerivedData/Expensio-futtgngxcysvvhcljmosbeftqmyc/Build/Products/Debug-iphonesimulator/ExpoSecureStore/include -I/Users/sparkles/Documents/CodingFiles/FullStack/expensioApp/frontend/ios/Pods/Headers/Public -I/Users/sparkles/Documents/CodingFiles/FullStack/expensioApp/frontend/ios/Pods/Headers/Public/FBLazyVector -I/Users/sparkles/Documents/CodingFiles/FullStack/expensioApp/frontend/ios/Pods/Headers/Public/RCTRequired -I/Users/sparkles/Documents/CodingFiles/FullStack/expensioApp/frontend/ios/Pods/Headers/Public/RCTSwiftUIWrapper -I/Users/sparkles/Documents/CodingFiles/FullStack/expensioApp/frontend/ios/Pods/Headers/Public/RCTTypeSafety -I/Users/sparkles/Documents/CodingFiles/FullStack/expensioApp/frontend/ios/Pods/Headers/Public/React-Core -I/Users/sparkles/Documents/CodingFiles/FullStack/expensioApp/frontend/ios/Pods/Headers/Public/React-Core-prebuilt -I/Users/sparkles/Documents/CodingFiles/FullStack/expensioApp/frontend/ios/Pods/Headers/Public/React-CoreModules -I/Users/sparkles/Documents/CodingFiles/FullStack/expensioApp/frontend/ios/Pods/Headers/Public/React-Fabric -I/Users/sparkles/Documents/CodingFiles/FullStack/expensioApp/frontend/ios/Pods/Headers/Public/React-FabricComponents -I/Users/sparkles/Documents/CodingFiles/FullStack/expensioApp/frontend/ios/Pods/Headers/Public/React-FabricImage -I/Users/sparkles/Documents/CodingFiles/FullStack/expensioApp/frontend/ios/Pods/Headers/Public/React-ImageManager -I/Users/sparkles/Documents/CodingFiles/FullStack/expensioApp/frontend/ios/Pods/Headers/Public/React-Mapbuffer -I/Users/sparkles/Documents/CodingFiles/FullStack/expensioApp/frontend/ios/Pods/Headers/Public/React-NativeModulesApple -I/Users/sparkles/Documents/CodingFiles/FullStack/expensioApp/frontend/ios/Pods/Headers/Public/React-RCTAnimation -I/Users/sparkles/Documents/CodingFiles/FullStack/expensioApp/frontend/ios/Pods/Headers/Public/React-RCTBlob -I/Users/sparkles/Documents/CodingFiles/FullStack/expensioApp/frontend/ios/Pods/Headers/Public/React-RCTFBReactNativeSpec -I/Users/sparkles/Documents/CodingFiles/FullStack/expensioApp/frontend/ios/Pods/Headers/Public/React-RCTFabric -I/Users/sparkles/Documents/CodingFiles/FullStack/expensioApp/frontend/ios/Pods/Headers/Public/React-RCTImage -I/Users/sparkles/Documents/CodingFiles/FullStack/expensioApp/frontend/ios/Pods/Headers/Public/React-RCTRuntime -I/Users/sparkles/Documents/CodingFiles/FullStack/expensioApp/frontend/ios/Pods/Headers/Public/React-RCTText -I/Users/sparkles/Documents/CodingFiles/FullStack/expensioApp/frontend/ios/Pods/Headers/Public/React-RuntimeApple -I/Users/sparkles/Documents/CodingFiles/FullStack/expensioApp/frontend/ios/Pods/Headers/Public/React-RuntimeCore -I/Users/sparkles/Documents/CodingFiles/FullStack/expensioApp/frontend/ios/Pods/Headers/Public/React-RuntimeHermes -I/Users/sparkles/Documents/CodingFiles/FullStack/expensioApp/frontend/ios/Pods/Headers/Public/React-callinvoker -I/Users/sparkles/Documents/CodingFiles/FullStack/expensioApp/frontend/ios/Pods/Headers/Public/React-cxxreact -I/Users/sparkles/Documents/CodingFiles/FullStack/expensioApp/frontend/ios/Pods/Headers/Public/React-debug -I/Users/sparkles/Documents/CodingFiles/FullStack/expensioApp/frontend/ios/Pods/Headers/Public/React-defaultsnativemodule -I/Users/sparkles/Documents/CodingFiles/FullStack/expensioApp/frontend/ios/Pods/Headers/Public/React-domnativemodule -I/Users/sparkles/Documents/CodingFiles/FullStack/expensioApp/frontend/ios/Pods/Headers/Public/React-featureflags -I/Users/sparkles/Documents/CodingFiles/FullStack/expensioApp/frontend/ios/Pods/Headers/Public/React-featureflagsnativemodule -I/Users/sparkles/Documents/CodingFiles/FullStack/expensioApp/frontend/ios/Pods/Headers/Public/React-graphics -I/Users/sparkles/Documents/CodingFiles/FullStack/expensioApp/frontend/ios/Pods/Headers/Public/React-hermes -I/Users/sparkles/Documents/CodingFiles/FullStack/expensioApp/frontend/ios/Pods/Headers/Public/React-idlecallbacksnativemodule -I/Users/sparkles/Documents/CodingFiles/FullStack/expensioApp/frontend/ios/Pods/Headers/Public/React-intersectionobservernativemodule -I/Users/sparkles/Documents/CodingFiles/FullStack/expensioApp/frontend/ios/Pods/Headers/Public/React-jserrorhandler -I/Users/sparkles/Documents/CodingFiles/FullStack/expensioApp/frontend/ios/Pods/Headers/Public/React-jsi -I/Users/sparkles/Documents/CodingFiles/FullStack/expensioApp/frontend/ios/Pods/Headers/Public/React-jsiexecutor -I/Users/sparkles/Documents/CodingFiles/FullStack/expensioApp/frontend/ios/Pods/Headers/Public/React-jsinspector -I/Users/sparkles/Documents/CodingFiles/FullStack/expensioApp/frontend/ios/Pods/Headers/Public/React-jsinspectorcdp -I/Users/sparkles/Documents/CodingFiles/FullStack/expensioApp/frontend/ios/Pods/Headers/Public/React-jsinspectornetwork -I/Users/sparkles/Documents/CodingFiles/FullStack/expensioApp/frontend/ios/Pods/Headers/Public/React-jsinspectortracing -I/Users/sparkles/Documents/CodingFiles/FullStack/expensioApp/frontend/ios/Pods/Headers/Public/React-jsitooling -I/Users/sparkles/Documents/CodingFiles/FullStack/expensioApp/frontend/ios/Pods/Headers/Public/React-logger -I/Users/sparkles/Documents/CodingFiles/FullStack/expensioApp/frontend/ios/Pods/Headers/Public/React-microtasksnativemodule -I/Users/sparkles/Documents/CodingFiles/FullStack/expensioApp/frontend/ios/Pods/Headers/Public/React-mutationobservernativemodule -I/Users/sparkles/Documents/CodingFiles/FullStack/expensioApp/frontend/ios/Pods/Headers/Public/React-networking -I/Users/sparkles/Documents/CodingFiles/FullStack/expensioApp/frontend/ios/Pods/Headers/Public/React-oscompat -I/Users/sparkles/Documents/CodingFiles/FullStack/expensioApp/frontend/ios/Pods/Headers/Public/React-perflogger -I/Users/sparkles/Documents/CodingFiles/FullStack/expensioApp/frontend/ios/Pods/Headers/Public/React-performancecdpmetrics -I/Users/sparkles/Documents/CodingFiles/FullStack/expensioApp/frontend/ios/Pods/Headers/Public/React-performancetimeline -I/Users/sparkles/Documents/CodingFiles/FullStack/expensioApp/frontend/ios/Pods/Headers/Public/React-rendererconsistency -I/Users/sparkles/Documents/CodingFiles/FullStack/expensioApp/frontend/ios/Pods/Headers/Public/React-renderercss -I/Users/sparkles/Documents/CodingFiles/FullStack/expensioApp/frontend/ios/Pods/Headers/Public/React-rendererdebug -I/Users/sparkles/Documents/CodingFiles/FullStack/expensioApp/frontend/ios/Pods/Headers/Public/React-runtimeexecutor -I/Users/sparkles/Documents/CodingFiles/FullStack/expensioApp/frontend/ios/Pods/Headers/Public/React-runtimescheduler -I/Users/sparkles/Documents/CodingFiles/FullStack/expensioApp/frontend/ios/Pods/Headers/Public/React-timing -I/Users/sparkles/Documents/CodingFiles/FullStack/expensioApp/frontend/ios/Pods/Headers/Public/React-utils -I/Users/sparkles/Documents/CodingFiles/FullStack/expensioApp/frontend/ios/Pods/Headers/Public/React-viewtransitionnativemodule -I/Users/sparkles/Documents/CodingFiles/FullStack/expensioApp/frontend/ios/Pods/Headers/Public/React-webperformancenativemodule -I/Users/sparkles/Documents/CodingFiles/FullStack/expensioApp/frontend/ios/Pods/Headers/Public/ReactCodegen -I/Users/sparkles/Documents/CodingFiles/FullStack/expensioApp/frontend/ios/Pods/Headers/Public/ReactCommon -I/Users/sparkles/Documents/CodingFiles/FullStack/expensioApp/frontend/ios/Pods/Headers/Public/ReactNativeDependencies -I/Users/sparkles/Documents/CodingFiles/FullStack/expensioApp/frontend/ios/Pods/Headers/Public/Yoga -I/Users/sparkles/Documents/CodingFiles/FullStack/expensioApp/frontend/ios/Pods/Headers/Public/hermes-engine -I/Users/sparkles/Documents/CodingFiles/FullStack/expensioApp/frontend/ios/Pods/ExpoModulesCore/ExpoModulesCore.xcframework/ios-arm64_x86_64-simulator/ExpoModulesCore.framework/Headers -I/Users/sparkles/Documents/CodingFiles/FullStack/expensioApp/frontend/ios/Pods/ExpoModulesCore/ExpoModulesCore.xcframework/ios-arm64/ExpoModulesCore.framework/Headers -I/Users/sparkles/Documents/CodingFiles/FullStack/expensioApp/frontend/ios/Pods/ExpoModulesCore/ExpoModulesCore.xcframework/ios-arm64_x86_64-simulator/ExpoModulesCore.framework/Headers -I/Users/sparkles/Documents/CodingFiles/FullStack/expensioApp/frontend/ios/Pods/ExpoModulesCore/ExpoModulesCore.xcframework/ios-arm64/ExpoModulesCore.framework/Headers -I/Users/sparkles/Library/Developer/Xcode/DerivedData/Expensio-futtgngxcysvvhcljmosbeftqmyc/Build/Intermediates.noindex/Pods.build/Debug-iphonesimulator/ExpoSecureStore.build/DerivedSources-normal/arm64 -I/Users/sparkles/Library/Developer/Xcode/DerivedData/Expensio-futtgngxcysvvhcljmosbeftqmyc/Build/Intermediates.noindex/Pods.build/Debug-iphonesimulator/ExpoSecureStore.build/DerivedSources/arm64 -I/Users/sparkles/Library/Developer/Xcode/DerivedData/Expensio-futtgngxcysvvhcljmosbeftqmyc/Build/Intermediates.noindex/Pods.build/Debug-iphonesimulator/ExpoSecureStore.build/DerivedSources -F/Users/sparkles/Library/Developer/Xcode/DerivedData/Expensio-futtgngxcysvvhcljmosbeftqmyc/Build/Products/Debug-iphonesimulator/ExpoSecureStore -F/Users/sparkles/Documents/CodingFiles/FullStack/expensioApp/frontend/node_modules/expo-modules-jsi/apple/Products -F/Users/sparkles/Documents/CodingFiles/FullStack/expensioApp/frontend/ios/Pods/ExpoModulesCore -F/Users/sparkles/Documents/CodingFiles/FullStack/expensioApp/frontend/ios/Pods/React-Core-prebuilt -F/Users/sparkles/Documents/CodingFiles/FullStack/expensioApp/frontend/ios/Pods/ReactNativeDependencies/framework/packages/react-native -F/Users/sparkles/Documents/CodingFiles/FullStack/expensioApp/frontend/ios/Pods/hermes-engine/destroot/Library/Frameworks/universal -F/Users/sparkles/Library/Developer/Xcode/DerivedData/Expensio-futtgngxcysvvhcljmosbeftqmyc/Build/Products/Debug-iphonesimulator/XCFrameworkIntermediates/ExpoModulesCore -F/Users/sparkles/Library/Developer/Xcode/DerivedData/Expensio-futtgngxcysvvhcljmosbeftqmyc/Build/Products/Debug-iphonesimulator/XCFrameworkIntermediates/ExpoModulesJSI -F/Users/sparkles/Library/Developer/Xcode/DerivedData/Expensio-futtgngxcysvvhcljmosbeftqmyc/Build/Products/Debug-iphonesimulator/XCFrameworkIntermediates/React-Core-prebuilt -F/Users/sparkles/Library/Developer/Xcode/DerivedData/Expensio-futtgngxcysvvhcljmosbeftqmyc/Build/Products/Debug-iphonesimulator/XCFrameworkIntermediates/ReactNativeDependencies -F/Users/sparkles/Library/Developer/Xcode/DerivedData/Expensio-futtgngxcysvvhcljmosbeftqmyc/Build/Products/Debug-iphonesimulator/XCFrameworkIntermediates/hermes-engine/Pre-built '-DRCT_REMOVE_LEGACY_ARCH=1' '-fmodule-map-file=/Users/sparkles/Documents/CodingFiles/FullStack/expensioApp/frontend/ios/Pods/Headers/Public/ReactCodegen/ReactCodegen.modulemap'

WriteAuxiliaryFile /Users/sparkles/Library/Developer/Xcode/DerivedData/Expensio-futtgngxcysvvhcljmosbeftqmyc/Build/Intermediates.noindex/Pods.build/Debug-iphonesimulator/ExpoSecureStore.build/Objects-normal/arm64/ExpoSecureStore.SwiftFileList (in target 'ExpoSecureStore' from project 'Pods')
    cd /Users/sparkles/Documents/CodingFiles/FullStack/expensioApp/frontend/ios/Pods
    write-file /Users/sparkles/Library/Developer/Xcode/DerivedData/Expensio-futtgngxcysvvhcljmosbeftqmyc/Build/Intermediates.noindex/Pods.build/Debug-iphonesimulator/ExpoSecureStore.build/Objects-normal/arm64/ExpoSecureStore.SwiftFileList

WriteAuxiliaryFile /Users/sparkles/Library/Developer/Xcode/DerivedData/Expensio-futtgngxcysvvhcljmosbeftqmyc/Build/Intermediates.noindex/Pods.build/Debug-iphonesimulator/ExpoSecureStore.build/Objects-normal/arm64/ExpoSecureStore.SwiftConstValuesFileList (in target 'ExpoSecureStore' from project 'Pods')
    cd /Users/sparkles/Documents/CodingFiles/FullStack/expensioApp/frontend/ios/Pods
    write-file /Users/sparkles/Library/Developer/Xcode/DerivedData/Expensio-futtgngxcysvvhcljmosbeftqmyc/Build/Intermediates.noindex/Pods.build/Debug-iphonesimulator/ExpoSecureStore.build/Objects-normal/arm64/ExpoSecureStore.SwiftConstValuesFileList

WriteAuxiliaryFile /Users/sparkles/Library/Developer/Xcode/DerivedData/Expensio-futtgngxcysvvhcljmosbeftqmyc/Build/Intermediates.noindex/Pods.build/Debug-iphonesimulator/ExpoSecureStore.build/Objects-normal/arm64/ExpoSecureStore.LinkFileList (in target 'ExpoSecureStore' from project 'Pods')
    cd /Users/sparkles/Documents/CodingFiles/FullStack/expensioApp/frontend/ios/Pods
    write-file /Users/sparkles/Library/Developer/Xcode/DerivedData/Expensio-futtgngxcysvvhcljmosbeftqmyc/Build/Intermediates.noindex/Pods.build/Debug-iphonesimulator/ExpoSecureStore.build/Objects-normal/arm64/ExpoSecureStore.LinkFileList

WriteAuxiliaryFile /Users/sparkles/Library/Developer/Xcode/DerivedData/Expensio-futtgngxcysvvhcljmosbeftqmyc/Build/Intermediates.noindex/Pods.build/Debug-iphonesimulator/ExpoSecureStore.build/Objects-normal/arm64/ExpoSecureStore-OutputFileMap.json (in target 'ExpoSecureStore' from project 'Pods')
    cd /Users/sparkles/Documents/CodingFiles/FullStack/expensioApp/frontend/ios/Pods
    write-file /Users/sparkles/Library/Developer/Xcode/DerivedData/Expensio-futtgngxcysvvhcljmosbeftqmyc/Build/Intermediates.noindex/Pods.build/Debug-iphonesimulator/ExpoSecureStore.build/Objects-normal/arm64/ExpoSecureStore-OutputFileMap.json

WriteAuxiliaryFile /Users/sparkles/Library/Developer/Xcode/DerivedData/Expensio-futtgngxcysvvhcljmosbeftqmyc/Build/Intermediates.noindex/Pods.build/Debug-iphonesimulator/ExpoSecureStore.build/ExpoSecureStore.hmap (in target 'ExpoSecureStore' from project 'Pods')
    cd /Users/sparkles/Documents/CodingFiles/FullStack/expensioApp/frontend/ios/Pods
    write-file /Users/sparkles/Library/Developer/Xcode/DerivedData/Expensio-futtgngxcysvvhcljmosbeftqmyc/Build/Intermediates.noindex/Pods.build/Debug-iphonesimulator/ExpoSecureStore.build/ExpoSecureStore.hmap

WriteAuxiliaryFile /Users/sparkles/Library/Developer/Xcode/DerivedData/Expensio-futtgngxcysvvhcljmosbeftqmyc/Build/Intermediates.noindex/Pods.build/Debug-iphonesimulator/ExpoSecureStore.build/ExpoSecureStore.DependencyMetadataFileList (in target 'ExpoSecureStore' from project 'Pods')
    cd /Users/sparkles/Documents/CodingFiles/FullStack/expensioApp/frontend/ios/Pods
    write-file /Users/sparkles/Library/Developer/Xcode/DerivedData/Expensio-futtgngxcysvvhcljmosbeftqmyc/Build/Intermediates.noindex/Pods.build/Debug-iphonesimulator/ExpoSecureStore.build/ExpoSecureStore.DependencyMetadataFileList

WriteAuxiliaryFile /Users/sparkles/Library/Developer/Xcode/DerivedData/Expensio-futtgngxcysvvhcljmosbeftqmyc/Build/Intermediates.noindex/Pods.build/Debug-iphonesimulator/ExpoSecureStore.build/ExpoSecureStore.DependencyStaticMetadataFileList (in target 'ExpoSecureStore' from project 'Pods')
    cd /Users/sparkles/Documents/CodingFiles/FullStack/expensioApp/frontend/ios/Pods
    write-file /Users/sparkles/Library/Developer/Xcode/DerivedData/Expensio-futtgngxcysvvhcljmosbeftqmyc/Build/Intermediates.noindex/Pods.build/Debug-iphonesimulator/ExpoSecureStore.build/ExpoSecureStore.DependencyStaticMetadataFileList

WriteAuxiliaryFile /Users/sparkles/Library/Developer/Xcode/DerivedData/Expensio-futtgngxcysvvhcljmosbeftqmyc/Build/Intermediates.noindex/Pods.build/Debug-iphonesimulator/ExpoSecureStore.build/ExpoSecureStore-project-headers.hmap (in target 'ExpoSecureStore' from project 'Pods')
    cd /Users/sparkles/Documents/CodingFiles/FullStack/expensioApp/frontend/ios/Pods
    write-file /Users/sparkles/Library/Developer/Xcode/DerivedData/Expensio-futtgngxcysvvhcljmosbeftqmyc/Build/Intermediates.noindex/Pods.build/Debug-iphonesimulator/ExpoSecureStore.build/ExpoSecureStore-project-headers.hmap

WriteAuxiliaryFile /Users/sparkles/Library/Developer/Xcode/DerivedData/Expensio-futtgngxcysvvhcljmosbeftqmyc/Build/Intermediates.noindex/Pods.build/Debug-iphonesimulator/ExpoSecureStore.build/ExpoSecureStore-own-target-headers.hmap (in target 'ExpoSecureStore' from project 'Pods')
    cd /Users/sparkles/Documents/CodingFiles/FullStack/expensioApp/frontend/ios/Pods
    write-file /Users/sparkles/Library/Developer/Xcode/DerivedData/Expensio-futtgngxcysvvhcljmosbeftqmyc/Build/Intermediates.noindex/Pods.build/Debug-iphonesimulator/ExpoSecureStore.build/ExpoSecureStore-own-target-headers.hmap

WriteAuxiliaryFile /Users/sparkles/Library/Developer/Xcode/DerivedData/Expensio-futtgngxcysvvhcljmosbeftqmyc/Build/Intermediates.noindex/Pods.build/Debug-iphonesimulator/ExpoSecureStore.build/ExpoSecureStore-generated-files.hmap (in target 'ExpoSecureStore' from project 'Pods')
    cd /Users/sparkles/Documents/CodingFiles/FullStack/expensioApp/frontend/ios/Pods
    write-file /Users/sparkles/Library/Developer/Xcode/DerivedData/Expensio-futtgngxcysvvhcljmosbeftqmyc/Build/Intermediates.noindex/Pods.build/Debug-iphonesimulator/ExpoSecureStore.build/ExpoSecureStore-generated-files.hmap

WriteAuxiliaryFile /Users/sparkles/Library/Developer/Xcode/DerivedData/Expensio-futtgngxcysvvhcljmosbeftqmyc/Build/Intermediates.noindex/Pods.build/Debug-iphonesimulator/ExpoSecureStore.build/ExpoSecureStore-all-target-headers.hmap (in target 'ExpoSecureStore' from project 'Pods')
    cd /Users/sparkles/Documents/CodingFiles/FullStack/expensioApp/frontend/ios/Pods
    write-file /Users/sparkles/Library/Developer/Xcode/DerivedData/Expensio-futtgngxcysvvhcljmosbeftqmyc/Build/Intermediates.noindex/Pods.build/Debug-iphonesimulator/ExpoSecureStore.build/ExpoSecureStore-all-target-headers.hmap

WriteAuxiliaryFile /Users/sparkles/Library/Developer/Xcode/DerivedData/Expensio-futtgngxcysvvhcljmosbeftqmyc/Build/Intermediates.noindex/Pods.build/Debug-iphonesimulator/ExpoNotifications-ExpoNotifications_privacy.build/ExpoNotifications_privacy.hmap (in target 'ExpoNotifications-ExpoNotifications_privacy' from project 'Pods')
    cd /Users/sparkles/Documents/CodingFiles/FullStack/expensioApp/frontend/ios/Pods
    write-file /Users/sparkles/Library/Developer/Xcode/DerivedData/Expensio-futtgngxcysvvhcljmosbeftqmyc/Build/Intermediates.noindex/Pods.build/Debug-iphonesimulator/ExpoNotifications-ExpoNotifications_privacy.build/ExpoNotifications_privacy.hmap

WriteAuxiliaryFile /Users/sparkles/Library/Developer/Xcode/DerivedData/Expensio-futtgngxcysvvhcljmosbeftqmyc/Build/Intermediates.noindex/Pods.build/Debug-iphonesimulator/ExpoSecureStore.build/ExpoSecureStore-all-non-framework-target-headers.hmap (in target 'ExpoSecureStore' from project 'Pods')
    cd /Users/sparkles/Documents/CodingFiles/FullStack/expensioApp/frontend/ios/Pods
    write-file /Users/sparkles/Library/Developer/Xcode/DerivedData/Expensio-futtgngxcysvvhcljmosbeftqmyc/Build/Intermediates.noindex/Pods.build/Debug-iphonesimulator/ExpoSecureStore.build/ExpoSecureStore-all-non-framework-target-headers.hmap

WriteAuxiliaryFile /Users/sparkles/Library/Developer/Xcode/DerivedData/Expensio-futtgngxcysvvhcljmosbeftqmyc/Build/Intermediates.noindex/Pods.build/Debug-iphonesimulator/ExpoNotifications-ExpoNotifications_privacy.build/ExpoNotifications_privacy.DependencyStaticMetadataFileList (in target 'ExpoNotifications-ExpoNotifications_privacy' from project 'Pods')
    cd /Users/sparkles/Documents/CodingFiles/FullStack/expensioApp/frontend/ios/Pods
    write-file /Users/sparkles/Library/Developer/Xcode/DerivedData/Expensio-futtgngxcysvvhcljmosbeftqmyc/Build/Intermediates.noindex/Pods.build/Debug-iphonesimulator/ExpoNotifications-ExpoNotifications_privacy.build/ExpoNotifications_privacy.DependencyStaticMetadataFileList

WriteAuxiliaryFile /Users/sparkles/Library/Developer/Xcode/DerivedData/Expensio-futtgngxcysvvhcljmosbeftqmyc/Build/Intermediates.noindex/Pods.build/Debug-iphonesimulator/ExpoNotifications-ExpoNotifications_privacy.build/ExpoNotifications_privacy.DependencyMetadataFileList (in target 'ExpoNotifications-ExpoNotifications_privacy' from project 'Pods')
    cd /Users/sparkles/Documents/CodingFiles/FullStack/expensioApp/frontend/ios/Pods
    write-file /Users/sparkles/Library/Developer/Xcode/DerivedData/Expensio-futtgngxcysvvhcljmosbeftqmyc/Build/Intermediates.noindex/Pods.build/Debug-iphonesimulator/ExpoNotifications-ExpoNotifications_privacy.build/ExpoNotifications_privacy.DependencyMetadataFileList

WriteAuxiliaryFile /Users/sparkles/Library/Developer/Xcode/DerivedData/Expensio-futtgngxcysvvhcljmosbeftqmyc/Build/Intermediates.noindex/Pods.build/Debug-iphonesimulator/ExpoNotifications-ExpoNotifications_privacy.build/ExpoNotifications_privacy-project-headers.hmap (in target 'ExpoNotifications-ExpoNotifications_privacy' from project 'Pods')
    cd /Users/sparkles/Documents/CodingFiles/FullStack/expensioApp/frontend/ios/Pods
    write-file /Users/sparkles/Library/Developer/Xcode/DerivedData/Expensio-futtgngxcysvvhcljmosbeftqmyc/Build/Intermediates.noindex/Pods.build/Debug-iphonesimulator/ExpoNotifications-ExpoNotifications_privacy.build/ExpoNotifications_privacy-project-headers.hmap

WriteAuxiliaryFile /Users/sparkles/Library/Developer/Xcode/DerivedData/Expensio-futtgngxcysvvhcljmosbeftqmyc/Build/Intermediates.noindex/Pods.build/Debug-iphonesimulator/ExpoNotifications-ExpoNotifications_privacy.build/ExpoNotifications_privacy-own-target-headers.hmap (in target 'ExpoNotifications-ExpoNotifications_privacy' from project 'Pods')
    cd /Users/sparkles/Documents/CodingFiles/FullStack/expensioApp/frontend/ios/Pods
    write-file /Users/sparkles/Library/Developer/Xcode/DerivedData/Expensio-futtgngxcysvvhcljmosbeftqmyc/Build/Intermediates.noindex/Pods.build/Debug-iphonesimulator/ExpoNotifications-ExpoNotifications_privacy.build/ExpoNotifications_privacy-own-target-headers.hmap

WriteAuxiliaryFile /Users/sparkles/Library/Developer/Xcode/DerivedData/Expensio-futtgngxcysvvhcljmosbeftqmyc/Build/Intermediates.noindex/Pods.build/Debug-iphonesimulator/ExpoNotifications-ExpoNotifications_privacy.build/ExpoNotifications_privacy-generated-files.hmap (in target 'ExpoNotifications-ExpoNotifications_privacy' from project 'Pods')
    cd /Users/sparkles/Documents/CodingFiles/FullStack/expensioApp/frontend/ios/Pods
    write-file /Users/sparkles/Library/Developer/Xcode/DerivedData/Expensio-futtgngxcysvvhcljmosbeftqmyc/Build/Intermediates.noindex/Pods.build/Debug-iphonesimulator/ExpoNotifications-ExpoNotifications_privacy.build/ExpoNotifications_privacy-generated-files.hmap

WriteAuxiliaryFile /Users/sparkles/Library/Developer/Xcode/DerivedData/Expensio-futtgngxcysvvhcljmosbeftqmyc/Build/Intermediates.noindex/Pods.build/Debug-iphonesimulator/ExpoNotifications-ExpoNotifications_privacy.build/ExpoNotifications_privacy-all-target-headers.hmap (in target 'ExpoNotifications-ExpoNotifications_privacy' from project 'Pods')
    cd /Users/sparkles/Documents/CodingFiles/FullStack/expensioApp/frontend/ios/Pods
    write-file /Users/sparkles/Library/Developer/Xcode/DerivedData/Expensio-futtgngxcysvvhcljmosbeftqmyc/Build/Intermediates.noindex/Pods.build/Debug-iphonesimulator/ExpoNotifications-ExpoNotifications_privacy.build/ExpoNotifications_privacy-all-target-headers.hmap

WriteAuxiliaryFile /Users/sparkles/Library/Developer/Xcode/DerivedData/Expensio-futtgngxcysvvhcljmosbeftqmyc/Build/Intermediates.noindex/Pods.build/Debug-iphonesimulator/ExpoNotifications-ExpoNotifications_privacy.build/ExpoNotifications_privacy-all-non-framework-target-headers.hmap (in target 'ExpoNotifications-ExpoNotifications_privacy' from project 'Pods')
    cd /Users/sparkles/Documents/CodingFiles/FullStack/expensioApp/frontend/ios/Pods
    write-file /Users/sparkles/Library/Developer/Xcode/DerivedData/Expensio-futtgngxcysvvhcljmosbeftqmyc/Build/Intermediates.noindex/Pods.build/Debug-iphonesimulator/ExpoNotifications-ExpoNotifications_privacy.build/ExpoNotifications_privacy-all-non-framework-target-headers.hmap

WriteAuxiliaryFile /Users/sparkles/Library/Developer/Xcode/DerivedData/Expensio-futtgngxcysvvhcljmosbeftqmyc/Build/Intermediates.noindex/Pods.build/Debug-iphonesimulator/ExpoNotifications.build/Script-46EB2E00015C60.sh (in target 'ExpoNotifications' from project 'Pods')
    cd /Users/sparkles/Documents/CodingFiles/FullStack/expensioApp/frontend/ios/Pods
    write-file /Users/sparkles/Library/Developer/Xcode/DerivedData/Expensio-futtgngxcysvvhcljmosbeftqmyc/Build/Intermediates.noindex/Pods.build/Debug-iphonesimulator/ExpoNotifications.build/Script-46EB2E00015C60.sh

WriteAuxiliaryFile /Users/sparkles/Library/Developer/Xcode/DerivedData/Expensio-futtgngxcysvvhcljmosbeftqmyc/Build/Intermediates.noindex/Pods.build/Debug-iphonesimulator/ExpoNotifications.build/Objects-normal/x86_64/e6072d4f65d7061329687fe24e3d63a7-common-args.resp (in target 'ExpoNotifications' from project 'Pods')
    cd /Users/sparkles/Documents/CodingFiles/FullStack/expensioApp/frontend/ios/Pods
    write-file /Users/sparkles/Library/Developer/Xcode/DerivedData/Expensio-futtgngxcysvvhcljmosbeftqmyc/Build/Intermediates.noindex/Pods.build/Debug-iphonesimulator/ExpoNotifications.build/Objects-normal/x86_64/e6072d4f65d7061329687fe24e3d63a7-common-args.resp
'-std=gnu11' -fobjc-arc -fmodules '-fmodules-cache-path=/Users/sparkles/Library/Developer/Xcode/DerivedData/ModuleCache.noindex' '-fmodule-name=ExpoNotifications' -fpascal-strings -O0 -fno-common '-DPOD_CONFIGURATION_DEBUG=1' '-DDEBUG=1' '-DCOCOAPODS=1' '-DOBJC_OLD_DISPATCH_PROTOTYPES=0' -fasm-blocks -g '-fobjc-abi-version=2' -fobjc-legacy-dispatch -iquote /Users/sparkles/Library/Developer/Xcode/DerivedData/Expensio-futtgngxcysvvhcljmosbeftqmyc/Build/Intermediates.noindex/Pods.build/Debug-iphonesimulator/ExpoNotifications.build/ExpoNotifications-generated-files.hmap -I/Users/sparkles/Library/Developer/Xcode/DerivedData/Expensio-futtgngxcysvvhcljmosbeftqmyc/Build/Intermediates.noindex/Pods.build/Debug-iphonesimulator/ExpoNotifications.build/ExpoNotifications-own-target-headers.hmap -I/Users/sparkles/Library/Developer/Xcode/DerivedData/Expensio-futtgngxcysvvhcljmosbeftqmyc/Build/Intermediates.noindex/Pods.build/Debug-iphonesimulator/ExpoNotifications.build/ExpoNotifications-all-non-framework-target-headers.hmap -ivfsoverlay /Users/sparkles/Library/Developer/Xcode/DerivedData/Expensio-futtgngxcysvvhcljmosbeftqmyc/Build/Intermediates.noindex/Pods.build/Debug-iphonesimulator/Pods-8699adb1dd336b26511df848a716bd42-VFS-iphonesimulator/all-product-headers.yaml -iquote /Users/sparkles/Library/Developer/Xcode/DerivedData/Expensio-futtgngxcysvvhcljmosbeftqmyc/Build/Intermediates.noindex/Pods.build/Debug-iphonesimulator/ExpoNotifications.build/ExpoNotifications-project-headers.hmap -I/Users/sparkles/Library/Developer/Xcode/DerivedData/Expensio-futtgngxcysvvhcljmosbeftqmyc/Build/Products/Debug-iphonesimulator/ExpoNotifications/include -I/Users/sparkles/Documents/CodingFiles/FullStack/expensioApp/frontend/ios/Pods/Headers/Public -I/Users/sparkles/Documents/CodingFiles/FullStack/expensioApp/frontend/ios/Pods/Headers/Public/FBLazyVector -I/Users/sparkles/Documents/CodingFiles/FullStack/expensioApp/frontend/ios/Pods/Headers/Public/RCTRequired -I/Users/sparkles/Documents/CodingFiles/FullStack/expensioApp/frontend/ios/Pods/Headers/Public/RCTSwiftUIWrapper -I/Users/sparkles/Documents/CodingFiles/FullStack/expensioApp/frontend/ios/Pods/Headers/Public/RCTTypeSafety -I/Users/sparkles/Documents/CodingFiles/FullStack/expensioApp/frontend/ios/Pods/Headers/Public/React-Core -I/Users/sparkles/Documents/CodingFiles/FullStack/expensioApp/frontend/ios/Pods/Headers/Public/React-Core-prebuilt -I/Users/sparkles/Documents/CodingFiles/FullStack/expensioApp/frontend/ios/Pods/Headers/Public/React-CoreModules -I/Users/sparkles/Documents/CodingFiles/FullStack/expensioApp/frontend/ios/Pods/Headers/Public/React-Fabric -I/Users/sparkles/Documents/CodingFiles/FullStack/expensioApp/frontend/ios/Pods/Headers/Public/React-FabricComponents -I/Users/sparkles/Documents/CodingFiles/FullStack/expensioApp/frontend/ios/Pods/Headers/Public/React-FabricImage -I/Users/sparkles/Documents/CodingFiles/FullStack/expensioApp/frontend/ios/Pods/Headers/Public/React-ImageManager -I/Users/sparkles/Documents/CodingFiles/FullStack/expensioApp/frontend/ios/Pods/Headers/Public/React-Mapbuffer -I/Users/sparkles/Documents/CodingFiles/FullStack/expensioApp/frontend/ios/Pods/Headers/Public/React-NativeModulesApple -I/Users/sparkles/Documents/CodingFiles/FullStack/expensioApp/frontend/ios/Pods/Headers/Public/React-RCTAnimation -I/Users/sparkles/Documents/CodingFiles/FullStack/expensioApp/frontend/ios/Pods/Headers/Public/React-RCTBlob -I/Users/sparkles/Documents/CodingFiles/FullStack/expensioApp/frontend/ios/Pods/Headers/Public/React-RCTFBReactNativeSpec -I/Users/sparkles/Documents/CodingFiles/FullStack/expensioApp/frontend/ios/Pods/Headers/Public/React-RCTFabric -I/Users/sparkles/Documents/CodingFiles/FullStack/expensioApp/frontend/ios/Pods/Headers/Public/React-RCTImage -I/Users/sparkles/Documents/CodingFiles/FullStack/expensioApp/frontend/ios/Pods/Headers/Public/React-RCTRuntime -I/Users/sparkles/Documents/CodingFiles/FullStack/expensioApp/frontend/ios/Pods/Headers/Public/React-RCTText -I/Users/sparkles/Documents/CodingFiles/FullStack/expensioApp/frontend/ios/Pods/Headers/Public/React-RuntimeApple -I/Users/sparkles/Documents/CodingFiles/FullStack/expensioApp/frontend/ios/Pods/Headers/Public/React-RuntimeCore -I/Users/sparkles/Documents/CodingFiles/FullStack/expensioApp/frontend/ios/Pods/Headers/Public/React-RuntimeHermes -I/Users/sparkles/Documents/CodingFiles/FullStack/expensioApp/frontend/ios/Pods/Headers/Public/React-callinvoker -I/Users/sparkles/Documents/CodingFiles/FullStack/expensioApp/frontend/ios/Pods/Headers/Public/React-cxxreact -I/Users/sparkles/Documents/CodingFiles/FullStack/expensioApp/frontend/ios/Pods/Headers/Public/React-debug -I/Users/sparkles/Documents/CodingFiles/FullStack/expensioApp/frontend/ios/Pods/Headers/Public/React-defaultsnativemodule -I/Users/sparkles/Documents/CodingFiles/FullStack/expensioApp/frontend/ios/Pods/Headers/Public/React-domnativemodule -I/Users/sparkles/Documents/CodingFiles/FullStack/expensioApp/frontend/ios/Pods/Headers/Public/React-featureflags -I/Users/sparkles/Documents/CodingFiles/FullStack/expensioApp/frontend/ios/Pods/Headers/Public/React-featureflagsnativemodule -I/Users/sparkles/Documents/CodingFiles/FullStack/expensioApp/frontend/ios/Pods/Headers/Public/React-graphics -I/Users/sparkles/Documents/CodingFiles/FullStack/expensioApp/frontend/ios/Pods/Headers/Public/React-hermes -I/Users/sparkles/Documents/CodingFiles/FullStack/expensioApp/frontend/ios/Pods/Headers/Public/React-idlecallbacksnativemodule -I/Users/sparkles/Documents/CodingFiles/FullStack/expensioApp/frontend/ios/Pods/Headers/Public/React-intersectionobservernativemodule -I/Users/sparkles/Documents/CodingFiles/FullStack/expensioApp/frontend/ios/Pods/Headers/Public/React-jserrorhandler -I/Users/sparkles/Documents/CodingFiles/FullStack/expensioApp/frontend/ios/Pods/Headers/Public/React-jsi -I/Users/sparkles/Documents/CodingFiles/FullStack/expensioApp/frontend/ios/Pods/Headers/Public/React-jsiexecutor -I/Users/sparkles/Documents/CodingFiles/FullStack/expensioApp/frontend/ios/Pods/Headers/Public/React-jsinspector -I/Users/sparkles/Documents/CodingFiles/FullStack/expensioApp/frontend/ios/Pods/Headers/Public/React-jsinspectorcdp -I/Users/sparkles/Documents/CodingFiles/FullStack/expensioApp/frontend/ios/Pods/Headers/Public/React-jsinspectornetwork -I/Users/sparkles/Documents/CodingFiles/FullStack/expensioApp/frontend/ios/Pods/Headers/Public/React-jsinspectortracing -I/Users/sparkles/Documents/CodingFiles/FullStack/expensioApp/frontend/ios/Pods/Headers/Public/React-jsitooling -I/Users/sparkles/Documents/CodingFiles/FullStack/expensioApp/frontend/ios/Pods/Headers/Public/React-logger -I/Users/sparkles/Documents/CodingFiles/FullStack/expensioApp/frontend/ios/Pods/Headers/Public/React-microtasksnativemodule -I/Users/sparkles/Documents/CodingFiles/FullStack/expensioApp/frontend/ios/Pods/Headers/Public/React-mutationobservernativemodule -I/Users/sparkles/Documents/CodingFiles/FullStack/expensioApp/frontend/ios/Pods/Headers/Public/React-networking -I/Users/sparkles/Documents/CodingFiles/FullStack/expensioApp/frontend/ios/Pods/Headers/Public/React-oscompat -I/Users/sparkles/Documents/CodingFiles/FullStack/expensioApp/frontend/ios/Pods/Headers/Public/React-perflogger -I/Users/sparkles/Documents/CodingFiles/FullStack/expensioApp/frontend/ios/Pods/Headers/Public/React-performancecdpmetrics -I/Users/sparkles/Documents/CodingFiles/FullStack/expensioApp/frontend/ios/Pods/Headers/Public/React-performancetimeline -I/Users/sparkles/Documents/CodingFiles/FullStack/expensioApp/frontend/ios/Pods/Headers/Public/React-rendererconsistency -I/Users/sparkles/Documents/CodingFiles/FullStack/expensioApp/frontend/ios/Pods/Headers/Public/React-renderercss -I/Users/sparkles/Documents/CodingFiles/FullStack/expensioApp/frontend/ios/Pods/Headers/Public/React-rendererdebug -I/Users/sparkles/Documents/CodingFiles/FullStack/expensioApp/frontend/ios/Pods/Headers/Public/React-runtimeexecutor -I/Users/sparkles/Documents/CodingFiles/FullStack/expensioApp/frontend/ios/Pods/Headers/Public/React-runtimescheduler -I/Users/sparkles/Documents/CodingFiles/FullStack/expensioApp/frontend/ios/Pods/Headers/Public/React-timing -I/Users/sparkles/Documents/CodingFiles/FullStack/expensioApp/frontend/ios/Pods/Headers/Public/React-utils -I/Users/sparkles/Documents/CodingFiles/FullStack/expensioApp/frontend/ios/Pods/Headers/Public/React-viewtransitionnativemodule -I/Users/sparkles/Documents/CodingFiles/FullStack/expensioApp/frontend/ios/Pods/Headers/Public/React-webperformancenativemodule -I/Users/sparkles/Documents/CodingFiles/FullStack/expensioApp/frontend/ios/Pods/Headers/Public/ReactCodegen -I/Users/sparkles/Documents/CodingFiles/FullStack/expensioApp/frontend/ios/Pods/Headers/Public/ReactCommon -I/Users/sparkles/Documents/CodingFiles/FullStack/expensioApp/frontend/ios/Pods/Headers/Public/ReactNativeDependencies -I/Users/sparkles/Documents/CodingFiles/FullStack/expensioApp/frontend/ios/Pods/Headers/Public/Yoga -I/Users/sparkles/Documents/CodingFiles/FullStack/expensioApp/frontend/ios/Pods/Headers/Public/hermes-engine -I/Users/sparkles/Documents/CodingFiles/FullStack/expensioApp/frontend/ios/Pods/ExpoModulesCore/ExpoModulesCore.xcframework/ios-arm64_x86_64-simulator/ExpoModulesCore.framework/Headers -I/Users/sparkles/Documents/CodingFiles/FullStack/expensioApp/frontend/ios/Pods/ExpoModulesCore/ExpoModulesCore.xcframework/ios-arm64/ExpoModulesCore.framework/Headers -I/Users/sparkles/Documents/CodingFiles/FullStack/expensioApp/frontend/ios/Pods/ExpoModulesCore/ExpoModulesCore.xcframework/ios-arm64_x86_64-simulator/ExpoModulesCore.framework/Headers -I/Users/sparkles/Documents/CodingFiles/FullStack/expensioApp/frontend/ios/Pods/ExpoModulesCore/ExpoModulesCore.xcframework/ios-arm64/ExpoModulesCore.framework/Headers -I/Users/sparkles/Library/Developer/Xcode/DerivedData/Expensio-futtgngxcysvvhcljmosbeftqmyc/Build/Intermediates.noindex/Pods.build/Debug-iphonesimulator/ExpoNotifications.build/DerivedSources-normal/x86_64 -I/Users/sparkles/Library/Developer/Xcode/DerivedData/Expensio-futtgngxcysvvhcljmosbeftqmyc/Build/Intermediates.noindex/Pods.build/Debug-iphonesimulator/ExpoNotifications.build/DerivedSources/x86_64 -I/Users/sparkles/Library/Developer/Xcode/DerivedData/Expensio-futtgngxcysvvhcljmosbeftqmyc/Build/Intermediates.noindex/Pods.build/Debug-iphonesimulator/ExpoNotifications.build/DerivedSources -F/Users/sparkles/Library/Developer/Xcode/DerivedData/Expensio-futtgngxcysvvhcljmosbeftqmyc/Build/Products/Debug-iphonesimulator/ExpoNotifications -F/Users/sparkles/Documents/CodingFiles/FullStack/expensioApp/frontend/node_modules/expo-modules-jsi/apple/Products -F/Users/sparkles/Documents/CodingFiles/FullStack/expensioApp/frontend/ios/Pods/ExpoModulesCore -F/Users/sparkles/Documents/CodingFiles/FullStack/expensioApp/frontend/ios/Pods/React-Core-prebuilt -F/Users/sparkles/Documents/CodingFiles/FullStack/expensioApp/frontend/ios/Pods/ReactNativeDependencies/framework/packages/react-native -F/Users/sparkles/Documents/CodingFiles/FullStack/expensioApp/frontend/ios/Pods/hermes-engine/destroot/Library/Frameworks/universal -F/Users/sparkles/Library/Developer/Xcode/DerivedData/Expensio-futtgngxcysvvhcljmosbeftqmyc/Build/Products/Debug-iphonesimulator/XCFrameworkIntermediates/ExpoModulesCore -F/Users/sparkles/Library/Developer/Xcode/DerivedData/Expensio-futtgngxcysvvhcljmosbeftqmyc/Build/Products/Debug-iphonesimulator/XCFrameworkIntermediates/ExpoModulesJSI -F/Users/sparkles/Library/Developer/Xcode/DerivedData/Expensio-futtgngxcysvvhcljmosbeftqmyc/Build/Products/Debug-iphonesimulator/XCFrameworkIntermediates/React-Core-prebuilt -F/Users/sparkles/Library/Developer/Xcode/DerivedData/Expensio-futtgngxcysvvhcljmosbeftqmyc/Build/Products/Debug-iphonesimulator/XCFrameworkIntermediates/ReactNativeDependencies -F/Users/sparkles/Library/Developer/Xcode/DerivedData/Expensio-futtgngxcysvvhcljmosbeftqmyc/Build/Products/Debug-iphonesimulator/XCFrameworkIntermediates/hermes-engine/Pre-built '-DRCT_REMOVE_LEGACY_ARCH=1' '-fmodule-map-file=/Users/sparkles/Documents/CodingFiles/FullStack/expensioApp/frontend/ios/Pods/Headers/Public/ReactCodegen/ReactCodegen.modulemap'

WriteAuxiliaryFile /Users/sparkles/Library/Developer/Xcode/DerivedData/Expensio-futtgngxcysvvhcljmosbeftqmyc/Build/Intermediates.noindex/Pods.build/Debug-iphonesimulator/ExpoNotifications.build/Objects-normal/x86_64/ExpoNotifications_const_extract_protocols.json (in target 'ExpoNotifications' from project 'Pods')
    cd /Users/sparkles/Documents/CodingFiles/FullStack/expensioApp/frontend/ios/Pods
    write-file /Users/sparkles/Library/Developer/Xcode/DerivedData/Expensio-futtgngxcysvvhcljmosbeftqmyc/Build/Intermediates.noindex/Pods.build/Debug-iphonesimulator/ExpoNotifications.build/Objects-normal/x86_64/ExpoNotifications_const_extract_protocols.json

WriteAuxiliaryFile /Users/sparkles/Library/Developer/Xcode/DerivedData/Expensio-futtgngxcysvvhcljmosbeftqmyc/Build/Intermediates.noindex/Pods.build/Debug-iphonesimulator/ExpoNotifications.build/Objects-normal/x86_64/ExpoNotifications.SwiftFileList (in target 'ExpoNotifications' from project 'Pods')
    cd /Users/sparkles/Documents/CodingFiles/FullStack/expensioApp/frontend/ios/Pods
    write-file /Users/sparkles/Library/Developer/Xcode/DerivedData/Expensio-futtgngxcysvvhcljmosbeftqmyc/Build/Intermediates.noindex/Pods.build/Debug-iphonesimulator/ExpoNotifications.build/Objects-normal/x86_64/ExpoNotifications.SwiftFileList

WriteAuxiliaryFile /Users/sparkles/Library/Developer/Xcode/DerivedData/Expensio-futtgngxcysvvhcljmosbeftqmyc/Build/Intermediates.noindex/Pods.build/Debug-iphonesimulator/ExpoNotifications.build/Objects-normal/x86_64/ExpoNotifications.SwiftConstValuesFileList (in target 'ExpoNotifications' from project 'Pods')
    cd /Users/sparkles/Documents/CodingFiles/FullStack/expensioApp/frontend/ios/Pods
    write-file /Users/sparkles/Library/Developer/Xcode/DerivedData/Expensio-futtgngxcysvvhcljmosbeftqmyc/Build/Intermediates.noindex/Pods.build/Debug-iphonesimulator/ExpoNotifications.build/Objects-normal/x86_64/ExpoNotifications.SwiftConstValuesFileList

WriteAuxiliaryFile /Users/sparkles/Library/Developer/Xcode/DerivedData/Expensio-futtgngxcysvvhcljmosbeftqmyc/Build/Intermediates.noindex/Pods.build/Debug-iphonesimulator/ExpoNotifications.build/Objects-normal/x86_64/ExpoNotifications.LinkFileList (in target 'ExpoNotifications' from project 'Pods')
    cd /Users/sparkles/Documents/CodingFiles/FullStack/expensioApp/frontend/ios/Pods
    write-file /Users/sparkles/Library/Developer/Xcode/DerivedData/Expensio-futtgngxcysvvhcljmosbeftqmyc/Build/Intermediates.noindex/Pods.build/Debug-iphonesimulator/ExpoNotifications.build/Objects-normal/x86_64/ExpoNotifications.LinkFileList

WriteAuxiliaryFile /Users/sparkles/Library/Developer/Xcode/DerivedData/Expensio-futtgngxcysvvhcljmosbeftqmyc/Build/Intermediates.noindex/Pods.build/Debug-iphonesimulator/ExpoNotifications.build/Objects-normal/x86_64/ExpoNotifications-OutputFileMap.json (in target 'ExpoNotifications' from project 'Pods')
    cd /Users/sparkles/Documents/CodingFiles/FullStack/expensioApp/frontend/ios/Pods
    write-file /Users/sparkles/Library/Developer/Xcode/DerivedData/Expensio-futtgngxcysvvhcljmosbeftqmyc/Build/Intermediates.noindex/Pods.build/Debug-iphonesimulator/ExpoNotifications.build/Objects-normal/x86_64/ExpoNotifications-OutputFileMap.json

WriteAuxiliaryFile /Users/sparkles/Library/Developer/Xcode/DerivedData/Expensio-futtgngxcysvvhcljmosbeftqmyc/Build/Intermediates.noindex/Pods.build/Debug-iphonesimulator/ExpoNotifications.build/Objects-normal/arm64/e6072d4f65d7061329687fe24e3d63a7-common-args.resp (in target 'ExpoNotifications' from project 'Pods')
    cd /Users/sparkles/Documents/CodingFiles/FullStack/expensioApp/frontend/ios/Pods
    write-file /Users/sparkles/Library/Developer/Xcode/DerivedData/Expensio-futtgngxcysvvhcljmosbeftqmyc/Build/Intermediates.noindex/Pods.build/Debug-iphonesimulator/ExpoNotifications.build/Objects-normal/arm64/e6072d4f65d7061329687fe24e3d63a7-common-args.resp
'-std=gnu11' -fobjc-arc -fmodules '-fmodules-cache-path=/Users/sparkles/Library/Developer/Xcode/DerivedData/ModuleCache.noindex' '-fmodule-name=ExpoNotifications' -fpascal-strings -O0 -fno-common '-DPOD_CONFIGURATION_DEBUG=1' '-DDEBUG=1' '-DCOCOAPODS=1' '-DOBJC_OLD_DISPATCH_PROTOTYPES=0' -g '-fobjc-abi-version=2' -fobjc-legacy-dispatch -iquote /Users/sparkles/Library/Developer/Xcode/DerivedData/Expensio-futtgngxcysvvhcljmosbeftqmyc/Build/Intermediates.noindex/Pods.build/Debug-iphonesimulator/ExpoNotifications.build/ExpoNotifications-generated-files.hmap -I/Users/sparkles/Library/Developer/Xcode/DerivedData/Expensio-futtgngxcysvvhcljmosbeftqmyc/Build/Intermediates.noindex/Pods.build/Debug-iphonesimulator/ExpoNotifications.build/ExpoNotifications-own-target-headers.hmap -I/Users/sparkles/Library/Developer/Xcode/DerivedData/Expensio-futtgngxcysvvhcljmosbeftqmyc/Build/Intermediates.noindex/Pods.build/Debug-iphonesimulator/ExpoNotifications.build/ExpoNotifications-all-non-framework-target-headers.hmap -ivfsoverlay /Users/sparkles/Library/Developer/Xcode/DerivedData/Expensio-futtgngxcysvvhcljmosbeftqmyc/Build/Intermediates.noindex/Pods.build/Debug-iphonesimulator/Pods-8699adb1dd336b26511df848a716bd42-VFS-iphonesimulator/all-product-headers.yaml -iquote /Users/sparkles/Library/Developer/Xcode/DerivedData/Expensio-futtgngxcysvvhcljmosbeftqmyc/Build/Intermediates.noindex/Pods.build/Debug-iphonesimulator/ExpoNotifications.build/ExpoNotifications-project-headers.hmap -I/Users/sparkles/Library/Developer/Xcode/DerivedData/Expensio-futtgngxcysvvhcljmosbeftqmyc/Build/Products/Debug-iphonesimulator/ExpoNotifications/include -I/Users/sparkles/Documents/CodingFiles/FullStack/expensioApp/frontend/ios/Pods/Headers/Public -I/Users/sparkles/Documents/CodingFiles/FullStack/expensioApp/frontend/ios/Pods/Headers/Public/FBLazyVector -I/Users/sparkles/Documents/CodingFiles/FullStack/expensioApp/frontend/ios/Pods/Headers/Public/RCTRequired -I/Users/sparkles/Documents/CodingFiles/FullStack/expensioApp/frontend/ios/Pods/Headers/Public/RCTSwiftUIWrapper -I/Users/sparkles/Documents/CodingFiles/FullStack/expensioApp/frontend/ios/Pods/Headers/Public/RCTTypeSafety -I/Users/sparkles/Documents/CodingFiles/FullStack/expensioApp/frontend/ios/Pods/Headers/Public/React-Core -I/Users/sparkles/Documents/CodingFiles/FullStack/expensioApp/frontend/ios/Pods/Headers/Public/React-Core-prebuilt -I/Users/sparkles/Documents/CodingFiles/FullStack/expensioApp/frontend/ios/Pods/Headers/Public/React-CoreModules -I/Users/sparkles/Documents/CodingFiles/FullStack/expensioApp/frontend/ios/Pods/Headers/Public/React-Fabric -I/Users/sparkles/Documents/CodingFiles/FullStack/expensioApp/frontend/ios/Pods/Headers/Public/React-FabricComponents -I/Users/sparkles/Documents/CodingFiles/FullStack/expensioApp/frontend/ios/Pods/Headers/Public/React-FabricImage -I/Users/sparkles/Documents/CodingFiles/FullStack/expensioApp/frontend/ios/Pods/Headers/Public/React-ImageManager -I/Users/sparkles/Documents/CodingFiles/FullStack/expensioApp/frontend/ios/Pods/Headers/Public/React-Mapbuffer -I/Users/sparkles/Documents/CodingFiles/FullStack/expensioApp/frontend/ios/Pods/Headers/Public/React-NativeModulesApple -I/Users/sparkles/Documents/CodingFiles/FullStack/expensioApp/frontend/ios/Pods/Headers/Public/React-RCTAnimation -I/Users/sparkles/Documents/CodingFiles/FullStack/expensioApp/frontend/ios/Pods/Headers/Public/React-RCTBlob -I/Users/sparkles/Documents/CodingFiles/FullStack/expensioApp/frontend/ios/Pods/Headers/Public/React-RCTFBReactNativeSpec -I/Users/sparkles/Documents/CodingFiles/FullStack/expensioApp/frontend/ios/Pods/Headers/Public/React-RCTFabric -I/Users/sparkles/Documents/CodingFiles/FullStack/expensioApp/frontend/ios/Pods/Headers/Public/React-RCTImage -I/Users/sparkles/Documents/CodingFiles/FullStack/expensioApp/frontend/ios/Pods/Headers/Public/React-RCTRuntime -I/Users/sparkles/Documents/CodingFiles/FullStack/expensioApp/frontend/ios/Pods/Headers/Public/React-RCTText -I/Users/sparkles/Documents/CodingFiles/FullStack/expensioApp/frontend/ios/Pods/Headers/Public/React-RuntimeApple -I/Users/sparkles/Documents/CodingFiles/FullStack/expensioApp/frontend/ios/Pods/Headers/Public/React-RuntimeCore -I/Users/sparkles/Documents/CodingFiles/FullStack/expensioApp/frontend/ios/Pods/Headers/Public/React-RuntimeHermes -I/Users/sparkles/Documents/CodingFiles/FullStack/expensioApp/frontend/ios/Pods/Headers/Public/React-callinvoker -I/Users/sparkles/Documents/CodingFiles/FullStack/expensioApp/frontend/ios/Pods/Headers/Public/React-cxxreact -I/Users/sparkles/Documents/CodingFiles/FullStack/expensioApp/frontend/ios/Pods/Headers/Public/React-debug -I/Users/sparkles/Documents/CodingFiles/FullStack/expensioApp/frontend/ios/Pods/Headers/Public/React-defaultsnativemodule -I/Users/sparkles/Documents/CodingFiles/FullStack/expensioApp/frontend/ios/Pods/Headers/Public/React-domnativemodule -I/Users/sparkles/Documents/CodingFiles/FullStack/expensioApp/frontend/ios/Pods/Headers/Public/React-featureflags -I/Users/sparkles/Documents/CodingFiles/FullStack/expensioApp/frontend/ios/Pods/Headers/Public/React-featureflagsnativemodule -I/Users/sparkles/Documents/CodingFiles/FullStack/expensioApp/frontend/ios/Pods/Headers/Public/React-graphics -I/Users/sparkles/Documents/CodingFiles/FullStack/expensioApp/frontend/ios/Pods/Headers/Public/React-hermes -I/Users/sparkles/Documents/CodingFiles/FullStack/expensioApp/frontend/ios/Pods/Headers/Public/React-idlecallbacksnativemodule -I/Users/sparkles/Documents/CodingFiles/FullStack/expensioApp/frontend/ios/Pods/Headers/Public/React-intersectionobservernativemodule -I/Users/sparkles/Documents/CodingFiles/FullStack/expensioApp/frontend/ios/Pods/Headers/Public/React-jserrorhandler -I/Users/sparkles/Documents/CodingFiles/FullStack/expensioApp/frontend/ios/Pods/Headers/Public/React-jsi -I/Users/sparkles/Documents/CodingFiles/FullStack/expensioApp/frontend/ios/Pods/Headers/Public/React-jsiexecutor -I/Users/sparkles/Documents/CodingFiles/FullStack/expensioApp/frontend/ios/Pods/Headers/Public/React-jsinspector -I/Users/sparkles/Documents/CodingFiles/FullStack/expensioApp/frontend/ios/Pods/Headers/Public/React-jsinspectorcdp -I/Users/sparkles/Documents/CodingFiles/FullStack/expensioApp/frontend/ios/Pods/Headers/Public/React-jsinspectornetwork -I/Users/sparkles/Documents/CodingFiles/FullStack/expensioApp/frontend/ios/Pods/Headers/Public/React-jsinspectortracing -I/Users/sparkles/Documents/CodingFiles/FullStack/expensioApp/frontend/ios/Pods/Headers/Public/React-jsitooling -I/Users/sparkles/Documents/CodingFiles/FullStack/expensioApp/frontend/ios/Pods/Headers/Public/React-logger -I/Users/sparkles/Documents/CodingFiles/FullStack/expensioApp/frontend/ios/Pods/Headers/Public/React-microtasksnativemodule -I/Users/sparkles/Documents/CodingFiles/FullStack/expensioApp/frontend/ios/Pods/Headers/Public/React-mutationobservernativemodule -I/Users/sparkles/Documents/CodingFiles/FullStack/expensioApp/frontend/ios/Pods/Headers/Public/React-networking -I/Users/sparkles/Documents/CodingFiles/FullStack/expensioApp/frontend/ios/Pods/Headers/Public/React-oscompat -I/Users/sparkles/Documents/CodingFiles/FullStack/expensioApp/frontend/ios/Pods/Headers/Public/React-perflogger -I/Users/sparkles/Documents/CodingFiles/FullStack/expensioApp/frontend/ios/Pods/Headers/Public/React-performancecdpmetrics -I/Users/sparkles/Documents/CodingFiles/FullStack/expensioApp/frontend/ios/Pods/Headers/Public/React-performancetimeline -I/Users/sparkles/Documents/CodingFiles/FullStack/expensioApp/frontend/ios/Pods/Headers/Public/React-rendererconsistency -I/Users/sparkles/Documents/CodingFiles/FullStack/expensioApp/frontend/ios/Pods/Headers/Public/React-renderercss -I/Users/sparkles/Documents/CodingFiles/FullStack/expensioApp/frontend/ios/Pods/Headers/Public/React-rendererdebug -I/Users/sparkles/Documents/CodingFiles/FullStack/expensioApp/frontend/ios/Pods/Headers/Public/React-runtimeexecutor -I/Users/sparkles/Documents/CodingFiles/FullStack/expensioApp/frontend/ios/Pods/Headers/Public/React-runtimescheduler -I/Users/sparkles/Documents/CodingFiles/FullStack/expensioApp/frontend/ios/Pods/Headers/Public/React-timing -I/Users/sparkles/Documents/CodingFiles/FullStack/expensioApp/frontend/ios/Pods/Headers/Public/React-utils -I/Users/sparkles/Documents/CodingFiles/FullStack/expensioApp/frontend/ios/Pods/Headers/Public/React-viewtransitionnativemodule -I/Users/sparkles/Documents/CodingFiles/FullStack/expensioApp/frontend/ios/Pods/Headers/Public/React-webperformancenativemodule -I/Users/sparkles/Documents/CodingFiles/FullStack/expensioApp/frontend/ios/Pods/Headers/Public/ReactCodegen -I/Users/sparkles/Documents/CodingFiles/FullStack/expensioApp/frontend/ios/Pods/Headers/Public/ReactCommon -I/Users/sparkles/Documents/CodingFiles/FullStack/expensioApp/frontend/ios/Pods/Headers/Public/ReactNativeDependencies -I/Users/sparkles/Documents/CodingFiles/FullStack/expensioApp/frontend/ios/Pods/Headers/Public/Yoga -I/Users/sparkles/Documents/CodingFiles/FullStack/expensioApp/frontend/ios/Pods/Headers/Public/hermes-engine -I/Users/sparkles/Documents/CodingFiles/FullStack/expensioApp/frontend/ios/Pods/ExpoModulesCore/ExpoModulesCore.xcframework/ios-arm64_x86_64-simulator/ExpoModulesCore.framework/Headers -I/Users/sparkles/Documents/CodingFiles/FullStack/expensioApp/frontend/ios/Pods/ExpoModulesCore/ExpoModulesCore.xcframework/ios-arm64/ExpoModulesCore.framework/Headers -I/Users/sparkles/Documents/CodingFiles/FullStack/expensioApp/frontend/ios/Pods/ExpoModulesCore/ExpoModulesCore.xcframework/ios-arm64_x86_64-simulator/ExpoModulesCore.framework/Headers -I/Users/sparkles/Documents/CodingFiles/FullStack/expensioApp/frontend/ios/Pods/ExpoModulesCore/ExpoModulesCore.xcframework/ios-arm64/ExpoModulesCore.framework/Headers -I/Users/sparkles/Library/Developer/Xcode/DerivedData/Expensio-futtgngxcysvvhcljmosbeftqmyc/Build/Intermediates.noindex/Pods.build/Debug-iphonesimulator/ExpoNotifications.build/DerivedSources-normal/arm64 -I/Users/sparkles/Library/Developer/Xcode/DerivedData/Expensio-futtgngxcysvvhcljmosbeftqmyc/Build/Intermediates.noindex/Pods.build/Debug-iphonesimulator/ExpoNotifications.build/DerivedSources/arm64 -I/Users/sparkles/Library/Developer/Xcode/DerivedData/Expensio-futtgngxcysvvhcljmosbeftqmyc/Build/Intermediates.noindex/Pods.build/Debug-iphonesimulator/ExpoNotifications.build/DerivedSources -F/Users/sparkles/Library/Developer/Xcode/DerivedData/Expensio-futtgngxcysvvhcljmosbeftqmyc/Build/Products/Debug-iphonesimulator/ExpoNotifications -F/Users/sparkles/Documents/CodingFiles/FullStack/expensioApp/frontend/node_modules/expo-modules-jsi/apple/Products -F/Users/sparkles/Documents/CodingFiles/FullStack/expensioApp/frontend/ios/Pods/ExpoModulesCore -F/Users/sparkles/Documents/CodingFiles/FullStack/expensioApp/frontend/ios/Pods/React-Core-prebuilt -F/Users/sparkles/Documents/CodingFiles/FullStack/expensioApp/frontend/ios/Pods/ReactNativeDependencies/framework/packages/react-native -F/Users/sparkles/Documents/CodingFiles/FullStack/expensioApp/frontend/ios/Pods/hermes-engine/destroot/Library/Frameworks/universal -F/Users/sparkles/Library/Developer/Xcode/DerivedData/Expensio-futtgngxcysvvhcljmosbeftqmyc/Build/Products/Debug-iphonesimulator/XCFrameworkIntermediates/ExpoModulesCore -F/Users/sparkles/Library/Developer/Xcode/DerivedData/Expensio-futtgngxcysvvhcljmosbeftqmyc/Build/Products/Debug-iphonesimulator/XCFrameworkIntermediates/ExpoModulesJSI -F/Users/sparkles/Library/Developer/Xcode/DerivedData/Expensio-futtgngxcysvvhcljmosbeftqmyc/Build/Products/Debug-iphonesimulator/XCFrameworkIntermediates/React-Core-prebuilt -F/Users/sparkles/Library/Developer/Xcode/DerivedData/Expensio-futtgngxcysvvhcljmosbeftqmyc/Build/Products/Debug-iphonesimulator/XCFrameworkIntermediates/ReactNativeDependencies -F/Users/sparkles/Library/Developer/Xcode/DerivedData/Expensio-futtgngxcysvvhcljmosbeftqmyc/Build/Products/Debug-iphonesimulator/XCFrameworkIntermediates/hermes-engine/Pre-built '-DRCT_REMOVE_LEGACY_ARCH=1' '-fmodule-map-file=/Users/sparkles/Documents/CodingFiles/FullStack/expensioApp/frontend/ios/Pods/Headers/Public/ReactCodegen/ReactCodegen.modulemap'

WriteAuxiliaryFile /Users/sparkles/Library/Developer/Xcode/DerivedData/Expensio-futtgngxcysvvhcljmosbeftqmyc/Build/Intermediates.noindex/Pods.build/Debug-iphonesimulator/ExpoNotifications.build/Objects-normal/arm64/ExpoNotifications_const_extract_protocols.json (in target 'ExpoNotifications' from project 'Pods')
    cd /Users/sparkles/Documents/CodingFiles/FullStack/expensioApp/frontend/ios/Pods
    write-file /Users/sparkles/Library/Developer/Xcode/DerivedData/Expensio-futtgngxcysvvhcljmosbeftqmyc/Build/Intermediates.noindex/Pods.build/Debug-iphonesimulator/ExpoNotifications.build/Objects-normal/arm64/ExpoNotifications_const_extract_protocols.json

WriteAuxiliaryFile /Users/sparkles/Library/Developer/Xcode/DerivedData/Expensio-futtgngxcysvvhcljmosbeftqmyc/Build/Intermediates.noindex/Pods.build/Debug-iphonesimulator/ExpoNotifications.build/Objects-normal/arm64/ExpoNotifications.SwiftFileList (in target 'ExpoNotifications' from project 'Pods')
    cd /Users/sparkles/Documents/CodingFiles/FullStack/expensioApp/frontend/ios/Pods
    write-file /Users/sparkles/Library/Developer/Xcode/DerivedData/Expensio-futtgngxcysvvhcljmosbeftqmyc/Build/Intermediates.noindex/Pods.build/Debug-iphonesimulator/ExpoNotifications.build/Objects-normal/arm64/ExpoNotifications.SwiftFileList

WriteAuxiliaryFile /Users/sparkles/Library/Developer/Xcode/DerivedData/Expensio-futtgngxcysvvhcljmosbeftqmyc/Build/Intermediates.noindex/Pods.build/Debug-iphonesimulator/ExpoNotifications.build/Objects-normal/arm64/ExpoNotifications.SwiftConstValuesFileList (in target 'ExpoNotifications' from project 'Pods')
    cd /Users/sparkles/Documents/CodingFiles/FullStack/expensioApp/frontend/ios/Pods
    write-file /Users/sparkles/Library/Developer/Xcode/DerivedData/Expensio-futtgngxcysvvhcljmosbeftqmyc/Build/Intermediates.noindex/Pods.build/Debug-iphonesimulator/ExpoNotifications.build/Objects-normal/arm64/ExpoNotifications.SwiftConstValuesFileList

WriteAuxiliaryFile /Users/sparkles/Library/Developer/Xcode/DerivedData/Expensio-futtgngxcysvvhcljmosbeftqmyc/Build/Intermediates.noindex/Pods.build/Debug-iphonesimulator/ExpoNotifications.build/Objects-normal/arm64/ExpoNotifications.LinkFileList (in target 'ExpoNotifications' from project 'Pods')
    cd /Users/sparkles/Documents/CodingFiles/FullStack/expensioApp/frontend/ios/Pods
    write-file /Users/sparkles/Library/Developer/Xcode/DerivedData/Expensio-futtgngxcysvvhcljmosbeftqmyc/Build/Intermediates.noindex/Pods.build/Debug-iphonesimulator/ExpoNotifications.build/Objects-normal/arm64/ExpoNotifications.LinkFileList

WriteAuxiliaryFile /Users/sparkles/Library/Developer/Xcode/DerivedData/Expensio-futtgngxcysvvhcljmosbeftqmyc/Build/Intermediates.noindex/Pods.build/Debug-iphonesimulator/ExpoNotifications.build/Objects-normal/arm64/ExpoNotifications-OutputFileMap.json (in target 'ExpoNotifications' from project 'Pods')
    cd /Users/sparkles/Documents/CodingFiles/FullStack/expensioApp/frontend/ios/Pods
    write-file /Users/sparkles/Library/Developer/Xcode/DerivedData/Expensio-futtgngxcysvvhcljmosbeftqmyc/Build/Intermediates.noindex/Pods.build/Debug-iphonesimulator/ExpoNotifications.build/Objects-normal/arm64/ExpoNotifications-OutputFileMap.json

WriteAuxiliaryFile /Users/sparkles/Library/Developer/Xcode/DerivedData/Expensio-futtgngxcysvvhcljmosbeftqmyc/Build/Intermediates.noindex/Pods.build/Debug-iphonesimulator/ExpoNotifications.build/ExpoNotifications.hmap (in target 'ExpoNotifications' from project 'Pods')
    cd /Users/sparkles/Documents/CodingFiles/FullStack/expensioApp/frontend/ios/Pods
    write-file /Users/sparkles/Library/Developer/Xcode/DerivedData/Expensio-futtgngxcysvvhcljmosbeftqmyc/Build/Intermediates.noindex/Pods.build/Debug-iphonesimulator/ExpoNotifications.build/ExpoNotifications.hmap

WriteAuxiliaryFile /Users/sparkles/Library/Developer/Xcode/DerivedData/Expensio-futtgngxcysvvhcljmosbeftqmyc/Build/Intermediates.noindex/Pods.build/Debug-iphonesimulator/ExpoNotifications.build/ExpoNotifications.DependencyStaticMetadataFileList (in target 'ExpoNotifications' from project 'Pods')
    cd /Users/sparkles/Documents/CodingFiles/FullStack/expensioApp/frontend/ios/Pods
    write-file /Users/sparkles/Library/Developer/Xcode/DerivedData/Expensio-futtgngxcysvvhcljmosbeftqmyc/Build/Intermediates.noindex/Pods.build/Debug-iphonesimulator/ExpoNotifications.build/ExpoNotifications.DependencyStaticMetadataFileList

WriteAuxiliaryFile /Users/sparkles/Library/Developer/Xcode/DerivedData/Expensio-futtgngxcysvvhcljmosbeftqmyc/Build/Intermediates.noindex/Pods.build/Debug-iphonesimulator/ExpoNotifications.build/ExpoNotifications.DependencyMetadataFileList (in target 'ExpoNotifications' from project 'Pods')
    cd /Users/sparkles/Documents/CodingFiles/FullStack/expensioApp/frontend/ios/Pods
    write-file /Users/sparkles/Library/Developer/Xcode/DerivedData/Expensio-futtgngxcysvvhcljmosbeftqmyc/Build/Intermediates.noindex/Pods.build/Debug-iphonesimulator/ExpoNotifications.build/ExpoNotifications.DependencyMetadataFileList

WriteAuxiliaryFile /Users/sparkles/Library/Developer/Xcode/DerivedData/Expensio-futtgngxcysvvhcljmosbeftqmyc/Build/Intermediates.noindex/Pods.build/Debug-iphonesimulator/ExpoNotifications.build/ExpoNotifications-project-headers.hmap (in target 'ExpoNotifications' from project 'Pods')
    cd /Users/sparkles/Documents/CodingFiles/FullStack/expensioApp/frontend/ios/Pods
    write-file /Users/sparkles/Library/Developer/Xcode/DerivedData/Expensio-futtgngxcysvvhcljmosbeftqmyc/Build/Intermediates.noindex/Pods.build/Debug-iphonesimulator/ExpoNotifications.build/ExpoNotifications-project-headers.hmap

WriteAuxiliaryFile /Users/sparkles/Library/Developer/Xcode/DerivedData/Expensio-futtgngxcysvvhcljmosbeftqmyc/Build/Intermediates.noindex/Pods.build/Debug-iphonesimulator/ExpoNotifications.build/ExpoNotifications-own-target-headers.hmap (in target 'ExpoNotifications' from project 'Pods')
    cd /Users/sparkles/Documents/CodingFiles/FullStack/expensioApp/frontend/ios/Pods
    write-file /Users/sparkles/Library/Developer/Xcode/DerivedData/Expensio-futtgngxcysvvhcljmosbeftqmyc/Build/Intermediates.noindex/Pods.build/Debug-iphonesimulator/ExpoNotifications.build/ExpoNotifications-own-target-headers.hmap

WriteAuxiliaryFile /Users/sparkles/Library/Developer/Xcode/DerivedData/Expensio-futtgngxcysvvhcljmosbeftqmyc/Build/Intermediates.noindex/Pods.build/Debug-iphonesimulator/ExpoNotifications.build/ExpoNotifications-generated-files.hmap (in target 'ExpoNotifications' from project 'Pods')
    cd /Users/sparkles/Documents/CodingFiles/FullStack/expensioApp/frontend/ios/Pods
    write-file /Users/sparkles/Library/Developer/Xcode/DerivedData/Expensio-futtgngxcysvvhcljmosbeftqmyc/Build/Intermediates.noindex/Pods.build/Debug-iphonesimulator/ExpoNotifications.build/ExpoNotifications-generated-files.hmap

WriteAuxiliaryFile /Users/sparkles/Library/Developer/Xcode/DerivedData/Expensio-futtgngxcysvvhcljmosbeftqmyc/Build/Intermediates.noindex/Pods.build/Debug-iphonesimulator/ExpoNotifications.build/ExpoNotifications-all-target-headers.hmap (in target 'ExpoNotifications' from project 'Pods')
    cd /Users/sparkles/Documents/CodingFiles/FullStack/expensioApp/frontend/ios/Pods
    write-file /Users/sparkles/Library/Developer/Xcode/DerivedData/Expensio-futtgngxcysvvhcljmosbeftqmyc/Build/Intermediates.noindex/Pods.build/Debug-iphonesimulator/ExpoNotifications.build/ExpoNotifications-all-target-headers.hmap

WriteAuxiliaryFile /Users/sparkles/Library/Developer/Xcode/DerivedData/Expensio-futtgngxcysvvhcljmosbeftqmyc/Build/Intermediates.noindex/Pods.build/Debug-iphonesimulator/ExpoNotifications.build/ExpoNotifications-all-non-framework-target-headers.hmap (in target 'ExpoNotifications' from project 'Pods')
    cd /Users/sparkles/Documents/CodingFiles/FullStack/expensioApp/frontend/ios/Pods
    write-file /Users/sparkles/Library/Developer/Xcode/DerivedData/Expensio-futtgngxcysvvhcljmosbeftqmyc/Build/Intermediates.noindex/Pods.build/Debug-iphonesimulator/ExpoNotifications.build/ExpoNotifications-all-non-framework-target-headers.hmap

WriteAuxiliaryFile /Users/sparkles/Library/Developer/Xcode/DerivedData/Expensio-futtgngxcysvvhcljmosbeftqmyc/Build/Intermediates.noindex/Pods.build/Debug-iphonesimulator/ExpoLogBox.build/Script-46EB2E000157E0.sh (in target 'ExpoLogBox' from project 'Pods')
    cd /Users/sparkles/Documents/CodingFiles/FullStack/expensioApp/frontend/ios/Pods
    write-file /Users/sparkles/Library/Developer/Xcode/DerivedData/Expensio-futtgngxcysvvhcljmosbeftqmyc/Build/Intermediates.noindex/Pods.build/Debug-iphonesimulator/ExpoLogBox.build/Script-46EB2E000157E0.sh

WriteAuxiliaryFile /Users/sparkles/Library/Developer/Xcode/DerivedData/Expensio-futtgngxcysvvhcljmosbeftqmyc/Build/Intermediates.noindex/Pods.build/Debug-iphonesimulator/ExpoLogBox.build/Objects-normal/x86_64/e6072d4f65d7061329687fe24e3d63a7-common-args.resp (in target 'ExpoLogBox' from project 'Pods')
    cd /Users/sparkles/Documents/CodingFiles/FullStack/expensioApp/frontend/ios/Pods
    write-file /Users/sparkles/Library/Developer/Xcode/DerivedData/Expensio-futtgngxcysvvhcljmosbeftqmyc/Build/Intermediates.noindex/Pods.build/Debug-iphonesimulator/ExpoLogBox.build/Objects-normal/x86_64/e6072d4f65d7061329687fe24e3d63a7-common-args.resp
'-std=gnu11' -fobjc-arc -fmodules '-fmodules-cache-path=/Users/sparkles/Library/Developer/Xcode/DerivedData/ModuleCache.noindex' -fpascal-strings -O0 -fno-common '-DPOD_CONFIGURATION_DEBUG=1' '-DDEBUG=1' '-DCOCOAPODS=1' '-DOBJC_OLD_DISPATCH_PROTOTYPES=0' -fasm-blocks -g '-fobjc-abi-version=2' -fobjc-legacy-dispatch -iquote /Users/sparkles/Library/Developer/Xcode/DerivedData/Expensio-futtgngxcysvvhcljmosbeftqmyc/Build/Intermediates.noindex/Pods.build/Debug-iphonesimulator/ExpoLogBox.build/ExpoLogBox-generated-files.hmap -I/Users/sparkles/Library/Developer/Xcode/DerivedData/Expensio-futtgngxcysvvhcljmosbeftqmyc/Build/Intermediates.noindex/Pods.build/Debug-iphonesimulator/ExpoLogBox.build/ExpoLogBox-own-target-headers.hmap -I/Users/sparkles/Library/Developer/Xcode/DerivedData/Expensio-futtgngxcysvvhcljmosbeftqmyc/Build/Intermediates.noindex/Pods.build/Debug-iphonesimulator/ExpoLogBox.build/ExpoLogBox-all-non-framework-target-headers.hmap -ivfsoverlay /Users/sparkles/Library/Developer/Xcode/DerivedData/Expensio-futtgngxcysvvhcljmosbeftqmyc/Build/Intermediates.noindex/Pods.build/Debug-iphonesimulator/Pods-8699adb1dd336b26511df848a716bd42-VFS-iphonesimulator/all-product-headers.yaml -iquote /Users/sparkles/Library/Developer/Xcode/DerivedData/Expensio-futtgngxcysvvhcljmosbeftqmyc/Build/Intermediates.noindex/Pods.build/Debug-iphonesimulator/ExpoLogBox.build/ExpoLogBox-project-headers.hmap -I/Users/sparkles/Library/Developer/Xcode/DerivedData/Expensio-futtgngxcysvvhcljmosbeftqmyc/Build/Products/Debug-iphonesimulator/ExpoLogBox/include -I/Users/sparkles/Documents/CodingFiles/FullStack/expensioApp/frontend/ios/Pods/Headers/Public -I/Users/sparkles/Documents/CodingFiles/FullStack/expensioApp/frontend/ios/Pods/Headers/Public/React-Core -I/Users/sparkles/Documents/CodingFiles/FullStack/expensioApp/frontend/ios/Pods/Headers/Public/React-Core-prebuilt -I/Users/sparkles/Documents/CodingFiles/FullStack/expensioApp/frontend/ios/Pods/Headers/Public/React-callinvoker -I/Users/sparkles/Documents/CodingFiles/FullStack/expensioApp/frontend/ios/Pods/Headers/Public/React-cxxreact -I/Users/sparkles/Documents/CodingFiles/FullStack/expensioApp/frontend/ios/Pods/Headers/Public/React-debug -I/Users/sparkles/Documents/CodingFiles/FullStack/expensioApp/frontend/ios/Pods/Headers/Public/React-featureflags -I/Users/sparkles/Documents/CodingFiles/FullStack/expensioApp/frontend/ios/Pods/Headers/Public/React-hermes -I/Users/sparkles/Documents/CodingFiles/FullStack/expensioApp/frontend/ios/Pods/Headers/Public/React-jserrorhandler -I/Users/sparkles/Documents/CodingFiles/FullStack/expensioApp/frontend/ios/Pods/Headers/Public/React-jsi -I/Users/sparkles/Documents/CodingFiles/FullStack/expensioApp/frontend/ios/Pods/Headers/Public/React-jsiexecutor -I/Users/sparkles/Documents/CodingFiles/FullStack/expensioApp/frontend/ios/Pods/Headers/Public/React-jsinspector -I/Users/sparkles/Documents/CodingFiles/FullStack/expensioApp/frontend/ios/Pods/Headers/Public/React-jsinspectorcdp -I/Users/sparkles/Documents/CodingFiles/FullStack/expensioApp/frontend/ios/Pods/Headers/Public/React-jsinspectornetwork -I/Users/sparkles/Documents/CodingFiles/FullStack/expensioApp/frontend/ios/Pods/Headers/Public/React-jsinspectortracing -I/Users/sparkles/Documents/CodingFiles/FullStack/expensioApp/frontend/ios/Pods/Headers/Public/React-jsitooling -I/Users/sparkles/Documents/CodingFiles/FullStack/expensioApp/frontend/ios/Pods/Headers/Public/React-logger -I/Users/sparkles/Documents/CodingFiles/FullStack/expensioApp/frontend/ios/Pods/Headers/Public/React-oscompat -I/Users/sparkles/Documents/CodingFiles/FullStack/expensioApp/frontend/ios/Pods/Headers/Public/React-perflogger -I/Users/sparkles/Documents/CodingFiles/FullStack/expensioApp/frontend/ios/Pods/Headers/Public/React-performancetimeline -I/Users/sparkles/Documents/CodingFiles/FullStack/expensioApp/frontend/ios/Pods/Headers/Public/React-rendererconsistency -I/Users/sparkles/Documents/CodingFiles/FullStack/expensioApp/frontend/ios/Pods/Headers/Public/React-rendererdebug -I/Users/sparkles/Documents/CodingFiles/FullStack/expensioApp/frontend/ios/Pods/Headers/Public/React-runtimeexecutor -I/Users/sparkles/Documents/CodingFiles/FullStack/expensioApp/frontend/ios/Pods/Headers/Public/React-runtimescheduler -I/Users/sparkles/Documents/CodingFiles/FullStack/expensioApp/frontend/ios/Pods/Headers/Public/React-timing -I/Users/sparkles/Documents/CodingFiles/FullStack/expensioApp/frontend/ios/Pods/Headers/Public/React-utils -I/Users/sparkles/Documents/CodingFiles/FullStack/expensioApp/frontend/ios/Pods/Headers/Public/ReactCommon -I/Users/sparkles/Documents/CodingFiles/FullStack/expensioApp/frontend/ios/Pods/Headers/Public/ReactNativeDependencies -I/Users/sparkles/Documents/CodingFiles/FullStack/expensioApp/frontend/ios/Pods/Headers/Public/Yoga -I/Users/sparkles/Documents/CodingFiles/FullStack/expensioApp/frontend/ios/Pods/Headers/Public/hermes-engine -I/Users/sparkles/Documents/CodingFiles/FullStack/expensioApp/frontend/ios/Pods/ExpoModulesCore/ExpoModulesCore.xcframework/ios-arm64_x86_64-simulator/ExpoModulesCore.framework/Headers -I/Users/sparkles/Documents/CodingFiles/FullStack/expensioApp/frontend/ios/Pods/ExpoModulesCore/ExpoModulesCore.xcframework/ios-arm64/ExpoModulesCore.framework/Headers -I/Users/sparkles/Documents/CodingFiles/FullStack/expensioApp/frontend/ios/Pods/ExpoModulesCore/ExpoModulesCore.xcframework/ios-arm64_x86_64-simulator/ExpoModulesCore.framework/Headers -I/Users/sparkles/Documents/CodingFiles/FullStack/expensioApp/frontend/ios/Pods/ExpoModulesCore/ExpoModulesCore.xcframework/ios-arm64/ExpoModulesCore.framework/Headers -I/Users/sparkles/Library/Developer/Xcode/DerivedData/Expensio-futtgngxcysvvhcljmosbeftqmyc/Build/Intermediates.noindex/Pods.build/Debug-iphonesimulator/ExpoLogBox.build/DerivedSources-normal/x86_64 -I/Users/sparkles/Library/Developer/Xcode/DerivedData/Expensio-futtgngxcysvvhcljmosbeftqmyc/Build/Intermediates.noindex/Pods.build/Debug-iphonesimulator/ExpoLogBox.build/DerivedSources/x86_64 -I/Users/sparkles/Library/Developer/Xcode/DerivedData/Expensio-futtgngxcysvvhcljmosbeftqmyc/Build/Intermediates.noindex/Pods.build/Debug-iphonesimulator/ExpoLogBox.build/DerivedSources -F/Users/sparkles/Library/Developer/Xcode/DerivedData/Expensio-futtgngxcysvvhcljmosbeftqmyc/Build/Products/Debug-iphonesimulator/ExpoLogBox -F/Users/sparkles/Documents/CodingFiles/FullStack/expensioApp/frontend/ios/Pods/React-Core-prebuilt -F/Users/sparkles/Documents/CodingFiles/FullStack/expensioApp/frontend/ios/Pods/ReactNativeDependencies/framework/packages/react-native -F/Users/sparkles/Documents/CodingFiles/FullStack/expensioApp/frontend/ios/Pods/hermes-engine/destroot/Library/Frameworks/universal -F/Users/sparkles/Library/Developer/Xcode/DerivedData/Expensio-futtgngxcysvvhcljmosbeftqmyc/Build/Products/Debug-iphonesimulator/XCFrameworkIntermediates/React-Core-prebuilt -F/Users/sparkles/Library/Developer/Xcode/DerivedData/Expensio-futtgngxcysvvhcljmosbeftqmyc/Build/Products/Debug-iphonesimulator/XCFrameworkIntermediates/ReactNativeDependencies -F/Users/sparkles/Library/Developer/Xcode/DerivedData/Expensio-futtgngxcysvvhcljmosbeftqmyc/Build/Products/Debug-iphonesimulator/XCFrameworkIntermediates/hermes-engine/Pre-built '-DRCT_REMOVE_LEGACY_ARCH=1' -ivfsoverlay /Users/sparkles/Documents/CodingFiles/FullStack/expensioApp/frontend/ios/Pods/React-Core-prebuilt/React-VFS.yaml

WriteAuxiliaryFile /Users/sparkles/Library/Developer/Xcode/DerivedData/Expensio-futtgngxcysvvhcljmosbeftqmyc/Build/Intermediates.noindex/Pods.build/Debug-iphonesimulator/ExpoLogBox.build/Objects-normal/x86_64/af3fcb34312c57c0f52879cdce924b91-common-args.resp (in target 'ExpoLogBox' from project 'Pods')
    cd /Users/sparkles/Documents/CodingFiles/FullStack/expensioApp/frontend/ios/Pods
    write-file /Users/sparkles/Library/Developer/Xcode/DerivedData/Expensio-futtgngxcysvvhcljmosbeftqmyc/Build/Intermediates.noindex/Pods.build/Debug-iphonesimulator/ExpoLogBox.build/Objects-normal/x86_64/af3fcb34312c57c0f52879cdce924b91-common-args.resp
'-std=c++20' '-stdlib=libc++' -fobjc-arc -fmodules -fno-cxx-modules '-fmodules-cache-path=/Users/sparkles/Library/Developer/Xcode/DerivedData/ModuleCache.noindex' '-D_LIBCPP_HARDENING_MODE=_LIBCPP_HARDENING_MODE_DEBUG' -fpascal-strings -O0 -fno-common '-DPOD_CONFIGURATION_DEBUG=1' '-DDEBUG=1' '-DCOCOAPODS=1' '-DOBJC_OLD_DISPATCH_PROTOTYPES=0' -fasm-blocks -g '-fobjc-abi-version=2' -fobjc-legacy-dispatch -iquote /Users/sparkles/Library/Developer/Xcode/DerivedData/Expensio-futtgngxcysvvhcljmosbeftqmyc/Build/Intermediates.noindex/Pods.build/Debug-iphonesimulator/ExpoLogBox.build/ExpoLogBox-generated-files.hmap -I/Users/sparkles/Library/Developer/Xcode/DerivedData/Expensio-futtgngxcysvvhcljmosbeftqmyc/Build/Intermediates.noindex/Pods.build/Debug-iphonesimulator/ExpoLogBox.build/ExpoLogBox-own-target-headers.hmap -I/Users/sparkles/Library/Developer/Xcode/DerivedData/Expensio-futtgngxcysvvhcljmosbeftqmyc/Build/Intermediates.noindex/Pods.build/Debug-iphonesimulator/ExpoLogBox.build/ExpoLogBox-all-non-framework-target-headers.hmap -ivfsoverlay /Users/sparkles/Library/Developer/Xcode/DerivedData/Expensio-futtgngxcysvvhcljmosbeftqmyc/Build/Intermediates.noindex/Pods.build/Debug-iphonesimulator/Pods-8699adb1dd336b26511df848a716bd42-VFS-iphonesimulator/all-product-headers.yaml -iquote /Users/sparkles/Library/Developer/Xcode/DerivedData/Expensio-futtgngxcysvvhcljmosbeftqmyc/Build/Intermediates.noindex/Pods.build/Debug-iphonesimulator/ExpoLogBox.build/ExpoLogBox-project-headers.hmap -I/Users/sparkles/Library/Developer/Xcode/DerivedData/Expensio-futtgngxcysvvhcljmosbeftqmyc/Build/Products/Debug-iphonesimulator/ExpoLogBox/include -I/Users/sparkles/Documents/CodingFiles/FullStack/expensioApp/frontend/ios/Pods/Headers/Public -I/Users/sparkles/Documents/CodingFiles/FullStack/expensioApp/frontend/ios/Pods/Headers/Public/React-Core -I/Users/sparkles/Documents/CodingFiles/FullStack/expensioApp/frontend/ios/Pods/Headers/Public/React-Core-prebuilt -I/Users/sparkles/Documents/CodingFiles/FullStack/expensioApp/frontend/ios/Pods/Headers/Public/React-callinvoker -I/Users/sparkles/Documents/CodingFiles/FullStack/expensioApp/frontend/ios/Pods/Headers/Public/React-cxxreact -I/Users/sparkles/Documents/CodingFiles/FullStack/expensioApp/frontend/ios/Pods/Headers/Public/React-debug -I/Users/sparkles/Documents/CodingFiles/FullStack/expensioApp/frontend/ios/Pods/Headers/Public/React-featureflags -I/Users/sparkles/Documents/CodingFiles/FullStack/expensioApp/frontend/ios/Pods/Headers/Public/React-hermes -I/Users/sparkles/Documents/CodingFiles/FullStack/expensioApp/frontend/ios/Pods/Headers/Public/React-jserrorhandler -I/Users/sparkles/Documents/CodingFiles/FullStack/expensioApp/frontend/ios/Pods/Headers/Public/React-jsi -I/Users/sparkles/Documents/CodingFiles/FullStack/expensioApp/frontend/ios/Pods/Headers/Public/React-jsiexecutor -I/Users/sparkles/Documents/CodingFiles/FullStack/expensioApp/frontend/ios/Pods/Headers/Public/React-jsinspector -I/Users/sparkles/Documents/CodingFiles/FullStack/expensioApp/frontend/ios/Pods/Headers/Public/React-jsinspectorcdp -I/Users/sparkles/Documents/CodingFiles/FullStack/expensioApp/frontend/ios/Pods/Headers/Public/React-jsinspectornetwork -I/Users/sparkles/Documents/CodingFiles/FullStack/expensioApp/frontend/ios/Pods/Headers/Public/React-jsinspectortracing -I/Users/sparkles/Documents/CodingFiles/FullStack/expensioApp/frontend/ios/Pods/Headers/Public/React-jsitooling -I/Users/sparkles/Documents/CodingFiles/FullStack/expensioApp/frontend/ios/Pods/Headers/Public/React-logger -I/Users/sparkles/Documents/CodingFiles/FullStack/expensioApp/frontend/ios/Pods/Headers/Public/React-oscompat -I/Users/sparkles/Documents/CodingFiles/FullStack/expensioApp/frontend/ios/Pods/Headers/Public/React-perflogger -I/Users/sparkles/Documents/CodingFiles/FullStack/expensioApp/frontend/ios/Pods/Headers/Public/React-performancetimeline -I/Users/sparkles/Documents/CodingFiles/FullStack/expensioApp/frontend/ios/Pods/Headers/Public/React-rendererconsistency -I/Users/sparkles/Documents/CodingFiles/FullStack/expensioApp/frontend/ios/Pods/Headers/Public/React-rendererdebug -I/Users/sparkles/Documents/CodingFiles/FullStack/expensioApp/frontend/ios/Pods/Headers/Public/React-runtimeexecutor -I/Users/sparkles/Documents/CodingFiles/FullStack/expensioApp/frontend/ios/Pods/Headers/Public/React-runtimescheduler -I/Users/sparkles/Documents/CodingFiles/FullStack/expensioApp/frontend/ios/Pods/Headers/Public/React-timing -I/Users/sparkles/Documents/CodingFiles/FullStack/expensioApp/frontend/ios/Pods/Headers/Public/React-utils -I/Users/sparkles/Documents/CodingFiles/FullStack/expensioApp/frontend/ios/Pods/Headers/Public/ReactCommon -I/Users/sparkles/Documents/CodingFiles/FullStack/expensioApp/frontend/ios/Pods/Headers/Public/ReactNativeDependencies -I/Users/sparkles/Documents/CodingFiles/FullStack/expensioApp/frontend/ios/Pods/Headers/Public/Yoga -I/Users/sparkles/Documents/CodingFiles/FullStack/expensioApp/frontend/ios/Pods/Headers/Public/hermes-engine -I/Users/sparkles/Documents/CodingFiles/FullStack/expensioApp/frontend/ios/Pods/ExpoModulesCore/ExpoModulesCore.xcframework/ios-arm64_x86_64-simulator/ExpoModulesCore.framework/Headers -I/Users/sparkles/Documents/CodingFiles/FullStack/expensioApp/frontend/ios/Pods/ExpoModulesCore/ExpoModulesCore.xcframework/ios-arm64/ExpoModulesCore.framework/Headers -I/Users/sparkles/Documents/CodingFiles/FullStack/expensioApp/frontend/ios/Pods/ExpoModulesCore/ExpoModulesCore.xcframework/ios-arm64_x86_64-simulator/ExpoModulesCore.framework/Headers -I/Users/sparkles/Documents/CodingFiles/FullStack/expensioApp/frontend/ios/Pods/ExpoModulesCore/ExpoModulesCore.xcframework/ios-arm64/ExpoModulesCore.framework/Headers -I/Users/sparkles/Library/Developer/Xcode/DerivedData/Expensio-futtgngxcysvvhcljmosbeftqmyc/Build/Intermediates.noindex/Pods.build/Debug-iphonesimulator/ExpoLogBox.build/DerivedSources-normal/x86_64 -I/Users/sparkles/Library/Developer/Xcode/DerivedData/Expensio-futtgngxcysvvhcljmosbeftqmyc/Build/Intermediates.noindex/Pods.build/Debug-iphonesimulator/ExpoLogBox.build/DerivedSources/x86_64 -I/Users/sparkles/Library/Developer/Xcode/DerivedData/Expensio-futtgngxcysvvhcljmosbeftqmyc/Build/Intermediates.noindex/Pods.build/Debug-iphonesimulator/ExpoLogBox.build/DerivedSources -F/Users/sparkles/Library/Developer/Xcode/DerivedData/Expensio-futtgngxcysvvhcljmosbeftqmyc/Build/Products/Debug-iphonesimulator/ExpoLogBox -F/Users/sparkles/Documents/CodingFiles/FullStack/expensioApp/frontend/ios/Pods/React-Core-prebuilt -F/Users/sparkles/Documents/CodingFiles/FullStack/expensioApp/frontend/ios/Pods/ReactNativeDependencies/framework/packages/react-native -F/Users/sparkles/Documents/CodingFiles/FullStack/expensioApp/frontend/ios/Pods/hermes-engine/destroot/Library/Frameworks/universal -F/Users/sparkles/Library/Developer/Xcode/DerivedData/Expensio-futtgngxcysvvhcljmosbeftqmyc/Build/Products/Debug-iphonesimulator/XCFrameworkIntermediates/React-Core-prebuilt -F/Users/sparkles/Library/Developer/Xcode/DerivedData/Expensio-futtgngxcysvvhcljmosbeftqmyc/Build/Products/Debug-iphonesimulator/XCFrameworkIntermediates/ReactNativeDependencies -F/Users/sparkles/Library/Developer/Xcode/DerivedData/Expensio-futtgngxcysvvhcljmosbeftqmyc/Build/Products/Debug-iphonesimulator/XCFrameworkIntermediates/hermes-engine/Pre-built '-DRCT_REMOVE_LEGACY_ARCH=1' -ivfsoverlay /Users/sparkles/Documents/CodingFiles/FullStack/expensioApp/frontend/ios/Pods/React-Core-prebuilt/React-VFS.yaml '-DRCT_REMOVE_LEGACY_ARCH=1' -ivfsoverlay /Users/sparkles/Documents/CodingFiles/FullStack/expensioApp/frontend/ios/Pods/React-Core-prebuilt/React-VFS.yaml

WriteAuxiliaryFile /Users/sparkles/Library/Developer/Xcode/DerivedData/Expensio-futtgngxcysvvhcljmosbeftqmyc/Build/Intermediates.noindex/Pods.build/Debug-iphonesimulator/ExpoLogBox.build/Objects-normal/x86_64/ExpoLogBox_const_extract_protocols.json (in target 'ExpoLogBox' from project 'Pods')
    cd /Users/sparkles/Documents/CodingFiles/FullStack/expensioApp/frontend/ios/Pods
    write-file /Users/sparkles/Library/Developer/Xcode/DerivedData/Expensio-futtgngxcysvvhcljmosbeftqmyc/Build/Intermediates.noindex/Pods.build/Debug-iphonesimulator/ExpoLogBox.build/Objects-normal/x86_64/ExpoLogBox_const_extract_protocols.json

WriteAuxiliaryFile /Users/sparkles/Library/Developer/Xcode/DerivedData/Expensio-futtgngxcysvvhcljmosbeftqmyc/Build/Intermediates.noindex/Pods.build/Debug-iphonesimulator/ExpoLogBox.build/Objects-normal/x86_64/ExpoLogBox.SwiftFileList (in target 'ExpoLogBox' from project 'Pods')
    cd /Users/sparkles/Documents/CodingFiles/FullStack/expensioApp/frontend/ios/Pods
    write-file /Users/sparkles/Library/Developer/Xcode/DerivedData/Expensio-futtgngxcysvvhcljmosbeftqmyc/Build/Intermediates.noindex/Pods.build/Debug-iphonesimulator/ExpoLogBox.build/Objects-normal/x86_64/ExpoLogBox.SwiftFileList

WriteAuxiliaryFile /Users/sparkles/Library/Developer/Xcode/DerivedData/Expensio-futtgngxcysvvhcljmosbeftqmyc/Build/Intermediates.noindex/Pods.build/Debug-iphonesimulator/ExpoLogBox.build/Objects-normal/x86_64/ExpoLogBox.SwiftConstValuesFileList (in target 'ExpoLogBox' from project 'Pods')
    cd /Users/sparkles/Documents/CodingFiles/FullStack/expensioApp/frontend/ios/Pods
    write-file /Users/sparkles/Library/Developer/Xcode/DerivedData/Expensio-futtgngxcysvvhcljmosbeftqmyc/Build/Intermediates.noindex/Pods.build/Debug-iphonesimulator/ExpoLogBox.build/Objects-normal/x86_64/ExpoLogBox.SwiftConstValuesFileList

WriteAuxiliaryFile /Users/sparkles/Library/Developer/Xcode/DerivedData/Expensio-futtgngxcysvvhcljmosbeftqmyc/Build/Intermediates.noindex/Pods.build/Debug-iphonesimulator/ExpoLogBox.build/Objects-normal/x86_64/ExpoLogBox.LinkFileList (in target 'ExpoLogBox' from project 'Pods')
    cd /Users/sparkles/Documents/CodingFiles/FullStack/expensioApp/frontend/ios/Pods
    write-file /Users/sparkles/Library/Developer/Xcode/DerivedData/Expensio-futtgngxcysvvhcljmosbeftqmyc/Build/Intermediates.noindex/Pods.build/Debug-iphonesimulator/ExpoLogBox.build/Objects-normal/x86_64/ExpoLogBox.LinkFileList

WriteAuxiliaryFile /Users/sparkles/Library/Developer/Xcode/DerivedData/Expensio-futtgngxcysvvhcljmosbeftqmyc/Build/Intermediates.noindex/Pods.build/Debug-iphonesimulator/ExpoLogBox.build/Objects-normal/x86_64/ExpoLogBox-OutputFileMap.json (in target 'ExpoLogBox' from project 'Pods')
    cd /Users/sparkles/Documents/CodingFiles/FullStack/expensioApp/frontend/ios/Pods
    write-file /Users/sparkles/Library/Developer/Xcode/DerivedData/Expensio-futtgngxcysvvhcljmosbeftqmyc/Build/Intermediates.noindex/Pods.build/Debug-iphonesimulator/ExpoLogBox.build/Objects-normal/x86_64/ExpoLogBox-OutputFileMap.json

WriteAuxiliaryFile /Users/sparkles/Library/Developer/Xcode/DerivedData/Expensio-futtgngxcysvvhcljmosbeftqmyc/Build/Intermediates.noindex/Pods.build/Debug-iphonesimulator/ExpoLogBox.build/Objects-normal/arm64/e6072d4f65d7061329687fe24e3d63a7-common-args.resp (in target 'ExpoLogBox' from project 'Pods')
    cd /Users/sparkles/Documents/CodingFiles/FullStack/expensioApp/frontend/ios/Pods
    write-file /Users/sparkles/Library/Developer/Xcode/DerivedData/Expensio-futtgngxcysvvhcljmosbeftqmyc/Build/Intermediates.noindex/Pods.build/Debug-iphonesimulator/ExpoLogBox.build/Objects-normal/arm64/e6072d4f65d7061329687fe24e3d63a7-common-args.resp
'-std=gnu11' -fobjc-arc -fmodules '-fmodules-cache-path=/Users/sparkles/Library/Developer/Xcode/DerivedData/ModuleCache.noindex' -fpascal-strings -O0 -fno-common '-DPOD_CONFIGURATION_DEBUG=1' '-DDEBUG=1' '-DCOCOAPODS=1' '-DOBJC_OLD_DISPATCH_PROTOTYPES=0' -g '-fobjc-abi-version=2' -fobjc-legacy-dispatch -iquote /Users/sparkles/Library/Developer/Xcode/DerivedData/Expensio-futtgngxcysvvhcljmosbeftqmyc/Build/Intermediates.noindex/Pods.build/Debug-iphonesimulator/ExpoLogBox.build/ExpoLogBox-generated-files.hmap -I/Users/sparkles/Library/Developer/Xcode/DerivedData/Expensio-futtgngxcysvvhcljmosbeftqmyc/Build/Intermediates.noindex/Pods.build/Debug-iphonesimulator/ExpoLogBox.build/ExpoLogBox-own-target-headers.hmap -I/Users/sparkles/Library/Developer/Xcode/DerivedData/Expensio-futtgngxcysvvhcljmosbeftqmyc/Build/Intermediates.noindex/Pods.build/Debug-iphonesimulator/ExpoLogBox.build/ExpoLogBox-all-non-framework-target-headers.hmap -ivfsoverlay /Users/sparkles/Library/Developer/Xcode/DerivedData/Expensio-futtgngxcysvvhcljmosbeftqmyc/Build/Intermediates.noindex/Pods.build/Debug-iphonesimulator/Pods-8699adb1dd336b26511df848a716bd42-VFS-iphonesimulator/all-product-headers.yaml -iquote /Users/sparkles/Library/Developer/Xcode/DerivedData/Expensio-futtgngxcysvvhcljmosbeftqmyc/Build/Intermediates.noindex/Pods.build/Debug-iphonesimulator/ExpoLogBox.build/ExpoLogBox-project-headers.hmap -I/Users/sparkles/Library/Developer/Xcode/DerivedData/Expensio-futtgngxcysvvhcljmosbeftqmyc/Build/Products/Debug-iphonesimulator/ExpoLogBox/include -I/Users/sparkles/Documents/CodingFiles/FullStack/expensioApp/frontend/ios/Pods/Headers/Public -I/Users/sparkles/Documents/CodingFiles/FullStack/expensioApp/frontend/ios/Pods/Headers/Public/React-Core -I/Users/sparkles/Documents/CodingFiles/FullStack/expensioApp/frontend/ios/Pods/Headers/Public/React-Core-prebuilt -I/Users/sparkles/Documents/CodingFiles/FullStack/expensioApp/frontend/ios/Pods/Headers/Public/React-callinvoker -I/Users/sparkles/Documents/CodingFiles/FullStack/expensioApp/frontend/ios/Pods/Headers/Public/React-cxxreact -I/Users/sparkles/Documents/CodingFiles/FullStack/expensioApp/frontend/ios/Pods/Headers/Public/React-debug -I/Users/sparkles/Documents/CodingFiles/FullStack/expensioApp/frontend/ios/Pods/Headers/Public/React-featureflags -I/Users/sparkles/Documents/CodingFiles/FullStack/expensioApp/frontend/ios/Pods/Headers/Public/React-hermes -I/Users/sparkles/Documents/CodingFiles/FullStack/expensioApp/frontend/ios/Pods/Headers/Public/React-jserrorhandler -I/Users/sparkles/Documents/CodingFiles/FullStack/expensioApp/frontend/ios/Pods/Headers/Public/React-jsi -I/Users/sparkles/Documents/CodingFiles/FullStack/expensioApp/frontend/ios/Pods/Headers/Public/React-jsiexecutor -I/Users/sparkles/Documents/CodingFiles/FullStack/expensioApp/frontend/ios/Pods/Headers/Public/React-jsinspector -I/Users/sparkles/Documents/CodingFiles/FullStack/expensioApp/frontend/ios/Pods/Headers/Public/React-jsinspectorcdp -I/Users/sparkles/Documents/CodingFiles/FullStack/expensioApp/frontend/ios/Pods/Headers/Public/React-jsinspectornetwork -I/Users/sparkles/Documents/CodingFiles/FullStack/expensioApp/frontend/ios/Pods/Headers/Public/React-jsinspectortracing -I/Users/sparkles/Documents/CodingFiles/FullStack/expensioApp/frontend/ios/Pods/Headers/Public/React-jsitooling -I/Users/sparkles/Documents/CodingFiles/FullStack/expensioApp/frontend/ios/Pods/Headers/Public/React-logger -I/Users/sparkles/Documents/CodingFiles/FullStack/expensioApp/frontend/ios/Pods/Headers/Public/React-oscompat -I/Users/sparkles/Documents/CodingFiles/FullStack/expensioApp/frontend/ios/Pods/Headers/Public/React-perflogger -I/Users/sparkles/Documents/CodingFiles/FullStack/expensioApp/frontend/ios/Pods/Headers/Public/React-performancetimeline -I/Users/sparkles/Documents/CodingFiles/FullStack/expensioApp/frontend/ios/Pods/Headers/Public/React-rendererconsistency -I/Users/sparkles/Documents/CodingFiles/FullStack/expensioApp/frontend/ios/Pods/Headers/Public/React-rendererdebug -I/Users/sparkles/Documents/CodingFiles/FullStack/expensioApp/frontend/ios/Pods/Headers/Public/React-runtimeexecutor -I/Users/sparkles/Documents/CodingFiles/FullStack/expensioApp/frontend/ios/Pods/Headers/Public/React-runtimescheduler -I/Users/sparkles/Documents/CodingFiles/FullStack/expensioApp/frontend/ios/Pods/Headers/Public/React-timing -I/Users/sparkles/Documents/CodingFiles/FullStack/expensioApp/frontend/ios/Pods/Headers/Public/React-utils -I/Users/sparkles/Documents/CodingFiles/FullStack/expensioApp/frontend/ios/Pods/Headers/Public/ReactCommon -I/Users/sparkles/Documents/CodingFiles/FullStack/expensioApp/frontend/ios/Pods/Headers/Public/ReactNativeDependencies -I/Users/sparkles/Documents/CodingFiles/FullStack/expensioApp/frontend/ios/Pods/Headers/Public/Yoga -I/Users/sparkles/Documents/CodingFiles/FullStack/expensioApp/frontend/ios/Pods/Headers/Public/hermes-engine -I/Users/sparkles/Documents/CodingFiles/FullStack/expensioApp/frontend/ios/Pods/ExpoModulesCore/ExpoModulesCore.xcframework/ios-arm64_x86_64-simulator/ExpoModulesCore.framework/Headers -I/Users/sparkles/Documents/CodingFiles/FullStack/expensioApp/frontend/ios/Pods/ExpoModulesCore/ExpoModulesCore.xcframework/ios-arm64/ExpoModulesCore.framework/Headers -I/Users/sparkles/Documents/CodingFiles/FullStack/expensioApp/frontend/ios/Pods/ExpoModulesCore/ExpoModulesCore.xcframework/ios-arm64_x86_64-simulator/ExpoModulesCore.framework/Headers -I/Users/sparkles/Documents/CodingFiles/FullStack/expensioApp/frontend/ios/Pods/ExpoModulesCore/ExpoModulesCore.xcframework/ios-arm64/ExpoModulesCore.framework/Headers -I/Users/sparkles/Library/Developer/Xcode/DerivedData/Expensio-futtgngxcysvvhcljmosbeftqmyc/Build/Intermediates.noindex/Pods.build/Debug-iphonesimulator/ExpoLogBox.build/DerivedSources-normal/arm64 -I/Users/sparkles/Library/Developer/Xcode/DerivedData/Expensio-futtgngxcysvvhcljmosbeftqmyc/Build/Intermediates.noindex/Pods.build/Debug-iphonesimulator/ExpoLogBox.build/DerivedSources/arm64 -I/Users/sparkles/Library/Developer/Xcode/DerivedData/Expensio-futtgngxcysvvhcljmosbeftqmyc/Build/Intermediates.noindex/Pods.build/Debug-iphonesimulator/ExpoLogBox.build/DerivedSources -F/Users/sparkles/Library/Developer/Xcode/DerivedData/Expensio-futtgngxcysvvhcljmosbeftqmyc/Build/Products/Debug-iphonesimulator/ExpoLogBox -F/Users/sparkles/Documents/CodingFiles/FullStack/expensioApp/frontend/ios/Pods/React-Core-prebuilt -F/Users/sparkles/Documents/CodingFiles/FullStack/expensioApp/frontend/ios/Pods/ReactNativeDependencies/framework/packages/react-native -F/Users/sparkles/Documents/CodingFiles/FullStack/expensioApp/frontend/ios/Pods/hermes-engine/destroot/Library/Frameworks/universal -F/Users/sparkles/Library/Developer/Xcode/DerivedData/Expensio-futtgngxcysvvhcljmosbeftqmyc/Build/Products/Debug-iphonesimulator/XCFrameworkIntermediates/React-Core-prebuilt -F/Users/sparkles/Library/Developer/Xcode/DerivedData/Expensio-futtgngxcysvvhcljmosbeftqmyc/Build/Products/Debug-iphonesimulator/XCFrameworkIntermediates/ReactNativeDependencies -F/Users/sparkles/Library/Developer/Xcode/DerivedData/Expensio-futtgngxcysvvhcljmosbeftqmyc/Build/Products/Debug-iphonesimulator/XCFrameworkIntermediates/hermes-engine/Pre-built '-DRCT_REMOVE_LEGACY_ARCH=1' -ivfsoverlay /Users/sparkles/Documents/CodingFiles/FullStack/expensioApp/frontend/ios/Pods/React-Core-prebuilt/React-VFS.yaml

WriteAuxiliaryFile /Users/sparkles/Library/Developer/Xcode/DerivedData/Expensio-futtgngxcysvvhcljmosbeftqmyc/Build/Intermediates.noindex/Pods.build/Debug-iphonesimulator/ExpoLogBox.build/Objects-normal/arm64/af3fcb34312c57c0f52879cdce924b91-common-args.resp (in target 'ExpoLogBox' from project 'Pods')
    cd /Users/sparkles/Documents/CodingFiles/FullStack/expensioApp/frontend/ios/Pods
    write-file /Users/sparkles/Library/Developer/Xcode/DerivedData/Expensio-futtgngxcysvvhcljmosbeftqmyc/Build/Intermediates.noindex/Pods.build/Debug-iphonesimulator/ExpoLogBox.build/Objects-normal/arm64/af3fcb34312c57c0f52879cdce924b91-common-args.resp
'-std=c++20' '-stdlib=libc++' -fobjc-arc -fmodules -fno-cxx-modules '-fmodules-cache-path=/Users/sparkles/Library/Developer/Xcode/DerivedData/ModuleCache.noindex' '-D_LIBCPP_HARDENING_MODE=_LIBCPP_HARDENING_MODE_DEBUG' -fpascal-strings -O0 -fno-common '-DPOD_CONFIGURATION_DEBUG=1' '-DDEBUG=1' '-DCOCOAPODS=1' '-DOBJC_OLD_DISPATCH_PROTOTYPES=0' -g '-fobjc-abi-version=2' -fobjc-legacy-dispatch -iquote /Users/sparkles/Library/Developer/Xcode/DerivedData/Expensio-futtgngxcysvvhcljmosbeftqmyc/Build/Intermediates.noindex/Pods.build/Debug-iphonesimulator/ExpoLogBox.build/ExpoLogBox-generated-files.hmap -I/Users/sparkles/Library/Developer/Xcode/DerivedData/Expensio-futtgngxcysvvhcljmosbeftqmyc/Build/Intermediates.noindex/Pods.build/Debug-iphonesimulator/ExpoLogBox.build/ExpoLogBox-own-target-headers.hmap -I/Users/sparkles/Library/Developer/Xcode/DerivedData/Expensio-futtgngxcysvvhcljmosbeftqmyc/Build/Intermediates.noindex/Pods.build/Debug-iphonesimulator/ExpoLogBox.build/ExpoLogBox-all-non-framework-target-headers.hmap -ivfsoverlay /Users/sparkles/Library/Developer/Xcode/DerivedData/Expensio-futtgngxcysvvhcljmosbeftqmyc/Build/Intermediates.noindex/Pods.build/Debug-iphonesimulator/Pods-8699adb1dd336b26511df848a716bd42-VFS-iphonesimulator/all-product-headers.yaml -iquote /Users/sparkles/Library/Developer/Xcode/DerivedData/Expensio-futtgngxcysvvhcljmosbeftqmyc/Build/Intermediates.noindex/Pods.build/Debug-iphonesimulator/ExpoLogBox.build/ExpoLogBox-project-headers.hmap -I/Users/sparkles/Library/Developer/Xcode/DerivedData/Expensio-futtgngxcysvvhcljmosbeftqmyc/Build/Products/Debug-iphonesimulator/ExpoLogBox/include -I/Users/sparkles/Documents/CodingFiles/FullStack/expensioApp/frontend/ios/Pods/Headers/Public -I/Users/sparkles/Documents/CodingFiles/FullStack/expensioApp/frontend/ios/Pods/Headers/Public/React-Core -I/Users/sparkles/Documents/CodingFiles/FullStack/expensioApp/frontend/ios/Pods/Headers/Public/React-Core-prebuilt -I/Users/sparkles/Documents/CodingFiles/FullStack/expensioApp/frontend/ios/Pods/Headers/Public/React-callinvoker -I/Users/sparkles/Documents/CodingFiles/FullStack/expensioApp/frontend/ios/Pods/Headers/Public/React-cxxreact -I/Users/sparkles/Documents/CodingFiles/FullStack/expensioApp/frontend/ios/Pods/Headers/Public/React-debug -I/Users/sparkles/Documents/CodingFiles/FullStack/expensioApp/frontend/ios/Pods/Headers/Public/React-featureflags -I/Users/sparkles/Documents/CodingFiles/FullStack/expensioApp/frontend/ios/Pods/Headers/Public/React-hermes -I/Users/sparkles/Documents/CodingFiles/FullStack/expensioApp/frontend/ios/Pods/Headers/Public/React-jserrorhandler -I/Users/sparkles/Documents/CodingFiles/FullStack/expensioApp/frontend/ios/Pods/Headers/Public/React-jsi -I/Users/sparkles/Documents/CodingFiles/FullStack/expensioApp/frontend/ios/Pods/Headers/Public/React-jsiexecutor -I/Users/sparkles/Documents/CodingFiles/FullStack/expensioApp/frontend/ios/Pods/Headers/Public/React-jsinspector -I/Users/sparkles/Documents/CodingFiles/FullStack/expensioApp/frontend/ios/Pods/Headers/Public/React-jsinspectorcdp -I/Users/sparkles/Documents/CodingFiles/FullStack/expensioApp/frontend/ios/Pods/Headers/Public/React-jsinspectornetwork -I/Users/sparkles/Documents/CodingFiles/FullStack/expensioApp/frontend/ios/Pods/Headers/Public/React-jsinspectortracing -I/Users/sparkles/Documents/CodingFiles/FullStack/expensioApp/frontend/ios/Pods/Headers/Public/React-jsitooling -I/Users/sparkles/Documents/CodingFiles/FullStack/expensioApp/frontend/ios/Pods/Headers/Public/React-logger -I/Users/sparkles/Documents/CodingFiles/FullStack/expensioApp/frontend/ios/Pods/Headers/Public/React-oscompat -I/Users/sparkles/Documents/CodingFiles/FullStack/expensioApp/frontend/ios/Pods/Headers/Public/React-perflogger -I/Users/sparkles/Documents/CodingFiles/FullStack/expensioApp/frontend/ios/Pods/Headers/Public/React-performancetimeline -I/Users/sparkles/Documents/CodingFiles/FullStack/expensioApp/frontend/ios/Pods/Headers/Public/React-rendererconsistency -I/Users/sparkles/Documents/CodingFiles/FullStack/expensioApp/frontend/ios/Pods/Headers/Public/React-rendererdebug -I/Users/sparkles/Documents/CodingFiles/FullStack/expensioApp/frontend/ios/Pods/Headers/Public/React-runtimeexecutor -I/Users/sparkles/Documents/CodingFiles/FullStack/expensioApp/frontend/ios/Pods/Headers/Public/React-runtimescheduler -I/Users/sparkles/Documents/CodingFiles/FullStack/expensioApp/frontend/ios/Pods/Headers/Public/React-timing -I/Users/sparkles/Documents/CodingFiles/FullStack/expensioApp/frontend/ios/Pods/Headers/Public/React-utils -I/Users/sparkles/Documents/CodingFiles/FullStack/expensioApp/frontend/ios/Pods/Headers/Public/ReactCommon -I/Users/sparkles/Documents/CodingFiles/FullStack/expensioApp/frontend/ios/Pods/Headers/Public/ReactNativeDependencies -I/Users/sparkles/Documents/CodingFiles/FullStack/expensioApp/frontend/ios/Pods/Headers/Public/Yoga -I/Users/sparkles/Documents/CodingFiles/FullStack/expensioApp/frontend/ios/Pods/Headers/Public/hermes-engine -I/Users/sparkles/Documents/CodingFiles/FullStack/expensioApp/frontend/ios/Pods/ExpoModulesCore/ExpoModulesCore.xcframework/ios-arm64_x86_64-simulator/ExpoModulesCore.framework/Headers -I/Users/sparkles/Documents/CodingFiles/FullStack/expensioApp/frontend/ios/Pods/ExpoModulesCore/ExpoModulesCore.xcframework/ios-arm64/ExpoModulesCore.framework/Headers -I/Users/sparkles/Documents/CodingFiles/FullStack/expensioApp/frontend/ios/Pods/ExpoModulesCore/ExpoModulesCore.xcframework/ios-arm64_x86_64-simulator/ExpoModulesCore.framework/Headers -I/Users/sparkles/Documents/CodingFiles/FullStack/expensioApp/frontend/ios/Pods/ExpoModulesCore/ExpoModulesCore.xcframework/ios-arm64/ExpoModulesCore.framework/Headers -I/Users/sparkles/Library/Developer/Xcode/DerivedData/Expensio-futtgngxcysvvhcljmosbeftqmyc/Build/Intermediates.noindex/Pods.build/Debug-iphonesimulator/ExpoLogBox.build/DerivedSources-normal/arm64 -I/Users/sparkles/Library/Developer/Xcode/DerivedData/Expensio-futtgngxcysvvhcljmosbeftqmyc/Build/Intermediates.noindex/Pods.build/Debug-iphonesimulator/ExpoLogBox.build/DerivedSources/arm64 -I/Users/sparkles/Library/Developer/Xcode/DerivedData/Expensio-futtgngxcysvvhcljmosbeftqmyc/Build/Intermediates.noindex/Pods.build/Debug-iphonesimulator/ExpoLogBox.build/DerivedSources -F/Users/sparkles/Library/Developer/Xcode/DerivedData/Expensio-futtgngxcysvvhcljmosbeftqmyc/Build/Products/Debug-iphonesimulator/ExpoLogBox -F/Users/sparkles/Documents/CodingFiles/FullStack/expensioApp/frontend/ios/Pods/React-Core-prebuilt -F/Users/sparkles/Documents/CodingFiles/FullStack/expensioApp/frontend/ios/Pods/ReactNativeDependencies/framework/packages/react-native -F/Users/sparkles/Documents/CodingFiles/FullStack/expensioApp/frontend/ios/Pods/hermes-engine/destroot/Library/Frameworks/universal -F/Users/sparkles/Library/Developer/Xcode/DerivedData/Expensio-futtgngxcysvvhcljmosbeftqmyc/Build/Products/Debug-iphonesimulator/XCFrameworkIntermediates/React-Core-prebuilt -F/Users/sparkles/Library/Developer/Xcode/DerivedData/Expensio-futtgngxcysvvhcljmosbeftqmyc/Build/Products/Debug-iphonesimulator/XCFrameworkIntermediates/ReactNativeDependencies -F/Users/sparkles/Library/Developer/Xcode/DerivedData/Expensio-futtgngxcysvvhcljmosbeftqmyc/Build/Products/Debug-iphonesimulator/XCFrameworkIntermediates/hermes-engine/Pre-built '-DRCT_REMOVE_LEGACY_ARCH=1' -ivfsoverlay /Users/sparkles/Documents/CodingFiles/FullStack/expensioApp/frontend/ios/Pods/React-Core-prebuilt/React-VFS.yaml '-DRCT_REMOVE_LEGACY_ARCH=1' -ivfsoverlay /Users/sparkles/Documents/CodingFiles/FullStack/expensioApp/frontend/ios/Pods/React-Core-prebuilt/React-VFS.yaml

WriteAuxiliaryFile /Users/sparkles/Library/Developer/Xcode/DerivedData/Expensio-futtgngxcysvvhcljmosbeftqmyc/Build/Intermediates.noindex/Pods.build/Debug-iphonesimulator/ExpoLogBox.build/Objects-normal/arm64/ExpoLogBox_const_extract_protocols.json (in target 'ExpoLogBox' from project 'Pods')
    cd /Users/sparkles/Documents/CodingFiles/FullStack/expensioApp/frontend/ios/Pods
    write-file /Users/sparkles/Library/Developer/Xcode/DerivedData/Expensio-futtgngxcysvvhcljmosbeftqmyc/Build/Intermediates.noindex/Pods.build/Debug-iphonesimulator/ExpoLogBox.build/Objects-normal/arm64/ExpoLogBox_const_extract_protocols.json

WriteAuxiliaryFile /Users/sparkles/Library/Developer/Xcode/DerivedData/Expensio-futtgngxcysvvhcljmosbeftqmyc/Build/Intermediates.noindex/Pods.build/Debug-iphonesimulator/ExpoLogBox.build/Objects-normal/arm64/ExpoLogBox.SwiftFileList (in target 'ExpoLogBox' from project 'Pods')
    cd /Users/sparkles/Documents/CodingFiles/FullStack/expensioApp/frontend/ios/Pods
    write-file /Users/sparkles/Library/Developer/Xcode/DerivedData/Expensio-futtgngxcysvvhcljmosbeftqmyc/Build/Intermediates.noindex/Pods.build/Debug-iphonesimulator/ExpoLogBox.build/Objects-normal/arm64/ExpoLogBox.SwiftFileList

WriteAuxiliaryFile /Users/sparkles/Library/Developer/Xcode/DerivedData/Expensio-futtgngxcysvvhcljmosbeftqmyc/Build/Intermediates.noindex/Pods.build/Debug-iphonesimulator/ExpoLogBox.build/Objects-normal/arm64/ExpoLogBox.SwiftConstValuesFileList (in target 'ExpoLogBox' from project 'Pods')
    cd /Users/sparkles/Documents/CodingFiles/FullStack/expensioApp/frontend/ios/Pods
    write-file /Users/sparkles/Library/Developer/Xcode/DerivedData/Expensio-futtgngxcysvvhcljmosbeftqmyc/Build/Intermediates.noindex/Pods.build/Debug-iphonesimulator/ExpoLogBox.build/Objects-normal/arm64/ExpoLogBox.SwiftConstValuesFileList

WriteAuxiliaryFile /Users/sparkles/Library/Developer/Xcode/DerivedData/Expensio-futtgngxcysvvhcljmosbeftqmyc/Build/Intermediates.noindex/Pods.build/Debug-iphonesimulator/ExpoLogBox.build/Objects-normal/arm64/ExpoLogBox.LinkFileList (in target 'ExpoLogBox' from project 'Pods')
    cd /Users/sparkles/Documents/CodingFiles/FullStack/expensioApp/frontend/ios/Pods
    write-file /Users/sparkles/Library/Developer/Xcode/DerivedData/Expensio-futtgngxcysvvhcljmosbeftqmyc/Build/Intermediates.noindex/Pods.build/Debug-iphonesimulator/ExpoLogBox.build/Objects-normal/arm64/ExpoLogBox.LinkFileList

WriteAuxiliaryFile /Users/sparkles/Library/Developer/Xcode/DerivedData/Expensio-futtgngxcysvvhcljmosbeftqmyc/Build/Intermediates.noindex/Pods.build/Debug-iphonesimulator/ExpoLogBox.build/Objects-normal/arm64/ExpoLogBox-OutputFileMap.json (in target 'ExpoLogBox' from project 'Pods')
    cd /Users/sparkles/Documents/CodingFiles/FullStack/expensioApp/frontend/ios/Pods
    write-file /Users/sparkles/Library/Developer/Xcode/DerivedData/Expensio-futtgngxcysvvhcljmosbeftqmyc/Build/Intermediates.noindex/Pods.build/Debug-iphonesimulator/ExpoLogBox.build/Objects-normal/arm64/ExpoLogBox-OutputFileMap.json

WriteAuxiliaryFile /Users/sparkles/Library/Developer/Xcode/DerivedData/Expensio-futtgngxcysvvhcljmosbeftqmyc/Build/Intermediates.noindex/Pods.build/Debug-iphonesimulator/ExpoLogBox.build/ExpoLogBox.hmap (in target 'ExpoLogBox' from project 'Pods')
    cd /Users/sparkles/Documents/CodingFiles/FullStack/expensioApp/frontend/ios/Pods
    write-file /Users/sparkles/Library/Developer/Xcode/DerivedData/Expensio-futtgngxcysvvhcljmosbeftqmyc/Build/Intermediates.noindex/Pods.build/Debug-iphonesimulator/ExpoLogBox.build/ExpoLogBox.hmap

WriteAuxiliaryFile /Users/sparkles/Library/Developer/Xcode/DerivedData/Expensio-futtgngxcysvvhcljmosbeftqmyc/Build/Intermediates.noindex/Pods.build/Debug-iphonesimulator/ExpoLogBox.build/ExpoLogBox.DependencyStaticMetadataFileList (in target 'ExpoLogBox' from project 'Pods')
    cd /Users/sparkles/Documents/CodingFiles/FullStack/expensioApp/frontend/ios/Pods
    write-file /Users/sparkles/Library/Developer/Xcode/DerivedData/Expensio-futtgngxcysvvhcljmosbeftqmyc/Build/Intermediates.noindex/Pods.build/Debug-iphonesimulator/ExpoLogBox.build/ExpoLogBox.DependencyStaticMetadataFileList

WriteAuxiliaryFile /Users/sparkles/Library/Developer/Xcode/DerivedData/Expensio-futtgngxcysvvhcljmosbeftqmyc/Build/Intermediates.noindex/Pods.build/Debug-iphonesimulator/ExpoLogBox.build/ExpoLogBox.DependencyMetadataFileList (in target 'ExpoLogBox' from project 'Pods')
    cd /Users/sparkles/Documents/CodingFiles/FullStack/expensioApp/frontend/ios/Pods
    write-file /Users/sparkles/Library/Developer/Xcode/DerivedData/Expensio-futtgngxcysvvhcljmosbeftqmyc/Build/Intermediates.noindex/Pods.build/Debug-iphonesimulator/ExpoLogBox.build/ExpoLogBox.DependencyMetadataFileList

WriteAuxiliaryFile /Users/sparkles/Library/Developer/Xcode/DerivedData/Expensio-futtgngxcysvvhcljmosbeftqmyc/Build/Intermediates.noindex/Pods.build/Debug-iphonesimulator/ExpoLogBox.build/ExpoLogBox-project-headers.hmap (in target 'ExpoLogBox' from project 'Pods')
    cd /Users/sparkles/Documents/CodingFiles/FullStack/expensioApp/frontend/ios/Pods
    write-file /Users/sparkles/Library/Developer/Xcode/DerivedData/Expensio-futtgngxcysvvhcljmosbeftqmyc/Build/Intermediates.noindex/Pods.build/Debug-iphonesimulator/ExpoLogBox.build/ExpoLogBox-project-headers.hmap

WriteAuxiliaryFile /Users/sparkles/Library/Developer/Xcode/DerivedData/Expensio-futtgngxcysvvhcljmosbeftqmyc/Build/Intermediates.noindex/Pods.build/Debug-iphonesimulator/ExpoLogBox.build/ExpoLogBox-own-target-headers.hmap (in target 'ExpoLogBox' from project 'Pods')
    cd /Users/sparkles/Documents/CodingFiles/FullStack/expensioApp/frontend/ios/Pods
    write-file /Users/sparkles/Library/Developer/Xcode/DerivedData/Expensio-futtgngxcysvvhcljmosbeftqmyc/Build/Intermediates.noindex/Pods.build/Debug-iphonesimulator/ExpoLogBox.build/ExpoLogBox-own-target-headers.hmap

WriteAuxiliaryFile /Users/sparkles/Library/Developer/Xcode/DerivedData/Expensio-futtgngxcysvvhcljmosbeftqmyc/Build/Intermediates.noindex/Pods.build/Debug-iphonesimulator/ExpoLogBox.build/ExpoLogBox-generated-files.hmap (in target 'ExpoLogBox' from project 'Pods')
    cd /Users/sparkles/Documents/CodingFiles/FullStack/expensioApp/frontend/ios/Pods
    write-file /Users/sparkles/Library/Developer/Xcode/DerivedData/Expensio-futtgngxcysvvhcljmosbeftqmyc/Build/Intermediates.noindex/Pods.build/Debug-iphonesimulator/ExpoLogBox.build/ExpoLogBox-generated-files.hmap

WriteAuxiliaryFile /Users/sparkles/Library/Developer/Xcode/DerivedData/Expensio-futtgngxcysvvhcljmosbeftqmyc/Build/Intermediates.noindex/Pods.build/Debug-iphonesimulator/ExpoLogBox.build/ExpoLogBox-all-target-headers.hmap (in target 'ExpoLogBox' from project 'Pods')
    cd /Users/sparkles/Documents/CodingFiles/FullStack/expensioApp/frontend/ios/Pods
    write-file /Users/sparkles/Library/Developer/Xcode/DerivedData/Expensio-futtgngxcysvvhcljmosbeftqmyc/Build/Intermediates.noindex/Pods.build/Debug-iphonesimulator/ExpoLogBox.build/ExpoLogBox-all-target-headers.hmap

WriteAuxiliaryFile /Users/sparkles/Library/Developer/Xcode/DerivedData/Expensio-futtgngxcysvvhcljmosbeftqmyc/Build/Intermediates.noindex/Pods.build/Debug-iphonesimulator/ExpoLogBox.build/ExpoLogBox-all-non-framework-target-headers.hmap (in target 'ExpoLogBox' from project 'Pods')
    cd /Users/sparkles/Documents/CodingFiles/FullStack/expensioApp/frontend/ios/Pods
    write-file /Users/sparkles/Library/Developer/Xcode/DerivedData/Expensio-futtgngxcysvvhcljmosbeftqmyc/Build/Intermediates.noindex/Pods.build/Debug-iphonesimulator/ExpoLogBox.build/ExpoLogBox-all-non-framework-target-headers.hmap

WriteAuxiliaryFile /Users/sparkles/Library/Developer/Xcode/DerivedData/Expensio-futtgngxcysvvhcljmosbeftqmyc/Build/Intermediates.noindex/Pods.build/Debug-iphonesimulator/ExpoLocalAuthentication.build/Script-46EB2E00015690.sh (in target 'ExpoLocalAuthentication' from project 'Pods')
    cd /Users/sparkles/Documents/CodingFiles/FullStack/expensioApp/frontend/ios/Pods
    write-file /Users/sparkles/Library/Developer/Xcode/DerivedData/Expensio-futtgngxcysvvhcljmosbeftqmyc/Build/Intermediates.noindex/Pods.build/Debug-iphonesimulator/ExpoLocalAuthentication.build/Script-46EB2E00015690.sh

WriteAuxiliaryFile /Users/sparkles/Library/Developer/Xcode/DerivedData/Expensio-futtgngxcysvvhcljmosbeftqmyc/Build/Intermediates.noindex/Pods.build/Debug-iphonesimulator/ExpoLocalAuthentication.build/Objects-normal/x86_64/e6072d4f65d7061329687fe24e3d63a7-common-args.resp (in target 'ExpoLocalAuthentication' from project 'Pods')
    cd /Users/sparkles/Documents/CodingFiles/FullStack/expensioApp/frontend/ios/Pods
    write-file /Users/sparkles/Library/Developer/Xcode/DerivedData/Expensio-futtgngxcysvvhcljmosbeftqmyc/Build/Intermediates.noindex/Pods.build/Debug-iphonesimulator/ExpoLocalAuthentication.build/Objects-normal/x86_64/e6072d4f65d7061329687fe24e3d63a7-common-args.resp
'-std=gnu11' -fobjc-arc -fmodules '-fmodules-cache-path=/Users/sparkles/Library/Developer/Xcode/DerivedData/ModuleCache.noindex' '-fmodule-name=ExpoLocalAuthentication' -fpascal-strings -O0 -fno-common '-DPOD_CONFIGURATION_DEBUG=1' '-DDEBUG=1' '-DCOCOAPODS=1' '-DOBJC_OLD_DISPATCH_PROTOTYPES=0' -fasm-blocks -g '-fobjc-abi-version=2' -fobjc-legacy-dispatch -iquote /Users/sparkles/Library/Developer/Xcode/DerivedData/Expensio-futtgngxcysvvhcljmosbeftqmyc/Build/Intermediates.noindex/Pods.build/Debug-iphonesimulator/ExpoLocalAuthentication.build/ExpoLocalAuthentication-generated-files.hmap -I/Users/sparkles/Library/Developer/Xcode/DerivedData/Expensio-futtgngxcysvvhcljmosbeftqmyc/Build/Intermediates.noindex/Pods.build/Debug-iphonesimulator/ExpoLocalAuthentication.build/ExpoLocalAuthentication-own-target-headers.hmap -I/Users/sparkles/Library/Developer/Xcode/DerivedData/Expensio-futtgngxcysvvhcljmosbeftqmyc/Build/Intermediates.noindex/Pods.build/Debug-iphonesimulator/ExpoLocalAuthentication.build/ExpoLocalAuthentication-all-non-framework-target-headers.hmap -ivfsoverlay /Users/sparkles/Library/Developer/Xcode/DerivedData/Expensio-futtgngxcysvvhcljmosbeftqmyc/Build/Intermediates.noindex/Pods.build/Debug-iphonesimulator/Pods-8699adb1dd336b26511df848a716bd42-VFS-iphonesimulator/all-product-headers.yaml -iquote /Users/sparkles/Library/Developer/Xcode/DerivedData/Expensio-futtgngxcysvvhcljmosbeftqmyc/Build/Intermediates.noindex/Pods.build/Debug-iphonesimulator/ExpoLocalAuthentication.build/ExpoLocalAuthentication-project-headers.hmap -I/Users/sparkles/Library/Developer/Xcode/DerivedData/Expensio-futtgngxcysvvhcljmosbeftqmyc/Build/Products/Debug-iphonesimulator/ExpoLocalAuthentication/include -I/Users/sparkles/Documents/CodingFiles/FullStack/expensioApp/frontend/ios/Pods/Headers/Public -I/Users/sparkles/Documents/CodingFiles/FullStack/expensioApp/frontend/ios/Pods/Headers/Public/FBLazyVector -I/Users/sparkles/Documents/CodingFiles/FullStack/expensioApp/frontend/ios/Pods/Headers/Public/RCTRequired -I/Users/sparkles/Documents/CodingFiles/FullStack/expensioApp/frontend/ios/Pods/Headers/Public/RCTSwiftUIWrapper -I/Users/sparkles/Documents/CodingFiles/FullStack/expensioApp/frontend/ios/Pods/Headers/Public/RCTTypeSafety -I/Users/sparkles/Documents/CodingFiles/FullStack/expensioApp/frontend/ios/Pods/Headers/Public/React-Core -I/Users/sparkles/Documents/CodingFiles/FullStack/expensioApp/frontend/ios/Pods/Headers/Public/React-Core-prebuilt -I/Users/sparkles/Documents/CodingFiles/FullStack/expensioApp/frontend/ios/Pods/Headers/Public/React-CoreModules -I/Users/sparkles/Documents/CodingFiles/FullStack/expensioApp/frontend/ios/Pods/Headers/Public/React-Fabric -I/Users/sparkles/Documents/CodingFiles/FullStack/expensioApp/frontend/ios/Pods/Headers/Public/React-FabricComponents -I/Users/sparkles/Documents/CodingFiles/FullStack/expensioApp/frontend/ios/Pods/Headers/Public/React-FabricImage -I/Users/sparkles/Documents/CodingFiles/FullStack/expensioApp/frontend/ios/Pods/Headers/Public/React-ImageManager -I/Users/sparkles/Documents/CodingFiles/FullStack/expensioApp/frontend/ios/Pods/Headers/Public/React-Mapbuffer -I/Users/sparkles/Documents/CodingFiles/FullStack/expensioApp/frontend/ios/Pods/Headers/Public/React-NativeModulesApple -I/Users/sparkles/Documents/CodingFiles/FullStack/expensioApp/frontend/ios/Pods/Headers/Public/React-RCTAnimation -I/Users/sparkles/Documents/CodingFiles/FullStack/expensioApp/frontend/ios/Pods/Headers/Public/React-RCTBlob -I/Users/sparkles/Documents/CodingFiles/FullStack/expensioApp/frontend/ios/Pods/Headers/Public/React-RCTFBReactNativeSpec -I/Users/sparkles/Documents/CodingFiles/FullStack/expensioApp/frontend/ios/Pods/Headers/Public/React-RCTFabric -I/Users/sparkles/Documents/CodingFiles/FullStack/expensioApp/frontend/ios/Pods/Headers/Public/React-RCTImage -I/Users/sparkles/Documents/CodingFiles/FullStack/expensioApp/frontend/ios/Pods/Headers/Public/React-RCTRuntime -I/Users/sparkles/Documents/CodingFiles/FullStack/expensioApp/frontend/ios/Pods/Headers/Public/React-RCTText -I/Users/sparkles/Documents/CodingFiles/FullStack/expensioApp/frontend/ios/Pods/Headers/Public/React-RuntimeApple -I/Users/sparkles/Documents/CodingFiles/FullStack/expensioApp/frontend/ios/Pods/Headers/Public/React-RuntimeCore -I/Users/sparkles/Documents/CodingFiles/FullStack/expensioApp/frontend/ios/Pods/Headers/Public/React-RuntimeHermes -I/Users/sparkles/Documents/CodingFiles/FullStack/expensioApp/frontend/ios/Pods/Headers/Public/React-callinvoker -I/Users/sparkles/Documents/CodingFiles/FullStack/expensioApp/frontend/ios/Pods/Headers/Public/React-cxxreact -I/Users/sparkles/Documents/CodingFiles/FullStack/expensioApp/frontend/ios/Pods/Headers/Public/React-debug -I/Users/sparkles/Documents/CodingFiles/FullStack/expensioApp/frontend/ios/Pods/Headers/Public/React-defaultsnativemodule -I/Users/sparkles/Documents/CodingFiles/FullStack/expensioApp/frontend/ios/Pods/Headers/Public/React-domnativemodule -I/Users/sparkles/Documents/CodingFiles/FullStack/expensioApp/frontend/ios/Pods/Headers/Public/React-featureflags -I/Users/sparkles/Documents/CodingFiles/FullStack/expensioApp/frontend/ios/Pods/Headers/Public/React-featureflagsnativemodule -I/Users/sparkles/Documents/CodingFiles/FullStack/expensioApp/frontend/ios/Pods/Headers/Public/React-graphics -I/Users/sparkles/Documents/CodingFiles/FullStack/expensioApp/frontend/ios/Pods/Headers/Public/React-hermes -I/Users/sparkles/Documents/CodingFiles/FullStack/expensioApp/frontend/ios/Pods/Headers/Public/React-idlecallbacksnativemodule -I/Users/sparkles/Documents/CodingFiles/FullStack/expensioApp/frontend/ios/Pods/Headers/Public/React-intersectionobservernativemodule -I/Users/sparkles/Documents/CodingFiles/FullStack/expensioApp/frontend/ios/Pods/Headers/Public/React-jserrorhandler -I/Users/sparkles/Documents/CodingFiles/FullStack/expensioApp/frontend/ios/Pods/Headers/Public/React-jsi -I/Users/sparkles/Documents/CodingFiles/FullStack/expensioApp/frontend/ios/Pods/Headers/Public/React-jsiexecutor -I/Users/sparkles/Documents/CodingFiles/FullStack/expensioApp/frontend/ios/Pods/Headers/Public/React-jsinspector -I/Users/sparkles/Documents/CodingFiles/FullStack/expensioApp/frontend/ios/Pods/Headers/Public/React-jsinspectorcdp -I/Users/sparkles/Documents/CodingFiles/FullStack/expensioApp/frontend/ios/Pods/Headers/Public/React-jsinspectornetwork -I/Users/sparkles/Documents/CodingFiles/FullStack/expensioApp/frontend/ios/Pods/Headers/Public/React-jsinspectortracing -I/Users/sparkles/Documents/CodingFiles/FullStack/expensioApp/frontend/ios/Pods/Headers/Public/React-jsitooling -I/Users/sparkles/Documents/CodingFiles/FullStack/expensioApp/frontend/ios/Pods/Headers/Public/React-logger -I/Users/sparkles/Documents/CodingFiles/FullStack/expensioApp/frontend/ios/Pods/Headers/Public/React-microtasksnativemodule -I/Users/sparkles/Documents/CodingFiles/FullStack/expensioApp/frontend/ios/Pods/Headers/Public/React-mutationobservernativemodule -I/Users/sparkles/Documents/CodingFiles/FullStack/expensioApp/frontend/ios/Pods/Headers/Public/React-networking -I/Users/sparkles/Documents/CodingFiles/FullStack/expensioApp/frontend/ios/Pods/Headers/Public/React-oscompat -I/Users/sparkles/Documents/CodingFiles/FullStack/expensioApp/frontend/ios/Pods/Headers/Public/React-perflogger -I/Users/sparkles/Documents/CodingFiles/FullStack/expensioApp/frontend/ios/Pods/Headers/Public/React-performancecdpmetrics -I/Users/sparkles/Documents/CodingFiles/FullStack/expensioApp/frontend/ios/Pods/Headers/Public/React-performancetimeline -I/Users/sparkles/Documents/CodingFiles/FullStack/expensioApp/frontend/ios/Pods/Headers/Public/React-rendererconsistency -I/Users/sparkles/Documents/CodingFiles/FullStack/expensioApp/frontend/ios/Pods/Headers/Public/React-renderercss -I/Users/sparkles/Documents/CodingFiles/FullStack/expensioApp/frontend/ios/Pods/Headers/Public/React-rendererdebug -I/Users/sparkles/Documents/CodingFiles/FullStack/expensioApp/frontend/ios/Pods/Headers/Public/React-runtimeexecutor -I/Users/sparkles/Documents/CodingFiles/FullStack/expensioApp/frontend/ios/Pods/Headers/Public/React-runtimescheduler -I/Users/sparkles/Documents/CodingFiles/FullStack/expensioApp/frontend/ios/Pods/Headers/Public/React-timing -I/Users/sparkles/Documents/CodingFiles/FullStack/expensioApp/frontend/ios/Pods/Headers/Public/React-utils -I/Users/sparkles/Documents/CodingFiles/FullStack/expensioApp/frontend/ios/Pods/Headers/Public/React-viewtransitionnativemodule -I/Users/sparkles/Documents/CodingFiles/FullStack/expensioApp/frontend/ios/Pods/Headers/Public/React-webperformancenativemodule -I/Users/sparkles/Documents/CodingFiles/FullStack/expensioApp/frontend/ios/Pods/Headers/Public/ReactCodegen -I/Users/sparkles/Documents/CodingFiles/FullStack/expensioApp/frontend/ios/Pods/Headers/Public/ReactCommon -I/Users/sparkles/Documents/CodingFiles/FullStack/expensioApp/frontend/ios/Pods/Headers/Public/ReactNativeDependencies -I/Users/sparkles/Documents/CodingFiles/FullStack/expensioApp/frontend/ios/Pods/Headers/Public/Yoga -I/Users/sparkles/Documents/CodingFiles/FullStack/expensioApp/frontend/ios/Pods/Headers/Public/hermes-engine -I/Users/sparkles/Documents/CodingFiles/FullStack/expensioApp/frontend/ios/Pods/ExpoModulesCore/ExpoModulesCore.xcframework/ios-arm64_x86_64-simulator/ExpoModulesCore.framework/Headers -I/Users/sparkles/Documents/CodingFiles/FullStack/expensioApp/frontend/ios/Pods/ExpoModulesCore/ExpoModulesCore.xcframework/ios-arm64/ExpoModulesCore.framework/Headers -I/Users/sparkles/Documents/CodingFiles/FullStack/expensioApp/frontend/ios/Pods/ExpoModulesCore/ExpoModulesCore.xcframework/ios-arm64_x86_64-simulator/ExpoModulesCore.framework/Headers -I/Users/sparkles/Documents/CodingFiles/FullStack/expensioApp/frontend/ios/Pods/ExpoModulesCore/ExpoModulesCore.xcframework/ios-arm64/ExpoModulesCore.framework/Headers -I/Users/sparkles/Library/Developer/Xcode/DerivedData/Expensio-futtgngxcysvvhcljmosbeftqmyc/Build/Intermediates.noindex/Pods.build/Debug-iphonesimulator/ExpoLocalAuthentication.build/DerivedSources-normal/x86_64 -I/Users/sparkles/Library/Developer/Xcode/DerivedData/Expensio-futtgngxcysvvhcljmosbeftqmyc/Build/Intermediates.noindex/Pods.build/Debug-iphonesimulator/ExpoLocalAuthentication.build/DerivedSources/x86_64 -I/Users/sparkles/Library/Developer/Xcode/DerivedData/Expensio-futtgngxcysvvhcljmosbeftqmyc/Build/Intermediates.noindex/Pods.build/Debug-iphonesimulator/ExpoLocalAuthentication.build/DerivedSources -F/Users/sparkles/Library/Developer/Xcode/DerivedData/Expensio-futtgngxcysvvhcljmosbeftqmyc/Build/Products/Debug-iphonesimulator/ExpoLocalAuthentication -F/Users/sparkles/Documents/CodingFiles/FullStack/expensioApp/frontend/node_modules/expo-modules-jsi/apple/Products -F/Users/sparkles/Documents/CodingFiles/FullStack/expensioApp/frontend/ios/Pods/ExpoModulesCore -F/Users/sparkles/Documents/CodingFiles/FullStack/expensioApp/frontend/ios/Pods/React-Core-prebuilt -F/Users/sparkles/Documents/CodingFiles/FullStack/expensioApp/frontend/ios/Pods/ReactNativeDependencies/framework/packages/react-native -F/Users/sparkles/Documents/CodingFiles/FullStack/expensioApp/frontend/ios/Pods/hermes-engine/destroot/Library/Frameworks/universal -F/Users/sparkles/Library/Developer/Xcode/DerivedData/Expensio-futtgngxcysvvhcljmosbeftqmyc/Build/Products/Debug-iphonesimulator/XCFrameworkIntermediates/ExpoModulesCore -F/Users/sparkles/Library/Developer/Xcode/DerivedData/Expensio-futtgngxcysvvhcljmosbeftqmyc/Build/Products/Debug-iphonesimulator/XCFrameworkIntermediates/ExpoModulesJSI -F/Users/sparkles/Library/Developer/Xcode/DerivedData/Expensio-futtgngxcysvvhcljmosbeftqmyc/Build/Products/Debug-iphonesimulator/XCFrameworkIntermediates/React-Core-prebuilt -F/Users/sparkles/Library/Developer/Xcode/DerivedData/Expensio-futtgngxcysvvhcljmosbeftqmyc/Build/Products/Debug-iphonesimulator/XCFrameworkIntermediates/ReactNativeDependencies -F/Users/sparkles/Library/Developer/Xcode/DerivedData/Expensio-futtgngxcysvvhcljmosbeftqmyc/Build/Products/Debug-iphonesimulator/XCFrameworkIntermediates/hermes-engine/Pre-built '-DRCT_REMOVE_LEGACY_ARCH=1' '-fmodule-map-file=/Users/sparkles/Documents/CodingFiles/FullStack/expensioApp/frontend/ios/Pods/Headers/Public/ReactCodegen/ReactCodegen.modulemap'

WriteAuxiliaryFile /Users/sparkles/Library/Developer/Xcode/DerivedData/Expensio-futtgngxcysvvhcljmosbeftqmyc/Build/Intermediates.noindex/Pods.build/Debug-iphonesimulator/ExpoLocalAuthentication.build/Objects-normal/x86_64/ExpoLocalAuthentication_const_extract_protocols.json (in target 'ExpoLocalAuthentication' from project 'Pods')
    cd /Users/sparkles/Documents/CodingFiles/FullStack/expensioApp/frontend/ios/Pods
    write-file /Users/sparkles/Library/Developer/Xcode/DerivedData/Expensio-futtgngxcysvvhcljmosbeftqmyc/Build/Intermediates.noindex/Pods.build/Debug-iphonesimulator/ExpoLocalAuthentication.build/Objects-normal/x86_64/ExpoLocalAuthentication_const_extract_protocols.json

WriteAuxiliaryFile /Users/sparkles/Library/Developer/Xcode/DerivedData/Expensio-futtgngxcysvvhcljmosbeftqmyc/Build/Intermediates.noindex/Pods.build/Debug-iphonesimulator/ExpoLocalAuthentication.build/Objects-normal/x86_64/ExpoLocalAuthentication.SwiftFileList (in target 'ExpoLocalAuthentication' from project 'Pods')
    cd /Users/sparkles/Documents/CodingFiles/FullStack/expensioApp/frontend/ios/Pods
    write-file /Users/sparkles/Library/Developer/Xcode/DerivedData/Expensio-futtgngxcysvvhcljmosbeftqmyc/Build/Intermediates.noindex/Pods.build/Debug-iphonesimulator/ExpoLocalAuthentication.build/Objects-normal/x86_64/ExpoLocalAuthentication.SwiftFileList

WriteAuxiliaryFile /Users/sparkles/Library/Developer/Xcode/DerivedData/Expensio-futtgngxcysvvhcljmosbeftqmyc/Build/Intermediates.noindex/Pods.build/Debug-iphonesimulator/ExpoLocalAuthentication.build/Objects-normal/x86_64/ExpoLocalAuthentication.SwiftConstValuesFileList (in target 'ExpoLocalAuthentication' from project 'Pods')
    cd /Users/sparkles/Documents/CodingFiles/FullStack/expensioApp/frontend/ios/Pods
    write-file /Users/sparkles/Library/Developer/Xcode/DerivedData/Expensio-futtgngxcysvvhcljmosbeftqmyc/Build/Intermediates.noindex/Pods.build/Debug-iphonesimulator/ExpoLocalAuthentication.build/Objects-normal/x86_64/ExpoLocalAuthentication.SwiftConstValuesFileList

WriteAuxiliaryFile /Users/sparkles/Library/Developer/Xcode/DerivedData/Expensio-futtgngxcysvvhcljmosbeftqmyc/Build/Intermediates.noindex/Pods.build/Debug-iphonesimulator/ExpoLocalAuthentication.build/Objects-normal/x86_64/ExpoLocalAuthentication.LinkFileList (in target 'ExpoLocalAuthentication' from project 'Pods')
    cd /Users/sparkles/Documents/CodingFiles/FullStack/expensioApp/frontend/ios/Pods
    write-file /Users/sparkles/Library/Developer/Xcode/DerivedData/Expensio-futtgngxcysvvhcljmosbeftqmyc/Build/Intermediates.noindex/Pods.build/Debug-iphonesimulator/ExpoLocalAuthentication.build/Objects-normal/x86_64/ExpoLocalAuthentication.LinkFileList

WriteAuxiliaryFile /Users/sparkles/Library/Developer/Xcode/DerivedData/Expensio-futtgngxcysvvhcljmosbeftqmyc/Build/Intermediates.noindex/Pods.build/Debug-iphonesimulator/ExpoLocalAuthentication.build/Objects-normal/x86_64/ExpoLocalAuthentication-OutputFileMap.json (in target 'ExpoLocalAuthentication' from project 'Pods')
    cd /Users/sparkles/Documents/CodingFiles/FullStack/expensioApp/frontend/ios/Pods
    write-file /Users/sparkles/Library/Developer/Xcode/DerivedData/Expensio-futtgngxcysvvhcljmosbeftqmyc/Build/Intermediates.noindex/Pods.build/Debug-iphonesimulator/ExpoLocalAuthentication.build/Objects-normal/x86_64/ExpoLocalAuthentication-OutputFileMap.json

WriteAuxiliaryFile /Users/sparkles/Library/Developer/Xcode/DerivedData/Expensio-futtgngxcysvvhcljmosbeftqmyc/Build/Intermediates.noindex/Pods.build/Debug-iphonesimulator/ExpoLocalAuthentication.build/Objects-normal/arm64/e6072d4f65d7061329687fe24e3d63a7-common-args.resp (in target 'ExpoLocalAuthentication' from project 'Pods')
    cd /Users/sparkles/Documents/CodingFiles/FullStack/expensioApp/frontend/ios/Pods
    write-file /Users/sparkles/Library/Developer/Xcode/DerivedData/Expensio-futtgngxcysvvhcljmosbeftqmyc/Build/Intermediates.noindex/Pods.build/Debug-iphonesimulator/ExpoLocalAuthentication.build/Objects-normal/arm64/e6072d4f65d7061329687fe24e3d63a7-common-args.resp
'-std=gnu11' -fobjc-arc -fmodules '-fmodules-cache-path=/Users/sparkles/Library/Developer/Xcode/DerivedData/ModuleCache.noindex' '-fmodule-name=ExpoLocalAuthentication' -fpascal-strings -O0 -fno-common '-DPOD_CONFIGURATION_DEBUG=1' '-DDEBUG=1' '-DCOCOAPODS=1' '-DOBJC_OLD_DISPATCH_PROTOTYPES=0' -g '-fobjc-abi-version=2' -fobjc-legacy-dispatch -iquote /Users/sparkles/Library/Developer/Xcode/DerivedData/Expensio-futtgngxcysvvhcljmosbeftqmyc/Build/Intermediates.noindex/Pods.build/Debug-iphonesimulator/ExpoLocalAuthentication.build/ExpoLocalAuthentication-generated-files.hmap -I/Users/sparkles/Library/Developer/Xcode/DerivedData/Expensio-futtgngxcysvvhcljmosbeftqmyc/Build/Intermediates.noindex/Pods.build/Debug-iphonesimulator/ExpoLocalAuthentication.build/ExpoLocalAuthentication-own-target-headers.hmap -I/Users/sparkles/Library/Developer/Xcode/DerivedData/Expensio-futtgngxcysvvhcljmosbeftqmyc/Build/Intermediates.noindex/Pods.build/Debug-iphonesimulator/ExpoLocalAuthentication.build/ExpoLocalAuthentication-all-non-framework-target-headers.hmap -ivfsoverlay /Users/sparkles/Library/Developer/Xcode/DerivedData/Expensio-futtgngxcysvvhcljmosbeftqmyc/Build/Intermediates.noindex/Pods.build/Debug-iphonesimulator/Pods-8699adb1dd336b26511df848a716bd42-VFS-iphonesimulator/all-product-headers.yaml -iquote /Users/sparkles/Library/Developer/Xcode/DerivedData/Expensio-futtgngxcysvvhcljmosbeftqmyc/Build/Intermediates.noindex/Pods.build/Debug-iphonesimulator/ExpoLocalAuthentication.build/ExpoLocalAuthentication-project-headers.hmap -I/Users/sparkles/Library/Developer/Xcode/DerivedData/Expensio-futtgngxcysvvhcljmosbeftqmyc/Build/Products/Debug-iphonesimulator/ExpoLocalAuthentication/include -I/Users/sparkles/Documents/CodingFiles/FullStack/expensioApp/frontend/ios/Pods/Headers/Public -I/Users/sparkles/Documents/CodingFiles/FullStack/expensioApp/frontend/ios/Pods/Headers/Public/FBLazyVector -I/Users/sparkles/Documents/CodingFiles/FullStack/expensioApp/frontend/ios/Pods/Headers/Public/RCTRequired -I/Users/sparkles/Documents/CodingFiles/FullStack/expensioApp/frontend/ios/Pods/Headers/Public/RCTSwiftUIWrapper -I/Users/sparkles/Documents/CodingFiles/FullStack/expensioApp/frontend/ios/Pods/Headers/Public/RCTTypeSafety -I/Users/sparkles/Documents/CodingFiles/FullStack/expensioApp/frontend/ios/Pods/Headers/Public/React-Core -I/Users/sparkles/Documents/CodingFiles/FullStack/expensioApp/frontend/ios/Pods/Headers/Public/React-Core-prebuilt -I/Users/sparkles/Documents/CodingFiles/FullStack/expensioApp/frontend/ios/Pods/Headers/Public/React-CoreModules -I/Users/sparkles/Documents/CodingFiles/FullStack/expensioApp/frontend/ios/Pods/Headers/Public/React-Fabric -I/Users/sparkles/Documents/CodingFiles/FullStack/expensioApp/frontend/ios/Pods/Headers/Public/React-FabricComponents -I/Users/sparkles/Documents/CodingFiles/FullStack/expensioApp/frontend/ios/Pods/Headers/Public/React-FabricImage -I/Users/sparkles/Documents/CodingFiles/FullStack/expensioApp/frontend/ios/Pods/Headers/Public/React-ImageManager -I/Users/sparkles/Documents/CodingFiles/FullStack/expensioApp/frontend/ios/Pods/Headers/Public/React-Mapbuffer -I/Users/sparkles/Documents/CodingFiles/FullStack/expensioApp/frontend/ios/Pods/Headers/Public/React-NativeModulesApple -I/Users/sparkles/Documents/CodingFiles/FullStack/expensioApp/frontend/ios/Pods/Headers/Public/React-RCTAnimation -I/Users/sparkles/Documents/CodingFiles/FullStack/expensioApp/frontend/ios/Pods/Headers/Public/React-RCTBlob -I/Users/sparkles/Documents/CodingFiles/FullStack/expensioApp/frontend/ios/Pods/Headers/Public/React-RCTFBReactNativeSpec -I/Users/sparkles/Documents/CodingFiles/FullStack/expensioApp/frontend/ios/Pods/Headers/Public/React-RCTFabric -I/Users/sparkles/Documents/CodingFiles/FullStack/expensioApp/frontend/ios/Pods/Headers/Public/React-RCTImage -I/Users/sparkles/Documents/CodingFiles/FullStack/expensioApp/frontend/ios/Pods/Headers/Public/React-RCTRuntime -I/Users/sparkles/Documents/CodingFiles/FullStack/expensioApp/frontend/ios/Pods/Headers/Public/React-RCTText -I/Users/sparkles/Documents/CodingFiles/FullStack/expensioApp/frontend/ios/Pods/Headers/Public/React-RuntimeApple -I/Users/sparkles/Documents/CodingFiles/FullStack/expensioApp/frontend/ios/Pods/Headers/Public/React-RuntimeCore -I/Users/sparkles/Documents/CodingFiles/FullStack/expensioApp/frontend/ios/Pods/Headers/Public/React-RuntimeHermes -I/Users/sparkles/Documents/CodingFiles/FullStack/expensioApp/frontend/ios/Pods/Headers/Public/React-callinvoker -I/Users/sparkles/Documents/CodingFiles/FullStack/expensioApp/frontend/ios/Pods/Headers/Public/React-cxxreact -I/Users/sparkles/Documents/CodingFiles/FullStack/expensioApp/frontend/ios/Pods/Headers/Public/React-debug -I/Users/sparkles/Documents/CodingFiles/FullStack/expensioApp/frontend/ios/Pods/Headers/Public/React-defaultsnativemodule -I/Users/sparkles/Documents/CodingFiles/FullStack/expensioApp/frontend/ios/Pods/Headers/Public/React-domnativemodule -I/Users/sparkles/Documents/CodingFiles/FullStack/expensioApp/frontend/ios/Pods/Headers/Public/React-featureflags -I/Users/sparkles/Documents/CodingFiles/FullStack/expensioApp/frontend/ios/Pods/Headers/Public/React-featureflagsnativemodule -I/Users/sparkles/Documents/CodingFiles/FullStack/expensioApp/frontend/ios/Pods/Headers/Public/React-graphics -I/Users/sparkles/Documents/CodingFiles/FullStack/expensioApp/frontend/ios/Pods/Headers/Public/React-hermes -I/Users/sparkles/Documents/CodingFiles/FullStack/expensioApp/frontend/ios/Pods/Headers/Public/React-idlecallbacksnativemodule -I/Users/sparkles/Documents/CodingFiles/FullStack/expensioApp/frontend/ios/Pods/Headers/Public/React-intersectionobservernativemodule -I/Users/sparkles/Documents/CodingFiles/FullStack/expensioApp/frontend/ios/Pods/Headers/Public/React-jserrorhandler -I/Users/sparkles/Documents/CodingFiles/FullStack/expensioApp/frontend/ios/Pods/Headers/Public/React-jsi -I/Users/sparkles/Documents/CodingFiles/FullStack/expensioApp/frontend/ios/Pods/Headers/Public/React-jsiexecutor -I/Users/sparkles/Documents/CodingFiles/FullStack/expensioApp/frontend/ios/Pods/Headers/Public/React-jsinspector -I/Users/sparkles/Documents/CodingFiles/FullStack/expensioApp/frontend/ios/Pods/Headers/Public/React-jsinspectorcdp -I/Users/sparkles/Documents/CodingFiles/FullStack/expensioApp/frontend/ios/Pods/Headers/Public/React-jsinspectornetwork -I/Users/sparkles/Documents/CodingFiles/FullStack/expensioApp/frontend/ios/Pods/Headers/Public/React-jsinspectortracing -I/Users/sparkles/Documents/CodingFiles/FullStack/expensioApp/frontend/ios/Pods/Headers/Public/React-jsitooling -I/Users/sparkles/Documents/CodingFiles/FullStack/expensioApp/frontend/ios/Pods/Headers/Public/React-logger -I/Users/sparkles/Documents/CodingFiles/FullStack/expensioApp/frontend/ios/Pods/Headers/Public/React-microtasksnativemodule -I/Users/sparkles/Documents/CodingFiles/FullStack/expensioApp/frontend/ios/Pods/Headers/Public/React-mutationobservernativemodule -I/Users/sparkles/Documents/CodingFiles/FullStack/expensioApp/frontend/ios/Pods/Headers/Public/React-networking -I/Users/sparkles/Documents/CodingFiles/FullStack/expensioApp/frontend/ios/Pods/Headers/Public/React-oscompat -I/Users/sparkles/Documents/CodingFiles/FullStack/expensioApp/frontend/ios/Pods/Headers/Public/React-perflogger -I/Users/sparkles/Documents/CodingFiles/FullStack/expensioApp/frontend/ios/Pods/Headers/Public/React-performancecdpmetrics -I/Users/sparkles/Documents/CodingFiles/FullStack/expensioApp/frontend/ios/Pods/Headers/Public/React-performancetimeline -I/Users/sparkles/Documents/CodingFiles/FullStack/expensioApp/frontend/ios/Pods/Headers/Public/React-rendererconsistency -I/Users/sparkles/Documents/CodingFiles/FullStack/expensioApp/frontend/ios/Pods/Headers/Public/React-renderercss -I/Users/sparkles/Documents/CodingFiles/FullStack/expensioApp/frontend/ios/Pods/Headers/Public/React-rendererdebug -I/Users/sparkles/Documents/CodingFiles/FullStack/expensioApp/frontend/ios/Pods/Headers/Public/React-runtimeexecutor -I/Users/sparkles/Documents/CodingFiles/FullStack/expensioApp/frontend/ios/Pods/Headers/Public/React-runtimescheduler -I/Users/sparkles/Documents/CodingFiles/FullStack/expensioApp/frontend/ios/Pods/Headers/Public/React-timing -I/Users/sparkles/Documents/CodingFiles/FullStack/expensioApp/frontend/ios/Pods/Headers/Public/React-utils -I/Users/sparkles/Documents/CodingFiles/FullStack/expensioApp/frontend/ios/Pods/Headers/Public/React-viewtransitionnativemodule -I/Users/sparkles/Documents/CodingFiles/FullStack/expensioApp/frontend/ios/Pods/Headers/Public/React-webperformancenativemodule -I/Users/sparkles/Documents/CodingFiles/FullStack/expensioApp/frontend/ios/Pods/Headers/Public/ReactCodegen -I/Users/sparkles/Documents/CodingFiles/FullStack/expensioApp/frontend/ios/Pods/Headers/Public/ReactCommon -I/Users/sparkles/Documents/CodingFiles/FullStack/expensioApp/frontend/ios/Pods/Headers/Public/ReactNativeDependencies -I/Users/sparkles/Documents/CodingFiles/FullStack/expensioApp/frontend/ios/Pods/Headers/Public/Yoga -I/Users/sparkles/Documents/CodingFiles/FullStack/expensioApp/frontend/ios/Pods/Headers/Public/hermes-engine -I/Users/sparkles/Documents/CodingFiles/FullStack/expensioApp/frontend/ios/Pods/ExpoModulesCore/ExpoModulesCore.xcframework/ios-arm64_x86_64-simulator/ExpoModulesCore.framework/Headers -I/Users/sparkles/Documents/CodingFiles/FullStack/expensioApp/frontend/ios/Pods/ExpoModulesCore/ExpoModulesCore.xcframework/ios-arm64/ExpoModulesCore.framework/Headers -I/Users/sparkles/Documents/CodingFiles/FullStack/expensioApp/frontend/ios/Pods/ExpoModulesCore/ExpoModulesCore.xcframework/ios-arm64_x86_64-simulator/ExpoModulesCore.framework/Headers -I/Users/sparkles/Documents/CodingFiles/FullStack/expensioApp/frontend/ios/Pods/ExpoModulesCore/ExpoModulesCore.xcframework/ios-arm64/ExpoModulesCore.framework/Headers -I/Users/sparkles/Library/Developer/Xcode/DerivedData/Expensio-futtgngxcysvvhcljmosbeftqmyc/Build/Intermediates.noindex/Pods.build/Debug-iphonesimulator/ExpoLocalAuthentication.build/DerivedSources-normal/arm64 -I/Users/sparkles/Library/Developer/Xcode/DerivedData/Expensio-futtgngxcysvvhcljmosbeftqmyc/Build/Intermediates.noindex/Pods.build/Debug-iphonesimulator/ExpoLocalAuthentication.build/DerivedSources/arm64 -I/Users/sparkles/Library/Developer/Xcode/DerivedData/Expensio-futtgngxcysvvhcljmosbeftqmyc/Build/Intermediates.noindex/Pods.build/Debug-iphonesimulator/ExpoLocalAuthentication.build/DerivedSources -F/Users/sparkles/Library/Developer/Xcode/DerivedData/Expensio-futtgngxcysvvhcljmosbeftqmyc/Build/Products/Debug-iphonesimulator/ExpoLocalAuthentication -F/Users/sparkles/Documents/CodingFiles/FullStack/expensioApp/frontend/node_modules/expo-modules-jsi/apple/Products -F/Users/sparkles/Documents/CodingFiles/FullStack/expensioApp/frontend/ios/Pods/ExpoModulesCore -F/Users/sparkles/Documents/CodingFiles/FullStack/expensioApp/frontend/ios/Pods/React-Core-prebuilt -F/Users/sparkles/Documents/CodingFiles/FullStack/expensioApp/frontend/ios/Pods/ReactNativeDependencies/framework/packages/react-native -F/Users/sparkles/Documents/CodingFiles/FullStack/expensioApp/frontend/ios/Pods/hermes-engine/destroot/Library/Frameworks/universal -F/Users/sparkles/Library/Developer/Xcode/DerivedData/Expensio-futtgngxcysvvhcljmosbeftqmyc/Build/Products/Debug-iphonesimulator/XCFrameworkIntermediates/ExpoModulesCore -F/Users/sparkles/Library/Developer/Xcode/DerivedData/Expensio-futtgngxcysvvhcljmosbeftqmyc/Build/Products/Debug-iphonesimulator/XCFrameworkIntermediates/ExpoModulesJSI -F/Users/sparkles/Library/Developer/Xcode/DerivedData/Expensio-futtgngxcysvvhcljmosbeftqmyc/Build/Products/Debug-iphonesimulator/XCFrameworkIntermediates/React-Core-prebuilt -F/Users/sparkles/Library/Developer/Xcode/DerivedData/Expensio-futtgngxcysvvhcljmosbeftqmyc/Build/Products/Debug-iphonesimulator/XCFrameworkIntermediates/ReactNativeDependencies -F/Users/sparkles/Library/Developer/Xcode/DerivedData/Expensio-futtgngxcysvvhcljmosbeftqmyc/Build/Products/Debug-iphonesimulator/XCFrameworkIntermediates/hermes-engine/Pre-built '-DRCT_REMOVE_LEGACY_ARCH=1' '-fmodule-map-file=/Users/sparkles/Documents/CodingFiles/FullStack/expensioApp/frontend/ios/Pods/Headers/Public/ReactCodegen/ReactCodegen.modulemap'

WriteAuxiliaryFile /Users/sparkles/Library/Developer/Xcode/DerivedData/Expensio-futtgngxcysvvhcljmosbeftqmyc/Build/Intermediates.noindex/Pods.build/Debug-iphonesimulator/ExpoLocalAuthentication.build/Objects-normal/arm64/ExpoLocalAuthentication_const_extract_protocols.json (in target 'ExpoLocalAuthentication' from project 'Pods')
    cd /Users/sparkles/Documents/CodingFiles/FullStack/expensioApp/frontend/ios/Pods
    write-file /Users/sparkles/Library/Developer/Xcode/DerivedData/Expensio-futtgngxcysvvhcljmosbeftqmyc/Build/Intermediates.noindex/Pods.build/Debug-iphonesimulator/ExpoLocalAuthentication.build/Objects-normal/arm64/ExpoLocalAuthentication_const_extract_protocols.json

WriteAuxiliaryFile /Users/sparkles/Library/Developer/Xcode/DerivedData/Expensio-futtgngxcysvvhcljmosbeftqmyc/Build/Intermediates.noindex/Pods.build/Debug-iphonesimulator/ExpoLocalAuthentication.build/Objects-normal/arm64/ExpoLocalAuthentication.SwiftFileList (in target 'ExpoLocalAuthentication' from project 'Pods')
    cd /Users/sparkles/Documents/CodingFiles/FullStack/expensioApp/frontend/ios/Pods
    write-file /Users/sparkles/Library/Developer/Xcode/DerivedData/Expensio-futtgngxcysvvhcljmosbeftqmyc/Build/Intermediates.noindex/Pods.build/Debug-iphonesimulator/ExpoLocalAuthentication.build/Objects-normal/arm64/ExpoLocalAuthentication.SwiftFileList

WriteAuxiliaryFile /Users/sparkles/Library/Developer/Xcode/DerivedData/Expensio-futtgngxcysvvhcljmosbeftqmyc/Build/Intermediates.noindex/Pods.build/Debug-iphonesimulator/ExpoLocalAuthentication.build/Objects-normal/arm64/ExpoLocalAuthentication.SwiftConstValuesFileList (in target 'ExpoLocalAuthentication' from project 'Pods')
    cd /Users/sparkles/Documents/CodingFiles/FullStack/expensioApp/frontend/ios/Pods
    write-file /Users/sparkles/Library/Developer/Xcode/DerivedData/Expensio-futtgngxcysvvhcljmosbeftqmyc/Build/Intermediates.noindex/Pods.build/Debug-iphonesimulator/ExpoLocalAuthentication.build/Objects-normal/arm64/ExpoLocalAuthentication.SwiftConstValuesFileList

WriteAuxiliaryFile /Users/sparkles/Library/Developer/Xcode/DerivedData/Expensio-futtgngxcysvvhcljmosbeftqmyc/Build/Intermediates.noindex/Pods.build/Debug-iphonesimulator/ExpoLocalAuthentication.build/Objects-normal/arm64/ExpoLocalAuthentication.LinkFileList (in target 'ExpoLocalAuthentication' from project 'Pods')
    cd /Users/sparkles/Documents/CodingFiles/FullStack/expensioApp/frontend/ios/Pods
    write-file /Users/sparkles/Library/Developer/Xcode/DerivedData/Expensio-futtgngxcysvvhcljmosbeftqmyc/Build/Intermediates.noindex/Pods.build/Debug-iphonesimulator/ExpoLocalAuthentication.build/Objects-normal/arm64/ExpoLocalAuthentication.LinkFileList

WriteAuxiliaryFile /Users/sparkles/Library/Developer/Xcode/DerivedData/Expensio-futtgngxcysvvhcljmosbeftqmyc/Build/Intermediates.noindex/Pods.build/Debug-iphonesimulator/ExpoLocalAuthentication.build/Objects-normal/arm64/ExpoLocalAuthentication-OutputFileMap.json (in target 'ExpoLocalAuthentication' from project 'Pods')
    cd /Users/sparkles/Documents/CodingFiles/FullStack/expensioApp/frontend/ios/Pods
    write-file /Users/sparkles/Library/Developer/Xcode/DerivedData/Expensio-futtgngxcysvvhcljmosbeftqmyc/Build/Intermediates.noindex/Pods.build/Debug-iphonesimulator/ExpoLocalAuthentication.build/Objects-normal/arm64/ExpoLocalAuthentication-OutputFileMap.json

WriteAuxiliaryFile /Users/sparkles/Library/Developer/Xcode/DerivedData/Expensio-futtgngxcysvvhcljmosbeftqmyc/Build/Intermediates.noindex/Pods.build/Debug-iphonesimulator/ExpoLocalAuthentication.build/ExpoLocalAuthentication.hmap (in target 'ExpoLocalAuthentication' from project 'Pods')
    cd /Users/sparkles/Documents/CodingFiles/FullStack/expensioApp/frontend/ios/Pods
    write-file /Users/sparkles/Library/Developer/Xcode/DerivedData/Expensio-futtgngxcysvvhcljmosbeftqmyc/Build/Intermediates.noindex/Pods.build/Debug-iphonesimulator/ExpoLocalAuthentication.build/ExpoLocalAuthentication.hmap

WriteAuxiliaryFile /Users/sparkles/Library/Developer/Xcode/DerivedData/Expensio-futtgngxcysvvhcljmosbeftqmyc/Build/Intermediates.noindex/Pods.build/Debug-iphonesimulator/ExpoLocalAuthentication.build/ExpoLocalAuthentication.DependencyStaticMetadataFileList (in target 'ExpoLocalAuthentication' from project 'Pods')
    cd /Users/sparkles/Documents/CodingFiles/FullStack/expensioApp/frontend/ios/Pods
    write-file /Users/sparkles/Library/Developer/Xcode/DerivedData/Expensio-futtgngxcysvvhcljmosbeftqmyc/Build/Intermediates.noindex/Pods.build/Debug-iphonesimulator/ExpoLocalAuthentication.build/ExpoLocalAuthentication.DependencyStaticMetadataFileList

WriteAuxiliaryFile /Users/sparkles/Library/Developer/Xcode/DerivedData/Expensio-futtgngxcysvvhcljmosbeftqmyc/Build/Intermediates.noindex/Pods.build/Debug-iphonesimulator/ExpoLocalAuthentication.build/ExpoLocalAuthentication.DependencyMetadataFileList (in target 'ExpoLocalAuthentication' from project 'Pods')
    cd /Users/sparkles/Documents/CodingFiles/FullStack/expensioApp/frontend/ios/Pods
    write-file /Users/sparkles/Library/Developer/Xcode/DerivedData/Expensio-futtgngxcysvvhcljmosbeftqmyc/Build/Intermediates.noindex/Pods.build/Debug-iphonesimulator/ExpoLocalAuthentication.build/ExpoLocalAuthentication.DependencyMetadataFileList

WriteAuxiliaryFile /Users/sparkles/Library/Developer/Xcode/DerivedData/Expensio-futtgngxcysvvhcljmosbeftqmyc/Build/Intermediates.noindex/Pods.build/Debug-iphonesimulator/ExpoLocalAuthentication.build/ExpoLocalAuthentication-project-headers.hmap (in target 'ExpoLocalAuthentication' from project 'Pods')
    cd /Users/sparkles/Documents/CodingFiles/FullStack/expensioApp/frontend/ios/Pods
    write-file /Users/sparkles/Library/Developer/Xcode/DerivedData/Expensio-futtgngxcysvvhcljmosbeftqmyc/Build/Intermediates.noindex/Pods.build/Debug-iphonesimulator/ExpoLocalAuthentication.build/ExpoLocalAuthentication-project-headers.hmap

WriteAuxiliaryFile /Users/sparkles/Library/Developer/Xcode/DerivedData/Expensio-futtgngxcysvvhcljmosbeftqmyc/Build/Intermediates.noindex/Pods.build/Debug-iphonesimulator/ExpoLocalAuthentication.build/ExpoLocalAuthentication-own-target-headers.hmap (in target 'ExpoLocalAuthentication' from project 'Pods')
    cd /Users/sparkles/Documents/CodingFiles/FullStack/expensioApp/frontend/ios/Pods
    write-file /Users/sparkles/Library/Developer/Xcode/DerivedData/Expensio-futtgngxcysvvhcljmosbeftqmyc/Build/Intermediates.noindex/Pods.build/Debug-iphonesimulator/ExpoLocalAuthentication.build/ExpoLocalAuthentication-own-target-headers.hmap

WriteAuxiliaryFile /Users/sparkles/Library/Developer/Xcode/DerivedData/Expensio-futtgngxcysvvhcljmosbeftqmyc/Build/Intermediates.noindex/Pods.build/Debug-iphonesimulator/ExpoLocalAuthentication.build/ExpoLocalAuthentication-generated-files.hmap (in target 'ExpoLocalAuthentication' from project 'Pods')
    cd /Users/sparkles/Documents/CodingFiles/FullStack/expensioApp/frontend/ios/Pods
    write-file /Users/sparkles/Library/Developer/Xcode/DerivedData/Expensio-futtgngxcysvvhcljmosbeftqmyc/Build/Intermediates.noindex/Pods.build/Debug-iphonesimulator/ExpoLocalAuthentication.build/ExpoLocalAuthentication-generated-files.hmap

WriteAuxiliaryFile /Users/sparkles/Library/Developer/Xcode/DerivedData/Expensio-futtgngxcysvvhcljmosbeftqmyc/Build/Intermediates.noindex/Pods.build/Debug-iphonesimulator/ExpoLocalAuthentication.build/ExpoLocalAuthentication-all-target-headers.hmap (in target 'ExpoLocalAuthentication' from project 'Pods')
    cd /Users/sparkles/Documents/CodingFiles/FullStack/expensioApp/frontend/ios/Pods
    write-file /Users/sparkles/Library/Developer/Xcode/DerivedData/Expensio-futtgngxcysvvhcljmosbeftqmyc/Build/Intermediates.noindex/Pods.build/Debug-iphonesimulator/ExpoLocalAuthentication.build/ExpoLocalAuthentication-all-target-headers.hmap

WriteAuxiliaryFile /Users/sparkles/Library/Developer/Xcode/DerivedData/Expensio-futtgngxcysvvhcljmosbeftqmyc/Build/Intermediates.noindex/Pods.build/Debug-iphonesimulator/ExpoLocalAuthentication.build/ExpoLocalAuthentication-all-non-framework-target-headers.hmap (in target 'ExpoLocalAuthentication' from project 'Pods')
    cd /Users/sparkles/Documents/CodingFiles/FullStack/expensioApp/frontend/ios/Pods
    write-file /Users/sparkles/Library/Developer/Xcode/DerivedData/Expensio-futtgngxcysvvhcljmosbeftqmyc/Build/Intermediates.noindex/Pods.build/Debug-iphonesimulator/ExpoLocalAuthentication.build/ExpoLocalAuthentication-all-non-framework-target-headers.hmap

WriteAuxiliaryFile /Users/sparkles/Library/Developer/Xcode/DerivedData/Expensio-futtgngxcysvvhcljmosbeftqmyc/Build/Intermediates.noindex/Pods.build/Debug-iphonesimulator/ExpoLinearGradient.build/Script-46EB2E00015550.sh (in target 'ExpoLinearGradient' from project 'Pods')
    cd /Users/sparkles/Documents/CodingFiles/FullStack/expensioApp/frontend/ios/Pods
    write-file /Users/sparkles/Library/Developer/Xcode/DerivedData/Expensio-futtgngxcysvvhcljmosbeftqmyc/Build/Intermediates.noindex/Pods.build/Debug-iphonesimulator/ExpoLinearGradient.build/Script-46EB2E00015550.sh

WriteAuxiliaryFile /Users/sparkles/Library/Developer/Xcode/DerivedData/Expensio-futtgngxcysvvhcljmosbeftqmyc/Build/Intermediates.noindex/Pods.build/Debug-iphonesimulator/ExpoLinearGradient.build/Objects-normal/x86_64/e6072d4f65d7061329687fe24e3d63a7-common-args.resp (in target 'ExpoLinearGradient' from project 'Pods')
    cd /Users/sparkles/Documents/CodingFiles/FullStack/expensioApp/frontend/ios/Pods
    write-file /Users/sparkles/Library/Developer/Xcode/DerivedData/Expensio-futtgngxcysvvhcljmosbeftqmyc/Build/Intermediates.noindex/Pods.build/Debug-iphonesimulator/ExpoLinearGradient.build/Objects-normal/x86_64/e6072d4f65d7061329687fe24e3d63a7-common-args.resp
'-std=gnu11' -fobjc-arc -fmodules '-fmodules-cache-path=/Users/sparkles/Library/Developer/Xcode/DerivedData/ModuleCache.noindex' '-fmodule-name=ExpoLinearGradient' -fpascal-strings -O0 -fno-common '-DPOD_CONFIGURATION_DEBUG=1' '-DDEBUG=1' '-DCOCOAPODS=1' '-DOBJC_OLD_DISPATCH_PROTOTYPES=0' -fasm-blocks -g '-fobjc-abi-version=2' -fobjc-legacy-dispatch -iquote /Users/sparkles/Library/Developer/Xcode/DerivedData/Expensio-futtgngxcysvvhcljmosbeftqmyc/Build/Intermediates.noindex/Pods.build/Debug-iphonesimulator/ExpoLinearGradient.build/ExpoLinearGradient-generated-files.hmap -I/Users/sparkles/Library/Developer/Xcode/DerivedData/Expensio-futtgngxcysvvhcljmosbeftqmyc/Build/Intermediates.noindex/Pods.build/Debug-iphonesimulator/ExpoLinearGradient.build/ExpoLinearGradient-own-target-headers.hmap -I/Users/sparkles/Library/Developer/Xcode/DerivedData/Expensio-futtgngxcysvvhcljmosbeftqmyc/Build/Intermediates.noindex/Pods.build/Debug-iphonesimulator/ExpoLinearGradient.build/ExpoLinearGradient-all-non-framework-target-headers.hmap -ivfsoverlay /Users/sparkles/Library/Developer/Xcode/DerivedData/Expensio-futtgngxcysvvhcljmosbeftqmyc/Build/Intermediates.noindex/Pods.build/Debug-iphonesimulator/Pods-8699adb1dd336b26511df848a716bd42-VFS-iphonesimulator/all-product-headers.yaml -iquote /Users/sparkles/Library/Developer/Xcode/DerivedData/Expensio-futtgngxcysvvhcljmosbeftqmyc/Build/Intermediates.noindex/Pods.build/Debug-iphonesimulator/ExpoLinearGradient.build/ExpoLinearGradient-project-headers.hmap -I/Users/sparkles/Library/Developer/Xcode/DerivedData/Expensio-futtgngxcysvvhcljmosbeftqmyc/Build/Products/Debug-iphonesimulator/ExpoLinearGradient/include -I/Users/sparkles/Documents/CodingFiles/FullStack/expensioApp/frontend/ios/Pods/Headers/Public -I/Users/sparkles/Documents/CodingFiles/FullStack/expensioApp/frontend/ios/Pods/Headers/Public/FBLazyVector -I/Users/sparkles/Documents/CodingFiles/FullStack/expensioApp/frontend/ios/Pods/Headers/Public/RCTRequired -I/Users/sparkles/Documents/CodingFiles/FullStack/expensioApp/frontend/ios/Pods/Headers/Public/RCTSwiftUIWrapper -I/Users/sparkles/Documents/CodingFiles/FullStack/expensioApp/frontend/ios/Pods/Headers/Public/RCTTypeSafety -I/Users/sparkles/Documents/CodingFiles/FullStack/expensioApp/frontend/ios/Pods/Headers/Public/React-Core -I/Users/sparkles/Documents/CodingFiles/FullStack/expensioApp/frontend/ios/Pods/Headers/Public/React-Core-prebuilt -I/Users/sparkles/Documents/CodingFiles/FullStack/expensioApp/frontend/ios/Pods/Headers/Public/React-CoreModules -I/Users/sparkles/Documents/CodingFiles/FullStack/expensioApp/frontend/ios/Pods/Headers/Public/React-Fabric -I/Users/sparkles/Documents/CodingFiles/FullStack/expensioApp/frontend/ios/Pods/Headers/Public/React-FabricComponents -I/Users/sparkles/Documents/CodingFiles/FullStack/expensioApp/frontend/ios/Pods/Headers/Public/React-FabricImage -I/Users/sparkles/Documents/CodingFiles/FullStack/expensioApp/frontend/ios/Pods/Headers/Public/React-ImageManager -I/Users/sparkles/Documents/CodingFiles/FullStack/expensioApp/frontend/ios/Pods/Headers/Public/React-Mapbuffer -I/Users/sparkles/Documents/CodingFiles/FullStack/expensioApp/frontend/ios/Pods/Headers/Public/React-NativeModulesApple -I/Users/sparkles/Documents/CodingFiles/FullStack/expensioApp/frontend/ios/Pods/Headers/Public/React-RCTAnimation -I/Users/sparkles/Documents/CodingFiles/FullStack/expensioApp/frontend/ios/Pods/Headers/Public/React-RCTBlob -I/Users/sparkles/Documents/CodingFiles/FullStack/expensioApp/frontend/ios/Pods/Headers/Public/React-RCTFBReactNativeSpec -I/Users/sparkles/Documents/CodingFiles/FullStack/expensioApp/frontend/ios/Pods/Headers/Public/React-RCTFabric -I/Users/sparkles/Documents/CodingFiles/FullStack/expensioApp/frontend/ios/Pods/Headers/Public/React-RCTImage -I/Users/sparkles/Documents/CodingFiles/FullStack/expensioApp/frontend/ios/Pods/Headers/Public/React-RCTRuntime -I/Users/sparkles/Documents/CodingFiles/FullStack/expensioApp/frontend/ios/Pods/Headers/Public/React-RCTText -I/Users/sparkles/Documents/CodingFiles/FullStack/expensioApp/frontend/ios/Pods/Headers/Public/React-RuntimeApple -I/Users/sparkles/Documents/CodingFiles/FullStack/expensioApp/frontend/ios/Pods/Headers/Public/React-RuntimeCore -I/Users/sparkles/Documents/CodingFiles/FullStack/expensioApp/frontend/ios/Pods/Headers/Public/React-RuntimeHermes -I/Users/sparkles/Documents/CodingFiles/FullStack/expensioApp/frontend/ios/Pods/Headers/Public/React-callinvoker -I/Users/sparkles/Documents/CodingFiles/FullStack/expensioApp/frontend/ios/Pods/Headers/Public/React-cxxreact -I/Users/sparkles/Documents/CodingFiles/FullStack/expensioApp/frontend/ios/Pods/Headers/Public/React-debug -I/Users/sparkles/Documents/CodingFiles/FullStack/expensioApp/frontend/ios/Pods/Headers/Public/React-defaultsnativemodule -I/Users/sparkles/Documents/CodingFiles/FullStack/expensioApp/frontend/ios/Pods/Headers/Public/React-domnativemodule -I/Users/sparkles/Documents/CodingFiles/FullStack/expensioApp/frontend/ios/Pods/Headers/Public/React-featureflags -I/Users/sparkles/Documents/CodingFiles/FullStack/expensioApp/frontend/ios/Pods/Headers/Public/React-featureflagsnativemodule -I/Users/sparkles/Documents/CodingFiles/FullStack/expensioApp/frontend/ios/Pods/Headers/Public/React-graphics -I/Users/sparkles/Documents/CodingFiles/FullStack/expensioApp/frontend/ios/Pods/Headers/Public/React-hermes -I/Users/sparkles/Documents/CodingFiles/FullStack/expensioApp/frontend/ios/Pods/Headers/Public/React-idlecallbacksnativemodule -I/Users/sparkles/Documents/CodingFiles/FullStack/expensioApp/frontend/ios/Pods/Headers/Public/React-intersectionobservernativemodule -I/Users/sparkles/Documents/CodingFiles/FullStack/expensioApp/frontend/ios/Pods/Headers/Public/React-jserrorhandler -I/Users/sparkles/Documents/CodingFiles/FullStack/expensioApp/frontend/ios/Pods/Headers/Public/React-jsi -I/Users/sparkles/Documents/CodingFiles/FullStack/expensioApp/frontend/ios/Pods/Headers/Public/React-jsiexecutor -I/Users/sparkles/Documents/CodingFiles/FullStack/expensioApp/frontend/ios/Pods/Headers/Public/React-jsinspector -I/Users/sparkles/Documents/CodingFiles/FullStack/expensioApp/frontend/ios/Pods/Headers/Public/React-jsinspectorcdp -I/Users/sparkles/Documents/CodingFiles/FullStack/expensioApp/frontend/ios/Pods/Headers/Public/React-jsinspectornetwork -I/Users/sparkles/Documents/CodingFiles/FullStack/expensioApp/frontend/ios/Pods/Headers/Public/React-jsinspectortracing -I/Users/sparkles/Documents/CodingFiles/FullStack/expensioApp/frontend/ios/Pods/Headers/Public/React-jsitooling -I/Users/sparkles/Documents/CodingFiles/FullStack/expensioApp/frontend/ios/Pods/Headers/Public/React-logger -I/Users/sparkles/Documents/CodingFiles/FullStack/expensioApp/frontend/ios/Pods/Headers/Public/React-microtasksnativemodule -I/Users/sparkles/Documents/CodingFiles/FullStack/expensioApp/frontend/ios/Pods/Headers/Public/React-mutationobservernativemodule -I/Users/sparkles/Documents/CodingFiles/FullStack/expensioApp/frontend/ios/Pods/Headers/Public/React-networking -I/Users/sparkles/Documents/CodingFiles/FullStack/expensioApp/frontend/ios/Pods/Headers/Public/React-oscompat -I/Users/sparkles/Documents/CodingFiles/FullStack/expensioApp/frontend/ios/Pods/Headers/Public/React-perflogger -I/Users/sparkles/Documents/CodingFiles/FullStack/expensioApp/frontend/ios/Pods/Headers/Public/React-performancecdpmetrics -I/Users/sparkles/Documents/CodingFiles/FullStack/expensioApp/frontend/ios/Pods/Headers/Public/React-performancetimeline -I/Users/sparkles/Documents/CodingFiles/FullStack/expensioApp/frontend/ios/Pods/Headers/Public/React-rendererconsistency -I/Users/sparkles/Documents/CodingFiles/FullStack/expensioApp/frontend/ios/Pods/Headers/Public/React-renderercss -I/Users/sparkles/Documents/CodingFiles/FullStack/expensioApp/frontend/ios/Pods/Headers/Public/React-rendererdebug -I/Users/sparkles/Documents/CodingFiles/FullStack/expensioApp/frontend/ios/Pods/Headers/Public/React-runtimeexecutor -I/Users/sparkles/Documents/CodingFiles/FullStack/expensioApp/frontend/ios/Pods/Headers/Public/React-runtimescheduler -I/Users/sparkles/Documents/CodingFiles/FullStack/expensioApp/frontend/ios/Pods/Headers/Public/React-timing -I/Users/sparkles/Documents/CodingFiles/FullStack/expensioApp/frontend/ios/Pods/Headers/Public/React-utils -I/Users/sparkles/Documents/CodingFiles/FullStack/expensioApp/frontend/ios/Pods/Headers/Public/React-viewtransitionnativemodule -I/Users/sparkles/Documents/CodingFiles/FullStack/expensioApp/frontend/ios/Pods/Headers/Public/React-webperformancenativemodule -I/Users/sparkles/Documents/CodingFiles/FullStack/expensioApp/frontend/ios/Pods/Headers/Public/ReactCodegen -I/Users/sparkles/Documents/CodingFiles/FullStack/expensioApp/frontend/ios/Pods/Headers/Public/ReactCommon -I/Users/sparkles/Documents/CodingFiles/FullStack/expensioApp/frontend/ios/Pods/Headers/Public/ReactNativeDependencies -I/Users/sparkles/Documents/CodingFiles/FullStack/expensioApp/frontend/ios/Pods/Headers/Public/Yoga -I/Users/sparkles/Documents/CodingFiles/FullStack/expensioApp/frontend/ios/Pods/Headers/Public/hermes-engine -I/Users/sparkles/Documents/CodingFiles/FullStack/expensioApp/frontend/ios/Pods/ExpoModulesCore/ExpoModulesCore.xcframework/ios-arm64_x86_64-simulator/ExpoModulesCore.framework/Headers -I/Users/sparkles/Documents/CodingFiles/FullStack/expensioApp/frontend/ios/Pods/ExpoModulesCore/ExpoModulesCore.xcframework/ios-arm64/ExpoModulesCore.framework/Headers -I/Users/sparkles/Documents/CodingFiles/FullStack/expensioApp/frontend/ios/Pods/ExpoModulesCore/ExpoModulesCore.xcframework/ios-arm64_x86_64-simulator/ExpoModulesCore.framework/Headers -I/Users/sparkles/Documents/CodingFiles/FullStack/expensioApp/frontend/ios/Pods/ExpoModulesCore/ExpoModulesCore.xcframework/ios-arm64/ExpoModulesCore.framework/Headers -I/Users/sparkles/Library/Developer/Xcode/DerivedData/Expensio-futtgngxcysvvhcljmosbeftqmyc/Build/Intermediates.noindex/Pods.build/Debug-iphonesimulator/ExpoLinearGradient.build/DerivedSources-normal/x86_64 -I/Users/sparkles/Library/Developer/Xcode/DerivedData/Expensio-futtgngxcysvvhcljmosbeftqmyc/Build/Intermediates.noindex/Pods.build/Debug-iphonesimulator/ExpoLinearGradient.build/DerivedSources/x86_64 -I/Users/sparkles/Library/Developer/Xcode/DerivedData/Expensio-futtgngxcysvvhcljmosbeftqmyc/Build/Intermediates.noindex/Pods.build/Debug-iphonesimulator/ExpoLinearGradient.build/DerivedSources -F/Users/sparkles/Library/Developer/Xcode/DerivedData/Expensio-futtgngxcysvvhcljmosbeftqmyc/Build/Products/Debug-iphonesimulator/ExpoLinearGradient -F/Users/sparkles/Documents/CodingFiles/FullStack/expensioApp/frontend/node_modules/expo-modules-jsi/apple/Products -F/Users/sparkles/Documents/CodingFiles/FullStack/expensioApp/frontend/ios/Pods/ExpoModulesCore -F/Users/sparkles/Documents/CodingFiles/FullStack/expensioApp/frontend/ios/Pods/React-Core-prebuilt -F/Users/sparkles/Documents/CodingFiles/FullStack/expensioApp/frontend/ios/Pods/ReactNativeDependencies/framework/packages/react-native -F/Users/sparkles/Documents/CodingFiles/FullStack/expensioApp/frontend/ios/Pods/hermes-engine/destroot/Library/Frameworks/universal -F/Users/sparkles/Library/Developer/Xcode/DerivedData/Expensio-futtgngxcysvvhcljmosbeftqmyc/Build/Products/Debug-iphonesimulator/XCFrameworkIntermediates/ExpoModulesCore -F/Users/sparkles/Library/Developer/Xcode/DerivedData/Expensio-futtgngxcysvvhcljmosbeftqmyc/Build/Products/Debug-iphonesimulator/XCFrameworkIntermediates/ExpoModulesJSI -F/Users/sparkles/Library/Developer/Xcode/DerivedData/Expensio-futtgngxcysvvhcljmosbeftqmyc/Build/Products/Debug-iphonesimulator/XCFrameworkIntermediates/React-Core-prebuilt -F/Users/sparkles/Library/Developer/Xcode/DerivedData/Expensio-futtgngxcysvvhcljmosbeftqmyc/Build/Products/Debug-iphonesimulator/XCFrameworkIntermediates/ReactNativeDependencies -F/Users/sparkles/Library/Developer/Xcode/DerivedData/Expensio-futtgngxcysvvhcljmosbeftqmyc/Build/Products/Debug-iphonesimulator/XCFrameworkIntermediates/hermes-engine/Pre-built '-DRCT_REMOVE_LEGACY_ARCH=1' '-fmodule-map-file=/Users/sparkles/Documents/CodingFiles/FullStack/expensioApp/frontend/ios/Pods/Headers/Public/ReactCodegen/ReactCodegen.modulemap'

WriteAuxiliaryFile /Users/sparkles/Library/Developer/Xcode/DerivedData/Expensio-futtgngxcysvvhcljmosbeftqmyc/Build/Intermediates.noindex/Pods.build/Debug-iphonesimulator/ExpoLinearGradient.build/Objects-normal/x86_64/ExpoLinearGradient_const_extract_protocols.json (in target 'ExpoLinearGradient' from project 'Pods')
    cd /Users/sparkles/Documents/CodingFiles/FullStack/expensioApp/frontend/ios/Pods
    write-file /Users/sparkles/Library/Developer/Xcode/DerivedData/Expensio-futtgngxcysvvhcljmosbeftqmyc/Build/Intermediates.noindex/Pods.build/Debug-iphonesimulator/ExpoLinearGradient.build/Objects-normal/x86_64/ExpoLinearGradient_const_extract_protocols.json

WriteAuxiliaryFile /Users/sparkles/Library/Developer/Xcode/DerivedData/Expensio-futtgngxcysvvhcljmosbeftqmyc/Build/Intermediates.noindex/Pods.build/Debug-iphonesimulator/ExpoLinearGradient.build/Objects-normal/x86_64/ExpoLinearGradient.SwiftFileList (in target 'ExpoLinearGradient' from project 'Pods')
    cd /Users/sparkles/Documents/CodingFiles/FullStack/expensioApp/frontend/ios/Pods
    write-file /Users/sparkles/Library/Developer/Xcode/DerivedData/Expensio-futtgngxcysvvhcljmosbeftqmyc/Build/Intermediates.noindex/Pods.build/Debug-iphonesimulator/ExpoLinearGradient.build/Objects-normal/x86_64/ExpoLinearGradient.SwiftFileList

WriteAuxiliaryFile /Users/sparkles/Library/Developer/Xcode/DerivedData/Expensio-futtgngxcysvvhcljmosbeftqmyc/Build/Intermediates.noindex/Pods.build/Debug-iphonesimulator/ExpoLinearGradient.build/Objects-normal/x86_64/ExpoLinearGradient.SwiftConstValuesFileList (in target 'ExpoLinearGradient' from project 'Pods')
    cd /Users/sparkles/Documents/CodingFiles/FullStack/expensioApp/frontend/ios/Pods
    write-file /Users/sparkles/Library/Developer/Xcode/DerivedData/Expensio-futtgngxcysvvhcljmosbeftqmyc/Build/Intermediates.noindex/Pods.build/Debug-iphonesimulator/ExpoLinearGradient.build/Objects-normal/x86_64/ExpoLinearGradient.SwiftConstValuesFileList

WriteAuxiliaryFile /Users/sparkles/Library/Developer/Xcode/DerivedData/Expensio-futtgngxcysvvhcljmosbeftqmyc/Build/Intermediates.noindex/Pods.build/Debug-iphonesimulator/ExpoLinearGradient.build/Objects-normal/x86_64/ExpoLinearGradient.LinkFileList (in target 'ExpoLinearGradient' from project 'Pods')
    cd /Users/sparkles/Documents/CodingFiles/FullStack/expensioApp/frontend/ios/Pods
    write-file /Users/sparkles/Library/Developer/Xcode/DerivedData/Expensio-futtgngxcysvvhcljmosbeftqmyc/Build/Intermediates.noindex/Pods.build/Debug-iphonesimulator/ExpoLinearGradient.build/Objects-normal/x86_64/ExpoLinearGradient.LinkFileList

WriteAuxiliaryFile /Users/sparkles/Library/Developer/Xcode/DerivedData/Expensio-futtgngxcysvvhcljmosbeftqmyc/Build/Intermediates.noindex/Pods.build/Debug-iphonesimulator/ExpoLinearGradient.build/Objects-normal/x86_64/ExpoLinearGradient-OutputFileMap.json (in target 'ExpoLinearGradient' from project 'Pods')
    cd /Users/sparkles/Documents/CodingFiles/FullStack/expensioApp/frontend/ios/Pods
    write-file /Users/sparkles/Library/Developer/Xcode/DerivedData/Expensio-futtgngxcysvvhcljmosbeftqmyc/Build/Intermediates.noindex/Pods.build/Debug-iphonesimulator/ExpoLinearGradient.build/Objects-normal/x86_64/ExpoLinearGradient-OutputFileMap.json

WriteAuxiliaryFile /Users/sparkles/Library/Developer/Xcode/DerivedData/Expensio-futtgngxcysvvhcljmosbeftqmyc/Build/Intermediates.noindex/Pods.build/Debug-iphonesimulator/ExpoLinearGradient.build/Objects-normal/arm64/e6072d4f65d7061329687fe24e3d63a7-common-args.resp (in target 'ExpoLinearGradient' from project 'Pods')
    cd /Users/sparkles/Documents/CodingFiles/FullStack/expensioApp/frontend/ios/Pods
    write-file /Users/sparkles/Library/Developer/Xcode/DerivedData/Expensio-futtgngxcysvvhcljmosbeftqmyc/Build/Intermediates.noindex/Pods.build/Debug-iphonesimulator/ExpoLinearGradient.build/Objects-normal/arm64/e6072d4f65d7061329687fe24e3d63a7-common-args.resp
'-std=gnu11' -fobjc-arc -fmodules '-fmodules-cache-path=/Users/sparkles/Library/Developer/Xcode/DerivedData/ModuleCache.noindex' '-fmodule-name=ExpoLinearGradient' -fpascal-strings -O0 -fno-common '-DPOD_CONFIGURATION_DEBUG=1' '-DDEBUG=1' '-DCOCOAPODS=1' '-DOBJC_OLD_DISPATCH_PROTOTYPES=0' -g '-fobjc-abi-version=2' -fobjc-legacy-dispatch -iquote /Users/sparkles/Library/Developer/Xcode/DerivedData/Expensio-futtgngxcysvvhcljmosbeftqmyc/Build/Intermediates.noindex/Pods.build/Debug-iphonesimulator/ExpoLinearGradient.build/ExpoLinearGradient-generated-files.hmap -I/Users/sparkles/Library/Developer/Xcode/DerivedData/Expensio-futtgngxcysvvhcljmosbeftqmyc/Build/Intermediates.noindex/Pods.build/Debug-iphonesimulator/ExpoLinearGradient.build/ExpoLinearGradient-own-target-headers.hmap -I/Users/sparkles/Library/Developer/Xcode/DerivedData/Expensio-futtgngxcysvvhcljmosbeftqmyc/Build/Intermediates.noindex/Pods.build/Debug-iphonesimulator/ExpoLinearGradient.build/ExpoLinearGradient-all-non-framework-target-headers.hmap -ivfsoverlay /Users/sparkles/Library/Developer/Xcode/DerivedData/Expensio-futtgngxcysvvhcljmosbeftqmyc/Build/Intermediates.noindex/Pods.build/Debug-iphonesimulator/Pods-8699adb1dd336b26511df848a716bd42-VFS-iphonesimulator/all-product-headers.yaml -iquote /Users/sparkles/Library/Developer/Xcode/DerivedData/Expensio-futtgngxcysvvhcljmosbeftqmyc/Build/Intermediates.noindex/Pods.build/Debug-iphonesimulator/ExpoLinearGradient.build/ExpoLinearGradient-project-headers.hmap -I/Users/sparkles/Library/Developer/Xcode/DerivedData/Expensio-futtgngxcysvvhcljmosbeftqmyc/Build/Products/Debug-iphonesimulator/ExpoLinearGradient/include -I/Users/sparkles/Documents/CodingFiles/FullStack/expensioApp/frontend/ios/Pods/Headers/Public -I/Users/sparkles/Documents/CodingFiles/FullStack/expensioApp/frontend/ios/Pods/Headers/Public/FBLazyVector -I/Users/sparkles/Documents/CodingFiles/FullStack/expensioApp/frontend/ios/Pods/Headers/Public/RCTRequired -I/Users/sparkles/Documents/CodingFiles/FullStack/expensioApp/frontend/ios/Pods/Headers/Public/RCTSwiftUIWrapper -I/Users/sparkles/Documents/CodingFiles/FullStack/expensioApp/frontend/ios/Pods/Headers/Public/RCTTypeSafety -I/Users/sparkles/Documents/CodingFiles/FullStack/expensioApp/frontend/ios/Pods/Headers/Public/React-Core -I/Users/sparkles/Documents/CodingFiles/FullStack/expensioApp/frontend/ios/Pods/Headers/Public/React-Core-prebuilt -I/Users/sparkles/Documents/CodingFiles/FullStack/expensioApp/frontend/ios/Pods/Headers/Public/React-CoreModules -I/Users/sparkles/Documents/CodingFiles/FullStack/expensioApp/frontend/ios/Pods/Headers/Public/React-Fabric -I/Users/sparkles/Documents/CodingFiles/FullStack/expensioApp/frontend/ios/Pods/Headers/Public/React-FabricComponents -I/Users/sparkles/Documents/CodingFiles/FullStack/expensioApp/frontend/ios/Pods/Headers/Public/React-FabricImage -I/Users/sparkles/Documents/CodingFiles/FullStack/expensioApp/frontend/ios/Pods/Headers/Public/React-ImageManager -I/Users/sparkles/Documents/CodingFiles/FullStack/expensioApp/frontend/ios/Pods/Headers/Public/React-Mapbuffer -I/Users/sparkles/Documents/CodingFiles/FullStack/expensioApp/frontend/ios/Pods/Headers/Public/React-NativeModulesApple -I/Users/sparkles/Documents/CodingFiles/FullStack/expensioApp/frontend/ios/Pods/Headers/Public/React-RCTAnimation -I/Users/sparkles/Documents/CodingFiles/FullStack/expensioApp/frontend/ios/Pods/Headers/Public/React-RCTBlob -I/Users/sparkles/Documents/CodingFiles/FullStack/expensioApp/frontend/ios/Pods/Headers/Public/React-RCTFBReactNativeSpec -I/Users/sparkles/Documents/CodingFiles/FullStack/expensioApp/frontend/ios/Pods/Headers/Public/React-RCTFabric -I/Users/sparkles/Documents/CodingFiles/FullStack/expensioApp/frontend/ios/Pods/Headers/Public/React-RCTImage -I/Users/sparkles/Documents/CodingFiles/FullStack/expensioApp/frontend/ios/Pods/Headers/Public/React-RCTRuntime -I/Users/sparkles/Documents/CodingFiles/FullStack/expensioApp/frontend/ios/Pods/Headers/Public/React-RCTText -I/Users/sparkles/Documents/CodingFiles/FullStack/expensioApp/frontend/ios/Pods/Headers/Public/React-RuntimeApple -I/Users/sparkles/Documents/CodingFiles/FullStack/expensioApp/frontend/ios/Pods/Headers/Public/React-RuntimeCore -I/Users/sparkles/Documents/CodingFiles/FullStack/expensioApp/frontend/ios/Pods/Headers/Public/React-RuntimeHermes -I/Users/sparkles/Documents/CodingFiles/FullStack/expensioApp/frontend/ios/Pods/Headers/Public/React-callinvoker -I/Users/sparkles/Documents/CodingFiles/FullStack/expensioApp/frontend/ios/Pods/Headers/Public/React-cxxreact -I/Users/sparkles/Documents/CodingFiles/FullStack/expensioApp/frontend/ios/Pods/Headers/Public/React-debug -I/Users/sparkles/Documents/CodingFiles/FullStack/expensioApp/frontend/ios/Pods/Headers/Public/React-defaultsnativemodule -I/Users/sparkles/Documents/CodingFiles/FullStack/expensioApp/frontend/ios/Pods/Headers/Public/React-domnativemodule -I/Users/sparkles/Documents/CodingFiles/FullStack/expensioApp/frontend/ios/Pods/Headers/Public/React-featureflags -I/Users/sparkles/Documents/CodingFiles/FullStack/expensioApp/frontend/ios/Pods/Headers/Public/React-featureflagsnativemodule -I/Users/sparkles/Documents/CodingFiles/FullStack/expensioApp/frontend/ios/Pods/Headers/Public/React-graphics -I/Users/sparkles/Documents/CodingFiles/FullStack/expensioApp/frontend/ios/Pods/Headers/Public/React-hermes -I/Users/sparkles/Documents/CodingFiles/FullStack/expensioApp/frontend/ios/Pods/Headers/Public/React-idlecallbacksnativemodule -I/Users/sparkles/Documents/CodingFiles/FullStack/expensioApp/frontend/ios/Pods/Headers/Public/React-intersectionobservernativemodule -I/Users/sparkles/Documents/CodingFiles/FullStack/expensioApp/frontend/ios/Pods/Headers/Public/React-jserrorhandler -I/Users/sparkles/Documents/CodingFiles/FullStack/expensioApp/frontend/ios/Pods/Headers/Public/React-jsi -I/Users/sparkles/Documents/CodingFiles/FullStack/expensioApp/frontend/ios/Pods/Headers/Public/React-jsiexecutor -I/Users/sparkles/Documents/CodingFiles/FullStack/expensioApp/frontend/ios/Pods/Headers/Public/React-jsinspector -I/Users/sparkles/Documents/CodingFiles/FullStack/expensioApp/frontend/ios/Pods/Headers/Public/React-jsinspectorcdp -I/Users/sparkles/Documents/CodingFiles/FullStack/expensioApp/frontend/ios/Pods/Headers/Public/React-jsinspectornetwork -I/Users/sparkles/Documents/CodingFiles/FullStack/expensioApp/frontend/ios/Pods/Headers/Public/React-jsinspectortracing -I/Users/sparkles/Documents/CodingFiles/FullStack/expensioApp/frontend/ios/Pods/Headers/Public/React-jsitooling -I/Users/sparkles/Documents/CodingFiles/FullStack/expensioApp/frontend/ios/Pods/Headers/Public/React-logger -I/Users/sparkles/Documents/CodingFiles/FullStack/expensioApp/frontend/ios/Pods/Headers/Public/React-microtasksnativemodule -I/Users/sparkles/Documents/CodingFiles/FullStack/expensioApp/frontend/ios/Pods/Headers/Public/React-mutationobservernativemodule -I/Users/sparkles/Documents/CodingFiles/FullStack/expensioApp/frontend/ios/Pods/Headers/Public/React-networking -I/Users/sparkles/Documents/CodingFiles/FullStack/expensioApp/frontend/ios/Pods/Headers/Public/React-oscompat -I/Users/sparkles/Documents/CodingFiles/FullStack/expensioApp/frontend/ios/Pods/Headers/Public/React-perflogger -I/Users/sparkles/Documents/CodingFiles/FullStack/expensioApp/frontend/ios/Pods/Headers/Public/React-performancecdpmetrics -I/Users/sparkles/Documents/CodingFiles/FullStack/expensioApp/frontend/ios/Pods/Headers/Public/React-performancetimeline -I/Users/sparkles/Documents/CodingFiles/FullStack/expensioApp/frontend/ios/Pods/Headers/Public/React-rendererconsistency -I/Users/sparkles/Documents/CodingFiles/FullStack/expensioApp/frontend/ios/Pods/Headers/Public/React-renderercss -I/Users/sparkles/Documents/CodingFiles/FullStack/expensioApp/frontend/ios/Pods/Headers/Public/React-rendererdebug -I/Users/sparkles/Documents/CodingFiles/FullStack/expensioApp/frontend/ios/Pods/Headers/Public/React-runtimeexecutor -I/Users/sparkles/Documents/CodingFiles/FullStack/expensioApp/frontend/ios/Pods/Headers/Public/React-runtimescheduler -I/Users/sparkles/Documents/CodingFiles/FullStack/expensioApp/frontend/ios/Pods/Headers/Public/React-timing -I/Users/sparkles/Documents/CodingFiles/FullStack/expensioApp/frontend/ios/Pods/Headers/Public/React-utils -I/Users/sparkles/Documents/CodingFiles/FullStack/expensioApp/frontend/ios/Pods/Headers/Public/React-viewtransitionnativemodule -I/Users/sparkles/Documents/CodingFiles/FullStack/expensioApp/frontend/ios/Pods/Headers/Public/React-webperformancenativemodule -I/Users/sparkles/Documents/CodingFiles/FullStack/expensioApp/frontend/ios/Pods/Headers/Public/ReactCodegen -I/Users/sparkles/Documents/CodingFiles/FullStack/expensioApp/frontend/ios/Pods/Headers/Public/ReactCommon -I/Users/sparkles/Documents/CodingFiles/FullStack/expensioApp/frontend/ios/Pods/Headers/Public/ReactNativeDependencies -I/Users/sparkles/Documents/CodingFiles/FullStack/expensioApp/frontend/ios/Pods/Headers/Public/Yoga -I/Users/sparkles/Documents/CodingFiles/FullStack/expensioApp/frontend/ios/Pods/Headers/Public/hermes-engine -I/Users/sparkles/Documents/CodingFiles/FullStack/expensioApp/frontend/ios/Pods/ExpoModulesCore/ExpoModulesCore.xcframework/ios-arm64_x86_64-simulator/ExpoModulesCore.framework/Headers -I/Users/sparkles/Documents/CodingFiles/FullStack/expensioApp/frontend/ios/Pods/ExpoModulesCore/ExpoModulesCore.xcframework/ios-arm64/ExpoModulesCore.framework/Headers -I/Users/sparkles/Documents/CodingFiles/FullStack/expensioApp/frontend/ios/Pods/ExpoModulesCore/ExpoModulesCore.xcframework/ios-arm64_x86_64-simulator/ExpoModulesCore.framework/Headers -I/Users/sparkles/Documents/CodingFiles/FullStack/expensioApp/frontend/ios/Pods/ExpoModulesCore/ExpoModulesCore.xcframework/ios-arm64/ExpoModulesCore.framework/Headers -I/Users/sparkles/Library/Developer/Xcode/DerivedData/Expensio-futtgngxcysvvhcljmosbeftqmyc/Build/Intermediates.noindex/Pods.build/Debug-iphonesimulator/ExpoLinearGradient.build/DerivedSources-normal/arm64 -I/Users/sparkles/Library/Developer/Xcode/DerivedData/Expensio-futtgngxcysvvhcljmosbeftqmyc/Build/Intermediates.noindex/Pods.build/Debug-iphonesimulator/ExpoLinearGradient.build/DerivedSources/arm64 -I/Users/sparkles/Library/Developer/Xcode/DerivedData/Expensio-futtgngxcysvvhcljmosbeftqmyc/Build/Intermediates.noindex/Pods.build/Debug-iphonesimulator/ExpoLinearGradient.build/DerivedSources -F/Users/sparkles/Library/Developer/Xcode/DerivedData/Expensio-futtgngxcysvvhcljmosbeftqmyc/Build/Products/Debug-iphonesimulator/ExpoLinearGradient -F/Users/sparkles/Documents/CodingFiles/FullStack/expensioApp/frontend/node_modules/expo-modules-jsi/apple/Products -F/Users/sparkles/Documents/CodingFiles/FullStack/expensioApp/frontend/ios/Pods/ExpoModulesCore -F/Users/sparkles/Documents/CodingFiles/FullStack/expensioApp/frontend/ios/Pods/React-Core-prebuilt -F/Users/sparkles/Documents/CodingFiles/FullStack/expensioApp/frontend/ios/Pods/ReactNativeDependencies/framework/packages/react-native -F/Users/sparkles/Documents/CodingFiles/FullStack/expensioApp/frontend/ios/Pods/hermes-engine/destroot/Library/Frameworks/universal -F/Users/sparkles/Library/Developer/Xcode/DerivedData/Expensio-futtgngxcysvvhcljmosbeftqmyc/Build/Products/Debug-iphonesimulator/XCFrameworkIntermediates/ExpoModulesCore -F/Users/sparkles/Library/Developer/Xcode/DerivedData/Expensio-futtgngxcysvvhcljmosbeftqmyc/Build/Products/Debug-iphonesimulator/XCFrameworkIntermediates/ExpoModulesJSI -F/Users/sparkles/Library/Developer/Xcode/DerivedData/Expensio-futtgngxcysvvhcljmosbeftqmyc/Build/Products/Debug-iphonesimulator/XCFrameworkIntermediates/React-Core-prebuilt -F/Users/sparkles/Library/Developer/Xcode/DerivedData/Expensio-futtgngxcysvvhcljmosbeftqmyc/Build/Products/Debug-iphonesimulator/XCFrameworkIntermediates/ReactNativeDependencies -F/Users/sparkles/Library/Developer/Xcode/DerivedData/Expensio-futtgngxcysvvhcljmosbeftqmyc/Build/Products/Debug-iphonesimulator/XCFrameworkIntermediates/hermes-engine/Pre-built '-DRCT_REMOVE_LEGACY_ARCH=1' '-fmodule-map-file=/Users/sparkles/Documents/CodingFiles/FullStack/expensioApp/frontend/ios/Pods/Headers/Public/ReactCodegen/ReactCodegen.modulemap'

WriteAuxiliaryFile /Users/sparkles/Library/Developer/Xcode/DerivedData/Expensio-futtgngxcysvvhcljmosbeftqmyc/Build/Intermediates.noindex/Pods.build/Debug-iphonesimulator/ExpoLinearGradient.build/Objects-normal/arm64/ExpoLinearGradient_const_extract_protocols.json (in target 'ExpoLinearGradient' from project 'Pods')
    cd /Users/sparkles/Documents/CodingFiles/FullStack/expensioApp/frontend/ios/Pods
    write-file /Users/sparkles/Library/Developer/Xcode/DerivedData/Expensio-futtgngxcysvvhcljmosbeftqmyc/Build/Intermediates.noindex/Pods.build/Debug-iphonesimulator/ExpoLinearGradient.build/Objects-normal/arm64/ExpoLinearGradient_const_extract_protocols.json

WriteAuxiliaryFile /Users/sparkles/Library/Developer/Xcode/DerivedData/Expensio-futtgngxcysvvhcljmosbeftqmyc/Build/Intermediates.noindex/Pods.build/Debug-iphonesimulator/ExpoLinearGradient.build/Objects-normal/arm64/ExpoLinearGradient.SwiftFileList (in target 'ExpoLinearGradient' from project 'Pods')
    cd /Users/sparkles/Documents/CodingFiles/FullStack/expensioApp/frontend/ios/Pods
    write-file /Users/sparkles/Library/Developer/Xcode/DerivedData/Expensio-futtgngxcysvvhcljmosbeftqmyc/Build/Intermediates.noindex/Pods.build/Debug-iphonesimulator/ExpoLinearGradient.build/Objects-normal/arm64/ExpoLinearGradient.SwiftFileList

WriteAuxiliaryFile /Users/sparkles/Library/Developer/Xcode/DerivedData/Expensio-futtgngxcysvvhcljmosbeftqmyc/Build/Intermediates.noindex/Pods.build/Debug-iphonesimulator/ExpoLinearGradient.build/Objects-normal/arm64/ExpoLinearGradient.SwiftConstValuesFileList (in target 'ExpoLinearGradient' from project 'Pods')
    cd /Users/sparkles/Documents/CodingFiles/FullStack/expensioApp/frontend/ios/Pods
    write-file /Users/sparkles/Library/Developer/Xcode/DerivedData/Expensio-futtgngxcysvvhcljmosbeftqmyc/Build/Intermediates.noindex/Pods.build/Debug-iphonesimulator/ExpoLinearGradient.build/Objects-normal/arm64/ExpoLinearGradient.SwiftConstValuesFileList

WriteAuxiliaryFile /Users/sparkles/Library/Developer/Xcode/DerivedData/Expensio-futtgngxcysvvhcljmosbeftqmyc/Build/Intermediates.noindex/Pods.build/Debug-iphonesimulator/ExpoLinearGradient.build/Objects-normal/arm64/ExpoLinearGradient.LinkFileList (in target 'ExpoLinearGradient' from project 'Pods')
    cd /Users/sparkles/Documents/CodingFiles/FullStack/expensioApp/frontend/ios/Pods
    write-file /Users/sparkles/Library/Developer/Xcode/DerivedData/Expensio-futtgngxcysvvhcljmosbeftqmyc/Build/Intermediates.noindex/Pods.build/Debug-iphonesimulator/ExpoLinearGradient.build/Objects-normal/arm64/ExpoLinearGradient.LinkFileList

WriteAuxiliaryFile /Users/sparkles/Library/Developer/Xcode/DerivedData/Expensio-futtgngxcysvvhcljmosbeftqmyc/Build/Intermediates.noindex/Pods.build/Debug-iphonesimulator/ExpoLinearGradient.build/Objects-normal/arm64/ExpoLinearGradient-OutputFileMap.json (in target 'ExpoLinearGradient' from project 'Pods')
    cd /Users/sparkles/Documents/CodingFiles/FullStack/expensioApp/frontend/ios/Pods
    write-file /Users/sparkles/Library/Developer/Xcode/DerivedData/Expensio-futtgngxcysvvhcljmosbeftqmyc/Build/Intermediates.noindex/Pods.build/Debug-iphonesimulator/ExpoLinearGradient.build/Objects-normal/arm64/ExpoLinearGradient-OutputFileMap.json

WriteAuxiliaryFile /Users/sparkles/Library/Developer/Xcode/DerivedData/Expensio-futtgngxcysvvhcljmosbeftqmyc/Build/Intermediates.noindex/Pods.build/Debug-iphonesimulator/ExpoLinearGradient.build/ExpoLinearGradient.hmap (in target 'ExpoLinearGradient' from project 'Pods')
    cd /Users/sparkles/Documents/CodingFiles/FullStack/expensioApp/frontend/ios/Pods
    write-file /Users/sparkles/Library/Developer/Xcode/DerivedData/Expensio-futtgngxcysvvhcljmosbeftqmyc/Build/Intermediates.noindex/Pods.build/Debug-iphonesimulator/ExpoLinearGradient.build/ExpoLinearGradient.hmap

WriteAuxiliaryFile /Users/sparkles/Library/Developer/Xcode/DerivedData/Expensio-futtgngxcysvvhcljmosbeftqmyc/Build/Intermediates.noindex/Pods.build/Debug-iphonesimulator/ExpoLinearGradient.build/ExpoLinearGradient.DependencyStaticMetadataFileList (in target 'ExpoLinearGradient' from project 'Pods')
    cd /Users/sparkles/Documents/CodingFiles/FullStack/expensioApp/frontend/ios/Pods
    write-file /Users/sparkles/Library/Developer/Xcode/DerivedData/Expensio-futtgngxcysvvhcljmosbeftqmyc/Build/Intermediates.noindex/Pods.build/Debug-iphonesimulator/ExpoLinearGradient.build/ExpoLinearGradient.DependencyStaticMetadataFileList

WriteAuxiliaryFile /Users/sparkles/Library/Developer/Xcode/DerivedData/Expensio-futtgngxcysvvhcljmosbeftqmyc/Build/Intermediates.noindex/Pods.build/Debug-iphonesimulator/ExpoLinearGradient.build/ExpoLinearGradient.DependencyMetadataFileList (in target 'ExpoLinearGradient' from project 'Pods')
    cd /Users/sparkles/Documents/CodingFiles/FullStack/expensioApp/frontend/ios/Pods
    write-file /Users/sparkles/Library/Developer/Xcode/DerivedData/Expensio-futtgngxcysvvhcljmosbeftqmyc/Build/Intermediates.noindex/Pods.build/Debug-iphonesimulator/ExpoLinearGradient.build/ExpoLinearGradient.DependencyMetadataFileList

WriteAuxiliaryFile /Users/sparkles/Library/Developer/Xcode/DerivedData/Expensio-futtgngxcysvvhcljmosbeftqmyc/Build/Intermediates.noindex/Pods.build/Debug-iphonesimulator/ExpoLinearGradient.build/ExpoLinearGradient-project-headers.hmap (in target 'ExpoLinearGradient' from project 'Pods')
    cd /Users/sparkles/Documents/CodingFiles/FullStack/expensioApp/frontend/ios/Pods
    write-file /Users/sparkles/Library/Developer/Xcode/DerivedData/Expensio-futtgngxcysvvhcljmosbeftqmyc/Build/Intermediates.noindex/Pods.build/Debug-iphonesimulator/ExpoLinearGradient.build/ExpoLinearGradient-project-headers.hmap

WriteAuxiliaryFile /Users/sparkles/Library/Developer/Xcode/DerivedData/Expensio-futtgngxcysvvhcljmosbeftqmyc/Build/Intermediates.noindex/Pods.build/Debug-iphonesimulator/ExpoLinearGradient.build/ExpoLinearGradient-own-target-headers.hmap (in target 'ExpoLinearGradient' from project 'Pods')
    cd /Users/sparkles/Documents/CodingFiles/FullStack/expensioApp/frontend/ios/Pods
    write-file /Users/sparkles/Library/Developer/Xcode/DerivedData/Expensio-futtgngxcysvvhcljmosbeftqmyc/Build/Intermediates.noindex/Pods.build/Debug-iphonesimulator/ExpoLinearGradient.build/ExpoLinearGradient-own-target-headers.hmap

WriteAuxiliaryFile /Users/sparkles/Library/Developer/Xcode/DerivedData/Expensio-futtgngxcysvvhcljmosbeftqmyc/Build/Intermediates.noindex/Pods.build/Debug-iphonesimulator/ExpoLinearGradient.build/ExpoLinearGradient-generated-files.hmap (in target 'ExpoLinearGradient' from project 'Pods')
    cd /Users/sparkles/Documents/CodingFiles/FullStack/expensioApp/frontend/ios/Pods
    write-file /Users/sparkles/Library/Developer/Xcode/DerivedData/Expensio-futtgngxcysvvhcljmosbeftqmyc/Build/Intermediates.noindex/Pods.build/Debug-iphonesimulator/ExpoLinearGradient.build/ExpoLinearGradient-generated-files.hmap

WriteAuxiliaryFile /Users/sparkles/Library/Developer/Xcode/DerivedData/Expensio-futtgngxcysvvhcljmosbeftqmyc/Build/Intermediates.noindex/Pods.build/Debug-iphonesimulator/ExpoLinearGradient.build/ExpoLinearGradient-all-target-headers.hmap (in target 'ExpoLinearGradient' from project 'Pods')
    cd /Users/sparkles/Documents/CodingFiles/FullStack/expensioApp/frontend/ios/Pods
    write-file /Users/sparkles/Library/Developer/Xcode/DerivedData/Expensio-futtgngxcysvvhcljmosbeftqmyc/Build/Intermediates.noindex/Pods.build/Debug-iphonesimulator/ExpoLinearGradient.build/ExpoLinearGradient-all-target-headers.hmap

WriteAuxiliaryFile /Users/sparkles/Library/Developer/Xcode/DerivedData/Expensio-futtgngxcysvvhcljmosbeftqmyc/Build/Intermediates.noindex/Pods.build/Debug-iphonesimulator/ExpoLinearGradient.build/ExpoLinearGradient-all-non-framework-target-headers.hmap (in target 'ExpoLinearGradient' from project 'Pods')
    cd /Users/sparkles/Documents/CodingFiles/FullStack/expensioApp/frontend/ios/Pods
    write-file /Users/sparkles/Library/Developer/Xcode/DerivedData/Expensio-futtgngxcysvvhcljmosbeftqmyc/Build/Intermediates.noindex/Pods.build/Debug-iphonesimulator/ExpoLinearGradient.build/ExpoLinearGradient-all-non-framework-target-headers.hmap

WriteAuxiliaryFile /Users/sparkles/Library/Developer/Xcode/DerivedData/Expensio-futtgngxcysvvhcljmosbeftqmyc/Build/Intermediates.noindex/Pods.build/Debug-iphonesimulator/ExpoKeepAwake.build/Script-46EB2E00015400.sh (in target 'ExpoKeepAwake' from project 'Pods')
    cd /Users/sparkles/Documents/CodingFiles/FullStack/expensioApp/frontend/ios/Pods
    write-file /Users/sparkles/Library/Developer/Xcode/DerivedData/Expensio-futtgngxcysvvhcljmosbeftqmyc/Build/Intermediates.noindex/Pods.build/Debug-iphonesimulator/ExpoKeepAwake.build/Script-46EB2E00015400.sh

WriteAuxiliaryFile /Users/sparkles/Library/Developer/Xcode/DerivedData/Expensio-futtgngxcysvvhcljmosbeftqmyc/Build/Intermediates.noindex/Pods.build/Debug-iphonesimulator/ExpoKeepAwake.build/Objects-normal/x86_64/e6072d4f65d7061329687fe24e3d63a7-common-args.resp (in target 'ExpoKeepAwake' from project 'Pods')
    cd /Users/sparkles/Documents/CodingFiles/FullStack/expensioApp/frontend/ios/Pods
    write-file /Users/sparkles/Library/Developer/Xcode/DerivedData/Expensio-futtgngxcysvvhcljmosbeftqmyc/Build/Intermediates.noindex/Pods.build/Debug-iphonesimulator/ExpoKeepAwake.build/Objects-normal/x86_64/e6072d4f65d7061329687fe24e3d63a7-common-args.resp
'-std=gnu11' -fobjc-arc -fmodules '-fmodules-cache-path=/Users/sparkles/Library/Developer/Xcode/DerivedData/ModuleCache.noindex' '-fmodule-name=ExpoKeepAwake' -fpascal-strings -O0 -fno-common '-DPOD_CONFIGURATION_DEBUG=1' '-DDEBUG=1' '-DCOCOAPODS=1' '-DOBJC_OLD_DISPATCH_PROTOTYPES=0' -fasm-blocks -g '-fobjc-abi-version=2' -fobjc-legacy-dispatch -iquote /Users/sparkles/Library/Developer/Xcode/DerivedData/Expensio-futtgngxcysvvhcljmosbeftqmyc/Build/Intermediates.noindex/Pods.build/Debug-iphonesimulator/ExpoKeepAwake.build/ExpoKeepAwake-generated-files.hmap -I/Users/sparkles/Library/Developer/Xcode/DerivedData/Expensio-futtgngxcysvvhcljmosbeftqmyc/Build/Intermediates.noindex/Pods.build/Debug-iphonesimulator/ExpoKeepAwake.build/ExpoKeepAwake-own-target-headers.hmap -I/Users/sparkles/Library/Developer/Xcode/DerivedData/Expensio-futtgngxcysvvhcljmosbeftqmyc/Build/Intermediates.noindex/Pods.build/Debug-iphonesimulator/ExpoKeepAwake.build/ExpoKeepAwake-all-non-framework-target-headers.hmap -ivfsoverlay /Users/sparkles/Library/Developer/Xcode/DerivedData/Expensio-futtgngxcysvvhcljmosbeftqmyc/Build/Intermediates.noindex/Pods.build/Debug-iphonesimulator/Pods-8699adb1dd336b26511df848a716bd42-VFS-iphonesimulator/all-product-headers.yaml -iquote /Users/sparkles/Library/Developer/Xcode/DerivedData/Expensio-futtgngxcysvvhcljmosbeftqmyc/Build/Intermediates.noindex/Pods.build/Debug-iphonesimulator/ExpoKeepAwake.build/ExpoKeepAwake-project-headers.hmap -I/Users/sparkles/Library/Developer/Xcode/DerivedData/Expensio-futtgngxcysvvhcljmosbeftqmyc/Build/Products/Debug-iphonesimulator/ExpoKeepAwake/include -I/Users/sparkles/Documents/CodingFiles/FullStack/expensioApp/frontend/ios/Pods/Headers/Public -I/Users/sparkles/Documents/CodingFiles/FullStack/expensioApp/frontend/ios/Pods/Headers/Public/FBLazyVector -I/Users/sparkles/Documents/CodingFiles/FullStack/expensioApp/frontend/ios/Pods/Headers/Public/RCTRequired -I/Users/sparkles/Documents/CodingFiles/FullStack/expensioApp/frontend/ios/Pods/Headers/Public/RCTSwiftUIWrapper -I/Users/sparkles/Documents/CodingFiles/FullStack/expensioApp/frontend/ios/Pods/Headers/Public/RCTTypeSafety -I/Users/sparkles/Documents/CodingFiles/FullStack/expensioApp/frontend/ios/Pods/Headers/Public/React-Core -I/Users/sparkles/Documents/CodingFiles/FullStack/expensioApp/frontend/ios/Pods/Headers/Public/React-Core-prebuilt -I/Users/sparkles/Documents/CodingFiles/FullStack/expensioApp/frontend/ios/Pods/Headers/Public/React-CoreModules -I/Users/sparkles/Documents/CodingFiles/FullStack/expensioApp/frontend/ios/Pods/Headers/Public/React-Fabric -I/Users/sparkles/Documents/CodingFiles/FullStack/expensioApp/frontend/ios/Pods/Headers/Public/React-FabricComponents -I/Users/sparkles/Documents/CodingFiles/FullStack/expensioApp/frontend/ios/Pods/Headers/Public/React-FabricImage -I/Users/sparkles/Documents/CodingFiles/FullStack/expensioApp/frontend/ios/Pods/Headers/Public/React-ImageManager -I/Users/sparkles/Documents/CodingFiles/FullStack/expensioApp/frontend/ios/Pods/Headers/Public/React-Mapbuffer -I/Users/sparkles/Documents/CodingFiles/FullStack/expensioApp/frontend/ios/Pods/Headers/Public/React-NativeModulesApple -I/Users/sparkles/Documents/CodingFiles/FullStack/expensioApp/frontend/ios/Pods/Headers/Public/React-RCTAnimation -I/Users/sparkles/Documents/CodingFiles/FullStack/expensioApp/frontend/ios/Pods/Headers/Public/React-RCTBlob -I/Users/sparkles/Documents/CodingFiles/FullStack/expensioApp/frontend/ios/Pods/Headers/Public/React-RCTFBReactNativeSpec -I/Users/sparkles/Documents/CodingFiles/FullStack/expensioApp/frontend/ios/Pods/Headers/Public/React-RCTFabric -I/Users/sparkles/Documents/CodingFiles/FullStack/expensioApp/frontend/ios/Pods/Headers/Public/React-RCTImage -I/Users/sparkles/Documents/CodingFiles/FullStack/expensioApp/frontend/ios/Pods/Headers/Public/React-RCTRuntime -I/Users/sparkles/Documents/CodingFiles/FullStack/expensioApp/frontend/ios/Pods/Headers/Public/React-RCTText -I/Users/sparkles/Documents/CodingFiles/FullStack/expensioApp/frontend/ios/Pods/Headers/Public/React-RuntimeApple -I/Users/sparkles/Documents/CodingFiles/FullStack/expensioApp/frontend/ios/Pods/Headers/Public/React-RuntimeCore -I/Users/sparkles/Documents/CodingFiles/FullStack/expensioApp/frontend/ios/Pods/Headers/Public/React-RuntimeHermes -I/Users/sparkles/Documents/CodingFiles/FullStack/expensioApp/frontend/ios/Pods/Headers/Public/React-callinvoker -I/Users/sparkles/Documents/CodingFiles/FullStack/expensioApp/frontend/ios/Pods/Headers/Public/React-cxxreact -I/Users/sparkles/Documents/CodingFiles/FullStack/expensioApp/frontend/ios/Pods/Headers/Public/React-debug -I/Users/sparkles/Documents/CodingFiles/FullStack/expensioApp/frontend/ios/Pods/Headers/Public/React-defaultsnativemodule -I/Users/sparkles/Documents/CodingFiles/FullStack/expensioApp/frontend/ios/Pods/Headers/Public/React-domnativemodule -I/Users/sparkles/Documents/CodingFiles/FullStack/expensioApp/frontend/ios/Pods/Headers/Public/React-featureflags -I/Users/sparkles/Documents/CodingFiles/FullStack/expensioApp/frontend/ios/Pods/Headers/Public/React-featureflagsnativemodule -I/Users/sparkles/Documents/CodingFiles/FullStack/expensioApp/frontend/ios/Pods/Headers/Public/React-graphics -I/Users/sparkles/Documents/CodingFiles/FullStack/expensioApp/frontend/ios/Pods/Headers/Public/React-hermes -I/Users/sparkles/Documents/CodingFiles/FullStack/expensioApp/frontend/ios/Pods/Headers/Public/React-idlecallbacksnativemodule -I/Users/sparkles/Documents/CodingFiles/FullStack/expensioApp/frontend/ios/Pods/Headers/Public/React-intersectionobservernativemodule -I/Users/sparkles/Documents/CodingFiles/FullStack/expensioApp/frontend/ios/Pods/Headers/Public/React-jserrorhandler -I/Users/sparkles/Documents/CodingFiles/FullStack/expensioApp/frontend/ios/Pods/Headers/Public/React-jsi -I/Users/sparkles/Documents/CodingFiles/FullStack/expensioApp/frontend/ios/Pods/Headers/Public/React-jsiexecutor -I/Users/sparkles/Documents/CodingFiles/FullStack/expensioApp/frontend/ios/Pods/Headers/Public/React-jsinspector -I/Users/sparkles/Documents/CodingFiles/FullStack/expensioApp/frontend/ios/Pods/Headers/Public/React-jsinspectorcdp -I/Users/sparkles/Documents/CodingFiles/FullStack/expensioApp/frontend/ios/Pods/Headers/Public/React-jsinspectornetwork -I/Users/sparkles/Documents/CodingFiles/FullStack/expensioApp/frontend/ios/Pods/Headers/Public/React-jsinspectortracing -I/Users/sparkles/Documents/CodingFiles/FullStack/expensioApp/frontend/ios/Pods/Headers/Public/React-jsitooling -I/Users/sparkles/Documents/CodingFiles/FullStack/expensioApp/frontend/ios/Pods/Headers/Public/React-logger -I/Users/sparkles/Documents/CodingFiles/FullStack/expensioApp/frontend/ios/Pods/Headers/Public/React-microtasksnativemodule -I/Users/sparkles/Documents/CodingFiles/FullStack/expensioApp/frontend/ios/Pods/Headers/Public/React-mutationobservernativemodule -I/Users/sparkles/Documents/CodingFiles/FullStack/expensioApp/frontend/ios/Pods/Headers/Public/React-networking -I/Users/sparkles/Documents/CodingFiles/FullStack/expensioApp/frontend/ios/Pods/Headers/Public/React-oscompat -I/Users/sparkles/Documents/CodingFiles/FullStack/expensioApp/frontend/ios/Pods/Headers/Public/React-perflogger -I/Users/sparkles/Documents/CodingFiles/FullStack/expensioApp/frontend/ios/Pods/Headers/Public/React-performancecdpmetrics -I/Users/sparkles/Documents/CodingFiles/FullStack/expensioApp/frontend/ios/Pods/Headers/Public/React-performancetimeline -I/Users/sparkles/Documents/CodingFiles/FullStack/expensioApp/frontend/ios/Pods/Headers/Public/React-rendererconsistency -I/Users/sparkles/Documents/CodingFiles/FullStack/expensioApp/frontend/ios/Pods/Headers/Public/React-renderercss -I/Users/sparkles/Documents/CodingFiles/FullStack/expensioApp/frontend/ios/Pods/Headers/Public/React-rendererdebug -I/Users/sparkles/Documents/CodingFiles/FullStack/expensioApp/frontend/ios/Pods/Headers/Public/React-runtimeexecutor -I/Users/sparkles/Documents/CodingFiles/FullStack/expensioApp/frontend/ios/Pods/Headers/Public/React-runtimescheduler -I/Users/sparkles/Documents/CodingFiles/FullStack/expensioApp/frontend/ios/Pods/Headers/Public/React-timing -I/Users/sparkles/Documents/CodingFiles/FullStack/expensioApp/frontend/ios/Pods/Headers/Public/React-utils -I/Users/sparkles/Documents/CodingFiles/FullStack/expensioApp/frontend/ios/Pods/Headers/Public/React-viewtransitionnativemodule -I/Users/sparkles/Documents/CodingFiles/FullStack/expensioApp/frontend/ios/Pods/Headers/Public/React-webperformancenativemodule -I/Users/sparkles/Documents/CodingFiles/FullStack/expensioApp/frontend/ios/Pods/Headers/Public/ReactCodegen -I/Users/sparkles/Documents/CodingFiles/FullStack/expensioApp/frontend/ios/Pods/Headers/Public/ReactCommon -I/Users/sparkles/Documents/CodingFiles/FullStack/expensioApp/frontend/ios/Pods/Headers/Public/ReactNativeDependencies -I/Users/sparkles/Documents/CodingFiles/FullStack/expensioApp/frontend/ios/Pods/Headers/Public/Yoga -I/Users/sparkles/Documents/CodingFiles/FullStack/expensioApp/frontend/ios/Pods/Headers/Public/hermes-engine -I/Users/sparkles/Documents/CodingFiles/FullStack/expensioApp/frontend/ios/Pods/ExpoModulesCore/ExpoModulesCore.xcframework/ios-arm64_x86_64-simulator/ExpoModulesCore.framework/Headers -I/Users/sparkles/Documents/CodingFiles/FullStack/expensioApp/frontend/ios/Pods/ExpoModulesCore/ExpoModulesCore.xcframework/ios-arm64/ExpoModulesCore.framework/Headers -I/Users/sparkles/Documents/CodingFiles/FullStack/expensioApp/frontend/ios/Pods/ExpoModulesCore/ExpoModulesCore.xcframework/ios-arm64_x86_64-simulator/ExpoModulesCore.framework/Headers -I/Users/sparkles/Documents/CodingFiles/FullStack/expensioApp/frontend/ios/Pods/ExpoModulesCore/ExpoModulesCore.xcframework/ios-arm64/ExpoModulesCore.framework/Headers -I/Users/sparkles/Library/Developer/Xcode/DerivedData/Expensio-futtgngxcysvvhcljmosbeftqmyc/Build/Intermediates.noindex/Pods.build/Debug-iphonesimulator/ExpoKeepAwake.build/DerivedSources-normal/x86_64 -I/Users/sparkles/Library/Developer/Xcode/DerivedData/Expensio-futtgngxcysvvhcljmosbeftqmyc/Build/Intermediates.noindex/Pods.build/Debug-iphonesimulator/ExpoKeepAwake.build/DerivedSources/x86_64 -I/Users/sparkles/Library/Developer/Xcode/DerivedData/Expensio-futtgngxcysvvhcljmosbeftqmyc/Build/Intermediates.noindex/Pods.build/Debug-iphonesimulator/ExpoKeepAwake.build/DerivedSources -F/Users/sparkles/Library/Developer/Xcode/DerivedData/Expensio-futtgngxcysvvhcljmosbeftqmyc/Build/Products/Debug-iphonesimulator/ExpoKeepAwake -F/Users/sparkles/Documents/CodingFiles/FullStack/expensioApp/frontend/node_modules/expo-modules-jsi/apple/Products -F/Users/sparkles/Documents/CodingFiles/FullStack/expensioApp/frontend/ios/Pods/ExpoModulesCore -F/Users/sparkles/Documents/CodingFiles/FullStack/expensioApp/frontend/ios/Pods/React-Core-prebuilt -F/Users/sparkles/Documents/CodingFiles/FullStack/expensioApp/frontend/ios/Pods/ReactNativeDependencies/framework/packages/react-native -F/Users/sparkles/Documents/CodingFiles/FullStack/expensioApp/frontend/ios/Pods/hermes-engine/destroot/Library/Frameworks/universal -F/Users/sparkles/Library/Developer/Xcode/DerivedData/Expensio-futtgngxcysvvhcljmosbeftqmyc/Build/Products/Debug-iphonesimulator/XCFrameworkIntermediates/ExpoModulesCore -F/Users/sparkles/Library/Developer/Xcode/DerivedData/Expensio-futtgngxcysvvhcljmosbeftqmyc/Build/Products/Debug-iphonesimulator/XCFrameworkIntermediates/ExpoModulesJSI -F/Users/sparkles/Library/Developer/Xcode/DerivedData/Expensio-futtgngxcysvvhcljmosbeftqmyc/Build/Products/Debug-iphonesimulator/XCFrameworkIntermediates/React-Core-prebuilt -F/Users/sparkles/Library/Developer/Xcode/DerivedData/Expensio-futtgngxcysvvhcljmosbeftqmyc/Build/Products/Debug-iphonesimulator/XCFrameworkIntermediates/ReactNativeDependencies -F/Users/sparkles/Library/Developer/Xcode/DerivedData/Expensio-futtgngxcysvvhcljmosbeftqmyc/Build/Products/Debug-iphonesimulator/XCFrameworkIntermediates/hermes-engine/Pre-built '-DRCT_REMOVE_LEGACY_ARCH=1' '-fmodule-map-file=/Users/sparkles/Documents/CodingFiles/FullStack/expensioApp/frontend/ios/Pods/Headers/Public/ReactCodegen/ReactCodegen.modulemap'

WriteAuxiliaryFile /Users/sparkles/Library/Developer/Xcode/DerivedData/Expensio-futtgngxcysvvhcljmosbeftqmyc/Build/Intermediates.noindex/Pods.build/Debug-iphonesimulator/ExpoKeepAwake.build/Objects-normal/x86_64/ExpoKeepAwake_const_extract_protocols.json (in target 'ExpoKeepAwake' from project 'Pods')
    cd /Users/sparkles/Documents/CodingFiles/FullStack/expensioApp/frontend/ios/Pods
    write-file /Users/sparkles/Library/Developer/Xcode/DerivedData/Expensio-futtgngxcysvvhcljmosbeftqmyc/Build/Intermediates.noindex/Pods.build/Debug-iphonesimulator/ExpoKeepAwake.build/Objects-normal/x86_64/ExpoKeepAwake_const_extract_protocols.json

WriteAuxiliaryFile /Users/sparkles/Library/Developer/Xcode/DerivedData/Expensio-futtgngxcysvvhcljmosbeftqmyc/Build/Intermediates.noindex/Pods.build/Debug-iphonesimulator/ExpoKeepAwake.build/Objects-normal/x86_64/ExpoKeepAwake.SwiftFileList (in target 'ExpoKeepAwake' from project 'Pods')
    cd /Users/sparkles/Documents/CodingFiles/FullStack/expensioApp/frontend/ios/Pods
    write-file /Users/sparkles/Library/Developer/Xcode/DerivedData/Expensio-futtgngxcysvvhcljmosbeftqmyc/Build/Intermediates.noindex/Pods.build/Debug-iphonesimulator/ExpoKeepAwake.build/Objects-normal/x86_64/ExpoKeepAwake.SwiftFileList

WriteAuxiliaryFile /Users/sparkles/Library/Developer/Xcode/DerivedData/Expensio-futtgngxcysvvhcljmosbeftqmyc/Build/Intermediates.noindex/Pods.build/Debug-iphonesimulator/ExpoKeepAwake.build/Objects-normal/x86_64/ExpoKeepAwake.SwiftConstValuesFileList (in target 'ExpoKeepAwake' from project 'Pods')
    cd /Users/sparkles/Documents/CodingFiles/FullStack/expensioApp/frontend/ios/Pods
    write-file /Users/sparkles/Library/Developer/Xcode/DerivedData/Expensio-futtgngxcysvvhcljmosbeftqmyc/Build/Intermediates.noindex/Pods.build/Debug-iphonesimulator/ExpoKeepAwake.build/Objects-normal/x86_64/ExpoKeepAwake.SwiftConstValuesFileList

WriteAuxiliaryFile /Users/sparkles/Library/Developer/Xcode/DerivedData/Expensio-futtgngxcysvvhcljmosbeftqmyc/Build/Intermediates.noindex/Pods.build/Debug-iphonesimulator/ExpoKeepAwake.build/Objects-normal/x86_64/ExpoKeepAwake.LinkFileList (in target 'ExpoKeepAwake' from project 'Pods')
    cd /Users/sparkles/Documents/CodingFiles/FullStack/expensioApp/frontend/ios/Pods
    write-file /Users/sparkles/Library/Developer/Xcode/DerivedData/Expensio-futtgngxcysvvhcljmosbeftqmyc/Build/Intermediates.noindex/Pods.build/Debug-iphonesimulator/ExpoKeepAwake.build/Objects-normal/x86_64/ExpoKeepAwake.LinkFileList

WriteAuxiliaryFile /Users/sparkles/Library/Developer/Xcode/DerivedData/Expensio-futtgngxcysvvhcljmosbeftqmyc/Build/Intermediates.noindex/Pods.build/Debug-iphonesimulator/ExpoKeepAwake.build/Objects-normal/x86_64/ExpoKeepAwake-OutputFileMap.json (in target 'ExpoKeepAwake' from project 'Pods')
    cd /Users/sparkles/Documents/CodingFiles/FullStack/expensioApp/frontend/ios/Pods
    write-file /Users/sparkles/Library/Developer/Xcode/DerivedData/Expensio-futtgngxcysvvhcljmosbeftqmyc/Build/Intermediates.noindex/Pods.build/Debug-iphonesimulator/ExpoKeepAwake.build/Objects-normal/x86_64/ExpoKeepAwake-OutputFileMap.json

WriteAuxiliaryFile /Users/sparkles/Library/Developer/Xcode/DerivedData/Expensio-futtgngxcysvvhcljmosbeftqmyc/Build/Intermediates.noindex/Pods.build/Debug-iphonesimulator/ExpoKeepAwake.build/Objects-normal/arm64/e6072d4f65d7061329687fe24e3d63a7-common-args.resp (in target 'ExpoKeepAwake' from project 'Pods')
    cd /Users/sparkles/Documents/CodingFiles/FullStack/expensioApp/frontend/ios/Pods
    write-file /Users/sparkles/Library/Developer/Xcode/DerivedData/Expensio-futtgngxcysvvhcljmosbeftqmyc/Build/Intermediates.noindex/Pods.build/Debug-iphonesimulator/ExpoKeepAwake.build/Objects-normal/arm64/e6072d4f65d7061329687fe24e3d63a7-common-args.resp
'-std=gnu11' -fobjc-arc -fmodules '-fmodules-cache-path=/Users/sparkles/Library/Developer/Xcode/DerivedData/ModuleCache.noindex' '-fmodule-name=ExpoKeepAwake' -fpascal-strings -O0 -fno-common '-DPOD_CONFIGURATION_DEBUG=1' '-DDEBUG=1' '-DCOCOAPODS=1' '-DOBJC_OLD_DISPATCH_PROTOTYPES=0' -g '-fobjc-abi-version=2' -fobjc-legacy-dispatch -iquote /Users/sparkles/Library/Developer/Xcode/DerivedData/Expensio-futtgngxcysvvhcljmosbeftqmyc/Build/Intermediates.noindex/Pods.build/Debug-iphonesimulator/ExpoKeepAwake.build/ExpoKeepAwake-generated-files.hmap -I/Users/sparkles/Library/Developer/Xcode/DerivedData/Expensio-futtgngxcysvvhcljmosbeftqmyc/Build/Intermediates.noindex/Pods.build/Debug-iphonesimulator/ExpoKeepAwake.build/ExpoKeepAwake-own-target-headers.hmap -I/Users/sparkles/Library/Developer/Xcode/DerivedData/Expensio-futtgngxcysvvhcljmosbeftqmyc/Build/Intermediates.noindex/Pods.build/Debug-iphonesimulator/ExpoKeepAwake.build/ExpoKeepAwake-all-non-framework-target-headers.hmap -ivfsoverlay /Users/sparkles/Library/Developer/Xcode/DerivedData/Expensio-futtgngxcysvvhcljmosbeftqmyc/Build/Intermediates.noindex/Pods.build/Debug-iphonesimulator/Pods-8699adb1dd336b26511df848a716bd42-VFS-iphonesimulator/all-product-headers.yaml -iquote /Users/sparkles/Library/Developer/Xcode/DerivedData/Expensio-futtgngxcysvvhcljmosbeftqmyc/Build/Intermediates.noindex/Pods.build/Debug-iphonesimulator/ExpoKeepAwake.build/ExpoKeepAwake-project-headers.hmap -I/Users/sparkles/Library/Developer/Xcode/DerivedData/Expensio-futtgngxcysvvhcljmosbeftqmyc/Build/Products/Debug-iphonesimulator/ExpoKeepAwake/include -I/Users/sparkles/Documents/CodingFiles/FullStack/expensioApp/frontend/ios/Pods/Headers/Public -I/Users/sparkles/Documents/CodingFiles/FullStack/expensioApp/frontend/ios/Pods/Headers/Public/FBLazyVector -I/Users/sparkles/Documents/CodingFiles/FullStack/expensioApp/frontend/ios/Pods/Headers/Public/RCTRequired -I/Users/sparkles/Documents/CodingFiles/FullStack/expensioApp/frontend/ios/Pods/Headers/Public/RCTSwiftUIWrapper -I/Users/sparkles/Documents/CodingFiles/FullStack/expensioApp/frontend/ios/Pods/Headers/Public/RCTTypeSafety -I/Users/sparkles/Documents/CodingFiles/FullStack/expensioApp/frontend/ios/Pods/Headers/Public/React-Core -I/Users/sparkles/Documents/CodingFiles/FullStack/expensioApp/frontend/ios/Pods/Headers/Public/React-Core-prebuilt -I/Users/sparkles/Documents/CodingFiles/FullStack/expensioApp/frontend/ios/Pods/Headers/Public/React-CoreModules -I/Users/sparkles/Documents/CodingFiles/FullStack/expensioApp/frontend/ios/Pods/Headers/Public/React-Fabric -I/Users/sparkles/Documents/CodingFiles/FullStack/expensioApp/frontend/ios/Pods/Headers/Public/React-FabricComponents -I/Users/sparkles/Documents/CodingFiles/FullStack/expensioApp/frontend/ios/Pods/Headers/Public/React-FabricImage -I/Users/sparkles/Documents/CodingFiles/FullStack/expensioApp/frontend/ios/Pods/Headers/Public/React-ImageManager -I/Users/sparkles/Documents/CodingFiles/FullStack/expensioApp/frontend/ios/Pods/Headers/Public/React-Mapbuffer -I/Users/sparkles/Documents/CodingFiles/FullStack/expensioApp/frontend/ios/Pods/Headers/Public/React-NativeModulesApple -I/Users/sparkles/Documents/CodingFiles/FullStack/expensioApp/frontend/ios/Pods/Headers/Public/React-RCTAnimation -I/Users/sparkles/Documents/CodingFiles/FullStack/expensioApp/frontend/ios/Pods/Headers/Public/React-RCTBlob -I/Users/sparkles/Documents/CodingFiles/FullStack/expensioApp/frontend/ios/Pods/Headers/Public/React-RCTFBReactNativeSpec -I/Users/sparkles/Documents/CodingFiles/FullStack/expensioApp/frontend/ios/Pods/Headers/Public/React-RCTFabric -I/Users/sparkles/Documents/CodingFiles/FullStack/expensioApp/frontend/ios/Pods/Headers/Public/React-RCTImage -I/Users/sparkles/Documents/CodingFiles/FullStack/expensioApp/frontend/ios/Pods/Headers/Public/React-RCTRuntime -I/Users/sparkles/Documents/CodingFiles/FullStack/expensioApp/frontend/ios/Pods/Headers/Public/React-RCTText -I/Users/sparkles/Documents/CodingFiles/FullStack/expensioApp/frontend/ios/Pods/Headers/Public/React-RuntimeApple -I/Users/sparkles/Documents/CodingFiles/FullStack/expensioApp/frontend/ios/Pods/Headers/Public/React-RuntimeCore -I/Users/sparkles/Documents/CodingFiles/FullStack/expensioApp/frontend/ios/Pods/Headers/Public/React-RuntimeHermes -I/Users/sparkles/Documents/CodingFiles/FullStack/expensioApp/frontend/ios/Pods/Headers/Public/React-callinvoker -I/Users/sparkles/Documents/CodingFiles/FullStack/expensioApp/frontend/ios/Pods/Headers/Public/React-cxxreact -I/Users/sparkles/Documents/CodingFiles/FullStack/expensioApp/frontend/ios/Pods/Headers/Public/React-debug -I/Users/sparkles/Documents/CodingFiles/FullStack/expensioApp/frontend/ios/Pods/Headers/Public/React-defaultsnativemodule -I/Users/sparkles/Documents/CodingFiles/FullStack/expensioApp/frontend/ios/Pods/Headers/Public/React-domnativemodule -I/Users/sparkles/Documents/CodingFiles/FullStack/expensioApp/frontend/ios/Pods/Headers/Public/React-featureflags -I/Users/sparkles/Documents/CodingFiles/FullStack/expensioApp/frontend/ios/Pods/Headers/Public/React-featureflagsnativemodule -I/Users/sparkles/Documents/CodingFiles/FullStack/expensioApp/frontend/ios/Pods/Headers/Public/React-graphics -I/Users/sparkles/Documents/CodingFiles/FullStack/expensioApp/frontend/ios/Pods/Headers/Public/React-hermes -I/Users/sparkles/Documents/CodingFiles/FullStack/expensioApp/frontend/ios/Pods/Headers/Public/React-idlecallbacksnativemodule -I/Users/sparkles/Documents/CodingFiles/FullStack/expensioApp/frontend/ios/Pods/Headers/Public/React-intersectionobservernativemodule -I/Users/sparkles/Documents/CodingFiles/FullStack/expensioApp/frontend/ios/Pods/Headers/Public/React-jserrorhandler -I/Users/sparkles/Documents/CodingFiles/FullStack/expensioApp/frontend/ios/Pods/Headers/Public/React-jsi -I/Users/sparkles/Documents/CodingFiles/FullStack/expensioApp/frontend/ios/Pods/Headers/Public/React-jsiexecutor -I/Users/sparkles/Documents/CodingFiles/FullStack/expensioApp/frontend/ios/Pods/Headers/Public/React-jsinspector -I/Users/sparkles/Documents/CodingFiles/FullStack/expensioApp/frontend/ios/Pods/Headers/Public/React-jsinspectorcdp -I/Users/sparkles/Documents/CodingFiles/FullStack/expensioApp/frontend/ios/Pods/Headers/Public/React-jsinspectornetwork -I/Users/sparkles/Documents/CodingFiles/FullStack/expensioApp/frontend/ios/Pods/Headers/Public/React-jsinspectortracing -I/Users/sparkles/Documents/CodingFiles/FullStack/expensioApp/frontend/ios/Pods/Headers/Public/React-jsitooling -I/Users/sparkles/Documents/CodingFiles/FullStack/expensioApp/frontend/ios/Pods/Headers/Public/React-logger -I/Users/sparkles/Documents/CodingFiles/FullStack/expensioApp/frontend/ios/Pods/Headers/Public/React-microtasksnativemodule -I/Users/sparkles/Documents/CodingFiles/FullStack/expensioApp/frontend/ios/Pods/Headers/Public/React-mutationobservernativemodule -I/Users/sparkles/Documents/CodingFiles/FullStack/expensioApp/frontend/ios/Pods/Headers/Public/React-networking -I/Users/sparkles/Documents/CodingFiles/FullStack/expensioApp/frontend/ios/Pods/Headers/Public/React-oscompat -I/Users/sparkles/Documents/CodingFiles/FullStack/expensioApp/frontend/ios/Pods/Headers/Public/React-perflogger -I/Users/sparkles/Documents/CodingFiles/FullStack/expensioApp/frontend/ios/Pods/Headers/Public/React-performancecdpmetrics -I/Users/sparkles/Documents/CodingFiles/FullStack/expensioApp/frontend/ios/Pods/Headers/Public/React-performancetimeline -I/Users/sparkles/Documents/CodingFiles/FullStack/expensioApp/frontend/ios/Pods/Headers/Public/React-rendererconsistency -I/Users/sparkles/Documents/CodingFiles/FullStack/expensioApp/frontend/ios/Pods/Headers/Public/React-renderercss -I/Users/sparkles/Documents/CodingFiles/FullStack/expensioApp/frontend/ios/Pods/Headers/Public/React-rendererdebug -I/Users/sparkles/Documents/CodingFiles/FullStack/expensioApp/frontend/ios/Pods/Headers/Public/React-runtimeexecutor -I/Users/sparkles/Documents/CodingFiles/FullStack/expensioApp/frontend/ios/Pods/Headers/Public/React-runtimescheduler -I/Users/sparkles/Documents/CodingFiles/FullStack/expensioApp/frontend/ios/Pods/Headers/Public/React-timing -I/Users/sparkles/Documents/CodingFiles/FullStack/expensioApp/frontend/ios/Pods/Headers/Public/React-utils -I/Users/sparkles/Documents/CodingFiles/FullStack/expensioApp/frontend/ios/Pods/Headers/Public/React-viewtransitionnativemodule -I/Users/sparkles/Documents/CodingFiles/FullStack/expensioApp/frontend/ios/Pods/Headers/Public/React-webperformancenativemodule -I/Users/sparkles/Documents/CodingFiles/FullStack/expensioApp/frontend/ios/Pods/Headers/Public/ReactCodegen -I/Users/sparkles/Documents/CodingFiles/FullStack/expensioApp/frontend/ios/Pods/Headers/Public/ReactCommon -I/Users/sparkles/Documents/CodingFiles/FullStack/expensioApp/frontend/ios/Pods/Headers/Public/ReactNativeDependencies -I/Users/sparkles/Documents/CodingFiles/FullStack/expensioApp/frontend/ios/Pods/Headers/Public/Yoga -I/Users/sparkles/Documents/CodingFiles/FullStack/expensioApp/frontend/ios/Pods/Headers/Public/hermes-engine -I/Users/sparkles/Documents/CodingFiles/FullStack/expensioApp/frontend/ios/Pods/ExpoModulesCore/ExpoModulesCore.xcframework/ios-arm64_x86_64-simulator/ExpoModulesCore.framework/Headers -I/Users/sparkles/Documents/CodingFiles/FullStack/expensioApp/frontend/ios/Pods/ExpoModulesCore/ExpoModulesCore.xcframework/ios-arm64/ExpoModulesCore.framework/Headers -I/Users/sparkles/Documents/CodingFiles/FullStack/expensioApp/frontend/ios/Pods/ExpoModulesCore/ExpoModulesCore.xcframework/ios-arm64_x86_64-simulator/ExpoModulesCore.framework/Headers -I/Users/sparkles/Documents/CodingFiles/FullStack/expensioApp/frontend/ios/Pods/ExpoModulesCore/ExpoModulesCore.xcframework/ios-arm64/ExpoModulesCore.framework/Headers -I/Users/sparkles/Library/Developer/Xcode/DerivedData/Expensio-futtgngxcysvvhcljmosbeftqmyc/Build/Intermediates.noindex/Pods.build/Debug-iphonesimulator/ExpoKeepAwake.build/DerivedSources-normal/arm64 -I/Users/sparkles/Library/Developer/Xcode/DerivedData/Expensio-futtgngxcysvvhcljmosbeftqmyc/Build/Intermediates.noindex/Pods.build/Debug-iphonesimulator/ExpoKeepAwake.build/DerivedSources/arm64 -I/Users/sparkles/Library/Developer/Xcode/DerivedData/Expensio-futtgngxcysvvhcljmosbeftqmyc/Build/Intermediates.noindex/Pods.build/Debug-iphonesimulator/ExpoKeepAwake.build/DerivedSources -F/Users/sparkles/Library/Developer/Xcode/DerivedData/Expensio-futtgngxcysvvhcljmosbeftqmyc/Build/Products/Debug-iphonesimulator/ExpoKeepAwake -F/Users/sparkles/Documents/CodingFiles/FullStack/expensioApp/frontend/node_modules/expo-modules-jsi/apple/Products -F/Users/sparkles/Documents/CodingFiles/FullStack/expensioApp/frontend/ios/Pods/ExpoModulesCore -F/Users/sparkles/Documents/CodingFiles/FullStack/expensioApp/frontend/ios/Pods/React-Core-prebuilt -F/Users/sparkles/Documents/CodingFiles/FullStack/expensioApp/frontend/ios/Pods/ReactNativeDependencies/framework/packages/react-native -F/Users/sparkles/Documents/CodingFiles/FullStack/expensioApp/frontend/ios/Pods/hermes-engine/destroot/Library/Frameworks/universal -F/Users/sparkles/Library/Developer/Xcode/DerivedData/Expensio-futtgngxcysvvhcljmosbeftqmyc/Build/Products/Debug-iphonesimulator/XCFrameworkIntermediates/ExpoModulesCore -F/Users/sparkles/Library/Developer/Xcode/DerivedData/Expensio-futtgngxcysvvhcljmosbeftqmyc/Build/Products/Debug-iphonesimulator/XCFrameworkIntermediates/ExpoModulesJSI -F/Users/sparkles/Library/Developer/Xcode/DerivedData/Expensio-futtgngxcysvvhcljmosbeftqmyc/Build/Products/Debug-iphonesimulator/XCFrameworkIntermediates/React-Core-prebuilt -F/Users/sparkles/Library/Developer/Xcode/DerivedData/Expensio-futtgngxcysvvhcljmosbeftqmyc/Build/Products/Debug-iphonesimulator/XCFrameworkIntermediates/ReactNativeDependencies -F/Users/sparkles/Library/Developer/Xcode/DerivedData/Expensio-futtgngxcysvvhcljmosbeftqmyc/Build/Products/Debug-iphonesimulator/XCFrameworkIntermediates/hermes-engine/Pre-built '-DRCT_REMOVE_LEGACY_ARCH=1' '-fmodule-map-file=/Users/sparkles/Documents/CodingFiles/FullStack/expensioApp/frontend/ios/Pods/Headers/Public/ReactCodegen/ReactCodegen.modulemap'

WriteAuxiliaryFile /Users/sparkles/Library/Developer/Xcode/DerivedData/Expensio-futtgngxcysvvhcljmosbeftqmyc/Build/Intermediates.noindex/Pods.build/Debug-iphonesimulator/ExpoKeepAwake.build/Objects-normal/arm64/ExpoKeepAwake_const_extract_protocols.json (in target 'ExpoKeepAwake' from project 'Pods')
    cd /Users/sparkles/Documents/CodingFiles/FullStack/expensioApp/frontend/ios/Pods
    write-file /Users/sparkles/Library/Developer/Xcode/DerivedData/Expensio-futtgngxcysvvhcljmosbeftqmyc/Build/Intermediates.noindex/Pods.build/Debug-iphonesimulator/ExpoKeepAwake.build/Objects-normal/arm64/ExpoKeepAwake_const_extract_protocols.json

WriteAuxiliaryFile /Users/sparkles/Library/Developer/Xcode/DerivedData/Expensio-futtgngxcysvvhcljmosbeftqmyc/Build/Intermediates.noindex/Pods.build/Debug-iphonesimulator/ExpoKeepAwake.build/Objects-normal/arm64/ExpoKeepAwake.SwiftFileList (in target 'ExpoKeepAwake' from project 'Pods')
    cd /Users/sparkles/Documents/CodingFiles/FullStack/expensioApp/frontend/ios/Pods
    write-file /Users/sparkles/Library/Developer/Xcode/DerivedData/Expensio-futtgngxcysvvhcljmosbeftqmyc/Build/Intermediates.noindex/Pods.build/Debug-iphonesimulator/ExpoKeepAwake.build/Objects-normal/arm64/ExpoKeepAwake.SwiftFileList

WriteAuxiliaryFile /Users/sparkles/Library/Developer/Xcode/DerivedData/Expensio-futtgngxcysvvhcljmosbeftqmyc/Build/Intermediates.noindex/Pods.build/Debug-iphonesimulator/ExpoKeepAwake.build/Objects-normal/arm64/ExpoKeepAwake.SwiftConstValuesFileList (in target 'ExpoKeepAwake' from project 'Pods')
    cd /Users/sparkles/Documents/CodingFiles/FullStack/expensioApp/frontend/ios/Pods
    write-file /Users/sparkles/Library/Developer/Xcode/DerivedData/Expensio-futtgngxcysvvhcljmosbeftqmyc/Build/Intermediates.noindex/Pods.build/Debug-iphonesimulator/ExpoKeepAwake.build/Objects-normal/arm64/ExpoKeepAwake.SwiftConstValuesFileList

WriteAuxiliaryFile /Users/sparkles/Library/Developer/Xcode/DerivedData/Expensio-futtgngxcysvvhcljmosbeftqmyc/Build/Intermediates.noindex/Pods.build/Debug-iphonesimulator/ExpoKeepAwake.build/Objects-normal/arm64/ExpoKeepAwake.LinkFileList (in target 'ExpoKeepAwake' from project 'Pods')
    cd /Users/sparkles/Documents/CodingFiles/FullStack/expensioApp/frontend/ios/Pods
    write-file /Users/sparkles/Library/Developer/Xcode/DerivedData/Expensio-futtgngxcysvvhcljmosbeftqmyc/Build/Intermediates.noindex/Pods.build/Debug-iphonesimulator/ExpoKeepAwake.build/Objects-normal/arm64/ExpoKeepAwake.LinkFileList

WriteAuxiliaryFile /Users/sparkles/Library/Developer/Xcode/DerivedData/Expensio-futtgngxcysvvhcljmosbeftqmyc/Build/Intermediates.noindex/Pods.build/Debug-iphonesimulator/ExpoKeepAwake.build/Objects-normal/arm64/ExpoKeepAwake-OutputFileMap.json (in target 'ExpoKeepAwake' from project 'Pods')
    cd /Users/sparkles/Documents/CodingFiles/FullStack/expensioApp/frontend/ios/Pods
    write-file /Users/sparkles/Library/Developer/Xcode/DerivedData/Expensio-futtgngxcysvvhcljmosbeftqmyc/Build/Intermediates.noindex/Pods.build/Debug-iphonesimulator/ExpoKeepAwake.build/Objects-normal/arm64/ExpoKeepAwake-OutputFileMap.json

WriteAuxiliaryFile /Users/sparkles/Library/Developer/Xcode/DerivedData/Expensio-futtgngxcysvvhcljmosbeftqmyc/Build/Intermediates.noindex/Pods.build/Debug-iphonesimulator/ExpoKeepAwake.build/ExpoKeepAwake.hmap (in target 'ExpoKeepAwake' from project 'Pods')
    cd /Users/sparkles/Documents/CodingFiles/FullStack/expensioApp/frontend/ios/Pods
    write-file /Users/sparkles/Library/Developer/Xcode/DerivedData/Expensio-futtgngxcysvvhcljmosbeftqmyc/Build/Intermediates.noindex/Pods.build/Debug-iphonesimulator/ExpoKeepAwake.build/ExpoKeepAwake.hmap

WriteAuxiliaryFile /Users/sparkles/Library/Developer/Xcode/DerivedData/Expensio-futtgngxcysvvhcljmosbeftqmyc/Build/Intermediates.noindex/Pods.build/Debug-iphonesimulator/ExpoKeepAwake.build/ExpoKeepAwake.DependencyStaticMetadataFileList (in target 'ExpoKeepAwake' from project 'Pods')
    cd /Users/sparkles/Documents/CodingFiles/FullStack/expensioApp/frontend/ios/Pods
    write-file /Users/sparkles/Library/Developer/Xcode/DerivedData/Expensio-futtgngxcysvvhcljmosbeftqmyc/Build/Intermediates.noindex/Pods.build/Debug-iphonesimulator/ExpoKeepAwake.build/ExpoKeepAwake.DependencyStaticMetadataFileList

WriteAuxiliaryFile /Users/sparkles/Library/Developer/Xcode/DerivedData/Expensio-futtgngxcysvvhcljmosbeftqmyc/Build/Intermediates.noindex/Pods.build/Debug-iphonesimulator/ExpoKeepAwake.build/ExpoKeepAwake.DependencyMetadataFileList (in target 'ExpoKeepAwake' from project 'Pods')
    cd /Users/sparkles/Documents/CodingFiles/FullStack/expensioApp/frontend/ios/Pods
    write-file /Users/sparkles/Library/Developer/Xcode/DerivedData/Expensio-futtgngxcysvvhcljmosbeftqmyc/Build/Intermediates.noindex/Pods.build/Debug-iphonesimulator/ExpoKeepAwake.build/ExpoKeepAwake.DependencyMetadataFileList

WriteAuxiliaryFile /Users/sparkles/Library/Developer/Xcode/DerivedData/Expensio-futtgngxcysvvhcljmosbeftqmyc/Build/Intermediates.noindex/Pods.build/Debug-iphonesimulator/ExpoKeepAwake.build/ExpoKeepAwake-project-headers.hmap (in target 'ExpoKeepAwake' from project 'Pods')
    cd /Users/sparkles/Documents/CodingFiles/FullStack/expensioApp/frontend/ios/Pods
    write-file /Users/sparkles/Library/Developer/Xcode/DerivedData/Expensio-futtgngxcysvvhcljmosbeftqmyc/Build/Intermediates.noindex/Pods.build/Debug-iphonesimulator/ExpoKeepAwake.build/ExpoKeepAwake-project-headers.hmap

WriteAuxiliaryFile /Users/sparkles/Library/Developer/Xcode/DerivedData/Expensio-futtgngxcysvvhcljmosbeftqmyc/Build/Intermediates.noindex/Pods.build/Debug-iphonesimulator/ExpoKeepAwake.build/ExpoKeepAwake-own-target-headers.hmap (in target 'ExpoKeepAwake' from project 'Pods')
    cd /Users/sparkles/Documents/CodingFiles/FullStack/expensioApp/frontend/ios/Pods
    write-file /Users/sparkles/Library/Developer/Xcode/DerivedData/Expensio-futtgngxcysvvhcljmosbeftqmyc/Build/Intermediates.noindex/Pods.build/Debug-iphonesimulator/ExpoKeepAwake.build/ExpoKeepAwake-own-target-headers.hmap

WriteAuxiliaryFile /Users/sparkles/Library/Developer/Xcode/DerivedData/Expensio-futtgngxcysvvhcljmosbeftqmyc/Build/Intermediates.noindex/Pods.build/Debug-iphonesimulator/ExpoKeepAwake.build/ExpoKeepAwake-generated-files.hmap (in target 'ExpoKeepAwake' from project 'Pods')
    cd /Users/sparkles/Documents/CodingFiles/FullStack/expensioApp/frontend/ios/Pods
    write-file /Users/sparkles/Library/Developer/Xcode/DerivedData/Expensio-futtgngxcysvvhcljmosbeftqmyc/Build/Intermediates.noindex/Pods.build/Debug-iphonesimulator/ExpoKeepAwake.build/ExpoKeepAwake-generated-files.hmap

WriteAuxiliaryFile /Users/sparkles/Library/Developer/Xcode/DerivedData/Expensio-futtgngxcysvvhcljmosbeftqmyc/Build/Intermediates.noindex/Pods.build/Debug-iphonesimulator/ExpoKeepAwake.build/ExpoKeepAwake-all-target-headers.hmap (in target 'ExpoKeepAwake' from project 'Pods')
    cd /Users/sparkles/Documents/CodingFiles/FullStack/expensioApp/frontend/ios/Pods
    write-file /Users/sparkles/Library/Developer/Xcode/DerivedData/Expensio-futtgngxcysvvhcljmosbeftqmyc/Build/Intermediates.noindex/Pods.build/Debug-iphonesimulator/ExpoKeepAwake.build/ExpoKeepAwake-all-target-headers.hmap

WriteAuxiliaryFile /Users/sparkles/Library/Developer/Xcode/DerivedData/Expensio-futtgngxcysvvhcljmosbeftqmyc/Build/Intermediates.noindex/Pods.build/Debug-iphonesimulator/ExpoKeepAwake.build/ExpoKeepAwake-all-non-framework-target-headers.hmap (in target 'ExpoKeepAwake' from project 'Pods')
    cd /Users/sparkles/Documents/CodingFiles/FullStack/expensioApp/frontend/ios/Pods
    write-file /Users/sparkles/Library/Developer/Xcode/DerivedData/Expensio-futtgngxcysvvhcljmosbeftqmyc/Build/Intermediates.noindex/Pods.build/Debug-iphonesimulator/ExpoKeepAwake.build/ExpoKeepAwake-all-non-framework-target-headers.hmap

WriteAuxiliaryFile /Users/sparkles/Library/Developer/Xcode/DerivedData/Expensio-futtgngxcysvvhcljmosbeftqmyc/Build/Intermediates.noindex/Pods.build/Debug-iphonesimulator/ExpoHaptics.build/Script-46EB2E000152D0.sh (in target 'ExpoHaptics' from project 'Pods')
    cd /Users/sparkles/Documents/CodingFiles/FullStack/expensioApp/frontend/ios/Pods
    write-file /Users/sparkles/Library/Developer/Xcode/DerivedData/Expensio-futtgngxcysvvhcljmosbeftqmyc/Build/Intermediates.noindex/Pods.build/Debug-iphonesimulator/ExpoHaptics.build/Script-46EB2E000152D0.sh

WriteAuxiliaryFile /Users/sparkles/Library/Developer/Xcode/DerivedData/Expensio-futtgngxcysvvhcljmosbeftqmyc/Build/Intermediates.noindex/Pods.build/Debug-iphonesimulator/ExpoHaptics.build/Objects-normal/x86_64/e6072d4f65d7061329687fe24e3d63a7-common-args.resp (in target 'ExpoHaptics' from project 'Pods')
    cd /Users/sparkles/Documents/CodingFiles/FullStack/expensioApp/frontend/ios/Pods
    write-file /Users/sparkles/Library/Developer/Xcode/DerivedData/Expensio-futtgngxcysvvhcljmosbeftqmyc/Build/Intermediates.noindex/Pods.build/Debug-iphonesimulator/ExpoHaptics.build/Objects-normal/x86_64/e6072d4f65d7061329687fe24e3d63a7-common-args.resp
'-std=gnu11' -fobjc-arc -fmodules '-fmodules-cache-path=/Users/sparkles/Library/Developer/Xcode/DerivedData/ModuleCache.noindex' '-fmodule-name=ExpoHaptics' -fpascal-strings -O0 -fno-common '-DPOD_CONFIGURATION_DEBUG=1' '-DDEBUG=1' '-DCOCOAPODS=1' '-DOBJC_OLD_DISPATCH_PROTOTYPES=0' -fasm-blocks -g '-fobjc-abi-version=2' -fobjc-legacy-dispatch -iquote /Users/sparkles/Library/Developer/Xcode/DerivedData/Expensio-futtgngxcysvvhcljmosbeftqmyc/Build/Intermediates.noindex/Pods.build/Debug-iphonesimulator/ExpoHaptics.build/ExpoHaptics-generated-files.hmap -I/Users/sparkles/Library/Developer/Xcode/DerivedData/Expensio-futtgngxcysvvhcljmosbeftqmyc/Build/Intermediates.noindex/Pods.build/Debug-iphonesimulator/ExpoHaptics.build/ExpoHaptics-own-target-headers.hmap -I/Users/sparkles/Library/Developer/Xcode/DerivedData/Expensio-futtgngxcysvvhcljmosbeftqmyc/Build/Intermediates.noindex/Pods.build/Debug-iphonesimulator/ExpoHaptics.build/ExpoHaptics-all-non-framework-target-headers.hmap -ivfsoverlay /Users/sparkles/Library/Developer/Xcode/DerivedData/Expensio-futtgngxcysvvhcljmosbeftqmyc/Build/Intermediates.noindex/Pods.build/Debug-iphonesimulator/Pods-8699adb1dd336b26511df848a716bd42-VFS-iphonesimulator/all-product-headers.yaml -iquote /Users/sparkles/Library/Developer/Xcode/DerivedData/Expensio-futtgngxcysvvhcljmosbeftqmyc/Build/Intermediates.noindex/Pods.build/Debug-iphonesimulator/ExpoHaptics.build/ExpoHaptics-project-headers.hmap -I/Users/sparkles/Library/Developer/Xcode/DerivedData/Expensio-futtgngxcysvvhcljmosbeftqmyc/Build/Products/Debug-iphonesimulator/ExpoHaptics/include -I/Users/sparkles/Documents/CodingFiles/FullStack/expensioApp/frontend/ios/Pods/Headers/Public -I/Users/sparkles/Documents/CodingFiles/FullStack/expensioApp/frontend/ios/Pods/Headers/Public/FBLazyVector -I/Users/sparkles/Documents/CodingFiles/FullStack/expensioApp/frontend/ios/Pods/Headers/Public/RCTRequired -I/Users/sparkles/Documents/CodingFiles/FullStack/expensioApp/frontend/ios/Pods/Headers/Public/RCTSwiftUIWrapper -I/Users/sparkles/Documents/CodingFiles/FullStack/expensioApp/frontend/ios/Pods/Headers/Public/RCTTypeSafety -I/Users/sparkles/Documents/CodingFiles/FullStack/expensioApp/frontend/ios/Pods/Headers/Public/React-Core -I/Users/sparkles/Documents/CodingFiles/FullStack/expensioApp/frontend/ios/Pods/Headers/Public/React-Core-prebuilt -I/Users/sparkles/Documents/CodingFiles/FullStack/expensioApp/frontend/ios/Pods/Headers/Public/React-CoreModules -I/Users/sparkles/Documents/CodingFiles/FullStack/expensioApp/frontend/ios/Pods/Headers/Public/React-Fabric -I/Users/sparkles/Documents/CodingFiles/FullStack/expensioApp/frontend/ios/Pods/Headers/Public/React-FabricComponents -I/Users/sparkles/Documents/CodingFiles/FullStack/expensioApp/frontend/ios/Pods/Headers/Public/React-FabricImage -I/Users/sparkles/Documents/CodingFiles/FullStack/expensioApp/frontend/ios/Pods/Headers/Public/React-ImageManager -I/Users/sparkles/Documents/CodingFiles/FullStack/expensioApp/frontend/ios/Pods/Headers/Public/React-Mapbuffer -I/Users/sparkles/Documents/CodingFiles/FullStack/expensioApp/frontend/ios/Pods/Headers/Public/React-NativeModulesApple -I/Users/sparkles/Documents/CodingFiles/FullStack/expensioApp/frontend/ios/Pods/Headers/Public/React-RCTAnimation -I/Users/sparkles/Documents/CodingFiles/FullStack/expensioApp/frontend/ios/Pods/Headers/Public/React-RCTBlob -I/Users/sparkles/Documents/CodingFiles/FullStack/expensioApp/frontend/ios/Pods/Headers/Public/React-RCTFBReactNativeSpec -I/Users/sparkles/Documents/CodingFiles/FullStack/expensioApp/frontend/ios/Pods/Headers/Public/React-RCTFabric -I/Users/sparkles/Documents/CodingFiles/FullStack/expensioApp/frontend/ios/Pods/Headers/Public/React-RCTImage -I/Users/sparkles/Documents/CodingFiles/FullStack/expensioApp/frontend/ios/Pods/Headers/Public/React-RCTRuntime -I/Users/sparkles/Documents/CodingFiles/FullStack/expensioApp/frontend/ios/Pods/Headers/Public/React-RCTText -I/Users/sparkles/Documents/CodingFiles/FullStack/expensioApp/frontend/ios/Pods/Headers/Public/React-RuntimeApple -I/Users/sparkles/Documents/CodingFiles/FullStack/expensioApp/frontend/ios/Pods/Headers/Public/React-RuntimeCore -I/Users/sparkles/Documents/CodingFiles/FullStack/expensioApp/frontend/ios/Pods/Headers/Public/React-RuntimeHermes -I/Users/sparkles/Documents/CodingFiles/FullStack/expensioApp/frontend/ios/Pods/Headers/Public/React-callinvoker -I/Users/sparkles/Documents/CodingFiles/FullStack/expensioApp/frontend/ios/Pods/Headers/Public/React-cxxreact -I/Users/sparkles/Documents/CodingFiles/FullStack/expensioApp/frontend/ios/Pods/Headers/Public/React-debug -I/Users/sparkles/Documents/CodingFiles/FullStack/expensioApp/frontend/ios/Pods/Headers/Public/React-defaultsnativemodule -I/Users/sparkles/Documents/CodingFiles/FullStack/expensioApp/frontend/ios/Pods/Headers/Public/React-domnativemodule -I/Users/sparkles/Documents/CodingFiles/FullStack/expensioApp/frontend/ios/Pods/Headers/Public/React-featureflags -I/Users/sparkles/Documents/CodingFiles/FullStack/expensioApp/frontend/ios/Pods/Headers/Public/React-featureflagsnativemodule -I/Users/sparkles/Documents/CodingFiles/FullStack/expensioApp/frontend/ios/Pods/Headers/Public/React-graphics -I/Users/sparkles/Documents/CodingFiles/FullStack/expensioApp/frontend/ios/Pods/Headers/Public/React-hermes -I/Users/sparkles/Documents/CodingFiles/FullStack/expensioApp/frontend/ios/Pods/Headers/Public/React-idlecallbacksnativemodule -I/Users/sparkles/Documents/CodingFiles/FullStack/expensioApp/frontend/ios/Pods/Headers/Public/React-intersectionobservernativemodule -I/Users/sparkles/Documents/CodingFiles/FullStack/expensioApp/frontend/ios/Pods/Headers/Public/React-jserrorhandler -I/Users/sparkles/Documents/CodingFiles/FullStack/expensioApp/frontend/ios/Pods/Headers/Public/React-jsi -I/Users/sparkles/Documents/CodingFiles/FullStack/expensioApp/frontend/ios/Pods/Headers/Public/React-jsiexecutor -I/Users/sparkles/Documents/CodingFiles/FullStack/expensioApp/frontend/ios/Pods/Headers/Public/React-jsinspector -I/Users/sparkles/Documents/CodingFiles/FullStack/expensioApp/frontend/ios/Pods/Headers/Public/React-jsinspectorcdp -I/Users/sparkles/Documents/CodingFiles/FullStack/expensioApp/frontend/ios/Pods/Headers/Public/React-jsinspectornetwork -I/Users/sparkles/Documents/CodingFiles/FullStack/expensioApp/frontend/ios/Pods/Headers/Public/React-jsinspectortracing -I/Users/sparkles/Documents/CodingFiles/FullStack/expensioApp/frontend/ios/Pods/Headers/Public/React-jsitooling -I/Users/sparkles/Documents/CodingFiles/FullStack/expensioApp/frontend/ios/Pods/Headers/Public/React-logger -I/Users/sparkles/Documents/CodingFiles/FullStack/expensioApp/frontend/ios/Pods/Headers/Public/React-microtasksnativemodule -I/Users/sparkles/Documents/CodingFiles/FullStack/expensioApp/frontend/ios/Pods/Headers/Public/React-mutationobservernativemodule -I/Users/sparkles/Documents/CodingFiles/FullStack/expensioApp/frontend/ios/Pods/Headers/Public/React-networking -I/Users/sparkles/Documents/CodingFiles/FullStack/expensioApp/frontend/ios/Pods/Headers/Public/React-oscompat -I/Users/sparkles/Documents/CodingFiles/FullStack/expensioApp/frontend/ios/Pods/Headers/Public/React-perflogger -I/Users/sparkles/Documents/CodingFiles/FullStack/expensioApp/frontend/ios/Pods/Headers/Public/React-performancecdpmetrics -I/Users/sparkles/Documents/CodingFiles/FullStack/expensioApp/frontend/ios/Pods/Headers/Public/React-performancetimeline -I/Users/sparkles/Documents/CodingFiles/FullStack/expensioApp/frontend/ios/Pods/Headers/Public/React-rendererconsistency -I/Users/sparkles/Documents/CodingFiles/FullStack/expensioApp/frontend/ios/Pods/Headers/Public/React-renderercss -I/Users/sparkles/Documents/CodingFiles/FullStack/expensioApp/frontend/ios/Pods/Headers/Public/React-rendererdebug -I/Users/sparkles/Documents/CodingFiles/FullStack/expensioApp/frontend/ios/Pods/Headers/Public/React-runtimeexecutor -I/Users/sparkles/Documents/CodingFiles/FullStack/expensioApp/frontend/ios/Pods/Headers/Public/React-runtimescheduler -I/Users/sparkles/Documents/CodingFiles/FullStack/expensioApp/frontend/ios/Pods/Headers/Public/React-timing -I/Users/sparkles/Documents/CodingFiles/FullStack/expensioApp/frontend/ios/Pods/Headers/Public/React-utils -I/Users/sparkles/Documents/CodingFiles/FullStack/expensioApp/frontend/ios/Pods/Headers/Public/React-viewtransitionnativemodule -I/Users/sparkles/Documents/CodingFiles/FullStack/expensioApp/frontend/ios/Pods/Headers/Public/React-webperformancenativemodule -I/Users/sparkles/Documents/CodingFiles/FullStack/expensioApp/frontend/ios/Pods/Headers/Public/ReactCodegen -I/Users/sparkles/Documents/CodingFiles/FullStack/expensioApp/frontend/ios/Pods/Headers/Public/ReactCommon -I/Users/sparkles/Documents/CodingFiles/FullStack/expensioApp/frontend/ios/Pods/Headers/Public/ReactNativeDependencies -I/Users/sparkles/Documents/CodingFiles/FullStack/expensioApp/frontend/ios/Pods/Headers/Public/Yoga -I/Users/sparkles/Documents/CodingFiles/FullStack/expensioApp/frontend/ios/Pods/Headers/Public/hermes-engine -I/Users/sparkles/Documents/CodingFiles/FullStack/expensioApp/frontend/ios/Pods/ExpoModulesCore/ExpoModulesCore.xcframework/ios-arm64_x86_64-simulator/ExpoModulesCore.framework/Headers -I/Users/sparkles/Documents/CodingFiles/FullStack/expensioApp/frontend/ios/Pods/ExpoModulesCore/ExpoModulesCore.xcframework/ios-arm64/ExpoModulesCore.framework/Headers -I/Users/sparkles/Documents/CodingFiles/FullStack/expensioApp/frontend/ios/Pods/ExpoModulesCore/ExpoModulesCore.xcframework/ios-arm64_x86_64-simulator/ExpoModulesCore.framework/Headers -I/Users/sparkles/Documents/CodingFiles/FullStack/expensioApp/frontend/ios/Pods/ExpoModulesCore/ExpoModulesCore.xcframework/ios-arm64/ExpoModulesCore.framework/Headers -I/Users/sparkles/Library/Developer/Xcode/DerivedData/Expensio-futtgngxcysvvhcljmosbeftqmyc/Build/Intermediates.noindex/Pods.build/Debug-iphonesimulator/ExpoHaptics.build/DerivedSources-normal/x86_64 -I/Users/sparkles/Library/Developer/Xcode/DerivedData/Expensio-futtgngxcysvvhcljmosbeftqmyc/Build/Intermediates.noindex/Pods.build/Debug-iphonesimulator/ExpoHaptics.build/DerivedSources/x86_64 -I/Users/sparkles/Library/Developer/Xcode/DerivedData/Expensio-futtgngxcysvvhcljmosbeftqmyc/Build/Intermediates.noindex/Pods.build/Debug-iphonesimulator/ExpoHaptics.build/DerivedSources -F/Users/sparkles/Library/Developer/Xcode/DerivedData/Expensio-futtgngxcysvvhcljmosbeftqmyc/Build/Products/Debug-iphonesimulator/ExpoHaptics -F/Users/sparkles/Documents/CodingFiles/FullStack/expensioApp/frontend/node_modules/expo-modules-jsi/apple/Products -F/Users/sparkles/Documents/CodingFiles/FullStack/expensioApp/frontend/ios/Pods/ExpoModulesCore -F/Users/sparkles/Documents/CodingFiles/FullStack/expensioApp/frontend/ios/Pods/React-Core-prebuilt -F/Users/sparkles/Documents/CodingFiles/FullStack/expensioApp/frontend/ios/Pods/ReactNativeDependencies/framework/packages/react-native -F/Users/sparkles/Documents/CodingFiles/FullStack/expensioApp/frontend/ios/Pods/hermes-engine/destroot/Library/Frameworks/universal -F/Users/sparkles/Library/Developer/Xcode/DerivedData/Expensio-futtgngxcysvvhcljmosbeftqmyc/Build/Products/Debug-iphonesimulator/XCFrameworkIntermediates/ExpoModulesCore -F/Users/sparkles/Library/Developer/Xcode/DerivedData/Expensio-futtgngxcysvvhcljmosbeftqmyc/Build/Products/Debug-iphonesimulator/XCFrameworkIntermediates/ExpoModulesJSI -F/Users/sparkles/Library/Developer/Xcode/DerivedData/Expensio-futtgngxcysvvhcljmosbeftqmyc/Build/Products/Debug-iphonesimulator/XCFrameworkIntermediates/React-Core-prebuilt -F/Users/sparkles/Library/Developer/Xcode/DerivedData/Expensio-futtgngxcysvvhcljmosbeftqmyc/Build/Products/Debug-iphonesimulator/XCFrameworkIntermediates/ReactNativeDependencies -F/Users/sparkles/Library/Developer/Xcode/DerivedData/Expensio-futtgngxcysvvhcljmosbeftqmyc/Build/Products/Debug-iphonesimulator/XCFrameworkIntermediates/hermes-engine/Pre-built '-DRCT_REMOVE_LEGACY_ARCH=1' '-fmodule-map-file=/Users/sparkles/Documents/CodingFiles/FullStack/expensioApp/frontend/ios/Pods/Headers/Public/ReactCodegen/ReactCodegen.modulemap'

WriteAuxiliaryFile /Users/sparkles/Library/Developer/Xcode/DerivedData/Expensio-futtgngxcysvvhcljmosbeftqmyc/Build/Intermediates.noindex/Pods.build/Debug-iphonesimulator/ExpoHaptics.build/Objects-normal/x86_64/ExpoHaptics_const_extract_protocols.json (in target 'ExpoHaptics' from project 'Pods')
    cd /Users/sparkles/Documents/CodingFiles/FullStack/expensioApp/frontend/ios/Pods
    write-file /Users/sparkles/Library/Developer/Xcode/DerivedData/Expensio-futtgngxcysvvhcljmosbeftqmyc/Build/Intermediates.noindex/Pods.build/Debug-iphonesimulator/ExpoHaptics.build/Objects-normal/x86_64/ExpoHaptics_const_extract_protocols.json

WriteAuxiliaryFile /Users/sparkles/Library/Developer/Xcode/DerivedData/Expensio-futtgngxcysvvhcljmosbeftqmyc/Build/Intermediates.noindex/Pods.build/Debug-iphonesimulator/ExpoHaptics.build/Objects-normal/x86_64/ExpoHaptics.SwiftFileList (in target 'ExpoHaptics' from project 'Pods')
    cd /Users/sparkles/Documents/CodingFiles/FullStack/expensioApp/frontend/ios/Pods
    write-file /Users/sparkles/Library/Developer/Xcode/DerivedData/Expensio-futtgngxcysvvhcljmosbeftqmyc/Build/Intermediates.noindex/Pods.build/Debug-iphonesimulator/ExpoHaptics.build/Objects-normal/x86_64/ExpoHaptics.SwiftFileList

WriteAuxiliaryFile /Users/sparkles/Library/Developer/Xcode/DerivedData/Expensio-futtgngxcysvvhcljmosbeftqmyc/Build/Intermediates.noindex/Pods.build/Debug-iphonesimulator/ExpoHaptics.build/Objects-normal/x86_64/ExpoHaptics.SwiftConstValuesFileList (in target 'ExpoHaptics' from project 'Pods')
    cd /Users/sparkles/Documents/CodingFiles/FullStack/expensioApp/frontend/ios/Pods
    write-file /Users/sparkles/Library/Developer/Xcode/DerivedData/Expensio-futtgngxcysvvhcljmosbeftqmyc/Build/Intermediates.noindex/Pods.build/Debug-iphonesimulator/ExpoHaptics.build/Objects-normal/x86_64/ExpoHaptics.SwiftConstValuesFileList

WriteAuxiliaryFile /Users/sparkles/Library/Developer/Xcode/DerivedData/Expensio-futtgngxcysvvhcljmosbeftqmyc/Build/Intermediates.noindex/Pods.build/Debug-iphonesimulator/ExpoHaptics.build/Objects-normal/x86_64/ExpoHaptics.LinkFileList (in target 'ExpoHaptics' from project 'Pods')
    cd /Users/sparkles/Documents/CodingFiles/FullStack/expensioApp/frontend/ios/Pods
    write-file /Users/sparkles/Library/Developer/Xcode/DerivedData/Expensio-futtgngxcysvvhcljmosbeftqmyc/Build/Intermediates.noindex/Pods.build/Debug-iphonesimulator/ExpoHaptics.build/Objects-normal/x86_64/ExpoHaptics.LinkFileList

WriteAuxiliaryFile /Users/sparkles/Library/Developer/Xcode/DerivedData/Expensio-futtgngxcysvvhcljmosbeftqmyc/Build/Intermediates.noindex/Pods.build/Debug-iphonesimulator/ExpoHaptics.build/Objects-normal/x86_64/ExpoHaptics-OutputFileMap.json (in target 'ExpoHaptics' from project 'Pods')
    cd /Users/sparkles/Documents/CodingFiles/FullStack/expensioApp/frontend/ios/Pods
    write-file /Users/sparkles/Library/Developer/Xcode/DerivedData/Expensio-futtgngxcysvvhcljmosbeftqmyc/Build/Intermediates.noindex/Pods.build/Debug-iphonesimulator/ExpoHaptics.build/Objects-normal/x86_64/ExpoHaptics-OutputFileMap.json

WriteAuxiliaryFile /Users/sparkles/Library/Developer/Xcode/DerivedData/Expensio-futtgngxcysvvhcljmosbeftqmyc/Build/Intermediates.noindex/Pods.build/Debug-iphonesimulator/ExpoHaptics.build/Objects-normal/arm64/e6072d4f65d7061329687fe24e3d63a7-common-args.resp (in target 'ExpoHaptics' from project 'Pods')
    cd /Users/sparkles/Documents/CodingFiles/FullStack/expensioApp/frontend/ios/Pods
    write-file /Users/sparkles/Library/Developer/Xcode/DerivedData/Expensio-futtgngxcysvvhcljmosbeftqmyc/Build/Intermediates.noindex/Pods.build/Debug-iphonesimulator/ExpoHaptics.build/Objects-normal/arm64/e6072d4f65d7061329687fe24e3d63a7-common-args.resp
'-std=gnu11' -fobjc-arc -fmodules '-fmodules-cache-path=/Users/sparkles/Library/Developer/Xcode/DerivedData/ModuleCache.noindex' '-fmodule-name=ExpoHaptics' -fpascal-strings -O0 -fno-common '-DPOD_CONFIGURATION_DEBUG=1' '-DDEBUG=1' '-DCOCOAPODS=1' '-DOBJC_OLD_DISPATCH_PROTOTYPES=0' -g '-fobjc-abi-version=2' -fobjc-legacy-dispatch -iquote /Users/sparkles/Library/Developer/Xcode/DerivedData/Expensio-futtgngxcysvvhcljmosbeftqmyc/Build/Intermediates.noindex/Pods.build/Debug-iphonesimulator/ExpoHaptics.build/ExpoHaptics-generated-files.hmap -I/Users/sparkles/Library/Developer/Xcode/DerivedData/Expensio-futtgngxcysvvhcljmosbeftqmyc/Build/Intermediates.noindex/Pods.build/Debug-iphonesimulator/ExpoHaptics.build/ExpoHaptics-own-target-headers.hmap -I/Users/sparkles/Library/Developer/Xcode/DerivedData/Expensio-futtgngxcysvvhcljmosbeftqmyc/Build/Intermediates.noindex/Pods.build/Debug-iphonesimulator/ExpoHaptics.build/ExpoHaptics-all-non-framework-target-headers.hmap -ivfsoverlay /Users/sparkles/Library/Developer/Xcode/DerivedData/Expensio-futtgngxcysvvhcljmosbeftqmyc/Build/Intermediates.noindex/Pods.build/Debug-iphonesimulator/Pods-8699adb1dd336b26511df848a716bd42-VFS-iphonesimulator/all-product-headers.yaml -iquote /Users/sparkles/Library/Developer/Xcode/DerivedData/Expensio-futtgngxcysvvhcljmosbeftqmyc/Build/Intermediates.noindex/Pods.build/Debug-iphonesimulator/ExpoHaptics.build/ExpoHaptics-project-headers.hmap -I/Users/sparkles/Library/Developer/Xcode/DerivedData/Expensio-futtgngxcysvvhcljmosbeftqmyc/Build/Products/Debug-iphonesimulator/ExpoHaptics/include -I/Users/sparkles/Documents/CodingFiles/FullStack/expensioApp/frontend/ios/Pods/Headers/Public -I/Users/sparkles/Documents/CodingFiles/FullStack/expensioApp/frontend/ios/Pods/Headers/Public/FBLazyVector -I/Users/sparkles/Documents/CodingFiles/FullStack/expensioApp/frontend/ios/Pods/Headers/Public/RCTRequired -I/Users/sparkles/Documents/CodingFiles/FullStack/expensioApp/frontend/ios/Pods/Headers/Public/RCTSwiftUIWrapper -I/Users/sparkles/Documents/CodingFiles/FullStack/expensioApp/frontend/ios/Pods/Headers/Public/RCTTypeSafety -I/Users/sparkles/Documents/CodingFiles/FullStack/expensioApp/frontend/ios/Pods/Headers/Public/React-Core -I/Users/sparkles/Documents/CodingFiles/FullStack/expensioApp/frontend/ios/Pods/Headers/Public/React-Core-prebuilt -I/Users/sparkles/Documents/CodingFiles/FullStack/expensioApp/frontend/ios/Pods/Headers/Public/React-CoreModules -I/Users/sparkles/Documents/CodingFiles/FullStack/expensioApp/frontend/ios/Pods/Headers/Public/React-Fabric -I/Users/sparkles/Documents/CodingFiles/FullStack/expensioApp/frontend/ios/Pods/Headers/Public/React-FabricComponents -I/Users/sparkles/Documents/CodingFiles/FullStack/expensioApp/frontend/ios/Pods/Headers/Public/React-FabricImage -I/Users/sparkles/Documents/CodingFiles/FullStack/expensioApp/frontend/ios/Pods/Headers/Public/React-ImageManager -I/Users/sparkles/Documents/CodingFiles/FullStack/expensioApp/frontend/ios/Pods/Headers/Public/React-Mapbuffer -I/Users/sparkles/Documents/CodingFiles/FullStack/expensioApp/frontend/ios/Pods/Headers/Public/React-NativeModulesApple -I/Users/sparkles/Documents/CodingFiles/FullStack/expensioApp/frontend/ios/Pods/Headers/Public/React-RCTAnimation -I/Users/sparkles/Documents/CodingFiles/FullStack/expensioApp/frontend/ios/Pods/Headers/Public/React-RCTBlob -I/Users/sparkles/Documents/CodingFiles/FullStack/expensioApp/frontend/ios/Pods/Headers/Public/React-RCTFBReactNativeSpec -I/Users/sparkles/Documents/CodingFiles/FullStack/expensioApp/frontend/ios/Pods/Headers/Public/React-RCTFabric -I/Users/sparkles/Documents/CodingFiles/FullStack/expensioApp/frontend/ios/Pods/Headers/Public/React-RCTImage -I/Users/sparkles/Documents/CodingFiles/FullStack/expensioApp/frontend/ios/Pods/Headers/Public/React-RCTRuntime -I/Users/sparkles/Documents/CodingFiles/FullStack/expensioApp/frontend/ios/Pods/Headers/Public/React-RCTText -I/Users/sparkles/Documents/CodingFiles/FullStack/expensioApp/frontend/ios/Pods/Headers/Public/React-RuntimeApple -I/Users/sparkles/Documents/CodingFiles/FullStack/expensioApp/frontend/ios/Pods/Headers/Public/React-RuntimeCore -I/Users/sparkles/Documents/CodingFiles/FullStack/expensioApp/frontend/ios/Pods/Headers/Public/React-RuntimeHermes -I/Users/sparkles/Documents/CodingFiles/FullStack/expensioApp/frontend/ios/Pods/Headers/Public/React-callinvoker -I/Users/sparkles/Documents/CodingFiles/FullStack/expensioApp/frontend/ios/Pods/Headers/Public/React-cxxreact -I/Users/sparkles/Documents/CodingFiles/FullStack/expensioApp/frontend/ios/Pods/Headers/Public/React-debug -I/Users/sparkles/Documents/CodingFiles/FullStack/expensioApp/frontend/ios/Pods/Headers/Public/React-defaultsnativemodule -I/Users/sparkles/Documents/CodingFiles/FullStack/expensioApp/frontend/ios/Pods/Headers/Public/React-domnativemodule -I/Users/sparkles/Documents/CodingFiles/FullStack/expensioApp/frontend/ios/Pods/Headers/Public/React-featureflags -I/Users/sparkles/Documents/CodingFiles/FullStack/expensioApp/frontend/ios/Pods/Headers/Public/React-featureflagsnativemodule -I/Users/sparkles/Documents/CodingFiles/FullStack/expensioApp/frontend/ios/Pods/Headers/Public/React-graphics -I/Users/sparkles/Documents/CodingFiles/FullStack/expensioApp/frontend/ios/Pods/Headers/Public/React-hermes -I/Users/sparkles/Documents/CodingFiles/FullStack/expensioApp/frontend/ios/Pods/Headers/Public/React-idlecallbacksnativemodule -I/Users/sparkles/Documents/CodingFiles/FullStack/expensioApp/frontend/ios/Pods/Headers/Public/React-intersectionobservernativemodule -I/Users/sparkles/Documents/CodingFiles/FullStack/expensioApp/frontend/ios/Pods/Headers/Public/React-jserrorhandler -I/Users/sparkles/Documents/CodingFiles/FullStack/expensioApp/frontend/ios/Pods/Headers/Public/React-jsi -I/Users/sparkles/Documents/CodingFiles/FullStack/expensioApp/frontend/ios/Pods/Headers/Public/React-jsiexecutor -I/Users/sparkles/Documents/CodingFiles/FullStack/expensioApp/frontend/ios/Pods/Headers/Public/React-jsinspector -I/Users/sparkles/Documents/CodingFiles/FullStack/expensioApp/frontend/ios/Pods/Headers/Public/React-jsinspectorcdp -I/Users/sparkles/Documents/CodingFiles/FullStack/expensioApp/frontend/ios/Pods/Headers/Public/React-jsinspectornetwork -I/Users/sparkles/Documents/CodingFiles/FullStack/expensioApp/frontend/ios/Pods/Headers/Public/React-jsinspectortracing -I/Users/sparkles/Documents/CodingFiles/FullStack/expensioApp/frontend/ios/Pods/Headers/Public/React-jsitooling -I/Users/sparkles/Documents/CodingFiles/FullStack/expensioApp/frontend/ios/Pods/Headers/Public/React-logger -I/Users/sparkles/Documents/CodingFiles/FullStack/expensioApp/frontend/ios/Pods/Headers/Public/React-microtasksnativemodule -I/Users/sparkles/Documents/CodingFiles/FullStack/expensioApp/frontend/ios/Pods/Headers/Public/React-mutationobservernativemodule -I/Users/sparkles/Documents/CodingFiles/FullStack/expensioApp/frontend/ios/Pods/Headers/Public/React-networking -I/Users/sparkles/Documents/CodingFiles/FullStack/expensioApp/frontend/ios/Pods/Headers/Public/React-oscompat -I/Users/sparkles/Documents/CodingFiles/FullStack/expensioApp/frontend/ios/Pods/Headers/Public/React-perflogger -I/Users/sparkles/Documents/CodingFiles/FullStack/expensioApp/frontend/ios/Pods/Headers/Public/React-performancecdpmetrics -I/Users/sparkles/Documents/CodingFiles/FullStack/expensioApp/frontend/ios/Pods/Headers/Public/React-performancetimeline -I/Users/sparkles/Documents/CodingFiles/FullStack/expensioApp/frontend/ios/Pods/Headers/Public/React-rendererconsistency -I/Users/sparkles/Documents/CodingFiles/FullStack/expensioApp/frontend/ios/Pods/Headers/Public/React-renderercss -I/Users/sparkles/Documents/CodingFiles/FullStack/expensioApp/frontend/ios/Pods/Headers/Public/React-rendererdebug -I/Users/sparkles/Documents/CodingFiles/FullStack/expensioApp/frontend/ios/Pods/Headers/Public/React-runtimeexecutor -I/Users/sparkles/Documents/CodingFiles/FullStack/expensioApp/frontend/ios/Pods/Headers/Public/React-runtimescheduler -I/Users/sparkles/Documents/CodingFiles/FullStack/expensioApp/frontend/ios/Pods/Headers/Public/React-timing -I/Users/sparkles/Documents/CodingFiles/FullStack/expensioApp/frontend/ios/Pods/Headers/Public/React-utils -I/Users/sparkles/Documents/CodingFiles/FullStack/expensioApp/frontend/ios/Pods/Headers/Public/React-viewtransitionnativemodule -I/Users/sparkles/Documents/CodingFiles/FullStack/expensioApp/frontend/ios/Pods/Headers/Public/React-webperformancenativemodule -I/Users/sparkles/Documents/CodingFiles/FullStack/expensioApp/frontend/ios/Pods/Headers/Public/ReactCodegen -I/Users/sparkles/Documents/CodingFiles/FullStack/expensioApp/frontend/ios/Pods/Headers/Public/ReactCommon -I/Users/sparkles/Documents/CodingFiles/FullStack/expensioApp/frontend/ios/Pods/Headers/Public/ReactNativeDependencies -I/Users/sparkles/Documents/CodingFiles/FullStack/expensioApp/frontend/ios/Pods/Headers/Public/Yoga -I/Users/sparkles/Documents/CodingFiles/FullStack/expensioApp/frontend/ios/Pods/Headers/Public/hermes-engine -I/Users/sparkles/Documents/CodingFiles/FullStack/expensioApp/frontend/ios/Pods/ExpoModulesCore/ExpoModulesCore.xcframework/ios-arm64_x86_64-simulator/ExpoModulesCore.framework/Headers -I/Users/sparkles/Documents/CodingFiles/FullStack/expensioApp/frontend/ios/Pods/ExpoModulesCore/ExpoModulesCore.xcframework/ios-arm64/ExpoModulesCore.framework/Headers -I/Users/sparkles/Documents/CodingFiles/FullStack/expensioApp/frontend/ios/Pods/ExpoModulesCore/ExpoModulesCore.xcframework/ios-arm64_x86_64-simulator/ExpoModulesCore.framework/Headers -I/Users/sparkles/Documents/CodingFiles/FullStack/expensioApp/frontend/ios/Pods/ExpoModulesCore/ExpoModulesCore.xcframework/ios-arm64/ExpoModulesCore.framework/Headers -I/Users/sparkles/Library/Developer/Xcode/DerivedData/Expensio-futtgngxcysvvhcljmosbeftqmyc/Build/Intermediates.noindex/Pods.build/Debug-iphonesimulator/ExpoHaptics.build/DerivedSources-normal/arm64 -I/Users/sparkles/Library/Developer/Xcode/DerivedData/Expensio-futtgngxcysvvhcljmosbeftqmyc/Build/Intermediates.noindex/Pods.build/Debug-iphonesimulator/ExpoHaptics.build/DerivedSources/arm64 -I/Users/sparkles/Library/Developer/Xcode/DerivedData/Expensio-futtgngxcysvvhcljmosbeftqmyc/Build/Intermediates.noindex/Pods.build/Debug-iphonesimulator/ExpoHaptics.build/DerivedSources -F/Users/sparkles/Library/Developer/Xcode/DerivedData/Expensio-futtgngxcysvvhcljmosbeftqmyc/Build/Products/Debug-iphonesimulator/ExpoHaptics -F/Users/sparkles/Documents/CodingFiles/FullStack/expensioApp/frontend/node_modules/expo-modules-jsi/apple/Products -F/Users/sparkles/Documents/CodingFiles/FullStack/expensioApp/frontend/ios/Pods/ExpoModulesCore -F/Users/sparkles/Documents/CodingFiles/FullStack/expensioApp/frontend/ios/Pods/React-Core-prebuilt -F/Users/sparkles/Documents/CodingFiles/FullStack/expensioApp/frontend/ios/Pods/ReactNativeDependencies/framework/packages/react-native -F/Users/sparkles/Documents/CodingFiles/FullStack/expensioApp/frontend/ios/Pods/hermes-engine/destroot/Library/Frameworks/universal -F/Users/sparkles/Library/Developer/Xcode/DerivedData/Expensio-futtgngxcysvvhcljmosbeftqmyc/Build/Products/Debug-iphonesimulator/XCFrameworkIntermediates/ExpoModulesCore -F/Users/sparkles/Library/Developer/Xcode/DerivedData/Expensio-futtgngxcysvvhcljmosbeftqmyc/Build/Products/Debug-iphonesimulator/XCFrameworkIntermediates/ExpoModulesJSI -F/Users/sparkles/Library/Developer/Xcode/DerivedData/Expensio-futtgngxcysvvhcljmosbeftqmyc/Build/Products/Debug-iphonesimulator/XCFrameworkIntermediates/React-Core-prebuilt -F/Users/sparkles/Library/Developer/Xcode/DerivedData/Expensio-futtgngxcysvvhcljmosbeftqmyc/Build/Products/Debug-iphonesimulator/XCFrameworkIntermediates/ReactNativeDependencies -F/Users/sparkles/Library/Developer/Xcode/DerivedData/Expensio-futtgngxcysvvhcljmosbeftqmyc/Build/Products/Debug-iphonesimulator/XCFrameworkIntermediates/hermes-engine/Pre-built '-DRCT_REMOVE_LEGACY_ARCH=1' '-fmodule-map-file=/Users/sparkles/Documents/CodingFiles/FullStack/expensioApp/frontend/ios/Pods/Headers/Public/ReactCodegen/ReactCodegen.modulemap'

WriteAuxiliaryFile /Users/sparkles/Library/Developer/Xcode/DerivedData/Expensio-futtgngxcysvvhcljmosbeftqmyc/Build/Intermediates.noindex/Pods.build/Debug-iphonesimulator/ExpoHaptics.build/Objects-normal/arm64/ExpoHaptics_const_extract_protocols.json (in target 'ExpoHaptics' from project 'Pods')
    cd /Users/sparkles/Documents/CodingFiles/FullStack/expensioApp/frontend/ios/Pods
    write-file /Users/sparkles/Library/Developer/Xcode/DerivedData/Expensio-futtgngxcysvvhcljmosbeftqmyc/Build/Intermediates.noindex/Pods.build/Debug-iphonesimulator/ExpoHaptics.build/Objects-normal/arm64/ExpoHaptics_const_extract_protocols.json

WriteAuxiliaryFile /Users/sparkles/Library/Developer/Xcode/DerivedData/Expensio-futtgngxcysvvhcljmosbeftqmyc/Build/Intermediates.noindex/Pods.build/Debug-iphonesimulator/ExpoHaptics.build/Objects-normal/arm64/ExpoHaptics.SwiftFileList (in target 'ExpoHaptics' from project 'Pods')
    cd /Users/sparkles/Documents/CodingFiles/FullStack/expensioApp/frontend/ios/Pods
    write-file /Users/sparkles/Library/Developer/Xcode/DerivedData/Expensio-futtgngxcysvvhcljmosbeftqmyc/Build/Intermediates.noindex/Pods.build/Debug-iphonesimulator/ExpoHaptics.build/Objects-normal/arm64/ExpoHaptics.SwiftFileList

WriteAuxiliaryFile /Users/sparkles/Library/Developer/Xcode/DerivedData/Expensio-futtgngxcysvvhcljmosbeftqmyc/Build/Intermediates.noindex/Pods.build/Debug-iphonesimulator/ExpoHaptics.build/Objects-normal/arm64/ExpoHaptics.SwiftConstValuesFileList (in target 'ExpoHaptics' from project 'Pods')
    cd /Users/sparkles/Documents/CodingFiles/FullStack/expensioApp/frontend/ios/Pods
    write-file /Users/sparkles/Library/Developer/Xcode/DerivedData/Expensio-futtgngxcysvvhcljmosbeftqmyc/Build/Intermediates.noindex/Pods.build/Debug-iphonesimulator/ExpoHaptics.build/Objects-normal/arm64/ExpoHaptics.SwiftConstValuesFileList

WriteAuxiliaryFile /Users/sparkles/Library/Developer/Xcode/DerivedData/Expensio-futtgngxcysvvhcljmosbeftqmyc/Build/Intermediates.noindex/Pods.build/Debug-iphonesimulator/ExpoHaptics.build/Objects-normal/arm64/ExpoHaptics.LinkFileList (in target 'ExpoHaptics' from project 'Pods')
    cd /Users/sparkles/Documents/CodingFiles/FullStack/expensioApp/frontend/ios/Pods
    write-file /Users/sparkles/Library/Developer/Xcode/DerivedData/Expensio-futtgngxcysvvhcljmosbeftqmyc/Build/Intermediates.noindex/Pods.build/Debug-iphonesimulator/ExpoHaptics.build/Objects-normal/arm64/ExpoHaptics.LinkFileList

WriteAuxiliaryFile /Users/sparkles/Library/Developer/Xcode/DerivedData/Expensio-futtgngxcysvvhcljmosbeftqmyc/Build/Intermediates.noindex/Pods.build/Debug-iphonesimulator/ExpoHaptics.build/Objects-normal/arm64/ExpoHaptics-OutputFileMap.json (in target 'ExpoHaptics' from project 'Pods')
    cd /Users/sparkles/Documents/CodingFiles/FullStack/expensioApp/frontend/ios/Pods
    write-file /Users/sparkles/Library/Developer/Xcode/DerivedData/Expensio-futtgngxcysvvhcljmosbeftqmyc/Build/Intermediates.noindex/Pods.build/Debug-iphonesimulator/ExpoHaptics.build/Objects-normal/arm64/ExpoHaptics-OutputFileMap.json

WriteAuxiliaryFile /Users/sparkles/Library/Developer/Xcode/DerivedData/Expensio-futtgngxcysvvhcljmosbeftqmyc/Build/Intermediates.noindex/Pods.build/Debug-iphonesimulator/ExpoHaptics.build/ExpoHaptics.hmap (in target 'ExpoHaptics' from project 'Pods')
    cd /Users/sparkles/Documents/CodingFiles/FullStack/expensioApp/frontend/ios/Pods
    write-file /Users/sparkles/Library/Developer/Xcode/DerivedData/Expensio-futtgngxcysvvhcljmosbeftqmyc/Build/Intermediates.noindex/Pods.build/Debug-iphonesimulator/ExpoHaptics.build/ExpoHaptics.hmap

WriteAuxiliaryFile /Users/sparkles/Library/Developer/Xcode/DerivedData/Expensio-futtgngxcysvvhcljmosbeftqmyc/Build/Intermediates.noindex/Pods.build/Debug-iphonesimulator/ExpoHaptics.build/ExpoHaptics.DependencyStaticMetadataFileList (in target 'ExpoHaptics' from project 'Pods')
    cd /Users/sparkles/Documents/CodingFiles/FullStack/expensioApp/frontend/ios/Pods
    write-file /Users/sparkles/Library/Developer/Xcode/DerivedData/Expensio-futtgngxcysvvhcljmosbeftqmyc/Build/Intermediates.noindex/Pods.build/Debug-iphonesimulator/ExpoHaptics.build/ExpoHaptics.DependencyStaticMetadataFileList

WriteAuxiliaryFile /Users/sparkles/Library/Developer/Xcode/DerivedData/Expensio-futtgngxcysvvhcljmosbeftqmyc/Build/Intermediates.noindex/Pods.build/Debug-iphonesimulator/ExpoHaptics.build/ExpoHaptics.DependencyMetadataFileList (in target 'ExpoHaptics' from project 'Pods')
    cd /Users/sparkles/Documents/CodingFiles/FullStack/expensioApp/frontend/ios/Pods
    write-file /Users/sparkles/Library/Developer/Xcode/DerivedData/Expensio-futtgngxcysvvhcljmosbeftqmyc/Build/Intermediates.noindex/Pods.build/Debug-iphonesimulator/ExpoHaptics.build/ExpoHaptics.DependencyMetadataFileList

WriteAuxiliaryFile /Users/sparkles/Library/Developer/Xcode/DerivedData/Expensio-futtgngxcysvvhcljmosbeftqmyc/Build/Intermediates.noindex/Pods.build/Debug-iphonesimulator/ExpoHaptics.build/ExpoHaptics-project-headers.hmap (in target 'ExpoHaptics' from project 'Pods')
    cd /Users/sparkles/Documents/CodingFiles/FullStack/expensioApp/frontend/ios/Pods
    write-file /Users/sparkles/Library/Developer/Xcode/DerivedData/Expensio-futtgngxcysvvhcljmosbeftqmyc/Build/Intermediates.noindex/Pods.build/Debug-iphonesimulator/ExpoHaptics.build/ExpoHaptics-project-headers.hmap

WriteAuxiliaryFile /Users/sparkles/Library/Developer/Xcode/DerivedData/Expensio-futtgngxcysvvhcljmosbeftqmyc/Build/Intermediates.noindex/Pods.build/Debug-iphonesimulator/ExpoHaptics.build/ExpoHaptics-own-target-headers.hmap (in target 'ExpoHaptics' from project 'Pods')
    cd /Users/sparkles/Documents/CodingFiles/FullStack/expensioApp/frontend/ios/Pods
    write-file /Users/sparkles/Library/Developer/Xcode/DerivedData/Expensio-futtgngxcysvvhcljmosbeftqmyc/Build/Intermediates.noindex/Pods.build/Debug-iphonesimulator/ExpoHaptics.build/ExpoHaptics-own-target-headers.hmap

WriteAuxiliaryFile /Users/sparkles/Library/Developer/Xcode/DerivedData/Expensio-futtgngxcysvvhcljmosbeftqmyc/Build/Intermediates.noindex/Pods.build/Debug-iphonesimulator/ExpoHaptics.build/ExpoHaptics-generated-files.hmap (in target 'ExpoHaptics' from project 'Pods')
    cd /Users/sparkles/Documents/CodingFiles/FullStack/expensioApp/frontend/ios/Pods
    write-file /Users/sparkles/Library/Developer/Xcode/DerivedData/Expensio-futtgngxcysvvhcljmosbeftqmyc/Build/Intermediates.noindex/Pods.build/Debug-iphonesimulator/ExpoHaptics.build/ExpoHaptics-generated-files.hmap

WriteAuxiliaryFile /Users/sparkles/Library/Developer/Xcode/DerivedData/Expensio-futtgngxcysvvhcljmosbeftqmyc/Build/Intermediates.noindex/Pods.build/Debug-iphonesimulator/ExpoHaptics.build/ExpoHaptics-all-target-headers.hmap (in target 'ExpoHaptics' from project 'Pods')
    cd /Users/sparkles/Documents/CodingFiles/FullStack/expensioApp/frontend/ios/Pods
    write-file /Users/sparkles/Library/Developer/Xcode/DerivedData/Expensio-futtgngxcysvvhcljmosbeftqmyc/Build/Intermediates.noindex/Pods.build/Debug-iphonesimulator/ExpoHaptics.build/ExpoHaptics-all-target-headers.hmap

WriteAuxiliaryFile /Users/sparkles/Library/Developer/Xcode/DerivedData/Expensio-futtgngxcysvvhcljmosbeftqmyc/Build/Intermediates.noindex/Pods.build/Debug-iphonesimulator/ExpoHaptics.build/ExpoHaptics-all-non-framework-target-headers.hmap (in target 'ExpoHaptics' from project 'Pods')
    cd /Users/sparkles/Documents/CodingFiles/FullStack/expensioApp/frontend/ios/Pods
    write-file /Users/sparkles/Library/Developer/Xcode/DerivedData/Expensio-futtgngxcysvvhcljmosbeftqmyc/Build/Intermediates.noindex/Pods.build/Debug-iphonesimulator/ExpoHaptics.build/ExpoHaptics-all-non-framework-target-headers.hmap

WriteAuxiliaryFile /Users/sparkles/Library/Developer/Xcode/DerivedData/Expensio-futtgngxcysvvhcljmosbeftqmyc/Build/Intermediates.noindex/Pods.build/Debug-iphonesimulator/ExpoFileSystem-ExpoFileSystem_privacy.build/ExpoFileSystem_privacy.hmap (in target 'ExpoFileSystem-ExpoFileSystem_privacy' from project 'Pods')
    cd /Users/sparkles/Documents/CodingFiles/FullStack/expensioApp/frontend/ios/Pods
    write-file /Users/sparkles/Library/Developer/Xcode/DerivedData/Expensio-futtgngxcysvvhcljmosbeftqmyc/Build/Intermediates.noindex/Pods.build/Debug-iphonesimulator/ExpoFileSystem-ExpoFileSystem_privacy.build/ExpoFileSystem_privacy.hmap

WriteAuxiliaryFile /Users/sparkles/Library/Developer/Xcode/DerivedData/Expensio-futtgngxcysvvhcljmosbeftqmyc/Build/Intermediates.noindex/Pods.build/Debug-iphonesimulator/ExpoFileSystem-ExpoFileSystem_privacy.build/ExpoFileSystem_privacy.DependencyStaticMetadataFileList (in target 'ExpoFileSystem-ExpoFileSystem_privacy' from project 'Pods')
    cd /Users/sparkles/Documents/CodingFiles/FullStack/expensioApp/frontend/ios/Pods
    write-file /Users/sparkles/Library/Developer/Xcode/DerivedData/Expensio-futtgngxcysvvhcljmosbeftqmyc/Build/Intermediates.noindex/Pods.build/Debug-iphonesimulator/ExpoFileSystem-ExpoFileSystem_privacy.build/ExpoFileSystem_privacy.DependencyStaticMetadataFileList

WriteAuxiliaryFile /Users/sparkles/Library/Developer/Xcode/DerivedData/Expensio-futtgngxcysvvhcljmosbeftqmyc/Build/Intermediates.noindex/Pods.build/Debug-iphonesimulator/ExpoFileSystem-ExpoFileSystem_privacy.build/ExpoFileSystem_privacy.DependencyMetadataFileList (in target 'ExpoFileSystem-ExpoFileSystem_privacy' from project 'Pods')
    cd /Users/sparkles/Documents/CodingFiles/FullStack/expensioApp/frontend/ios/Pods
    write-file /Users/sparkles/Library/Developer/Xcode/DerivedData/Expensio-futtgngxcysvvhcljmosbeftqmyc/Build/Intermediates.noindex/Pods.build/Debug-iphonesimulator/ExpoFileSystem-ExpoFileSystem_privacy.build/ExpoFileSystem_privacy.DependencyMetadataFileList

WriteAuxiliaryFile /Users/sparkles/Library/Developer/Xcode/DerivedData/Expensio-futtgngxcysvvhcljmosbeftqmyc/Build/Intermediates.noindex/Pods.build/Debug-iphonesimulator/ExpoFileSystem-ExpoFileSystem_privacy.build/ExpoFileSystem_privacy-project-headers.hmap (in target 'ExpoFileSystem-ExpoFileSystem_privacy' from project 'Pods')
    cd /Users/sparkles/Documents/CodingFiles/FullStack/expensioApp/frontend/ios/Pods
    write-file /Users/sparkles/Library/Developer/Xcode/DerivedData/Expensio-futtgngxcysvvhcljmosbeftqmyc/Build/Intermediates.noindex/Pods.build/Debug-iphonesimulator/ExpoFileSystem-ExpoFileSystem_privacy.build/ExpoFileSystem_privacy-project-headers.hmap

WriteAuxiliaryFile /Users/sparkles/Library/Developer/Xcode/DerivedData/Expensio-futtgngxcysvvhcljmosbeftqmyc/Build/Intermediates.noindex/Pods.build/Debug-iphonesimulator/ExpoFileSystem-ExpoFileSystem_privacy.build/ExpoFileSystem_privacy-own-target-headers.hmap (in target 'ExpoFileSystem-ExpoFileSystem_privacy' from project 'Pods')
    cd /Users/sparkles/Documents/CodingFiles/FullStack/expensioApp/frontend/ios/Pods
    write-file /Users/sparkles/Library/Developer/Xcode/DerivedData/Expensio-futtgngxcysvvhcljmosbeftqmyc/Build/Intermediates.noindex/Pods.build/Debug-iphonesimulator/ExpoFileSystem-ExpoFileSystem_privacy.build/ExpoFileSystem_privacy-own-target-headers.hmap

WriteAuxiliaryFile /Users/sparkles/Library/Developer/Xcode/DerivedData/Expensio-futtgngxcysvvhcljmosbeftqmyc/Build/Intermediates.noindex/Pods.build/Debug-iphonesimulator/ExpoFileSystem-ExpoFileSystem_privacy.build/ExpoFileSystem_privacy-generated-files.hmap (in target 'ExpoFileSystem-ExpoFileSystem_privacy' from project 'Pods')
    cd /Users/sparkles/Documents/CodingFiles/FullStack/expensioApp/frontend/ios/Pods
    write-file /Users/sparkles/Library/Developer/Xcode/DerivedData/Expensio-futtgngxcysvvhcljmosbeftqmyc/Build/Intermediates.noindex/Pods.build/Debug-iphonesimulator/ExpoFileSystem-ExpoFileSystem_privacy.build/ExpoFileSystem_privacy-generated-files.hmap

WriteAuxiliaryFile /Users/sparkles/Library/Developer/Xcode/DerivedData/Expensio-futtgngxcysvvhcljmosbeftqmyc/Build/Intermediates.noindex/Pods.build/Debug-iphonesimulator/ExpoFileSystem-ExpoFileSystem_privacy.build/ExpoFileSystem_privacy-all-target-headers.hmap (in target 'ExpoFileSystem-ExpoFileSystem_privacy' from project 'Pods')
    cd /Users/sparkles/Documents/CodingFiles/FullStack/expensioApp/frontend/ios/Pods
    write-file /Users/sparkles/Library/Developer/Xcode/DerivedData/Expensio-futtgngxcysvvhcljmosbeftqmyc/Build/Intermediates.noindex/Pods.build/Debug-iphonesimulator/ExpoFileSystem-ExpoFileSystem_privacy.build/ExpoFileSystem_privacy-all-target-headers.hmap

WriteAuxiliaryFile /Users/sparkles/Library/Developer/Xcode/DerivedData/Expensio-futtgngxcysvvhcljmosbeftqmyc/Build/Intermediates.noindex/Pods.build/Debug-iphonesimulator/ExpoFileSystem-ExpoFileSystem_privacy.build/ExpoFileSystem_privacy-all-non-framework-target-headers.hmap (in target 'ExpoFileSystem-ExpoFileSystem_privacy' from project 'Pods')
    cd /Users/sparkles/Documents/CodingFiles/FullStack/expensioApp/frontend/ios/Pods
    write-file /Users/sparkles/Library/Developer/Xcode/DerivedData/Expensio-futtgngxcysvvhcljmosbeftqmyc/Build/Intermediates.noindex/Pods.build/Debug-iphonesimulator/ExpoFileSystem-ExpoFileSystem_privacy.build/ExpoFileSystem_privacy-all-non-framework-target-headers.hmap

WriteAuxiliaryFile /Users/sparkles/Library/Developer/Xcode/DerivedData/Expensio-futtgngxcysvvhcljmosbeftqmyc/Build/Intermediates.noindex/Pods.build/Debug-iphonesimulator/ExpoDomWebView.build/Script-46EB2E00015010.sh (in target 'ExpoDomWebView' from project 'Pods')
    cd /Users/sparkles/Documents/CodingFiles/FullStack/expensioApp/frontend/ios/Pods
    write-file /Users/sparkles/Library/Developer/Xcode/DerivedData/Expensio-futtgngxcysvvhcljmosbeftqmyc/Build/Intermediates.noindex/Pods.build/Debug-iphonesimulator/ExpoDomWebView.build/Script-46EB2E00015010.sh

WriteAuxiliaryFile /Users/sparkles/Library/Developer/Xcode/DerivedData/Expensio-futtgngxcysvvhcljmosbeftqmyc/Build/Intermediates.noindex/Pods.build/Debug-iphonesimulator/ExpoDomWebView.build/Objects-normal/x86_64/e6072d4f65d7061329687fe24e3d63a7-common-args.resp (in target 'ExpoDomWebView' from project 'Pods')
    cd /Users/sparkles/Documents/CodingFiles/FullStack/expensioApp/frontend/ios/Pods
    write-file /Users/sparkles/Library/Developer/Xcode/DerivedData/Expensio-futtgngxcysvvhcljmosbeftqmyc/Build/Intermediates.noindex/Pods.build/Debug-iphonesimulator/ExpoDomWebView.build/Objects-normal/x86_64/e6072d4f65d7061329687fe24e3d63a7-common-args.resp
'-std=gnu11' -fobjc-arc -fmodules '-fmodules-cache-path=/Users/sparkles/Library/Developer/Xcode/DerivedData/ModuleCache.noindex' '-fmodule-name=ExpoDomWebView' -fpascal-strings -O0 -fno-common '-DPOD_CONFIGURATION_DEBUG=1' '-DDEBUG=1' '-DCOCOAPODS=1' '-DOBJC_OLD_DISPATCH_PROTOTYPES=0' -fasm-blocks -g '-fobjc-abi-version=2' -fobjc-legacy-dispatch -iquote /Users/sparkles/Library/Developer/Xcode/DerivedData/Expensio-futtgngxcysvvhcljmosbeftqmyc/Build/Intermediates.noindex/Pods.build/Debug-iphonesimulator/ExpoDomWebView.build/ExpoDomWebView-generated-files.hmap -I/Users/sparkles/Library/Developer/Xcode/DerivedData/Expensio-futtgngxcysvvhcljmosbeftqmyc/Build/Intermediates.noindex/Pods.build/Debug-iphonesimulator/ExpoDomWebView.build/ExpoDomWebView-own-target-headers.hmap -I/Users/sparkles/Library/Developer/Xcode/DerivedData/Expensio-futtgngxcysvvhcljmosbeftqmyc/Build/Intermediates.noindex/Pods.build/Debug-iphonesimulator/ExpoDomWebView.build/ExpoDomWebView-all-non-framework-target-headers.hmap -ivfsoverlay /Users/sparkles/Library/Developer/Xcode/DerivedData/Expensio-futtgngxcysvvhcljmosbeftqmyc/Build/Intermediates.noindex/Pods.build/Debug-iphonesimulator/Pods-8699adb1dd336b26511df848a716bd42-VFS-iphonesimulator/all-product-headers.yaml -iquote /Users/sparkles/Library/Developer/Xcode/DerivedData/Expensio-futtgngxcysvvhcljmosbeftqmyc/Build/Intermediates.noindex/Pods.build/Debug-iphonesimulator/ExpoDomWebView.build/ExpoDomWebView-project-headers.hmap -I/Users/sparkles/Library/Developer/Xcode/DerivedData/Expensio-futtgngxcysvvhcljmosbeftqmyc/Build/Products/Debug-iphonesimulator/ExpoDomWebView/include -I/Users/sparkles/Documents/CodingFiles/FullStack/expensioApp/frontend/ios/Pods/Headers/Public -I/Users/sparkles/Documents/CodingFiles/FullStack/expensioApp/frontend/ios/Pods/Headers/Public/FBLazyVector -I/Users/sparkles/Documents/CodingFiles/FullStack/expensioApp/frontend/ios/Pods/Headers/Public/RCTRequired -I/Users/sparkles/Documents/CodingFiles/FullStack/expensioApp/frontend/ios/Pods/Headers/Public/RCTSwiftUIWrapper -I/Users/sparkles/Documents/CodingFiles/FullStack/expensioApp/frontend/ios/Pods/Headers/Public/RCTTypeSafety -I/Users/sparkles/Documents/CodingFiles/FullStack/expensioApp/frontend/ios/Pods/Headers/Public/React-Core -I/Users/sparkles/Documents/CodingFiles/FullStack/expensioApp/frontend/ios/Pods/Headers/Public/React-Core-prebuilt -I/Users/sparkles/Documents/CodingFiles/FullStack/expensioApp/frontend/ios/Pods/Headers/Public/React-CoreModules -I/Users/sparkles/Documents/CodingFiles/FullStack/expensioApp/frontend/ios/Pods/Headers/Public/React-Fabric -I/Users/sparkles/Documents/CodingFiles/FullStack/expensioApp/frontend/ios/Pods/Headers/Public/React-FabricComponents -I/Users/sparkles/Documents/CodingFiles/FullStack/expensioApp/frontend/ios/Pods/Headers/Public/React-FabricImage -I/Users/sparkles/Documents/CodingFiles/FullStack/expensioApp/frontend/ios/Pods/Headers/Public/React-ImageManager -I/Users/sparkles/Documents/CodingFiles/FullStack/expensioApp/frontend/ios/Pods/Headers/Public/React-Mapbuffer -I/Users/sparkles/Documents/CodingFiles/FullStack/expensioApp/frontend/ios/Pods/Headers/Public/React-NativeModulesApple -I/Users/sparkles/Documents/CodingFiles/FullStack/expensioApp/frontend/ios/Pods/Headers/Public/React-RCTAnimation -I/Users/sparkles/Documents/CodingFiles/FullStack/expensioApp/frontend/ios/Pods/Headers/Public/React-RCTBlob -I/Users/sparkles/Documents/CodingFiles/FullStack/expensioApp/frontend/ios/Pods/Headers/Public/React-RCTFBReactNativeSpec -I/Users/sparkles/Documents/CodingFiles/FullStack/expensioApp/frontend/ios/Pods/Headers/Public/React-RCTFabric -I/Users/sparkles/Documents/CodingFiles/FullStack/expensioApp/frontend/ios/Pods/Headers/Public/React-RCTImage -I/Users/sparkles/Documents/CodingFiles/FullStack/expensioApp/frontend/ios/Pods/Headers/Public/React-RCTRuntime -I/Users/sparkles/Documents/CodingFiles/FullStack/expensioApp/frontend/ios/Pods/Headers/Public/React-RCTText -I/Users/sparkles/Documents/CodingFiles/FullStack/expensioApp/frontend/ios/Pods/Headers/Public/React-RuntimeApple -I/Users/sparkles/Documents/CodingFiles/FullStack/expensioApp/frontend/ios/Pods/Headers/Public/React-RuntimeCore -I/Users/sparkles/Documents/CodingFiles/FullStack/expensioApp/frontend/ios/Pods/Headers/Public/React-RuntimeHermes -I/Users/sparkles/Documents/CodingFiles/FullStack/expensioApp/frontend/ios/Pods/Headers/Public/React-callinvoker -I/Users/sparkles/Documents/CodingFiles/FullStack/expensioApp/frontend/ios/Pods/Headers/Public/React-cxxreact -I/Users/sparkles/Documents/CodingFiles/FullStack/expensioApp/frontend/ios/Pods/Headers/Public/React-debug -I/Users/sparkles/Documents/CodingFiles/FullStack/expensioApp/frontend/ios/Pods/Headers/Public/React-defaultsnativemodule -I/Users/sparkles/Documents/CodingFiles/FullStack/expensioApp/frontend/ios/Pods/Headers/Public/React-domnativemodule -I/Users/sparkles/Documents/CodingFiles/FullStack/expensioApp/frontend/ios/Pods/Headers/Public/React-featureflags -I/Users/sparkles/Documents/CodingFiles/FullStack/expensioApp/frontend/ios/Pods/Headers/Public/React-featureflagsnativemodule -I/Users/sparkles/Documents/CodingFiles/FullStack/expensioApp/frontend/ios/Pods/Headers/Public/React-graphics -I/Users/sparkles/Documents/CodingFiles/FullStack/expensioApp/frontend/ios/Pods/Headers/Public/React-hermes -I/Users/sparkles/Documents/CodingFiles/FullStack/expensioApp/frontend/ios/Pods/Headers/Public/React-idlecallbacksnativemodule -I/Users/sparkles/Documents/CodingFiles/FullStack/expensioApp/frontend/ios/Pods/Headers/Public/React-intersectionobservernativemodule -I/Users/sparkles/Documents/CodingFiles/FullStack/expensioApp/frontend/ios/Pods/Headers/Public/React-jserrorhandler -I/Users/sparkles/Documents/CodingFiles/FullStack/expensioApp/frontend/ios/Pods/Headers/Public/React-jsi -I/Users/sparkles/Documents/CodingFiles/FullStack/expensioApp/frontend/ios/Pods/Headers/Public/React-jsiexecutor -I/Users/sparkles/Documents/CodingFiles/FullStack/expensioApp/frontend/ios/Pods/Headers/Public/React-jsinspector -I/Users/sparkles/Documents/CodingFiles/FullStack/expensioApp/frontend/ios/Pods/Headers/Public/React-jsinspectorcdp -I/Users/sparkles/Documents/CodingFiles/FullStack/expensioApp/frontend/ios/Pods/Headers/Public/React-jsinspectornetwork -I/Users/sparkles/Documents/CodingFiles/FullStack/expensioApp/frontend/ios/Pods/Headers/Public/React-jsinspectortracing -I/Users/sparkles/Documents/CodingFiles/FullStack/expensioApp/frontend/ios/Pods/Headers/Public/React-jsitooling -I/Users/sparkles/Documents/CodingFiles/FullStack/expensioApp/frontend/ios/Pods/Headers/Public/React-logger -I/Users/sparkles/Documents/CodingFiles/FullStack/expensioApp/frontend/ios/Pods/Headers/Public/React-microtasksnativemodule -I/Users/sparkles/Documents/CodingFiles/FullStack/expensioApp/frontend/ios/Pods/Headers/Public/React-mutationobservernativemodule -I/Users/sparkles/Documents/CodingFiles/FullStack/expensioApp/frontend/ios/Pods/Headers/Public/React-networking -I/Users/sparkles/Documents/CodingFiles/FullStack/expensioApp/frontend/ios/Pods/Headers/Public/React-oscompat -I/Users/sparkles/Documents/CodingFiles/FullStack/expensioApp/frontend/ios/Pods/Headers/Public/React-perflogger -I/Users/sparkles/Documents/CodingFiles/FullStack/expensioApp/frontend/ios/Pods/Headers/Public/React-performancecdpmetrics -I/Users/sparkles/Documents/CodingFiles/FullStack/expensioApp/frontend/ios/Pods/Headers/Public/React-performancetimeline -I/Users/sparkles/Documents/CodingFiles/FullStack/expensioApp/frontend/ios/Pods/Headers/Public/React-rendererconsistency -I/Users/sparkles/Documents/CodingFiles/FullStack/expensioApp/frontend/ios/Pods/Headers/Public/React-renderercss -I/Users/sparkles/Documents/CodingFiles/FullStack/expensioApp/frontend/ios/Pods/Headers/Public/React-rendererdebug -I/Users/sparkles/Documents/CodingFiles/FullStack/expensioApp/frontend/ios/Pods/Headers/Public/React-runtimeexecutor -I/Users/sparkles/Documents/CodingFiles/FullStack/expensioApp/frontend/ios/Pods/Headers/Public/React-runtimescheduler -I/Users/sparkles/Documents/CodingFiles/FullStack/expensioApp/frontend/ios/Pods/Headers/Public/React-timing -I/Users/sparkles/Documents/CodingFiles/FullStack/expensioApp/frontend/ios/Pods/Headers/Public/React-utils -I/Users/sparkles/Documents/CodingFiles/FullStack/expensioApp/frontend/ios/Pods/Headers/Public/React-viewtransitionnativemodule -I/Users/sparkles/Documents/CodingFiles/FullStack/expensioApp/frontend/ios/Pods/Headers/Public/React-webperformancenativemodule -I/Users/sparkles/Documents/CodingFiles/FullStack/expensioApp/frontend/ios/Pods/Headers/Public/ReactCodegen -I/Users/sparkles/Documents/CodingFiles/FullStack/expensioApp/frontend/ios/Pods/Headers/Public/ReactCommon -I/Users/sparkles/Documents/CodingFiles/FullStack/expensioApp/frontend/ios/Pods/Headers/Public/ReactNativeDependencies -I/Users/sparkles/Documents/CodingFiles/FullStack/expensioApp/frontend/ios/Pods/Headers/Public/Yoga -I/Users/sparkles/Documents/CodingFiles/FullStack/expensioApp/frontend/ios/Pods/Headers/Public/hermes-engine -I/Users/sparkles/Documents/CodingFiles/FullStack/expensioApp/frontend/ios/Pods/ExpoModulesCore/ExpoModulesCore.xcframework/ios-arm64_x86_64-simulator/ExpoModulesCore.framework/Headers -I/Users/sparkles/Documents/CodingFiles/FullStack/expensioApp/frontend/ios/Pods/ExpoModulesCore/ExpoModulesCore.xcframework/ios-arm64/ExpoModulesCore.framework/Headers -I/Users/sparkles/Documents/CodingFiles/FullStack/expensioApp/frontend/ios/Pods/ExpoModulesCore/ExpoModulesCore.xcframework/ios-arm64_x86_64-simulator/ExpoModulesCore.framework/Headers -I/Users/sparkles/Documents/CodingFiles/FullStack/expensioApp/frontend/ios/Pods/ExpoModulesCore/ExpoModulesCore.xcframework/ios-arm64/ExpoModulesCore.framework/Headers -I/Users/sparkles/Library/Developer/Xcode/DerivedData/Expensio-futtgngxcysvvhcljmosbeftqmyc/Build/Intermediates.noindex/Pods.build/Debug-iphonesimulator/ExpoDomWebView.build/DerivedSources-normal/x86_64 -I/Users/sparkles/Library/Developer/Xcode/DerivedData/Expensio-futtgngxcysvvhcljmosbeftqmyc/Build/Intermediates.noindex/Pods.build/Debug-iphonesimulator/ExpoDomWebView.build/DerivedSources/x86_64 -I/Users/sparkles/Library/Developer/Xcode/DerivedData/Expensio-futtgngxcysvvhcljmosbeftqmyc/Build/Intermediates.noindex/Pods.build/Debug-iphonesimulator/ExpoDomWebView.build/DerivedSources -F/Users/sparkles/Library/Developer/Xcode/DerivedData/Expensio-futtgngxcysvvhcljmosbeftqmyc/Build/Products/Debug-iphonesimulator/ExpoDomWebView -F/Users/sparkles/Documents/CodingFiles/FullStack/expensioApp/frontend/node_modules/expo-modules-jsi/apple/Products -F/Users/sparkles/Documents/CodingFiles/FullStack/expensioApp/frontend/ios/Pods/ExpoModulesCore -F/Users/sparkles/Documents/CodingFiles/FullStack/expensioApp/frontend/ios/Pods/React-Core-prebuilt -F/Users/sparkles/Documents/CodingFiles/FullStack/expensioApp/frontend/ios/Pods/ReactNativeDependencies/framework/packages/react-native -F/Users/sparkles/Documents/CodingFiles/FullStack/expensioApp/frontend/ios/Pods/hermes-engine/destroot/Library/Frameworks/universal -F/Users/sparkles/Library/Developer/Xcode/DerivedData/Expensio-futtgngxcysvvhcljmosbeftqmyc/Build/Products/Debug-iphonesimulator/XCFrameworkIntermediates/ExpoModulesCore -F/Users/sparkles/Library/Developer/Xcode/DerivedData/Expensio-futtgngxcysvvhcljmosbeftqmyc/Build/Products/Debug-iphonesimulator/XCFrameworkIntermediates/ExpoModulesJSI -F/Users/sparkles/Library/Developer/Xcode/DerivedData/Expensio-futtgngxcysvvhcljmosbeftqmyc/Build/Products/Debug-iphonesimulator/XCFrameworkIntermediates/React-Core-prebuilt -F/Users/sparkles/Library/Developer/Xcode/DerivedData/Expensio-futtgngxcysvvhcljmosbeftqmyc/Build/Products/Debug-iphonesimulator/XCFrameworkIntermediates/ReactNativeDependencies -F/Users/sparkles/Library/Developer/Xcode/DerivedData/Expensio-futtgngxcysvvhcljmosbeftqmyc/Build/Products/Debug-iphonesimulator/XCFrameworkIntermediates/hermes-engine/Pre-built '-DRCT_REMOVE_LEGACY_ARCH=1' '-fmodule-map-file=/Users/sparkles/Documents/CodingFiles/FullStack/expensioApp/frontend/ios/Pods/Headers/Public/ReactCodegen/ReactCodegen.modulemap'

WriteAuxiliaryFile /Users/sparkles/Library/Developer/Xcode/DerivedData/Expensio-futtgngxcysvvhcljmosbeftqmyc/Build/Intermediates.noindex/Pods.build/Debug-iphonesimulator/ExpoDomWebView.build/Objects-normal/x86_64/ExpoDomWebView_const_extract_protocols.json (in target 'ExpoDomWebView' from project 'Pods')
    cd /Users/sparkles/Documents/CodingFiles/FullStack/expensioApp/frontend/ios/Pods
    write-file /Users/sparkles/Library/Developer/Xcode/DerivedData/Expensio-futtgngxcysvvhcljmosbeftqmyc/Build/Intermediates.noindex/Pods.build/Debug-iphonesimulator/ExpoDomWebView.build/Objects-normal/x86_64/ExpoDomWebView_const_extract_protocols.json

WriteAuxiliaryFile /Users/sparkles/Library/Developer/Xcode/DerivedData/Expensio-futtgngxcysvvhcljmosbeftqmyc/Build/Intermediates.noindex/Pods.build/Debug-iphonesimulator/ExpoDomWebView.build/Objects-normal/x86_64/ExpoDomWebView.SwiftFileList (in target 'ExpoDomWebView' from project 'Pods')
    cd /Users/sparkles/Documents/CodingFiles/FullStack/expensioApp/frontend/ios/Pods
    write-file /Users/sparkles/Library/Developer/Xcode/DerivedData/Expensio-futtgngxcysvvhcljmosbeftqmyc/Build/Intermediates.noindex/Pods.build/Debug-iphonesimulator/ExpoDomWebView.build/Objects-normal/x86_64/ExpoDomWebView.SwiftFileList

WriteAuxiliaryFile /Users/sparkles/Library/Developer/Xcode/DerivedData/Expensio-futtgngxcysvvhcljmosbeftqmyc/Build/Intermediates.noindex/Pods.build/Debug-iphonesimulator/ExpoDomWebView.build/Objects-normal/x86_64/ExpoDomWebView.SwiftConstValuesFileList (in target 'ExpoDomWebView' from project 'Pods')
    cd /Users/sparkles/Documents/CodingFiles/FullStack/expensioApp/frontend/ios/Pods
    write-file /Users/sparkles/Library/Developer/Xcode/DerivedData/Expensio-futtgngxcysvvhcljmosbeftqmyc/Build/Intermediates.noindex/Pods.build/Debug-iphonesimulator/ExpoDomWebView.build/Objects-normal/x86_64/ExpoDomWebView.SwiftConstValuesFileList

WriteAuxiliaryFile /Users/sparkles/Library/Developer/Xcode/DerivedData/Expensio-futtgngxcysvvhcljmosbeftqmyc/Build/Intermediates.noindex/Pods.build/Debug-iphonesimulator/ExpoDomWebView.build/Objects-normal/x86_64/ExpoDomWebView.LinkFileList (in target 'ExpoDomWebView' from project 'Pods')
    cd /Users/sparkles/Documents/CodingFiles/FullStack/expensioApp/frontend/ios/Pods
    write-file /Users/sparkles/Library/Developer/Xcode/DerivedData/Expensio-futtgngxcysvvhcljmosbeftqmyc/Build/Intermediates.noindex/Pods.build/Debug-iphonesimulator/ExpoDomWebView.build/Objects-normal/x86_64/ExpoDomWebView.LinkFileList

WriteAuxiliaryFile /Users/sparkles/Library/Developer/Xcode/DerivedData/Expensio-futtgngxcysvvhcljmosbeftqmyc/Build/Intermediates.noindex/Pods.build/Debug-iphonesimulator/ExpoDomWebView.build/Objects-normal/x86_64/ExpoDomWebView-OutputFileMap.json (in target 'ExpoDomWebView' from project 'Pods')
    cd /Users/sparkles/Documents/CodingFiles/FullStack/expensioApp/frontend/ios/Pods
    write-file /Users/sparkles/Library/Developer/Xcode/DerivedData/Expensio-futtgngxcysvvhcljmosbeftqmyc/Build/Intermediates.noindex/Pods.build/Debug-iphonesimulator/ExpoDomWebView.build/Objects-normal/x86_64/ExpoDomWebView-OutputFileMap.json

WriteAuxiliaryFile /Users/sparkles/Library/Developer/Xcode/DerivedData/Expensio-futtgngxcysvvhcljmosbeftqmyc/Build/Intermediates.noindex/Pods.build/Debug-iphonesimulator/ExpoDomWebView.build/Objects-normal/arm64/e6072d4f65d7061329687fe24e3d63a7-common-args.resp (in target 'ExpoDomWebView' from project 'Pods')
    cd /Users/sparkles/Documents/CodingFiles/FullStack/expensioApp/frontend/ios/Pods
    write-file /Users/sparkles/Library/Developer/Xcode/DerivedData/Expensio-futtgngxcysvvhcljmosbeftqmyc/Build/Intermediates.noindex/Pods.build/Debug-iphonesimulator/ExpoDomWebView.build/Objects-normal/arm64/e6072d4f65d7061329687fe24e3d63a7-common-args.resp
'-std=gnu11' -fobjc-arc -fmodules '-fmodules-cache-path=/Users/sparkles/Library/Developer/Xcode/DerivedData/ModuleCache.noindex' '-fmodule-name=ExpoDomWebView' -fpascal-strings -O0 -fno-common '-DPOD_CONFIGURATION_DEBUG=1' '-DDEBUG=1' '-DCOCOAPODS=1' '-DOBJC_OLD_DISPATCH_PROTOTYPES=0' -g '-fobjc-abi-version=2' -fobjc-legacy-dispatch -iquote /Users/sparkles/Library/Developer/Xcode/DerivedData/Expensio-futtgngxcysvvhcljmosbeftqmyc/Build/Intermediates.noindex/Pods.build/Debug-iphonesimulator/ExpoDomWebView.build/ExpoDomWebView-generated-files.hmap -I/Users/sparkles/Library/Developer/Xcode/DerivedData/Expensio-futtgngxcysvvhcljmosbeftqmyc/Build/Intermediates.noindex/Pods.build/Debug-iphonesimulator/ExpoDomWebView.build/ExpoDomWebView-own-target-headers.hmap -I/Users/sparkles/Library/Developer/Xcode/DerivedData/Expensio-futtgngxcysvvhcljmosbeftqmyc/Build/Intermediates.noindex/Pods.build/Debug-iphonesimulator/ExpoDomWebView.build/ExpoDomWebView-all-non-framework-target-headers.hmap -ivfsoverlay /Users/sparkles/Library/Developer/Xcode/DerivedData/Expensio-futtgngxcysvvhcljmosbeftqmyc/Build/Intermediates.noindex/Pods.build/Debug-iphonesimulator/Pods-8699adb1dd336b26511df848a716bd42-VFS-iphonesimulator/all-product-headers.yaml -iquote /Users/sparkles/Library/Developer/Xcode/DerivedData/Expensio-futtgngxcysvvhcljmosbeftqmyc/Build/Intermediates.noindex/Pods.build/Debug-iphonesimulator/ExpoDomWebView.build/ExpoDomWebView-project-headers.hmap -I/Users/sparkles/Library/Developer/Xcode/DerivedData/Expensio-futtgngxcysvvhcljmosbeftqmyc/Build/Products/Debug-iphonesimulator/ExpoDomWebView/include -I/Users/sparkles/Documents/CodingFiles/FullStack/expensioApp/frontend/ios/Pods/Headers/Public -I/Users/sparkles/Documents/CodingFiles/FullStack/expensioApp/frontend/ios/Pods/Headers/Public/FBLazyVector -I/Users/sparkles/Documents/CodingFiles/FullStack/expensioApp/frontend/ios/Pods/Headers/Public/RCTRequired -I/Users/sparkles/Documents/CodingFiles/FullStack/expensioApp/frontend/ios/Pods/Headers/Public/RCTSwiftUIWrapper -I/Users/sparkles/Documents/CodingFiles/FullStack/expensioApp/frontend/ios/Pods/Headers/Public/RCTTypeSafety -I/Users/sparkles/Documents/CodingFiles/FullStack/expensioApp/frontend/ios/Pods/Headers/Public/React-Core -I/Users/sparkles/Documents/CodingFiles/FullStack/expensioApp/frontend/ios/Pods/Headers/Public/React-Core-prebuilt -I/Users/sparkles/Documents/CodingFiles/FullStack/expensioApp/frontend/ios/Pods/Headers/Public/React-CoreModules -I/Users/sparkles/Documents/CodingFiles/FullStack/expensioApp/frontend/ios/Pods/Headers/Public/React-Fabric -I/Users/sparkles/Documents/CodingFiles/FullStack/expensioApp/frontend/ios/Pods/Headers/Public/React-FabricComponents -I/Users/sparkles/Documents/CodingFiles/FullStack/expensioApp/frontend/ios/Pods/Headers/Public/React-FabricImage -I/Users/sparkles/Documents/CodingFiles/FullStack/expensioApp/frontend/ios/Pods/Headers/Public/React-ImageManager -I/Users/sparkles/Documents/CodingFiles/FullStack/expensioApp/frontend/ios/Pods/Headers/Public/React-Mapbuffer -I/Users/sparkles/Documents/CodingFiles/FullStack/expensioApp/frontend/ios/Pods/Headers/Public/React-NativeModulesApple -I/Users/sparkles/Documents/CodingFiles/FullStack/expensioApp/frontend/ios/Pods/Headers/Public/React-RCTAnimation -I/Users/sparkles/Documents/CodingFiles/FullStack/expensioApp/frontend/ios/Pods/Headers/Public/React-RCTBlob -I/Users/sparkles/Documents/CodingFiles/FullStack/expensioApp/frontend/ios/Pods/Headers/Public/React-RCTFBReactNativeSpec -I/Users/sparkles/Documents/CodingFiles/FullStack/expensioApp/frontend/ios/Pods/Headers/Public/React-RCTFabric -I/Users/sparkles/Documents/CodingFiles/FullStack/expensioApp/frontend/ios/Pods/Headers/Public/React-RCTImage -I/Users/sparkles/Documents/CodingFiles/FullStack/expensioApp/frontend/ios/Pods/Headers/Public/React-RCTRuntime -I/Users/sparkles/Documents/CodingFiles/FullStack/expensioApp/frontend/ios/Pods/Headers/Public/React-RCTText -I/Users/sparkles/Documents/CodingFiles/FullStack/expensioApp/frontend/ios/Pods/Headers/Public/React-RuntimeApple -I/Users/sparkles/Documents/CodingFiles/FullStack/expensioApp/frontend/ios/Pods/Headers/Public/React-RuntimeCore -I/Users/sparkles/Documents/CodingFiles/FullStack/expensioApp/frontend/ios/Pods/Headers/Public/React-RuntimeHermes -I/Users/sparkles/Documents/CodingFiles/FullStack/expensioApp/frontend/ios/Pods/Headers/Public/React-callinvoker -I/Users/sparkles/Documents/CodingFiles/FullStack/expensioApp/frontend/ios/Pods/Headers/Public/React-cxxreact -I/Users/sparkles/Documents/CodingFiles/FullStack/expensioApp/frontend/ios/Pods/Headers/Public/React-debug -I/Users/sparkles/Documents/CodingFiles/FullStack/expensioApp/frontend/ios/Pods/Headers/Public/React-defaultsnativemodule -I/Users/sparkles/Documents/CodingFiles/FullStack/expensioApp/frontend/ios/Pods/Headers/Public/React-domnativemodule -I/Users/sparkles/Documents/CodingFiles/FullStack/expensioApp/frontend/ios/Pods/Headers/Public/React-featureflags -I/Users/sparkles/Documents/CodingFiles/FullStack/expensioApp/frontend/ios/Pods/Headers/Public/React-featureflagsnativemodule -I/Users/sparkles/Documents/CodingFiles/FullStack/expensioApp/frontend/ios/Pods/Headers/Public/React-graphics -I/Users/sparkles/Documents/CodingFiles/FullStack/expensioApp/frontend/ios/Pods/Headers/Public/React-hermes -I/Users/sparkles/Documents/CodingFiles/FullStack/expensioApp/frontend/ios/Pods/Headers/Public/React-idlecallbacksnativemodule -I/Users/sparkles/Documents/CodingFiles/FullStack/expensioApp/frontend/ios/Pods/Headers/Public/React-intersectionobservernativemodule -I/Users/sparkles/Documents/CodingFiles/FullStack/expensioApp/frontend/ios/Pods/Headers/Public/React-jserrorhandler -I/Users/sparkles/Documents/CodingFiles/FullStack/expensioApp/frontend/ios/Pods/Headers/Public/React-jsi -I/Users/sparkles/Documents/CodingFiles/FullStack/expensioApp/frontend/ios/Pods/Headers/Public/React-jsiexecutor -I/Users/sparkles/Documents/CodingFiles/FullStack/expensioApp/frontend/ios/Pods/Headers/Public/React-jsinspector -I/Users/sparkles/Documents/CodingFiles/FullStack/expensioApp/frontend/ios/Pods/Headers/Public/React-jsinspectorcdp -I/Users/sparkles/Documents/CodingFiles/FullStack/expensioApp/frontend/ios/Pods/Headers/Public/React-jsinspectornetwork -I/Users/sparkles/Documents/CodingFiles/FullStack/expensioApp/frontend/ios/Pods/Headers/Public/React-jsinspectortracing -I/Users/sparkles/Documents/CodingFiles/FullStack/expensioApp/frontend/ios/Pods/Headers/Public/React-jsitooling -I/Users/sparkles/Documents/CodingFiles/FullStack/expensioApp/frontend/ios/Pods/Headers/Public/React-logger -I/Users/sparkles/Documents/CodingFiles/FullStack/expensioApp/frontend/ios/Pods/Headers/Public/React-microtasksnativemodule -I/Users/sparkles/Documents/CodingFiles/FullStack/expensioApp/frontend/ios/Pods/Headers/Public/React-mutationobservernativemodule -I/Users/sparkles/Documents/CodingFiles/FullStack/expensioApp/frontend/ios/Pods/Headers/Public/React-networking -I/Users/sparkles/Documents/CodingFiles/FullStack/expensioApp/frontend/ios/Pods/Headers/Public/React-oscompat -I/Users/sparkles/Documents/CodingFiles/FullStack/expensioApp/frontend/ios/Pods/Headers/Public/React-perflogger -I/Users/sparkles/Documents/CodingFiles/FullStack/expensioApp/frontend/ios/Pods/Headers/Public/React-performancecdpmetrics -I/Users/sparkles/Documents/CodingFiles/FullStack/expensioApp/frontend/ios/Pods/Headers/Public/React-performancetimeline -I/Users/sparkles/Documents/CodingFiles/FullStack/expensioApp/frontend/ios/Pods/Headers/Public/React-rendererconsistency -I/Users/sparkles/Documents/CodingFiles/FullStack/expensioApp/frontend/ios/Pods/Headers/Public/React-renderercss -I/Users/sparkles/Documents/CodingFiles/FullStack/expensioApp/frontend/ios/Pods/Headers/Public/React-rendererdebug -I/Users/sparkles/Documents/CodingFiles/FullStack/expensioApp/frontend/ios/Pods/Headers/Public/React-runtimeexecutor -I/Users/sparkles/Documents/CodingFiles/FullStack/expensioApp/frontend/ios/Pods/Headers/Public/React-runtimescheduler -I/Users/sparkles/Documents/CodingFiles/FullStack/expensioApp/frontend/ios/Pods/Headers/Public/React-timing -I/Users/sparkles/Documents/CodingFiles/FullStack/expensioApp/frontend/ios/Pods/Headers/Public/React-utils -I/Users/sparkles/Documents/CodingFiles/FullStack/expensioApp/frontend/ios/Pods/Headers/Public/React-viewtransitionnativemodule -I/Users/sparkles/Documents/CodingFiles/FullStack/expensioApp/frontend/ios/Pods/Headers/Public/React-webperformancenativemodule -I/Users/sparkles/Documents/CodingFiles/FullStack/expensioApp/frontend/ios/Pods/Headers/Public/ReactCodegen -I/Users/sparkles/Documents/CodingFiles/FullStack/expensioApp/frontend/ios/Pods/Headers/Public/ReactCommon -I/Users/sparkles/Documents/CodingFiles/FullStack/expensioApp/frontend/ios/Pods/Headers/Public/ReactNativeDependencies -I/Users/sparkles/Documents/CodingFiles/FullStack/expensioApp/frontend/ios/Pods/Headers/Public/Yoga -I/Users/sparkles/Documents/CodingFiles/FullStack/expensioApp/frontend/ios/Pods/Headers/Public/hermes-engine -I/Users/sparkles/Documents/CodingFiles/FullStack/expensioApp/frontend/ios/Pods/ExpoModulesCore/ExpoModulesCore.xcframework/ios-arm64_x86_64-simulator/ExpoModulesCore.framework/Headers -I/Users/sparkles/Documents/CodingFiles/FullStack/expensioApp/frontend/ios/Pods/ExpoModulesCore/ExpoModulesCore.xcframework/ios-arm64/ExpoModulesCore.framework/Headers -I/Users/sparkles/Documents/CodingFiles/FullStack/expensioApp/frontend/ios/Pods/ExpoModulesCore/ExpoModulesCore.xcframework/ios-arm64_x86_64-simulator/ExpoModulesCore.framework/Headers -I/Users/sparkles/Documents/CodingFiles/FullStack/expensioApp/frontend/ios/Pods/ExpoModulesCore/ExpoModulesCore.xcframework/ios-arm64/ExpoModulesCore.framework/Headers -I/Users/sparkles/Library/Developer/Xcode/DerivedData/Expensio-futtgngxcysvvhcljmosbeftqmyc/Build/Intermediates.noindex/Pods.build/Debug-iphonesimulator/ExpoDomWebView.build/DerivedSources-normal/arm64 -I/Users/sparkles/Library/Developer/Xcode/DerivedData/Expensio-futtgngxcysvvhcljmosbeftqmyc/Build/Intermediates.noindex/Pods.build/Debug-iphonesimulator/ExpoDomWebView.build/DerivedSources/arm64 -I/Users/sparkles/Library/Developer/Xcode/DerivedData/Expensio-futtgngxcysvvhcljmosbeftqmyc/Build/Intermediates.noindex/Pods.build/Debug-iphonesimulator/ExpoDomWebView.build/DerivedSources -F/Users/sparkles/Library/Developer/Xcode/DerivedData/Expensio-futtgngxcysvvhcljmosbeftqmyc/Build/Products/Debug-iphonesimulator/ExpoDomWebView -F/Users/sparkles/Documents/CodingFiles/FullStack/expensioApp/frontend/node_modules/expo-modules-jsi/apple/Products -F/Users/sparkles/Documents/CodingFiles/FullStack/expensioApp/frontend/ios/Pods/ExpoModulesCore -F/Users/sparkles/Documents/CodingFiles/FullStack/expensioApp/frontend/ios/Pods/React-Core-prebuilt -F/Users/sparkles/Documents/CodingFiles/FullStack/expensioApp/frontend/ios/Pods/ReactNativeDependencies/framework/packages/react-native -F/Users/sparkles/Documents/CodingFiles/FullStack/expensioApp/frontend/ios/Pods/hermes-engine/destroot/Library/Frameworks/universal -F/Users/sparkles/Library/Developer/Xcode/DerivedData/Expensio-futtgngxcysvvhcljmosbeftqmyc/Build/Products/Debug-iphonesimulator/XCFrameworkIntermediates/ExpoModulesCore -F/Users/sparkles/Library/Developer/Xcode/DerivedData/Expensio-futtgngxcysvvhcljmosbeftqmyc/Build/Products/Debug-iphonesimulator/XCFrameworkIntermediates/ExpoModulesJSI -F/Users/sparkles/Library/Developer/Xcode/DerivedData/Expensio-futtgngxcysvvhcljmosbeftqmyc/Build/Products/Debug-iphonesimulator/XCFrameworkIntermediates/React-Core-prebuilt -F/Users/sparkles/Library/Developer/Xcode/DerivedData/Expensio-futtgngxcysvvhcljmosbeftqmyc/Build/Products/Debug-iphonesimulator/XCFrameworkIntermediates/ReactNativeDependencies -F/Users/sparkles/Library/Developer/Xcode/DerivedData/Expensio-futtgngxcysvvhcljmosbeftqmyc/Build/Products/Debug-iphonesimulator/XCFrameworkIntermediates/hermes-engine/Pre-built '-DRCT_REMOVE_LEGACY_ARCH=1' '-fmodule-map-file=/Users/sparkles/Documents/CodingFiles/FullStack/expensioApp/frontend/ios/Pods/Headers/Public/ReactCodegen/ReactCodegen.modulemap'

WriteAuxiliaryFile /Users/sparkles/Library/Developer/Xcode/DerivedData/Expensio-futtgngxcysvvhcljmosbeftqmyc/Build/Intermediates.noindex/Pods.build/Debug-iphonesimulator/ExpoDomWebView.build/Objects-normal/arm64/ExpoDomWebView_const_extract_protocols.json (in target 'ExpoDomWebView' from project 'Pods')
    cd /Users/sparkles/Documents/CodingFiles/FullStack/expensioApp/frontend/ios/Pods
    write-file /Users/sparkles/Library/Developer/Xcode/DerivedData/Expensio-futtgngxcysvvhcljmosbeftqmyc/Build/Intermediates.noindex/Pods.build/Debug-iphonesimulator/ExpoDomWebView.build/Objects-normal/arm64/ExpoDomWebView_const_extract_protocols.json

WriteAuxiliaryFile /Users/sparkles/Library/Developer/Xcode/DerivedData/Expensio-futtgngxcysvvhcljmosbeftqmyc/Build/Intermediates.noindex/Pods.build/Debug-iphonesimulator/ExpoDomWebView.build/Objects-normal/arm64/ExpoDomWebView.SwiftFileList (in target 'ExpoDomWebView' from project 'Pods')
    cd /Users/sparkles/Documents/CodingFiles/FullStack/expensioApp/frontend/ios/Pods
    write-file /Users/sparkles/Library/Developer/Xcode/DerivedData/Expensio-futtgngxcysvvhcljmosbeftqmyc/Build/Intermediates.noindex/Pods.build/Debug-iphonesimulator/ExpoDomWebView.build/Objects-normal/arm64/ExpoDomWebView.SwiftFileList

WriteAuxiliaryFile /Users/sparkles/Library/Developer/Xcode/DerivedData/Expensio-futtgngxcysvvhcljmosbeftqmyc/Build/Intermediates.noindex/Pods.build/Debug-iphonesimulator/ExpoDomWebView.build/Objects-normal/arm64/ExpoDomWebView.SwiftConstValuesFileList (in target 'ExpoDomWebView' from project 'Pods')
    cd /Users/sparkles/Documents/CodingFiles/FullStack/expensioApp/frontend/ios/Pods
    write-file /Users/sparkles/Library/Developer/Xcode/DerivedData/Expensio-futtgngxcysvvhcljmosbeftqmyc/Build/Intermediates.noindex/Pods.build/Debug-iphonesimulator/ExpoDomWebView.build/Objects-normal/arm64/ExpoDomWebView.SwiftConstValuesFileList

WriteAuxiliaryFile /Users/sparkles/Library/Developer/Xcode/DerivedData/Expensio-futtgngxcysvvhcljmosbeftqmyc/Build/Intermediates.noindex/Pods.build/Debug-iphonesimulator/ExpoDomWebView.build/Objects-normal/arm64/ExpoDomWebView.LinkFileList (in target 'ExpoDomWebView' from project 'Pods')
    cd /Users/sparkles/Documents/CodingFiles/FullStack/expensioApp/frontend/ios/Pods
    write-file /Users/sparkles/Library/Developer/Xcode/DerivedData/Expensio-futtgngxcysvvhcljmosbeftqmyc/Build/Intermediates.noindex/Pods.build/Debug-iphonesimulator/ExpoDomWebView.build/Objects-normal/arm64/ExpoDomWebView.LinkFileList

WriteAuxiliaryFile /Users/sparkles/Library/Developer/Xcode/DerivedData/Expensio-futtgngxcysvvhcljmosbeftqmyc/Build/Intermediates.noindex/Pods.build/Debug-iphonesimulator/ExpoDomWebView.build/Objects-normal/arm64/ExpoDomWebView-OutputFileMap.json (in target 'ExpoDomWebView' from project 'Pods')
    cd /Users/sparkles/Documents/CodingFiles/FullStack/expensioApp/frontend/ios/Pods
    write-file /Users/sparkles/Library/Developer/Xcode/DerivedData/Expensio-futtgngxcysvvhcljmosbeftqmyc/Build/Intermediates.noindex/Pods.build/Debug-iphonesimulator/ExpoDomWebView.build/Objects-normal/arm64/ExpoDomWebView-OutputFileMap.json

WriteAuxiliaryFile /Users/sparkles/Library/Developer/Xcode/DerivedData/Expensio-futtgngxcysvvhcljmosbeftqmyc/Build/Intermediates.noindex/Pods.build/Debug-iphonesimulator/ExpoDomWebView.build/ExpoDomWebView.hmap (in target 'ExpoDomWebView' from project 'Pods')
    cd /Users/sparkles/Documents/CodingFiles/FullStack/expensioApp/frontend/ios/Pods
    write-file /Users/sparkles/Library/Developer/Xcode/DerivedData/Expensio-futtgngxcysvvhcljmosbeftqmyc/Build/Intermediates.noindex/Pods.build/Debug-iphonesimulator/ExpoDomWebView.build/ExpoDomWebView.hmap

WriteAuxiliaryFile /Users/sparkles/Library/Developer/Xcode/DerivedData/Expensio-futtgngxcysvvhcljmosbeftqmyc/Build/Intermediates.noindex/Pods.build/Debug-iphonesimulator/ExpoDomWebView.build/ExpoDomWebView.DependencyStaticMetadataFileList (in target 'ExpoDomWebView' from project 'Pods')
    cd /Users/sparkles/Documents/CodingFiles/FullStack/expensioApp/frontend/ios/Pods
    write-file /Users/sparkles/Library/Developer/Xcode/DerivedData/Expensio-futtgngxcysvvhcljmosbeftqmyc/Build/Intermediates.noindex/Pods.build/Debug-iphonesimulator/ExpoDomWebView.build/ExpoDomWebView.DependencyStaticMetadataFileList

WriteAuxiliaryFile /Users/sparkles/Library/Developer/Xcode/DerivedData/Expensio-futtgngxcysvvhcljmosbeftqmyc/Build/Intermediates.noindex/Pods.build/Debug-iphonesimulator/ExpoDomWebView.build/ExpoDomWebView.DependencyMetadataFileList (in target 'ExpoDomWebView' from project 'Pods')
    cd /Users/sparkles/Documents/CodingFiles/FullStack/expensioApp/frontend/ios/Pods
    write-file /Users/sparkles/Library/Developer/Xcode/DerivedData/Expensio-futtgngxcysvvhcljmosbeftqmyc/Build/Intermediates.noindex/Pods.build/Debug-iphonesimulator/ExpoDomWebView.build/ExpoDomWebView.DependencyMetadataFileList

WriteAuxiliaryFile /Users/sparkles/Library/Developer/Xcode/DerivedData/Expensio-futtgngxcysvvhcljmosbeftqmyc/Build/Intermediates.noindex/Pods.build/Debug-iphonesimulator/ExpoDomWebView.build/ExpoDomWebView-project-headers.hmap (in target 'ExpoDomWebView' from project 'Pods')
    cd /Users/sparkles/Documents/CodingFiles/FullStack/expensioApp/frontend/ios/Pods
    write-file /Users/sparkles/Library/Developer/Xcode/DerivedData/Expensio-futtgngxcysvvhcljmosbeftqmyc/Build/Intermediates.noindex/Pods.build/Debug-iphonesimulator/ExpoDomWebView.build/ExpoDomWebView-project-headers.hmap

WriteAuxiliaryFile /Users/sparkles/Library/Developer/Xcode/DerivedData/Expensio-futtgngxcysvvhcljmosbeftqmyc/Build/Intermediates.noindex/Pods.build/Debug-iphonesimulator/ExpoDomWebView.build/ExpoDomWebView-own-target-headers.hmap (in target 'ExpoDomWebView' from project 'Pods')
    cd /Users/sparkles/Documents/CodingFiles/FullStack/expensioApp/frontend/ios/Pods
    write-file /Users/sparkles/Library/Developer/Xcode/DerivedData/Expensio-futtgngxcysvvhcljmosbeftqmyc/Build/Intermediates.noindex/Pods.build/Debug-iphonesimulator/ExpoDomWebView.build/ExpoDomWebView-own-target-headers.hmap

WriteAuxiliaryFile /Users/sparkles/Library/Developer/Xcode/DerivedData/Expensio-futtgngxcysvvhcljmosbeftqmyc/Build/Intermediates.noindex/Pods.build/Debug-iphonesimulator/ExpoDomWebView.build/ExpoDomWebView-generated-files.hmap (in target 'ExpoDomWebView' from project 'Pods')
    cd /Users/sparkles/Documents/CodingFiles/FullStack/expensioApp/frontend/ios/Pods
    write-file /Users/sparkles/Library/Developer/Xcode/DerivedData/Expensio-futtgngxcysvvhcljmosbeftqmyc/Build/Intermediates.noindex/Pods.build/Debug-iphonesimulator/ExpoDomWebView.build/ExpoDomWebView-generated-files.hmap

WriteAuxiliaryFile /Users/sparkles/Library/Developer/Xcode/DerivedData/Expensio-futtgngxcysvvhcljmosbeftqmyc/Build/Intermediates.noindex/Pods.build/Debug-iphonesimulator/ExpoDomWebView.build/ExpoDomWebView-all-target-headers.hmap (in target 'ExpoDomWebView' from project 'Pods')
    cd /Users/sparkles/Documents/CodingFiles/FullStack/expensioApp/frontend/ios/Pods
    write-file /Users/sparkles/Library/Developer/Xcode/DerivedData/Expensio-futtgngxcysvvhcljmosbeftqmyc/Build/Intermediates.noindex/Pods.build/Debug-iphonesimulator/ExpoDomWebView.build/ExpoDomWebView-all-target-headers.hmap

WriteAuxiliaryFile /Users/sparkles/Library/Developer/Xcode/DerivedData/Expensio-futtgngxcysvvhcljmosbeftqmyc/Build/Intermediates.noindex/Pods.build/Debug-iphonesimulator/ExpoDomWebView.build/ExpoDomWebView-all-non-framework-target-headers.hmap (in target 'ExpoDomWebView' from project 'Pods')
    cd /Users/sparkles/Documents/CodingFiles/FullStack/expensioApp/frontend/ios/Pods
    write-file /Users/sparkles/Library/Developer/Xcode/DerivedData/Expensio-futtgngxcysvvhcljmosbeftqmyc/Build/Intermediates.noindex/Pods.build/Debug-iphonesimulator/ExpoDomWebView.build/ExpoDomWebView-all-non-framework-target-headers.hmap

WriteAuxiliaryFile /Users/sparkles/Library/Developer/Xcode/DerivedData/Expensio-futtgngxcysvvhcljmosbeftqmyc/Build/Intermediates.noindex/Pods.build/Debug-iphonesimulator/ExpoAsset.build/Script-46EB2E00014E70.sh (in target 'ExpoAsset' from project 'Pods')
    cd /Users/sparkles/Documents/CodingFiles/FullStack/expensioApp/frontend/ios/Pods
    write-file /Users/sparkles/Library/Developer/Xcode/DerivedData/Expensio-futtgngxcysvvhcljmosbeftqmyc/Build/Intermediates.noindex/Pods.build/Debug-iphonesimulator/ExpoAsset.build/Script-46EB2E00014E70.sh

WriteAuxiliaryFile /Users/sparkles/Library/Developer/Xcode/DerivedData/Expensio-futtgngxcysvvhcljmosbeftqmyc/Build/Intermediates.noindex/Pods.build/Debug-iphonesimulator/ExpoAsset.build/Objects-normal/x86_64/e6072d4f65d7061329687fe24e3d63a7-common-args.resp (in target 'ExpoAsset' from project 'Pods')
    cd /Users/sparkles/Documents/CodingFiles/FullStack/expensioApp/frontend/ios/Pods
    write-file /Users/sparkles/Library/Developer/Xcode/DerivedData/Expensio-futtgngxcysvvhcljmosbeftqmyc/Build/Intermediates.noindex/Pods.build/Debug-iphonesimulator/ExpoAsset.build/Objects-normal/x86_64/e6072d4f65d7061329687fe24e3d63a7-common-args.resp
'-std=gnu11' -fobjc-arc -fmodules '-fmodules-cache-path=/Users/sparkles/Library/Developer/Xcode/DerivedData/ModuleCache.noindex' '-fmodule-name=ExpoAsset' -fpascal-strings -O0 -fno-common '-DPOD_CONFIGURATION_DEBUG=1' '-DDEBUG=1' '-DCOCOAPODS=1' '-DOBJC_OLD_DISPATCH_PROTOTYPES=0' -fasm-blocks -g '-fobjc-abi-version=2' -fobjc-legacy-dispatch -iquote /Users/sparkles/Library/Developer/Xcode/DerivedData/Expensio-futtgngxcysvvhcljmosbeftqmyc/Build/Intermediates.noindex/Pods.build/Debug-iphonesimulator/ExpoAsset.build/ExpoAsset-generated-files.hmap -I/Users/sparkles/Library/Developer/Xcode/DerivedData/Expensio-futtgngxcysvvhcljmosbeftqmyc/Build/Intermediates.noindex/Pods.build/Debug-iphonesimulator/ExpoAsset.build/ExpoAsset-own-target-headers.hmap -I/Users/sparkles/Library/Developer/Xcode/DerivedData/Expensio-futtgngxcysvvhcljmosbeftqmyc/Build/Intermediates.noindex/Pods.build/Debug-iphonesimulator/ExpoAsset.build/ExpoAsset-all-non-framework-target-headers.hmap -ivfsoverlay /Users/sparkles/Library/Developer/Xcode/DerivedData/Expensio-futtgngxcysvvhcljmosbeftqmyc/Build/Intermediates.noindex/Pods.build/Debug-iphonesimulator/Pods-8699adb1dd336b26511df848a716bd42-VFS-iphonesimulator/all-product-headers.yaml -iquote /Users/sparkles/Library/Developer/Xcode/DerivedData/Expensio-futtgngxcysvvhcljmosbeftqmyc/Build/Intermediates.noindex/Pods.build/Debug-iphonesimulator/ExpoAsset.build/ExpoAsset-project-headers.hmap -I/Users/sparkles/Library/Developer/Xcode/DerivedData/Expensio-futtgngxcysvvhcljmosbeftqmyc/Build/Products/Debug-iphonesimulator/ExpoAsset/include -I/Users/sparkles/Documents/CodingFiles/FullStack/expensioApp/frontend/ios/Pods/Headers/Public -I/Users/sparkles/Documents/CodingFiles/FullStack/expensioApp/frontend/ios/Pods/Headers/Public/FBLazyVector -I/Users/sparkles/Documents/CodingFiles/FullStack/expensioApp/frontend/ios/Pods/Headers/Public/RCTRequired -I/Users/sparkles/Documents/CodingFiles/FullStack/expensioApp/frontend/ios/Pods/Headers/Public/RCTSwiftUIWrapper -I/Users/sparkles/Documents/CodingFiles/FullStack/expensioApp/frontend/ios/Pods/Headers/Public/RCTTypeSafety -I/Users/sparkles/Documents/CodingFiles/FullStack/expensioApp/frontend/ios/Pods/Headers/Public/React-Core -I/Users/sparkles/Documents/CodingFiles/FullStack/expensioApp/frontend/ios/Pods/Headers/Public/React-Core-prebuilt -I/Users/sparkles/Documents/CodingFiles/FullStack/expensioApp/frontend/ios/Pods/Headers/Public/React-CoreModules -I/Users/sparkles/Documents/CodingFiles/FullStack/expensioApp/frontend/ios/Pods/Headers/Public/React-Fabric -I/Users/sparkles/Documents/CodingFiles/FullStack/expensioApp/frontend/ios/Pods/Headers/Public/React-FabricComponents -I/Users/sparkles/Documents/CodingFiles/FullStack/expensioApp/frontend/ios/Pods/Headers/Public/React-FabricImage -I/Users/sparkles/Documents/CodingFiles/FullStack/expensioApp/frontend/ios/Pods/Headers/Public/React-ImageManager -I/Users/sparkles/Documents/CodingFiles/FullStack/expensioApp/frontend/ios/Pods/Headers/Public/React-Mapbuffer -I/Users/sparkles/Documents/CodingFiles/FullStack/expensioApp/frontend/ios/Pods/Headers/Public/React-NativeModulesApple -I/Users/sparkles/Documents/CodingFiles/FullStack/expensioApp/frontend/ios/Pods/Headers/Public/React-RCTAnimation -I/Users/sparkles/Documents/CodingFiles/FullStack/expensioApp/frontend/ios/Pods/Headers/Public/React-RCTBlob -I/Users/sparkles/Documents/CodingFiles/FullStack/expensioApp/frontend/ios/Pods/Headers/Public/React-RCTFBReactNativeSpec -I/Users/sparkles/Documents/CodingFiles/FullStack/expensioApp/frontend/ios/Pods/Headers/Public/React-RCTFabric -I/Users/sparkles/Documents/CodingFiles/FullStack/expensioApp/frontend/ios/Pods/Headers/Public/React-RCTImage -I/Users/sparkles/Documents/CodingFiles/FullStack/expensioApp/frontend/ios/Pods/Headers/Public/React-RCTRuntime -I/Users/sparkles/Documents/CodingFiles/FullStack/expensioApp/frontend/ios/Pods/Headers/Public/React-RCTText -I/Users/sparkles/Documents/CodingFiles/FullStack/expensioApp/frontend/ios/Pods/Headers/Public/React-RuntimeApple -I/Users/sparkles/Documents/CodingFiles/FullStack/expensioApp/frontend/ios/Pods/Headers/Public/React-RuntimeCore -I/Users/sparkles/Documents/CodingFiles/FullStack/expensioApp/frontend/ios/Pods/Headers/Public/React-RuntimeHermes -I/Users/sparkles/Documents/CodingFiles/FullStack/expensioApp/frontend/ios/Pods/Headers/Public/React-callinvoker -I/Users/sparkles/Documents/CodingFiles/FullStack/expensioApp/frontend/ios/Pods/Headers/Public/React-cxxreact -I/Users/sparkles/Documents/CodingFiles/FullStack/expensioApp/frontend/ios/Pods/Headers/Public/React-debug -I/Users/sparkles/Documents/CodingFiles/FullStack/expensioApp/frontend/ios/Pods/Headers/Public/React-defaultsnativemodule -I/Users/sparkles/Documents/CodingFiles/FullStack/expensioApp/frontend/ios/Pods/Headers/Public/React-domnativemodule -I/Users/sparkles/Documents/CodingFiles/FullStack/expensioApp/frontend/ios/Pods/Headers/Public/React-featureflags -I/Users/sparkles/Documents/CodingFiles/FullStack/expensioApp/frontend/ios/Pods/Headers/Public/React-featureflagsnativemodule -I/Users/sparkles/Documents/CodingFiles/FullStack/expensioApp/frontend/ios/Pods/Headers/Public/React-graphics -I/Users/sparkles/Documents/CodingFiles/FullStack/expensioApp/frontend/ios/Pods/Headers/Public/React-hermes -I/Users/sparkles/Documents/CodingFiles/FullStack/expensioApp/frontend/ios/Pods/Headers/Public/React-idlecallbacksnativemodule -I/Users/sparkles/Documents/CodingFiles/FullStack/expensioApp/frontend/ios/Pods/Headers/Public/React-intersectionobservernativemodule -I/Users/sparkles/Documents/CodingFiles/FullStack/expensioApp/frontend/ios/Pods/Headers/Public/React-jserrorhandler -I/Users/sparkles/Documents/CodingFiles/FullStack/expensioApp/frontend/ios/Pods/Headers/Public/React-jsi -I/Users/sparkles/Documents/CodingFiles/FullStack/expensioApp/frontend/ios/Pods/Headers/Public/React-jsiexecutor -I/Users/sparkles/Documents/CodingFiles/FullStack/expensioApp/frontend/ios/Pods/Headers/Public/React-jsinspector -I/Users/sparkles/Documents/CodingFiles/FullStack/expensioApp/frontend/ios/Pods/Headers/Public/React-jsinspectorcdp -I/Users/sparkles/Documents/CodingFiles/FullStack/expensioApp/frontend/ios/Pods/Headers/Public/React-jsinspectornetwork -I/Users/sparkles/Documents/CodingFiles/FullStack/expensioApp/frontend/ios/Pods/Headers/Public/React-jsinspectortracing -I/Users/sparkles/Documents/CodingFiles/FullStack/expensioApp/frontend/ios/Pods/Headers/Public/React-jsitooling -I/Users/sparkles/Documents/CodingFiles/FullStack/expensioApp/frontend/ios/Pods/Headers/Public/React-logger -I/Users/sparkles/Documents/CodingFiles/FullStack/expensioApp/frontend/ios/Pods/Headers/Public/React-microtasksnativemodule -I/Users/sparkles/Documents/CodingFiles/FullStack/expensioApp/frontend/ios/Pods/Headers/Public/React-mutationobservernativemodule -I/Users/sparkles/Documents/CodingFiles/FullStack/expensioApp/frontend/ios/Pods/Headers/Public/React-networking -I/Users/sparkles/Documents/CodingFiles/FullStack/expensioApp/frontend/ios/Pods/Headers/Public/React-oscompat -I/Users/sparkles/Documents/CodingFiles/FullStack/expensioApp/frontend/ios/Pods/Headers/Public/React-perflogger -I/Users/sparkles/Documents/CodingFiles/FullStack/expensioApp/frontend/ios/Pods/Headers/Public/React-performancecdpmetrics -I/Users/sparkles/Documents/CodingFiles/FullStack/expensioApp/frontend/ios/Pods/Headers/Public/React-performancetimeline -I/Users/sparkles/Documents/CodingFiles/FullStack/expensioApp/frontend/ios/Pods/Headers/Public/React-rendererconsistency -I/Users/sparkles/Documents/CodingFiles/FullStack/expensioApp/frontend/ios/Pods/Headers/Public/React-renderercss -I/Users/sparkles/Documents/CodingFiles/FullStack/expensioApp/frontend/ios/Pods/Headers/Public/React-rendererdebug -I/Users/sparkles/Documents/CodingFiles/FullStack/expensioApp/frontend/ios/Pods/Headers/Public/React-runtimeexecutor -I/Users/sparkles/Documents/CodingFiles/FullStack/expensioApp/frontend/ios/Pods/Headers/Public/React-runtimescheduler -I/Users/sparkles/Documents/CodingFiles/FullStack/expensioApp/frontend/ios/Pods/Headers/Public/React-timing -I/Users/sparkles/Documents/CodingFiles/FullStack/expensioApp/frontend/ios/Pods/Headers/Public/React-utils -I/Users/sparkles/Documents/CodingFiles/FullStack/expensioApp/frontend/ios/Pods/Headers/Public/React-viewtransitionnativemodule -I/Users/sparkles/Documents/CodingFiles/FullStack/expensioApp/frontend/ios/Pods/Headers/Public/React-webperformancenativemodule -I/Users/sparkles/Documents/CodingFiles/FullStack/expensioApp/frontend/ios/Pods/Headers/Public/ReactCodegen -I/Users/sparkles/Documents/CodingFiles/FullStack/expensioApp/frontend/ios/Pods/Headers/Public/ReactCommon -I/Users/sparkles/Documents/CodingFiles/FullStack/expensioApp/frontend/ios/Pods/Headers/Public/ReactNativeDependencies -I/Users/sparkles/Documents/CodingFiles/FullStack/expensioApp/frontend/ios/Pods/Headers/Public/Yoga -I/Users/sparkles/Documents/CodingFiles/FullStack/expensioApp/frontend/ios/Pods/Headers/Public/hermes-engine -I/Users/sparkles/Documents/CodingFiles/FullStack/expensioApp/frontend/ios/Pods/ExpoModulesCore/ExpoModulesCore.xcframework/ios-arm64_x86_64-simulator/ExpoModulesCore.framework/Headers -I/Users/sparkles/Documents/CodingFiles/FullStack/expensioApp/frontend/ios/Pods/ExpoModulesCore/ExpoModulesCore.xcframework/ios-arm64/ExpoModulesCore.framework/Headers -I/Users/sparkles/Documents/CodingFiles/FullStack/expensioApp/frontend/ios/Pods/ExpoModulesCore/ExpoModulesCore.xcframework/ios-arm64_x86_64-simulator/ExpoModulesCore.framework/Headers -I/Users/sparkles/Documents/CodingFiles/FullStack/expensioApp/frontend/ios/Pods/ExpoModulesCore/ExpoModulesCore.xcframework/ios-arm64/ExpoModulesCore.framework/Headers -I/Users/sparkles/Library/Developer/Xcode/DerivedData/Expensio-futtgngxcysvvhcljmosbeftqmyc/Build/Intermediates.noindex/Pods.build/Debug-iphonesimulator/ExpoAsset.build/DerivedSources-normal/x86_64 -I/Users/sparkles/Library/Developer/Xcode/DerivedData/Expensio-futtgngxcysvvhcljmosbeftqmyc/Build/Intermediates.noindex/Pods.build/Debug-iphonesimulator/ExpoAsset.build/DerivedSources/x86_64 -I/Users/sparkles/Library/Developer/Xcode/DerivedData/Expensio-futtgngxcysvvhcljmosbeftqmyc/Build/Intermediates.noindex/Pods.build/Debug-iphonesimulator/ExpoAsset.build/DerivedSources -F/Users/sparkles/Library/Developer/Xcode/DerivedData/Expensio-futtgngxcysvvhcljmosbeftqmyc/Build/Products/Debug-iphonesimulator/ExpoAsset -F/Users/sparkles/Documents/CodingFiles/FullStack/expensioApp/frontend/node_modules/expo-modules-jsi/apple/Products -F/Users/sparkles/Documents/CodingFiles/FullStack/expensioApp/frontend/ios/Pods/ExpoModulesCore -F/Users/sparkles/Documents/CodingFiles/FullStack/expensioApp/frontend/ios/Pods/React-Core-prebuilt -F/Users/sparkles/Documents/CodingFiles/FullStack/expensioApp/frontend/ios/Pods/ReactNativeDependencies/framework/packages/react-native -F/Users/sparkles/Documents/CodingFiles/FullStack/expensioApp/frontend/ios/Pods/hermes-engine/destroot/Library/Frameworks/universal -F/Users/sparkles/Library/Developer/Xcode/DerivedData/Expensio-futtgngxcysvvhcljmosbeftqmyc/Build/Products/Debug-iphonesimulator/XCFrameworkIntermediates/ExpoModulesCore -F/Users/sparkles/Library/Developer/Xcode/DerivedData/Expensio-futtgngxcysvvhcljmosbeftqmyc/Build/Products/Debug-iphonesimulator/XCFrameworkIntermediates/ExpoModulesJSI -F/Users/sparkles/Library/Developer/Xcode/DerivedData/Expensio-futtgngxcysvvhcljmosbeftqmyc/Build/Products/Debug-iphonesimulator/XCFrameworkIntermediates/React-Core-prebuilt -F/Users/sparkles/Library/Developer/Xcode/DerivedData/Expensio-futtgngxcysvvhcljmosbeftqmyc/Build/Products/Debug-iphonesimulator/XCFrameworkIntermediates/ReactNativeDependencies -F/Users/sparkles/Library/Developer/Xcode/DerivedData/Expensio-futtgngxcysvvhcljmosbeftqmyc/Build/Products/Debug-iphonesimulator/XCFrameworkIntermediates/hermes-engine/Pre-built '-DRCT_REMOVE_LEGACY_ARCH=1' '-fmodule-map-file=/Users/sparkles/Documents/CodingFiles/FullStack/expensioApp/frontend/ios/Pods/Headers/Public/ReactCodegen/ReactCodegen.modulemap'

WriteAuxiliaryFile /Users/sparkles/Library/Developer/Xcode/DerivedData/Expensio-futtgngxcysvvhcljmosbeftqmyc/Build/Intermediates.noindex/Pods.build/Debug-iphonesimulator/ExpoAsset.build/Objects-normal/x86_64/ExpoAsset_const_extract_protocols.json (in target 'ExpoAsset' from project 'Pods')
    cd /Users/sparkles/Documents/CodingFiles/FullStack/expensioApp/frontend/ios/Pods
    write-file /Users/sparkles/Library/Developer/Xcode/DerivedData/Expensio-futtgngxcysvvhcljmosbeftqmyc/Build/Intermediates.noindex/Pods.build/Debug-iphonesimulator/ExpoAsset.build/Objects-normal/x86_64/ExpoAsset_const_extract_protocols.json

WriteAuxiliaryFile /Users/sparkles/Library/Developer/Xcode/DerivedData/Expensio-futtgngxcysvvhcljmosbeftqmyc/Build/Intermediates.noindex/Pods.build/Debug-iphonesimulator/ExpoAsset.build/Objects-normal/x86_64/ExpoAsset.SwiftFileList (in target 'ExpoAsset' from project 'Pods')
    cd /Users/sparkles/Documents/CodingFiles/FullStack/expensioApp/frontend/ios/Pods
    write-file /Users/sparkles/Library/Developer/Xcode/DerivedData/Expensio-futtgngxcysvvhcljmosbeftqmyc/Build/Intermediates.noindex/Pods.build/Debug-iphonesimulator/ExpoAsset.build/Objects-normal/x86_64/ExpoAsset.SwiftFileList

WriteAuxiliaryFile /Users/sparkles/Library/Developer/Xcode/DerivedData/Expensio-futtgngxcysvvhcljmosbeftqmyc/Build/Intermediates.noindex/Pods.build/Debug-iphonesimulator/ExpoAsset.build/Objects-normal/x86_64/ExpoAsset.SwiftConstValuesFileList (in target 'ExpoAsset' from project 'Pods')
    cd /Users/sparkles/Documents/CodingFiles/FullStack/expensioApp/frontend/ios/Pods
    write-file /Users/sparkles/Library/Developer/Xcode/DerivedData/Expensio-futtgngxcysvvhcljmosbeftqmyc/Build/Intermediates.noindex/Pods.build/Debug-iphonesimulator/ExpoAsset.build/Objects-normal/x86_64/ExpoAsset.SwiftConstValuesFileList

WriteAuxiliaryFile /Users/sparkles/Library/Developer/Xcode/DerivedData/Expensio-futtgngxcysvvhcljmosbeftqmyc/Build/Intermediates.noindex/Pods.build/Debug-iphonesimulator/ExpoAsset.build/Objects-normal/x86_64/ExpoAsset.LinkFileList (in target 'ExpoAsset' from project 'Pods')
    cd /Users/sparkles/Documents/CodingFiles/FullStack/expensioApp/frontend/ios/Pods
    write-file /Users/sparkles/Library/Developer/Xcode/DerivedData/Expensio-futtgngxcysvvhcljmosbeftqmyc/Build/Intermediates.noindex/Pods.build/Debug-iphonesimulator/ExpoAsset.build/Objects-normal/x86_64/ExpoAsset.LinkFileList

WriteAuxiliaryFile /Users/sparkles/Library/Developer/Xcode/DerivedData/Expensio-futtgngxcysvvhcljmosbeftqmyc/Build/Intermediates.noindex/Pods.build/Debug-iphonesimulator/ExpoAsset.build/Objects-normal/x86_64/ExpoAsset-OutputFileMap.json (in target 'ExpoAsset' from project 'Pods')
    cd /Users/sparkles/Documents/CodingFiles/FullStack/expensioApp/frontend/ios/Pods
    write-file /Users/sparkles/Library/Developer/Xcode/DerivedData/Expensio-futtgngxcysvvhcljmosbeftqmyc/Build/Intermediates.noindex/Pods.build/Debug-iphonesimulator/ExpoAsset.build/Objects-normal/x86_64/ExpoAsset-OutputFileMap.json

WriteAuxiliaryFile /Users/sparkles/Library/Developer/Xcode/DerivedData/Expensio-futtgngxcysvvhcljmosbeftqmyc/Build/Intermediates.noindex/Pods.build/Debug-iphonesimulator/ExpoAsset.build/Objects-normal/arm64/e6072d4f65d7061329687fe24e3d63a7-common-args.resp (in target 'ExpoAsset' from project 'Pods')
    cd /Users/sparkles/Documents/CodingFiles/FullStack/expensioApp/frontend/ios/Pods
    write-file /Users/sparkles/Library/Developer/Xcode/DerivedData/Expensio-futtgngxcysvvhcljmosbeftqmyc/Build/Intermediates.noindex/Pods.build/Debug-iphonesimulator/ExpoAsset.build/Objects-normal/arm64/e6072d4f65d7061329687fe24e3d63a7-common-args.resp
'-std=gnu11' -fobjc-arc -fmodules '-fmodules-cache-path=/Users/sparkles/Library/Developer/Xcode/DerivedData/ModuleCache.noindex' '-fmodule-name=ExpoAsset' -fpascal-strings -O0 -fno-common '-DPOD_CONFIGURATION_DEBUG=1' '-DDEBUG=1' '-DCOCOAPODS=1' '-DOBJC_OLD_DISPATCH_PROTOTYPES=0' -g '-fobjc-abi-version=2' -fobjc-legacy-dispatch -iquote /Users/sparkles/Library/Developer/Xcode/DerivedData/Expensio-futtgngxcysvvhcljmosbeftqmyc/Build/Intermediates.noindex/Pods.build/Debug-iphonesimulator/ExpoAsset.build/ExpoAsset-generated-files.hmap -I/Users/sparkles/Library/Developer/Xcode/DerivedData/Expensio-futtgngxcysvvhcljmosbeftqmyc/Build/Intermediates.noindex/Pods.build/Debug-iphonesimulator/ExpoAsset.build/ExpoAsset-own-target-headers.hmap -I/Users/sparkles/Library/Developer/Xcode/DerivedData/Expensio-futtgngxcysvvhcljmosbeftqmyc/Build/Intermediates.noindex/Pods.build/Debug-iphonesimulator/ExpoAsset.build/ExpoAsset-all-non-framework-target-headers.hmap -ivfsoverlay /Users/sparkles/Library/Developer/Xcode/DerivedData/Expensio-futtgngxcysvvhcljmosbeftqmyc/Build/Intermediates.noindex/Pods.build/Debug-iphonesimulator/Pods-8699adb1dd336b26511df848a716bd42-VFS-iphonesimulator/all-product-headers.yaml -iquote /Users/sparkles/Library/Developer/Xcode/DerivedData/Expensio-futtgngxcysvvhcljmosbeftqmyc/Build/Intermediates.noindex/Pods.build/Debug-iphonesimulator/ExpoAsset.build/ExpoAsset-project-headers.hmap -I/Users/sparkles/Library/Developer/Xcode/DerivedData/Expensio-futtgngxcysvvhcljmosbeftqmyc/Build/Products/Debug-iphonesimulator/ExpoAsset/include -I/Users/sparkles/Documents/CodingFiles/FullStack/expensioApp/frontend/ios/Pods/Headers/Public -I/Users/sparkles/Documents/CodingFiles/FullStack/expensioApp/frontend/ios/Pods/Headers/Public/FBLazyVector -I/Users/sparkles/Documents/CodingFiles/FullStack/expensioApp/frontend/ios/Pods/Headers/Public/RCTRequired -I/Users/sparkles/Documents/CodingFiles/FullStack/expensioApp/frontend/ios/Pods/Headers/Public/RCTSwiftUIWrapper -I/Users/sparkles/Documents/CodingFiles/FullStack/expensioApp/frontend/ios/Pods/Headers/Public/RCTTypeSafety -I/Users/sparkles/Documents/CodingFiles/FullStack/expensioApp/frontend/ios/Pods/Headers/Public/React-Core -I/Users/sparkles/Documents/CodingFiles/FullStack/expensioApp/frontend/ios/Pods/Headers/Public/React-Core-prebuilt -I/Users/sparkles/Documents/CodingFiles/FullStack/expensioApp/frontend/ios/Pods/Headers/Public/React-CoreModules -I/Users/sparkles/Documents/CodingFiles/FullStack/expensioApp/frontend/ios/Pods/Headers/Public/React-Fabric -I/Users/sparkles/Documents/CodingFiles/FullStack/expensioApp/frontend/ios/Pods/Headers/Public/React-FabricComponents -I/Users/sparkles/Documents/CodingFiles/FullStack/expensioApp/frontend/ios/Pods/Headers/Public/React-FabricImage -I/Users/sparkles/Documents/CodingFiles/FullStack/expensioApp/frontend/ios/Pods/Headers/Public/React-ImageManager -I/Users/sparkles/Documents/CodingFiles/FullStack/expensioApp/frontend/ios/Pods/Headers/Public/React-Mapbuffer -I/Users/sparkles/Documents/CodingFiles/FullStack/expensioApp/frontend/ios/Pods/Headers/Public/React-NativeModulesApple -I/Users/sparkles/Documents/CodingFiles/FullStack/expensioApp/frontend/ios/Pods/Headers/Public/React-RCTAnimation -I/Users/sparkles/Documents/CodingFiles/FullStack/expensioApp/frontend/ios/Pods/Headers/Public/React-RCTBlob -I/Users/sparkles/Documents/CodingFiles/FullStack/expensioApp/frontend/ios/Pods/Headers/Public/React-RCTFBReactNativeSpec -I/Users/sparkles/Documents/CodingFiles/FullStack/expensioApp/frontend/ios/Pods/Headers/Public/React-RCTFabric -I/Users/sparkles/Documents/CodingFiles/FullStack/expensioApp/frontend/ios/Pods/Headers/Public/React-RCTImage -I/Users/sparkles/Documents/CodingFiles/FullStack/expensioApp/frontend/ios/Pods/Headers/Public/React-RCTRuntime -I/Users/sparkles/Documents/CodingFiles/FullStack/expensioApp/frontend/ios/Pods/Headers/Public/React-RCTText -I/Users/sparkles/Documents/CodingFiles/FullStack/expensioApp/frontend/ios/Pods/Headers/Public/React-RuntimeApple -I/Users/sparkles/Documents/CodingFiles/FullStack/expensioApp/frontend/ios/Pods/Headers/Public/React-RuntimeCore -I/Users/sparkles/Documents/CodingFiles/FullStack/expensioApp/frontend/ios/Pods/Headers/Public/React-RuntimeHermes -I/Users/sparkles/Documents/CodingFiles/FullStack/expensioApp/frontend/ios/Pods/Headers/Public/React-callinvoker -I/Users/sparkles/Documents/CodingFiles/FullStack/expensioApp/frontend/ios/Pods/Headers/Public/React-cxxreact -I/Users/sparkles/Documents/CodingFiles/FullStack/expensioApp/frontend/ios/Pods/Headers/Public/React-debug -I/Users/sparkles/Documents/CodingFiles/FullStack/expensioApp/frontend/ios/Pods/Headers/Public/React-defaultsnativemodule -I/Users/sparkles/Documents/CodingFiles/FullStack/expensioApp/frontend/ios/Pods/Headers/Public/React-domnativemodule -I/Users/sparkles/Documents/CodingFiles/FullStack/expensioApp/frontend/ios/Pods/Headers/Public/React-featureflags -I/Users/sparkles/Documents/CodingFiles/FullStack/expensioApp/frontend/ios/Pods/Headers/Public/React-featureflagsnativemodule -I/Users/sparkles/Documents/CodingFiles/FullStack/expensioApp/frontend/ios/Pods/Headers/Public/React-graphics -I/Users/sparkles/Documents/CodingFiles/FullStack/expensioApp/frontend/ios/Pods/Headers/Public/React-hermes -I/Users/sparkles/Documents/CodingFiles/FullStack/expensioApp/frontend/ios/Pods/Headers/Public/React-idlecallbacksnativemodule -I/Users/sparkles/Documents/CodingFiles/FullStack/expensioApp/frontend/ios/Pods/Headers/Public/React-intersectionobservernativemodule -I/Users/sparkles/Documents/CodingFiles/FullStack/expensioApp/frontend/ios/Pods/Headers/Public/React-jserrorhandler -I/Users/sparkles/Documents/CodingFiles/FullStack/expensioApp/frontend/ios/Pods/Headers/Public/React-jsi -I/Users/sparkles/Documents/CodingFiles/FullStack/expensioApp/frontend/ios/Pods/Headers/Public/React-jsiexecutor -I/Users/sparkles/Documents/CodingFiles/FullStack/expensioApp/frontend/ios/Pods/Headers/Public/React-jsinspector -I/Users/sparkles/Documents/CodingFiles/FullStack/expensioApp/frontend/ios/Pods/Headers/Public/React-jsinspectorcdp -I/Users/sparkles/Documents/CodingFiles/FullStack/expensioApp/frontend/ios/Pods/Headers/Public/React-jsinspectornetwork -I/Users/sparkles/Documents/CodingFiles/FullStack/expensioApp/frontend/ios/Pods/Headers/Public/React-jsinspectortracing -I/Users/sparkles/Documents/CodingFiles/FullStack/expensioApp/frontend/ios/Pods/Headers/Public/React-jsitooling -I/Users/sparkles/Documents/CodingFiles/FullStack/expensioApp/frontend/ios/Pods/Headers/Public/React-logger -I/Users/sparkles/Documents/CodingFiles/FullStack/expensioApp/frontend/ios/Pods/Headers/Public/React-microtasksnativemodule -I/Users/sparkles/Documents/CodingFiles/FullStack/expensioApp/frontend/ios/Pods/Headers/Public/React-mutationobservernativemodule -I/Users/sparkles/Documents/CodingFiles/FullStack/expensioApp/frontend/ios/Pods/Headers/Public/React-networking -I/Users/sparkles/Documents/CodingFiles/FullStack/expensioApp/frontend/ios/Pods/Headers/Public/React-oscompat -I/Users/sparkles/Documents/CodingFiles/FullStack/expensioApp/frontend/ios/Pods/Headers/Public/React-perflogger -I/Users/sparkles/Documents/CodingFiles/FullStack/expensioApp/frontend/ios/Pods/Headers/Public/React-performancecdpmetrics -I/Users/sparkles/Documents/CodingFiles/FullStack/expensioApp/frontend/ios/Pods/Headers/Public/React-performancetimeline -I/Users/sparkles/Documents/CodingFiles/FullStack/expensioApp/frontend/ios/Pods/Headers/Public/React-rendererconsistency -I/Users/sparkles/Documents/CodingFiles/FullStack/expensioApp/frontend/ios/Pods/Headers/Public/React-renderercss -I/Users/sparkles/Documents/CodingFiles/FullStack/expensioApp/frontend/ios/Pods/Headers/Public/React-rendererdebug -I/Users/sparkles/Documents/CodingFiles/FullStack/expensioApp/frontend/ios/Pods/Headers/Public/React-runtimeexecutor -I/Users/sparkles/Documents/CodingFiles/FullStack/expensioApp/frontend/ios/Pods/Headers/Public/React-runtimescheduler -I/Users/sparkles/Documents/CodingFiles/FullStack/expensioApp/frontend/ios/Pods/Headers/Public/React-timing -I/Users/sparkles/Documents/CodingFiles/FullStack/expensioApp/frontend/ios/Pods/Headers/Public/React-utils -I/Users/sparkles/Documents/CodingFiles/FullStack/expensioApp/frontend/ios/Pods/Headers/Public/React-viewtransitionnativemodule -I/Users/sparkles/Documents/CodingFiles/FullStack/expensioApp/frontend/ios/Pods/Headers/Public/React-webperformancenativemodule -I/Users/sparkles/Documents/CodingFiles/FullStack/expensioApp/frontend/ios/Pods/Headers/Public/ReactCodegen -I/Users/sparkles/Documents/CodingFiles/FullStack/expensioApp/frontend/ios/Pods/Headers/Public/ReactCommon -I/Users/sparkles/Documents/CodingFiles/FullStack/expensioApp/frontend/ios/Pods/Headers/Public/ReactNativeDependencies -I/Users/sparkles/Documents/CodingFiles/FullStack/expensioApp/frontend/ios/Pods/Headers/Public/Yoga -I/Users/sparkles/Documents/CodingFiles/FullStack/expensioApp/frontend/ios/Pods/Headers/Public/hermes-engine -I/Users/sparkles/Documents/CodingFiles/FullStack/expensioApp/frontend/ios/Pods/ExpoModulesCore/ExpoModulesCore.xcframework/ios-arm64_x86_64-simulator/ExpoModulesCore.framework/Headers -I/Users/sparkles/Documents/CodingFiles/FullStack/expensioApp/frontend/ios/Pods/ExpoModulesCore/ExpoModulesCore.xcframework/ios-arm64/ExpoModulesCore.framework/Headers -I/Users/sparkles/Documents/CodingFiles/FullStack/expensioApp/frontend/ios/Pods/ExpoModulesCore/ExpoModulesCore.xcframework/ios-arm64_x86_64-simulator/ExpoModulesCore.framework/Headers -I/Users/sparkles/Documents/CodingFiles/FullStack/expensioApp/frontend/ios/Pods/ExpoModulesCore/ExpoModulesCore.xcframework/ios-arm64/ExpoModulesCore.framework/Headers -I/Users/sparkles/Library/Developer/Xcode/DerivedData/Expensio-futtgngxcysvvhcljmosbeftqmyc/Build/Intermediates.noindex/Pods.build/Debug-iphonesimulator/ExpoAsset.build/DerivedSources-normal/arm64 -I/Users/sparkles/Library/Developer/Xcode/DerivedData/Expensio-futtgngxcysvvhcljmosbeftqmyc/Build/Intermediates.noindex/Pods.build/Debug-iphonesimulator/ExpoAsset.build/DerivedSources/arm64 -I/Users/sparkles/Library/Developer/Xcode/DerivedData/Expensio-futtgngxcysvvhcljmosbeftqmyc/Build/Intermediates.noindex/Pods.build/Debug-iphonesimulator/ExpoAsset.build/DerivedSources -F/Users/sparkles/Library/Developer/Xcode/DerivedData/Expensio-futtgngxcysvvhcljmosbeftqmyc/Build/Products/Debug-iphonesimulator/ExpoAsset -F/Users/sparkles/Documents/CodingFiles/FullStack/expensioApp/frontend/node_modules/expo-modules-jsi/apple/Products -F/Users/sparkles/Documents/CodingFiles/FullStack/expensioApp/frontend/ios/Pods/ExpoModulesCore -F/Users/sparkles/Documents/CodingFiles/FullStack/expensioApp/frontend/ios/Pods/React-Core-prebuilt -F/Users/sparkles/Documents/CodingFiles/FullStack/expensioApp/frontend/ios/Pods/ReactNativeDependencies/framework/packages/react-native -F/Users/sparkles/Documents/CodingFiles/FullStack/expensioApp/frontend/ios/Pods/hermes-engine/destroot/Library/Frameworks/universal -F/Users/sparkles/Library/Developer/Xcode/DerivedData/Expensio-futtgngxcysvvhcljmosbeftqmyc/Build/Products/Debug-iphonesimulator/XCFrameworkIntermediates/ExpoModulesCore -F/Users/sparkles/Library/Developer/Xcode/DerivedData/Expensio-futtgngxcysvvhcljmosbeftqmyc/Build/Products/Debug-iphonesimulator/XCFrameworkIntermediates/ExpoModulesJSI -F/Users/sparkles/Library/Developer/Xcode/DerivedData/Expensio-futtgngxcysvvhcljmosbeftqmyc/Build/Products/Debug-iphonesimulator/XCFrameworkIntermediates/React-Core-prebuilt -F/Users/sparkles/Library/Developer/Xcode/DerivedData/Expensio-futtgngxcysvvhcljmosbeftqmyc/Build/Products/Debug-iphonesimulator/XCFrameworkIntermediates/ReactNativeDependencies -F/Users/sparkles/Library/Developer/Xcode/DerivedData/Expensio-futtgngxcysvvhcljmosbeftqmyc/Build/Products/Debug-iphonesimulator/XCFrameworkIntermediates/hermes-engine/Pre-built '-DRCT_REMOVE_LEGACY_ARCH=1' '-fmodule-map-file=/Users/sparkles/Documents/CodingFiles/FullStack/expensioApp/frontend/ios/Pods/Headers/Public/ReactCodegen/ReactCodegen.modulemap'

WriteAuxiliaryFile /Users/sparkles/Library/Developer/Xcode/DerivedData/Expensio-futtgngxcysvvhcljmosbeftqmyc/Build/Intermediates.noindex/Pods.build/Debug-iphonesimulator/ExpoAsset.build/Objects-normal/arm64/ExpoAsset_const_extract_protocols.json (in target 'ExpoAsset' from project 'Pods')
    cd /Users/sparkles/Documents/CodingFiles/FullStack/expensioApp/frontend/ios/Pods
    write-file /Users/sparkles/Library/Developer/Xcode/DerivedData/Expensio-futtgngxcysvvhcljmosbeftqmyc/Build/Intermediates.noindex/Pods.build/Debug-iphonesimulator/ExpoAsset.build/Objects-normal/arm64/ExpoAsset_const_extract_protocols.json

WriteAuxiliaryFile /Users/sparkles/Library/Developer/Xcode/DerivedData/Expensio-futtgngxcysvvhcljmosbeftqmyc/Build/Intermediates.noindex/Pods.build/Debug-iphonesimulator/ExpoAsset.build/Objects-normal/arm64/ExpoAsset.SwiftFileList (in target 'ExpoAsset' from project 'Pods')
    cd /Users/sparkles/Documents/CodingFiles/FullStack/expensioApp/frontend/ios/Pods
    write-file /Users/sparkles/Library/Developer/Xcode/DerivedData/Expensio-futtgngxcysvvhcljmosbeftqmyc/Build/Intermediates.noindex/Pods.build/Debug-iphonesimulator/ExpoAsset.build/Objects-normal/arm64/ExpoAsset.SwiftFileList

WriteAuxiliaryFile /Users/sparkles/Library/Developer/Xcode/DerivedData/Expensio-futtgngxcysvvhcljmosbeftqmyc/Build/Intermediates.noindex/Pods.build/Debug-iphonesimulator/ExpoAsset.build/Objects-normal/arm64/ExpoAsset.SwiftConstValuesFileList (in target 'ExpoAsset' from project 'Pods')
    cd /Users/sparkles/Documents/CodingFiles/FullStack/expensioApp/frontend/ios/Pods
    write-file /Users/sparkles/Library/Developer/Xcode/DerivedData/Expensio-futtgngxcysvvhcljmosbeftqmyc/Build/Intermediates.noindex/Pods.build/Debug-iphonesimulator/ExpoAsset.build/Objects-normal/arm64/ExpoAsset.SwiftConstValuesFileList

WriteAuxiliaryFile /Users/sparkles/Library/Developer/Xcode/DerivedData/Expensio-futtgngxcysvvhcljmosbeftqmyc/Build/Intermediates.noindex/Pods.build/Debug-iphonesimulator/ExpoAsset.build/Objects-normal/arm64/ExpoAsset.LinkFileList (in target 'ExpoAsset' from project 'Pods')
    cd /Users/sparkles/Documents/CodingFiles/FullStack/expensioApp/frontend/ios/Pods
    write-file /Users/sparkles/Library/Developer/Xcode/DerivedData/Expensio-futtgngxcysvvhcljmosbeftqmyc/Build/Intermediates.noindex/Pods.build/Debug-iphonesimulator/ExpoAsset.build/Objects-normal/arm64/ExpoAsset.LinkFileList

WriteAuxiliaryFile /Users/sparkles/Library/Developer/Xcode/DerivedData/Expensio-futtgngxcysvvhcljmosbeftqmyc/Build/Intermediates.noindex/Pods.build/Debug-iphonesimulator/ExpoAsset.build/Objects-normal/arm64/ExpoAsset-OutputFileMap.json (in target 'ExpoAsset' from project 'Pods')
    cd /Users/sparkles/Documents/CodingFiles/FullStack/expensioApp/frontend/ios/Pods
    write-file /Users/sparkles/Library/Developer/Xcode/DerivedData/Expensio-futtgngxcysvvhcljmosbeftqmyc/Build/Intermediates.noindex/Pods.build/Debug-iphonesimulator/ExpoAsset.build/Objects-normal/arm64/ExpoAsset-OutputFileMap.json

WriteAuxiliaryFile /Users/sparkles/Library/Developer/Xcode/DerivedData/Expensio-futtgngxcysvvhcljmosbeftqmyc/Build/Intermediates.noindex/Pods.build/Debug-iphonesimulator/ExpoAsset.build/ExpoAsset.hmap (in target 'ExpoAsset' from project 'Pods')
    cd /Users/sparkles/Documents/CodingFiles/FullStack/expensioApp/frontend/ios/Pods
    write-file /Users/sparkles/Library/Developer/Xcode/DerivedData/Expensio-futtgngxcysvvhcljmosbeftqmyc/Build/Intermediates.noindex/Pods.build/Debug-iphonesimulator/ExpoAsset.build/ExpoAsset.hmap

WriteAuxiliaryFile /Users/sparkles/Library/Developer/Xcode/DerivedData/Expensio-futtgngxcysvvhcljmosbeftqmyc/Build/Intermediates.noindex/Pods.build/Debug-iphonesimulator/ExpoAsset.build/ExpoAsset.DependencyStaticMetadataFileList (in target 'ExpoAsset' from project 'Pods')
    cd /Users/sparkles/Documents/CodingFiles/FullStack/expensioApp/frontend/ios/Pods
    write-file /Users/sparkles/Library/Developer/Xcode/DerivedData/Expensio-futtgngxcysvvhcljmosbeftqmyc/Build/Intermediates.noindex/Pods.build/Debug-iphonesimulator/ExpoAsset.build/ExpoAsset.DependencyStaticMetadataFileList

WriteAuxiliaryFile /Users/sparkles/Library/Developer/Xcode/DerivedData/Expensio-futtgngxcysvvhcljmosbeftqmyc/Build/Intermediates.noindex/Pods.build/Debug-iphonesimulator/ExpoAsset.build/ExpoAsset.DependencyMetadataFileList (in target 'ExpoAsset' from project 'Pods')
    cd /Users/sparkles/Documents/CodingFiles/FullStack/expensioApp/frontend/ios/Pods
    write-file /Users/sparkles/Library/Developer/Xcode/DerivedData/Expensio-futtgngxcysvvhcljmosbeftqmyc/Build/Intermediates.noindex/Pods.build/Debug-iphonesimulator/ExpoAsset.build/ExpoAsset.DependencyMetadataFileList

WriteAuxiliaryFile /Users/sparkles/Library/Developer/Xcode/DerivedData/Expensio-futtgngxcysvvhcljmosbeftqmyc/Build/Intermediates.noindex/Pods.build/Debug-iphonesimulator/ExpoAsset.build/ExpoAsset-project-headers.hmap (in target 'ExpoAsset' from project 'Pods')
    cd /Users/sparkles/Documents/CodingFiles/FullStack/expensioApp/frontend/ios/Pods
    write-file /Users/sparkles/Library/Developer/Xcode/DerivedData/Expensio-futtgngxcysvvhcljmosbeftqmyc/Build/Intermediates.noindex/Pods.build/Debug-iphonesimulator/ExpoAsset.build/ExpoAsset-project-headers.hmap

WriteAuxiliaryFile /Users/sparkles/Library/Developer/Xcode/DerivedData/Expensio-futtgngxcysvvhcljmosbeftqmyc/Build/Intermediates.noindex/Pods.build/Debug-iphonesimulator/ExpoAsset.build/ExpoAsset-own-target-headers.hmap (in target 'ExpoAsset' from project 'Pods')
    cd /Users/sparkles/Documents/CodingFiles/FullStack/expensioApp/frontend/ios/Pods
    write-file /Users/sparkles/Library/Developer/Xcode/DerivedData/Expensio-futtgngxcysvvhcljmosbeftqmyc/Build/Intermediates.noindex/Pods.build/Debug-iphonesimulator/ExpoAsset.build/ExpoAsset-own-target-headers.hmap

WriteAuxiliaryFile /Users/sparkles/Library/Developer/Xcode/DerivedData/Expensio-futtgngxcysvvhcljmosbeftqmyc/Build/Intermediates.noindex/Pods.build/Debug-iphonesimulator/ExpoAsset.build/ExpoAsset-generated-files.hmap (in target 'ExpoAsset' from project 'Pods')
    cd /Users/sparkles/Documents/CodingFiles/FullStack/expensioApp/frontend/ios/Pods
    write-file /Users/sparkles/Library/Developer/Xcode/DerivedData/Expensio-futtgngxcysvvhcljmosbeftqmyc/Build/Intermediates.noindex/Pods.build/Debug-iphonesimulator/ExpoAsset.build/ExpoAsset-generated-files.hmap

WriteAuxiliaryFile /Users/sparkles/Library/Developer/Xcode/DerivedData/Expensio-futtgngxcysvvhcljmosbeftqmyc/Build/Intermediates.noindex/Pods.build/Debug-iphonesimulator/ExpoAsset.build/ExpoAsset-all-target-headers.hmap (in target 'ExpoAsset' from project 'Pods')
    cd /Users/sparkles/Documents/CodingFiles/FullStack/expensioApp/frontend/ios/Pods
    write-file /Users/sparkles/Library/Developer/Xcode/DerivedData/Expensio-futtgngxcysvvhcljmosbeftqmyc/Build/Intermediates.noindex/Pods.build/Debug-iphonesimulator/ExpoAsset.build/ExpoAsset-all-target-headers.hmap

WriteAuxiliaryFile /Users/sparkles/Library/Developer/Xcode/DerivedData/Expensio-futtgngxcysvvhcljmosbeftqmyc/Build/Intermediates.noindex/Pods.build/Debug-iphonesimulator/ExpoAsset.build/ExpoAsset-all-non-framework-target-headers.hmap (in target 'ExpoAsset' from project 'Pods')
    cd /Users/sparkles/Documents/CodingFiles/FullStack/expensioApp/frontend/ios/Pods
    write-file /Users/sparkles/Library/Developer/Xcode/DerivedData/Expensio-futtgngxcysvvhcljmosbeftqmyc/Build/Intermediates.noindex/Pods.build/Debug-iphonesimulator/ExpoAsset.build/ExpoAsset-all-non-framework-target-headers.hmap

WriteAuxiliaryFile /Users/sparkles/Library/Developer/Xcode/DerivedData/Expensio-futtgngxcysvvhcljmosbeftqmyc/Build/Intermediates.noindex/Pods.build/Debug-iphonesimulator/Expo.build/Script-46EB2E00014D40.sh (in target 'Expo' from project 'Pods')
    cd /Users/sparkles/Documents/CodingFiles/FullStack/expensioApp/frontend/ios/Pods
    write-file /Users/sparkles/Library/Developer/Xcode/DerivedData/Expensio-futtgngxcysvvhcljmosbeftqmyc/Build/Intermediates.noindex/Pods.build/Debug-iphonesimulator/Expo.build/Script-46EB2E00014D40.sh

WriteAuxiliaryFile /Users/sparkles/Library/Developer/Xcode/DerivedData/Expensio-futtgngxcysvvhcljmosbeftqmyc/Build/Intermediates.noindex/Pods.build/Debug-iphonesimulator/Expo.build/Objects-normal/x86_64/e6072d4f65d7061329687fe24e3d63a7-common-args.resp (in target 'Expo' from project 'Pods')
    cd /Users/sparkles/Documents/CodingFiles/FullStack/expensioApp/frontend/ios/Pods
    write-file /Users/sparkles/Library/Developer/Xcode/DerivedData/Expensio-futtgngxcysvvhcljmosbeftqmyc/Build/Intermediates.noindex/Pods.build/Debug-iphonesimulator/Expo.build/Objects-normal/x86_64/e6072d4f65d7061329687fe24e3d63a7-common-args.resp
'-std=gnu11' -fobjc-arc -fmodules '-fmodules-cache-path=/Users/sparkles/Library/Developer/Xcode/DerivedData/ModuleCache.noindex' -fpascal-strings -O0 -fno-common '-DPOD_CONFIGURATION_DEBUG=1' '-DDEBUG=1' '-DCOCOAPODS=1' '-DOBJC_OLD_DISPATCH_PROTOTYPES=0' -fasm-blocks -g '-fobjc-abi-version=2' -fobjc-legacy-dispatch -iquote /Users/sparkles/Library/Developer/Xcode/DerivedData/Expensio-futtgngxcysvvhcljmosbeftqmyc/Build/Intermediates.noindex/Pods.build/Debug-iphonesimulator/Expo.build/Expo-generated-files.hmap -I/Users/sparkles/Library/Developer/Xcode/DerivedData/Expensio-futtgngxcysvvhcljmosbeftqmyc/Build/Intermediates.noindex/Pods.build/Debug-iphonesimulator/Expo.build/Expo-own-target-headers.hmap -I/Users/sparkles/Library/Developer/Xcode/DerivedData/Expensio-futtgngxcysvvhcljmosbeftqmyc/Build/Intermediates.noindex/Pods.build/Debug-iphonesimulator/Expo.build/Expo-all-non-framework-target-headers.hmap -ivfsoverlay /Users/sparkles/Library/Developer/Xcode/DerivedData/Expensio-futtgngxcysvvhcljmosbeftqmyc/Build/Intermediates.noindex/Pods.build/Debug-iphonesimulator/Pods-8699adb1dd336b26511df848a716bd42-VFS-iphonesimulator/all-product-headers.yaml -iquote /Users/sparkles/Library/Developer/Xcode/DerivedData/Expensio-futtgngxcysvvhcljmosbeftqmyc/Build/Intermediates.noindex/Pods.build/Debug-iphonesimulator/Expo.build/Expo-project-headers.hmap -I/Users/sparkles/Library/Developer/Xcode/DerivedData/Expensio-futtgngxcysvvhcljmosbeftqmyc/Build/Products/Debug-iphonesimulator/Expo/include -I/Users/sparkles/Documents/CodingFiles/FullStack/expensioApp/frontend/ios/Pods/Headers/Private -I/Users/sparkles/Documents/CodingFiles/FullStack/expensioApp/frontend/ios/Pods/Headers/Private/Expo -I/Users/sparkles/Documents/CodingFiles/FullStack/expensioApp/frontend/ios/Pods/Headers/Public -I/Users/sparkles/Documents/CodingFiles/FullStack/expensioApp/frontend/ios/Pods/Headers/Public/Expo -I/Users/sparkles/Documents/CodingFiles/FullStack/expensioApp/frontend/ios/Pods/Headers/Public/FBLazyVector -I/Users/sparkles/Documents/CodingFiles/FullStack/expensioApp/frontend/ios/Pods/Headers/Public/RCTRequired -I/Users/sparkles/Documents/CodingFiles/FullStack/expensioApp/frontend/ios/Pods/Headers/Public/RCTSwiftUIWrapper -I/Users/sparkles/Documents/CodingFiles/FullStack/expensioApp/frontend/ios/Pods/Headers/Public/RCTTypeSafety -I/Users/sparkles/Documents/CodingFiles/FullStack/expensioApp/frontend/ios/Pods/Headers/Public/React-Core -I/Users/sparkles/Documents/CodingFiles/FullStack/expensioApp/frontend/ios/Pods/Headers/Public/React-Core-prebuilt -I/Users/sparkles/Documents/CodingFiles/FullStack/expensioApp/frontend/ios/Pods/Headers/Public/React-CoreModules -I/Users/sparkles/Documents/CodingFiles/FullStack/expensioApp/frontend/ios/Pods/Headers/Public/React-Fabric -I/Users/sparkles/Documents/CodingFiles/FullStack/expensioApp/frontend/ios/Pods/Headers/Public/React-FabricComponents -I/Users/sparkles/Documents/CodingFiles/FullStack/expensioApp/frontend/ios/Pods/Headers/Public/React-FabricImage -I/Users/sparkles/Documents/CodingFiles/FullStack/expensioApp/frontend/ios/Pods/Headers/Public/React-ImageManager -I/Users/sparkles/Documents/CodingFiles/FullStack/expensioApp/frontend/ios/Pods/Headers/Public/React-Mapbuffer -I/Users/sparkles/Documents/CodingFiles/FullStack/expensioApp/frontend/ios/Pods/Headers/Public/React-NativeModulesApple -I/Users/sparkles/Documents/CodingFiles/FullStack/expensioApp/frontend/ios/Pods/Headers/Public/React-RCTAnimation -I/Users/sparkles/Documents/CodingFiles/FullStack/expensioApp/frontend/ios/Pods/Headers/Public/React-RCTBlob -I/Users/sparkles/Documents/CodingFiles/FullStack/expensioApp/frontend/ios/Pods/Headers/Public/React-RCTFBReactNativeSpec -I/Users/sparkles/Documents/CodingFiles/FullStack/expensioApp/frontend/ios/Pods/Headers/Public/React-RCTFabric -I/Users/sparkles/Documents/CodingFiles/FullStack/expensioApp/frontend/ios/Pods/Headers/Public/React-RCTImage -I/Users/sparkles/Documents/CodingFiles/FullStack/expensioApp/frontend/ios/Pods/Headers/Public/React-RCTRuntime -I/Users/sparkles/Documents/CodingFiles/FullStack/expensioApp/frontend/ios/Pods/Headers/Public/React-RCTText -I/Users/sparkles/Documents/CodingFiles/FullStack/expensioApp/frontend/ios/Pods/Headers/Public/React-RuntimeApple -I/Users/sparkles/Documents/CodingFiles/FullStack/expensioApp/frontend/ios/Pods/Headers/Public/React-RuntimeCore -I/Users/sparkles/Documents/CodingFiles/FullStack/expensioApp/frontend/ios/Pods/Headers/Public/React-RuntimeHermes -I/Users/sparkles/Documents/CodingFiles/FullStack/expensioApp/frontend/ios/Pods/Headers/Public/React-callinvoker -I/Users/sparkles/Documents/CodingFiles/FullStack/expensioApp/frontend/ios/Pods/Headers/Public/React-cxxreact -I/Users/sparkles/Documents/CodingFiles/FullStack/expensioApp/frontend/ios/Pods/Headers/Public/React-debug -I/Users/sparkles/Documents/CodingFiles/FullStack/expensioApp/frontend/ios/Pods/Headers/Public/React-defaultsnativemodule -I/Users/sparkles/Documents/CodingFiles/FullStack/expensioApp/frontend/ios/Pods/Headers/Public/React-domnativemodule -I/Users/sparkles/Documents/CodingFiles/FullStack/expensioApp/frontend/ios/Pods/Headers/Public/React-featureflags -I/Users/sparkles/Documents/CodingFiles/FullStack/expensioApp/frontend/ios/Pods/Headers/Public/React-featureflagsnativemodule -I/Users/sparkles/Documents/CodingFiles/FullStack/expensioApp/frontend/ios/Pods/Headers/Public/React-graphics -I/Users/sparkles/Documents/CodingFiles/FullStack/expensioApp/frontend/ios/Pods/Headers/Public/React-hermes -I/Users/sparkles/Documents/CodingFiles/FullStack/expensioApp/frontend/ios/Pods/Headers/Public/React-idlecallbacksnativemodule -I/Users/sparkles/Documents/CodingFiles/FullStack/expensioApp/frontend/ios/Pods/Headers/Public/React-intersectionobservernativemodule -I/Users/sparkles/Documents/CodingFiles/FullStack/expensioApp/frontend/ios/Pods/Headers/Public/React-jserrorhandler -I/Users/sparkles/Documents/CodingFiles/FullStack/expensioApp/frontend/ios/Pods/Headers/Public/React-jsi -I/Users/sparkles/Documents/CodingFiles/FullStack/expensioApp/frontend/ios/Pods/Headers/Public/React-jsiexecutor -I/Users/sparkles/Documents/CodingFiles/FullStack/expensioApp/frontend/ios/Pods/Headers/Public/React-jsinspector -I/Users/sparkles/Documents/CodingFiles/FullStack/expensioApp/frontend/ios/Pods/Headers/Public/React-jsinspectorcdp -I/Users/sparkles/Documents/CodingFiles/FullStack/expensioApp/frontend/ios/Pods/Headers/Public/React-jsinspectornetwork -I/Users/sparkles/Documents/CodingFiles/FullStack/expensioApp/frontend/ios/Pods/Headers/Public/React-jsinspectortracing -I/Users/sparkles/Documents/CodingFiles/FullStack/expensioApp/frontend/ios/Pods/Headers/Public/React-jsitooling -I/Users/sparkles/Documents/CodingFiles/FullStack/expensioApp/frontend/ios/Pods/Headers/Public/React-logger -I/Users/sparkles/Documents/CodingFiles/FullStack/expensioApp/frontend/ios/Pods/Headers/Public/React-microtasksnativemodule -I/Users/sparkles/Documents/CodingFiles/FullStack/expensioApp/frontend/ios/Pods/Headers/Public/React-mutationobservernativemodule -I/Users/sparkles/Documents/CodingFiles/FullStack/expensioApp/frontend/ios/Pods/Headers/Public/React-networking -I/Users/sparkles/Documents/CodingFiles/FullStack/expensioApp/frontend/ios/Pods/Headers/Public/React-oscompat -I/Users/sparkles/Documents/CodingFiles/FullStack/expensioApp/frontend/ios/Pods/Headers/Public/React-perflogger -I/Users/sparkles/Documents/CodingFiles/FullStack/expensioApp/frontend/ios/Pods/Headers/Public/React-performancecdpmetrics -I/Users/sparkles/Documents/CodingFiles/FullStack/expensioApp/frontend/ios/Pods/Headers/Public/React-performancetimeline -I/Users/sparkles/Documents/CodingFiles/FullStack/expensioApp/frontend/ios/Pods/Headers/Public/React-rendererconsistency -I/Users/sparkles/Documents/CodingFiles/FullStack/expensioApp/frontend/ios/Pods/Headers/Public/React-renderercss -I/Users/sparkles/Documents/CodingFiles/FullStack/expensioApp/frontend/ios/Pods/Headers/Public/React-rendererdebug -I/Users/sparkles/Documents/CodingFiles/FullStack/expensioApp/frontend/ios/Pods/Headers/Public/React-runtimeexecutor -I/Users/sparkles/Documents/CodingFiles/FullStack/expensioApp/frontend/ios/Pods/Headers/Public/React-runtimescheduler -I/Users/sparkles/Documents/CodingFiles/FullStack/expensioApp/frontend/ios/Pods/Headers/Public/React-timing -I/Users/sparkles/Documents/CodingFiles/FullStack/expensioApp/frontend/ios/Pods/Headers/Public/React-utils -I/Users/sparkles/Documents/CodingFiles/FullStack/expensioApp/frontend/ios/Pods/Headers/Public/React-viewtransitionnativemodule -I/Users/sparkles/Documents/CodingFiles/FullStack/expensioApp/frontend/ios/Pods/Headers/Public/React-webperformancenativemodule -I/Users/sparkles/Documents/CodingFiles/FullStack/expensioApp/frontend/ios/Pods/Headers/Public/ReactCodegen -I/Users/sparkles/Documents/CodingFiles/FullStack/expensioApp/frontend/ios/Pods/Headers/Public/ReactCommon -I/Users/sparkles/Documents/CodingFiles/FullStack/expensioApp/frontend/ios/Pods/Headers/Public/ReactNativeDependencies -I/Users/sparkles/Documents/CodingFiles/FullStack/expensioApp/frontend/ios/Pods/Headers/Public/Yoga -I/Users/sparkles/Documents/CodingFiles/FullStack/expensioApp/frontend/ios/Pods/Headers/Public/hermes-engine -I/Users/sparkles/Documents/CodingFiles/FullStack/expensioApp/frontend/ios/Pods/Headers/Private/React-Core -I/Users/sparkles/Documents/CodingFiles/FullStack/expensioApp/frontend/ios/Pods/DoubleConversion '-I/Users/sparkles/Library/Developer/Xcode/DerivedData/Expensio-futtgngxcysvvhcljmosbeftqmyc/Build/Products/Debug-iphonesimulator/ExpoModulesCore/Swift Compatibility Header' -I/Users/sparkles/Documents/CodingFiles/FullStack/expensioApp/frontend/ios/Pods/Headers/Private/Yoga -I/Users/sparkles/Documents/CodingFiles/FullStack/expensioApp/frontend/ios/Pods/ExpoModulesCore/ExpoModulesCore.xcframework/ios-arm64_x86_64-simulator/ExpoModulesCore.framework/Headers -I/Users/sparkles/Documents/CodingFiles/FullStack/expensioApp/frontend/ios/Pods/ExpoModulesCore/ExpoModulesCore.xcframework/ios-arm64/ExpoModulesCore.framework/Headers -I/Users/sparkles/Documents/CodingFiles/FullStack/expensioApp/frontend/ios/Pods/ExpoModulesCore/ExpoModulesCore.xcframework/ios-arm64_x86_64-simulator/ExpoModulesCore.framework/Headers -I/Users/sparkles/Documents/CodingFiles/FullStack/expensioApp/frontend/ios/Pods/ExpoModulesCore/ExpoModulesCore.xcframework/ios-arm64/ExpoModulesCore.framework/Headers -I/Users/sparkles/Library/Developer/Xcode/DerivedData/Expensio-futtgngxcysvvhcljmosbeftqmyc/Build/Intermediates.noindex/Pods.build/Debug-iphonesimulator/Expo.build/DerivedSources-normal/x86_64 -I/Users/sparkles/Library/Developer/Xcode/DerivedData/Expensio-futtgngxcysvvhcljmosbeftqmyc/Build/Intermediates.noindex/Pods.build/Debug-iphonesimulator/Expo.build/DerivedSources/x86_64 -I/Users/sparkles/Library/Developer/Xcode/DerivedData/Expensio-futtgngxcysvvhcljmosbeftqmyc/Build/Intermediates.noindex/Pods.build/Debug-iphonesimulator/Expo.build/DerivedSources -F/Users/sparkles/Library/Developer/Xcode/DerivedData/Expensio-futtgngxcysvvhcljmosbeftqmyc/Build/Products/Debug-iphonesimulator/Expo -F/Users/sparkles/Documents/CodingFiles/FullStack/expensioApp/frontend/node_modules/expo-modules-jsi/apple/Products -F/Users/sparkles/Documents/CodingFiles/FullStack/expensioApp/frontend/ios/Pods/ExpoModulesCore -F/Users/sparkles/Documents/CodingFiles/FullStack/expensioApp/frontend/ios/Pods/React-Core-prebuilt -F/Users/sparkles/Documents/CodingFiles/FullStack/expensioApp/frontend/ios/Pods/ReactNativeDependencies/framework/packages/react-native -F/Users/sparkles/Documents/CodingFiles/FullStack/expensioApp/frontend/ios/Pods/hermes-engine/destroot/Library/Frameworks/universal -F/Users/sparkles/Library/Developer/Xcode/DerivedData/Expensio-futtgngxcysvvhcljmosbeftqmyc/Build/Products/Debug-iphonesimulator/XCFrameworkIntermediates/ExpoModulesCore -F/Users/sparkles/Library/Developer/Xcode/DerivedData/Expensio-futtgngxcysvvhcljmosbeftqmyc/Build/Products/Debug-iphonesimulator/XCFrameworkIntermediates/ExpoModulesJSI -F/Users/sparkles/Library/Developer/Xcode/DerivedData/Expensio-futtgngxcysvvhcljmosbeftqmyc/Build/Products/Debug-iphonesimulator/XCFrameworkIntermediates/React-Core-prebuilt -F/Users/sparkles/Library/Developer/Xcode/DerivedData/Expensio-futtgngxcysvvhcljmosbeftqmyc/Build/Products/Debug-iphonesimulator/XCFrameworkIntermediates/ReactNativeDependencies -F/Users/sparkles/Library/Developer/Xcode/DerivedData/Expensio-futtgngxcysvvhcljmosbeftqmyc/Build/Products/Debug-iphonesimulator/XCFrameworkIntermediates/hermes-engine/Pre-built '-DRCT_REMOVE_LEGACY_ARCH=1' '-fmodule-map-file=/Users/sparkles/Documents/CodingFiles/FullStack/expensioApp/frontend/ios/Pods/Headers/Public/ReactAppDependencyProvider/ReactAppDependencyProvider.modulemap' '-fmodule-map-file=/Users/sparkles/Documents/CodingFiles/FullStack/expensioApp/frontend/ios/Pods/Headers/Public/ReactCodegen/ReactCodegen.modulemap' '-DRCT_REMOVE_LEGACY_ARCH=1' -ivfsoverlay /Users/sparkles/Documents/CodingFiles/FullStack/expensioApp/frontend/ios/Pods/React-Core-prebuilt/React-VFS.yaml

WriteAuxiliaryFile /Users/sparkles/Library/Developer/Xcode/DerivedData/Expensio-futtgngxcysvvhcljmosbeftqmyc/Build/Intermediates.noindex/Pods.build/Debug-iphonesimulator/Expo.build/Objects-normal/x86_64/af3fcb34312c57c0f52879cdce924b91-common-args.resp (in target 'Expo' from project 'Pods')
    cd /Users/sparkles/Documents/CodingFiles/FullStack/expensioApp/frontend/ios/Pods
    write-file /Users/sparkles/Library/Developer/Xcode/DerivedData/Expensio-futtgngxcysvvhcljmosbeftqmyc/Build/Intermediates.noindex/Pods.build/Debug-iphonesimulator/Expo.build/Objects-normal/x86_64/af3fcb34312c57c0f52879cdce924b91-common-args.resp
'-std=c++20' '-stdlib=libc++' -fobjc-arc -fmodules -fno-cxx-modules '-fmodules-cache-path=/Users/sparkles/Library/Developer/Xcode/DerivedData/ModuleCache.noindex' '-D_LIBCPP_HARDENING_MODE=_LIBCPP_HARDENING_MODE_DEBUG' -fpascal-strings -O0 -fno-common '-DPOD_CONFIGURATION_DEBUG=1' '-DDEBUG=1' '-DCOCOAPODS=1' '-DOBJC_OLD_DISPATCH_PROTOTYPES=0' -fasm-blocks -g '-fobjc-abi-version=2' -fobjc-legacy-dispatch -iquote /Users/sparkles/Library/Developer/Xcode/DerivedData/Expensio-futtgngxcysvvhcljmosbeftqmyc/Build/Intermediates.noindex/Pods.build/Debug-iphonesimulator/Expo.build/Expo-generated-files.hmap -I/Users/sparkles/Library/Developer/Xcode/DerivedData/Expensio-futtgngxcysvvhcljmosbeftqmyc/Build/Intermediates.noindex/Pods.build/Debug-iphonesimulator/Expo.build/Expo-own-target-headers.hmap -I/Users/sparkles/Library/Developer/Xcode/DerivedData/Expensio-futtgngxcysvvhcljmosbeftqmyc/Build/Intermediates.noindex/Pods.build/Debug-iphonesimulator/Expo.build/Expo-all-non-framework-target-headers.hmap -ivfsoverlay /Users/sparkles/Library/Developer/Xcode/DerivedData/Expensio-futtgngxcysvvhcljmosbeftqmyc/Build/Intermediates.noindex/Pods.build/Debug-iphonesimulator/Pods-8699adb1dd336b26511df848a716bd42-VFS-iphonesimulator/all-product-headers.yaml -iquote /Users/sparkles/Library/Developer/Xcode/DerivedData/Expensio-futtgngxcysvvhcljmosbeftqmyc/Build/Intermediates.noindex/Pods.build/Debug-iphonesimulator/Expo.build/Expo-project-headers.hmap -I/Users/sparkles/Library/Developer/Xcode/DerivedData/Expensio-futtgngxcysvvhcljmosbeftqmyc/Build/Products/Debug-iphonesimulator/Expo/include -I/Users/sparkles/Documents/CodingFiles/FullStack/expensioApp/frontend/ios/Pods/Headers/Private -I/Users/sparkles/Documents/CodingFiles/FullStack/expensioApp/frontend/ios/Pods/Headers/Private/Expo -I/Users/sparkles/Documents/CodingFiles/FullStack/expensioApp/frontend/ios/Pods/Headers/Public -I/Users/sparkles/Documents/CodingFiles/FullStack/expensioApp/frontend/ios/Pods/Headers/Public/Expo -I/Users/sparkles/Documents/CodingFiles/FullStack/expensioApp/frontend/ios/Pods/Headers/Public/FBLazyVector -I/Users/sparkles/Documents/CodingFiles/FullStack/expensioApp/frontend/ios/Pods/Headers/Public/RCTRequired -I/Users/sparkles/Documents/CodingFiles/FullStack/expensioApp/frontend/ios/Pods/Headers/Public/RCTSwiftUIWrapper -I/Users/sparkles/Documents/CodingFiles/FullStack/expensioApp/frontend/ios/Pods/Headers/Public/RCTTypeSafety -I/Users/sparkles/Documents/CodingFiles/FullStack/expensioApp/frontend/ios/Pods/Headers/Public/React-Core -I/Users/sparkles/Documents/CodingFiles/FullStack/expensioApp/frontend/ios/Pods/Headers/Public/React-Core-prebuilt -I/Users/sparkles/Documents/CodingFiles/FullStack/expensioApp/frontend/ios/Pods/Headers/Public/React-CoreModules -I/Users/sparkles/Documents/CodingFiles/FullStack/expensioApp/frontend/ios/Pods/Headers/Public/React-Fabric -I/Users/sparkles/Documents/CodingFiles/FullStack/expensioApp/frontend/ios/Pods/Headers/Public/React-FabricComponents -I/Users/sparkles/Documents/CodingFiles/FullStack/expensioApp/frontend/ios/Pods/Headers/Public/React-FabricImage -I/Users/sparkles/Documents/CodingFiles/FullStack/expensioApp/frontend/ios/Pods/Headers/Public/React-ImageManager -I/Users/sparkles/Documents/CodingFiles/FullStack/expensioApp/frontend/ios/Pods/Headers/Public/React-Mapbuffer -I/Users/sparkles/Documents/CodingFiles/FullStack/expensioApp/frontend/ios/Pods/Headers/Public/React-NativeModulesApple -I/Users/sparkles/Documents/CodingFiles/FullStack/expensioApp/frontend/ios/Pods/Headers/Public/React-RCTAnimation -I/Users/sparkles/Documents/CodingFiles/FullStack/expensioApp/frontend/ios/Pods/Headers/Public/React-RCTBlob -I/Users/sparkles/Documents/CodingFiles/FullStack/expensioApp/frontend/ios/Pods/Headers/Public/React-RCTFBReactNativeSpec -I/Users/sparkles/Documents/CodingFiles/FullStack/expensioApp/frontend/ios/Pods/Headers/Public/React-RCTFabric -I/Users/sparkles/Documents/CodingFiles/FullStack/expensioApp/frontend/ios/Pods/Headers/Public/React-RCTImage -I/Users/sparkles/Documents/CodingFiles/FullStack/expensioApp/frontend/ios/Pods/Headers/Public/React-RCTRuntime -I/Users/sparkles/Documents/CodingFiles/FullStack/expensioApp/frontend/ios/Pods/Headers/Public/React-RCTText -I/Users/sparkles/Documents/CodingFiles/FullStack/expensioApp/frontend/ios/Pods/Headers/Public/React-RuntimeApple -I/Users/sparkles/Documents/CodingFiles/FullStack/expensioApp/frontend/ios/Pods/Headers/Public/React-RuntimeCore -I/Users/sparkles/Documents/CodingFiles/FullStack/expensioApp/frontend/ios/Pods/Headers/Public/React-RuntimeHermes -I/Users/sparkles/Documents/CodingFiles/FullStack/expensioApp/frontend/ios/Pods/Headers/Public/React-callinvoker -I/Users/sparkles/Documents/CodingFiles/FullStack/expensioApp/frontend/ios/Pods/Headers/Public/React-cxxreact -I/Users/sparkles/Documents/CodingFiles/FullStack/expensioApp/frontend/ios/Pods/Headers/Public/React-debug -I/Users/sparkles/Documents/CodingFiles/FullStack/expensioApp/frontend/ios/Pods/Headers/Public/React-defaultsnativemodule -I/Users/sparkles/Documents/CodingFiles/FullStack/expensioApp/frontend/ios/Pods/Headers/Public/React-domnativemodule -I/Users/sparkles/Documents/CodingFiles/FullStack/expensioApp/frontend/ios/Pods/Headers/Public/React-featureflags -I/Users/sparkles/Documents/CodingFiles/FullStack/expensioApp/frontend/ios/Pods/Headers/Public/React-featureflagsnativemodule -I/Users/sparkles/Documents/CodingFiles/FullStack/expensioApp/frontend/ios/Pods/Headers/Public/React-graphics -I/Users/sparkles/Documents/CodingFiles/FullStack/expensioApp/frontend/ios/Pods/Headers/Public/React-hermes -I/Users/sparkles/Documents/CodingFiles/FullStack/expensioApp/frontend/ios/Pods/Headers/Public/React-idlecallbacksnativemodule -I/Users/sparkles/Documents/CodingFiles/FullStack/expensioApp/frontend/ios/Pods/Headers/Public/React-intersectionobservernativemodule -I/Users/sparkles/Documents/CodingFiles/FullStack/expensioApp/frontend/ios/Pods/Headers/Public/React-jserrorhandler -I/Users/sparkles/Documents/CodingFiles/FullStack/expensioApp/frontend/ios/Pods/Headers/Public/React-jsi -I/Users/sparkles/Documents/CodingFiles/FullStack/expensioApp/frontend/ios/Pods/Headers/Public/React-jsiexecutor -I/Users/sparkles/Documents/CodingFiles/FullStack/expensioApp/frontend/ios/Pods/Headers/Public/React-jsinspector -I/Users/sparkles/Documents/CodingFiles/FullStack/expensioApp/frontend/ios/Pods/Headers/Public/React-jsinspectorcdp -I/Users/sparkles/Documents/CodingFiles/FullStack/expensioApp/frontend/ios/Pods/Headers/Public/React-jsinspectornetwork -I/Users/sparkles/Documents/CodingFiles/FullStack/expensioApp/frontend/ios/Pods/Headers/Public/React-jsinspectortracing -I/Users/sparkles/Documents/CodingFiles/FullStack/expensioApp/frontend/ios/Pods/Headers/Public/React-jsitooling -I/Users/sparkles/Documents/CodingFiles/FullStack/expensioApp/frontend/ios/Pods/Headers/Public/React-logger -I/Users/sparkles/Documents/CodingFiles/FullStack/expensioApp/frontend/ios/Pods/Headers/Public/React-microtasksnativemodule -I/Users/sparkles/Documents/CodingFiles/FullStack/expensioApp/frontend/ios/Pods/Headers/Public/React-mutationobservernativemodule -I/Users/sparkles/Documents/CodingFiles/FullStack/expensioApp/frontend/ios/Pods/Headers/Public/React-networking -I/Users/sparkles/Documents/CodingFiles/FullStack/expensioApp/frontend/ios/Pods/Headers/Public/React-oscompat -I/Users/sparkles/Documents/CodingFiles/FullStack/expensioApp/frontend/ios/Pods/Headers/Public/React-perflogger -I/Users/sparkles/Documents/CodingFiles/FullStack/expensioApp/frontend/ios/Pods/Headers/Public/React-performancecdpmetrics -I/Users/sparkles/Documents/CodingFiles/FullStack/expensioApp/frontend/ios/Pods/Headers/Public/React-performancetimeline -I/Users/sparkles/Documents/CodingFiles/FullStack/expensioApp/frontend/ios/Pods/Headers/Public/React-rendererconsistency -I/Users/sparkles/Documents/CodingFiles/FullStack/expensioApp/frontend/ios/Pods/Headers/Public/React-renderercss -I/Users/sparkles/Documents/CodingFiles/FullStack/expensioApp/frontend/ios/Pods/Headers/Public/React-rendererdebug -I/Users/sparkles/Documents/CodingFiles/FullStack/expensioApp/frontend/ios/Pods/Headers/Public/React-runtimeexecutor -I/Users/sparkles/Documents/CodingFiles/FullStack/expensioApp/frontend/ios/Pods/Headers/Public/React-runtimescheduler -I/Users/sparkles/Documents/CodingFiles/FullStack/expensioApp/frontend/ios/Pods/Headers/Public/React-timing -I/Users/sparkles/Documents/CodingFiles/FullStack/expensioApp/frontend/ios/Pods/Headers/Public/React-utils -I/Users/sparkles/Documents/CodingFiles/FullStack/expensioApp/frontend/ios/Pods/Headers/Public/React-viewtransitionnativemodule -I/Users/sparkles/Documents/CodingFiles/FullStack/expensioApp/frontend/ios/Pods/Headers/Public/React-webperformancenativemodule -I/Users/sparkles/Documents/CodingFiles/FullStack/expensioApp/frontend/ios/Pods/Headers/Public/ReactCodegen -I/Users/sparkles/Documents/CodingFiles/FullStack/expensioApp/frontend/ios/Pods/Headers/Public/ReactCommon -I/Users/sparkles/Documents/CodingFiles/FullStack/expensioApp/frontend/ios/Pods/Headers/Public/ReactNativeDependencies -I/Users/sparkles/Documents/CodingFiles/FullStack/expensioApp/frontend/ios/Pods/Headers/Public/Yoga -I/Users/sparkles/Documents/CodingFiles/FullStack/expensioApp/frontend/ios/Pods/Headers/Public/hermes-engine -I/Users/sparkles/Documents/CodingFiles/FullStack/expensioApp/frontend/ios/Pods/Headers/Private/React-Core -I/Users/sparkles/Documents/CodingFiles/FullStack/expensioApp/frontend/ios/Pods/DoubleConversion '-I/Users/sparkles/Library/Developer/Xcode/DerivedData/Expensio-futtgngxcysvvhcljmosbeftqmyc/Build/Products/Debug-iphonesimulator/ExpoModulesCore/Swift Compatibility Header' -I/Users/sparkles/Documents/CodingFiles/FullStack/expensioApp/frontend/ios/Pods/Headers/Private/Yoga -I/Users/sparkles/Documents/CodingFiles/FullStack/expensioApp/frontend/ios/Pods/ExpoModulesCore/ExpoModulesCore.xcframework/ios-arm64_x86_64-simulator/ExpoModulesCore.framework/Headers -I/Users/sparkles/Documents/CodingFiles/FullStack/expensioApp/frontend/ios/Pods/ExpoModulesCore/ExpoModulesCore.xcframework/ios-arm64/ExpoModulesCore.framework/Headers -I/Users/sparkles/Documents/CodingFiles/FullStack/expensioApp/frontend/ios/Pods/ExpoModulesCore/ExpoModulesCore.xcframework/ios-arm64_x86_64-simulator/ExpoModulesCore.framework/Headers -I/Users/sparkles/Documents/CodingFiles/FullStack/expensioApp/frontend/ios/Pods/ExpoModulesCore/ExpoModulesCore.xcframework/ios-arm64/ExpoModulesCore.framework/Headers -I/Users/sparkles/Library/Developer/Xcode/DerivedData/Expensio-futtgngxcysvvhcljmosbeftqmyc/Build/Intermediates.noindex/Pods.build/Debug-iphonesimulator/Expo.build/DerivedSources-normal/x86_64 -I/Users/sparkles/Library/Developer/Xcode/DerivedData/Expensio-futtgngxcysvvhcljmosbeftqmyc/Build/Intermediates.noindex/Pods.build/Debug-iphonesimulator/Expo.build/DerivedSources/x86_64 -I/Users/sparkles/Library/Developer/Xcode/DerivedData/Expensio-futtgngxcysvvhcljmosbeftqmyc/Build/Intermediates.noindex/Pods.build/Debug-iphonesimulator/Expo.build/DerivedSources -F/Users/sparkles/Library/Developer/Xcode/DerivedData/Expensio-futtgngxcysvvhcljmosbeftqmyc/Build/Products/Debug-iphonesimulator/Expo -F/Users/sparkles/Documents/CodingFiles/FullStack/expensioApp/frontend/node_modules/expo-modules-jsi/apple/Products -F/Users/sparkles/Documents/CodingFiles/FullStack/expensioApp/frontend/ios/Pods/ExpoModulesCore -F/Users/sparkles/Documents/CodingFiles/FullStack/expensioApp/frontend/ios/Pods/React-Core-prebuilt -F/Users/sparkles/Documents/CodingFiles/FullStack/expensioApp/frontend/ios/Pods/ReactNativeDependencies/framework/packages/react-native -F/Users/sparkles/Documents/CodingFiles/FullStack/expensioApp/frontend/ios/Pods/hermes-engine/destroot/Library/Frameworks/universal -F/Users/sparkles/Library/Developer/Xcode/DerivedData/Expensio-futtgngxcysvvhcljmosbeftqmyc/Build/Products/Debug-iphonesimulator/XCFrameworkIntermediates/ExpoModulesCore -F/Users/sparkles/Library/Developer/Xcode/DerivedData/Expensio-futtgngxcysvvhcljmosbeftqmyc/Build/Products/Debug-iphonesimulator/XCFrameworkIntermediates/ExpoModulesJSI -F/Users/sparkles/Library/Developer/Xcode/DerivedData/Expensio-futtgngxcysvvhcljmosbeftqmyc/Build/Products/Debug-iphonesimulator/XCFrameworkIntermediates/React-Core-prebuilt -F/Users/sparkles/Library/Developer/Xcode/DerivedData/Expensio-futtgngxcysvvhcljmosbeftqmyc/Build/Products/Debug-iphonesimulator/XCFrameworkIntermediates/ReactNativeDependencies -F/Users/sparkles/Library/Developer/Xcode/DerivedData/Expensio-futtgngxcysvvhcljmosbeftqmyc/Build/Products/Debug-iphonesimulator/XCFrameworkIntermediates/hermes-engine/Pre-built '-DRCT_REMOVE_LEGACY_ARCH=1' '-fmodule-map-file=/Users/sparkles/Documents/CodingFiles/FullStack/expensioApp/frontend/ios/Pods/Headers/Public/ReactAppDependencyProvider/ReactAppDependencyProvider.modulemap' '-fmodule-map-file=/Users/sparkles/Documents/CodingFiles/FullStack/expensioApp/frontend/ios/Pods/Headers/Public/ReactCodegen/ReactCodegen.modulemap' '-DRCT_REMOVE_LEGACY_ARCH=1' -ivfsoverlay /Users/sparkles/Documents/CodingFiles/FullStack/expensioApp/frontend/ios/Pods/React-Core-prebuilt/React-VFS.yaml '-DRCT_REMOVE_LEGACY_ARCH=1' '-DRCT_NEW_ARCH_ENABLED=1' -ivfsoverlay /Users/sparkles/Documents/CodingFiles/FullStack/expensioApp/frontend/ios/Pods/React-Core-prebuilt/React-VFS.yaml

WriteAuxiliaryFile /Users/sparkles/Library/Developer/Xcode/DerivedData/Expensio-futtgngxcysvvhcljmosbeftqmyc/Build/Intermediates.noindex/Pods.build/Debug-iphonesimulator/Expo.build/Objects-normal/x86_64/Expo_const_extract_protocols.json (in target 'Expo' from project 'Pods')
    cd /Users/sparkles/Documents/CodingFiles/FullStack/expensioApp/frontend/ios/Pods
    write-file /Users/sparkles/Library/Developer/Xcode/DerivedData/Expensio-futtgngxcysvvhcljmosbeftqmyc/Build/Intermediates.noindex/Pods.build/Debug-iphonesimulator/Expo.build/Objects-normal/x86_64/Expo_const_extract_protocols.json

WriteAuxiliaryFile /Users/sparkles/Library/Developer/Xcode/DerivedData/Expensio-futtgngxcysvvhcljmosbeftqmyc/Build/Intermediates.noindex/Pods.build/Debug-iphonesimulator/Expo.build/Objects-normal/x86_64/Expo.SwiftFileList (in target 'Expo' from project 'Pods')
    cd /Users/sparkles/Documents/CodingFiles/FullStack/expensioApp/frontend/ios/Pods
    write-file /Users/sparkles/Library/Developer/Xcode/DerivedData/Expensio-futtgngxcysvvhcljmosbeftqmyc/Build/Intermediates.noindex/Pods.build/Debug-iphonesimulator/Expo.build/Objects-normal/x86_64/Expo.SwiftFileList

WriteAuxiliaryFile /Users/sparkles/Library/Developer/Xcode/DerivedData/Expensio-futtgngxcysvvhcljmosbeftqmyc/Build/Intermediates.noindex/Pods.build/Debug-iphonesimulator/Expo.build/Objects-normal/x86_64/Expo.SwiftConstValuesFileList (in target 'Expo' from project 'Pods')
    cd /Users/sparkles/Documents/CodingFiles/FullStack/expensioApp/frontend/ios/Pods
    write-file /Users/sparkles/Library/Developer/Xcode/DerivedData/Expensio-futtgngxcysvvhcljmosbeftqmyc/Build/Intermediates.noindex/Pods.build/Debug-iphonesimulator/Expo.build/Objects-normal/x86_64/Expo.SwiftConstValuesFileList

WriteAuxiliaryFile /Users/sparkles/Library/Developer/Xcode/DerivedData/Expensio-futtgngxcysvvhcljmosbeftqmyc/Build/Intermediates.noindex/Pods.build/Debug-iphonesimulator/Expo.build/Objects-normal/x86_64/Expo.LinkFileList (in target 'Expo' from project 'Pods')
    cd /Users/sparkles/Documents/CodingFiles/FullStack/expensioApp/frontend/ios/Pods
    write-file /Users/sparkles/Library/Developer/Xcode/DerivedData/Expensio-futtgngxcysvvhcljmosbeftqmyc/Build/Intermediates.noindex/Pods.build/Debug-iphonesimulator/Expo.build/Objects-normal/x86_64/Expo.LinkFileList

WriteAuxiliaryFile /Users/sparkles/Library/Developer/Xcode/DerivedData/Expensio-futtgngxcysvvhcljmosbeftqmyc/Build/Intermediates.noindex/Pods.build/Debug-iphonesimulator/Expo.build/Objects-normal/x86_64/Expo-OutputFileMap.json (in target 'Expo' from project 'Pods')
    cd /Users/sparkles/Documents/CodingFiles/FullStack/expensioApp/frontend/ios/Pods
    write-file /Users/sparkles/Library/Developer/Xcode/DerivedData/Expensio-futtgngxcysvvhcljmosbeftqmyc/Build/Intermediates.noindex/Pods.build/Debug-iphonesimulator/Expo.build/Objects-normal/x86_64/Expo-OutputFileMap.json

WriteAuxiliaryFile /Users/sparkles/Library/Developer/Xcode/DerivedData/Expensio-futtgngxcysvvhcljmosbeftqmyc/Build/Intermediates.noindex/Pods.build/Debug-iphonesimulator/Expo.build/Objects-normal/arm64/e6072d4f65d7061329687fe24e3d63a7-common-args.resp (in target 'Expo' from project 'Pods')
    cd /Users/sparkles/Documents/CodingFiles/FullStack/expensioApp/frontend/ios/Pods
    write-file /Users/sparkles/Library/Developer/Xcode/DerivedData/Expensio-futtgngxcysvvhcljmosbeftqmyc/Build/Intermediates.noindex/Pods.build/Debug-iphonesimulator/Expo.build/Objects-normal/arm64/e6072d4f65d7061329687fe24e3d63a7-common-args.resp
'-std=gnu11' -fobjc-arc -fmodules '-fmodules-cache-path=/Users/sparkles/Library/Developer/Xcode/DerivedData/ModuleCache.noindex' -fpascal-strings -O0 -fno-common '-DPOD_CONFIGURATION_DEBUG=1' '-DDEBUG=1' '-DCOCOAPODS=1' '-DOBJC_OLD_DISPATCH_PROTOTYPES=0' -g '-fobjc-abi-version=2' -fobjc-legacy-dispatch -iquote /Users/sparkles/Library/Developer/Xcode/DerivedData/Expensio-futtgngxcysvvhcljmosbeftqmyc/Build/Intermediates.noindex/Pods.build/Debug-iphonesimulator/Expo.build/Expo-generated-files.hmap -I/Users/sparkles/Library/Developer/Xcode/DerivedData/Expensio-futtgngxcysvvhcljmosbeftqmyc/Build/Intermediates.noindex/Pods.build/Debug-iphonesimulator/Expo.build/Expo-own-target-headers.hmap -I/Users/sparkles/Library/Developer/Xcode/DerivedData/Expensio-futtgngxcysvvhcljmosbeftqmyc/Build/Intermediates.noindex/Pods.build/Debug-iphonesimulator/Expo.build/Expo-all-non-framework-target-headers.hmap -ivfsoverlay /Users/sparkles/Library/Developer/Xcode/DerivedData/Expensio-futtgngxcysvvhcljmosbeftqmyc/Build/Intermediates.noindex/Pods.build/Debug-iphonesimulator/Pods-8699adb1dd336b26511df848a716bd42-VFS-iphonesimulator/all-product-headers.yaml -iquote /Users/sparkles/Library/Developer/Xcode/DerivedData/Expensio-futtgngxcysvvhcljmosbeftqmyc/Build/Intermediates.noindex/Pods.build/Debug-iphonesimulator/Expo.build/Expo-project-headers.hmap -I/Users/sparkles/Library/Developer/Xcode/DerivedData/Expensio-futtgngxcysvvhcljmosbeftqmyc/Build/Products/Debug-iphonesimulator/Expo/include -I/Users/sparkles/Documents/CodingFiles/FullStack/expensioApp/frontend/ios/Pods/Headers/Private -I/Users/sparkles/Documents/CodingFiles/FullStack/expensioApp/frontend/ios/Pods/Headers/Private/Expo -I/Users/sparkles/Documents/CodingFiles/FullStack/expensioApp/frontend/ios/Pods/Headers/Public -I/Users/sparkles/Documents/CodingFiles/FullStack/expensioApp/frontend/ios/Pods/Headers/Public/Expo -I/Users/sparkles/Documents/CodingFiles/FullStack/expensioApp/frontend/ios/Pods/Headers/Public/FBLazyVector -I/Users/sparkles/Documents/CodingFiles/FullStack/expensioApp/frontend/ios/Pods/Headers/Public/RCTRequired -I/Users/sparkles/Documents/CodingFiles/FullStack/expensioApp/frontend/ios/Pods/Headers/Public/RCTSwiftUIWrapper -I/Users/sparkles/Documents/CodingFiles/FullStack/expensioApp/frontend/ios/Pods/Headers/Public/RCTTypeSafety -I/Users/sparkles/Documents/CodingFiles/FullStack/expensioApp/frontend/ios/Pods/Headers/Public/React-Core -I/Users/sparkles/Documents/CodingFiles/FullStack/expensioApp/frontend/ios/Pods/Headers/Public/React-Core-prebuilt -I/Users/sparkles/Documents/CodingFiles/FullStack/expensioApp/frontend/ios/Pods/Headers/Public/React-CoreModules -I/Users/sparkles/Documents/CodingFiles/FullStack/expensioApp/frontend/ios/Pods/Headers/Public/React-Fabric -I/Users/sparkles/Documents/CodingFiles/FullStack/expensioApp/frontend/ios/Pods/Headers/Public/React-FabricComponents -I/Users/sparkles/Documents/CodingFiles/FullStack/expensioApp/frontend/ios/Pods/Headers/Public/React-FabricImage -I/Users/sparkles/Documents/CodingFiles/FullStack/expensioApp/frontend/ios/Pods/Headers/Public/React-ImageManager -I/Users/sparkles/Documents/CodingFiles/FullStack/expensioApp/frontend/ios/Pods/Headers/Public/React-Mapbuffer -I/Users/sparkles/Documents/CodingFiles/FullStack/expensioApp/frontend/ios/Pods/Headers/Public/React-NativeModulesApple -I/Users/sparkles/Documents/CodingFiles/FullStack/expensioApp/frontend/ios/Pods/Headers/Public/React-RCTAnimation -I/Users/sparkles/Documents/CodingFiles/FullStack/expensioApp/frontend/ios/Pods/Headers/Public/React-RCTBlob -I/Users/sparkles/Documents/CodingFiles/FullStack/expensioApp/frontend/ios/Pods/Headers/Public/React-RCTFBReactNativeSpec -I/Users/sparkles/Documents/CodingFiles/FullStack/expensioApp/frontend/ios/Pods/Headers/Public/React-RCTFabric -I/Users/sparkles/Documents/CodingFiles/FullStack/expensioApp/frontend/ios/Pods/Headers/Public/React-RCTImage -I/Users/sparkles/Documents/CodingFiles/FullStack/expensioApp/frontend/ios/Pods/Headers/Public/React-RCTRuntime -I/Users/sparkles/Documents/CodingFiles/FullStack/expensioApp/frontend/ios/Pods/Headers/Public/React-RCTText -I/Users/sparkles/Documents/CodingFiles/FullStack/expensioApp/frontend/ios/Pods/Headers/Public/React-RuntimeApple -I/Users/sparkles/Documents/CodingFiles/FullStack/expensioApp/frontend/ios/Pods/Headers/Public/React-RuntimeCore -I/Users/sparkles/Documents/CodingFiles/FullStack/expensioApp/frontend/ios/Pods/Headers/Public/React-RuntimeHermes -I/Users/sparkles/Documents/CodingFiles/FullStack/expensioApp/frontend/ios/Pods/Headers/Public/React-callinvoker -I/Users/sparkles/Documents/CodingFiles/FullStack/expensioApp/frontend/ios/Pods/Headers/Public/React-cxxreact -I/Users/sparkles/Documents/CodingFiles/FullStack/expensioApp/frontend/ios/Pods/Headers/Public/React-debug -I/Users/sparkles/Documents/CodingFiles/FullStack/expensioApp/frontend/ios/Pods/Headers/Public/React-defaultsnativemodule -I/Users/sparkles/Documents/CodingFiles/FullStack/expensioApp/frontend/ios/Pods/Headers/Public/React-domnativemodule -I/Users/sparkles/Documents/CodingFiles/FullStack/expensioApp/frontend/ios/Pods/Headers/Public/React-featureflags -I/Users/sparkles/Documents/CodingFiles/FullStack/expensioApp/frontend/ios/Pods/Headers/Public/React-featureflagsnativemodule -I/Users/sparkles/Documents/CodingFiles/FullStack/expensioApp/frontend/ios/Pods/Headers/Public/React-graphics -I/Users/sparkles/Documents/CodingFiles/FullStack/expensioApp/frontend/ios/Pods/Headers/Public/React-hermes -I/Users/sparkles/Documents/CodingFiles/FullStack/expensioApp/frontend/ios/Pods/Headers/Public/React-idlecallbacksnativemodule -I/Users/sparkles/Documents/CodingFiles/FullStack/expensioApp/frontend/ios/Pods/Headers/Public/React-intersectionobservernativemodule -I/Users/sparkles/Documents/CodingFiles/FullStack/expensioApp/frontend/ios/Pods/Headers/Public/React-jserrorhandler -I/Users/sparkles/Documents/CodingFiles/FullStack/expensioApp/frontend/ios/Pods/Headers/Public/React-jsi -I/Users/sparkles/Documents/CodingFiles/FullStack/expensioApp/frontend/ios/Pods/Headers/Public/React-jsiexecutor -I/Users/sparkles/Documents/CodingFiles/FullStack/expensioApp/frontend/ios/Pods/Headers/Public/React-jsinspector -I/Users/sparkles/Documents/CodingFiles/FullStack/expensioApp/frontend/ios/Pods/Headers/Public/React-jsinspectorcdp -I/Users/sparkles/Documents/CodingFiles/FullStack/expensioApp/frontend/ios/Pods/Headers/Public/React-jsinspectornetwork -I/Users/sparkles/Documents/CodingFiles/FullStack/expensioApp/frontend/ios/Pods/Headers/Public/React-jsinspectortracing -I/Users/sparkles/Documents/CodingFiles/FullStack/expensioApp/frontend/ios/Pods/Headers/Public/React-jsitooling -I/Users/sparkles/Documents/CodingFiles/FullStack/expensioApp/frontend/ios/Pods/Headers/Public/React-logger -I/Users/sparkles/Documents/CodingFiles/FullStack/expensioApp/frontend/ios/Pods/Headers/Public/React-microtasksnativemodule -I/Users/sparkles/Documents/CodingFiles/FullStack/expensioApp/frontend/ios/Pods/Headers/Public/React-mutationobservernativemodule -I/Users/sparkles/Documents/CodingFiles/FullStack/expensioApp/frontend/ios/Pods/Headers/Public/React-networking -I/Users/sparkles/Documents/CodingFiles/FullStack/expensioApp/frontend/ios/Pods/Headers/Public/React-oscompat -I/Users/sparkles/Documents/CodingFiles/FullStack/expensioApp/frontend/ios/Pods/Headers/Public/React-perflogger -I/Users/sparkles/Documents/CodingFiles/FullStack/expensioApp/frontend/ios/Pods/Headers/Public/React-performancecdpmetrics -I/Users/sparkles/Documents/CodingFiles/FullStack/expensioApp/frontend/ios/Pods/Headers/Public/React-performancetimeline -I/Users/sparkles/Documents/CodingFiles/FullStack/expensioApp/frontend/ios/Pods/Headers/Public/React-rendererconsistency -I/Users/sparkles/Documents/CodingFiles/FullStack/expensioApp/frontend/ios/Pods/Headers/Public/React-renderercss -I/Users/sparkles/Documents/CodingFiles/FullStack/expensioApp/frontend/ios/Pods/Headers/Public/React-rendererdebug -I/Users/sparkles/Documents/CodingFiles/FullStack/expensioApp/frontend/ios/Pods/Headers/Public/React-runtimeexecutor -I/Users/sparkles/Documents/CodingFiles/FullStack/expensioApp/frontend/ios/Pods/Headers/Public/React-runtimescheduler -I/Users/sparkles/Documents/CodingFiles/FullStack/expensioApp/frontend/ios/Pods/Headers/Public/React-timing -I/Users/sparkles/Documents/CodingFiles/FullStack/expensioApp/frontend/ios/Pods/Headers/Public/React-utils -I/Users/sparkles/Documents/CodingFiles/FullStack/expensioApp/frontend/ios/Pods/Headers/Public/React-viewtransitionnativemodule -I/Users/sparkles/Documents/CodingFiles/FullStack/expensioApp/frontend/ios/Pods/Headers/Public/React-webperformancenativemodule -I/Users/sparkles/Documents/CodingFiles/FullStack/expensioApp/frontend/ios/Pods/Headers/Public/ReactCodegen -I/Users/sparkles/Documents/CodingFiles/FullStack/expensioApp/frontend/ios/Pods/Headers/Public/ReactCommon -I/Users/sparkles/Documents/CodingFiles/FullStack/expensioApp/frontend/ios/Pods/Headers/Public/ReactNativeDependencies -I/Users/sparkles/Documents/CodingFiles/FullStack/expensioApp/frontend/ios/Pods/Headers/Public/Yoga -I/Users/sparkles/Documents/CodingFiles/FullStack/expensioApp/frontend/ios/Pods/Headers/Public/hermes-engine -I/Users/sparkles/Documents/CodingFiles/FullStack/expensioApp/frontend/ios/Pods/Headers/Private/React-Core -I/Users/sparkles/Documents/CodingFiles/FullStack/expensioApp/frontend/ios/Pods/DoubleConversion '-I/Users/sparkles/Library/Developer/Xcode/DerivedData/Expensio-futtgngxcysvvhcljmosbeftqmyc/Build/Products/Debug-iphonesimulator/ExpoModulesCore/Swift Compatibility Header' -I/Users/sparkles/Documents/CodingFiles/FullStack/expensioApp/frontend/ios/Pods/Headers/Private/Yoga -I/Users/sparkles/Documents/CodingFiles/FullStack/expensioApp/frontend/ios/Pods/ExpoModulesCore/ExpoModulesCore.xcframework/ios-arm64_x86_64-simulator/ExpoModulesCore.framework/Headers -I/Users/sparkles/Documents/CodingFiles/FullStack/expensioApp/frontend/ios/Pods/ExpoModulesCore/ExpoModulesCore.xcframework/ios-arm64/ExpoModulesCore.framework/Headers -I/Users/sparkles/Documents/CodingFiles/FullStack/expensioApp/frontend/ios/Pods/ExpoModulesCore/ExpoModulesCore.xcframework/ios-arm64_x86_64-simulator/ExpoModulesCore.framework/Headers -I/Users/sparkles/Documents/CodingFiles/FullStack/expensioApp/frontend/ios/Pods/ExpoModulesCore/ExpoModulesCore.xcframework/ios-arm64/ExpoModulesCore.framework/Headers -I/Users/sparkles/Library/Developer/Xcode/DerivedData/Expensio-futtgngxcysvvhcljmosbeftqmyc/Build/Intermediates.noindex/Pods.build/Debug-iphonesimulator/Expo.build/DerivedSources-normal/arm64 -I/Users/sparkles/Library/Developer/Xcode/DerivedData/Expensio-futtgngxcysvvhcljmosbeftqmyc/Build/Intermediates.noindex/Pods.build/Debug-iphonesimulator/Expo.build/DerivedSources/arm64 -I/Users/sparkles/Library/Developer/Xcode/DerivedData/Expensio-futtgngxcysvvhcljmosbeftqmyc/Build/Intermediates.noindex/Pods.build/Debug-iphonesimulator/Expo.build/DerivedSources -F/Users/sparkles/Library/Developer/Xcode/DerivedData/Expensio-futtgngxcysvvhcljmosbeftqmyc/Build/Products/Debug-iphonesimulator/Expo -F/Users/sparkles/Documents/CodingFiles/FullStack/expensioApp/frontend/node_modules/expo-modules-jsi/apple/Products -F/Users/sparkles/Documents/CodingFiles/FullStack/expensioApp/frontend/ios/Pods/ExpoModulesCore -F/Users/sparkles/Documents/CodingFiles/FullStack/expensioApp/frontend/ios/Pods/React-Core-prebuilt -F/Users/sparkles/Documents/CodingFiles/FullStack/expensioApp/frontend/ios/Pods/ReactNativeDependencies/framework/packages/react-native -F/Users/sparkles/Documents/CodingFiles/FullStack/expensioApp/frontend/ios/Pods/hermes-engine/destroot/Library/Frameworks/universal -F/Users/sparkles/Library/Developer/Xcode/DerivedData/Expensio-futtgngxcysvvhcljmosbeftqmyc/Build/Products/Debug-iphonesimulator/XCFrameworkIntermediates/ExpoModulesCore -F/Users/sparkles/Library/Developer/Xcode/DerivedData/Expensio-futtgngxcysvvhcljmosbeftqmyc/Build/Products/Debug-iphonesimulator/XCFrameworkIntermediates/ExpoModulesJSI -F/Users/sparkles/Library/Developer/Xcode/DerivedData/Expensio-futtgngxcysvvhcljmosbeftqmyc/Build/Products/Debug-iphonesimulator/XCFrameworkIntermediates/React-Core-prebuilt -F/Users/sparkles/Library/Developer/Xcode/DerivedData/Expensio-futtgngxcysvvhcljmosbeftqmyc/Build/Products/Debug-iphonesimulator/XCFrameworkIntermediates/ReactNativeDependencies -F/Users/sparkles/Library/Developer/Xcode/DerivedData/Expensio-futtgngxcysvvhcljmosbeftqmyc/Build/Products/Debug-iphonesimulator/XCFrameworkIntermediates/hermes-engine/Pre-built '-DRCT_REMOVE_LEGACY_ARCH=1' '-fmodule-map-file=/Users/sparkles/Documents/CodingFiles/FullStack/expensioApp/frontend/ios/Pods/Headers/Public/ReactAppDependencyProvider/ReactAppDependencyProvider.modulemap' '-fmodule-map-file=/Users/sparkles/Documents/CodingFiles/FullStack/expensioApp/frontend/ios/Pods/Headers/Public/ReactCodegen/ReactCodegen.modulemap' '-DRCT_REMOVE_LEGACY_ARCH=1' -ivfsoverlay /Users/sparkles/Documents/CodingFiles/FullStack/expensioApp/frontend/ios/Pods/React-Core-prebuilt/React-VFS.yaml

WriteAuxiliaryFile /Users/sparkles/Library/Developer/Xcode/DerivedData/Expensio-futtgngxcysvvhcljmosbeftqmyc/Build/Intermediates.noindex/Pods.build/Debug-iphonesimulator/Expo.build/Objects-normal/arm64/af3fcb34312c57c0f52879cdce924b91-common-args.resp (in target 'Expo' from project 'Pods')
    cd /Users/sparkles/Documents/CodingFiles/FullStack/expensioApp/frontend/ios/Pods
    write-file /Users/sparkles/Library/Developer/Xcode/DerivedData/Expensio-futtgngxcysvvhcljmosbeftqmyc/Build/Intermediates.noindex/Pods.build/Debug-iphonesimulator/Expo.build/Objects-normal/arm64/af3fcb34312c57c0f52879cdce924b91-common-args.resp
'-std=c++20' '-stdlib=libc++' -fobjc-arc -fmodules -fno-cxx-modules '-fmodules-cache-path=/Users/sparkles/Library/Developer/Xcode/DerivedData/ModuleCache.noindex' '-D_LIBCPP_HARDENING_MODE=_LIBCPP_HARDENING_MODE_DEBUG' -fpascal-strings -O0 -fno-common '-DPOD_CONFIGURATION_DEBUG=1' '-DDEBUG=1' '-DCOCOAPODS=1' '-DOBJC_OLD_DISPATCH_PROTOTYPES=0' -g '-fobjc-abi-version=2' -fobjc-legacy-dispatch -iquote /Users/sparkles/Library/Developer/Xcode/DerivedData/Expensio-futtgngxcysvvhcljmosbeftqmyc/Build/Intermediates.noindex/Pods.build/Debug-iphonesimulator/Expo.build/Expo-generated-files.hmap -I/Users/sparkles/Library/Developer/Xcode/DerivedData/Expensio-futtgngxcysvvhcljmosbeftqmyc/Build/Intermediates.noindex/Pods.build/Debug-iphonesimulator/Expo.build/Expo-own-target-headers.hmap -I/Users/sparkles/Library/Developer/Xcode/DerivedData/Expensio-futtgngxcysvvhcljmosbeftqmyc/Build/Intermediates.noindex/Pods.build/Debug-iphonesimulator/Expo.build/Expo-all-non-framework-target-headers.hmap -ivfsoverlay /Users/sparkles/Library/Developer/Xcode/DerivedData/Expensio-futtgngxcysvvhcljmosbeftqmyc/Build/Intermediates.noindex/Pods.build/Debug-iphonesimulator/Pods-8699adb1dd336b26511df848a716bd42-VFS-iphonesimulator/all-product-headers.yaml -iquote /Users/sparkles/Library/Developer/Xcode/DerivedData/Expensio-futtgngxcysvvhcljmosbeftqmyc/Build/Intermediates.noindex/Pods.build/Debug-iphonesimulator/Expo.build/Expo-project-headers.hmap -I/Users/sparkles/Library/Developer/Xcode/DerivedData/Expensio-futtgngxcysvvhcljmosbeftqmyc/Build/Products/Debug-iphonesimulator/Expo/include -I/Users/sparkles/Documents/CodingFiles/FullStack/expensioApp/frontend/ios/Pods/Headers/Private -I/Users/sparkles/Documents/CodingFiles/FullStack/expensioApp/frontend/ios/Pods/Headers/Private/Expo -I/Users/sparkles/Documents/CodingFiles/FullStack/expensioApp/frontend/ios/Pods/Headers/Public -I/Users/sparkles/Documents/CodingFiles/FullStack/expensioApp/frontend/ios/Pods/Headers/Public/Expo -I/Users/sparkles/Documents/CodingFiles/FullStack/expensioApp/frontend/ios/Pods/Headers/Public/FBLazyVector -I/Users/sparkles/Documents/CodingFiles/FullStack/expensioApp/frontend/ios/Pods/Headers/Public/RCTRequired -I/Users/sparkles/Documents/CodingFiles/FullStack/expensioApp/frontend/ios/Pods/Headers/Public/RCTSwiftUIWrapper -I/Users/sparkles/Documents/CodingFiles/FullStack/expensioApp/frontend/ios/Pods/Headers/Public/RCTTypeSafety -I/Users/sparkles/Documents/CodingFiles/FullStack/expensioApp/frontend/ios/Pods/Headers/Public/React-Core -I/Users/sparkles/Documents/CodingFiles/FullStack/expensioApp/frontend/ios/Pods/Headers/Public/React-Core-prebuilt -I/Users/sparkles/Documents/CodingFiles/FullStack/expensioApp/frontend/ios/Pods/Headers/Public/React-CoreModules -I/Users/sparkles/Documents/CodingFiles/FullStack/expensioApp/frontend/ios/Pods/Headers/Public/React-Fabric -I/Users/sparkles/Documents/CodingFiles/FullStack/expensioApp/frontend/ios/Pods/Headers/Public/React-FabricComponents -I/Users/sparkles/Documents/CodingFiles/FullStack/expensioApp/frontend/ios/Pods/Headers/Public/React-FabricImage -I/Users/sparkles/Documents/CodingFiles/FullStack/expensioApp/frontend/ios/Pods/Headers/Public/React-ImageManager -I/Users/sparkles/Documents/CodingFiles/FullStack/expensioApp/frontend/ios/Pods/Headers/Public/React-Mapbuffer -I/Users/sparkles/Documents/CodingFiles/FullStack/expensioApp/frontend/ios/Pods/Headers/Public/React-NativeModulesApple -I/Users/sparkles/Documents/CodingFiles/FullStack/expensioApp/frontend/ios/Pods/Headers/Public/React-RCTAnimation -I/Users/sparkles/Documents/CodingFiles/FullStack/expensioApp/frontend/ios/Pods/Headers/Public/React-RCTBlob -I/Users/sparkles/Documents/CodingFiles/FullStack/expensioApp/frontend/ios/Pods/Headers/Public/React-RCTFBReactNativeSpec -I/Users/sparkles/Documents/CodingFiles/FullStack/expensioApp/frontend/ios/Pods/Headers/Public/React-RCTFabric -I/Users/sparkles/Documents/CodingFiles/FullStack/expensioApp/frontend/ios/Pods/Headers/Public/React-RCTImage -I/Users/sparkles/Documents/CodingFiles/FullStack/expensioApp/frontend/ios/Pods/Headers/Public/React-RCTRuntime -I/Users/sparkles/Documents/CodingFiles/FullStack/expensioApp/frontend/ios/Pods/Headers/Public/React-RCTText -I/Users/sparkles/Documents/CodingFiles/FullStack/expensioApp/frontend/ios/Pods/Headers/Public/React-RuntimeApple -I/Users/sparkles/Documents/CodingFiles/FullStack/expensioApp/frontend/ios/Pods/Headers/Public/React-RuntimeCore -I/Users/sparkles/Documents/CodingFiles/FullStack/expensioApp/frontend/ios/Pods/Headers/Public/React-RuntimeHermes -I/Users/sparkles/Documents/CodingFiles/FullStack/expensioApp/frontend/ios/Pods/Headers/Public/React-callinvoker -I/Users/sparkles/Documents/CodingFiles/FullStack/expensioApp/frontend/ios/Pods/Headers/Public/React-cxxreact -I/Users/sparkles/Documents/CodingFiles/FullStack/expensioApp/frontend/ios/Pods/Headers/Public/React-debug -I/Users/sparkles/Documents/CodingFiles/FullStack/expensioApp/frontend/ios/Pods/Headers/Public/React-defaultsnativemodule -I/Users/sparkles/Documents/CodingFiles/FullStack/expensioApp/frontend/ios/Pods/Headers/Public/React-domnativemodule -I/Users/sparkles/Documents/CodingFiles/FullStack/expensioApp/frontend/ios/Pods/Headers/Public/React-featureflags -I/Users/sparkles/Documents/CodingFiles/FullStack/expensioApp/frontend/ios/Pods/Headers/Public/React-featureflagsnativemodule -I/Users/sparkles/Documents/CodingFiles/FullStack/expensioApp/frontend/ios/Pods/Headers/Public/React-graphics -I/Users/sparkles/Documents/CodingFiles/FullStack/expensioApp/frontend/ios/Pods/Headers/Public/React-hermes -I/Users/sparkles/Documents/CodingFiles/FullStack/expensioApp/frontend/ios/Pods/Headers/Public/React-idlecallbacksnativemodule -I/Users/sparkles/Documents/CodingFiles/FullStack/expensioApp/frontend/ios/Pods/Headers/Public/React-intersectionobservernativemodule -I/Users/sparkles/Documents/CodingFiles/FullStack/expensioApp/frontend/ios/Pods/Headers/Public/React-jserrorhandler -I/Users/sparkles/Documents/CodingFiles/FullStack/expensioApp/frontend/ios/Pods/Headers/Public/React-jsi -I/Users/sparkles/Documents/CodingFiles/FullStack/expensioApp/frontend/ios/Pods/Headers/Public/React-jsiexecutor -I/Users/sparkles/Documents/CodingFiles/FullStack/expensioApp/frontend/ios/Pods/Headers/Public/React-jsinspector -I/Users/sparkles/Documents/CodingFiles/FullStack/expensioApp/frontend/ios/Pods/Headers/Public/React-jsinspectorcdp -I/Users/sparkles/Documents/CodingFiles/FullStack/expensioApp/frontend/ios/Pods/Headers/Public/React-jsinspectornetwork -I/Users/sparkles/Documents/CodingFiles/FullStack/expensioApp/frontend/ios/Pods/Headers/Public/React-jsinspectortracing -I/Users/sparkles/Documents/CodingFiles/FullStack/expensioApp/frontend/ios/Pods/Headers/Public/React-jsitooling -I/Users/sparkles/Documents/CodingFiles/FullStack/expensioApp/frontend/ios/Pods/Headers/Public/React-logger -I/Users/sparkles/Documents/CodingFiles/FullStack/expensioApp/frontend/ios/Pods/Headers/Public/React-microtasksnativemodule -I/Users/sparkles/Documents/CodingFiles/FullStack/expensioApp/frontend/ios/Pods/Headers/Public/React-mutationobservernativemodule -I/Users/sparkles/Documents/CodingFiles/FullStack/expensioApp/frontend/ios/Pods/Headers/Public/React-networking -I/Users/sparkles/Documents/CodingFiles/FullStack/expensioApp/frontend/ios/Pods/Headers/Public/React-oscompat -I/Users/sparkles/Documents/CodingFiles/FullStack/expensioApp/frontend/ios/Pods/Headers/Public/React-perflogger -I/Users/sparkles/Documents/CodingFiles/FullStack/expensioApp/frontend/ios/Pods/Headers/Public/React-performancecdpmetrics -I/Users/sparkles/Documents/CodingFiles/FullStack/expensioApp/frontend/ios/Pods/Headers/Public/React-performancetimeline -I/Users/sparkles/Documents/CodingFiles/FullStack/expensioApp/frontend/ios/Pods/Headers/Public/React-rendererconsistency -I/Users/sparkles/Documents/CodingFiles/FullStack/expensioApp/frontend/ios/Pods/Headers/Public/React-renderercss -I/Users/sparkles/Documents/CodingFiles/FullStack/expensioApp/frontend/ios/Pods/Headers/Public/React-rendererdebug -I/Users/sparkles/Documents/CodingFiles/FullStack/expensioApp/frontend/ios/Pods/Headers/Public/React-runtimeexecutor -I/Users/sparkles/Documents/CodingFiles/FullStack/expensioApp/frontend/ios/Pods/Headers/Public/React-runtimescheduler -I/Users/sparkles/Documents/CodingFiles/FullStack/expensioApp/frontend/ios/Pods/Headers/Public/React-timing -I/Users/sparkles/Documents/CodingFiles/FullStack/expensioApp/frontend/ios/Pods/Headers/Public/React-utils -I/Users/sparkles/Documents/CodingFiles/FullStack/expensioApp/frontend/ios/Pods/Headers/Public/React-viewtransitionnativemodule -I/Users/sparkles/Documents/CodingFiles/FullStack/expensioApp/frontend/ios/Pods/Headers/Public/React-webperformancenativemodule -I/Users/sparkles/Documents/CodingFiles/FullStack/expensioApp/frontend/ios/Pods/Headers/Public/ReactCodegen -I/Users/sparkles/Documents/CodingFiles/FullStack/expensioApp/frontend/ios/Pods/Headers/Public/ReactCommon -I/Users/sparkles/Documents/CodingFiles/FullStack/expensioApp/frontend/ios/Pods/Headers/Public/ReactNativeDependencies -I/Users/sparkles/Documents/CodingFiles/FullStack/expensioApp/frontend/ios/Pods/Headers/Public/Yoga -I/Users/sparkles/Documents/CodingFiles/FullStack/expensioApp/frontend/ios/Pods/Headers/Public/hermes-engine -I/Users/sparkles/Documents/CodingFiles/FullStack/expensioApp/frontend/ios/Pods/Headers/Private/React-Core -I/Users/sparkles/Documents/CodingFiles/FullStack/expensioApp/frontend/ios/Pods/DoubleConversion '-I/Users/sparkles/Library/Developer/Xcode/DerivedData/Expensio-futtgngxcysvvhcljmosbeftqmyc/Build/Products/Debug-iphonesimulator/ExpoModulesCore/Swift Compatibility Header' -I/Users/sparkles/Documents/CodingFiles/FullStack/expensioApp/frontend/ios/Pods/Headers/Private/Yoga -I/Users/sparkles/Documents/CodingFiles/FullStack/expensioApp/frontend/ios/Pods/ExpoModulesCore/ExpoModulesCore.xcframework/ios-arm64_x86_64-simulator/ExpoModulesCore.framework/Headers -I/Users/sparkles/Documents/CodingFiles/FullStack/expensioApp/frontend/ios/Pods/ExpoModulesCore/ExpoModulesCore.xcframework/ios-arm64/ExpoModulesCore.framework/Headers -I/Users/sparkles/Documents/CodingFiles/FullStack/expensioApp/frontend/ios/Pods/ExpoModulesCore/ExpoModulesCore.xcframework/ios-arm64_x86_64-simulator/ExpoModulesCore.framework/Headers -I/Users/sparkles/Documents/CodingFiles/FullStack/expensioApp/frontend/ios/Pods/ExpoModulesCore/ExpoModulesCore.xcframework/ios-arm64/ExpoModulesCore.framework/Headers -I/Users/sparkles/Library/Developer/Xcode/DerivedData/Expensio-futtgngxcysvvhcljmosbeftqmyc/Build/Intermediates.noindex/Pods.build/Debug-iphonesimulator/Expo.build/DerivedSources-normal/arm64 -I/Users/sparkles/Library/Developer/Xcode/DerivedData/Expensio-futtgngxcysvvhcljmosbeftqmyc/Build/Intermediates.noindex/Pods.build/Debug-iphonesimulator/Expo.build/DerivedSources/arm64 -I/Users/sparkles/Library/Developer/Xcode/DerivedData/Expensio-futtgngxcysvvhcljmosbeftqmyc/Build/Intermediates.noindex/Pods.build/Debug-iphonesimulator/Expo.build/DerivedSources -F/Users/sparkles/Library/Developer/Xcode/DerivedData/Expensio-futtgngxcysvvhcljmosbeftqmyc/Build/Products/Debug-iphonesimulator/Expo -F/Users/sparkles/Documents/CodingFiles/FullStack/expensioApp/frontend/node_modules/expo-modules-jsi/apple/Products -F/Users/sparkles/Documents/CodingFiles/FullStack/expensioApp/frontend/ios/Pods/ExpoModulesCore -F/Users/sparkles/Documents/CodingFiles/FullStack/expensioApp/frontend/ios/Pods/React-Core-prebuilt -F/Users/sparkles/Documents/CodingFiles/FullStack/expensioApp/frontend/ios/Pods/ReactNativeDependencies/framework/packages/react-native -F/Users/sparkles/Documents/CodingFiles/FullStack/expensioApp/frontend/ios/Pods/hermes-engine/destroot/Library/Frameworks/universal -F/Users/sparkles/Library/Developer/Xcode/DerivedData/Expensio-futtgngxcysvvhcljmosbeftqmyc/Build/Products/Debug-iphonesimulator/XCFrameworkIntermediates/ExpoModulesCore -F/Users/sparkles/Library/Developer/Xcode/DerivedData/Expensio-futtgngxcysvvhcljmosbeftqmyc/Build/Products/Debug-iphonesimulator/XCFrameworkIntermediates/ExpoModulesJSI -F/Users/sparkles/Library/Developer/Xcode/DerivedData/Expensio-futtgngxcysvvhcljmosbeftqmyc/Build/Products/Debug-iphonesimulator/XCFrameworkIntermediates/React-Core-prebuilt -F/Users/sparkles/Library/Developer/Xcode/DerivedData/Expensio-futtgngxcysvvhcljmosbeftqmyc/Build/Products/Debug-iphonesimulator/XCFrameworkIntermediates/ReactNativeDependencies -F/Users/sparkles/Library/Developer/Xcode/DerivedData/Expensio-futtgngxcysvvhcljmosbeftqmyc/Build/Products/Debug-iphonesimulator/XCFrameworkIntermediates/hermes-engine/Pre-built '-DRCT_REMOVE_LEGACY_ARCH=1' '-fmodule-map-file=/Users/sparkles/Documents/CodingFiles/FullStack/expensioApp/frontend/ios/Pods/Headers/Public/ReactAppDependencyProvider/ReactAppDependencyProvider.modulemap' '-fmodule-map-file=/Users/sparkles/Documents/CodingFiles/FullStack/expensioApp/frontend/ios/Pods/Headers/Public/ReactCodegen/ReactCodegen.modulemap' '-DRCT_REMOVE_LEGACY_ARCH=1' -ivfsoverlay /Users/sparkles/Documents/CodingFiles/FullStack/expensioApp/frontend/ios/Pods/React-Core-prebuilt/React-VFS.yaml '-DRCT_REMOVE_LEGACY_ARCH=1' '-DRCT_NEW_ARCH_ENABLED=1' -ivfsoverlay /Users/sparkles/Documents/CodingFiles/FullStack/expensioApp/frontend/ios/Pods/React-Core-prebuilt/React-VFS.yaml

WriteAuxiliaryFile /Users/sparkles/Library/Developer/Xcode/DerivedData/Expensio-futtgngxcysvvhcljmosbeftqmyc/Build/Intermediates.noindex/Pods.build/Debug-iphonesimulator/Expo.build/Objects-normal/arm64/Expo_const_extract_protocols.json (in target 'Expo' from project 'Pods')
    cd /Users/sparkles/Documents/CodingFiles/FullStack/expensioApp/frontend/ios/Pods
    write-file /Users/sparkles/Library/Developer/Xcode/DerivedData/Expensio-futtgngxcysvvhcljmosbeftqmyc/Build/Intermediates.noindex/Pods.build/Debug-iphonesimulator/Expo.build/Objects-normal/arm64/Expo_const_extract_protocols.json

WriteAuxiliaryFile /Users/sparkles/Library/Developer/Xcode/DerivedData/Expensio-futtgngxcysvvhcljmosbeftqmyc/Build/Intermediates.noindex/Pods.build/Debug-iphonesimulator/Expo.build/Objects-normal/arm64/Expo.SwiftFileList (in target 'Expo' from project 'Pods')
    cd /Users/sparkles/Documents/CodingFiles/FullStack/expensioApp/frontend/ios/Pods
    write-file /Users/sparkles/Library/Developer/Xcode/DerivedData/Expensio-futtgngxcysvvhcljmosbeftqmyc/Build/Intermediates.noindex/Pods.build/Debug-iphonesimulator/Expo.build/Objects-normal/arm64/Expo.SwiftFileList

WriteAuxiliaryFile /Users/sparkles/Library/Developer/Xcode/DerivedData/Expensio-futtgngxcysvvhcljmosbeftqmyc/Build/Intermediates.noindex/Pods.build/Debug-iphonesimulator/Expo.build/Objects-normal/arm64/Expo.SwiftConstValuesFileList (in target 'Expo' from project 'Pods')
    cd /Users/sparkles/Documents/CodingFiles/FullStack/expensioApp/frontend/ios/Pods
    write-file /Users/sparkles/Library/Developer/Xcode/DerivedData/Expensio-futtgngxcysvvhcljmosbeftqmyc/Build/Intermediates.noindex/Pods.build/Debug-iphonesimulator/Expo.build/Objects-normal/arm64/Expo.SwiftConstValuesFileList

WriteAuxiliaryFile /Users/sparkles/Library/Developer/Xcode/DerivedData/Expensio-futtgngxcysvvhcljmosbeftqmyc/Build/Intermediates.noindex/Pods.build/Debug-iphonesimulator/Expo.build/Objects-normal/arm64/Expo.LinkFileList (in target 'Expo' from project 'Pods')
    cd /Users/sparkles/Documents/CodingFiles/FullStack/expensioApp/frontend/ios/Pods
    write-file /Users/sparkles/Library/Developer/Xcode/DerivedData/Expensio-futtgngxcysvvhcljmosbeftqmyc/Build/Intermediates.noindex/Pods.build/Debug-iphonesimulator/Expo.build/Objects-normal/arm64/Expo.LinkFileList

WriteAuxiliaryFile /Users/sparkles/Library/Developer/Xcode/DerivedData/Expensio-futtgngxcysvvhcljmosbeftqmyc/Build/Intermediates.noindex/Pods.build/Debug-iphonesimulator/Expo.build/Objects-normal/arm64/Expo-OutputFileMap.json (in target 'Expo' from project 'Pods')
    cd /Users/sparkles/Documents/CodingFiles/FullStack/expensioApp/frontend/ios/Pods
    write-file /Users/sparkles/Library/Developer/Xcode/DerivedData/Expensio-futtgngxcysvvhcljmosbeftqmyc/Build/Intermediates.noindex/Pods.build/Debug-iphonesimulator/Expo.build/Objects-normal/arm64/Expo-OutputFileMap.json

WriteAuxiliaryFile /Users/sparkles/Library/Developer/Xcode/DerivedData/Expensio-futtgngxcysvvhcljmosbeftqmyc/Build/Intermediates.noindex/Pods.build/Debug-iphonesimulator/Expo.build/Expo.hmap (in target 'Expo' from project 'Pods')
    cd /Users/sparkles/Documents/CodingFiles/FullStack/expensioApp/frontend/ios/Pods
    write-file /Users/sparkles/Library/Developer/Xcode/DerivedData/Expensio-futtgngxcysvvhcljmosbeftqmyc/Build/Intermediates.noindex/Pods.build/Debug-iphonesimulator/Expo.build/Expo.hmap

WriteAuxiliaryFile /Users/sparkles/Library/Developer/Xcode/DerivedData/Expensio-futtgngxcysvvhcljmosbeftqmyc/Build/Intermediates.noindex/Pods.build/Debug-iphonesimulator/Expo.build/Expo.DependencyStaticMetadataFileList (in target 'Expo' from project 'Pods')
    cd /Users/sparkles/Documents/CodingFiles/FullStack/expensioApp/frontend/ios/Pods
    write-file /Users/sparkles/Library/Developer/Xcode/DerivedData/Expensio-futtgngxcysvvhcljmosbeftqmyc/Build/Intermediates.noindex/Pods.build/Debug-iphonesimulator/Expo.build/Expo.DependencyStaticMetadataFileList

WriteAuxiliaryFile /Users/sparkles/Library/Developer/Xcode/DerivedData/Expensio-futtgngxcysvvhcljmosbeftqmyc/Build/Intermediates.noindex/Pods.build/Debug-iphonesimulator/Expo.build/Expo.DependencyMetadataFileList (in target 'Expo' from project 'Pods')
    cd /Users/sparkles/Documents/CodingFiles/FullStack/expensioApp/frontend/ios/Pods
    write-file /Users/sparkles/Library/Developer/Xcode/DerivedData/Expensio-futtgngxcysvvhcljmosbeftqmyc/Build/Intermediates.noindex/Pods.build/Debug-iphonesimulator/Expo.build/Expo.DependencyMetadataFileList

WriteAuxiliaryFile /Users/sparkles/Library/Developer/Xcode/DerivedData/Expensio-futtgngxcysvvhcljmosbeftqmyc/Build/Intermediates.noindex/Pods.build/Debug-iphonesimulator/Expo.build/Expo-project-headers.hmap (in target 'Expo' from project 'Pods')
    cd /Users/sparkles/Documents/CodingFiles/FullStack/expensioApp/frontend/ios/Pods
    write-file /Users/sparkles/Library/Developer/Xcode/DerivedData/Expensio-futtgngxcysvvhcljmosbeftqmyc/Build/Intermediates.noindex/Pods.build/Debug-iphonesimulator/Expo.build/Expo-project-headers.hmap

WriteAuxiliaryFile /Users/sparkles/Library/Developer/Xcode/DerivedData/Expensio-futtgngxcysvvhcljmosbeftqmyc/Build/Intermediates.noindex/Pods.build/Debug-iphonesimulator/Expo.build/Expo-own-target-headers.hmap (in target 'Expo' from project 'Pods')
    cd /Users/sparkles/Documents/CodingFiles/FullStack/expensioApp/frontend/ios/Pods
    write-file /Users/sparkles/Library/Developer/Xcode/DerivedData/Expensio-futtgngxcysvvhcljmosbeftqmyc/Build/Intermediates.noindex/Pods.build/Debug-iphonesimulator/Expo.build/Expo-own-target-headers.hmap

WriteAuxiliaryFile /Users/sparkles/Library/Developer/Xcode/DerivedData/Expensio-futtgngxcysvvhcljmosbeftqmyc/Build/Intermediates.noindex/Pods.build/Debug-iphonesimulator/Expo.build/Expo-generated-files.hmap (in target 'Expo' from project 'Pods')
    cd /Users/sparkles/Documents/CodingFiles/FullStack/expensioApp/frontend/ios/Pods
    write-file /Users/sparkles/Library/Developer/Xcode/DerivedData/Expensio-futtgngxcysvvhcljmosbeftqmyc/Build/Intermediates.noindex/Pods.build/Debug-iphonesimulator/Expo.build/Expo-generated-files.hmap

WriteAuxiliaryFile /Users/sparkles/Library/Developer/Xcode/DerivedData/Expensio-futtgngxcysvvhcljmosbeftqmyc/Build/Intermediates.noindex/Pods.build/Debug-iphonesimulator/Expo.build/Expo-all-target-headers.hmap (in target 'Expo' from project 'Pods')
    cd /Users/sparkles/Documents/CodingFiles/FullStack/expensioApp/frontend/ios/Pods
    write-file /Users/sparkles/Library/Developer/Xcode/DerivedData/Expensio-futtgngxcysvvhcljmosbeftqmyc/Build/Intermediates.noindex/Pods.build/Debug-iphonesimulator/Expo.build/Expo-all-target-headers.hmap

WriteAuxiliaryFile /Users/sparkles/Library/Developer/Xcode/DerivedData/Expensio-futtgngxcysvvhcljmosbeftqmyc/Build/Intermediates.noindex/Pods.build/Debug-iphonesimulator/Expo.build/Expo-all-non-framework-target-headers.hmap (in target 'Expo' from project 'Pods')
    cd /Users/sparkles/Documents/CodingFiles/FullStack/expensioApp/frontend/ios/Pods
    write-file /Users/sparkles/Library/Developer/Xcode/DerivedData/Expensio-futtgngxcysvvhcljmosbeftqmyc/Build/Intermediates.noindex/Pods.build/Debug-iphonesimulator/Expo.build/Expo-all-non-framework-target-headers.hmap

WriteAuxiliaryFile /Users/sparkles/Library/Developer/Xcode/DerivedData/Expensio-futtgngxcysvvhcljmosbeftqmyc/Build/Intermediates.noindex/Pods.build/Debug-iphonesimulator/EXConstants-ExpoConstants_privacy.build/ExpoConstants_privacy.DependencyStaticMetadataFileList (in target 'EXConstants-ExpoConstants_privacy' from project 'Pods')
    cd /Users/sparkles/Documents/CodingFiles/FullStack/expensioApp/frontend/ios/Pods
    write-file /Users/sparkles/Library/Developer/Xcode/DerivedData/Expensio-futtgngxcysvvhcljmosbeftqmyc/Build/Intermediates.noindex/Pods.build/Debug-iphonesimulator/EXConstants-ExpoConstants_privacy.build/ExpoConstants_privacy.DependencyStaticMetadataFileList

WriteAuxiliaryFile /Users/sparkles/Library/Developer/Xcode/DerivedData/Expensio-futtgngxcysvvhcljmosbeftqmyc/Build/Intermediates.noindex/Pods.build/Debug-iphonesimulator/EXConstants-ExpoConstants_privacy.build/ExpoConstants_privacy.hmap (in target 'EXConstants-ExpoConstants_privacy' from project 'Pods')
    cd /Users/sparkles/Documents/CodingFiles/FullStack/expensioApp/frontend/ios/Pods
    write-file /Users/sparkles/Library/Developer/Xcode/DerivedData/Expensio-futtgngxcysvvhcljmosbeftqmyc/Build/Intermediates.noindex/Pods.build/Debug-iphonesimulator/EXConstants-ExpoConstants_privacy.build/ExpoConstants_privacy.hmap

WriteAuxiliaryFile /Users/sparkles/Library/Developer/Xcode/DerivedData/Expensio-futtgngxcysvvhcljmosbeftqmyc/Build/Intermediates.noindex/Pods.build/Debug-iphonesimulator/EXConstants-ExpoConstants_privacy.build/ExpoConstants_privacy.DependencyMetadataFileList (in target 'EXConstants-ExpoConstants_privacy' from project 'Pods')
    cd /Users/sparkles/Documents/CodingFiles/FullStack/expensioApp/frontend/ios/Pods
    write-file /Users/sparkles/Library/Developer/Xcode/DerivedData/Expensio-futtgngxcysvvhcljmosbeftqmyc/Build/Intermediates.noindex/Pods.build/Debug-iphonesimulator/EXConstants-ExpoConstants_privacy.build/ExpoConstants_privacy.DependencyMetadataFileList

WriteAuxiliaryFile /Users/sparkles/Library/Developer/Xcode/DerivedData/Expensio-futtgngxcysvvhcljmosbeftqmyc/Build/Intermediates.noindex/Pods.build/Debug-iphonesimulator/EXConstants-ExpoConstants_privacy.build/ExpoConstants_privacy-project-headers.hmap (in target 'EXConstants-ExpoConstants_privacy' from project 'Pods')
    cd /Users/sparkles/Documents/CodingFiles/FullStack/expensioApp/frontend/ios/Pods
    write-file /Users/sparkles/Library/Developer/Xcode/DerivedData/Expensio-futtgngxcysvvhcljmosbeftqmyc/Build/Intermediates.noindex/Pods.build/Debug-iphonesimulator/EXConstants-ExpoConstants_privacy.build/ExpoConstants_privacy-project-headers.hmap

WriteAuxiliaryFile /Users/sparkles/Library/Developer/Xcode/DerivedData/Expensio-futtgngxcysvvhcljmosbeftqmyc/Build/Intermediates.noindex/Pods.build/Debug-iphonesimulator/EXConstants-ExpoConstants_privacy.build/ExpoConstants_privacy-own-target-headers.hmap (in target 'EXConstants-ExpoConstants_privacy' from project 'Pods')
    cd /Users/sparkles/Documents/CodingFiles/FullStack/expensioApp/frontend/ios/Pods
    write-file /Users/sparkles/Library/Developer/Xcode/DerivedData/Expensio-futtgngxcysvvhcljmosbeftqmyc/Build/Intermediates.noindex/Pods.build/Debug-iphonesimulator/EXConstants-ExpoConstants_privacy.build/ExpoConstants_privacy-own-target-headers.hmap

WriteAuxiliaryFile /Users/sparkles/Library/Developer/Xcode/DerivedData/Expensio-futtgngxcysvvhcljmosbeftqmyc/Build/Intermediates.noindex/Pods.build/Debug-iphonesimulator/EXConstants-ExpoConstants_privacy.build/ExpoConstants_privacy-generated-files.hmap (in target 'EXConstants-ExpoConstants_privacy' from project 'Pods')
    cd /Users/sparkles/Documents/CodingFiles/FullStack/expensioApp/frontend/ios/Pods
    write-file /Users/sparkles/Library/Developer/Xcode/DerivedData/Expensio-futtgngxcysvvhcljmosbeftqmyc/Build/Intermediates.noindex/Pods.build/Debug-iphonesimulator/EXConstants-ExpoConstants_privacy.build/ExpoConstants_privacy-generated-files.hmap

WriteAuxiliaryFile /Users/sparkles/Library/Developer/Xcode/DerivedData/Expensio-futtgngxcysvvhcljmosbeftqmyc/Build/Intermediates.noindex/Pods.build/Debug-iphonesimulator/EXConstants-ExpoConstants_privacy.build/ExpoConstants_privacy-all-target-headers.hmap (in target 'EXConstants-ExpoConstants_privacy' from project 'Pods')
    cd /Users/sparkles/Documents/CodingFiles/FullStack/expensioApp/frontend/ios/Pods
    write-file /Users/sparkles/Library/Developer/Xcode/DerivedData/Expensio-futtgngxcysvvhcljmosbeftqmyc/Build/Intermediates.noindex/Pods.build/Debug-iphonesimulator/EXConstants-ExpoConstants_privacy.build/ExpoConstants_privacy-all-target-headers.hmap

WriteAuxiliaryFile /Users/sparkles/Library/Developer/Xcode/DerivedData/Expensio-futtgngxcysvvhcljmosbeftqmyc/Build/Intermediates.noindex/Pods.build/Debug-iphonesimulator/EXConstants-ExpoConstants_privacy.build/ExpoConstants_privacy-all-non-framework-target-headers.hmap (in target 'EXConstants-ExpoConstants_privacy' from project 'Pods')
    cd /Users/sparkles/Documents/CodingFiles/FullStack/expensioApp/frontend/ios/Pods
    write-file /Users/sparkles/Library/Developer/Xcode/DerivedData/Expensio-futtgngxcysvvhcljmosbeftqmyc/Build/Intermediates.noindex/Pods.build/Debug-iphonesimulator/EXConstants-ExpoConstants_privacy.build/ExpoConstants_privacy-all-non-framework-target-headers.hmap

WriteAuxiliaryFile /Users/sparkles/Library/Developer/Xcode/DerivedData/Expensio-futtgngxcysvvhcljmosbeftqmyc/Build/Intermediates.noindex/Pods.build/Debug-iphonesimulator/EXConstants-EXConstants.build/EXConstants.hmap (in target 'EXConstants-EXConstants' from project 'Pods')
    cd /Users/sparkles/Documents/CodingFiles/FullStack/expensioApp/frontend/ios/Pods
    write-file /Users/sparkles/Library/Developer/Xcode/DerivedData/Expensio-futtgngxcysvvhcljmosbeftqmyc/Build/Intermediates.noindex/Pods.build/Debug-iphonesimulator/EXConstants-EXConstants.build/EXConstants.hmap

WriteAuxiliaryFile /Users/sparkles/Library/Developer/Xcode/DerivedData/Expensio-futtgngxcysvvhcljmosbeftqmyc/Build/Intermediates.noindex/Pods.build/Debug-iphonesimulator/EXConstants-EXConstants.build/EXConstants.DependencyMetadataFileList (in target 'EXConstants-EXConstants' from project 'Pods')
    cd /Users/sparkles/Documents/CodingFiles/FullStack/expensioApp/frontend/ios/Pods
    write-file /Users/sparkles/Library/Developer/Xcode/DerivedData/Expensio-futtgngxcysvvhcljmosbeftqmyc/Build/Intermediates.noindex/Pods.build/Debug-iphonesimulator/EXConstants-EXConstants.build/EXConstants.DependencyMetadataFileList

WriteAuxiliaryFile /Users/sparkles/Library/Developer/Xcode/DerivedData/Expensio-futtgngxcysvvhcljmosbeftqmyc/Build/Intermediates.noindex/Pods.build/Debug-iphonesimulator/EXConstants-EXConstants.build/EXConstants.DependencyStaticMetadataFileList (in target 'EXConstants-EXConstants' from project 'Pods')
    cd /Users/sparkles/Documents/CodingFiles/FullStack/expensioApp/frontend/ios/Pods
    write-file /Users/sparkles/Library/Developer/Xcode/DerivedData/Expensio-futtgngxcysvvhcljmosbeftqmyc/Build/Intermediates.noindex/Pods.build/Debug-iphonesimulator/EXConstants-EXConstants.build/EXConstants.DependencyStaticMetadataFileList

WriteAuxiliaryFile /Users/sparkles/Library/Developer/Xcode/DerivedData/Expensio-futtgngxcysvvhcljmosbeftqmyc/Build/Intermediates.noindex/Pods.build/Debug-iphonesimulator/EXConstants-EXConstants.build/EXConstants-project-headers.hmap (in target 'EXConstants-EXConstants' from project 'Pods')
    cd /Users/sparkles/Documents/CodingFiles/FullStack/expensioApp/frontend/ios/Pods
    write-file /Users/sparkles/Library/Developer/Xcode/DerivedData/Expensio-futtgngxcysvvhcljmosbeftqmyc/Build/Intermediates.noindex/Pods.build/Debug-iphonesimulator/EXConstants-EXConstants.build/EXConstants-project-headers.hmap

WriteAuxiliaryFile /Users/sparkles/Library/Developer/Xcode/DerivedData/Expensio-futtgngxcysvvhcljmosbeftqmyc/Build/Intermediates.noindex/Pods.build/Debug-iphonesimulator/EXConstants-EXConstants.build/EXConstants-own-target-headers.hmap (in target 'EXConstants-EXConstants' from project 'Pods')
    cd /Users/sparkles/Documents/CodingFiles/FullStack/expensioApp/frontend/ios/Pods
    write-file /Users/sparkles/Library/Developer/Xcode/DerivedData/Expensio-futtgngxcysvvhcljmosbeftqmyc/Build/Intermediates.noindex/Pods.build/Debug-iphonesimulator/EXConstants-EXConstants.build/EXConstants-own-target-headers.hmap

WriteAuxiliaryFile /Users/sparkles/Library/Developer/Xcode/DerivedData/Expensio-futtgngxcysvvhcljmosbeftqmyc/Build/Intermediates.noindex/Pods.build/Debug-iphonesimulator/EXConstants-EXConstants.build/EXConstants-generated-files.hmap (in target 'EXConstants-EXConstants' from project 'Pods')
    cd /Users/sparkles/Documents/CodingFiles/FullStack/expensioApp/frontend/ios/Pods
    write-file /Users/sparkles/Library/Developer/Xcode/DerivedData/Expensio-futtgngxcysvvhcljmosbeftqmyc/Build/Intermediates.noindex/Pods.build/Debug-iphonesimulator/EXConstants-EXConstants.build/EXConstants-generated-files.hmap

WriteAuxiliaryFile /Users/sparkles/Library/Developer/Xcode/DerivedData/Expensio-futtgngxcysvvhcljmosbeftqmyc/Build/Intermediates.noindex/Pods.build/Debug-iphonesimulator/EXConstants-EXConstants.build/EXConstants-all-target-headers.hmap (in target 'EXConstants-EXConstants' from project 'Pods')
    cd /Users/sparkles/Documents/CodingFiles/FullStack/expensioApp/frontend/ios/Pods
    write-file /Users/sparkles/Library/Developer/Xcode/DerivedData/Expensio-futtgngxcysvvhcljmosbeftqmyc/Build/Intermediates.noindex/Pods.build/Debug-iphonesimulator/EXConstants-EXConstants.build/EXConstants-all-target-headers.hmap

WriteAuxiliaryFile /Users/sparkles/Library/Developer/Xcode/DerivedData/Expensio-futtgngxcysvvhcljmosbeftqmyc/Build/Intermediates.noindex/Pods.build/Debug-iphonesimulator/EXConstants-EXConstants.build/EXConstants-all-non-framework-target-headers.hmap (in target 'EXConstants-EXConstants' from project 'Pods')
    cd /Users/sparkles/Documents/CodingFiles/FullStack/expensioApp/frontend/ios/Pods
    write-file /Users/sparkles/Library/Developer/Xcode/DerivedData/Expensio-futtgngxcysvvhcljmosbeftqmyc/Build/Intermediates.noindex/Pods.build/Debug-iphonesimulator/EXConstants-EXConstants.build/EXConstants-all-non-framework-target-headers.hmap

WriteAuxiliaryFile /Users/sparkles/Library/Developer/Xcode/DerivedData/Expensio-futtgngxcysvvhcljmosbeftqmyc/Build/Intermediates.noindex/Pods.build/Debug-iphonesimulator/EXConstants.build/Script-46EB2E000149F0.sh (in target 'EXConstants' from project 'Pods')
    cd /Users/sparkles/Documents/CodingFiles/FullStack/expensioApp/frontend/ios/Pods
    write-file /Users/sparkles/Library/Developer/Xcode/DerivedData/Expensio-futtgngxcysvvhcljmosbeftqmyc/Build/Intermediates.noindex/Pods.build/Debug-iphonesimulator/EXConstants.build/Script-46EB2E000149F0.sh

WriteAuxiliaryFile /Users/sparkles/Library/Developer/Xcode/DerivedData/Expensio-futtgngxcysvvhcljmosbeftqmyc/Build/Intermediates.noindex/Pods.build/Debug-iphonesimulator/EXConstants.build/Script-46EB2E0001A9A0.sh (in target 'EXConstants' from project 'Pods')
    cd /Users/sparkles/Documents/CodingFiles/FullStack/expensioApp/frontend/ios/Pods
    write-file /Users/sparkles/Library/Developer/Xcode/DerivedData/Expensio-futtgngxcysvvhcljmosbeftqmyc/Build/Intermediates.noindex/Pods.build/Debug-iphonesimulator/EXConstants.build/Script-46EB2E0001A9A0.sh

WriteAuxiliaryFile /Users/sparkles/Library/Developer/Xcode/DerivedData/Expensio-futtgngxcysvvhcljmosbeftqmyc/Build/Intermediates.noindex/Pods.build/Debug-iphonesimulator/EXConstants.build/Objects-normal/x86_64/e6072d4f65d7061329687fe24e3d63a7-common-args.resp (in target 'EXConstants' from project 'Pods')
    cd /Users/sparkles/Documents/CodingFiles/FullStack/expensioApp/frontend/ios/Pods
    write-file /Users/sparkles/Library/Developer/Xcode/DerivedData/Expensio-futtgngxcysvvhcljmosbeftqmyc/Build/Intermediates.noindex/Pods.build/Debug-iphonesimulator/EXConstants.build/Objects-normal/x86_64/e6072d4f65d7061329687fe24e3d63a7-common-args.resp
'-std=gnu11' -fobjc-arc -fmodules '-fmodules-cache-path=/Users/sparkles/Library/Developer/Xcode/DerivedData/ModuleCache.noindex' '-fmodule-name=EXConstants' -fpascal-strings -O0 -fno-common '-DPOD_CONFIGURATION_DEBUG=1' '-DDEBUG=1' '-DCOCOAPODS=1' '-DOBJC_OLD_DISPATCH_PROTOTYPES=0' -fasm-blocks -g '-fobjc-abi-version=2' -fobjc-legacy-dispatch -iquote /Users/sparkles/Library/Developer/Xcode/DerivedData/Expensio-futtgngxcysvvhcljmosbeftqmyc/Build/Intermediates.noindex/Pods.build/Debug-iphonesimulator/EXConstants.build/EXConstants-generated-files.hmap -I/Users/sparkles/Library/Developer/Xcode/DerivedData/Expensio-futtgngxcysvvhcljmosbeftqmyc/Build/Intermediates.noindex/Pods.build/Debug-iphonesimulator/EXConstants.build/EXConstants-own-target-headers.hmap -I/Users/sparkles/Library/Developer/Xcode/DerivedData/Expensio-futtgngxcysvvhcljmosbeftqmyc/Build/Intermediates.noindex/Pods.build/Debug-iphonesimulator/EXConstants.build/EXConstants-all-non-framework-target-headers.hmap -ivfsoverlay /Users/sparkles/Library/Developer/Xcode/DerivedData/Expensio-futtgngxcysvvhcljmosbeftqmyc/Build/Intermediates.noindex/Pods.build/Debug-iphonesimulator/Pods-8699adb1dd336b26511df848a716bd42-VFS-iphonesimulator/all-product-headers.yaml -iquote /Users/sparkles/Library/Developer/Xcode/DerivedData/Expensio-futtgngxcysvvhcljmosbeftqmyc/Build/Intermediates.noindex/Pods.build/Debug-iphonesimulator/EXConstants.build/EXConstants-project-headers.hmap -I/Users/sparkles/Library/Developer/Xcode/DerivedData/Expensio-futtgngxcysvvhcljmosbeftqmyc/Build/Products/Debug-iphonesimulator/EXConstants/include -I/Users/sparkles/Documents/CodingFiles/FullStack/expensioApp/frontend/ios/Pods/Headers/Private -I/Users/sparkles/Documents/CodingFiles/FullStack/expensioApp/frontend/ios/Pods/Headers/Private/EXConstants -I/Users/sparkles/Documents/CodingFiles/FullStack/expensioApp/frontend/ios/Pods/Headers/Public -I/Users/sparkles/Documents/CodingFiles/FullStack/expensioApp/frontend/ios/Pods/Headers/Public/FBLazyVector -I/Users/sparkles/Documents/CodingFiles/FullStack/expensioApp/frontend/ios/Pods/Headers/Public/RCTRequired -I/Users/sparkles/Documents/CodingFiles/FullStack/expensioApp/frontend/ios/Pods/Headers/Public/RCTSwiftUIWrapper -I/Users/sparkles/Documents/CodingFiles/FullStack/expensioApp/frontend/ios/Pods/Headers/Public/RCTTypeSafety -I/Users/sparkles/Documents/CodingFiles/FullStack/expensioApp/frontend/ios/Pods/Headers/Public/React-Core -I/Users/sparkles/Documents/CodingFiles/FullStack/expensioApp/frontend/ios/Pods/Headers/Public/React-Core-prebuilt -I/Users/sparkles/Documents/CodingFiles/FullStack/expensioApp/frontend/ios/Pods/Headers/Public/React-CoreModules -I/Users/sparkles/Documents/CodingFiles/FullStack/expensioApp/frontend/ios/Pods/Headers/Public/React-Fabric -I/Users/sparkles/Documents/CodingFiles/FullStack/expensioApp/frontend/ios/Pods/Headers/Public/React-FabricComponents -I/Users/sparkles/Documents/CodingFiles/FullStack/expensioApp/frontend/ios/Pods/Headers/Public/React-FabricImage -I/Users/sparkles/Documents/CodingFiles/FullStack/expensioApp/frontend/ios/Pods/Headers/Public/React-ImageManager -I/Users/sparkles/Documents/CodingFiles/FullStack/expensioApp/frontend/ios/Pods/Headers/Public/React-Mapbuffer -I/Users/sparkles/Documents/CodingFiles/FullStack/expensioApp/frontend/ios/Pods/Headers/Public/React-NativeModulesApple -I/Users/sparkles/Documents/CodingFiles/FullStack/expensioApp/frontend/ios/Pods/Headers/Public/React-RCTAnimation -I/Users/sparkles/Documents/CodingFiles/FullStack/expensioApp/frontend/ios/Pods/Headers/Public/React-RCTBlob -I/Users/sparkles/Documents/CodingFiles/FullStack/expensioApp/frontend/ios/Pods/Headers/Public/React-RCTFBReactNativeSpec -I/Users/sparkles/Documents/CodingFiles/FullStack/expensioApp/frontend/ios/Pods/Headers/Public/React-RCTFabric -I/Users/sparkles/Documents/CodingFiles/FullStack/expensioApp/frontend/ios/Pods/Headers/Public/React-RCTImage -I/Users/sparkles/Documents/CodingFiles/FullStack/expensioApp/frontend/ios/Pods/Headers/Public/React-RCTRuntime -I/Users/sparkles/Documents/CodingFiles/FullStack/expensioApp/frontend/ios/Pods/Headers/Public/React-RCTText -I/Users/sparkles/Documents/CodingFiles/FullStack/expensioApp/frontend/ios/Pods/Headers/Public/React-RuntimeApple -I/Users/sparkles/Documents/CodingFiles/FullStack/expensioApp/frontend/ios/Pods/Headers/Public/React-RuntimeCore -I/Users/sparkles/Documents/CodingFiles/FullStack/expensioApp/frontend/ios/Pods/Headers/Public/React-RuntimeHermes -I/Users/sparkles/Documents/CodingFiles/FullStack/expensioApp/frontend/ios/Pods/Headers/Public/React-callinvoker -I/Users/sparkles/Documents/CodingFiles/FullStack/expensioApp/frontend/ios/Pods/Headers/Public/React-cxxreact -I/Users/sparkles/Documents/CodingFiles/FullStack/expensioApp/frontend/ios/Pods/Headers/Public/React-debug -I/Users/sparkles/Documents/CodingFiles/FullStack/expensioApp/frontend/ios/Pods/Headers/Public/React-defaultsnativemodule -I/Users/sparkles/Documents/CodingFiles/FullStack/expensioApp/frontend/ios/Pods/Headers/Public/React-domnativemodule -I/Users/sparkles/Documents/CodingFiles/FullStack/expensioApp/frontend/ios/Pods/Headers/Public/React-featureflags -I/Users/sparkles/Documents/CodingFiles/FullStack/expensioApp/frontend/ios/Pods/Headers/Public/React-featureflagsnativemodule -I/Users/sparkles/Documents/CodingFiles/FullStack/expensioApp/frontend/ios/Pods/Headers/Public/React-graphics -I/Users/sparkles/Documents/CodingFiles/FullStack/expensioApp/frontend/ios/Pods/Headers/Public/React-hermes -I/Users/sparkles/Documents/CodingFiles/FullStack/expensioApp/frontend/ios/Pods/Headers/Public/React-idlecallbacksnativemodule -I/Users/sparkles/Documents/CodingFiles/FullStack/expensioApp/frontend/ios/Pods/Headers/Public/React-intersectionobservernativemodule -I/Users/sparkles/Documents/CodingFiles/FullStack/expensioApp/frontend/ios/Pods/Headers/Public/React-jserrorhandler -I/Users/sparkles/Documents/CodingFiles/FullStack/expensioApp/frontend/ios/Pods/Headers/Public/React-jsi -I/Users/sparkles/Documents/CodingFiles/FullStack/expensioApp/frontend/ios/Pods/Headers/Public/React-jsiexecutor -I/Users/sparkles/Documents/CodingFiles/FullStack/expensioApp/frontend/ios/Pods/Headers/Public/React-jsinspector -I/Users/sparkles/Documents/CodingFiles/FullStack/expensioApp/frontend/ios/Pods/Headers/Public/React-jsinspectorcdp -I/Users/sparkles/Documents/CodingFiles/FullStack/expensioApp/frontend/ios/Pods/Headers/Public/React-jsinspectornetwork -I/Users/sparkles/Documents/CodingFiles/FullStack/expensioApp/frontend/ios/Pods/Headers/Public/React-jsinspectortracing -I/Users/sparkles/Documents/CodingFiles/FullStack/expensioApp/frontend/ios/Pods/Headers/Public/React-jsitooling -I/Users/sparkles/Documents/CodingFiles/FullStack/expensioApp/frontend/ios/Pods/Headers/Public/React-logger -I/Users/sparkles/Documents/CodingFiles/FullStack/expensioApp/frontend/ios/Pods/Headers/Public/React-microtasksnativemodule -I/Users/sparkles/Documents/CodingFiles/FullStack/expensioApp/frontend/ios/Pods/Headers/Public/React-mutationobservernativemodule -I/Users/sparkles/Documents/CodingFiles/FullStack/expensioApp/frontend/ios/Pods/Headers/Public/React-networking -I/Users/sparkles/Documents/CodingFiles/FullStack/expensioApp/frontend/ios/Pods/Headers/Public/React-oscompat -I/Users/sparkles/Documents/CodingFiles/FullStack/expensioApp/frontend/ios/Pods/Headers/Public/React-perflogger -I/Users/sparkles/Documents/CodingFiles/FullStack/expensioApp/frontend/ios/Pods/Headers/Public/React-performancecdpmetrics -I/Users/sparkles/Documents/CodingFiles/FullStack/expensioApp/frontend/ios/Pods/Headers/Public/React-performancetimeline -I/Users/sparkles/Documents/CodingFiles/FullStack/expensioApp/frontend/ios/Pods/Headers/Public/React-rendererconsistency -I/Users/sparkles/Documents/CodingFiles/FullStack/expensioApp/frontend/ios/Pods/Headers/Public/React-renderercss -I/Users/sparkles/Documents/CodingFiles/FullStack/expensioApp/frontend/ios/Pods/Headers/Public/React-rendererdebug -I/Users/sparkles/Documents/CodingFiles/FullStack/expensioApp/frontend/ios/Pods/Headers/Public/React-runtimeexecutor -I/Users/sparkles/Documents/CodingFiles/FullStack/expensioApp/frontend/ios/Pods/Headers/Public/React-runtimescheduler -I/Users/sparkles/Documents/CodingFiles/FullStack/expensioApp/frontend/ios/Pods/Headers/Public/React-timing -I/Users/sparkles/Documents/CodingFiles/FullStack/expensioApp/frontend/ios/Pods/Headers/Public/React-utils -I/Users/sparkles/Documents/CodingFiles/FullStack/expensioApp/frontend/ios/Pods/Headers/Public/React-viewtransitionnativemodule -I/Users/sparkles/Documents/CodingFiles/FullStack/expensioApp/frontend/ios/Pods/Headers/Public/React-webperformancenativemodule -I/Users/sparkles/Documents/CodingFiles/FullStack/expensioApp/frontend/ios/Pods/Headers/Public/ReactCodegen -I/Users/sparkles/Documents/CodingFiles/FullStack/expensioApp/frontend/ios/Pods/Headers/Public/ReactCommon -I/Users/sparkles/Documents/CodingFiles/FullStack/expensioApp/frontend/ios/Pods/Headers/Public/ReactNativeDependencies -I/Users/sparkles/Documents/CodingFiles/FullStack/expensioApp/frontend/ios/Pods/Headers/Public/Yoga -I/Users/sparkles/Documents/CodingFiles/FullStack/expensioApp/frontend/ios/Pods/Headers/Public/hermes-engine -I/Users/sparkles/Documents/CodingFiles/FullStack/expensioApp/frontend/ios/Pods/ExpoModulesCore/ExpoModulesCore.xcframework/ios-arm64_x86_64-simulator/ExpoModulesCore.framework/Headers -I/Users/sparkles/Documents/CodingFiles/FullStack/expensioApp/frontend/ios/Pods/ExpoModulesCore/ExpoModulesCore.xcframework/ios-arm64/ExpoModulesCore.framework/Headers -I/Users/sparkles/Documents/CodingFiles/FullStack/expensioApp/frontend/ios/Pods/ExpoModulesCore/ExpoModulesCore.xcframework/ios-arm64_x86_64-simulator/ExpoModulesCore.framework/Headers -I/Users/sparkles/Documents/CodingFiles/FullStack/expensioApp/frontend/ios/Pods/ExpoModulesCore/ExpoModulesCore.xcframework/ios-arm64/ExpoModulesCore.framework/Headers -I/Users/sparkles/Library/Developer/Xcode/DerivedData/Expensio-futtgngxcysvvhcljmosbeftqmyc/Build/Intermediates.noindex/Pods.build/Debug-iphonesimulator/EXConstants.build/DerivedSources-normal/x86_64 -I/Users/sparkles/Library/Developer/Xcode/DerivedData/Expensio-futtgngxcysvvhcljmosbeftqmyc/Build/Intermediates.noindex/Pods.build/Debug-iphonesimulator/EXConstants.build/DerivedSources/x86_64 -I/Users/sparkles/Library/Developer/Xcode/DerivedData/Expensio-futtgngxcysvvhcljmosbeftqmyc/Build/Intermediates.noindex/Pods.build/Debug-iphonesimulator/EXConstants.build/DerivedSources -F/Users/sparkles/Library/Developer/Xcode/DerivedData/Expensio-futtgngxcysvvhcljmosbeftqmyc/Build/Products/Debug-iphonesimulator/EXConstants -F/Users/sparkles/Documents/CodingFiles/FullStack/expensioApp/frontend/node_modules/expo-modules-jsi/apple/Products -F/Users/sparkles/Documents/CodingFiles/FullStack/expensioApp/frontend/ios/Pods/ExpoModulesCore -F/Users/sparkles/Documents/CodingFiles/FullStack/expensioApp/frontend/ios/Pods/React-Core-prebuilt -F/Users/sparkles/Documents/CodingFiles/FullStack/expensioApp/frontend/ios/Pods/ReactNativeDependencies/framework/packages/react-native -F/Users/sparkles/Documents/CodingFiles/FullStack/expensioApp/frontend/ios/Pods/hermes-engine/destroot/Library/Frameworks/universal -F/Users/sparkles/Library/Developer/Xcode/DerivedData/Expensio-futtgngxcysvvhcljmosbeftqmyc/Build/Products/Debug-iphonesimulator/XCFrameworkIntermediates/ExpoModulesCore -F/Users/sparkles/Library/Developer/Xcode/DerivedData/Expensio-futtgngxcysvvhcljmosbeftqmyc/Build/Products/Debug-iphonesimulator/XCFrameworkIntermediates/ExpoModulesJSI -F/Users/sparkles/Library/Developer/Xcode/DerivedData/Expensio-futtgngxcysvvhcljmosbeftqmyc/Build/Products/Debug-iphonesimulator/XCFrameworkIntermediates/React-Core-prebuilt -F/Users/sparkles/Library/Developer/Xcode/DerivedData/Expensio-futtgngxcysvvhcljmosbeftqmyc/Build/Products/Debug-iphonesimulator/XCFrameworkIntermediates/ReactNativeDependencies -F/Users/sparkles/Library/Developer/Xcode/DerivedData/Expensio-futtgngxcysvvhcljmosbeftqmyc/Build/Products/Debug-iphonesimulator/XCFrameworkIntermediates/hermes-engine/Pre-built '-DRCT_REMOVE_LEGACY_ARCH=1' '-fmodule-map-file=/Users/sparkles/Documents/CodingFiles/FullStack/expensioApp/frontend/ios/Pods/Headers/Public/ReactCodegen/ReactCodegen.modulemap'

WriteAuxiliaryFile /Users/sparkles/Library/Developer/Xcode/DerivedData/Expensio-futtgngxcysvvhcljmosbeftqmyc/Build/Intermediates.noindex/Pods.build/Debug-iphonesimulator/EXConstants.build/Objects-normal/x86_64/EXConstants.SwiftFileList (in target 'EXConstants' from project 'Pods')
    cd /Users/sparkles/Documents/CodingFiles/FullStack/expensioApp/frontend/ios/Pods
    write-file /Users/sparkles/Library/Developer/Xcode/DerivedData/Expensio-futtgngxcysvvhcljmosbeftqmyc/Build/Intermediates.noindex/Pods.build/Debug-iphonesimulator/EXConstants.build/Objects-normal/x86_64/EXConstants.SwiftFileList

WriteAuxiliaryFile /Users/sparkles/Library/Developer/Xcode/DerivedData/Expensio-futtgngxcysvvhcljmosbeftqmyc/Build/Intermediates.noindex/Pods.build/Debug-iphonesimulator/EXConstants.build/Objects-normal/x86_64/EXConstants_const_extract_protocols.json (in target 'EXConstants' from project 'Pods')
    cd /Users/sparkles/Documents/CodingFiles/FullStack/expensioApp/frontend/ios/Pods
    write-file /Users/sparkles/Library/Developer/Xcode/DerivedData/Expensio-futtgngxcysvvhcljmosbeftqmyc/Build/Intermediates.noindex/Pods.build/Debug-iphonesimulator/EXConstants.build/Objects-normal/x86_64/EXConstants_const_extract_protocols.json

WriteAuxiliaryFile /Users/sparkles/Library/Developer/Xcode/DerivedData/Expensio-futtgngxcysvvhcljmosbeftqmyc/Build/Intermediates.noindex/Pods.build/Debug-iphonesimulator/EXConstants.build/Objects-normal/x86_64/EXConstants.LinkFileList (in target 'EXConstants' from project 'Pods')
    cd /Users/sparkles/Documents/CodingFiles/FullStack/expensioApp/frontend/ios/Pods
    write-file /Users/sparkles/Library/Developer/Xcode/DerivedData/Expensio-futtgngxcysvvhcljmosbeftqmyc/Build/Intermediates.noindex/Pods.build/Debug-iphonesimulator/EXConstants.build/Objects-normal/x86_64/EXConstants.LinkFileList

WriteAuxiliaryFile /Users/sparkles/Library/Developer/Xcode/DerivedData/Expensio-futtgngxcysvvhcljmosbeftqmyc/Build/Intermediates.noindex/Pods.build/Debug-iphonesimulator/EXConstants.build/Objects-normal/x86_64/EXConstants.SwiftConstValuesFileList (in target 'EXConstants' from project 'Pods')
    cd /Users/sparkles/Documents/CodingFiles/FullStack/expensioApp/frontend/ios/Pods
    write-file /Users/sparkles/Library/Developer/Xcode/DerivedData/Expensio-futtgngxcysvvhcljmosbeftqmyc/Build/Intermediates.noindex/Pods.build/Debug-iphonesimulator/EXConstants.build/Objects-normal/x86_64/EXConstants.SwiftConstValuesFileList

WriteAuxiliaryFile /Users/sparkles/Library/Developer/Xcode/DerivedData/Expensio-futtgngxcysvvhcljmosbeftqmyc/Build/Intermediates.noindex/Pods.build/Debug-iphonesimulator/EXConstants.build/Objects-normal/x86_64/EXConstants-OutputFileMap.json (in target 'EXConstants' from project 'Pods')
    cd /Users/sparkles/Documents/CodingFiles/FullStack/expensioApp/frontend/ios/Pods
    write-file /Users/sparkles/Library/Developer/Xcode/DerivedData/Expensio-futtgngxcysvvhcljmosbeftqmyc/Build/Intermediates.noindex/Pods.build/Debug-iphonesimulator/EXConstants.build/Objects-normal/x86_64/EXConstants-OutputFileMap.json

WriteAuxiliaryFile /Users/sparkles/Library/Developer/Xcode/DerivedData/Expensio-futtgngxcysvvhcljmosbeftqmyc/Build/Intermediates.noindex/Pods.build/Debug-iphonesimulator/EXConstants.build/Objects-normal/arm64/e6072d4f65d7061329687fe24e3d63a7-common-args.resp (in target 'EXConstants' from project 'Pods')
    cd /Users/sparkles/Documents/CodingFiles/FullStack/expensioApp/frontend/ios/Pods
    write-file /Users/sparkles/Library/Developer/Xcode/DerivedData/Expensio-futtgngxcysvvhcljmosbeftqmyc/Build/Intermediates.noindex/Pods.build/Debug-iphonesimulator/EXConstants.build/Objects-normal/arm64/e6072d4f65d7061329687fe24e3d63a7-common-args.resp
'-std=gnu11' -fobjc-arc -fmodules '-fmodules-cache-path=/Users/sparkles/Library/Developer/Xcode/DerivedData/ModuleCache.noindex' '-fmodule-name=EXConstants' -fpascal-strings -O0 -fno-common '-DPOD_CONFIGURATION_DEBUG=1' '-DDEBUG=1' '-DCOCOAPODS=1' '-DOBJC_OLD_DISPATCH_PROTOTYPES=0' -g '-fobjc-abi-version=2' -fobjc-legacy-dispatch -iquote /Users/sparkles/Library/Developer/Xcode/DerivedData/Expensio-futtgngxcysvvhcljmosbeftqmyc/Build/Intermediates.noindex/Pods.build/Debug-iphonesimulator/EXConstants.build/EXConstants-generated-files.hmap -I/Users/sparkles/Library/Developer/Xcode/DerivedData/Expensio-futtgngxcysvvhcljmosbeftqmyc/Build/Intermediates.noindex/Pods.build/Debug-iphonesimulator/EXConstants.build/EXConstants-own-target-headers.hmap -I/Users/sparkles/Library/Developer/Xcode/DerivedData/Expensio-futtgngxcysvvhcljmosbeftqmyc/Build/Intermediates.noindex/Pods.build/Debug-iphonesimulator/EXConstants.build/EXConstants-all-non-framework-target-headers.hmap -ivfsoverlay /Users/sparkles/Library/Developer/Xcode/DerivedData/Expensio-futtgngxcysvvhcljmosbeftqmyc/Build/Intermediates.noindex/Pods.build/Debug-iphonesimulator/Pods-8699adb1dd336b26511df848a716bd42-VFS-iphonesimulator/all-product-headers.yaml -iquote /Users/sparkles/Library/Developer/Xcode/DerivedData/Expensio-futtgngxcysvvhcljmosbeftqmyc/Build/Intermediates.noindex/Pods.build/Debug-iphonesimulator/EXConstants.build/EXConstants-project-headers.hmap -I/Users/sparkles/Library/Developer/Xcode/DerivedData/Expensio-futtgngxcysvvhcljmosbeftqmyc/Build/Products/Debug-iphonesimulator/EXConstants/include -I/Users/sparkles/Documents/CodingFiles/FullStack/expensioApp/frontend/ios/Pods/Headers/Private -I/Users/sparkles/Documents/CodingFiles/FullStack/expensioApp/frontend/ios/Pods/Headers/Private/EXConstants -I/Users/sparkles/Documents/CodingFiles/FullStack/expensioApp/frontend/ios/Pods/Headers/Public -I/Users/sparkles/Documents/CodingFiles/FullStack/expensioApp/frontend/ios/Pods/Headers/Public/FBLazyVector -I/Users/sparkles/Documents/CodingFiles/FullStack/expensioApp/frontend/ios/Pods/Headers/Public/RCTRequired -I/Users/sparkles/Documents/CodingFiles/FullStack/expensioApp/frontend/ios/Pods/Headers/Public/RCTSwiftUIWrapper -I/Users/sparkles/Documents/CodingFiles/FullStack/expensioApp/frontend/ios/Pods/Headers/Public/RCTTypeSafety -I/Users/sparkles/Documents/CodingFiles/FullStack/expensioApp/frontend/ios/Pods/Headers/Public/React-Core -I/Users/sparkles/Documents/CodingFiles/FullStack/expensioApp/frontend/ios/Pods/Headers/Public/React-Core-prebuilt -I/Users/sparkles/Documents/CodingFiles/FullStack/expensioApp/frontend/ios/Pods/Headers/Public/React-CoreModules -I/Users/sparkles/Documents/CodingFiles/FullStack/expensioApp/frontend/ios/Pods/Headers/Public/React-Fabric -I/Users/sparkles/Documents/CodingFiles/FullStack/expensioApp/frontend/ios/Pods/Headers/Public/React-FabricComponents -I/Users/sparkles/Documents/CodingFiles/FullStack/expensioApp/frontend/ios/Pods/Headers/Public/React-FabricImage -I/Users/sparkles/Documents/CodingFiles/FullStack/expensioApp/frontend/ios/Pods/Headers/Public/React-ImageManager -I/Users/sparkles/Documents/CodingFiles/FullStack/expensioApp/frontend/ios/Pods/Headers/Public/React-Mapbuffer -I/Users/sparkles/Documents/CodingFiles/FullStack/expensioApp/frontend/ios/Pods/Headers/Public/React-NativeModulesApple -I/Users/sparkles/Documents/CodingFiles/FullStack/expensioApp/frontend/ios/Pods/Headers/Public/React-RCTAnimation -I/Users/sparkles/Documents/CodingFiles/FullStack/expensioApp/frontend/ios/Pods/Headers/Public/React-RCTBlob -I/Users/sparkles/Documents/CodingFiles/FullStack/expensioApp/frontend/ios/Pods/Headers/Public/React-RCTFBReactNativeSpec -I/Users/sparkles/Documents/CodingFiles/FullStack/expensioApp/frontend/ios/Pods/Headers/Public/React-RCTFabric -I/Users/sparkles/Documents/CodingFiles/FullStack/expensioApp/frontend/ios/Pods/Headers/Public/React-RCTImage -I/Users/sparkles/Documents/CodingFiles/FullStack/expensioApp/frontend/ios/Pods/Headers/Public/React-RCTRuntime -I/Users/sparkles/Documents/CodingFiles/FullStack/expensioApp/frontend/ios/Pods/Headers/Public/React-RCTText -I/Users/sparkles/Documents/CodingFiles/FullStack/expensioApp/frontend/ios/Pods/Headers/Public/React-RuntimeApple -I/Users/sparkles/Documents/CodingFiles/FullStack/expensioApp/frontend/ios/Pods/Headers/Public/React-RuntimeCore -I/Users/sparkles/Documents/CodingFiles/FullStack/expensioApp/frontend/ios/Pods/Headers/Public/React-RuntimeHermes -I/Users/sparkles/Documents/CodingFiles/FullStack/expensioApp/frontend/ios/Pods/Headers/Public/React-callinvoker -I/Users/sparkles/Documents/CodingFiles/FullStack/expensioApp/frontend/ios/Pods/Headers/Public/React-cxxreact -I/Users/sparkles/Documents/CodingFiles/FullStack/expensioApp/frontend/ios/Pods/Headers/Public/React-debug -I/Users/sparkles/Documents/CodingFiles/FullStack/expensioApp/frontend/ios/Pods/Headers/Public/React-defaultsnativemodule -I/Users/sparkles/Documents/CodingFiles/FullStack/expensioApp/frontend/ios/Pods/Headers/Public/React-domnativemodule -I/Users/sparkles/Documents/CodingFiles/FullStack/expensioApp/frontend/ios/Pods/Headers/Public/React-featureflags -I/Users/sparkles/Documents/CodingFiles/FullStack/expensioApp/frontend/ios/Pods/Headers/Public/React-featureflagsnativemodule -I/Users/sparkles/Documents/CodingFiles/FullStack/expensioApp/frontend/ios/Pods/Headers/Public/React-graphics -I/Users/sparkles/Documents/CodingFiles/FullStack/expensioApp/frontend/ios/Pods/Headers/Public/React-hermes -I/Users/sparkles/Documents/CodingFiles/FullStack/expensioApp/frontend/ios/Pods/Headers/Public/React-idlecallbacksnativemodule -I/Users/sparkles/Documents/CodingFiles/FullStack/expensioApp/frontend/ios/Pods/Headers/Public/React-intersectionobservernativemodule -I/Users/sparkles/Documents/CodingFiles/FullStack/expensioApp/frontend/ios/Pods/Headers/Public/React-jserrorhandler -I/Users/sparkles/Documents/CodingFiles/FullStack/expensioApp/frontend/ios/Pods/Headers/Public/React-jsi -I/Users/sparkles/Documents/CodingFiles/FullStack/expensioApp/frontend/ios/Pods/Headers/Public/React-jsiexecutor -I/Users/sparkles/Documents/CodingFiles/FullStack/expensioApp/frontend/ios/Pods/Headers/Public/React-jsinspector -I/Users/sparkles/Documents/CodingFiles/FullStack/expensioApp/frontend/ios/Pods/Headers/Public/React-jsinspectorcdp -I/Users/sparkles/Documents/CodingFiles/FullStack/expensioApp/frontend/ios/Pods/Headers/Public/React-jsinspectornetwork -I/Users/sparkles/Documents/CodingFiles/FullStack/expensioApp/frontend/ios/Pods/Headers/Public/React-jsinspectortracing -I/Users/sparkles/Documents/CodingFiles/FullStack/expensioApp/frontend/ios/Pods/Headers/Public/React-jsitooling -I/Users/sparkles/Documents/CodingFiles/FullStack/expensioApp/frontend/ios/Pods/Headers/Public/React-logger -I/Users/sparkles/Documents/CodingFiles/FullStack/expensioApp/frontend/ios/Pods/Headers/Public/React-microtasksnativemodule -I/Users/sparkles/Documents/CodingFiles/FullStack/expensioApp/frontend/ios/Pods/Headers/Public/React-mutationobservernativemodule -I/Users/sparkles/Documents/CodingFiles/FullStack/expensioApp/frontend/ios/Pods/Headers/Public/React-networking -I/Users/sparkles/Documents/CodingFiles/FullStack/expensioApp/frontend/ios/Pods/Headers/Public/React-oscompat -I/Users/sparkles/Documents/CodingFiles/FullStack/expensioApp/frontend/ios/Pods/Headers/Public/React-perflogger -I/Users/sparkles/Documents/CodingFiles/FullStack/expensioApp/frontend/ios/Pods/Headers/Public/React-performancecdpmetrics -I/Users/sparkles/Documents/CodingFiles/FullStack/expensioApp/frontend/ios/Pods/Headers/Public/React-performancetimeline -I/Users/sparkles/Documents/CodingFiles/FullStack/expensioApp/frontend/ios/Pods/Headers/Public/React-rendererconsistency -I/Users/sparkles/Documents/CodingFiles/FullStack/expensioApp/frontend/ios/Pods/Headers/Public/React-renderercss -I/Users/sparkles/Documents/CodingFiles/FullStack/expensioApp/frontend/ios/Pods/Headers/Public/React-rendererdebug -I/Users/sparkles/Documents/CodingFiles/FullStack/expensioApp/frontend/ios/Pods/Headers/Public/React-runtimeexecutor -I/Users/sparkles/Documents/CodingFiles/FullStack/expensioApp/frontend/ios/Pods/Headers/Public/React-runtimescheduler -I/Users/sparkles/Documents/CodingFiles/FullStack/expensioApp/frontend/ios/Pods/Headers/Public/React-timing -I/Users/sparkles/Documents/CodingFiles/FullStack/expensioApp/frontend/ios/Pods/Headers/Public/React-utils -I/Users/sparkles/Documents/CodingFiles/FullStack/expensioApp/frontend/ios/Pods/Headers/Public/React-viewtransitionnativemodule -I/Users/sparkles/Documents/CodingFiles/FullStack/expensioApp/frontend/ios/Pods/Headers/Public/React-webperformancenativemodule -I/Users/sparkles/Documents/CodingFiles/FullStack/expensioApp/frontend/ios/Pods/Headers/Public/ReactCodegen -I/Users/sparkles/Documents/CodingFiles/FullStack/expensioApp/frontend/ios/Pods/Headers/Public/ReactCommon -I/Users/sparkles/Documents/CodingFiles/FullStack/expensioApp/frontend/ios/Pods/Headers/Public/ReactNativeDependencies -I/Users/sparkles/Documents/CodingFiles/FullStack/expensioApp/frontend/ios/Pods/Headers/Public/Yoga -I/Users/sparkles/Documents/CodingFiles/FullStack/expensioApp/frontend/ios/Pods/Headers/Public/hermes-engine -I/Users/sparkles/Documents/CodingFiles/FullStack/expensioApp/frontend/ios/Pods/ExpoModulesCore/ExpoModulesCore.xcframework/ios-arm64_x86_64-simulator/ExpoModulesCore.framework/Headers -I/Users/sparkles/Documents/CodingFiles/FullStack/expensioApp/frontend/ios/Pods/ExpoModulesCore/ExpoModulesCore.xcframework/ios-arm64/ExpoModulesCore.framework/Headers -I/Users/sparkles/Documents/CodingFiles/FullStack/expensioApp/frontend/ios/Pods/ExpoModulesCore/ExpoModulesCore.xcframework/ios-arm64_x86_64-simulator/ExpoModulesCore.framework/Headers -I/Users/sparkles/Documents/CodingFiles/FullStack/expensioApp/frontend/ios/Pods/ExpoModulesCore/ExpoModulesCore.xcframework/ios-arm64/ExpoModulesCore.framework/Headers -I/Users/sparkles/Library/Developer/Xcode/DerivedData/Expensio-futtgngxcysvvhcljmosbeftqmyc/Build/Intermediates.noindex/Pods.build/Debug-iphonesimulator/EXConstants.build/DerivedSources-normal/arm64 -I/Users/sparkles/Library/Developer/Xcode/DerivedData/Expensio-futtgngxcysvvhcljmosbeftqmyc/Build/Intermediates.noindex/Pods.build/Debug-iphonesimulator/EXConstants.build/DerivedSources/arm64 -I/Users/sparkles/Library/Developer/Xcode/DerivedData/Expensio-futtgngxcysvvhcljmosbeftqmyc/Build/Intermediates.noindex/Pods.build/Debug-iphonesimulator/EXConstants.build/DerivedSources -F/Users/sparkles/Library/Developer/Xcode/DerivedData/Expensio-futtgngxcysvvhcljmosbeftqmyc/Build/Products/Debug-iphonesimulator/EXConstants -F/Users/sparkles/Documents/CodingFiles/FullStack/expensioApp/frontend/node_modules/expo-modules-jsi/apple/Products -F/Users/sparkles/Documents/CodingFiles/FullStack/expensioApp/frontend/ios/Pods/ExpoModulesCore -F/Users/sparkles/Documents/CodingFiles/FullStack/expensioApp/frontend/ios/Pods/React-Core-prebuilt -F/Users/sparkles/Documents/CodingFiles/FullStack/expensioApp/frontend/ios/Pods/ReactNativeDependencies/framework/packages/react-native -F/Users/sparkles/Documents/CodingFiles/FullStack/expensioApp/frontend/ios/Pods/hermes-engine/destroot/Library/Frameworks/universal -F/Users/sparkles/Library/Developer/Xcode/DerivedData/Expensio-futtgngxcysvvhcljmosbeftqmyc/Build/Products/Debug-iphonesimulator/XCFrameworkIntermediates/ExpoModulesCore -F/Users/sparkles/Library/Developer/Xcode/DerivedData/Expensio-futtgngxcysvvhcljmosbeftqmyc/Build/Products/Debug-iphonesimulator/XCFrameworkIntermediates/ExpoModulesJSI -F/Users/sparkles/Library/Developer/Xcode/DerivedData/Expensio-futtgngxcysvvhcljmosbeftqmyc/Build/Products/Debug-iphonesimulator/XCFrameworkIntermediates/React-Core-prebuilt -F/Users/sparkles/Library/Developer/Xcode/DerivedData/Expensio-futtgngxcysvvhcljmosbeftqmyc/Build/Products/Debug-iphonesimulator/XCFrameworkIntermediates/ReactNativeDependencies -F/Users/sparkles/Library/Developer/Xcode/DerivedData/Expensio-futtgngxcysvvhcljmosbeftqmyc/Build/Products/Debug-iphonesimulator/XCFrameworkIntermediates/hermes-engine/Pre-built '-DRCT_REMOVE_LEGACY_ARCH=1' '-fmodule-map-file=/Users/sparkles/Documents/CodingFiles/FullStack/expensioApp/frontend/ios/Pods/Headers/Public/ReactCodegen/ReactCodegen.modulemap'

WriteAuxiliaryFile /Users/sparkles/Library/Developer/Xcode/DerivedData/Expensio-futtgngxcysvvhcljmosbeftqmyc/Build/Intermediates.noindex/Pods.build/Debug-iphonesimulator/EXConstants.build/Objects-normal/arm64/EXConstants_const_extract_protocols.json (in target 'EXConstants' from project 'Pods')
    cd /Users/sparkles/Documents/CodingFiles/FullStack/expensioApp/frontend/ios/Pods
    write-file /Users/sparkles/Library/Developer/Xcode/DerivedData/Expensio-futtgngxcysvvhcljmosbeftqmyc/Build/Intermediates.noindex/Pods.build/Debug-iphonesimulator/EXConstants.build/Objects-normal/arm64/EXConstants_const_extract_protocols.json

WriteAuxiliaryFile /Users/sparkles/Library/Developer/Xcode/DerivedData/Expensio-futtgngxcysvvhcljmosbeftqmyc/Build/Intermediates.noindex/Pods.build/Debug-iphonesimulator/EXConstants.build/Objects-normal/arm64/EXConstants.SwiftFileList (in target 'EXConstants' from project 'Pods')
    cd /Users/sparkles/Documents/CodingFiles/FullStack/expensioApp/frontend/ios/Pods
    write-file /Users/sparkles/Library/Developer/Xcode/DerivedData/Expensio-futtgngxcysvvhcljmosbeftqmyc/Build/Intermediates.noindex/Pods.build/Debug-iphonesimulator/EXConstants.build/Objects-normal/arm64/EXConstants.SwiftFileList

WriteAuxiliaryFile /Users/sparkles/Library/Developer/Xcode/DerivedData/Expensio-futtgngxcysvvhcljmosbeftqmyc/Build/Intermediates.noindex/Pods.build/Debug-iphonesimulator/EXConstants.build/Objects-normal/arm64/EXConstants.SwiftConstValuesFileList (in target 'EXConstants' from project 'Pods')
    cd /Users/sparkles/Documents/CodingFiles/FullStack/expensioApp/frontend/ios/Pods
    write-file /Users/sparkles/Library/Developer/Xcode/DerivedData/Expensio-futtgngxcysvvhcljmosbeftqmyc/Build/Intermediates.noindex/Pods.build/Debug-iphonesimulator/EXConstants.build/Objects-normal/arm64/EXConstants.SwiftConstValuesFileList

WriteAuxiliaryFile /Users/sparkles/Library/Developer/Xcode/DerivedData/Expensio-futtgngxcysvvhcljmosbeftqmyc/Build/Intermediates.noindex/Pods.build/Debug-iphonesimulator/EXConstants.build/Objects-normal/arm64/EXConstants.LinkFileList (in target 'EXConstants' from project 'Pods')
    cd /Users/sparkles/Documents/CodingFiles/FullStack/expensioApp/frontend/ios/Pods
    write-file /Users/sparkles/Library/Developer/Xcode/DerivedData/Expensio-futtgngxcysvvhcljmosbeftqmyc/Build/Intermediates.noindex/Pods.build/Debug-iphonesimulator/EXConstants.build/Objects-normal/arm64/EXConstants.LinkFileList

WriteAuxiliaryFile /Users/sparkles/Library/Developer/Xcode/DerivedData/Expensio-futtgngxcysvvhcljmosbeftqmyc/Build/Intermediates.noindex/Pods.build/Debug-iphonesimulator/EXConstants.build/Objects-normal/arm64/EXConstants-OutputFileMap.json (in target 'EXConstants' from project 'Pods')
    cd /Users/sparkles/Documents/CodingFiles/FullStack/expensioApp/frontend/ios/Pods
    write-file /Users/sparkles/Library/Developer/Xcode/DerivedData/Expensio-futtgngxcysvvhcljmosbeftqmyc/Build/Intermediates.noindex/Pods.build/Debug-iphonesimulator/EXConstants.build/Objects-normal/arm64/EXConstants-OutputFileMap.json

WriteAuxiliaryFile /Users/sparkles/Library/Developer/Xcode/DerivedData/Expensio-futtgngxcysvvhcljmosbeftqmyc/Build/Intermediates.noindex/Pods.build/Debug-iphonesimulator/EXConstants.build/EXConstants.hmap (in target 'EXConstants' from project 'Pods')
    cd /Users/sparkles/Documents/CodingFiles/FullStack/expensioApp/frontend/ios/Pods
    write-file /Users/sparkles/Library/Developer/Xcode/DerivedData/Expensio-futtgngxcysvvhcljmosbeftqmyc/Build/Intermediates.noindex/Pods.build/Debug-iphonesimulator/EXConstants.build/EXConstants.hmap

WriteAuxiliaryFile /Users/sparkles/Library/Developer/Xcode/DerivedData/Expensio-futtgngxcysvvhcljmosbeftqmyc/Build/Intermediates.noindex/Pods.build/Debug-iphonesimulator/EXConstants.build/EXConstants.DependencyStaticMetadataFileList (in target 'EXConstants' from project 'Pods')
    cd /Users/sparkles/Documents/CodingFiles/FullStack/expensioApp/frontend/ios/Pods
    write-file /Users/sparkles/Library/Developer/Xcode/DerivedData/Expensio-futtgngxcysvvhcljmosbeftqmyc/Build/Intermediates.noindex/Pods.build/Debug-iphonesimulator/EXConstants.build/EXConstants.DependencyStaticMetadataFileList

WriteAuxiliaryFile /Users/sparkles/Library/Developer/Xcode/DerivedData/Expensio-futtgngxcysvvhcljmosbeftqmyc/Build/Intermediates.noindex/Pods.build/Debug-iphonesimulator/EXConstants.build/EXConstants.DependencyMetadataFileList (in target 'EXConstants' from project 'Pods')
    cd /Users/sparkles/Documents/CodingFiles/FullStack/expensioApp/frontend/ios/Pods
    write-file /Users/sparkles/Library/Developer/Xcode/DerivedData/Expensio-futtgngxcysvvhcljmosbeftqmyc/Build/Intermediates.noindex/Pods.build/Debug-iphonesimulator/EXConstants.build/EXConstants.DependencyMetadataFileList

WriteAuxiliaryFile /Users/sparkles/Library/Developer/Xcode/DerivedData/Expensio-futtgngxcysvvhcljmosbeftqmyc/Build/Intermediates.noindex/Pods.build/Debug-iphonesimulator/EXConstants.build/EXConstants-project-headers.hmap (in target 'EXConstants' from project 'Pods')
    cd /Users/sparkles/Documents/CodingFiles/FullStack/expensioApp/frontend/ios/Pods
    write-file /Users/sparkles/Library/Developer/Xcode/DerivedData/Expensio-futtgngxcysvvhcljmosbeftqmyc/Build/Intermediates.noindex/Pods.build/Debug-iphonesimulator/EXConstants.build/EXConstants-project-headers.hmap

WriteAuxiliaryFile /Users/sparkles/Library/Developer/Xcode/DerivedData/Expensio-futtgngxcysvvhcljmosbeftqmyc/Build/Intermediates.noindex/Pods.build/Debug-iphonesimulator/EXConstants.build/EXConstants-generated-files.hmap (in target 'EXConstants' from project 'Pods')
    cd /Users/sparkles/Documents/CodingFiles/FullStack/expensioApp/frontend/ios/Pods
    write-file /Users/sparkles/Library/Developer/Xcode/DerivedData/Expensio-futtgngxcysvvhcljmosbeftqmyc/Build/Intermediates.noindex/Pods.build/Debug-iphonesimulator/EXConstants.build/EXConstants-generated-files.hmap

WriteAuxiliaryFile /Users/sparkles/Library/Developer/Xcode/DerivedData/Expensio-futtgngxcysvvhcljmosbeftqmyc/Build/Intermediates.noindex/Pods.build/Debug-iphonesimulator/EXConstants.build/EXConstants-own-target-headers.hmap (in target 'EXConstants' from project 'Pods')
    cd /Users/sparkles/Documents/CodingFiles/FullStack/expensioApp/frontend/ios/Pods
    write-file /Users/sparkles/Library/Developer/Xcode/DerivedData/Expensio-futtgngxcysvvhcljmosbeftqmyc/Build/Intermediates.noindex/Pods.build/Debug-iphonesimulator/EXConstants.build/EXConstants-own-target-headers.hmap

WriteAuxiliaryFile /Users/sparkles/Library/Developer/Xcode/DerivedData/Expensio-futtgngxcysvvhcljmosbeftqmyc/Build/Intermediates.noindex/Pods.build/Debug-iphonesimulator/EXConstants.build/EXConstants-all-non-framework-target-headers.hmap (in target 'EXConstants' from project 'Pods')
    cd /Users/sparkles/Documents/CodingFiles/FullStack/expensioApp/frontend/ios/Pods
    write-file /Users/sparkles/Library/Developer/Xcode/DerivedData/Expensio-futtgngxcysvvhcljmosbeftqmyc/Build/Intermediates.noindex/Pods.build/Debug-iphonesimulator/EXConstants.build/EXConstants-all-non-framework-target-headers.hmap

WriteAuxiliaryFile /Users/sparkles/Library/Developer/Xcode/DerivedData/Expensio-futtgngxcysvvhcljmosbeftqmyc/Build/Intermediates.noindex/Pods.build/Debug-iphonesimulator/EXConstants.build/EXConstants-all-target-headers.hmap (in target 'EXConstants' from project 'Pods')
    cd /Users/sparkles/Documents/CodingFiles/FullStack/expensioApp/frontend/ios/Pods
    write-file /Users/sparkles/Library/Developer/Xcode/DerivedData/Expensio-futtgngxcysvvhcljmosbeftqmyc/Build/Intermediates.noindex/Pods.build/Debug-iphonesimulator/EXConstants.build/EXConstants-all-target-headers.hmap

WriteAuxiliaryFile /Users/sparkles/Library/Developer/Xcode/DerivedData/Expensio-futtgngxcysvvhcljmosbeftqmyc/Build/Intermediates.noindex/Pods.build/Debug-iphonesimulator/EXApplication-ExpoApplication_privacy.build/ExpoApplication_privacy.hmap (in target 'EXApplication-ExpoApplication_privacy' from project 'Pods')
    cd /Users/sparkles/Documents/CodingFiles/FullStack/expensioApp/frontend/ios/Pods
    write-file /Users/sparkles/Library/Developer/Xcode/DerivedData/Expensio-futtgngxcysvvhcljmosbeftqmyc/Build/Intermediates.noindex/Pods.build/Debug-iphonesimulator/EXApplication-ExpoApplication_privacy.build/ExpoApplication_privacy.hmap

WriteAuxiliaryFile /Users/sparkles/Library/Developer/Xcode/DerivedData/Expensio-futtgngxcysvvhcljmosbeftqmyc/Build/Intermediates.noindex/Pods.build/Debug-iphonesimulator/EXApplication-ExpoApplication_privacy.build/ExpoApplication_privacy.DependencyStaticMetadataFileList (in target 'EXApplication-ExpoApplication_privacy' from project 'Pods')
    cd /Users/sparkles/Documents/CodingFiles/FullStack/expensioApp/frontend/ios/Pods
    write-file /Users/sparkles/Library/Developer/Xcode/DerivedData/Expensio-futtgngxcysvvhcljmosbeftqmyc/Build/Intermediates.noindex/Pods.build/Debug-iphonesimulator/EXApplication-ExpoApplication_privacy.build/ExpoApplication_privacy.DependencyStaticMetadataFileList

WriteAuxiliaryFile /Users/sparkles/Library/Developer/Xcode/DerivedData/Expensio-futtgngxcysvvhcljmosbeftqmyc/Build/Intermediates.noindex/Pods.build/Debug-iphonesimulator/EXApplication-ExpoApplication_privacy.build/ExpoApplication_privacy.DependencyMetadataFileList (in target 'EXApplication-ExpoApplication_privacy' from project 'Pods')
    cd /Users/sparkles/Documents/CodingFiles/FullStack/expensioApp/frontend/ios/Pods
    write-file /Users/sparkles/Library/Developer/Xcode/DerivedData/Expensio-futtgngxcysvvhcljmosbeftqmyc/Build/Intermediates.noindex/Pods.build/Debug-iphonesimulator/EXApplication-ExpoApplication_privacy.build/ExpoApplication_privacy.DependencyMetadataFileList

WriteAuxiliaryFile /Users/sparkles/Library/Developer/Xcode/DerivedData/Expensio-futtgngxcysvvhcljmosbeftqmyc/Build/Intermediates.noindex/Pods.build/Debug-iphonesimulator/EXApplication-ExpoApplication_privacy.build/ExpoApplication_privacy-project-headers.hmap (in target 'EXApplication-ExpoApplication_privacy' from project 'Pods')
    cd /Users/sparkles/Documents/CodingFiles/FullStack/expensioApp/frontend/ios/Pods
    write-file /Users/sparkles/Library/Developer/Xcode/DerivedData/Expensio-futtgngxcysvvhcljmosbeftqmyc/Build/Intermediates.noindex/Pods.build/Debug-iphonesimulator/EXApplication-ExpoApplication_privacy.build/ExpoApplication_privacy-project-headers.hmap

WriteAuxiliaryFile /Users/sparkles/Library/Developer/Xcode/DerivedData/Expensio-futtgngxcysvvhcljmosbeftqmyc/Build/Intermediates.noindex/Pods.build/Debug-iphonesimulator/EXApplication-ExpoApplication_privacy.build/ExpoApplication_privacy-own-target-headers.hmap (in target 'EXApplication-ExpoApplication_privacy' from project 'Pods')
    cd /Users/sparkles/Documents/CodingFiles/FullStack/expensioApp/frontend/ios/Pods
    write-file /Users/sparkles/Library/Developer/Xcode/DerivedData/Expensio-futtgngxcysvvhcljmosbeftqmyc/Build/Intermediates.noindex/Pods.build/Debug-iphonesimulator/EXApplication-ExpoApplication_privacy.build/ExpoApplication_privacy-own-target-headers.hmap

WriteAuxiliaryFile /Users/sparkles/Library/Developer/Xcode/DerivedData/Expensio-futtgngxcysvvhcljmosbeftqmyc/Build/Intermediates.noindex/Pods.build/Debug-iphonesimulator/EXApplication-ExpoApplication_privacy.build/ExpoApplication_privacy-all-target-headers.hmap (in target 'EXApplication-ExpoApplication_privacy' from project 'Pods')
    cd /Users/sparkles/Documents/CodingFiles/FullStack/expensioApp/frontend/ios/Pods
    write-file /Users/sparkles/Library/Developer/Xcode/DerivedData/Expensio-futtgngxcysvvhcljmosbeftqmyc/Build/Intermediates.noindex/Pods.build/Debug-iphonesimulator/EXApplication-ExpoApplication_privacy.build/ExpoApplication_privacy-all-target-headers.hmap

WriteAuxiliaryFile /Users/sparkles/Library/Developer/Xcode/DerivedData/Expensio-futtgngxcysvvhcljmosbeftqmyc/Build/Intermediates.noindex/Pods.build/Debug-iphonesimulator/EXApplication-ExpoApplication_privacy.build/ExpoApplication_privacy-generated-files.hmap (in target 'EXApplication-ExpoApplication_privacy' from project 'Pods')
    cd /Users/sparkles/Documents/CodingFiles/FullStack/expensioApp/frontend/ios/Pods
    write-file /Users/sparkles/Library/Developer/Xcode/DerivedData/Expensio-futtgngxcysvvhcljmosbeftqmyc/Build/Intermediates.noindex/Pods.build/Debug-iphonesimulator/EXApplication-ExpoApplication_privacy.build/ExpoApplication_privacy-generated-files.hmap

WriteAuxiliaryFile /Users/sparkles/Library/Developer/Xcode/DerivedData/Expensio-futtgngxcysvvhcljmosbeftqmyc/Build/Intermediates.noindex/Pods.build/Debug-iphonesimulator/EXApplication-ExpoApplication_privacy.build/ExpoApplication_privacy-all-non-framework-target-headers.hmap (in target 'EXApplication-ExpoApplication_privacy' from project 'Pods')
    cd /Users/sparkles/Documents/CodingFiles/FullStack/expensioApp/frontend/ios/Pods
    write-file /Users/sparkles/Library/Developer/Xcode/DerivedData/Expensio-futtgngxcysvvhcljmosbeftqmyc/Build/Intermediates.noindex/Pods.build/Debug-iphonesimulator/EXApplication-ExpoApplication_privacy.build/ExpoApplication_privacy-all-non-framework-target-headers.hmap

WriteAuxiliaryFile /Users/sparkles/Library/Developer/Xcode/DerivedData/Expensio-futtgngxcysvvhcljmosbeftqmyc/Build/Intermediates.noindex/Pods.build/Debug-iphonesimulator/EXApplication.build/Script-46EB2E00014750.sh (in target 'EXApplication' from project 'Pods')
    cd /Users/sparkles/Documents/CodingFiles/FullStack/expensioApp/frontend/ios/Pods
    write-file /Users/sparkles/Library/Developer/Xcode/DerivedData/Expensio-futtgngxcysvvhcljmosbeftqmyc/Build/Intermediates.noindex/Pods.build/Debug-iphonesimulator/EXApplication.build/Script-46EB2E00014750.sh

WriteAuxiliaryFile /Users/sparkles/Library/Developer/Xcode/DerivedData/Expensio-futtgngxcysvvhcljmosbeftqmyc/Build/Intermediates.noindex/Pods.build/Debug-iphonesimulator/EXApplication.build/Objects-normal/x86_64/e6072d4f65d7061329687fe24e3d63a7-common-args.resp (in target 'EXApplication' from project 'Pods')
    cd /Users/sparkles/Documents/CodingFiles/FullStack/expensioApp/frontend/ios/Pods
    write-file /Users/sparkles/Library/Developer/Xcode/DerivedData/Expensio-futtgngxcysvvhcljmosbeftqmyc/Build/Intermediates.noindex/Pods.build/Debug-iphonesimulator/EXApplication.build/Objects-normal/x86_64/e6072d4f65d7061329687fe24e3d63a7-common-args.resp
'-std=gnu11' -fobjc-arc -fmodules '-fmodules-cache-path=/Users/sparkles/Library/Developer/Xcode/DerivedData/ModuleCache.noindex' '-fmodule-name=EXApplication' -fpascal-strings -O0 -fno-common '-DPOD_CONFIGURATION_DEBUG=1' '-DDEBUG=1' '-DCOCOAPODS=1' '-DOBJC_OLD_DISPATCH_PROTOTYPES=0' -fasm-blocks -g '-fobjc-abi-version=2' -fobjc-legacy-dispatch -iquote /Users/sparkles/Library/Developer/Xcode/DerivedData/Expensio-futtgngxcysvvhcljmosbeftqmyc/Build/Intermediates.noindex/Pods.build/Debug-iphonesimulator/EXApplication.build/EXApplication-generated-files.hmap -I/Users/sparkles/Library/Developer/Xcode/DerivedData/Expensio-futtgngxcysvvhcljmosbeftqmyc/Build/Intermediates.noindex/Pods.build/Debug-iphonesimulator/EXApplication.build/EXApplication-own-target-headers.hmap -I/Users/sparkles/Library/Developer/Xcode/DerivedData/Expensio-futtgngxcysvvhcljmosbeftqmyc/Build/Intermediates.noindex/Pods.build/Debug-iphonesimulator/EXApplication.build/EXApplication-all-non-framework-target-headers.hmap -ivfsoverlay /Users/sparkles/Library/Developer/Xcode/DerivedData/Expensio-futtgngxcysvvhcljmosbeftqmyc/Build/Intermediates.noindex/Pods.build/Debug-iphonesimulator/Pods-8699adb1dd336b26511df848a716bd42-VFS-iphonesimulator/all-product-headers.yaml -iquote /Users/sparkles/Library/Developer/Xcode/DerivedData/Expensio-futtgngxcysvvhcljmosbeftqmyc/Build/Intermediates.noindex/Pods.build/Debug-iphonesimulator/EXApplication.build/EXApplication-project-headers.hmap -I/Users/sparkles/Library/Developer/Xcode/DerivedData/Expensio-futtgngxcysvvhcljmosbeftqmyc/Build/Products/Debug-iphonesimulator/EXApplication/include -I/Users/sparkles/Documents/CodingFiles/FullStack/expensioApp/frontend/ios/Pods/Headers/Private -I/Users/sparkles/Documents/CodingFiles/FullStack/expensioApp/frontend/ios/Pods/Headers/Private/EXApplication -I/Users/sparkles/Documents/CodingFiles/FullStack/expensioApp/frontend/ios/Pods/Headers/Public -I/Users/sparkles/Documents/CodingFiles/FullStack/expensioApp/frontend/ios/Pods/Headers/Public/FBLazyVector -I/Users/sparkles/Documents/CodingFiles/FullStack/expensioApp/frontend/ios/Pods/Headers/Public/RCTRequired -I/Users/sparkles/Documents/CodingFiles/FullStack/expensioApp/frontend/ios/Pods/Headers/Public/RCTSwiftUIWrapper -I/Users/sparkles/Documents/CodingFiles/FullStack/expensioApp/frontend/ios/Pods/Headers/Public/RCTTypeSafety -I/Users/sparkles/Documents/CodingFiles/FullStack/expensioApp/frontend/ios/Pods/Headers/Public/React-Core -I/Users/sparkles/Documents/CodingFiles/FullStack/expensioApp/frontend/ios/Pods/Headers/Public/React-Core-prebuilt -I/Users/sparkles/Documents/CodingFiles/FullStack/expensioApp/frontend/ios/Pods/Headers/Public/React-CoreModules -I/Users/sparkles/Documents/CodingFiles/FullStack/expensioApp/frontend/ios/Pods/Headers/Public/React-Fabric -I/Users/sparkles/Documents/CodingFiles/FullStack/expensioApp/frontend/ios/Pods/Headers/Public/React-FabricComponents -I/Users/sparkles/Documents/CodingFiles/FullStack/expensioApp/frontend/ios/Pods/Headers/Public/React-FabricImage -I/Users/sparkles/Documents/CodingFiles/FullStack/expensioApp/frontend/ios/Pods/Headers/Public/React-ImageManager -I/Users/sparkles/Documents/CodingFiles/FullStack/expensioApp/frontend/ios/Pods/Headers/Public/React-Mapbuffer -I/Users/sparkles/Documents/CodingFiles/FullStack/expensioApp/frontend/ios/Pods/Headers/Public/React-NativeModulesApple -I/Users/sparkles/Documents/CodingFiles/FullStack/expensioApp/frontend/ios/Pods/Headers/Public/React-RCTAnimation -I/Users/sparkles/Documents/CodingFiles/FullStack/expensioApp/frontend/ios/Pods/Headers/Public/React-RCTBlob -I/Users/sparkles/Documents/CodingFiles/FullStack/expensioApp/frontend/ios/Pods/Headers/Public/React-RCTFBReactNativeSpec -I/Users/sparkles/Documents/CodingFiles/FullStack/expensioApp/frontend/ios/Pods/Headers/Public/React-RCTFabric -I/Users/sparkles/Documents/CodingFiles/FullStack/expensioApp/frontend/ios/Pods/Headers/Public/React-RCTImage -I/Users/sparkles/Documents/CodingFiles/FullStack/expensioApp/frontend/ios/Pods/Headers/Public/React-RCTRuntime -I/Users/sparkles/Documents/CodingFiles/FullStack/expensioApp/frontend/ios/Pods/Headers/Public/React-RCTText -I/Users/sparkles/Documents/CodingFiles/FullStack/expensioApp/frontend/ios/Pods/Headers/Public/React-RuntimeApple -I/Users/sparkles/Documents/CodingFiles/FullStack/expensioApp/frontend/ios/Pods/Headers/Public/React-RuntimeCore -I/Users/sparkles/Documents/CodingFiles/FullStack/expensioApp/frontend/ios/Pods/Headers/Public/React-RuntimeHermes -I/Users/sparkles/Documents/CodingFiles/FullStack/expensioApp/frontend/ios/Pods/Headers/Public/React-callinvoker -I/Users/sparkles/Documents/CodingFiles/FullStack/expensioApp/frontend/ios/Pods/Headers/Public/React-cxxreact -I/Users/sparkles/Documents/CodingFiles/FullStack/expensioApp/frontend/ios/Pods/Headers/Public/React-debug -I/Users/sparkles/Documents/CodingFiles/FullStack/expensioApp/frontend/ios/Pods/Headers/Public/React-defaultsnativemodule -I/Users/sparkles/Documents/CodingFiles/FullStack/expensioApp/frontend/ios/Pods/Headers/Public/React-domnativemodule -I/Users/sparkles/Documents/CodingFiles/FullStack/expensioApp/frontend/ios/Pods/Headers/Public/React-featureflags -I/Users/sparkles/Documents/CodingFiles/FullStack/expensioApp/frontend/ios/Pods/Headers/Public/React-featureflagsnativemodule -I/Users/sparkles/Documents/CodingFiles/FullStack/expensioApp/frontend/ios/Pods/Headers/Public/React-graphics -I/Users/sparkles/Documents/CodingFiles/FullStack/expensioApp/frontend/ios/Pods/Headers/Public/React-hermes -I/Users/sparkles/Documents/CodingFiles/FullStack/expensioApp/frontend/ios/Pods/Headers/Public/React-idlecallbacksnativemodule -I/Users/sparkles/Documents/CodingFiles/FullStack/expensioApp/frontend/ios/Pods/Headers/Public/React-intersectionobservernativemodule -I/Users/sparkles/Documents/CodingFiles/FullStack/expensioApp/frontend/ios/Pods/Headers/Public/React-jserrorhandler -I/Users/sparkles/Documents/CodingFiles/FullStack/expensioApp/frontend/ios/Pods/Headers/Public/React-jsi -I/Users/sparkles/Documents/CodingFiles/FullStack/expensioApp/frontend/ios/Pods/Headers/Public/React-jsiexecutor -I/Users/sparkles/Documents/CodingFiles/FullStack/expensioApp/frontend/ios/Pods/Headers/Public/React-jsinspector -I/Users/sparkles/Documents/CodingFiles/FullStack/expensioApp/frontend/ios/Pods/Headers/Public/React-jsinspectorcdp -I/Users/sparkles/Documents/CodingFiles/FullStack/expensioApp/frontend/ios/Pods/Headers/Public/React-jsinspectornetwork -I/Users/sparkles/Documents/CodingFiles/FullStack/expensioApp/frontend/ios/Pods/Headers/Public/React-jsinspectortracing -I/Users/sparkles/Documents/CodingFiles/FullStack/expensioApp/frontend/ios/Pods/Headers/Public/React-jsitooling -I/Users/sparkles/Documents/CodingFiles/FullStack/expensioApp/frontend/ios/Pods/Headers/Public/React-logger -I/Users/sparkles/Documents/CodingFiles/FullStack/expensioApp/frontend/ios/Pods/Headers/Public/React-microtasksnativemodule -I/Users/sparkles/Documents/CodingFiles/FullStack/expensioApp/frontend/ios/Pods/Headers/Public/React-mutationobservernativemodule -I/Users/sparkles/Documents/CodingFiles/FullStack/expensioApp/frontend/ios/Pods/Headers/Public/React-networking -I/Users/sparkles/Documents/CodingFiles/FullStack/expensioApp/frontend/ios/Pods/Headers/Public/React-oscompat -I/Users/sparkles/Documents/CodingFiles/FullStack/expensioApp/frontend/ios/Pods/Headers/Public/React-perflogger -I/Users/sparkles/Documents/CodingFiles/FullStack/expensioApp/frontend/ios/Pods/Headers/Public/React-performancecdpmetrics -I/Users/sparkles/Documents/CodingFiles/FullStack/expensioApp/frontend/ios/Pods/Headers/Public/React-performancetimeline -I/Users/sparkles/Documents/CodingFiles/FullStack/expensioApp/frontend/ios/Pods/Headers/Public/React-rendererconsistency -I/Users/sparkles/Documents/CodingFiles/FullStack/expensioApp/frontend/ios/Pods/Headers/Public/React-renderercss -I/Users/sparkles/Documents/CodingFiles/FullStack/expensioApp/frontend/ios/Pods/Headers/Public/React-rendererdebug -I/Users/sparkles/Documents/CodingFiles/FullStack/expensioApp/frontend/ios/Pods/Headers/Public/React-runtimeexecutor -I/Users/sparkles/Documents/CodingFiles/FullStack/expensioApp/frontend/ios/Pods/Headers/Public/React-runtimescheduler -I/Users/sparkles/Documents/CodingFiles/FullStack/expensioApp/frontend/ios/Pods/Headers/Public/React-timing -I/Users/sparkles/Documents/CodingFiles/FullStack/expensioApp/frontend/ios/Pods/Headers/Public/React-utils -I/Users/sparkles/Documents/CodingFiles/FullStack/expensioApp/frontend/ios/Pods/Headers/Public/React-viewtransitionnativemodule -I/Users/sparkles/Documents/CodingFiles/FullStack/expensioApp/frontend/ios/Pods/Headers/Public/React-webperformancenativemodule -I/Users/sparkles/Documents/CodingFiles/FullStack/expensioApp/frontend/ios/Pods/Headers/Public/ReactCodegen -I/Users/sparkles/Documents/CodingFiles/FullStack/expensioApp/frontend/ios/Pods/Headers/Public/ReactCommon -I/Users/sparkles/Documents/CodingFiles/FullStack/expensioApp/frontend/ios/Pods/Headers/Public/ReactNativeDependencies -I/Users/sparkles/Documents/CodingFiles/FullStack/expensioApp/frontend/ios/Pods/Headers/Public/Yoga -I/Users/sparkles/Documents/CodingFiles/FullStack/expensioApp/frontend/ios/Pods/Headers/Public/hermes-engine -I/Users/sparkles/Documents/CodingFiles/FullStack/expensioApp/frontend/ios/Pods/ExpoModulesCore/ExpoModulesCore.xcframework/ios-arm64_x86_64-simulator/ExpoModulesCore.framework/Headers -I/Users/sparkles/Documents/CodingFiles/FullStack/expensioApp/frontend/ios/Pods/ExpoModulesCore/ExpoModulesCore.xcframework/ios-arm64/ExpoModulesCore.framework/Headers -I/Users/sparkles/Documents/CodingFiles/FullStack/expensioApp/frontend/ios/Pods/ExpoModulesCore/ExpoModulesCore.xcframework/ios-arm64_x86_64-simulator/ExpoModulesCore.framework/Headers -I/Users/sparkles/Documents/CodingFiles/FullStack/expensioApp/frontend/ios/Pods/ExpoModulesCore/ExpoModulesCore.xcframework/ios-arm64/ExpoModulesCore.framework/Headers -I/Users/sparkles/Library/Developer/Xcode/DerivedData/Expensio-futtgngxcysvvhcljmosbeftqmyc/Build/Intermediates.noindex/Pods.build/Debug-iphonesimulator/EXApplication.build/DerivedSources-normal/x86_64 -I/Users/sparkles/Library/Developer/Xcode/DerivedData/Expensio-futtgngxcysvvhcljmosbeftqmyc/Build/Intermediates.noindex/Pods.build/Debug-iphonesimulator/EXApplication.build/DerivedSources/x86_64 -I/Users/sparkles/Library/Developer/Xcode/DerivedData/Expensio-futtgngxcysvvhcljmosbeftqmyc/Build/Intermediates.noindex/Pods.build/Debug-iphonesimulator/EXApplication.build/DerivedSources -F/Users/sparkles/Library/Developer/Xcode/DerivedData/Expensio-futtgngxcysvvhcljmosbeftqmyc/Build/Products/Debug-iphonesimulator/EXApplication -F/Users/sparkles/Documents/CodingFiles/FullStack/expensioApp/frontend/node_modules/expo-modules-jsi/apple/Products -F/Users/sparkles/Documents/CodingFiles/FullStack/expensioApp/frontend/ios/Pods/ExpoModulesCore -F/Users/sparkles/Documents/CodingFiles/FullStack/expensioApp/frontend/ios/Pods/React-Core-prebuilt -F/Users/sparkles/Documents/CodingFiles/FullStack/expensioApp/frontend/ios/Pods/ReactNativeDependencies/framework/packages/react-native -F/Users/sparkles/Documents/CodingFiles/FullStack/expensioApp/frontend/ios/Pods/hermes-engine/destroot/Library/Frameworks/universal -F/Users/sparkles/Library/Developer/Xcode/DerivedData/Expensio-futtgngxcysvvhcljmosbeftqmyc/Build/Products/Debug-iphonesimulator/XCFrameworkIntermediates/ExpoModulesCore -F/Users/sparkles/Library/Developer/Xcode/DerivedData/Expensio-futtgngxcysvvhcljmosbeftqmyc/Build/Products/Debug-iphonesimulator/XCFrameworkIntermediates/ExpoModulesJSI -F/Users/sparkles/Library/Developer/Xcode/DerivedData/Expensio-futtgngxcysvvhcljmosbeftqmyc/Build/Products/Debug-iphonesimulator/XCFrameworkIntermediates/React-Core-prebuilt -F/Users/sparkles/Library/Developer/Xcode/DerivedData/Expensio-futtgngxcysvvhcljmosbeftqmyc/Build/Products/Debug-iphonesimulator/XCFrameworkIntermediates/ReactNativeDependencies -F/Users/sparkles/Library/Developer/Xcode/DerivedData/Expensio-futtgngxcysvvhcljmosbeftqmyc/Build/Products/Debug-iphonesimulator/XCFrameworkIntermediates/hermes-engine/Pre-built '-DRCT_REMOVE_LEGACY_ARCH=1' '-fmodule-map-file=/Users/sparkles/Documents/CodingFiles/FullStack/expensioApp/frontend/ios/Pods/Headers/Public/ReactCodegen/ReactCodegen.modulemap'

WriteAuxiliaryFile /Users/sparkles/Library/Developer/Xcode/DerivedData/Expensio-futtgngxcysvvhcljmosbeftqmyc/Build/Intermediates.noindex/Pods.build/Debug-iphonesimulator/EXApplication.build/Objects-normal/x86_64/EXApplication_const_extract_protocols.json (in target 'EXApplication' from project 'Pods')
    cd /Users/sparkles/Documents/CodingFiles/FullStack/expensioApp/frontend/ios/Pods
    write-file /Users/sparkles/Library/Developer/Xcode/DerivedData/Expensio-futtgngxcysvvhcljmosbeftqmyc/Build/Intermediates.noindex/Pods.build/Debug-iphonesimulator/EXApplication.build/Objects-normal/x86_64/EXApplication_const_extract_protocols.json

WriteAuxiliaryFile /Users/sparkles/Library/Developer/Xcode/DerivedData/Expensio-futtgngxcysvvhcljmosbeftqmyc/Build/Intermediates.noindex/Pods.build/Debug-iphonesimulator/EXApplication.build/Objects-normal/x86_64/EXApplication.SwiftFileList (in target 'EXApplication' from project 'Pods')
    cd /Users/sparkles/Documents/CodingFiles/FullStack/expensioApp/frontend/ios/Pods
    write-file /Users/sparkles/Library/Developer/Xcode/DerivedData/Expensio-futtgngxcysvvhcljmosbeftqmyc/Build/Intermediates.noindex/Pods.build/Debug-iphonesimulator/EXApplication.build/Objects-normal/x86_64/EXApplication.SwiftFileList

WriteAuxiliaryFile /Users/sparkles/Library/Developer/Xcode/DerivedData/Expensio-futtgngxcysvvhcljmosbeftqmyc/Build/Intermediates.noindex/Pods.build/Debug-iphonesimulator/EXApplication.build/Objects-normal/x86_64/EXApplication.SwiftConstValuesFileList (in target 'EXApplication' from project 'Pods')
    cd /Users/sparkles/Documents/CodingFiles/FullStack/expensioApp/frontend/ios/Pods
    write-file /Users/sparkles/Library/Developer/Xcode/DerivedData/Expensio-futtgngxcysvvhcljmosbeftqmyc/Build/Intermediates.noindex/Pods.build/Debug-iphonesimulator/EXApplication.build/Objects-normal/x86_64/EXApplication.SwiftConstValuesFileList

WriteAuxiliaryFile /Users/sparkles/Library/Developer/Xcode/DerivedData/Expensio-futtgngxcysvvhcljmosbeftqmyc/Build/Intermediates.noindex/Pods.build/Debug-iphonesimulator/EXApplication.build/Objects-normal/x86_64/EXApplication.LinkFileList (in target 'EXApplication' from project 'Pods')
    cd /Users/sparkles/Documents/CodingFiles/FullStack/expensioApp/frontend/ios/Pods
    write-file /Users/sparkles/Library/Developer/Xcode/DerivedData/Expensio-futtgngxcysvvhcljmosbeftqmyc/Build/Intermediates.noindex/Pods.build/Debug-iphonesimulator/EXApplication.build/Objects-normal/x86_64/EXApplication.LinkFileList

WriteAuxiliaryFile /Users/sparkles/Library/Developer/Xcode/DerivedData/Expensio-futtgngxcysvvhcljmosbeftqmyc/Build/Intermediates.noindex/Pods.build/Debug-iphonesimulator/EXApplication.build/Objects-normal/x86_64/EXApplication-OutputFileMap.json (in target 'EXApplication' from project 'Pods')
    cd /Users/sparkles/Documents/CodingFiles/FullStack/expensioApp/frontend/ios/Pods
    write-file /Users/sparkles/Library/Developer/Xcode/DerivedData/Expensio-futtgngxcysvvhcljmosbeftqmyc/Build/Intermediates.noindex/Pods.build/Debug-iphonesimulator/EXApplication.build/Objects-normal/x86_64/EXApplication-OutputFileMap.json

WriteAuxiliaryFile /Users/sparkles/Library/Developer/Xcode/DerivedData/Expensio-futtgngxcysvvhcljmosbeftqmyc/Build/Intermediates.noindex/Pods.build/Debug-iphonesimulator/EXApplication.build/Objects-normal/arm64/e6072d4f65d7061329687fe24e3d63a7-common-args.resp (in target 'EXApplication' from project 'Pods')
    cd /Users/sparkles/Documents/CodingFiles/FullStack/expensioApp/frontend/ios/Pods
    write-file /Users/sparkles/Library/Developer/Xcode/DerivedData/Expensio-futtgngxcysvvhcljmosbeftqmyc/Build/Intermediates.noindex/Pods.build/Debug-iphonesimulator/EXApplication.build/Objects-normal/arm64/e6072d4f65d7061329687fe24e3d63a7-common-args.resp
'-std=gnu11' -fobjc-arc -fmodules '-fmodules-cache-path=/Users/sparkles/Library/Developer/Xcode/DerivedData/ModuleCache.noindex' '-fmodule-name=EXApplication' -fpascal-strings -O0 -fno-common '-DPOD_CONFIGURATION_DEBUG=1' '-DDEBUG=1' '-DCOCOAPODS=1' '-DOBJC_OLD_DISPATCH_PROTOTYPES=0' -g '-fobjc-abi-version=2' -fobjc-legacy-dispatch -iquote /Users/sparkles/Library/Developer/Xcode/DerivedData/Expensio-futtgngxcysvvhcljmosbeftqmyc/Build/Intermediates.noindex/Pods.build/Debug-iphonesimulator/EXApplication.build/EXApplication-generated-files.hmap -I/Users/sparkles/Library/Developer/Xcode/DerivedData/Expensio-futtgngxcysvvhcljmosbeftqmyc/Build/Intermediates.noindex/Pods.build/Debug-iphonesimulator/EXApplication.build/EXApplication-own-target-headers.hmap -I/Users/sparkles/Library/Developer/Xcode/DerivedData/Expensio-futtgngxcysvvhcljmosbeftqmyc/Build/Intermediates.noindex/Pods.build/Debug-iphonesimulator/EXApplication.build/EXApplication-all-non-framework-target-headers.hmap -ivfsoverlay /Users/sparkles/Library/Developer/Xcode/DerivedData/Expensio-futtgngxcysvvhcljmosbeftqmyc/Build/Intermediates.noindex/Pods.build/Debug-iphonesimulator/Pods-8699adb1dd336b26511df848a716bd42-VFS-iphonesimulator/all-product-headers.yaml -iquote /Users/sparkles/Library/Developer/Xcode/DerivedData/Expensio-futtgngxcysvvhcljmosbeftqmyc/Build/Intermediates.noindex/Pods.build/Debug-iphonesimulator/EXApplication.build/EXApplication-project-headers.hmap -I/Users/sparkles/Library/Developer/Xcode/DerivedData/Expensio-futtgngxcysvvhcljmosbeftqmyc/Build/Products/Debug-iphonesimulator/EXApplication/include -I/Users/sparkles/Documents/CodingFiles/FullStack/expensioApp/frontend/ios/Pods/Headers/Private -I/Users/sparkles/Documents/CodingFiles/FullStack/expensioApp/frontend/ios/Pods/Headers/Private/EXApplication -I/Users/sparkles/Documents/CodingFiles/FullStack/expensioApp/frontend/ios/Pods/Headers/Public -I/Users/sparkles/Documents/CodingFiles/FullStack/expensioApp/frontend/ios/Pods/Headers/Public/FBLazyVector -I/Users/sparkles/Documents/CodingFiles/FullStack/expensioApp/frontend/ios/Pods/Headers/Public/RCTRequired -I/Users/sparkles/Documents/CodingFiles/FullStack/expensioApp/frontend/ios/Pods/Headers/Public/RCTSwiftUIWrapper -I/Users/sparkles/Documents/CodingFiles/FullStack/expensioApp/frontend/ios/Pods/Headers/Public/RCTTypeSafety -I/Users/sparkles/Documents/CodingFiles/FullStack/expensioApp/frontend/ios/Pods/Headers/Public/React-Core -I/Users/sparkles/Documents/CodingFiles/FullStack/expensioApp/frontend/ios/Pods/Headers/Public/React-Core-prebuilt -I/Users/sparkles/Documents/CodingFiles/FullStack/expensioApp/frontend/ios/Pods/Headers/Public/React-CoreModules -I/Users/sparkles/Documents/CodingFiles/FullStack/expensioApp/frontend/ios/Pods/Headers/Public/React-Fabric -I/Users/sparkles/Documents/CodingFiles/FullStack/expensioApp/frontend/ios/Pods/Headers/Public/React-FabricComponents -I/Users/sparkles/Documents/CodingFiles/FullStack/expensioApp/frontend/ios/Pods/Headers/Public/React-FabricImage -I/Users/sparkles/Documents/CodingFiles/FullStack/expensioApp/frontend/ios/Pods/Headers/Public/React-ImageManager -I/Users/sparkles/Documents/CodingFiles/FullStack/expensioApp/frontend/ios/Pods/Headers/Public/React-Mapbuffer -I/Users/sparkles/Documents/CodingFiles/FullStack/expensioApp/frontend/ios/Pods/Headers/Public/React-NativeModulesApple -I/Users/sparkles/Documents/CodingFiles/FullStack/expensioApp/frontend/ios/Pods/Headers/Public/React-RCTAnimation -I/Users/sparkles/Documents/CodingFiles/FullStack/expensioApp/frontend/ios/Pods/Headers/Public/React-RCTBlob -I/Users/sparkles/Documents/CodingFiles/FullStack/expensioApp/frontend/ios/Pods/Headers/Public/React-RCTFBReactNativeSpec -I/Users/sparkles/Documents/CodingFiles/FullStack/expensioApp/frontend/ios/Pods/Headers/Public/React-RCTFabric -I/Users/sparkles/Documents/CodingFiles/FullStack/expensioApp/frontend/ios/Pods/Headers/Public/React-RCTImage -I/Users/sparkles/Documents/CodingFiles/FullStack/expensioApp/frontend/ios/Pods/Headers/Public/React-RCTRuntime -I/Users/sparkles/Documents/CodingFiles/FullStack/expensioApp/frontend/ios/Pods/Headers/Public/React-RCTText -I/Users/sparkles/Documents/CodingFiles/FullStack/expensioApp/frontend/ios/Pods/Headers/Public/React-RuntimeApple -I/Users/sparkles/Documents/CodingFiles/FullStack/expensioApp/frontend/ios/Pods/Headers/Public/React-RuntimeCore -I/Users/sparkles/Documents/CodingFiles/FullStack/expensioApp/frontend/ios/Pods/Headers/Public/React-RuntimeHermes -I/Users/sparkles/Documents/CodingFiles/FullStack/expensioApp/frontend/ios/Pods/Headers/Public/React-callinvoker -I/Users/sparkles/Documents/CodingFiles/FullStack/expensioApp/frontend/ios/Pods/Headers/Public/React-cxxreact -I/Users/sparkles/Documents/CodingFiles/FullStack/expensioApp/frontend/ios/Pods/Headers/Public/React-debug -I/Users/sparkles/Documents/CodingFiles/FullStack/expensioApp/frontend/ios/Pods/Headers/Public/React-defaultsnativemodule -I/Users/sparkles/Documents/CodingFiles/FullStack/expensioApp/frontend/ios/Pods/Headers/Public/React-domnativemodule -I/Users/sparkles/Documents/CodingFiles/FullStack/expensioApp/frontend/ios/Pods/Headers/Public/React-featureflags -I/Users/sparkles/Documents/CodingFiles/FullStack/expensioApp/frontend/ios/Pods/Headers/Public/React-featureflagsnativemodule -I/Users/sparkles/Documents/CodingFiles/FullStack/expensioApp/frontend/ios/Pods/Headers/Public/React-graphics -I/Users/sparkles/Documents/CodingFiles/FullStack/expensioApp/frontend/ios/Pods/Headers/Public/React-hermes -I/Users/sparkles/Documents/CodingFiles/FullStack/expensioApp/frontend/ios/Pods/Headers/Public/React-idlecallbacksnativemodule -I/Users/sparkles/Documents/CodingFiles/FullStack/expensioApp/frontend/ios/Pods/Headers/Public/React-intersectionobservernativemodule -I/Users/sparkles/Documents/CodingFiles/FullStack/expensioApp/frontend/ios/Pods/Headers/Public/React-jserrorhandler -I/Users/sparkles/Documents/CodingFiles/FullStack/expensioApp/frontend/ios/Pods/Headers/Public/React-jsi -I/Users/sparkles/Documents/CodingFiles/FullStack/expensioApp/frontend/ios/Pods/Headers/Public/React-jsiexecutor -I/Users/sparkles/Documents/CodingFiles/FullStack/expensioApp/frontend/ios/Pods/Headers/Public/React-jsinspector -I/Users/sparkles/Documents/CodingFiles/FullStack/expensioApp/frontend/ios/Pods/Headers/Public/React-jsinspectorcdp -I/Users/sparkles/Documents/CodingFiles/FullStack/expensioApp/frontend/ios/Pods/Headers/Public/React-jsinspectornetwork -I/Users/sparkles/Documents/CodingFiles/FullStack/expensioApp/frontend/ios/Pods/Headers/Public/React-jsinspectortracing -I/Users/sparkles/Documents/CodingFiles/FullStack/expensioApp/frontend/ios/Pods/Headers/Public/React-jsitooling -I/Users/sparkles/Documents/CodingFiles/FullStack/expensioApp/frontend/ios/Pods/Headers/Public/React-logger -I/Users/sparkles/Documents/CodingFiles/FullStack/expensioApp/frontend/ios/Pods/Headers/Public/React-microtasksnativemodule -I/Users/sparkles/Documents/CodingFiles/FullStack/expensioApp/frontend/ios/Pods/Headers/Public/React-mutationobservernativemodule -I/Users/sparkles/Documents/CodingFiles/FullStack/expensioApp/frontend/ios/Pods/Headers/Public/React-networking -I/Users/sparkles/Documents/CodingFiles/FullStack/expensioApp/frontend/ios/Pods/Headers/Public/React-oscompat -I/Users/sparkles/Documents/CodingFiles/FullStack/expensioApp/frontend/ios/Pods/Headers/Public/React-perflogger -I/Users/sparkles/Documents/CodingFiles/FullStack/expensioApp/frontend/ios/Pods/Headers/Public/React-performancecdpmetrics -I/Users/sparkles/Documents/CodingFiles/FullStack/expensioApp/frontend/ios/Pods/Headers/Public/React-performancetimeline -I/Users/sparkles/Documents/CodingFiles/FullStack/expensioApp/frontend/ios/Pods/Headers/Public/React-rendererconsistency -I/Users/sparkles/Documents/CodingFiles/FullStack/expensioApp/frontend/ios/Pods/Headers/Public/React-renderercss -I/Users/sparkles/Documents/CodingFiles/FullStack/expensioApp/frontend/ios/Pods/Headers/Public/React-rendererdebug -I/Users/sparkles/Documents/CodingFiles/FullStack/expensioApp/frontend/ios/Pods/Headers/Public/React-runtimeexecutor -I/Users/sparkles/Documents/CodingFiles/FullStack/expensioApp/frontend/ios/Pods/Headers/Public/React-runtimescheduler -I/Users/sparkles/Documents/CodingFiles/FullStack/expensioApp/frontend/ios/Pods/Headers/Public/React-timing -I/Users/sparkles/Documents/CodingFiles/FullStack/expensioApp/frontend/ios/Pods/Headers/Public/React-utils -I/Users/sparkles/Documents/CodingFiles/FullStack/expensioApp/frontend/ios/Pods/Headers/Public/React-viewtransitionnativemodule -I/Users/sparkles/Documents/CodingFiles/FullStack/expensioApp/frontend/ios/Pods/Headers/Public/React-webperformancenativemodule -I/Users/sparkles/Documents/CodingFiles/FullStack/expensioApp/frontend/ios/Pods/Headers/Public/ReactCodegen -I/Users/sparkles/Documents/CodingFiles/FullStack/expensioApp/frontend/ios/Pods/Headers/Public/ReactCommon -I/Users/sparkles/Documents/CodingFiles/FullStack/expensioApp/frontend/ios/Pods/Headers/Public/ReactNativeDependencies -I/Users/sparkles/Documents/CodingFiles/FullStack/expensioApp/frontend/ios/Pods/Headers/Public/Yoga -I/Users/sparkles/Documents/CodingFiles/FullStack/expensioApp/frontend/ios/Pods/Headers/Public/hermes-engine -I/Users/sparkles/Documents/CodingFiles/FullStack/expensioApp/frontend/ios/Pods/ExpoModulesCore/ExpoModulesCore.xcframework/ios-arm64_x86_64-simulator/ExpoModulesCore.framework/Headers -I/Users/sparkles/Documents/CodingFiles/FullStack/expensioApp/frontend/ios/Pods/ExpoModulesCore/ExpoModulesCore.xcframework/ios-arm64/ExpoModulesCore.framework/Headers -I/Users/sparkles/Documents/CodingFiles/FullStack/expensioApp/frontend/ios/Pods/ExpoModulesCore/ExpoModulesCore.xcframework/ios-arm64_x86_64-simulator/ExpoModulesCore.framework/Headers -I/Users/sparkles/Documents/CodingFiles/FullStack/expensioApp/frontend/ios/Pods/ExpoModulesCore/ExpoModulesCore.xcframework/ios-arm64/ExpoModulesCore.framework/Headers -I/Users/sparkles/Library/Developer/Xcode/DerivedData/Expensio-futtgngxcysvvhcljmosbeftqmyc/Build/Intermediates.noindex/Pods.build/Debug-iphonesimulator/EXApplication.build/DerivedSources-normal/arm64 -I/Users/sparkles/Library/Developer/Xcode/DerivedData/Expensio-futtgngxcysvvhcljmosbeftqmyc/Build/Intermediates.noindex/Pods.build/Debug-iphonesimulator/EXApplication.build/DerivedSources/arm64 -I/Users/sparkles/Library/Developer/Xcode/DerivedData/Expensio-futtgngxcysvvhcljmosbeftqmyc/Build/Intermediates.noindex/Pods.build/Debug-iphonesimulator/EXApplication.build/DerivedSources -F/Users/sparkles/Library/Developer/Xcode/DerivedData/Expensio-futtgngxcysvvhcljmosbeftqmyc/Build/Products/Debug-iphonesimulator/EXApplication -F/Users/sparkles/Documents/CodingFiles/FullStack/expensioApp/frontend/node_modules/expo-modules-jsi/apple/Products -F/Users/sparkles/Documents/CodingFiles/FullStack/expensioApp/frontend/ios/Pods/ExpoModulesCore -F/Users/sparkles/Documents/CodingFiles/FullStack/expensioApp/frontend/ios/Pods/React-Core-prebuilt -F/Users/sparkles/Documents/CodingFiles/FullStack/expensioApp/frontend/ios/Pods/ReactNativeDependencies/framework/packages/react-native -F/Users/sparkles/Documents/CodingFiles/FullStack/expensioApp/frontend/ios/Pods/hermes-engine/destroot/Library/Frameworks/universal -F/Users/sparkles/Library/Developer/Xcode/DerivedData/Expensio-futtgngxcysvvhcljmosbeftqmyc/Build/Products/Debug-iphonesimulator/XCFrameworkIntermediates/ExpoModulesCore -F/Users/sparkles/Library/Developer/Xcode/DerivedData/Expensio-futtgngxcysvvhcljmosbeftqmyc/Build/Products/Debug-iphonesimulator/XCFrameworkIntermediates/ExpoModulesJSI -F/Users/sparkles/Library/Developer/Xcode/DerivedData/Expensio-futtgngxcysvvhcljmosbeftqmyc/Build/Products/Debug-iphonesimulator/XCFrameworkIntermediates/React-Core-prebuilt -F/Users/sparkles/Library/Developer/Xcode/DerivedData/Expensio-futtgngxcysvvhcljmosbeftqmyc/Build/Products/Debug-iphonesimulator/XCFrameworkIntermediates/ReactNativeDependencies -F/Users/sparkles/Library/Developer/Xcode/DerivedData/Expensio-futtgngxcysvvhcljmosbeftqmyc/Build/Products/Debug-iphonesimulator/XCFrameworkIntermediates/hermes-engine/Pre-built '-DRCT_REMOVE_LEGACY_ARCH=1' '-fmodule-map-file=/Users/sparkles/Documents/CodingFiles/FullStack/expensioApp/frontend/ios/Pods/Headers/Public/ReactCodegen/ReactCodegen.modulemap'

WriteAuxiliaryFile /Users/sparkles/Library/Developer/Xcode/DerivedData/Expensio-futtgngxcysvvhcljmosbeftqmyc/Build/Intermediates.noindex/Pods.build/Debug-iphonesimulator/EXApplication.build/Objects-normal/arm64/EXApplication_const_extract_protocols.json (in target 'EXApplication' from project 'Pods')
    cd /Users/sparkles/Documents/CodingFiles/FullStack/expensioApp/frontend/ios/Pods
    write-file /Users/sparkles/Library/Developer/Xcode/DerivedData/Expensio-futtgngxcysvvhcljmosbeftqmyc/Build/Intermediates.noindex/Pods.build/Debug-iphonesimulator/EXApplication.build/Objects-normal/arm64/EXApplication_const_extract_protocols.json

WriteAuxiliaryFile /Users/sparkles/Library/Developer/Xcode/DerivedData/Expensio-futtgngxcysvvhcljmosbeftqmyc/Build/Intermediates.noindex/Pods.build/Debug-iphonesimulator/EXApplication.build/Objects-normal/arm64/EXApplication.SwiftFileList (in target 'EXApplication' from project 'Pods')
    cd /Users/sparkles/Documents/CodingFiles/FullStack/expensioApp/frontend/ios/Pods
    write-file /Users/sparkles/Library/Developer/Xcode/DerivedData/Expensio-futtgngxcysvvhcljmosbeftqmyc/Build/Intermediates.noindex/Pods.build/Debug-iphonesimulator/EXApplication.build/Objects-normal/arm64/EXApplication.SwiftFileList

WriteAuxiliaryFile /Users/sparkles/Library/Developer/Xcode/DerivedData/Expensio-futtgngxcysvvhcljmosbeftqmyc/Build/Intermediates.noindex/Pods.build/Debug-iphonesimulator/EXApplication.build/Objects-normal/arm64/EXApplication.SwiftConstValuesFileList (in target 'EXApplication' from project 'Pods')
    cd /Users/sparkles/Documents/CodingFiles/FullStack/expensioApp/frontend/ios/Pods
    write-file /Users/sparkles/Library/Developer/Xcode/DerivedData/Expensio-futtgngxcysvvhcljmosbeftqmyc/Build/Intermediates.noindex/Pods.build/Debug-iphonesimulator/EXApplication.build/Objects-normal/arm64/EXApplication.SwiftConstValuesFileList

WriteAuxiliaryFile /Users/sparkles/Library/Developer/Xcode/DerivedData/Expensio-futtgngxcysvvhcljmosbeftqmyc/Build/Intermediates.noindex/Pods.build/Debug-iphonesimulator/EXApplication.build/Objects-normal/arm64/EXApplication.LinkFileList (in target 'EXApplication' from project 'Pods')
    cd /Users/sparkles/Documents/CodingFiles/FullStack/expensioApp/frontend/ios/Pods
    write-file /Users/sparkles/Library/Developer/Xcode/DerivedData/Expensio-futtgngxcysvvhcljmosbeftqmyc/Build/Intermediates.noindex/Pods.build/Debug-iphonesimulator/EXApplication.build/Objects-normal/arm64/EXApplication.LinkFileList

WriteAuxiliaryFile /Users/sparkles/Library/Developer/Xcode/DerivedData/Expensio-futtgngxcysvvhcljmosbeftqmyc/Build/Intermediates.noindex/Pods.build/Debug-iphonesimulator/EXApplication.build/Objects-normal/arm64/EXApplication-OutputFileMap.json (in target 'EXApplication' from project 'Pods')
    cd /Users/sparkles/Documents/CodingFiles/FullStack/expensioApp/frontend/ios/Pods
    write-file /Users/sparkles/Library/Developer/Xcode/DerivedData/Expensio-futtgngxcysvvhcljmosbeftqmyc/Build/Intermediates.noindex/Pods.build/Debug-iphonesimulator/EXApplication.build/Objects-normal/arm64/EXApplication-OutputFileMap.json

WriteAuxiliaryFile /Users/sparkles/Library/Developer/Xcode/DerivedData/Expensio-futtgngxcysvvhcljmosbeftqmyc/Build/Intermediates.noindex/Pods.build/Debug-iphonesimulator/EXApplication.build/EXApplication.hmap (in target 'EXApplication' from project 'Pods')
    cd /Users/sparkles/Documents/CodingFiles/FullStack/expensioApp/frontend/ios/Pods
    write-file /Users/sparkles/Library/Developer/Xcode/DerivedData/Expensio-futtgngxcysvvhcljmosbeftqmyc/Build/Intermediates.noindex/Pods.build/Debug-iphonesimulator/EXApplication.build/EXApplication.hmap

WriteAuxiliaryFile /Users/sparkles/Library/Developer/Xcode/DerivedData/Expensio-futtgngxcysvvhcljmosbeftqmyc/Build/Intermediates.noindex/Pods.build/Debug-iphonesimulator/EXApplication.build/EXApplication.DependencyStaticMetadataFileList (in target 'EXApplication' from project 'Pods')
    cd /Users/sparkles/Documents/CodingFiles/FullStack/expensioApp/frontend/ios/Pods
    write-file /Users/sparkles/Library/Developer/Xcode/DerivedData/Expensio-futtgngxcysvvhcljmosbeftqmyc/Build/Intermediates.noindex/Pods.build/Debug-iphonesimulator/EXApplication.build/EXApplication.DependencyStaticMetadataFileList

WriteAuxiliaryFile /Users/sparkles/Library/Developer/Xcode/DerivedData/Expensio-futtgngxcysvvhcljmosbeftqmyc/Build/Intermediates.noindex/Pods.build/Debug-iphonesimulator/EXApplication.build/EXApplication.DependencyMetadataFileList (in target 'EXApplication' from project 'Pods')
    cd /Users/sparkles/Documents/CodingFiles/FullStack/expensioApp/frontend/ios/Pods
    write-file /Users/sparkles/Library/Developer/Xcode/DerivedData/Expensio-futtgngxcysvvhcljmosbeftqmyc/Build/Intermediates.noindex/Pods.build/Debug-iphonesimulator/EXApplication.build/EXApplication.DependencyMetadataFileList

WriteAuxiliaryFile /Users/sparkles/Library/Developer/Xcode/DerivedData/Expensio-futtgngxcysvvhcljmosbeftqmyc/Build/Intermediates.noindex/Pods.build/Debug-iphonesimulator/EXApplication.build/EXApplication-project-headers.hmap (in target 'EXApplication' from project 'Pods')
    cd /Users/sparkles/Documents/CodingFiles/FullStack/expensioApp/frontend/ios/Pods
    write-file /Users/sparkles/Library/Developer/Xcode/DerivedData/Expensio-futtgngxcysvvhcljmosbeftqmyc/Build/Intermediates.noindex/Pods.build/Debug-iphonesimulator/EXApplication.build/EXApplication-project-headers.hmap

WriteAuxiliaryFile /Users/sparkles/Library/Developer/Xcode/DerivedData/Expensio-futtgngxcysvvhcljmosbeftqmyc/Build/Intermediates.noindex/Pods.build/Debug-iphonesimulator/EXApplication.build/EXApplication-own-target-headers.hmap (in target 'EXApplication' from project 'Pods')
    cd /Users/sparkles/Documents/CodingFiles/FullStack/expensioApp/frontend/ios/Pods
    write-file /Users/sparkles/Library/Developer/Xcode/DerivedData/Expensio-futtgngxcysvvhcljmosbeftqmyc/Build/Intermediates.noindex/Pods.build/Debug-iphonesimulator/EXApplication.build/EXApplication-own-target-headers.hmap

WriteAuxiliaryFile /Users/sparkles/Library/Developer/Xcode/DerivedData/Expensio-futtgngxcysvvhcljmosbeftqmyc/Build/Intermediates.noindex/Pods.build/Debug-iphonesimulator/EXApplication.build/EXApplication-generated-files.hmap (in target 'EXApplication' from project 'Pods')
    cd /Users/sparkles/Documents/CodingFiles/FullStack/expensioApp/frontend/ios/Pods
    write-file /Users/sparkles/Library/Developer/Xcode/DerivedData/Expensio-futtgngxcysvvhcljmosbeftqmyc/Build/Intermediates.noindex/Pods.build/Debug-iphonesimulator/EXApplication.build/EXApplication-generated-files.hmap

WriteAuxiliaryFile /Users/sparkles/Library/Developer/Xcode/DerivedData/Expensio-futtgngxcysvvhcljmosbeftqmyc/Build/Intermediates.noindex/Pods.build/Debug-iphonesimulator/EXApplication.build/EXApplication-all-target-headers.hmap (in target 'EXApplication' from project 'Pods')
    cd /Users/sparkles/Documents/CodingFiles/FullStack/expensioApp/frontend/ios/Pods
    write-file /Users/sparkles/Library/Developer/Xcode/DerivedData/Expensio-futtgngxcysvvhcljmosbeftqmyc/Build/Intermediates.noindex/Pods.build/Debug-iphonesimulator/EXApplication.build/EXApplication-all-target-headers.hmap

WriteAuxiliaryFile /Users/sparkles/Library/Developer/Xcode/DerivedData/Expensio-futtgngxcysvvhcljmosbeftqmyc/Build/Intermediates.noindex/Pods.build/Debug-iphonesimulator/EXApplication.build/EXApplication-all-non-framework-target-headers.hmap (in target 'EXApplication' from project 'Pods')
    cd /Users/sparkles/Documents/CodingFiles/FullStack/expensioApp/frontend/ios/Pods
    write-file /Users/sparkles/Library/Developer/Xcode/DerivedData/Expensio-futtgngxcysvvhcljmosbeftqmyc/Build/Intermediates.noindex/Pods.build/Debug-iphonesimulator/EXApplication.build/EXApplication-all-non-framework-target-headers.hmap

WriteAuxiliaryFile /Users/sparkles/Library/Developer/Xcode/DerivedData/Expensio-futtgngxcysvvhcljmosbeftqmyc/Build/Intermediates.noindex/Pods.build/Debug-iphonesimulator/AsyncStorage-AsyncStorage_resources.build/AsyncStorage_resources.hmap (in target 'AsyncStorage-AsyncStorage_resources' from project 'Pods')
    cd /Users/sparkles/Documents/CodingFiles/FullStack/expensioApp/frontend/ios/Pods
    write-file /Users/sparkles/Library/Developer/Xcode/DerivedData/Expensio-futtgngxcysvvhcljmosbeftqmyc/Build/Intermediates.noindex/Pods.build/Debug-iphonesimulator/AsyncStorage-AsyncStorage_resources.build/AsyncStorage_resources.hmap

WriteAuxiliaryFile /Users/sparkles/Library/Developer/Xcode/DerivedData/Expensio-futtgngxcysvvhcljmosbeftqmyc/Build/Intermediates.noindex/Pods.build/Debug-iphonesimulator/AsyncStorage-AsyncStorage_resources.build/AsyncStorage_resources.DependencyStaticMetadataFileList (in target 'AsyncStorage-AsyncStorage_resources' from project 'Pods')
    cd /Users/sparkles/Documents/CodingFiles/FullStack/expensioApp/frontend/ios/Pods
    write-file /Users/sparkles/Library/Developer/Xcode/DerivedData/Expensio-futtgngxcysvvhcljmosbeftqmyc/Build/Intermediates.noindex/Pods.build/Debug-iphonesimulator/AsyncStorage-AsyncStorage_resources.build/AsyncStorage_resources.DependencyStaticMetadataFileList

WriteAuxiliaryFile /Users/sparkles/Library/Developer/Xcode/DerivedData/Expensio-futtgngxcysvvhcljmosbeftqmyc/Build/Intermediates.noindex/Pods.build/Debug-iphonesimulator/AsyncStorage-AsyncStorage_resources.build/AsyncStorage_resources.DependencyMetadataFileList (in target 'AsyncStorage-AsyncStorage_resources' from project 'Pods')
    cd /Users/sparkles/Documents/CodingFiles/FullStack/expensioApp/frontend/ios/Pods
    write-file /Users/sparkles/Library/Developer/Xcode/DerivedData/Expensio-futtgngxcysvvhcljmosbeftqmyc/Build/Intermediates.noindex/Pods.build/Debug-iphonesimulator/AsyncStorage-AsyncStorage_resources.build/AsyncStorage_resources.DependencyMetadataFileList

WriteAuxiliaryFile /Users/sparkles/Library/Developer/Xcode/DerivedData/Expensio-futtgngxcysvvhcljmosbeftqmyc/Build/Intermediates.noindex/Pods.build/Debug-iphonesimulator/AsyncStorage-AsyncStorage_resources.build/AsyncStorage_resources-project-headers.hmap (in target 'AsyncStorage-AsyncStorage_resources' from project 'Pods')
    cd /Users/sparkles/Documents/CodingFiles/FullStack/expensioApp/frontend/ios/Pods
    write-file /Users/sparkles/Library/Developer/Xcode/DerivedData/Expensio-futtgngxcysvvhcljmosbeftqmyc/Build/Intermediates.noindex/Pods.build/Debug-iphonesimulator/AsyncStorage-AsyncStorage_resources.build/AsyncStorage_resources-project-headers.hmap

WriteAuxiliaryFile /Users/sparkles/Library/Developer/Xcode/DerivedData/Expensio-futtgngxcysvvhcljmosbeftqmyc/Build/Intermediates.noindex/Pods.build/Debug-iphonesimulator/AsyncStorage-AsyncStorage_resources.build/AsyncStorage_resources-own-target-headers.hmap (in target 'AsyncStorage-AsyncStorage_resources' from project 'Pods')
    cd /Users/sparkles/Documents/CodingFiles/FullStack/expensioApp/frontend/ios/Pods
    write-file /Users/sparkles/Library/Developer/Xcode/DerivedData/Expensio-futtgngxcysvvhcljmosbeftqmyc/Build/Intermediates.noindex/Pods.build/Debug-iphonesimulator/AsyncStorage-AsyncStorage_resources.build/AsyncStorage_resources-own-target-headers.hmap

WriteAuxiliaryFile /Users/sparkles/Library/Developer/Xcode/DerivedData/Expensio-futtgngxcysvvhcljmosbeftqmyc/Build/Intermediates.noindex/Pods.build/Debug-iphonesimulator/AsyncStorage-AsyncStorage_resources.build/AsyncStorage_resources-generated-files.hmap (in target 'AsyncStorage-AsyncStorage_resources' from project 'Pods')
    cd /Users/sparkles/Documents/CodingFiles/FullStack/expensioApp/frontend/ios/Pods
    write-file /Users/sparkles/Library/Developer/Xcode/DerivedData/Expensio-futtgngxcysvvhcljmosbeftqmyc/Build/Intermediates.noindex/Pods.build/Debug-iphonesimulator/AsyncStorage-AsyncStorage_resources.build/AsyncStorage_resources-generated-files.hmap

WriteAuxiliaryFile /Users/sparkles/Library/Developer/Xcode/DerivedData/Expensio-futtgngxcysvvhcljmosbeftqmyc/Build/Intermediates.noindex/Pods.build/Debug-iphonesimulator/AsyncStorage-AsyncStorage_resources.build/AsyncStorage_resources-all-target-headers.hmap (in target 'AsyncStorage-AsyncStorage_resources' from project 'Pods')
    cd /Users/sparkles/Documents/CodingFiles/FullStack/expensioApp/frontend/ios/Pods
    write-file /Users/sparkles/Library/Developer/Xcode/DerivedData/Expensio-futtgngxcysvvhcljmosbeftqmyc/Build/Intermediates.noindex/Pods.build/Debug-iphonesimulator/AsyncStorage-AsyncStorage_resources.build/AsyncStorage_resources-all-target-headers.hmap

WriteAuxiliaryFile /Users/sparkles/Library/Developer/Xcode/DerivedData/Expensio-futtgngxcysvvhcljmosbeftqmyc/Build/Intermediates.noindex/Pods.build/Debug-iphonesimulator/AsyncStorage-AsyncStorage_resources.build/AsyncStorage_resources-all-non-framework-target-headers.hmap (in target 'AsyncStorage-AsyncStorage_resources' from project 'Pods')
    cd /Users/sparkles/Documents/CodingFiles/FullStack/expensioApp/frontend/ios/Pods
    write-file /Users/sparkles/Library/Developer/Xcode/DerivedData/Expensio-futtgngxcysvvhcljmosbeftqmyc/Build/Intermediates.noindex/Pods.build/Debug-iphonesimulator/AsyncStorage-AsyncStorage_resources.build/AsyncStorage_resources-all-non-framework-target-headers.hmap

WriteAuxiliaryFile /Users/sparkles/Library/Developer/Xcode/DerivedData/Expensio-futtgngxcysvvhcljmosbeftqmyc/Build/Intermediates.noindex/Pods.build/Debug-iphonesimulator/AsyncStorage.build/Script-46EB2E00014550.sh (in target 'AsyncStorage' from project 'Pods')
    cd /Users/sparkles/Documents/CodingFiles/FullStack/expensioApp/frontend/ios/Pods
    write-file /Users/sparkles/Library/Developer/Xcode/DerivedData/Expensio-futtgngxcysvvhcljmosbeftqmyc/Build/Intermediates.noindex/Pods.build/Debug-iphonesimulator/AsyncStorage.build/Script-46EB2E00014550.sh

WriteAuxiliaryFile /Users/sparkles/Library/Developer/Xcode/DerivedData/Expensio-futtgngxcysvvhcljmosbeftqmyc/Build/Intermediates.noindex/Pods.build/Debug-iphonesimulator/AsyncStorage.build/Objects-normal/x86_64/AsyncStorage_const_extract_protocols.json (in target 'AsyncStorage' from project 'Pods')
    cd /Users/sparkles/Documents/CodingFiles/FullStack/expensioApp/frontend/ios/Pods
    write-file /Users/sparkles/Library/Developer/Xcode/DerivedData/Expensio-futtgngxcysvvhcljmosbeftqmyc/Build/Intermediates.noindex/Pods.build/Debug-iphonesimulator/AsyncStorage.build/Objects-normal/x86_64/AsyncStorage_const_extract_protocols.json

WriteAuxiliaryFile /Users/sparkles/Library/Developer/Xcode/DerivedData/Expensio-futtgngxcysvvhcljmosbeftqmyc/Build/Intermediates.noindex/Pods.build/Debug-iphonesimulator/AsyncStorage.build/Objects-normal/x86_64/AsyncStorage.SwiftFileList (in target 'AsyncStorage' from project 'Pods')
    cd /Users/sparkles/Documents/CodingFiles/FullStack/expensioApp/frontend/ios/Pods
    write-file /Users/sparkles/Library/Developer/Xcode/DerivedData/Expensio-futtgngxcysvvhcljmosbeftqmyc/Build/Intermediates.noindex/Pods.build/Debug-iphonesimulator/AsyncStorage.build/Objects-normal/x86_64/AsyncStorage.SwiftFileList

WriteAuxiliaryFile /Users/sparkles/Library/Developer/Xcode/DerivedData/Expensio-futtgngxcysvvhcljmosbeftqmyc/Build/Intermediates.noindex/Pods.build/Debug-iphonesimulator/AsyncStorage.build/Objects-normal/x86_64/AsyncStorage.SwiftConstValuesFileList (in target 'AsyncStorage' from project 'Pods')
    cd /Users/sparkles/Documents/CodingFiles/FullStack/expensioApp/frontend/ios/Pods
    write-file /Users/sparkles/Library/Developer/Xcode/DerivedData/Expensio-futtgngxcysvvhcljmosbeftqmyc/Build/Intermediates.noindex/Pods.build/Debug-iphonesimulator/AsyncStorage.build/Objects-normal/x86_64/AsyncStorage.SwiftConstValuesFileList

WriteAuxiliaryFile /Users/sparkles/Library/Developer/Xcode/DerivedData/Expensio-futtgngxcysvvhcljmosbeftqmyc/Build/Intermediates.noindex/Pods.build/Debug-iphonesimulator/AsyncStorage.build/Objects-normal/x86_64/AsyncStorage.LinkFileList (in target 'AsyncStorage' from project 'Pods')
    cd /Users/sparkles/Documents/CodingFiles/FullStack/expensioApp/frontend/ios/Pods
    write-file /Users/sparkles/Library/Developer/Xcode/DerivedData/Expensio-futtgngxcysvvhcljmosbeftqmyc/Build/Intermediates.noindex/Pods.build/Debug-iphonesimulator/AsyncStorage.build/Objects-normal/x86_64/AsyncStorage.LinkFileList

WriteAuxiliaryFile /Users/sparkles/Library/Developer/Xcode/DerivedData/Expensio-futtgngxcysvvhcljmosbeftqmyc/Build/Intermediates.noindex/Pods.build/Debug-iphonesimulator/AsyncStorage.build/Objects-normal/x86_64/AsyncStorage-OutputFileMap.json (in target 'AsyncStorage' from project 'Pods')
    cd /Users/sparkles/Documents/CodingFiles/FullStack/expensioApp/frontend/ios/Pods
    write-file /Users/sparkles/Library/Developer/Xcode/DerivedData/Expensio-futtgngxcysvvhcljmosbeftqmyc/Build/Intermediates.noindex/Pods.build/Debug-iphonesimulator/AsyncStorage.build/Objects-normal/x86_64/AsyncStorage-OutputFileMap.json

WriteAuxiliaryFile /Users/sparkles/Library/Developer/Xcode/DerivedData/Expensio-futtgngxcysvvhcljmosbeftqmyc/Build/Intermediates.noindex/Pods.build/Debug-iphonesimulator/AsyncStorage.build/Objects-normal/arm64/af3fcb34312c57c0f52879cdce924b91-common-args.resp (in target 'AsyncStorage' from project 'Pods')
    cd /Users/sparkles/Documents/CodingFiles/FullStack/expensioApp/frontend/ios/Pods
    write-file /Users/sparkles/Library/Developer/Xcode/DerivedData/Expensio-futtgngxcysvvhcljmosbeftqmyc/Build/Intermediates.noindex/Pods.build/Debug-iphonesimulator/AsyncStorage.build/Objects-normal/arm64/af3fcb34312c57c0f52879cdce924b91-common-args.resp
'-std=c++20' '-stdlib=libc++' -fobjc-arc -fmodules -fno-cxx-modules '-fmodules-cache-path=/Users/sparkles/Library/Developer/Xcode/DerivedData/ModuleCache.noindex' '-D_LIBCPP_HARDENING_MODE=_LIBCPP_HARDENING_MODE_DEBUG' -fpascal-strings -O0 -fno-common '-DPOD_CONFIGURATION_DEBUG=1' '-DDEBUG=1' '-DCOCOAPODS=1' '-DOBJC_OLD_DISPATCH_PROTOTYPES=0' -g '-fobjc-abi-version=2' -fobjc-legacy-dispatch -iquote /Users/sparkles/Library/Developer/Xcode/DerivedData/Expensio-futtgngxcysvvhcljmosbeftqmyc/Build/Intermediates.noindex/Pods.build/Debug-iphonesimulator/AsyncStorage.build/AsyncStorage-generated-files.hmap -I/Users/sparkles/Library/Developer/Xcode/DerivedData/Expensio-futtgngxcysvvhcljmosbeftqmyc/Build/Intermediates.noindex/Pods.build/Debug-iphonesimulator/AsyncStorage.build/AsyncStorage-own-target-headers.hmap -I/Users/sparkles/Library/Developer/Xcode/DerivedData/Expensio-futtgngxcysvvhcljmosbeftqmyc/Build/Intermediates.noindex/Pods.build/Debug-iphonesimulator/AsyncStorage.build/AsyncStorage-all-non-framework-target-headers.hmap -ivfsoverlay /Users/sparkles/Library/Developer/Xcode/DerivedData/Expensio-futtgngxcysvvhcljmosbeftqmyc/Build/Intermediates.noindex/Pods.build/Debug-iphonesimulator/Pods-8699adb1dd336b26511df848a716bd42-VFS-iphonesimulator/all-product-headers.yaml -iquote /Users/sparkles/Library/Developer/Xcode/DerivedData/Expensio-futtgngxcysvvhcljmosbeftqmyc/Build/Intermediates.noindex/Pods.build/Debug-iphonesimulator/AsyncStorage.build/AsyncStorage-project-headers.hmap -I/Users/sparkles/Library/Developer/Xcode/DerivedData/Expensio-futtgngxcysvvhcljmosbeftqmyc/Build/Products/Debug-iphonesimulator/AsyncStorage/include -I/Users/sparkles/Documents/CodingFiles/FullStack/expensioApp/frontend/ios/Pods/Headers/Private -I/Users/sparkles/Documents/CodingFiles/FullStack/expensioApp/frontend/ios/Pods/Headers/Private/AsyncStorage -I/Users/sparkles/Documents/CodingFiles/FullStack/expensioApp/frontend/ios/Pods/Headers/Public -I/Users/sparkles/Documents/CodingFiles/FullStack/expensioApp/frontend/ios/Pods/Headers/Public/FBLazyVector -I/Users/sparkles/Documents/CodingFiles/FullStack/expensioApp/frontend/ios/Pods/Headers/Public/RCTRequired -I/Users/sparkles/Documents/CodingFiles/FullStack/expensioApp/frontend/ios/Pods/Headers/Public/RCTSwiftUIWrapper -I/Users/sparkles/Documents/CodingFiles/FullStack/expensioApp/frontend/ios/Pods/Headers/Public/RCTTypeSafety -I/Users/sparkles/Documents/CodingFiles/FullStack/expensioApp/frontend/ios/Pods/Headers/Public/React-Core -I/Users/sparkles/Documents/CodingFiles/FullStack/expensioApp/frontend/ios/Pods/Headers/Public/React-Core-prebuilt -I/Users/sparkles/Documents/CodingFiles/FullStack/expensioApp/frontend/ios/Pods/Headers/Public/React-CoreModules -I/Users/sparkles/Documents/CodingFiles/FullStack/expensioApp/frontend/ios/Pods/Headers/Public/React-Fabric -I/Users/sparkles/Documents/CodingFiles/FullStack/expensioApp/frontend/ios/Pods/Headers/Public/React-FabricComponents -I/Users/sparkles/Documents/CodingFiles/FullStack/expensioApp/frontend/ios/Pods/Headers/Public/React-FabricImage -I/Users/sparkles/Documents/CodingFiles/FullStack/expensioApp/frontend/ios/Pods/Headers/Public/React-ImageManager -I/Users/sparkles/Documents/CodingFiles/FullStack/expensioApp/frontend/ios/Pods/Headers/Public/React-Mapbuffer -I/Users/sparkles/Documents/CodingFiles/FullStack/expensioApp/frontend/ios/Pods/Headers/Public/React-NativeModulesApple -I/Users/sparkles/Documents/CodingFiles/FullStack/expensioApp/frontend/ios/Pods/Headers/Public/React-RCTAnimation -I/Users/sparkles/Documents/CodingFiles/FullStack/expensioApp/frontend/ios/Pods/Headers/Public/React-RCTBlob -I/Users/sparkles/Documents/CodingFiles/FullStack/expensioApp/frontend/ios/Pods/Headers/Public/React-RCTFBReactNativeSpec -I/Users/sparkles/Documents/CodingFiles/FullStack/expensioApp/frontend/ios/Pods/Headers/Public/React-RCTFabric -I/Users/sparkles/Documents/CodingFiles/FullStack/expensioApp/frontend/ios/Pods/Headers/Public/React-RCTImage -I/Users/sparkles/Documents/CodingFiles/FullStack/expensioApp/frontend/ios/Pods/Headers/Public/React-RCTRuntime -I/Users/sparkles/Documents/CodingFiles/FullStack/expensioApp/frontend/ios/Pods/Headers/Public/React-RCTText -I/Users/sparkles/Documents/CodingFiles/FullStack/expensioApp/frontend/ios/Pods/Headers/Public/React-RuntimeApple -I/Users/sparkles/Documents/CodingFiles/FullStack/expensioApp/frontend/ios/Pods/Headers/Public/React-RuntimeCore -I/Users/sparkles/Documents/CodingFiles/FullStack/expensioApp/frontend/ios/Pods/Headers/Public/React-RuntimeHermes -I/Users/sparkles/Documents/CodingFiles/FullStack/expensioApp/frontend/ios/Pods/Headers/Public/React-callinvoker -I/Users/sparkles/Documents/CodingFiles/FullStack/expensioApp/frontend/ios/Pods/Headers/Public/React-cxxreact -I/Users/sparkles/Documents/CodingFiles/FullStack/expensioApp/frontend/ios/Pods/Headers/Public/React-debug -I/Users/sparkles/Documents/CodingFiles/FullStack/expensioApp/frontend/ios/Pods/Headers/Public/React-defaultsnativemodule -I/Users/sparkles/Documents/CodingFiles/FullStack/expensioApp/frontend/ios/Pods/Headers/Public/React-domnativemodule -I/Users/sparkles/Documents/CodingFiles/FullStack/expensioApp/frontend/ios/Pods/Headers/Public/React-featureflags -I/Users/sparkles/Documents/CodingFiles/FullStack/expensioApp/frontend/ios/Pods/Headers/Public/React-featureflagsnativemodule -I/Users/sparkles/Documents/CodingFiles/FullStack/expensioApp/frontend/ios/Pods/Headers/Public/React-graphics -I/Users/sparkles/Documents/CodingFiles/FullStack/expensioApp/frontend/ios/Pods/Headers/Public/React-hermes -I/Users/sparkles/Documents/CodingFiles/FullStack/expensioApp/frontend/ios/Pods/Headers/Public/React-idlecallbacksnativemodule -I/Users/sparkles/Documents/CodingFiles/FullStack/expensioApp/frontend/ios/Pods/Headers/Public/React-intersectionobservernativemodule -I/Users/sparkles/Documents/CodingFiles/FullStack/expensioApp/frontend/ios/Pods/Headers/Public/React-jserrorhandler -I/Users/sparkles/Documents/CodingFiles/FullStack/expensioApp/frontend/ios/Pods/Headers/Public/React-jsi -I/Users/sparkles/Documents/CodingFiles/FullStack/expensioApp/frontend/ios/Pods/Headers/Public/React-jsiexecutor -I/Users/sparkles/Documents/CodingFiles/FullStack/expensioApp/frontend/ios/Pods/Headers/Public/React-jsinspector -I/Users/sparkles/Documents/CodingFiles/FullStack/expensioApp/frontend/ios/Pods/Headers/Public/React-jsinspectorcdp -I/Users/sparkles/Documents/CodingFiles/FullStack/expensioApp/frontend/ios/Pods/Headers/Public/React-jsinspectornetwork -I/Users/sparkles/Documents/CodingFiles/FullStack/expensioApp/frontend/ios/Pods/Headers/Public/React-jsinspectortracing -I/Users/sparkles/Documents/CodingFiles/FullStack/expensioApp/frontend/ios/Pods/Headers/Public/React-jsitooling -I/Users/sparkles/Documents/CodingFiles/FullStack/expensioApp/frontend/ios/Pods/Headers/Public/React-logger -I/Users/sparkles/Documents/CodingFiles/FullStack/expensioApp/frontend/ios/Pods/Headers/Public/React-microtasksnativemodule -I/Users/sparkles/Documents/CodingFiles/FullStack/expensioApp/frontend/ios/Pods/Headers/Public/React-mutationobservernativemodule -I/Users/sparkles/Documents/CodingFiles/FullStack/expensioApp/frontend/ios/Pods/Headers/Public/React-networking -I/Users/sparkles/Documents/CodingFiles/FullStack/expensioApp/frontend/ios/Pods/Headers/Public/React-oscompat -I/Users/sparkles/Documents/CodingFiles/FullStack/expensioApp/frontend/ios/Pods/Headers/Public/React-perflogger -I/Users/sparkles/Documents/CodingFiles/FullStack/expensioApp/frontend/ios/Pods/Headers/Public/React-performancecdpmetrics -I/Users/sparkles/Documents/CodingFiles/FullStack/expensioApp/frontend/ios/Pods/Headers/Public/React-performancetimeline -I/Users/sparkles/Documents/CodingFiles/FullStack/expensioApp/frontend/ios/Pods/Headers/Public/React-rendererconsistency -I/Users/sparkles/Documents/CodingFiles/FullStack/expensioApp/frontend/ios/Pods/Headers/Public/React-renderercss -I/Users/sparkles/Documents/CodingFiles/FullStack/expensioApp/frontend/ios/Pods/Headers/Public/React-rendererdebug -I/Users/sparkles/Documents/CodingFiles/FullStack/expensioApp/frontend/ios/Pods/Headers/Public/React-runtimeexecutor -I/Users/sparkles/Documents/CodingFiles/FullStack/expensioApp/frontend/ios/Pods/Headers/Public/React-runtimescheduler -I/Users/sparkles/Documents/CodingFiles/FullStack/expensioApp/frontend/ios/Pods/Headers/Public/React-timing -I/Users/sparkles/Documents/CodingFiles/FullStack/expensioApp/frontend/ios/Pods/Headers/Public/React-utils -I/Users/sparkles/Documents/CodingFiles/FullStack/expensioApp/frontend/ios/Pods/Headers/Public/React-viewtransitionnativemodule -I/Users/sparkles/Documents/CodingFiles/FullStack/expensioApp/frontend/ios/Pods/Headers/Public/React-webperformancenativemodule -I/Users/sparkles/Documents/CodingFiles/FullStack/expensioApp/frontend/ios/Pods/Headers/Public/ReactCodegen -I/Users/sparkles/Documents/CodingFiles/FullStack/expensioApp/frontend/ios/Pods/Headers/Public/ReactCommon -I/Users/sparkles/Documents/CodingFiles/FullStack/expensioApp/frontend/ios/Pods/Headers/Public/ReactNativeDependencies -I/Users/sparkles/Documents/CodingFiles/FullStack/expensioApp/frontend/ios/Pods/Headers/Public/Yoga -I/Users/sparkles/Documents/CodingFiles/FullStack/expensioApp/frontend/ios/Pods/Headers/Public/hermes-engine -I/Users/sparkles/Documents/CodingFiles/FullStack/expensioApp/frontend/ios/Pods/Headers/Private/Yoga -I/Users/sparkles/Documents/CodingFiles/FullStack/expensioApp/frontend/ios/Pods/ExpoModulesCore/ExpoModulesCore.xcframework/ios-arm64_x86_64-simulator/ExpoModulesCore.framework/Headers -I/Users/sparkles/Documents/CodingFiles/FullStack/expensioApp/frontend/ios/Pods/ExpoModulesCore/ExpoModulesCore.xcframework/ios-arm64/ExpoModulesCore.framework/Headers -I/Users/sparkles/Documents/CodingFiles/FullStack/expensioApp/frontend/ios/Pods/ExpoModulesCore/ExpoModulesCore.xcframework/ios-arm64_x86_64-simulator/ExpoModulesCore.framework/Headers -I/Users/sparkles/Documents/CodingFiles/FullStack/expensioApp/frontend/ios/Pods/ExpoModulesCore/ExpoModulesCore.xcframework/ios-arm64/ExpoModulesCore.framework/Headers -I/Users/sparkles/Library/Developer/Xcode/DerivedData/Expensio-futtgngxcysvvhcljmosbeftqmyc/Build/Intermediates.noindex/Pods.build/Debug-iphonesimulator/AsyncStorage.build/DerivedSources-normal/arm64 -I/Users/sparkles/Library/Developer/Xcode/DerivedData/Expensio-futtgngxcysvvhcljmosbeftqmyc/Build/Intermediates.noindex/Pods.build/Debug-iphonesimulator/AsyncStorage.build/DerivedSources/arm64 -I/Users/sparkles/Library/Developer/Xcode/DerivedData/Expensio-futtgngxcysvvhcljmosbeftqmyc/Build/Intermediates.noindex/Pods.build/Debug-iphonesimulator/AsyncStorage.build/DerivedSources -F/Users/sparkles/Library/Developer/Xcode/DerivedData/Expensio-futtgngxcysvvhcljmosbeftqmyc/Build/Products/Debug-iphonesimulator/AsyncStorage -F/Users/sparkles/Documents/CodingFiles/FullStack/expensioApp/frontend/node_modules/@react-native-async-storage/async-storage/apple-frameworks -F/Users/sparkles/Documents/CodingFiles/FullStack/expensioApp/frontend/ios/Pods/React-Core-prebuilt -F/Users/sparkles/Documents/CodingFiles/FullStack/expensioApp/frontend/ios/Pods/ReactNativeDependencies/framework/packages/react-native -F/Users/sparkles/Documents/CodingFiles/FullStack/expensioApp/frontend/ios/Pods/hermes-engine/destroot/Library/Frameworks/universal -F/Users/sparkles/Library/Developer/Xcode/DerivedData/Expensio-futtgngxcysvvhcljmosbeftqmyc/Build/Products/Debug-iphonesimulator/XCFrameworkIntermediates/AsyncStorage -F/Users/sparkles/Library/Developer/Xcode/DerivedData/Expensio-futtgngxcysvvhcljmosbeftqmyc/Build/Products/Debug-iphonesimulator/XCFrameworkIntermediates/React-Core-prebuilt -F/Users/sparkles/Library/Developer/Xcode/DerivedData/Expensio-futtgngxcysvvhcljmosbeftqmyc/Build/Products/Debug-iphonesimulator/XCFrameworkIntermediates/ReactNativeDependencies -F/Users/sparkles/Library/Developer/Xcode/DerivedData/Expensio-futtgngxcysvvhcljmosbeftqmyc/Build/Products/Debug-iphonesimulator/XCFrameworkIntermediates/hermes-engine/Pre-built '-DRCT_REMOVE_LEGACY_ARCH=1' '-fmodule-map-file=/Users/sparkles/Documents/CodingFiles/FullStack/expensioApp/frontend/ios/Pods/Headers/Public/ReactCodegen/ReactCodegen.modulemap' '-DRCT_REMOVE_LEGACY_ARCH=1' -ivfsoverlay /Users/sparkles/Documents/CodingFiles/FullStack/expensioApp/frontend/ios/Pods/React-Core-prebuilt/React-VFS.yaml '-DRCT_REMOVE_LEGACY_ARCH=1' '-DRCT_NEW_ARCH_ENABLED=1' -ivfsoverlay /Users/sparkles/Documents/CodingFiles/FullStack/expensioApp/frontend/ios/Pods/React-Core-prebuilt/React-VFS.yaml

WriteAuxiliaryFile /Users/sparkles/Library/Developer/Xcode/DerivedData/Expensio-futtgngxcysvvhcljmosbeftqmyc/Build/Intermediates.noindex/Pods.build/Debug-iphonesimulator/AsyncStorage.build/Objects-normal/arm64/AsyncStorage_const_extract_protocols.json (in target 'AsyncStorage' from project 'Pods')
    cd /Users/sparkles/Documents/CodingFiles/FullStack/expensioApp/frontend/ios/Pods
    write-file /Users/sparkles/Library/Developer/Xcode/DerivedData/Expensio-futtgngxcysvvhcljmosbeftqmyc/Build/Intermediates.noindex/Pods.build/Debug-iphonesimulator/AsyncStorage.build/Objects-normal/arm64/AsyncStorage_const_extract_protocols.json

WriteAuxiliaryFile /Users/sparkles/Library/Developer/Xcode/DerivedData/Expensio-futtgngxcysvvhcljmosbeftqmyc/Build/Intermediates.noindex/Pods.build/Debug-iphonesimulator/AsyncStorage.build/Objects-normal/arm64/AsyncStorage.SwiftFileList (in target 'AsyncStorage' from project 'Pods')
    cd /Users/sparkles/Documents/CodingFiles/FullStack/expensioApp/frontend/ios/Pods
    write-file /Users/sparkles/Library/Developer/Xcode/DerivedData/Expensio-futtgngxcysvvhcljmosbeftqmyc/Build/Intermediates.noindex/Pods.build/Debug-iphonesimulator/AsyncStorage.build/Objects-normal/arm64/AsyncStorage.SwiftFileList

WriteAuxiliaryFile /Users/sparkles/Library/Developer/Xcode/DerivedData/Expensio-futtgngxcysvvhcljmosbeftqmyc/Build/Intermediates.noindex/Pods.build/Debug-iphonesimulator/AsyncStorage.build/Objects-normal/arm64/AsyncStorage.SwiftConstValuesFileList (in target 'AsyncStorage' from project 'Pods')
    cd /Users/sparkles/Documents/CodingFiles/FullStack/expensioApp/frontend/ios/Pods
    write-file /Users/sparkles/Library/Developer/Xcode/DerivedData/Expensio-futtgngxcysvvhcljmosbeftqmyc/Build/Intermediates.noindex/Pods.build/Debug-iphonesimulator/AsyncStorage.build/Objects-normal/arm64/AsyncStorage.SwiftConstValuesFileList

WriteAuxiliaryFile /Users/sparkles/Library/Developer/Xcode/DerivedData/Expensio-futtgngxcysvvhcljmosbeftqmyc/Build/Intermediates.noindex/Pods.build/Debug-iphonesimulator/AsyncStorage.build/Objects-normal/arm64/AsyncStorage.LinkFileList (in target 'AsyncStorage' from project 'Pods')
    cd /Users/sparkles/Documents/CodingFiles/FullStack/expensioApp/frontend/ios/Pods
    write-file /Users/sparkles/Library/Developer/Xcode/DerivedData/Expensio-futtgngxcysvvhcljmosbeftqmyc/Build/Intermediates.noindex/Pods.build/Debug-iphonesimulator/AsyncStorage.build/Objects-normal/arm64/AsyncStorage.LinkFileList

WriteAuxiliaryFile /Users/sparkles/Library/Developer/Xcode/DerivedData/Expensio-futtgngxcysvvhcljmosbeftqmyc/Build/Intermediates.noindex/Pods.build/Debug-iphonesimulator/AsyncStorage.build/Objects-normal/arm64/AsyncStorage-OutputFileMap.json (in target 'AsyncStorage' from project 'Pods')
    cd /Users/sparkles/Documents/CodingFiles/FullStack/expensioApp/frontend/ios/Pods
    write-file /Users/sparkles/Library/Developer/Xcode/DerivedData/Expensio-futtgngxcysvvhcljmosbeftqmyc/Build/Intermediates.noindex/Pods.build/Debug-iphonesimulator/AsyncStorage.build/Objects-normal/arm64/AsyncStorage-OutputFileMap.json

WriteAuxiliaryFile /Users/sparkles/Library/Developer/Xcode/DerivedData/Expensio-futtgngxcysvvhcljmosbeftqmyc/Build/Intermediates.noindex/Pods.build/Debug-iphonesimulator/AsyncStorage.build/InputFileList-46EB2E0001A990-AsyncStorage-xcframeworks-input-files-1d30cb1375d7a8aeec5fe71d204b96e7-resolved.xcfilelist (in target 'AsyncStorage' from project 'Pods')
    cd /Users/sparkles/Documents/CodingFiles/FullStack/expensioApp/frontend/ios/Pods
    write-file /Users/sparkles/Library/Developer/Xcode/DerivedData/Expensio-futtgngxcysvvhcljmosbeftqmyc/Build/Intermediates.noindex/Pods.build/Debug-iphonesimulator/AsyncStorage.build/InputFileList-46EB2E0001A990-AsyncStorage-xcframeworks-input-files-1d30cb1375d7a8aeec5fe71d204b96e7-resolved.xcfilelist

WriteAuxiliaryFile /Users/sparkles/Library/Developer/Xcode/DerivedData/Expensio-futtgngxcysvvhcljmosbeftqmyc/Build/Intermediates.noindex/Pods.build/Debug-iphonesimulator/AsyncStorage.build/AsyncStorage.hmap (in target 'AsyncStorage' from project 'Pods')
    cd /Users/sparkles/Documents/CodingFiles/FullStack/expensioApp/frontend/ios/Pods
    write-file /Users/sparkles/Library/Developer/Xcode/DerivedData/Expensio-futtgngxcysvvhcljmosbeftqmyc/Build/Intermediates.noindex/Pods.build/Debug-iphonesimulator/AsyncStorage.build/AsyncStorage.hmap

WriteAuxiliaryFile /Users/sparkles/Library/Developer/Xcode/DerivedData/Expensio-futtgngxcysvvhcljmosbeftqmyc/Build/Intermediates.noindex/Pods.build/Debug-iphonesimulator/AsyncStorage.build/AsyncStorage.DependencyStaticMetadataFileList (in target 'AsyncStorage' from project 'Pods')
    cd /Users/sparkles/Documents/CodingFiles/FullStack/expensioApp/frontend/ios/Pods
    write-file /Users/sparkles/Library/Developer/Xcode/DerivedData/Expensio-futtgngxcysvvhcljmosbeftqmyc/Build/Intermediates.noindex/Pods.build/Debug-iphonesimulator/AsyncStorage.build/AsyncStorage.DependencyStaticMetadataFileList

WriteAuxiliaryFile /Users/sparkles/Library/Developer/Xcode/DerivedData/Expensio-futtgngxcysvvhcljmosbeftqmyc/Build/Intermediates.noindex/Pods.build/Debug-iphonesimulator/AsyncStorage.build/AsyncStorage.DependencyMetadataFileList (in target 'AsyncStorage' from project 'Pods')
    cd /Users/sparkles/Documents/CodingFiles/FullStack/expensioApp/frontend/ios/Pods
    write-file /Users/sparkles/Library/Developer/Xcode/DerivedData/Expensio-futtgngxcysvvhcljmosbeftqmyc/Build/Intermediates.noindex/Pods.build/Debug-iphonesimulator/AsyncStorage.build/AsyncStorage.DependencyMetadataFileList

WriteAuxiliaryFile /Users/sparkles/Library/Developer/Xcode/DerivedData/Expensio-futtgngxcysvvhcljmosbeftqmyc/Build/Intermediates.noindex/Pods.build/Debug-iphonesimulator/AsyncStorage.build/AsyncStorage-project-headers.hmap (in target 'AsyncStorage' from project 'Pods')
    cd /Users/sparkles/Documents/CodingFiles/FullStack/expensioApp/frontend/ios/Pods
    write-file /Users/sparkles/Library/Developer/Xcode/DerivedData/Expensio-futtgngxcysvvhcljmosbeftqmyc/Build/Intermediates.noindex/Pods.build/Debug-iphonesimulator/AsyncStorage.build/AsyncStorage-project-headers.hmap

WriteAuxiliaryFile /Users/sparkles/Library/Developer/Xcode/DerivedData/Expensio-futtgngxcysvvhcljmosbeftqmyc/Build/Intermediates.noindex/Pods.build/Debug-iphonesimulator/AsyncStorage.build/AsyncStorage-own-target-headers.hmap (in target 'AsyncStorage' from project 'Pods')
    cd /Users/sparkles/Documents/CodingFiles/FullStack/expensioApp/frontend/ios/Pods
    write-file /Users/sparkles/Library/Developer/Xcode/DerivedData/Expensio-futtgngxcysvvhcljmosbeftqmyc/Build/Intermediates.noindex/Pods.build/Debug-iphonesimulator/AsyncStorage.build/AsyncStorage-own-target-headers.hmap

WriteAuxiliaryFile /Users/sparkles/Library/Developer/Xcode/DerivedData/Expensio-futtgngxcysvvhcljmosbeftqmyc/Build/Intermediates.noindex/Pods.build/Debug-iphonesimulator/AsyncStorage.build/AsyncStorage-generated-files.hmap (in target 'AsyncStorage' from project 'Pods')
    cd /Users/sparkles/Documents/CodingFiles/FullStack/expensioApp/frontend/ios/Pods
    write-file /Users/sparkles/Library/Developer/Xcode/DerivedData/Expensio-futtgngxcysvvhcljmosbeftqmyc/Build/Intermediates.noindex/Pods.build/Debug-iphonesimulator/AsyncStorage.build/AsyncStorage-generated-files.hmap

WriteAuxiliaryFile /Users/sparkles/Library/Developer/Xcode/DerivedData/Expensio-futtgngxcysvvhcljmosbeftqmyc/Build/Intermediates.noindex/Pods.build/Debug-iphonesimulator/AsyncStorage.build/AsyncStorage-all-target-headers.hmap (in target 'AsyncStorage' from project 'Pods')
    cd /Users/sparkles/Documents/CodingFiles/FullStack/expensioApp/frontend/ios/Pods
    write-file /Users/sparkles/Library/Developer/Xcode/DerivedData/Expensio-futtgngxcysvvhcljmosbeftqmyc/Build/Intermediates.noindex/Pods.build/Debug-iphonesimulator/AsyncStorage.build/AsyncStorage-all-target-headers.hmap

WriteAuxiliaryFile /Users/sparkles/Library/Developer/Xcode/DerivedData/Expensio-futtgngxcysvvhcljmosbeftqmyc/Build/Intermediates.noindex/Pods.build/Debug-iphonesimulator/AsyncStorage.build/AsyncStorage-all-non-framework-target-headers.hmap (in target 'AsyncStorage' from project 'Pods')
    cd /Users/sparkles/Documents/CodingFiles/FullStack/expensioApp/frontend/ios/Pods
    write-file /Users/sparkles/Library/Developer/Xcode/DerivedData/Expensio-futtgngxcysvvhcljmosbeftqmyc/Build/Intermediates.noindex/Pods.build/Debug-iphonesimulator/AsyncStorage.build/AsyncStorage-all-non-framework-target-headers.hmap

MkDir /Users/sparkles/Library/Developer/Xcode/DerivedData/Expensio-futtgngxcysvvhcljmosbeftqmyc/Build/Products/Debug-iphonesimulator/React-cxxreact/React-cxxreact_privacy.bundle (in target 'React-cxxreact-React-cxxreact_privacy' from project 'Pods')
    cd /Users/sparkles/Documents/CodingFiles/FullStack/expensioApp/frontend/ios/Pods
    /bin/mkdir -p /Users/sparkles/Library/Developer/Xcode/DerivedData/Expensio-futtgngxcysvvhcljmosbeftqmyc/Build/Products/Debug-iphonesimulator/React-cxxreact/React-cxxreact_privacy.bundle

MkDir /Users/sparkles/Library/Developer/Xcode/DerivedData/Expensio-futtgngxcysvvhcljmosbeftqmyc/Build/Products/Debug-iphonesimulator/React-Core/React-Core_privacy.bundle (in target 'React-Core-React-Core_privacy' from project 'Pods')
    cd /Users/sparkles/Documents/CodingFiles/FullStack/expensioApp/frontend/ios/Pods
    /bin/mkdir -p /Users/sparkles/Library/Developer/Xcode/DerivedData/Expensio-futtgngxcysvvhcljmosbeftqmyc/Build/Products/Debug-iphonesimulator/React-Core/React-Core_privacy.bundle

MkDir /Users/sparkles/Library/Developer/Xcode/DerivedData/Expensio-futtgngxcysvvhcljmosbeftqmyc/Build/Products/Debug-iphonesimulator/RNSVG/RNSVGFilters.bundle (in target 'RNSVG-RNSVGFilters' from project 'Pods')
    cd /Users/sparkles/Documents/CodingFiles/FullStack/expensioApp/frontend/ios/Pods
    /bin/mkdir -p /Users/sparkles/Library/Developer/Xcode/DerivedData/Expensio-futtgngxcysvvhcljmosbeftqmyc/Build/Products/Debug-iphonesimulator/RNSVG/RNSVGFilters.bundle

MkDir /Users/sparkles/Library/Developer/Xcode/DerivedData/Expensio-futtgngxcysvvhcljmosbeftqmyc/Build/Products/Debug-iphonesimulator/ExpoNotifications/ExpoNotifications_privacy.bundle (in target 'ExpoNotifications-ExpoNotifications_privacy' from project 'Pods')
    cd /Users/sparkles/Documents/CodingFiles/FullStack/expensioApp/frontend/ios/Pods
    /bin/mkdir -p /Users/sparkles/Library/Developer/Xcode/DerivedData/Expensio-futtgngxcysvvhcljmosbeftqmyc/Build/Products/Debug-iphonesimulator/ExpoNotifications/ExpoNotifications_privacy.bundle

MkDir /Users/sparkles/Library/Developer/Xcode/DerivedData/Expensio-futtgngxcysvvhcljmosbeftqmyc/Build/Products/Debug-iphonesimulator/ExpoFileSystem/ExpoFileSystem_privacy.bundle (in target 'ExpoFileSystem-ExpoFileSystem_privacy' from project 'Pods')
    cd /Users/sparkles/Documents/CodingFiles/FullStack/expensioApp/frontend/ios/Pods
    /bin/mkdir -p /Users/sparkles/Library/Developer/Xcode/DerivedData/Expensio-futtgngxcysvvhcljmosbeftqmyc/Build/Products/Debug-iphonesimulator/ExpoFileSystem/ExpoFileSystem_privacy.bundle

MkDir /Users/sparkles/Library/Developer/Xcode/DerivedData/Expensio-futtgngxcysvvhcljmosbeftqmyc/Build/Products/Debug-iphonesimulator/EXConstants/ExpoConstants_privacy.bundle (in target 'EXConstants-ExpoConstants_privacy' from project 'Pods')
    cd /Users/sparkles/Documents/CodingFiles/FullStack/expensioApp/frontend/ios/Pods
    /bin/mkdir -p /Users/sparkles/Library/Developer/Xcode/DerivedData/Expensio-futtgngxcysvvhcljmosbeftqmyc/Build/Products/Debug-iphonesimulator/EXConstants/ExpoConstants_privacy.bundle

MkDir /Users/sparkles/Library/Developer/Xcode/DerivedData/Expensio-futtgngxcysvvhcljmosbeftqmyc/Build/Products/Debug-iphonesimulator/EXConstants/EXConstants.bundle (in target 'EXConstants-EXConstants' from project 'Pods')
    cd /Users/sparkles/Documents/CodingFiles/FullStack/expensioApp/frontend/ios/Pods
    /bin/mkdir -p /Users/sparkles/Library/Developer/Xcode/DerivedData/Expensio-futtgngxcysvvhcljmosbeftqmyc/Build/Products/Debug-iphonesimulator/EXConstants/EXConstants.bundle

MkDir /Users/sparkles/Library/Developer/Xcode/DerivedData/Expensio-futtgngxcysvvhcljmosbeftqmyc/Build/Products/Debug-iphonesimulator/EXApplication/ExpoApplication_privacy.bundle (in target 'EXApplication-ExpoApplication_privacy' from project 'Pods')
    cd /Users/sparkles/Documents/CodingFiles/FullStack/expensioApp/frontend/ios/Pods
    /bin/mkdir -p /Users/sparkles/Library/Developer/Xcode/DerivedData/Expensio-futtgngxcysvvhcljmosbeftqmyc/Build/Products/Debug-iphonesimulator/EXApplication/ExpoApplication_privacy.bundle

MkDir /Users/sparkles/Library/Developer/Xcode/DerivedData/Expensio-futtgngxcysvvhcljmosbeftqmyc/Build/Products/Debug-iphonesimulator/AsyncStorage/AsyncStorage_resources.bundle (in target 'AsyncStorage-AsyncStorage_resources' from project 'Pods')
    cd /Users/sparkles/Documents/CodingFiles/FullStack/expensioApp/frontend/ios/Pods
    /bin/mkdir -p /Users/sparkles/Library/Developer/Xcode/DerivedData/Expensio-futtgngxcysvvhcljmosbeftqmyc/Build/Products/Debug-iphonesimulator/AsyncStorage/AsyncStorage_resources.bundle

CpResource /Users/sparkles/Library/Developer/Xcode/DerivedData/Expensio-futtgngxcysvvhcljmosbeftqmyc/Build/Products/Debug-iphonesimulator/React-timing/React-timing_privacy.bundle/PrivacyInfo.xcprivacy /Users/sparkles/Documents/CodingFiles/FullStack/expensioApp/frontend/node_modules/react-native/ReactCommon/react/timing/PrivacyInfo.xcprivacy (in target 'React-timing-React-timing_privacy' from project 'Pods')
    cd /Users/sparkles/Documents/CodingFiles/FullStack/expensioApp/frontend/ios/Pods
    builtin-copy -exclude .DS_Store -exclude CVS -exclude .svn -exclude .git -exclude .hg -resolve-src-symlinks /Users/sparkles/Documents/CodingFiles/FullStack/expensioApp/frontend/node_modules/react-native/ReactCommon/react/timing/PrivacyInfo.xcprivacy /Users/sparkles/Library/Developer/Xcode/DerivedData/Expensio-futtgngxcysvvhcljmosbeftqmyc/Build/Products/Debug-iphonesimulator/React-timing/React-timing_privacy.bundle

ProcessInfoPlistFile /Users/sparkles/Library/Developer/Xcode/DerivedData/Expensio-futtgngxcysvvhcljmosbeftqmyc/Build/Products/Debug-iphonesimulator/React-timing/React-timing_privacy.bundle/Info.plist /Users/sparkles/Documents/CodingFiles/FullStack/expensioApp/frontend/ios/Pods/Target\ Support\ Files/React-timing/ResourceBundle-React-timing_privacy-React-timing-Info.plist (in target 'React-timing-React-timing_privacy' from project 'Pods')
    cd /Users/sparkles/Documents/CodingFiles/FullStack/expensioApp/frontend/ios/Pods
    builtin-infoPlistUtility /Users/sparkles/Documents/CodingFiles/FullStack/expensioApp/frontend/ios/Pods/Target\ Support\ Files/React-timing/ResourceBundle-React-timing_privacy-React-timing-Info.plist -producttype com.apple.product-type.bundle -expandbuildsettings -format binary -platform iphonesimulator -o /Users/sparkles/Library/Developer/Xcode/DerivedData/Expensio-futtgngxcysvvhcljmosbeftqmyc/Build/Products/Debug-iphonesimulator/React-timing/React-timing_privacy.bundle/Info.plist

ProcessInfoPlistFile /Users/sparkles/Library/Developer/Xcode/DerivedData/Expensio-futtgngxcysvvhcljmosbeftqmyc/Build/Products/Debug-iphonesimulator/React-Core/React-Core_privacy.bundle/Info.plist /Users/sparkles/Documents/CodingFiles/FullStack/expensioApp/frontend/ios/Pods/Target\ Support\ Files/React-Core/ResourceBundle-React-Core_privacy-React-Core-Info.plist (in target 'React-Core-React-Core_privacy' from project 'Pods')
    cd /Users/sparkles/Documents/CodingFiles/FullStack/expensioApp/frontend/ios/Pods
    builtin-infoPlistUtility /Users/sparkles/Documents/CodingFiles/FullStack/expensioApp/frontend/ios/Pods/Target\ Support\ Files/React-Core/ResourceBundle-React-Core_privacy-React-Core-Info.plist -producttype com.apple.product-type.bundle -expandbuildsettings -format binary -platform iphonesimulator -o /Users/sparkles/Library/Developer/Xcode/DerivedData/Expensio-futtgngxcysvvhcljmosbeftqmyc/Build/Products/Debug-iphonesimulator/React-Core/React-Core_privacy.bundle/Info.plist

CpResource /Users/sparkles/Library/Developer/Xcode/DerivedData/Expensio-futtgngxcysvvhcljmosbeftqmyc/Build/Products/Debug-iphonesimulator/React-cxxreact/React-cxxreact_privacy.bundle/PrivacyInfo.xcprivacy /Users/sparkles/Documents/CodingFiles/FullStack/expensioApp/frontend/node_modules/react-native/ReactCommon/cxxreact/PrivacyInfo.xcprivacy (in target 'React-cxxreact-React-cxxreact_privacy' from project 'Pods')
    cd /Users/sparkles/Documents/CodingFiles/FullStack/expensioApp/frontend/ios/Pods
    builtin-copy -exclude .DS_Store -exclude CVS -exclude .svn -exclude .git -exclude .hg -resolve-src-symlinks /Users/sparkles/Documents/CodingFiles/FullStack/expensioApp/frontend/node_modules/react-native/ReactCommon/cxxreact/PrivacyInfo.xcprivacy /Users/sparkles/Library/Developer/Xcode/DerivedData/Expensio-futtgngxcysvvhcljmosbeftqmyc/Build/Products/Debug-iphonesimulator/React-cxxreact/React-cxxreact_privacy.bundle

ProcessInfoPlistFile /Users/sparkles/Library/Developer/Xcode/DerivedData/Expensio-futtgngxcysvvhcljmosbeftqmyc/Build/Products/Debug-iphonesimulator/React-cxxreact/React-cxxreact_privacy.bundle/Info.plist /Users/sparkles/Documents/CodingFiles/FullStack/expensioApp/frontend/ios/Pods/Target\ Support\ Files/React-cxxreact/ResourceBundle-React-cxxreact_privacy-React-cxxreact-Info.plist (in target 'React-cxxreact-React-cxxreact_privacy' from project 'Pods')
    cd /Users/sparkles/Documents/CodingFiles/FullStack/expensioApp/frontend/ios/Pods
    builtin-infoPlistUtility /Users/sparkles/Documents/CodingFiles/FullStack/expensioApp/frontend/ios/Pods/Target\ Support\ Files/React-cxxreact/ResourceBundle-React-cxxreact_privacy-React-cxxreact-Info.plist -producttype com.apple.product-type.bundle -expandbuildsettings -format binary -platform iphonesimulator -o /Users/sparkles/Library/Developer/Xcode/DerivedData/Expensio-futtgngxcysvvhcljmosbeftqmyc/Build/Products/Debug-iphonesimulator/React-cxxreact/React-cxxreact_privacy.bundle/Info.plist

CpResource /Users/sparkles/Library/Developer/Xcode/DerivedData/Expensio-futtgngxcysvvhcljmosbeftqmyc/Build/Products/Debug-iphonesimulator/React-Core/React-Core_privacy.bundle/PrivacyInfo.xcprivacy /Users/sparkles/Documents/CodingFiles/FullStack/expensioApp/frontend/node_modules/react-native/React/Resources/PrivacyInfo.xcprivacy (in target 'React-Core-React-Core_privacy' from project 'Pods')
    cd /Users/sparkles/Documents/CodingFiles/FullStack/expensioApp/frontend/ios/Pods
    builtin-copy -exclude .DS_Store -exclude CVS -exclude .svn -exclude .git -exclude .hg -resolve-src-symlinks /Users/sparkles/Documents/CodingFiles/FullStack/expensioApp/frontend/node_modules/react-native/React/Resources/PrivacyInfo.xcprivacy /Users/sparkles/Library/Developer/Xcode/DerivedData/Expensio-futtgngxcysvvhcljmosbeftqmyc/Build/Products/Debug-iphonesimulator/React-Core/React-Core_privacy.bundle

ProcessInfoPlistFile /Users/sparkles/Library/Developer/Xcode/DerivedData/Expensio-futtgngxcysvvhcljmosbeftqmyc/Build/Products/Debug-iphonesimulator/RNSVG/RNSVGFilters.bundle/Info.plist /Users/sparkles/Documents/CodingFiles/FullStack/expensioApp/frontend/ios/Pods/Target\ Support\ Files/RNSVG/ResourceBundle-RNSVGFilters-RNSVG-Info.plist (in target 'RNSVG-RNSVGFilters' from project 'Pods')
    cd /Users/sparkles/Documents/CodingFiles/FullStack/expensioApp/frontend/ios/Pods
    builtin-infoPlistUtility /Users/sparkles/Documents/CodingFiles/FullStack/expensioApp/frontend/ios/Pods/Target\ Support\ Files/RNSVG/ResourceBundle-RNSVGFilters-RNSVG-Info.plist -producttype com.apple.product-type.bundle -expandbuildsettings -format binary -platform iphonesimulator -o /Users/sparkles/Library/Developer/Xcode/DerivedData/Expensio-futtgngxcysvvhcljmosbeftqmyc/Build/Products/Debug-iphonesimulator/RNSVG/RNSVGFilters.bundle/Info.plist

CpResource /Users/sparkles/Library/Developer/Xcode/DerivedData/Expensio-futtgngxcysvvhcljmosbeftqmyc/Build/Products/Debug-iphonesimulator/RNSVG/RNSVGFilters.bundle/RNSVGCompositeXor.iphoneos.metallib /Users/sparkles/Documents/CodingFiles/FullStack/expensioApp/frontend/node_modules/react-native-svg/apple/Filters/MetalCI/RNSVGCompositeXor.iphoneos.metallib (in target 'RNSVG-RNSVGFilters' from project 'Pods')
    cd /Users/sparkles/Documents/CodingFiles/FullStack/expensioApp/frontend/ios/Pods
    builtin-copy -exclude .DS_Store -exclude CVS -exclude .svn -exclude .git -exclude .hg -resolve-src-symlinks /Users/sparkles/Documents/CodingFiles/FullStack/expensioApp/frontend/node_modules/react-native-svg/apple/Filters/MetalCI/RNSVGCompositeXor.iphoneos.metallib /Users/sparkles/Library/Developer/Xcode/DerivedData/Expensio-futtgngxcysvvhcljmosbeftqmyc/Build/Products/Debug-iphonesimulator/RNSVG/RNSVGFilters.bundle

CpResource /Users/sparkles/Library/Developer/Xcode/DerivedData/Expensio-futtgngxcysvvhcljmosbeftqmyc/Build/Products/Debug-iphonesimulator/RNSVG/RNSVGFilters.bundle/RNSVGArithmeticFilter.iphoneos.metallib /Users/sparkles/Documents/CodingFiles/FullStack/expensioApp/frontend/node_modules/react-native-svg/apple/Filters/MetalCI/RNSVGArithmeticFilter.iphoneos.metallib (in target 'RNSVG-RNSVGFilters' from project 'Pods')
    cd /Users/sparkles/Documents/CodingFiles/FullStack/expensioApp/frontend/ios/Pods
    builtin-copy -exclude .DS_Store -exclude CVS -exclude .svn -exclude .git -exclude .hg -resolve-src-symlinks /Users/sparkles/Documents/CodingFiles/FullStack/expensioApp/frontend/node_modules/react-native-svg/apple/Filters/MetalCI/RNSVGArithmeticFilter.iphoneos.metallib /Users/sparkles/Library/Developer/Xcode/DerivedData/Expensio-futtgngxcysvvhcljmosbeftqmyc/Build/Products/Debug-iphonesimulator/RNSVG/RNSVGFilters.bundle

ProcessInfoPlistFile /Users/sparkles/Library/Developer/Xcode/DerivedData/Expensio-futtgngxcysvvhcljmosbeftqmyc/Build/Products/Debug-iphonesimulator/ExpoNotifications/ExpoNotifications_privacy.bundle/Info.plist /Users/sparkles/Documents/CodingFiles/FullStack/expensioApp/frontend/ios/Pods/Target\ Support\ Files/ExpoNotifications/ResourceBundle-ExpoNotifications_privacy-ExpoNotifications-Info.plist (in target 'ExpoNotifications-ExpoNotifications_privacy' from project 'Pods')
    cd /Users/sparkles/Documents/CodingFiles/FullStack/expensioApp/frontend/ios/Pods
    builtin-infoPlistUtility /Users/sparkles/Documents/CodingFiles/FullStack/expensioApp/frontend/ios/Pods/Target\ Support\ Files/ExpoNotifications/ResourceBundle-ExpoNotifications_privacy-ExpoNotifications-Info.plist -producttype com.apple.product-type.bundle -expandbuildsettings -format binary -platform iphonesimulator -o /Users/sparkles/Library/Developer/Xcode/DerivedData/Expensio-futtgngxcysvvhcljmosbeftqmyc/Build/Products/Debug-iphonesimulator/ExpoNotifications/ExpoNotifications_privacy.bundle/Info.plist

CpResource /Users/sparkles/Library/Developer/Xcode/DerivedData/Expensio-futtgngxcysvvhcljmosbeftqmyc/Build/Products/Debug-iphonesimulator/ExpoNotifications/ExpoNotifications_privacy.bundle/PrivacyInfo.xcprivacy /Users/sparkles/Documents/CodingFiles/FullStack/expensioApp/frontend/node_modules/expo-notifications/ios/PrivacyInfo.xcprivacy (in target 'ExpoNotifications-ExpoNotifications_privacy' from project 'Pods')
    cd /Users/sparkles/Documents/CodingFiles/FullStack/expensioApp/frontend/ios/Pods
    builtin-copy -exclude .DS_Store -exclude CVS -exclude .svn -exclude .git -exclude .hg -resolve-src-symlinks /Users/sparkles/Documents/CodingFiles/FullStack/expensioApp/frontend/node_modules/expo-notifications/ios/PrivacyInfo.xcprivacy /Users/sparkles/Library/Developer/Xcode/DerivedData/Expensio-futtgngxcysvvhcljmosbeftqmyc/Build/Products/Debug-iphonesimulator/ExpoNotifications/ExpoNotifications_privacy.bundle

ProcessInfoPlistFile /Users/sparkles/Library/Developer/Xcode/DerivedData/Expensio-futtgngxcysvvhcljmosbeftqmyc/Build/Products/Debug-iphonesimulator/ExpoFileSystem/ExpoFileSystem_privacy.bundle/Info.plist /Users/sparkles/Documents/CodingFiles/FullStack/expensioApp/frontend/ios/Pods/Target\ Support\ Files/ExpoFileSystem/ResourceBundle-ExpoFileSystem_privacy-ExpoFileSystem-Info.plist (in target 'ExpoFileSystem-ExpoFileSystem_privacy' from project 'Pods')
    cd /Users/sparkles/Documents/CodingFiles/FullStack/expensioApp/frontend/ios/Pods
    builtin-infoPlistUtility /Users/sparkles/Documents/CodingFiles/FullStack/expensioApp/frontend/ios/Pods/Target\ Support\ Files/ExpoFileSystem/ResourceBundle-ExpoFileSystem_privacy-ExpoFileSystem-Info.plist -producttype com.apple.product-type.bundle -expandbuildsettings -format binary -platform iphonesimulator -o /Users/sparkles/Library/Developer/Xcode/DerivedData/Expensio-futtgngxcysvvhcljmosbeftqmyc/Build/Products/Debug-iphonesimulator/ExpoFileSystem/ExpoFileSystem_privacy.bundle/Info.plist

ProcessInfoPlistFile /Users/sparkles/Library/Developer/Xcode/DerivedData/Expensio-futtgngxcysvvhcljmosbeftqmyc/Build/Products/Debug-iphonesimulator/EXConstants/ExpoConstants_privacy.bundle/Info.plist /Users/sparkles/Documents/CodingFiles/FullStack/expensioApp/frontend/ios/Pods/Target\ Support\ Files/EXConstants/ResourceBundle-ExpoConstants_privacy-EXConstants-Info.plist (in target 'EXConstants-ExpoConstants_privacy' from project 'Pods')
    cd /Users/sparkles/Documents/CodingFiles/FullStack/expensioApp/frontend/ios/Pods
    builtin-infoPlistUtility /Users/sparkles/Documents/CodingFiles/FullStack/expensioApp/frontend/ios/Pods/Target\ Support\ Files/EXConstants/ResourceBundle-ExpoConstants_privacy-EXConstants-Info.plist -producttype com.apple.product-type.bundle -expandbuildsettings -format binary -platform iphonesimulator -o /Users/sparkles/Library/Developer/Xcode/DerivedData/Expensio-futtgngxcysvvhcljmosbeftqmyc/Build/Products/Debug-iphonesimulator/EXConstants/ExpoConstants_privacy.bundle/Info.plist

CpResource /Users/sparkles/Library/Developer/Xcode/DerivedData/Expensio-futtgngxcysvvhcljmosbeftqmyc/Build/Products/Debug-iphonesimulator/EXConstants/ExpoConstants_privacy.bundle/PrivacyInfo.xcprivacy /Users/sparkles/Documents/CodingFiles/FullStack/expensioApp/frontend/node_modules/expo-constants/ios/PrivacyInfo.xcprivacy (in target 'EXConstants-ExpoConstants_privacy' from project 'Pods')
    cd /Users/sparkles/Documents/CodingFiles/FullStack/expensioApp/frontend/ios/Pods
    builtin-copy -exclude .DS_Store -exclude CVS -exclude .svn -exclude .git -exclude .hg -resolve-src-symlinks /Users/sparkles/Documents/CodingFiles/FullStack/expensioApp/frontend/node_modules/expo-constants/ios/PrivacyInfo.xcprivacy /Users/sparkles/Library/Developer/Xcode/DerivedData/Expensio-futtgngxcysvvhcljmosbeftqmyc/Build/Products/Debug-iphonesimulator/EXConstants/ExpoConstants_privacy.bundle

ProcessInfoPlistFile /Users/sparkles/Library/Developer/Xcode/DerivedData/Expensio-futtgngxcysvvhcljmosbeftqmyc/Build/Products/Debug-iphonesimulator/EXConstants/EXConstants.bundle/Info.plist /Users/sparkles/Documents/CodingFiles/FullStack/expensioApp/frontend/ios/Pods/Target\ Support\ Files/EXConstants/ResourceBundle-EXConstants-EXConstants-Info.plist (in target 'EXConstants-EXConstants' from project 'Pods')
    cd /Users/sparkles/Documents/CodingFiles/FullStack/expensioApp/frontend/ios/Pods
    builtin-infoPlistUtility /Users/sparkles/Documents/CodingFiles/FullStack/expensioApp/frontend/ios/Pods/Target\ Support\ Files/EXConstants/ResourceBundle-EXConstants-EXConstants-Info.plist -producttype com.apple.product-type.bundle -expandbuildsettings -format binary -platform iphonesimulator -o /Users/sparkles/Library/Developer/Xcode/DerivedData/Expensio-futtgngxcysvvhcljmosbeftqmyc/Build/Products/Debug-iphonesimulator/EXConstants/EXConstants.bundle/Info.plist

ProcessInfoPlistFile /Users/sparkles/Library/Developer/Xcode/DerivedData/Expensio-futtgngxcysvvhcljmosbeftqmyc/Build/Products/Debug-iphonesimulator/EXApplication/ExpoApplication_privacy.bundle/Info.plist /Users/sparkles/Documents/CodingFiles/FullStack/expensioApp/frontend/ios/Pods/Target\ Support\ Files/EXApplication/ResourceBundle-ExpoApplication_privacy-EXApplication-Info.plist (in target 'EXApplication-ExpoApplication_privacy' from project 'Pods')
    cd /Users/sparkles/Documents/CodingFiles/FullStack/expensioApp/frontend/ios/Pods
    builtin-infoPlistUtility /Users/sparkles/Documents/CodingFiles/FullStack/expensioApp/frontend/ios/Pods/Target\ Support\ Files/EXApplication/ResourceBundle-ExpoApplication_privacy-EXApplication-Info.plist -producttype com.apple.product-type.bundle -expandbuildsettings -format binary -platform iphonesimulator -o /Users/sparkles/Library/Developer/Xcode/DerivedData/Expensio-futtgngxcysvvhcljmosbeftqmyc/Build/Products/Debug-iphonesimulator/EXApplication/ExpoApplication_privacy.bundle/Info.plist

CpResource /Users/sparkles/Library/Developer/Xcode/DerivedData/Expensio-futtgngxcysvvhcljmosbeftqmyc/Build/Products/Debug-iphonesimulator/EXApplication/ExpoApplication_privacy.bundle/PrivacyInfo.xcprivacy /Users/sparkles/Documents/CodingFiles/FullStack/expensioApp/frontend/node_modules/expo-application/ios/PrivacyInfo.xcprivacy (in target 'EXApplication-ExpoApplication_privacy' from project 'Pods')
    cd /Users/sparkles/Documents/CodingFiles/FullStack/expensioApp/frontend/ios/Pods
    builtin-copy -exclude .DS_Store -exclude CVS -exclude .svn -exclude .git -exclude .hg -resolve-src-symlinks /Users/sparkles/Documents/CodingFiles/FullStack/expensioApp/frontend/node_modules/expo-application/ios/PrivacyInfo.xcprivacy /Users/sparkles/Library/Developer/Xcode/DerivedData/Expensio-futtgngxcysvvhcljmosbeftqmyc/Build/Products/Debug-iphonesimulator/EXApplication/ExpoApplication_privacy.bundle

ProcessInfoPlistFile /Users/sparkles/Library/Developer/Xcode/DerivedData/Expensio-futtgngxcysvvhcljmosbeftqmyc/Build/Products/Debug-iphonesimulator/AsyncStorage/AsyncStorage_resources.bundle/Info.plist /Users/sparkles/Documents/CodingFiles/FullStack/expensioApp/frontend/ios/Pods/Target\ Support\ Files/AsyncStorage/ResourceBundle-AsyncStorage_resources-AsyncStorage-Info.plist (in target 'AsyncStorage-AsyncStorage_resources' from project 'Pods')
    cd /Users/sparkles/Documents/CodingFiles/FullStack/expensioApp/frontend/ios/Pods
    builtin-infoPlistUtility /Users/sparkles/Documents/CodingFiles/FullStack/expensioApp/frontend/ios/Pods/Target\ Support\ Files/AsyncStorage/ResourceBundle-AsyncStorage_resources-AsyncStorage-Info.plist -producttype com.apple.product-type.bundle -expandbuildsettings -format binary -platform iphonesimulator -o /Users/sparkles/Library/Developer/Xcode/DerivedData/Expensio-futtgngxcysvvhcljmosbeftqmyc/Build/Products/Debug-iphonesimulator/AsyncStorage/AsyncStorage_resources.bundle/Info.plist

CpResource /Users/sparkles/Library/Developer/Xcode/DerivedData/Expensio-futtgngxcysvvhcljmosbeftqmyc/Build/Products/Debug-iphonesimulator/AsyncStorage/AsyncStorage_resources.bundle/PrivacyInfo.xcprivacy /Users/sparkles/Documents/CodingFiles/FullStack/expensioApp/frontend/node_modules/@react-native-async-storage/async-storage/apple/PrivacyInfo.xcprivacy (in target 'AsyncStorage-AsyncStorage_resources' from project 'Pods')
    cd /Users/sparkles/Documents/CodingFiles/FullStack/expensioApp/frontend/ios/Pods
    builtin-copy -exclude .DS_Store -exclude CVS -exclude .svn -exclude .git -exclude .hg -resolve-src-symlinks /Users/sparkles/Documents/CodingFiles/FullStack/expensioApp/frontend/node_modules/@react-native-async-storage/async-storage/apple/PrivacyInfo.xcprivacy /Users/sparkles/Library/Developer/Xcode/DerivedData/Expensio-futtgngxcysvvhcljmosbeftqmyc/Build/Products/Debug-iphonesimulator/AsyncStorage/AsyncStorage_resources.bundle

RegisterExecutionPolicyException /Users/sparkles/Library/Developer/Xcode/DerivedData/Expensio-futtgngxcysvvhcljmosbeftqmyc/Build/Products/Debug-iphonesimulator/React-timing/React-timing_privacy.bundle (in target 'React-timing-React-timing_privacy' from project 'Pods')
    cd /Users/sparkles/Documents/CodingFiles/FullStack/expensioApp/frontend/ios/Pods
    builtin-RegisterExecutionPolicyException /Users/sparkles/Library/Developer/Xcode/DerivedData/Expensio-futtgngxcysvvhcljmosbeftqmyc/Build/Products/Debug-iphonesimulator/React-timing/React-timing_privacy.bundle

RegisterExecutionPolicyException /Users/sparkles/Library/Developer/Xcode/DerivedData/Expensio-futtgngxcysvvhcljmosbeftqmyc/Build/Products/Debug-iphonesimulator/React-cxxreact/React-cxxreact_privacy.bundle (in target 'React-cxxreact-React-cxxreact_privacy' from project 'Pods')
    cd /Users/sparkles/Documents/CodingFiles/FullStack/expensioApp/frontend/ios/Pods
    builtin-RegisterExecutionPolicyException /Users/sparkles/Library/Developer/Xcode/DerivedData/Expensio-futtgngxcysvvhcljmosbeftqmyc/Build/Products/Debug-iphonesimulator/React-cxxreact/React-cxxreact_privacy.bundle

RegisterExecutionPolicyException /Users/sparkles/Library/Developer/Xcode/DerivedData/Expensio-futtgngxcysvvhcljmosbeftqmyc/Build/Products/Debug-iphonesimulator/React-Core/React-Core_privacy.bundle (in target 'React-Core-React-Core_privacy' from project 'Pods')
    cd /Users/sparkles/Documents/CodingFiles/FullStack/expensioApp/frontend/ios/Pods
    builtin-RegisterExecutionPolicyException /Users/sparkles/Library/Developer/Xcode/DerivedData/Expensio-futtgngxcysvvhcljmosbeftqmyc/Build/Products/Debug-iphonesimulator/React-Core/React-Core_privacy.bundle

RegisterExecutionPolicyException /Users/sparkles/Library/Developer/Xcode/DerivedData/Expensio-futtgngxcysvvhcljmosbeftqmyc/Build/Products/Debug-iphonesimulator/RNSVG/RNSVGFilters.bundle (in target 'RNSVG-RNSVGFilters' from project 'Pods')
    cd /Users/sparkles/Documents/CodingFiles/FullStack/expensioApp/frontend/ios/Pods
    builtin-RegisterExecutionPolicyException /Users/sparkles/Library/Developer/Xcode/DerivedData/Expensio-futtgngxcysvvhcljmosbeftqmyc/Build/Products/Debug-iphonesimulator/RNSVG/RNSVGFilters.bundle

RegisterExecutionPolicyException /Users/sparkles/Library/Developer/Xcode/DerivedData/Expensio-futtgngxcysvvhcljmosbeftqmyc/Build/Products/Debug-iphonesimulator/ExpoNotifications/ExpoNotifications_privacy.bundle (in target 'ExpoNotifications-ExpoNotifications_privacy' from project 'Pods')
    cd /Users/sparkles/Documents/CodingFiles/FullStack/expensioApp/frontend/ios/Pods
    builtin-RegisterExecutionPolicyException /Users/sparkles/Library/Developer/Xcode/DerivedData/Expensio-futtgngxcysvvhcljmosbeftqmyc/Build/Products/Debug-iphonesimulator/ExpoNotifications/ExpoNotifications_privacy.bundle

RegisterExecutionPolicyException /Users/sparkles/Library/Developer/Xcode/DerivedData/Expensio-futtgngxcysvvhcljmosbeftqmyc/Build/Products/Debug-iphonesimulator/ExpoFileSystem/ExpoFileSystem_privacy.bundle (in target 'ExpoFileSystem-ExpoFileSystem_privacy' from project 'Pods')
    cd /Users/sparkles/Documents/CodingFiles/FullStack/expensioApp/frontend/ios/Pods
    builtin-RegisterExecutionPolicyException /Users/sparkles/Library/Developer/Xcode/DerivedData/Expensio-futtgngxcysvvhcljmosbeftqmyc/Build/Products/Debug-iphonesimulator/ExpoFileSystem/ExpoFileSystem_privacy.bundle

RegisterExecutionPolicyException /Users/sparkles/Library/Developer/Xcode/DerivedData/Expensio-futtgngxcysvvhcljmosbeftqmyc/Build/Products/Debug-iphonesimulator/EXConstants/ExpoConstants_privacy.bundle (in target 'EXConstants-ExpoConstants_privacy' from project 'Pods')
    cd /Users/sparkles/Documents/CodingFiles/FullStack/expensioApp/frontend/ios/Pods
    builtin-RegisterExecutionPolicyException /Users/sparkles/Library/Developer/Xcode/DerivedData/Expensio-futtgngxcysvvhcljmosbeftqmyc/Build/Products/Debug-iphonesimulator/EXConstants/ExpoConstants_privacy.bundle

Touch /Users/sparkles/Library/Developer/Xcode/DerivedData/Expensio-futtgngxcysvvhcljmosbeftqmyc/Build/Products/Debug-iphonesimulator/React-Core/React-Core_privacy.bundle (in target 'React-Core-React-Core_privacy' from project 'Pods')
    cd /Users/sparkles/Documents/CodingFiles/FullStack/expensioApp/frontend/ios/Pods
    /usr/bin/touch -c /Users/sparkles/Library/Developer/Xcode/DerivedData/Expensio-futtgngxcysvvhcljmosbeftqmyc/Build/Products/Debug-iphonesimulator/React-Core/React-Core_privacy.bundle

Touch /Users/sparkles/Library/Developer/Xcode/DerivedData/Expensio-futtgngxcysvvhcljmosbeftqmyc/Build/Products/Debug-iphonesimulator/React-cxxreact/React-cxxreact_privacy.bundle (in target 'React-cxxreact-React-cxxreact_privacy' from project 'Pods')
    cd /Users/sparkles/Documents/CodingFiles/FullStack/expensioApp/frontend/ios/Pods
    /usr/bin/touch -c /Users/sparkles/Library/Developer/Xcode/DerivedData/Expensio-futtgngxcysvvhcljmosbeftqmyc/Build/Products/Debug-iphonesimulator/React-cxxreact/React-cxxreact_privacy.bundle

Touch /Users/sparkles/Library/Developer/Xcode/DerivedData/Expensio-futtgngxcysvvhcljmosbeftqmyc/Build/Products/Debug-iphonesimulator/RNSVG/RNSVGFilters.bundle (in target 'RNSVG-RNSVGFilters' from project 'Pods')
    cd /Users/sparkles/Documents/CodingFiles/FullStack/expensioApp/frontend/ios/Pods
    /usr/bin/touch -c /Users/sparkles/Library/Developer/Xcode/DerivedData/Expensio-futtgngxcysvvhcljmosbeftqmyc/Build/Products/Debug-iphonesimulator/RNSVG/RNSVGFilters.bundle

RegisterExecutionPolicyException /Users/sparkles/Library/Developer/Xcode/DerivedData/Expensio-futtgngxcysvvhcljmosbeftqmyc/Build/Products/Debug-iphonesimulator/EXConstants/EXConstants.bundle (in target 'EXConstants-EXConstants' from project 'Pods')
    cd /Users/sparkles/Documents/CodingFiles/FullStack/expensioApp/frontend/ios/Pods
    builtin-RegisterExecutionPolicyException /Users/sparkles/Library/Developer/Xcode/DerivedData/Expensio-futtgngxcysvvhcljmosbeftqmyc/Build/Products/Debug-iphonesimulator/EXConstants/EXConstants.bundle

RegisterExecutionPolicyException /Users/sparkles/Library/Developer/Xcode/DerivedData/Expensio-futtgngxcysvvhcljmosbeftqmyc/Build/Products/Debug-iphonesimulator/EXApplication/ExpoApplication_privacy.bundle (in target 'EXApplication-ExpoApplication_privacy' from project 'Pods')
    cd /Users/sparkles/Documents/CodingFiles/FullStack/expensioApp/frontend/ios/Pods
    builtin-RegisterExecutionPolicyException /Users/sparkles/Library/Developer/Xcode/DerivedData/Expensio-futtgngxcysvvhcljmosbeftqmyc/Build/Products/Debug-iphonesimulator/EXApplication/ExpoApplication_privacy.bundle

RegisterExecutionPolicyException /Users/sparkles/Library/Developer/Xcode/DerivedData/Expensio-futtgngxcysvvhcljmosbeftqmyc/Build/Products/Debug-iphonesimulator/AsyncStorage/AsyncStorage_resources.bundle (in target 'AsyncStorage-AsyncStorage_resources' from project 'Pods')
    cd /Users/sparkles/Documents/CodingFiles/FullStack/expensioApp/frontend/ios/Pods
    builtin-RegisterExecutionPolicyException /Users/sparkles/Library/Developer/Xcode/DerivedData/Expensio-futtgngxcysvvhcljmosbeftqmyc/Build/Products/Debug-iphonesimulator/AsyncStorage/AsyncStorage_resources.bundle

Touch /Users/sparkles/Library/Developer/Xcode/DerivedData/Expensio-futtgngxcysvvhcljmosbeftqmyc/Build/Products/Debug-iphonesimulator/React-timing/React-timing_privacy.bundle (in target 'React-timing-React-timing_privacy' from project 'Pods')
    cd /Users/sparkles/Documents/CodingFiles/FullStack/expensioApp/frontend/ios/Pods
    /usr/bin/touch -c /Users/sparkles/Library/Developer/Xcode/DerivedData/Expensio-futtgngxcysvvhcljmosbeftqmyc/Build/Products/Debug-iphonesimulator/React-timing/React-timing_privacy.bundle

Touch /Users/sparkles/Library/Developer/Xcode/DerivedData/Expensio-futtgngxcysvvhcljmosbeftqmyc/Build/Products/Debug-iphonesimulator/ExpoNotifications/ExpoNotifications_privacy.bundle (in target 'ExpoNotifications-ExpoNotifications_privacy' from project 'Pods')
    cd /Users/sparkles/Documents/CodingFiles/FullStack/expensioApp/frontend/ios/Pods
    /usr/bin/touch -c /Users/sparkles/Library/Developer/Xcode/DerivedData/Expensio-futtgngxcysvvhcljmosbeftqmyc/Build/Products/Debug-iphonesimulator/ExpoNotifications/ExpoNotifications_privacy.bundle

Touch /Users/sparkles/Library/Developer/Xcode/DerivedData/Expensio-futtgngxcysvvhcljmosbeftqmyc/Build/Products/Debug-iphonesimulator/ExpoFileSystem/ExpoFileSystem_privacy.bundle (in target 'ExpoFileSystem-ExpoFileSystem_privacy' from project 'Pods')
    cd /Users/sparkles/Documents/CodingFiles/FullStack/expensioApp/frontend/ios/Pods
    /usr/bin/touch -c /Users/sparkles/Library/Developer/Xcode/DerivedData/Expensio-futtgngxcysvvhcljmosbeftqmyc/Build/Products/Debug-iphonesimulator/ExpoFileSystem/ExpoFileSystem_privacy.bundle

Touch /Users/sparkles/Library/Developer/Xcode/DerivedData/Expensio-futtgngxcysvvhcljmosbeftqmyc/Build/Products/Debug-iphonesimulator/EXConstants/ExpoConstants_privacy.bundle (in target 'EXConstants-ExpoConstants_privacy' from project 'Pods')
    cd /Users/sparkles/Documents/CodingFiles/FullStack/expensioApp/frontend/ios/Pods
    /usr/bin/touch -c /Users/sparkles/Library/Developer/Xcode/DerivedData/Expensio-futtgngxcysvvhcljmosbeftqmyc/Build/Products/Debug-iphonesimulator/EXConstants/ExpoConstants_privacy.bundle

Touch /Users/sparkles/Library/Developer/Xcode/DerivedData/Expensio-futtgngxcysvvhcljmosbeftqmyc/Build/Products/Debug-iphonesimulator/EXConstants/EXConstants.bundle (in target 'EXConstants-EXConstants' from project 'Pods')
    cd /Users/sparkles/Documents/CodingFiles/FullStack/expensioApp/frontend/ios/Pods
    /usr/bin/touch -c /Users/sparkles/Library/Developer/Xcode/DerivedData/Expensio-futtgngxcysvvhcljmosbeftqmyc/Build/Products/Debug-iphonesimulator/EXConstants/EXConstants.bundle

Touch /Users/sparkles/Library/Developer/Xcode/DerivedData/Expensio-futtgngxcysvvhcljmosbeftqmyc/Build/Products/Debug-iphonesimulator/EXApplication/ExpoApplication_privacy.bundle (in target 'EXApplication-ExpoApplication_privacy' from project 'Pods')
    cd /Users/sparkles/Documents/CodingFiles/FullStack/expensioApp/frontend/ios/Pods
    /usr/bin/touch -c /Users/sparkles/Library/Developer/Xcode/DerivedData/Expensio-futtgngxcysvvhcljmosbeftqmyc/Build/Products/Debug-iphonesimulator/EXApplication/ExpoApplication_privacy.bundle

Touch /Users/sparkles/Library/Developer/Xcode/DerivedData/Expensio-futtgngxcysvvhcljmosbeftqmyc/Build/Products/Debug-iphonesimulator/AsyncStorage/AsyncStorage_resources.bundle (in target 'AsyncStorage-AsyncStorage_resources' from project 'Pods')
    cd /Users/sparkles/Documents/CodingFiles/FullStack/expensioApp/frontend/ios/Pods
    /usr/bin/touch -c /Users/sparkles/Library/Developer/Xcode/DerivedData/Expensio-futtgngxcysvvhcljmosbeftqmyc/Build/Products/Debug-iphonesimulator/AsyncStorage/AsyncStorage_resources.bundle

PhaseScriptExecution [CP]\ Copy\ XCFrameworks /Users/sparkles/Library/Developer/Xcode/DerivedData/Expensio-futtgngxcysvvhcljmosbeftqmyc/Build/Intermediates.noindex/Pods.build/Debug-iphonesimulator/ReactNativeDependencies.build/Script-46EB2E0001AAD0.sh (in target 'ReactNativeDependencies' from project 'Pods')
    cd /Users/sparkles/Documents/CodingFiles/FullStack/expensioApp/frontend/ios/Pods
    /bin/sh -c /Users/sparkles/Library/Developer/Xcode/DerivedData/Expensio-futtgngxcysvvhcljmosbeftqmyc/Build/Intermediates.noindex/Pods.build/Debug-iphonesimulator/ReactNativeDependencies.build/Script-46EB2E0001AAD0.sh
Selected xcframework slice ios-arm64_x86_64-simulator
rsync --delete -av --filter P .*.?????? --links --filter "- CVS/" --filter "- .svn/" --filter "- .git/" --filter "- .hg/" "/Users/sparkles/Documents/CodingFiles/FullStack/expensioApp/frontend/ios/Pods/ReactNativeDependencies/framework/packages/react-native/ReactNativeDependencies.xcframework/ios-arm64_x86_64-simulator/*" "/Users/sparkles/Library/Developer/Xcode/DerivedData/Expensio-futtgngxcysvvhcljmosbeftqmyc/Build/Products/Debug-iphonesimulator/XCFrameworkIntermediates/ReactNativeDependencies"
Transfer starting: 32 files
ReactNativeDependencies.framework/
ReactNativeDependencies.framework/Info.plist
ReactNativeDependencies.framework/ReactNativeDependencies
ReactNativeDependencies.framework/ReactNativeDependencies_boost.bundle/
ReactNativeDependencies.framework/ReactNativeDependencies_boost.bundle/Info.plist
ReactNativeDependencies.framework/ReactNativeDependencies_boost.bundle/PrivacyInfo.xcprivacy
ReactNativeDependencies.framework/ReactNativeDependencies_boost.bundle/_CodeSignature/
ReactNativeDependencies.framework/ReactNativeDependencies_boost.bundle/_CodeSignature/CodeDirectory
ReactNativeDependencies.framework/ReactNativeDependencies_boost.bundle/_CodeSignature/CodeRequirements
ReactNativeDependencies.framework/ReactNativeDependencies_boost.bundle/_CodeSignature/CodeRequirements-1
ReactNativeDependencies.framework/ReactNativeDependencies_boost.bundle/_CodeSignature/CodeResources
ReactNativeDependencies.framework/ReactNativeDependencies_boost.bundle/_CodeSignature/CodeSignature
ReactNativeDependencies.framework/ReactNativeDependencies_folly.bundle/
ReactNativeDependencies.framework/ReactNativeDependencies_folly.bundle/Info.plist
ReactNativeDependencies.framework/ReactNativeDependencies_folly.bundle/PrivacyInfo.xcprivacy
ReactNativeDependencies.framework/ReactNativeDependencies_folly.bundle/_CodeSignature/
ReactNativeDependencies.framework/ReactNativeDependencies_folly.bundle/_CodeSignature/CodeDirectory
ReactNativeDependencies.framework/ReactNativeDependencies_folly.bundle/_CodeSignature/CodeRequirements
ReactNativeDependencies.framework/ReactNativeDependencies_folly.bundle/_CodeSignature/CodeRequirements-1
ReactNativeDependencies.framework/ReactNativeDependencies_folly.bundle/_CodeSignature/CodeResources
ReactNativeDependencies.framework/ReactNativeDependencies_folly.bundle/_CodeSignature/CodeSignature
ReactNativeDependencies.framework/ReactNativeDependencies_glog.bundle/
ReactNativeDependencies.framework/ReactNativeDependencies_glog.bundle/Info.plist
ReactNativeDependencies.framework/ReactNativeDependencies_glog.bundle/PrivacyInfo.xcprivacy
ReactNativeDependencies.framework/ReactNativeDependencies_glog.bundle/_CodeSignature/
ReactNativeDependencies.framework/ReactNativeDependencies_glog.bundle/_CodeSignature/CodeDirectory
ReactNativeDependencies.framework/ReactNativeDependencies_glog.bundle/_CodeSignature/CodeRequirements
ReactNativeDependencies.framework/ReactNativeDependencies_glog.bundle/_CodeSignature/CodeRequirements-1
ReactNativeDependencies.framework/ReactNativeDependencies_glog.bundle/_CodeSignature/CodeResources
ReactNativeDependencies.framework/ReactNativeDependencies_glog.bundle/_CodeSignature/CodeSignature
ReactNativeDependencies.framework/_CodeSignature/
ReactNativeDependencies.framework/_CodeSignature/CodeResources

sent 6984371 bytes  received 596 bytes  108969843 bytes/sec
total size is 6978742  speedup is 1.00
Copied /Users/sparkles/Documents/CodingFiles/FullStack/expensioApp/frontend/ios/Pods/ReactNativeDependencies/framework/packages/react-native/ReactNativeDependencies.xcframework/ios-arm64_x86_64-simulator to /Users/sparkles/Library/Developer/Xcode/DerivedData/Expensio-futtgngxcysvvhcljmosbeftqmyc/Build/Products/Debug-iphonesimulator/XCFrameworkIntermediates/ReactNativeDependencies

PhaseScriptExecution [CP]\ Copy\ XCFrameworks /Users/sparkles/Library/Developer/Xcode/DerivedData/Expensio-futtgngxcysvvhcljmosbeftqmyc/Build/Intermediates.noindex/Pods.build/Debug-iphonesimulator/hermes-engine.build/Script-46EB2E0001AAF0.sh (in target 'hermes-engine' from project 'Pods')
    cd /Users/sparkles/Documents/CodingFiles/FullStack/expensioApp/frontend/ios/Pods
    /bin/sh -c /Users/sparkles/Library/Developer/Xcode/DerivedData/Expensio-futtgngxcysvvhcljmosbeftqmyc/Build/Intermediates.noindex/Pods.build/Debug-iphonesimulator/hermes-engine.build/Script-46EB2E0001AAF0.sh
Selected xcframework slice ios-arm64_x86_64-simulator
rsync --delete -av --filter P .*.?????? --links --filter "- CVS/" --filter "- .svn/" --filter "- .git/" --filter "- .hg/" "/Users/sparkles/Documents/CodingFiles/FullStack/expensioApp/frontend/ios/Pods/hermes-engine/destroot/Library/Frameworks/universal/hermesvm.xcframework/ios-arm64_x86_64-simulator/*" "/Users/sparkles/Library/Developer/Xcode/DerivedData/Expensio-futtgngxcysvvhcljmosbeftqmyc/Build/Products/Debug-iphonesimulator/XCFrameworkIntermediates/hermes-engine/Pre-built"
Transfer starting: 3 files
hermesvm.framework/
hermesvm.framework/Info.plist
hermesvm.framework/hermesvm

sent 12243478 bytes  received 70 bytes  140568863 bytes/sec
total size is 12241626  speedup is 1.00
Copied /Users/sparkles/Documents/CodingFiles/FullStack/expensioApp/frontend/ios/Pods/hermes-engine/destroot/Library/Frameworks/universal/hermesvm.xcframework/ios-arm64_x86_64-simulator to /Users/sparkles/Library/Developer/Xcode/DerivedData/Expensio-futtgngxcysvvhcljmosbeftqmyc/Build/Products/Debug-iphonesimulator/XCFrameworkIntermediates/hermes-engine/Pre-built

PhaseScriptExecution [CP-User]\ [RNCore]\ Replace\ React\ Native\ Core\ for\ the\ right\ configuration,\ if\ needed /Users/sparkles/Library/Developer/Xcode/DerivedData/Expensio-futtgngxcysvvhcljmosbeftqmyc/Build/Intermediates.noindex/Pods.build/Debug-iphonesimulator/React-Core-prebuilt.build/Script-46EB2E0001AAA0.sh (in target 'React-Core-prebuilt' from project 'Pods')
    cd /Users/sparkles/Documents/CodingFiles/FullStack/expensioApp/frontend/ios/Pods
    export ACTION\=build
    export AD_HOC_CODE_SIGNING_ALLOWED\=YES
    export ALLOW_BUILD_REQUEST_OVERRIDES\=NO
    export ALLOW_TARGET_PLATFORM_SPECIALIZATION\=NO
    export ALTERNATE_GROUP\=staff
    export ALTERNATE_MODE\=u+w,go-w,a+rX
    export ALTERNATE_OWNER\=sparkles
    export ALTERNATIVE_DISTRIBUTION_WEB\=NO
    export ALWAYS_EMBED_SWIFT_STANDARD_LIBRARIES\=NO
    export ALWAYS_SEARCH_USER_PATHS\=NO
    export ALWAYS_USE_SEPARATE_HEADERMAPS\=NO
    export APPLICATION_EXTENSION_API_ONLY\=NO
    export APPLY_RULES_IN_COPY_FILES\=NO
    export APPLY_RULES_IN_COPY_HEADERS\=NO
    export APP_SHORTCUTS_ENABLE_FLEXIBLE_MATCHING\=YES
    export ARCHS\=arm64\ x86_64
    export ARCHS_BASE\=arm64\ x86_64
    export ARCHS_STANDARD\=arm64\ x86_64
    export ARCHS_STANDARD_32_64_BIT\=arm64\ x86_64
    export ARCHS_STANDARD_64_BIT\=arm64\ x86_64
    export ARCHS_STANDARD_INCLUDING_64_BIT\=arm64\ x86_64
    export ARCHS_UNIVERSAL_IPHONE_OS\=arm64\ x86_64
    export ASSETCATALOG_COMPILER_APPICON_NAME\=AppIcon
    export ASSETCATALOG_COMPILER_GLOBAL_ACCENT_COLOR_NAME\=AccentColor
    export AUTOMATICALLY_MERGE_DEPENDENCIES\=NO
    export AUTOMATION_APPLE_EVENTS\=NO
    export AVAILABLE_PLATFORMS\=android\ appletvos\ appletvsimulator\ driverkit\ freebsd\ iphoneos\ iphonesimulator\ linux\ macosx\ none\ openbsd\ qnx\ staticlinux\ watchos\ watchsimulator\ webassembly\ xros\ xrsimulator
    export BUILD_ACTIVE_RESOURCES_ONLY\=NO
    export BUILD_COMPONENTS\=headers\ build
    export BUILD_DIR\=/Users/sparkles/Library/Developer/Xcode/DerivedData/Expensio-futtgngxcysvvhcljmosbeftqmyc/Build/Products
    export BUILD_LIBRARY_FOR_DISTRIBUTION\=NO
    export BUILD_ONLY_KNOWN_LOCALIZATIONS\=NO
    export BUILD_ROOT\=/Users/sparkles/Library/Developer/Xcode/DerivedData/Expensio-futtgngxcysvvhcljmosbeftqmyc/Build/Products
    export BUILD_STYLE\=
    export BUILD_VARIANTS\=normal
    export BUILT_PRODUCTS_DIR\=/Users/sparkles/Library/Developer/Xcode/DerivedData/Expensio-futtgngxcysvvhcljmosbeftqmyc/Build/Products/Debug-iphonesimulator/React-Core-prebuilt
    export BUNDLE_CONTENTS_FOLDER_PATH_deep\=Contents/
    export BUNDLE_EXECUTABLE_FOLDER_NAME_deep\=MacOS
    export BUNDLE_EXTENSIONS_FOLDER_PATH\=Extensions
    export BUNDLE_FORMAT\=shallow
    export BUNDLE_FRAMEWORKS_FOLDER_PATH\=Frameworks
    export BUNDLE_PLUGINS_FOLDER_PATH\=PlugIns
    export BUNDLE_PRIVATE_HEADERS_FOLDER_PATH\=PrivateHeaders
    export BUNDLE_PUBLIC_HEADERS_FOLDER_PATH\=Headers
    export CACHE_ROOT\=/var/folders/2z/d087lq6n4d1_lvddlb12y_9r0000gn/C/com.apple.DeveloperTools/27.0-27A266a/Xcode
    export CCHROOT\=/var/folders/2z/d087lq6n4d1_lvddlb12y_9r0000gn/C/com.apple.DeveloperTools/27.0-27A266a/Xcode
    export CHMOD\=/bin/chmod
    export CHOWN\=chown
    export CLANG_ANALYZER_LOCALIZABILITY_NONLOCALIZED\=YES
    export CLANG_ANALYZER_NONNULL\=YES
    export CLANG_ANALYZER_NUMBER_OBJECT_CONVERSION\=YES_AGGRESSIVE
    export CLANG_CACHE_FINE_GRAINED_OUTPUTS\=YES
    export CLANG_CXX_LANGUAGE_STANDARD\=c++20
    export CLANG_CXX_LIBRARY\=libc++
    export CLANG_ENABLE_EXPLICIT_MODULES\=YES
    export CLANG_ENABLE_MODULES\=YES
    export CLANG_ENABLE_OBJC_ARC\=YES
    export CLANG_ENABLE_OBJC_WEAK\=NO
    export CLANG_MODULES_BUILD_SESSION_FILE\=/Users/sparkles/Library/Developer/Xcode/DerivedData/ModuleCache.noindex/Session.modulevalidation
    export CLANG_WARN_BLOCK_CAPTURE_AUTORELEASING\=YES
    export CLANG_WARN_BOOL_CONVERSION\=YES
    export CLANG_WARN_COMMA\=YES
    export CLANG_WARN_CONSTANT_CONVERSION\=YES
    export CLANG_WARN_DEPRECATED_OBJC_IMPLEMENTATIONS\=YES
    export CLANG_WARN_DIRECT_OBJC_ISA_USAGE\=YES_ERROR
    export CLANG_WARN_DOCUMENTATION_COMMENTS\=YES
    export CLANG_WARN_EMPTY_BODY\=YES
    export CLANG_WARN_ENUM_CONVERSION\=YES
    export CLANG_WARN_INFINITE_RECURSION\=YES
    export CLANG_WARN_INT_CONVERSION\=YES
    export CLANG_WARN_NON_LITERAL_NULL_CONVERSION\=YES
    export CLANG_WARN_OBJC_IMPLICIT_RETAIN_SELF\=YES
    export CLANG_WARN_OBJC_LITERAL_CONVERSION\=YES
    export CLANG_WARN_OBJC_ROOT_CLASS\=YES_ERROR
    export CLANG_WARN_QUOTED_INCLUDE_IN_FRAMEWORK_HEADER\=NO
    export CLANG_WARN_RANGE_LOOP_ANALYSIS\=YES
    export CLANG_WARN_STRICT_PROTOTYPES\=YES
    export CLANG_WARN_SUSPICIOUS_MOVE\=YES
    export CLANG_WARN_UNGUARDED_AVAILABILITY\=YES_AGGRESSIVE
    export CLANG_WARN_UNREACHABLE_CODE\=YES
    export CLANG_WARN__DUPLICATE_METHOD_MATCH\=YES
    export CLASS_FILE_DIR\=/Users/sparkles/Library/Developer/Xcode/DerivedData/Expensio-futtgngxcysvvhcljmosbeftqmyc/Build/Intermediates.noindex/Pods.build/Debug-iphonesimulator/React-Core-prebuilt.build/JavaClasses
    export CLEAN_PRECOMPS\=YES
    export CLONE_HEADERS\=NO
    export CODESIGNING_FOLDER_PATH\=/Users/sparkles/Library/Developer/Xcode/DerivedData/Expensio-futtgngxcysvvhcljmosbeftqmyc/Build/Products/Debug-iphonesimulator/React-Core-prebuilt/
    export CODE_SIGNING_ALLOWED\=NO
    export CODE_SIGNING_REQUIRED\=YES
    export CODE_SIGN_CONTEXT_CLASS\=XCiPhoneSimulatorCodeSignContext
    export CODE_SIGN_IDENTITY\=-
    export CODE_SIGN_INJECT_BASE_ENTITLEMENTS\=YES
    export COLOR_DIAGNOSTICS\=NO
    export COMBINE_HIDPI_IMAGES\=NO
    export COMPILATION_CACHE_CAS_PATH\=/Users/sparkles/Library/Developer/Xcode/DerivedData/CompilationCache.noindex
    export COMPILATION_CACHE_KEEP_CAS_DIRECTORY\=YES
    export COMPILER_INDEX_STORE_ENABLE\=Default
    export COMPOSITE_SDK_DIRS\=/Users/sparkles/Library/Developer/Xcode/DerivedData/Expensio-futtgngxcysvvhcljmosbeftqmyc/Build/Intermediates.noindex/CompositeSDKs
    export COMPRESS_PNG_FILES\=YES
    export CONFIGURATION\=Debug
    export CONFIGURATION_BUILD_DIR\=/Users/sparkles/Library/Developer/Xcode/DerivedData/Expensio-futtgngxcysvvhcljmosbeftqmyc/Build/Products/Debug-iphonesimulator/React-Core-prebuilt
    export CONFIGURATION_TEMP_DIR\=/Users/sparkles/Library/Developer/Xcode/DerivedData/Expensio-futtgngxcysvvhcljmosbeftqmyc/Build/Intermediates.noindex/Pods.build/Debug-iphonesimulator
    export COPYING_PRESERVES_HFS_DATA\=NO
    export COPY_HEADERS_RUN_UNIFDEF\=NO
    export COPY_PHASE_STRIP\=NO
    export CORRESPONDING_DEVICE_PLATFORM_DIR\=/Applications/Xcode.app/Contents/Developer/Platforms/iPhoneOS.platform
    export CORRESPONDING_DEVICE_PLATFORM_NAME\=iphoneos
    export CORRESPONDING_DEVICE_SDK_DIR\=/Applications/Xcode.app/Contents/Developer/Platforms/iPhoneOS.platform/Developer/SDKs/iPhoneOS27.0.sdk
    export CORRESPONDING_DEVICE_SDK_NAME\=iphoneos27.0
    export CP\=/bin/cp
    export CREATE_INFOPLIST_SECTION_IN_BINARY\=NO
    export CURRENT_ARCH\=undefined_arch
    export CURRENT_VARIANT\=normal
    export DEAD_CODE_STRIPPING\=YES
    export DEBUGGING_SYMBOLS\=YES
    export DEBUG_INFORMATION_FORMAT\=dwarf
    export DEBUG_INFORMATION_VERSION\=compiler-default
    export DEFAULT_COMPILER\=com.apple.compilers.llvm.clang.1_0
    export DEFAULT_DEXT_INSTALL_PATH\=/System/Library/DriverExtensions
    export DEFAULT_KEXT_INSTALL_PATH\=/System/Library/Extensions
    export DEFINES_MODULE\=NO
    export DEPLOYMENT_LOCATION\=NO
    export DEPLOYMENT_POSTPROCESSING\=NO
    export DEPLOYMENT_TARGET_SETTING_NAME\=IPHONEOS_DEPLOYMENT_TARGET
    export DEPLOYMENT_TARGET_SUGGESTED_VALUES\=15.0\ 15.1\ 15.2\ 15.3\ 15.4\ 15.5\ 15.6\ 16.0\ 16.1\ 16.2\ 16.3\ 16.4\ 16.5\ 16.6\ 17.0\ 17.1\ 17.2\ 17.3\ 17.4\ 17.5\ 17.6\ 18.0\ 18.1\ 18.2\ 18.3\ 18.4\ 18.5\ 18.6\ 26.0\ 26.2\ 26.3\ 26.4\ 26.5\ 26.6\ 27.0
    export DERIVED_FILES_DIR\=/Users/sparkles/Library/Developer/Xcode/DerivedData/Expensio-futtgngxcysvvhcljmosbeftqmyc/Build/Intermediates.noindex/Pods.build/Debug-iphonesimulator/React-Core-prebuilt.build/DerivedSources
    export DERIVED_FILE_DIR\=/Users/sparkles/Library/Developer/Xcode/DerivedData/Expensio-futtgngxcysvvhcljmosbeftqmyc/Build/Intermediates.noindex/Pods.build/Debug-iphonesimulator/React-Core-prebuilt.build/DerivedSources
    export DERIVED_SOURCES_DIR\=/Users/sparkles/Library/Developer/Xcode/DerivedData/Expensio-futtgngxcysvvhcljmosbeftqmyc/Build/Intermediates.noindex/Pods.build/Debug-iphonesimulator/React-Core-prebuilt.build/DerivedSources
    export DEVELOPER_APPLICATIONS_DIR\=/Applications/Xcode.app/Contents/Developer/Applications
    export DEVELOPER_BIN_DIR\=/Applications/Xcode.app/Contents/Developer/usr/bin
    export DEVELOPER_DIR\=/Applications/Xcode.app/Contents/Developer
    export DEVELOPER_FRAMEWORKS_DIR\=/Applications/Xcode.app/Contents/Developer/Library/Frameworks
    export DEVELOPER_FRAMEWORKS_DIR_QUOTED\=/Applications/Xcode.app/Contents/Developer/Library/Frameworks
    export DEVELOPER_LIBRARY_DIR\=/Applications/Xcode.app/Contents/Developer/Library
    export DEVELOPER_SDK_DIR\=/Applications/Xcode.app/Contents/Developer/Platforms/MacOSX.platform/Developer/SDKs
    export DEVELOPER_TOOLS_DIR\=/Applications/Xcode.app/Contents/Developer/Tools
    export DEVELOPER_USR_DIR\=/Applications/Xcode.app/Contents/Developer/usr
    export DEVELOPMENT_LANGUAGE\=en
    export DIAGNOSE_MISSING_TARGET_DEPENDENCIES\=YES
    export DIFF\=/usr/bin/diff
    export DONT_GENERATE_INFOPLIST_FILE\=NO
    export DSTROOT\=/tmp/Pods.dst
    export DT_TOOLCHAIN_DIR\=/Applications/Xcode.app/Contents/Developer/Toolchains/XcodeDefault.xctoolchain
    export DWARF_DSYM_FILE_NAME\=.dSYM
    export DWARF_DSYM_FILE_SHOULD_ACCOMPANY_PRODUCT\=NO
    export DWARF_DSYM_FOLDER_PATH\=/Users/sparkles/Library/Developer/Xcode/DerivedData/Expensio-futtgngxcysvvhcljmosbeftqmyc/Build/Products/Debug-iphonesimulator/React-Core-prebuilt
    export DYNAMIC_LIBRARY_EXTENSION\=dylib
    export EAGER_COMPILATION_ALLOW_SCRIPTS\=NO
    export EAGER_LINKING\=NO
    export EFFECTIVE_PLATFORM_NAME\=-iphonesimulator
    export EFFECTIVE_SWIFT_VERSION\=5
    export EMBEDDED_CONTENT_CONTAINS_SWIFT\=NO
    export EMBED_ASSET_PACKS_IN_PRODUCT_BUNDLE\=NO
    export ENABLE_APP_SANDBOX\=NO
    export ENABLE_CODE_COVERAGE\=YES
    export ENABLE_COHORT_ARCHS\=YES
    export ENABLE_CPLUSPLUS_BOUNDS_SAFE_BUFFERS\=NO
    export ENABLE_C_BOUNDS_SAFETY\=NO
    export ENABLE_DEFAULT_HEADER_SEARCH_PATHS\=YES
    export ENABLE_DEFAULT_SEARCH_PATHS\=YES
    export ENABLE_ENHANCED_SECURITY\=NO
    export ENABLE_HARDENED_RUNTIME\=NO
    export ENABLE_HARDWARE_CHECKED_POINTER_ARITHMETIC_SLICE\=NO
    export ENABLE_HEADER_DEPENDENCIES\=YES
    export ENABLE_INCOMING_NETWORK_CONNECTIONS\=NO
    export ENABLE_ON_DEMAND_RESOURCES\=NO
    export ENABLE_OUTGOING_NETWORK_CONNECTIONS\=NO
    export ENABLE_POINTER_AUTHENTICATION\=NO
    export ENABLE_PREVIEWS\=NO
    export ENABLE_RESOURCE_ACCESS_AUDIO_INPUT\=NO
    export ENABLE_RESOURCE_ACCESS_BLUETOOTH\=NO
    export ENABLE_RESOURCE_ACCESS_CALENDARS\=NO
    export ENABLE_RESOURCE_ACCESS_CAMERA\=NO
    export ENABLE_RESOURCE_ACCESS_CONTACTS\=NO
    export ENABLE_RESOURCE_ACCESS_LOCATION\=NO
    export ENABLE_RESOURCE_ACCESS_PHOTO_LIBRARY\=NO
    export ENABLE_RESOURCE_ACCESS_PRINTING\=NO
    export ENABLE_RESOURCE_ACCESS_USB\=NO
    export ENABLE_SDK_IMPORTS\=NO
    export ENABLE_SECURITY_COMPILER_WARNINGS\=NO
    export ENABLE_STRICT_OBJC_MSGSEND\=YES
    export ENABLE_TESTABILITY\=YES
    export ENABLE_TESTING_SEARCH_PATHS\=NO
    export ENABLE_USER_SCRIPT_SANDBOXING\=NO
    export ENABLE_XOJIT_PREVIEWS\=YES
    export ENFORCE_VALID_ARCHS\=YES
    export ENTITLEMENTS_DESTINATION\=__entitlements
    export ENTITLEMENTS_REQUIRED\=YES
    export EXCLUDED_INSTALLSRC_SUBDIRECTORY_PATTERNS\=.DS_Store\ .svn\ .git\ .hg\ CVS
    export EXCLUDED_RECURSIVE_SEARCH_PATH_SUBDIRECTORIES\=\*.nib\ \*.lproj\ \*.framework\ \*.gch\ \*.xcode\*\ \*.xcassets\ \*.icon\ \(\*\)\ .DS_Store\ CVS\ .svn\ .git\ .hg\ \*.pbproj\ \*.pbxproj
    export FILE_LIST\=/Users/sparkles/Library/Developer/Xcode/DerivedData/Expensio-futtgngxcysvvhcljmosbeftqmyc/Build/Intermediates.noindex/Pods.build/Debug-iphonesimulator/React-Core-prebuilt.build/Objects/LinkFileList
    export FIXED_FILES_DIR\=/Users/sparkles/Library/Developer/Xcode/DerivedData/Expensio-futtgngxcysvvhcljmosbeftqmyc/Build/Intermediates.noindex/Pods.build/Debug-iphonesimulator/React-Core-prebuilt.build/FixedFiles
    export FRAMEWORK_SEARCH_PATHS\=\ \"/Users/sparkles/Documents/CodingFiles/FullStack/expensioApp/frontend/ios/Pods/React-Core-prebuilt\"\ \"/Users/sparkles/Documents/CodingFiles/FullStack/expensioApp/frontend/ios/Pods/ReactNativeDependencies/framework/packages/react-native\"\ \"/Users/sparkles/Library/Developer/Xcode/DerivedData/Expensio-futtgngxcysvvhcljmosbeftqmyc/Build/Products/Debug-iphonesimulator/XCFrameworkIntermediates/React-Core-prebuilt\"\ \"/Users/sparkles/Library/Developer/Xcode/DerivedData/Expensio-futtgngxcysvvhcljmosbeftqmyc/Build/Products/Debug-iphonesimulator/XCFrameworkIntermediates/ReactNativeDependencies\"
    export FRAMEWORK_VERSION\=A
    export FUSE_BUILD_PHASES\=YES
    export FUSE_BUILD_SCRIPT_PHASES\=NO
    export GCC3_VERSION\=3.3
    export GCC_C_LANGUAGE_STANDARD\=gnu11
    export GCC_DYNAMIC_NO_PIC\=NO
    export GCC_NO_COMMON_BLOCKS\=YES
    export GCC_OBJC_LEGACY_DISPATCH\=YES
    export GCC_OPTIMIZATION_LEVEL\=0
    export GCC_PFE_FILE_C_DIALECTS\=c\ objective-c\ c++\ objective-c++
    export GCC_PREPROCESSOR_DEFINITIONS\=POD_CONFIGURATION_DEBUG\=1\ DEBUG\=1\ \ COCOAPODS\=1
    export GCC_SYMBOLS_PRIVATE_EXTERN\=NO
    export GCC_TREAT_WARNINGS_AS_ERRORS\=NO
    export GCC_VERSION\=com.apple.compilers.llvm.clang.1_0
    export GCC_VERSION_IDENTIFIER\=com_apple_compilers_llvm_clang_1_0
    export GCC_WARN_64_TO_32_BIT_CONVERSION\=YES
    export GCC_WARN_ABOUT_RETURN_TYPE\=YES_ERROR
    export GCC_WARN_UNDECLARED_SELECTOR\=YES
    export GCC_WARN_UNINITIALIZED_AUTOS\=YES_AGGRESSIVE
    export GCC_WARN_UNUSED_FUNCTION\=YES
    export GCC_WARN_UNUSED_VARIABLE\=YES
    export GENERATED_MODULEMAP_DIR\=/Users/sparkles/Library/Developer/Xcode/DerivedData/Expensio-futtgngxcysvvhcljmosbeftqmyc/Build/Intermediates.noindex/GeneratedModuleMaps-iphonesimulator
    export GENERATE_INFOPLIST_FILE\=NO
    export GENERATE_INTERMEDIATE_TEXT_BASED_STUBS\=YES
    export GENERATE_PKGINFO_FILE\=NO
    export GENERATE_PRELINK_OBJECT_FILE\=NO
    export GENERATE_PROFILING_CODE\=NO
    export GENERATE_TEXT_BASED_STUBS\=NO
    export GID\=20
    export GROUP\=staff
    export HEADERMAP_INCLUDES_FLAT_ENTRIES_FOR_TARGET_BEING_BUILT\=YES
    export HEADERMAP_INCLUDES_FRAMEWORK_ENTRIES_FOR_ALL_PRODUCT_TYPES\=YES
    export HEADERMAP_INCLUDES_FRAMEWORK_ENTRIES_FOR_TARGETS_NOT_BEING_BUILT\=YES
    export HEADERMAP_INCLUDES_NONPUBLIC_NONPRIVATE_HEADERS\=YES
    export HEADERMAP_INCLUDES_PROJECT_HEADERS\=YES
    export HEADERMAP_USES_FRAMEWORK_PREFIX_ENTRIES\=YES
    export HEADERMAP_USES_VFS\=NO
    export HEADER_SEARCH_PATHS\=\ \"/Users/sparkles/Documents/CodingFiles/FullStack/expensioApp/frontend/ios/Pods/Headers/Private\"\ \"/Users/sparkles/Documents/CodingFiles/FullStack/expensioApp/frontend/ios/Pods/Headers/Private/React-Core-prebuilt\"\ \"/Users/sparkles/Documents/CodingFiles/FullStack/expensioApp/frontend/ios/Pods/Headers/Public\"\ \"/Users/sparkles/Documents/CodingFiles/FullStack/expensioApp/frontend/ios/Pods/Headers/Public/React-Core-prebuilt\"\ \"/Users/sparkles/Documents/CodingFiles/FullStack/expensioApp/frontend/ios/Pods/Headers/Public/ReactNativeDependencies\"\ /Users/sparkles/Documents/CodingFiles/FullStack/expensioApp/frontend/ios/Pods/ReactNativeDependencies\ \"/Users/sparkles/Documents/CodingFiles/FullStack/expensioApp/frontend/ios/Pods/ExpoModulesCore/ExpoModulesCore.xcframework/ios-arm64_x86_64-simulator/ExpoModulesCore.framework/Headers\"\ \"/Users/sparkles/Documents/CodingFiles/FullStack/expensioApp/frontend/ios/Pods/ExpoModulesCore/ExpoModulesCore.xcframework/ios-arm64/ExpoModulesCore.framework/Headers\"\ \"/Users/sparkles/Documents/CodingFiles/FullStack/expensioApp/frontend/ios/Pods/ExpoModulesCore/ExpoModulesCore.xcframework/ios-arm64_x86_64-simulator/ExpoModulesCore.framework/Headers\"\ \"/Users/sparkles/Documents/CodingFiles/FullStack/expensioApp/frontend/ios/Pods/ExpoModulesCore/ExpoModulesCore.xcframework/ios-arm64/ExpoModulesCore.framework/Headers\"
    export HOME\=/Users/sparkles
    export HOST_ARCH\=arm64
    export HOST_PLATFORM\=macosx
    export ICONV\=/usr/bin/iconv
    export IMPLICIT_DEPENDENCY_DOMAIN\=default
    export INDEX_ENABLE_OPTIMIZATION_LEVEL_OVERRIDE\=YES
    export INDEX_STORE_COMPRESS\=NO
    export INDEX_STORE_ONLY_PROJECT_FILES\=NO
    export INFOPLIST_ENABLE_CFBUNDLEICONS_MERGE\=YES
    export INFOPLIST_EXPAND_BUILD_SETTINGS\=YES
    export INFOPLIST_OUTPUT_FORMAT\=binary
    export INFOPLIST_PREPROCESS\=NO
    export INLINE_PRIVATE_FRAMEWORKS\=NO
    export INSTALLAPI_IGNORE_SKIP_INSTALL\=YES
    export INSTALLHDRS_COPY_PHASE\=NO
    export INSTALLHDRS_SCRIPT_PHASE\=NO
    export INSTALL_DIR\=/tmp/Pods.dst
    export INSTALL_GROUP\=staff
    export INSTALL_MODE_FLAG\=u+w,go-w,a+rX
    export INSTALL_OWNER\=sparkles
    export INSTALL_ROOT\=/tmp/Pods.dst
    export IPHONEOS_DEPLOYMENT_TARGET\=17.0
    export IS_UNOPTIMIZED_BUILD\=YES
    export JAVAC_DEFAULT_FLAGS\=-J-Xms64m\ -J-XX:NewSize\=4M\ -J-Dfile.encoding\=UTF8
    export JAVA_APP_STUB\=/System/Library/Frameworks/JavaVM.framework/Resources/MacOS/JavaApplicationStub
    export JAVA_ARCHIVE_CLASSES\=YES
    export JAVA_ARCHIVE_TYPE\=JAR
    export JAVA_COMPILER\=/usr/bin/javac
    export JAVA_FRAMEWORK_RESOURCES_DIRS\=Resources
    export JAVA_JAR_FLAGS\=cv
    export JAVA_SOURCE_SUBDIR\=.
    export JAVA_USE_DEPENDENCIES\=YES
    export JAVA_ZIP_FLAGS\=-urg
    export JIKES_DEFAULT_FLAGS\=+E\ +OLDCSO
    export KEEP_PRIVATE_EXTERNS\=NO
    export LD_DEPENDENCY_INFO_FILE\=/Users/sparkles/Library/Developer/Xcode/DerivedData/Expensio-futtgngxcysvvhcljmosbeftqmyc/Build/Intermediates.noindex/Pods.build/Debug-iphonesimulator/React-Core-prebuilt.build/Objects-normal/undefined_arch/React-Core-prebuilt_dependency_info.dat
    export LD_EXPORT_GLOBAL_SYMBOLS\=YES
    export LD_EXPORT_SYMBOLS\=YES
    export LD_GENERATE_MAP_FILE\=NO
    export LD_MAP_FILE_PATH\=/Users/sparkles/Library/Developer/Xcode/DerivedData/Expensio-futtgngxcysvvhcljmosbeftqmyc/Build/Intermediates.noindex/Pods.build/Debug-iphonesimulator/React-Core-prebuilt.build/React-Core-prebuilt-LinkMap-normal-undefined_arch.txt
    export LD_NO_PIE\=NO
    export LD_QUOTE_LINKER_ARGUMENTS_FOR_COMPILER_DRIVER\=YES
    export LD_RUNPATH_SEARCH_PATHS\=\ @executable_path/Frameworks
    export LD_SHARED_CACHE_ELIGIBLE\=Automatic
    export LD_WARN_DUPLICATE_LIBRARIES\=NO
    export LD_WARN_UNUSED_DYLIBS\=NO
    export LEGACY_DEVELOPER_DIR\=/Applications/Xcode.app/Contents/PlugIns/Xcode3Core.ideplugin/Contents/SharedSupport/Developer
    export LEX\=lex
    export LIBRARY_DEXT_INSTALL_PATH\=/Library/DriverExtensions
    export LIBRARY_FLAG_NOSPACE\=YES
    export LIBRARY_KEXT_INSTALL_PATH\=/Library/Extensions
    export LINKER_DISPLAYS_MANGLED_NAMES\=NO
    export LINK_FILE_LIST_normal_arm64\=/Users/sparkles/Library/Developer/Xcode/DerivedData/Expensio-futtgngxcysvvhcljmosbeftqmyc/Build/Intermediates.noindex/Pods.build/Debug-iphonesimulator/React-Core-prebuilt.build/Objects-normal/arm64/React-Core-prebuilt.LinkFileList
    export LINK_FILE_LIST_normal_x86_64\=/Users/sparkles/Library/Developer/Xcode/DerivedData/Expensio-futtgngxcysvvhcljmosbeftqmyc/Build/Intermediates.noindex/Pods.build/Debug-iphonesimulator/React-Core-prebuilt.build/Objects-normal/x86_64/React-Core-prebuilt.LinkFileList
    export LINK_OBJC_RUNTIME\=YES
    export LINK_WITH_STANDARD_LIBRARIES\=YES
    export LLVM_TARGET_TRIPLE_OS_VERSION\=ios17.0
    export LLVM_TARGET_TRIPLE_SUFFIX\=-simulator
    export LLVM_TARGET_TRIPLE_VENDOR\=apple
    export LM_AUX_CONST_METADATA_LIST_PATH_normal_arm64\=/Users/sparkles/Library/Developer/Xcode/DerivedData/Expensio-futtgngxcysvvhcljmosbeftqmyc/Build/Intermediates.noindex/Pods.build/Debug-iphonesimulator/React-Core-prebuilt.build/Objects-normal/arm64/React-Core-prebuilt.SwiftConstValuesFileList
    export LM_AUX_CONST_METADATA_LIST_PATH_normal_x86_64\=/Users/sparkles/Library/Developer/Xcode/DerivedData/Expensio-futtgngxcysvvhcljmosbeftqmyc/Build/Intermediates.noindex/Pods.build/Debug-iphonesimulator/React-Core-prebuilt.build/Objects-normal/x86_64/React-Core-prebuilt.SwiftConstValuesFileList
    export LOCALIZATION_EXPORT_SUPPORTED\=YES
    export LOCALIZATION_PREFERS_STRING_CATALOGS\=NO
    export LOCALIZED_STRING_CODE_COMMENTS\=NO
    export LOCALIZED_STRING_MACRO_NAMES\=NSLocalizedString\ CFCopyLocalizedString
    export LOCALIZED_STRING_SWIFTUI_SUPPORT\=YES
    export LOCAL_ADMIN_APPS_DIR\=/Applications/Utilities
    export LOCAL_APPS_DIR\=/Applications
    export LOCAL_DEVELOPER_DIR\=/Library/Developer
    export LOCAL_LIBRARY_DIR\=/Library
    export LOCROOT\=/Users/sparkles/Documents/CodingFiles/FullStack/expensioApp/frontend/ios/Pods
    export LOCSYMROOT\=/Users/sparkles/Documents/CodingFiles/FullStack/expensioApp/frontend/ios/Pods
    export MAC_OS_X_PRODUCT_BUILD_VERSION\=26A428
    export MAC_OS_X_VERSION_ACTUAL\=270000
    export MAC_OS_X_VERSION_MAJOR\=270000
    export MAC_OS_X_VERSION_MINOR\=270000
    export MAKE_MERGEABLE\=NO
    export MERGEABLE_LIBRARY\=NO
    export MERGED_BINARY_TYPE\=none
    export MERGE_LINKED_LIBRARIES\=NO
    export METAL_LIBRARY_FILE_BASE\=default
    export METAL_LIBRARY_OUTPUT_DIR\=/Users/sparkles/Library/Developer/Xcode/DerivedData/Expensio-futtgngxcysvvhcljmosbeftqmyc/Build/Products/Debug-iphonesimulator/React-Core-prebuilt/
    export MODULE_CACHE_DIR\=/Users/sparkles/Library/Developer/Xcode/DerivedData/ModuleCache.noindex
    export MTL_ENABLE_DEBUG_INFO\=INCLUDE_SOURCE
    export MTL_FAST_MATH\=YES
    export NATIVE_ARCH\=arm64
    export NATIVE_ARCH_32_BIT\=arm
    export NATIVE_ARCH_64_BIT\=arm64
    export NATIVE_ARCH_ACTUAL\=arm64
    export NO_COMMON\=YES
    export OBJC_ABI_VERSION\=2
    export OBJECT_FILE_DIR\=/Users/sparkles/Library/Developer/Xcode/DerivedData/Expensio-futtgngxcysvvhcljmosbeftqmyc/Build/Intermediates.noindex/Pods.build/Debug-iphonesimulator/React-Core-prebuilt.build/Objects
    export OBJECT_FILE_DIR_normal\=/Users/sparkles/Library/Developer/Xcode/DerivedData/Expensio-futtgngxcysvvhcljmosbeftqmyc/Build/Intermediates.noindex/Pods.build/Debug-iphonesimulator/React-Core-prebuilt.build/Objects-normal
    export OBJROOT\=/Users/sparkles/Library/Developer/Xcode/DerivedData/Expensio-futtgngxcysvvhcljmosbeftqmyc/Build/Intermediates.noindex
    export ONLY_ACTIVE_ARCH\=NO
    export ONLY_ARCH\=multiple_archs
    export OS\=MACOS
    export OSAC\=/usr/bin/osacompile
    export OTHER_CFLAGS\=\ -DRCT_REMOVE_LEGACY_ARCH\=1\ -ivfsoverlay\ \"/Users/sparkles/Documents/CodingFiles/FullStack/expensioApp/frontend/ios/Pods/React-Core-prebuilt/React-VFS.yaml\"
    export OTHER_CPLUSPLUSFLAGS\=\ -DRCT_REMOVE_LEGACY_ARCH\=1\ -ivfsoverlay\ \"/Users/sparkles/Documents/CodingFiles/FullStack/expensioApp/frontend/ios/Pods/React-Core-prebuilt/React-VFS.yaml\"\ -DRCT_REMOVE_LEGACY_ARCH\=1\ -ivfsoverlay\ \"/Users/sparkles/Documents/CodingFiles/FullStack/expensioApp/frontend/ios/Pods/React-Core-prebuilt/React-VFS.yaml\"\ -DRCT_NEW_ARCH_ENABLED\=1
    export OTHER_SWIFT_FLAGS\=\ -Xcc\ -ivfsoverlay\ -Xcc\ \"/Users/sparkles/Documents/CodingFiles/FullStack/expensioApp/frontend/ios/Pods/React-Core-prebuilt/React-VFS.yaml\"\ -Xcc\ -Wno-incomplete-umbrella
    export PASCAL_STRINGS\=YES
    export PATH\=/Applications/Xcode.app/Contents/SharedFrameworks/SwiftBuild.framework/Versions/A/PlugIns/SWBBuildService.bundle/Contents/PlugIns/SWBUniversalPlatformPlugin.bundle/Contents/Frameworks/SWBUniversalPlatform.framework/Resources:/Applications/Xcode.app/Contents/Developer/Toolchains/XcodeDefault.xctoolchain/usr/bin:/Applications/Xcode.app/Contents/Developer/Toolchains/XcodeDefault.xctoolchain/usr/local/bin:/Applications/Xcode.app/Contents/Developer/Toolchains/XcodeDefault.xctoolchain/usr/libexec:/Applications/Xcode.app/Contents/Developer/Platforms/iPhoneSimulator.platform/usr/bin:/Applications/Xcode.app/Contents/Developer/Platforms/iPhoneSimulator.platform/usr/local/bin:/Applications/Xcode.app/Contents/Developer/Platforms/iPhoneSimulator.platform/Developer/usr/bin:/Applications/Xcode.app/Contents/Developer/Platforms/iPhoneSimulator.platform/Developer/usr/local/bin:/Applications/Xcode.app/Contents/Developer/usr/bin:/Applications/Xcode.app/Contents/Developer/usr/local/bin:/Users/sparkles/.gemini/antigravity-ide/bin:/Users/sparkles/.antigravity-ide/antigravity-ide/bin:/opt/homebrew/bin:/opt/homebrew/sbin:/usr/local/bin:/System/Cryptexes/App/usr/bin:/usr/bin:/bin:/usr/sbin:/sbin:/var/run/com.apple.security.cryptexd/codex.system/bootstrap/usr/local/bin:/var/run/com.apple.security.cryptexd/codex.system/bootstrap/usr/bin:/var/run/com.apple.security.cryptexd/codex.system/bootstrap/usr/appleinternal/bin:/pkg/env/global/bin
    export PATH_PREFIXES_EXCLUDED_FROM_HEADER_DEPENDENCIES\=/usr/include\ /usr/local/include\ /System/Library/Frameworks\ /System/Library/PrivateFrameworks\ /Applications/Xcode.app/Contents/Developer/Headers\ /Applications/Xcode.app/Contents/Developer/SDKs\ /Applications/Xcode.app/Contents/Developer/Platforms
    export PER_ARCH_MODULE_FILE_DIR\=/Users/sparkles/Library/Developer/Xcode/DerivedData/Expensio-futtgngxcysvvhcljmosbeftqmyc/Build/Intermediates.noindex/Pods.build/Debug-iphonesimulator/React-Core-prebuilt.build/Objects-normal/undefined_arch
    export PER_ARCH_OBJECT_FILE_DIR\=/Users/sparkles/Library/Developer/Xcode/DerivedData/Expensio-futtgngxcysvvhcljmosbeftqmyc/Build/Intermediates.noindex/Pods.build/Debug-iphonesimulator/React-Core-prebuilt.build/Objects-normal/undefined_arch
    export PER_VARIANT_OBJECT_FILE_DIR\=/Users/sparkles/Library/Developer/Xcode/DerivedData/Expensio-futtgngxcysvvhcljmosbeftqmyc/Build/Intermediates.noindex/Pods.build/Debug-iphonesimulator/React-Core-prebuilt.build/Objects-normal
    export PKGINFO_FILE_PATH\=/Users/sparkles/Library/Developer/Xcode/DerivedData/Expensio-futtgngxcysvvhcljmosbeftqmyc/Build/Intermediates.noindex/Pods.build/Debug-iphonesimulator/React-Core-prebuilt.build/PkgInfo
    export PLATFORM_DEVELOPER_APPLICATIONS_DIR\=/Applications/Xcode.app/Contents/Developer/Platforms/iPhoneSimulator.platform/Developer/Applications
    export PLATFORM_DEVELOPER_BIN_DIR\=/Applications/Xcode.app/Contents/Developer/Platforms/iPhoneSimulator.platform/Developer/usr/bin
    export PLATFORM_DEVELOPER_LIBRARY_DIR\=/Applications/Xcode.app/Contents/Developer/Platforms/iPhoneSimulator.platform/Developer/Library
    export PLATFORM_DEVELOPER_SDK_DIR\=/Applications/Xcode.app/Contents/Developer/Platforms/iPhoneSimulator.platform/Developer/SDKs
    export PLATFORM_DEVELOPER_TOOLS_DIR\=/Applications/Xcode.app/Contents/Developer/Platforms/iPhoneSimulator.platform/Developer/Tools
    export PLATFORM_DEVELOPER_USR_DIR\=/Applications/Xcode.app/Contents/Developer/Platforms/iPhoneSimulator.platform/Developer/usr
    export PLATFORM_DIR\=/Applications/Xcode.app/Contents/Developer/Platforms/iPhoneSimulator.platform
    export PLATFORM_DISPLAY_NAME\=iOS\ Simulator
    export PLATFORM_FAMILY_NAME\=iOS
    export PLATFORM_NAME\=iphonesimulator
    export PLATFORM_PREFERRED_ARCH\=x86_64
    export PLATFORM_PRODUCT_BUILD_VERSION\=24A430
    export PLATFORM_REQUIRES_SWIFT_AUTOLINK_EXTRACT\=NO
    export PLATFORM_REQUIRES_SWIFT_MODULEWRAP\=NO
    export PLATFORM_USES_DSYMS\=YES
    export PLIST_FILE_OUTPUT_FORMAT\=binary
    export PODFILE_DIR\=/Users/sparkles/Documents/CodingFiles/FullStack/expensioApp/frontend/ios/Pods/..
    export PODS_BUILD_DIR\=/Users/sparkles/Library/Developer/Xcode/DerivedData/Expensio-futtgngxcysvvhcljmosbeftqmyc/Build/Products
    export PODS_CONFIGURATION_BUILD_DIR\=/Users/sparkles/Library/Developer/Xcode/DerivedData/Expensio-futtgngxcysvvhcljmosbeftqmyc/Build/Products/Debug-iphonesimulator
    export PODS_DEVELOPMENT_LANGUAGE\=en
    export PODS_ROOT\=/Users/sparkles/Documents/CodingFiles/FullStack/expensioApp/frontend/ios/Pods
    export PODS_TARGET_SRCROOT\=/Users/sparkles/Documents/CodingFiles/FullStack/expensioApp/frontend/ios/Pods/React-Core-prebuilt
    export PODS_XCFRAMEWORKS_BUILD_DIR\=/Users/sparkles/Library/Developer/Xcode/DerivedData/Expensio-futtgngxcysvvhcljmosbeftqmyc/Build/Products/Debug-iphonesimulator/XCFrameworkIntermediates
    export PRECOMPS_INCLUDE_HEADERS_FROM_BUILT_PRODUCTS_DIR\=YES
    export PRECOMP_DESTINATION_DIR\=/Users/sparkles/Library/Developer/Xcode/DerivedData/Expensio-futtgngxcysvvhcljmosbeftqmyc/Build/Intermediates.noindex/Pods.build/Debug-iphonesimulator/React-Core-prebuilt.build/PrefixHeaders
    export PRELINK_DEPENDENCY_INFO_FILE\=/Users/sparkles/Library/Developer/Xcode/DerivedData/Expensio-futtgngxcysvvhcljmosbeftqmyc/Build/Intermediates.noindex/Pods.build/Debug-iphonesimulator/React-Core-prebuilt.build/Objects-normal/undefined_arch/React-Core-prebuilt_prelink_dependency_info.dat
    export PROCESSED_INFOPLIST_PATH\=/Users/sparkles/Library/Developer/Xcode/DerivedData/Expensio-futtgngxcysvvhcljmosbeftqmyc/Build/Intermediates.noindex/Pods.build/Debug-iphonesimulator/React-Core-prebuilt.build/Objects-normal/undefined_arch/Processed-Info.plist
    export PRODUCT_BUNDLE_IDENTIFIER\=org.cocoapods.React-Core-prebuilt
    export PRODUCT_MODULE_NAME\=React_Core_prebuilt
    export PRODUCT_NAME\=React-Core-prebuilt
    export PRODUCT_SETTINGS_PATH\=
    export PROFILING_CODE\=NO
    export PROJECT\=Pods
    export PROJECT_DERIVED_FILE_DIR\=/Users/sparkles/Library/Developer/Xcode/DerivedData/Expensio-futtgngxcysvvhcljmosbeftqmyc/Build/Intermediates.noindex/Pods.build/DerivedSources
    export PROJECT_DIR\=/Users/sparkles/Documents/CodingFiles/FullStack/expensioApp/frontend/ios/Pods
    export PROJECT_FILE_PATH\=/Users/sparkles/Documents/CodingFiles/FullStack/expensioApp/frontend/ios/Pods/Pods.xcodeproj
    export PROJECT_GUID\=8699adb1dd336b26511df848a716bd42
    export PROJECT_NAME\=Pods
    export PROJECT_TEMP_DIR\=/Users/sparkles/Library/Developer/Xcode/DerivedData/Expensio-futtgngxcysvvhcljmosbeftqmyc/Build/Intermediates.noindex/Pods.build
    export PROJECT_TEMP_ROOT\=/Users/sparkles/Library/Developer/Xcode/DerivedData/Expensio-futtgngxcysvvhcljmosbeftqmyc/Build/Intermediates.noindex
    export REACT_NATIVE_PATH\=/Users/sparkles/Documents/CodingFiles/FullStack/expensioApp/frontend/ios/Pods/../../node_modules/react-native
    export RECOMMENDED_IPHONEOS_DEPLOYMENT_TARGET\=17.0
    export RECURSIVE_SEARCH_PATHS_FOLLOW_SYMLINKS\=YES
    export REMOVE_CVS_FROM_RESOURCES\=YES
    export REMOVE_GIT_FROM_RESOURCES\=YES
    export REMOVE_HEADERS_FROM_EMBEDDED_BUNDLES\=YES
    export REMOVE_HG_FROM_RESOURCES\=YES
    export REMOVE_STATIC_EXECUTABLES_FROM_EMBEDDED_BUNDLES\=YES
    export REMOVE_SVN_FROM_RESOURCES\=YES
    export RESCHEDULE_INDEPENDENT_HEADERS_PHASES\=YES
    export REZ_COLLECTOR_DIR\=/Users/sparkles/Library/Developer/Xcode/DerivedData/Expensio-futtgngxcysvvhcljmosbeftqmyc/Build/Intermediates.noindex/Pods.build/Debug-iphonesimulator/React-Core-prebuilt.build/ResourceManagerResources
    export REZ_OBJECTS_DIR\=/Users/sparkles/Library/Developer/Xcode/DerivedData/Expensio-futtgngxcysvvhcljmosbeftqmyc/Build/Intermediates.noindex/Pods.build/Debug-iphonesimulator/React-Core-prebuilt.build/ResourceManagerResources/Objects
    export RPATH_ORIGIN\=@loader_path
    export RUNTIME_EXCEPTION_ALLOW_DYLD_ENVIRONMENT_VARIABLES\=NO
    export RUNTIME_EXCEPTION_ALLOW_JIT\=NO
    export RUNTIME_EXCEPTION_ALLOW_UNSIGNED_EXECUTABLE_MEMORY\=NO
    export RUNTIME_EXCEPTION_DEBUGGING_TOOL\=NO
    export RUNTIME_EXCEPTION_DISABLE_EXECUTABLE_PAGE_PROTECTION\=NO
    export RUNTIME_EXCEPTION_DISABLE_LIBRARY_VALIDATION\=NO
    export SCANNING_PCM_KEEP_CACHE_DIRECTORY\=YES
    export SCAN_ALL_SOURCE_FILES_FOR_INCLUDES\=NO
    export SCRIPT_INPUT_FILE_COUNT\=0
    export SCRIPT_INPUT_FILE_LIST_COUNT\=0
    export SCRIPT_OUTPUT_FILE_COUNT\=0
    export SCRIPT_OUTPUT_FILE_LIST_COUNT\=0
    export SDKROOT\=/Applications/Xcode.app/Contents/Developer/Platforms/iPhoneSimulator.platform/Developer/SDKs/iPhoneSimulator27.0.sdk
    export SDK_DIR\=/Applications/Xcode.app/Contents/Developer/Platforms/iPhoneSimulator.platform/Developer/SDKs/iPhoneSimulator27.0.sdk
    export SDK_DIR_iphonesimulator\=/Applications/Xcode.app/Contents/Developer/Platforms/iPhoneSimulator.platform/Developer/SDKs/iPhoneSimulator27.0.sdk
    export SDK_DIR_iphonesimulator27_0\=/Applications/Xcode.app/Contents/Developer/Platforms/iPhoneSimulator.platform/Developer/SDKs/iPhoneSimulator27.0.sdk
    export SDK_NAME\=iphonesimulator27.0
    export SDK_NAMES\=iphonesimulator27.0
    export SDK_PRODUCT_BUILD_VERSION\=24A430
    export SDK_STAT_CACHE_DIR\=/Users/sparkles/Library/Developer/Xcode/DerivedData
    export SDK_STAT_CACHE_ENABLE\=YES
    export SDK_STAT_CACHE_PATH\=/Users/sparkles/Library/Developer/Xcode/DerivedData/SDKStatCaches.noindex/iphonesimulator27.0-24A430-8dc58220667be655e1bcc261a7455254.sdkstatcache
    export SDK_VERSION\=27.0
    export SDK_VERSION_ACTUAL\=270000
    export SDK_VERSION_MAJOR\=270000
    export SDK_VERSION_MINOR\=270000
    export SED\=/usr/bin/sed
    export SEPARATE_STRIP\=NO
    export SEPARATE_SYMBOL_EDIT\=NO
    export SET_DIR_MODE_OWNER_GROUP\=YES
    export SET_FILE_MODE_OWNER_GROUP\=NO
    export SHALLOW_BUNDLE\=NO
    export SHARED_DERIVED_FILE_DIR\=/Users/sparkles/Library/Developer/Xcode/DerivedData/Expensio-futtgngxcysvvhcljmosbeftqmyc/Build/Products/Debug-iphonesimulator/React-Core-prebuilt/DerivedSources
    export SHARED_PRECOMPS_DIR\=/Users/sparkles/Library/Developer/Xcode/DerivedData/Expensio-futtgngxcysvvhcljmosbeftqmyc/Build/Intermediates.noindex/PrecompiledHeaders
    export SKIP_COPYING_TEST_FRAMEWORKS\=YES
    export SKIP_INSTALL\=YES
    export SKIP_MERGEABLE_LIBRARY_BUNDLE_HOOK\=NO
    export SOURCE_ROOT\=/Users/sparkles/Documents/CodingFiles/FullStack/expensioApp/frontend/ios/Pods
    export SRCROOT\=/Users/sparkles/Documents/CodingFiles/FullStack/expensioApp/frontend/ios/Pods
    export STRINGSDATA_DIR\=/Users/sparkles/Library/Developer/Xcode/DerivedData/Expensio-futtgngxcysvvhcljmosbeftqmyc/Build/Intermediates.noindex/Pods.build/Debug-iphonesimulator/React-Core-prebuilt.build/Objects-normal/undefined_arch
    export STRINGSDATA_ROOT\=/Users/sparkles/Library/Developer/Xcode/DerivedData/Expensio-futtgngxcysvvhcljmosbeftqmyc/Build/Intermediates.noindex/Pods.build/Debug-iphonesimulator/React-Core-prebuilt.build
    export STRINGS_FILE_INFOPLIST_RENAME\=YES
    export STRINGS_FILE_OUTPUT_ENCODING\=binary
    export STRING_CATALOG_GENERATE_SYMBOLS\=YES
    export STRIP_BITCODE_FROM_COPIED_FILES\=NO
    export STRIP_INSTALLED_PRODUCT\=NO
    export STRIP_STYLE\=all
    export STRIP_SWIFT_SYMBOLS\=YES
    export SUPPORTED_DEVICE_FAMILIES\=1,2
    export SUPPORTED_PLATFORMS\=iphoneos\ iphonesimulator
    export SUPPORTS_TEXT_BASED_API\=NO
    export SUPPRESS_WARNINGS\=NO
    export SWIFTC_PASS_SDKROOT\=YES
    export SWIFTC_PASS_SYSROOT\=NO
    export SWIFT_ACTIVE_COMPILATION_CONDITIONS\=\ DEBUG
    export SWIFT_COLOR_DIAGNOSTICS\=NO
    export SWIFT_EMIT_CONST_VALUE_PROTOCOLS\=AnyResolverProviding\ AppEntity\ AppEnum\ AppExtension\ AppIntent\ AppIntentsPackage\ AppShortcutProviding\ AppShortcutsProvider\ AppUnionValue\ AppUnionValueCasesProviding\ DynamicOptionsProvider\ EntityQuery\ ExtensionPointDefining\ IntentValueQuery\ Resolver\ TransientEntity\ _AssistantIntentsProvider\ _GenerativeFunctionExtractable\ _IntentValueRepresentable
    export SWIFT_EMIT_LOC_STRINGS\=NO
    export SWIFT_EMIT_MODULE_INTERFACE\=NO
    export SWIFT_ENABLE_EXPLICIT_MODULES\=NO
    export SWIFT_ENABLE_TESTABILITY\=YES
    export SWIFT_OPTIMIZATION_LEVEL\=-Onone
    export SWIFT_PLATFORM_TARGET_PREFIX\=ios
    export SWIFT_RESPONSE_FILE_PATH_normal_arm64\=/Users/sparkles/Library/Developer/Xcode/DerivedData/Expensio-futtgngxcysvvhcljmosbeftqmyc/Build/Intermediates.noindex/Pods.build/Debug-iphonesimulator/React-Core-prebuilt.build/Objects-normal/arm64/React-Core-prebuilt.SwiftFileList
    export SWIFT_RESPONSE_FILE_PATH_normal_x86_64\=/Users/sparkles/Library/Developer/Xcode/DerivedData/Expensio-futtgngxcysvvhcljmosbeftqmyc/Build/Intermediates.noindex/Pods.build/Debug-iphonesimulator/React-Core-prebuilt.build/Objects-normal/x86_64/React-Core-prebuilt.SwiftFileList
    export SWIFT_VERSION\=5.0
    export SYMROOT\=/Users/sparkles/Library/Developer/Xcode/DerivedData/Expensio-futtgngxcysvvhcljmosbeftqmyc/Build/Products
    export SYSROOT\=/Applications/Xcode.app/Contents/Developer/Platforms/iPhoneSimulator.platform/Developer/SDKs/iPhoneSimulator27.0.sdk
    export SYSTEM_ADMIN_APPS_DIR\=/Applications/Utilities
    export SYSTEM_APPS_DIR\=/Applications
    export SYSTEM_CORE_SERVICES_DIR\=/System/Library/CoreServices
    export SYSTEM_DEMOS_DIR\=/Applications/Extras
    export SYSTEM_DEVELOPER_APPS_DIR\=/Applications/Xcode.app/Contents/Developer/Applications
    export SYSTEM_DEVELOPER_BIN_DIR\=/Applications/Xcode.app/Contents/Developer/usr/bin
    export SYSTEM_DEVELOPER_DEMOS_DIR\=/Applications/Xcode.app/Contents/Developer/Applications/Utilities/Built\ Examples
    export SYSTEM_DEVELOPER_DIR\=/Applications/Xcode.app/Contents/Developer
    export SYSTEM_DEVELOPER_DOC_DIR\=/Applications/Xcode.app/Contents/Developer/ADC\ Reference\ Library
    export SYSTEM_DEVELOPER_GRAPHICS_TOOLS_DIR\=/Applications/Xcode.app/Contents/Developer/Applications/Graphics\ Tools
    export SYSTEM_DEVELOPER_JAVA_TOOLS_DIR\=/Applications/Xcode.app/Contents/Developer/Applications/Java\ Tools
    export SYSTEM_DEVELOPER_PERFORMANCE_TOOLS_DIR\=/Applications/Xcode.app/Contents/Developer/Applications/Performance\ Tools
    export SYSTEM_DEVELOPER_RELEASENOTES_DIR\=/Applications/Xcode.app/Contents/Developer/ADC\ Reference\ Library/releasenotes
    export SYSTEM_DEVELOPER_TOOLS\=/Applications/Xcode.app/Contents/Developer/Tools
    export SYSTEM_DEVELOPER_TOOLS_DOC_DIR\=/Applications/Xcode.app/Contents/Developer/ADC\ Reference\ Library/documentation/DeveloperTools
    export SYSTEM_DEVELOPER_TOOLS_RELEASENOTES_DIR\=/Applications/Xcode.app/Contents/Developer/ADC\ Reference\ Library/releasenotes/DeveloperTools
    export SYSTEM_DEVELOPER_USR_DIR\=/Applications/Xcode.app/Contents/Developer/usr
    export SYSTEM_DEVELOPER_UTILITIES_DIR\=/Applications/Xcode.app/Contents/Developer/Applications/Utilities
    export SYSTEM_DEXT_INSTALL_PATH\=/System/Library/DriverExtensions
    export SYSTEM_DOCUMENTATION_DIR\=/Library/Documentation
    export SYSTEM_KEXT_INSTALL_PATH\=/System/Library/Extensions
    export SYSTEM_LIBRARY_DIR\=/System/Library
    export TAPI_DEMANGLE\=YES
    export TAPI_ENABLE_PROJECT_HEADERS\=NO
    export TAPI_LANGUAGE\=objective-c
    export TAPI_LANGUAGE_STANDARD\=compiler-default
    export TAPI_USE_SRCROOT\=YES
    export TAPI_VERIFY_MODE\=Pedantic
    export TARGETED_DEVICE_FAMILY\=1,2
    export TARGETNAME\=React-Core-prebuilt
    export TARGET_BUILD_DIR\=/Users/sparkles/Library/Developer/Xcode/DerivedData/Expensio-futtgngxcysvvhcljmosbeftqmyc/Build/Products/Debug-iphonesimulator/React-Core-prebuilt
    export TARGET_NAME\=React-Core-prebuilt
    export TARGET_TEMP_DIR\=/Users/sparkles/Library/Developer/Xcode/DerivedData/Expensio-futtgngxcysvvhcljmosbeftqmyc/Build/Intermediates.noindex/Pods.build/Debug-iphonesimulator/React-Core-prebuilt.build
    export TEMP_DIR\=/Users/sparkles/Library/Developer/Xcode/DerivedData/Expensio-futtgngxcysvvhcljmosbeftqmyc/Build/Intermediates.noindex/Pods.build/Debug-iphonesimulator/React-Core-prebuilt.build
    export TEMP_FILES_DIR\=/Users/sparkles/Library/Developer/Xcode/DerivedData/Expensio-futtgngxcysvvhcljmosbeftqmyc/Build/Intermediates.noindex/Pods.build/Debug-iphonesimulator/React-Core-prebuilt.build
    export TEMP_FILE_DIR\=/Users/sparkles/Library/Developer/Xcode/DerivedData/Expensio-futtgngxcysvvhcljmosbeftqmyc/Build/Intermediates.noindex/Pods.build/Debug-iphonesimulator/React-Core-prebuilt.build
    export TEMP_ROOT\=/Users/sparkles/Library/Developer/Xcode/DerivedData/Expensio-futtgngxcysvvhcljmosbeftqmyc/Build/Intermediates.noindex
    export TEMP_SANDBOX_DIR\=/Users/sparkles/Library/Developer/Xcode/DerivedData/Expensio-futtgngxcysvvhcljmosbeftqmyc/Build/Intermediates.noindex/TemporaryTaskSandboxes
    export TEST_FRAMEWORK_SEARCH_PATHS\=\ /Applications/Xcode.app/Contents/Developer/Platforms/iPhoneSimulator.platform/Developer/Library/Frameworks\ /Applications/Xcode.app/Contents/Developer/Platforms/iPhoneSimulator.platform/Developer/SDKs/iPhoneSimulator27.0.sdk/Developer/Library/Frameworks
    export TEST_LIBRARY_SEARCH_PATHS\=\ /Applications/Xcode.app/Contents/Developer/Platforms/iPhoneSimulator.platform/Developer/usr/lib
    export TOOLCHAINS\=com.apple.dt.toolchain.XcodeDefault
    export TOOLCHAIN_DIR\=/Applications/Xcode.app/Contents/Developer/Toolchains/XcodeDefault.xctoolchain
    export TREAT_MISSING_BASELINES_AS_TEST_FAILURES\=NO
    export TREAT_MISSING_SCRIPT_PHASE_OUTPUTS_AS_ERRORS\=NO
    export UID\=501
    export UNINSTALLED_PRODUCTS_DIR\=/Users/sparkles/Library/Developer/Xcode/DerivedData/Expensio-futtgngxcysvvhcljmosbeftqmyc/Build/Intermediates.noindex/UninstalledProducts
    export UNSTRIPPED_PRODUCT\=NO
    export USER\=sparkles
    export USER_APPS_DIR\=/Users/sparkles/Applications
    export USER_LIBRARY_DIR\=/Users/sparkles/Library
    export USE_DYNAMIC_NO_PIC\=YES
    export USE_HEADERMAP\=YES
    export USE_HEADER_SYMLINKS\=NO
    export USE_HERMES\=true
    export USE_RECURSIVE_SCRIPT_INPUTS_IN_SCRIPT_PHASES\=YES
    export VALIDATE_DEVELOPMENT_ASSET_PATHS\=YES_ERROR
    export VALIDATE_PRODUCT\=NO
    export VALID_ARCHS\=arm64\ x86_64
    export VERBOSE_PBXCP\=NO
    export VERSION_INFO_BUILDER\=sparkles
    export VERSION_INFO_FILE\=React-Core-prebuilt_vers.c
    export VERSION_INFO_STRING\=\"@\(\#\)PROGRAM:React-Core-prebuilt\ \ PROJECT:Pods-\"
    export WORKSPACE_DIR\=/Users/sparkles/Documents/CodingFiles/FullStack/expensioApp/frontend/ios
    export WRAP_ASSET_PACKS_IN_SEPARATE_DIRECTORIES\=NO
    export XCODE_APP_SUPPORT_DIR\=/Applications/Xcode.app/Contents/Developer/Library/Xcode
    export XCODE_PRODUCT_BUILD_VERSION\=27A266a
    export XCODE_VERSION_ACTUAL\=2700
    export XCODE_VERSION_MAJOR\=2700
    export XCODE_VERSION_MINOR\=2700
    export XPCSERVICES_FOLDER_PATH\=/XPCServices
    export YACC\=yacc
    export _DISCOVER_COMMAND_LINE_LINKER_INPUTS\=YES
    export _DISCOVER_COMMAND_LINE_LINKER_INPUTS_INCLUDE_WL\=YES
    export _LD_MULTIARCH\=YES
    export _SWIFT_EXPLICIT_MODULES_ALLOW_CXX_INTEROP\=NO
    export __ARCHS__\=arm64\ x86_64
    export __DIAGNOSE_DEPRECATED_ARCHS\=YES
    export __DIAGNOSE_INVALID_DEPLOYMENT_TARGET_AS_ERROR\=YES
    export __ORIGINAL_SDK_DEFINED_LLVM_TARGET_TRIPLE_SYS\=ios
    export arch\=undefined_arch
    export variant\=normal
    /bin/sh -c /Users/sparkles/Library/Developer/Xcode/DerivedData/Expensio-futtgngxcysvvhcljmosbeftqmyc/Build/Intermediates.noindex/Pods.build/Debug-iphonesimulator/React-Core-prebuilt.build/Script-46EB2E0001AAA0.sh
Node found at: /opt/homebrew/Cellar/node/26.10.0_1/bin/node
No previous build detected, but Debug Configuration. No need to replace React-Core-prebuilt

PhaseScriptExecution [CP]\ Copy\ XCFrameworks /Users/sparkles/Library/Developer/Xcode/DerivedData/Expensio-futtgngxcysvvhcljmosbeftqmyc/Build/Intermediates.noindex/Pods.build/Debug-iphonesimulator/React-Core-prebuilt.build/Script-46EB2E0001AA90.sh (in target 'React-Core-prebuilt' from project 'Pods')
    cd /Users/sparkles/Documents/CodingFiles/FullStack/expensioApp/frontend/ios/Pods
    /bin/sh -c /Users/sparkles/Library/Developer/Xcode/DerivedData/Expensio-futtgngxcysvvhcljmosbeftqmyc/Build/Intermediates.noindex/Pods.build/Debug-iphonesimulator/React-Core-prebuilt.build/Script-46EB2E0001AA90.sh
Selected xcframework slice ios-arm64_x86_64-simulator
rsync --delete -av --filter P .*.?????? --links --filter "- CVS/" --filter "- .svn/" --filter "- .git/" --filter "- .hg/" "/Users/sparkles/Documents/CodingFiles/FullStack/expensioApp/frontend/ios/Pods/React-Core-prebuilt/React.xcframework/ios-arm64_x86_64-simulator/*" "/Users/sparkles/Library/Developer/Xcode/DerivedData/Expensio-futtgngxcysvvhcljmosbeftqmyc/Build/Products/Debug-iphonesimulator/XCFrameworkIntermediates/React-Core-prebuilt"
Transfer starting: 1431 files
React.framework/
React.framework/Info.plist
React.framework/React
React.framework/Headers/
React.framework/Headers/FBLazyVector/
React.framework/Headers/FBLazyVector/FBLazyVector/
React.framework/Headers/FBLazyVector/FBLazyVector/FBLazyIterator.h
React.framework/Headers/FBLazyVector/FBLazyVector/FBLazyVector.h
React.framework/Headers/RCTDeprecation/
React.framework/Headers/RCTDeprecation/RCTDeprecation.h
React.framework/Headers/RCTRequired/
React.framework/Headers/RCTRequired/RCTRequired/
React.framework/Headers/RCTRequired/RCTRequired/RCTRequired.h
React.framework/Headers/RCTSwiftUIWrapper/
React.framework/Headers/RCTSwiftUIWrapper/RCTSwiftUIWrapper/
React.framework/Headers/RCTSwiftUIWrapper/RCTSwiftUIWrapper/RCTSwiftUIContainerViewWrapper.h
React.framework/Headers/RCTTypeSafety/
React.framework/Headers/RCTTypeSafety/RCTTypeSafety/
React.framework/Headers/RCTTypeSafety/RCTTypeSafety/RCTConvertHelpers.h
React.framework/Headers/RCTTypeSafety/RCTTypeSafety/RCTTypedModuleConstants.h
React.framework/Headers/ReactCommon/
React.framework/Headers/ReactCommon/ReactCommon/
React.framework/Headers/ReactCommon/ReactCommon/CxxTurboModuleUtils.h
React.framework/Headers/ReactCommon/ReactCommon/TurboModule.h
React.framework/Headers/ReactCommon/ReactCommon/TurboModuleBinding.h
React.framework/Headers/ReactCommon/ReactCommon/TurboModulePerfLogger.h
React.framework/Headers/ReactCommon/ReactCommon/TurboModuleUtils.h
React.framework/Headers/ReactCommon/ReactCommon/TurboModuleWithJSIBindings.h
React.framework/Headers/ReactCommon/react/
React.framework/Headers/ReactCommon/react/bridging/
React.framework/Headers/ReactCommon/react/bridging/AString.h
React.framework/Headers/ReactCommon/react/bridging/Array.h
React.framework/Headers/ReactCommon/react/bridging/Base.h
React.framework/Headers/ReactCommon/react/bridging/Bool.h
React.framework/Headers/ReactCommon/react/bridging/Bridging.h
React.framework/Headers/ReactCommon/react/bridging/CallbackWrapper.h
React.framework/Headers/ReactCommon/react/bridging/Class.h
React.framework/Headers/ReactCommon/react/bridging/Convert.h
React.framework/Headers/ReactCommon/react/bridging/Dynamic.h
React.framework/Headers/ReactCommon/react/bridging/Error.h
React.framework/Headers/ReactCommon/react/bridging/EventEmitter.h
React.framework/Headers/ReactCommon/react/bridging/Function.h
React.framework/Headers/ReactCommon/react/bridging/HighResTimeStamp.h
React.framework/Headers/ReactCommon/react/bridging/LongLivedObject.h
React.framework/Headers/ReactCommon/react/bridging/Number.h
React.framework/Headers/ReactCommon/react/bridging/Object.h
React.framework/Headers/ReactCommon/react/bridging/Promise.h
React.framework/Headers/ReactCommon/react/bridging/Value.h
React.framework/Headers/React_Core/
React.framework/Headers/React_Core/React_Core-umbrella.h
React.framework/Headers/React_Core/React/
React.framework/Headers/React_Core/React/CoreModulesPlugins.h
React.framework/Headers/React_Core/React/DispatchMessageQueueThread.h
React.framework/Headers/React_Core/React/FBXXHashUtils.h
React.framework/Headers/React_Core/React/NSDataBigString.h
React.framework/Headers/React_Core/React/NSTextStorage+FontScaling.h
React.framework/Headers/React_Core/React/RCTAccessibilityManager+Internal.h
React.framework/Headers/React_Core/React/RCTAccessibilityManager.h
React.framework/Headers/React_Core/React/RCTActionSheetManager.h
React.framework/Headers/React_Core/React/RCTActivityIndicatorView.h
React.framework/Headers/React_Core/React/RCTActivityIndicatorViewManager.h
React.framework/Headers/React_Core/React/RCTAdditionAnimatedNode.h
React.framework/Headers/React_Core/React/RCTAlertController.h
React.framework/Headers/React_Core/React/RCTAlertManager.h
React.framework/Headers/React_Core/React/RCTAnimatedImage.h
React.framework/Headers/React_Core/React/RCTAnimatedNode.h
React.framework/Headers/React_Core/React/RCTAnimationDriver.h
React.framework/Headers/React_Core/React/RCTAnimationPlugins.h
React.framework/Headers/React_Core/React/RCTAnimationType.h
React.framework/Headers/React_Core/React/RCTAnimationUtils.h
React.framework/Headers/React_Core/React/RCTAppState.h
React.framework/Headers/React_Core/React/RCTAppearance.h
React.framework/Headers/React_Core/React/RCTAssert.h
React.framework/Headers/React_Core/React/RCTAutoInsetsProtocol.h
React.framework/Headers/React_Core/React/RCTBackedTextInputDelegate.h
React.framework/Headers/React_Core/React/RCTBackedTextInputDelegateAdapter.h
React.framework/Headers/React_Core/React/RCTBackedTextInputViewProtocol.h
React.framework/Headers/React_Core/React/RCTBaseTextInputShadowView.h
React.framework/Headers/React_Core/React/RCTBaseTextInputView.h
React.framework/Headers/React_Core/React/RCTBaseTextInputViewManager.h
React.framework/Headers/React_Core/React/RCTBaseTextShadowView.h
React.framework/Headers/React_Core/React/RCTBaseTextViewManager.h
React.framework/Headers/React_Core/React/RCTBlobManager.h
React.framework/Headers/React_Core/React/RCTBorderCurve.h
React.framework/Headers/React_Core/React/RCTBorderDrawing.h
React.framework/Headers/React_Core/React/RCTBorderStyle.h
React.framework/Headers/React_Core/React/RCTBridge+Inspector.h
React.framework/Headers/React_Core/React/RCTBridge+Private.h
React.framework/Headers/React_Core/React/RCTBridge.h
React.framework/Headers/React_Core/React/RCTBridgeConstants.h
React.framework/Headers/React_Core/React/RCTBridgeDelegate.h
React.framework/Headers/React_Core/React/RCTBridgeMethod.h
React.framework/Headers/React_Core/React/RCTBridgeModule.h
React.framework/Headers/React_Core/React/RCTBridgeModuleDecorator.h
React.framework/Headers/React_Core/React/RCTBridgeProxy+Cxx.h
React.framework/Headers/React_Core/React/RCTBridgeProxy.h
React.framework/Headers/React_Core/React/RCTBundleAssetImageLoader.h
React.framework/Headers/React_Core/React/RCTBundleManager.h
React.framework/Headers/React_Core/React/RCTBundleURLProvider.h
React.framework/Headers/React_Core/React/RCTCallInvoker.h
React.framework/Headers/React_Core/React/RCTCallInvokerModule.h
React.framework/Headers/React_Core/React/RCTClipboard.h
React.framework/Headers/React_Core/React/RCTColorAnimatedNode.h
React.framework/Headers/React_Core/React/RCTComponent.h
React.framework/Headers/React_Core/React/RCTComponentData.h
React.framework/Headers/React_Core/React/RCTComponentEvent.h
React.framework/Headers/React_Core/React/RCTConstants.h
React.framework/Headers/React_Core/React/RCTConvert+CoreLocation.h
React.framework/Headers/React_Core/React/RCTConvert+Text.h
React.framework/Headers/React_Core/React/RCTConvert+Transform.h
React.framework/Headers/React_Core/React/RCTConvert.h
React.framework/Headers/React_Core/React/RCTCursor.h
React.framework/Headers/React_Core/React/RCTCxxBridgeDelegate.h
React.framework/Headers/React_Core/React/RCTCxxConvert.h
React.framework/Headers/React_Core/React/RCTCxxInspectorPackagerConnection.h
React.framework/Headers/React_Core/React/RCTCxxInspectorPackagerConnectionDelegate.h
React.framework/Headers/React_Core/React/RCTCxxInspectorWebSocketAdapter.h
React.framework/Headers/React_Core/React/RCTCxxMethod.h
React.framework/Headers/React_Core/React/RCTCxxUtils.h
React.framework/Headers/React_Core/React/RCTDataRequestHandler.h
React.framework/Headers/React_Core/React/RCTDebuggingOverlay.h
React.framework/Headers/React_Core/React/RCTDebuggingOverlayManager.h
React.framework/Headers/React_Core/React/RCTDecayAnimation.h
React.framework/Headers/React_Core/React/RCTDefaultCxxLogFunction.h
React.framework/Headers/React_Core/React/RCTDefines.h
React.framework/Headers/React_Core/React/RCTDevLoadingView.h
React.framework/Headers/React_Core/React/RCTDevLoadingViewProtocol.h
React.framework/Headers/React_Core/React/RCTDevLoadingViewSetEnabled.h
React.framework/Headers/React_Core/React/RCTDevMenu.h
React.framework/Headers/React_Core/React/RCTDevMenuConfigurationDecorator.h
React.framework/Headers/React_Core/React/RCTDevSettings.h
React.framework/Headers/React_Core/React/RCTDevSupportHttpHeaders.h
React.framework/Headers/React_Core/React/RCTDevToolsRuntimeSettingsModule.h
React.framework/Headers/React_Core/React/RCTDeviceInfo.h
React.framework/Headers/React_Core/React/RCTDiffClampAnimatedNode.h
React.framework/Headers/React_Core/React/RCTDisplayLink.h
React.framework/Headers/React_Core/React/RCTDisplayWeakRefreshable.h
React.framework/Headers/React_Core/React/RCTDivisionAnimatedNode.h
React.framework/Headers/React_Core/React/RCTDynamicTypeRamp.h
React.framework/Headers/React_Core/React/RCTErrorCustomizer.h
React.framework/Headers/React_Core/React/RCTErrorInfo.h
React.framework/Headers/React_Core/React/RCTEventAnimation.h
React.framework/Headers/React_Core/React/RCTEventDispatcher.h
React.framework/Headers/React_Core/React/RCTEventDispatcherProtocol.h
React.framework/Headers/React_Core/React/RCTEventEmitter.h
React.framework/Headers/React_Core/React/RCTExceptionsManager.h
React.framework/Headers/React_Core/React/RCTFPSGraph.h
React.framework/Headers/React_Core/React/RCTFileReaderModule.h
React.framework/Headers/React_Core/React/RCTFileRequestHandler.h
React.framework/Headers/React_Core/React/RCTFollyConvert.h
React.framework/Headers/React_Core/React/RCTFont+Private.h
React.framework/Headers/React_Core/React/RCTFont.h
React.framework/Headers/React_Core/React/RCTFrameAnimation.h
React.framework/Headers/React_Core/React/RCTFrameTimingsObserver.h
React.framework/Headers/React_Core/React/RCTFrameUpdate.h
React.framework/Headers/React_Core/React/RCTGIFImageDecoder.h
React.framework/Headers/React_Core/React/RCTHTTPRequestHandler.h
React.framework/Headers/React_Core/React/RCTI18nManager.h
React.framework/Headers/React_Core/React/RCTI18nUtil.h
React.framework/Headers/React_Core/React/RCTImageBlurUtils.h
React.framework/Headers/React_Core/React/RCTImageCache.h
React.framework/Headers/React_Core/React/RCTImageDataDecoder.h
React.framework/Headers/React_Core/React/RCTImageEditingManager.h
React.framework/Headers/React_Core/React/RCTImageLoader.h
React.framework/Headers/React_Core/React/RCTImageLoaderLoggable.h
React.framework/Headers/React_Core/React/RCTImageLoaderProtocol.h
React.framework/Headers/React_Core/React/RCTImageLoaderWithAttributionProtocol.h
React.framework/Headers/React_Core/React/RCTImagePlugins.h
React.framework/Headers/React_Core/React/RCTImageShadowView.h
React.framework/Headers/React_Core/React/RCTImageSource.h
React.framework/Headers/React_Core/React/RCTImageStoreManager.h
React.framework/Headers/React_Core/React/RCTImageURLLoader.h
React.framework/Headers/React_Core/React/RCTImageURLLoaderWithAttribution.h
React.framework/Headers/React_Core/React/RCTImageUtils.h
React.framework/Headers/React_Core/React/RCTImageView.h
React.framework/Headers/React_Core/React/RCTImageViewManager.h
React.framework/Headers/React_Core/React/RCTInitializing.h
React.framework/Headers/React_Core/React/RCTInputAccessoryShadowView.h
React.framework/Headers/React_Core/React/RCTInputAccessoryView.h
React.framework/Headers/React_Core/React/RCTInputAccessoryViewContent.h
React.framework/Headers/React_Core/React/RCTInputAccessoryViewManager.h
React.framework/Headers/React_Core/React/RCTInspector.h
React.framework/Headers/React_Core/React/RCTInspectorDevServerHelper.h
React.framework/Headers/React_Core/React/RCTInspectorNetworkHelper.h
React.framework/Headers/React_Core/React/RCTInspectorNetworkReporter.h
React.framework/Headers/React_Core/React/RCTInspectorPackagerConnection.h
React.framework/Headers/React_Core/React/RCTInspectorUtils.h
React.framework/Headers/React_Core/React/RCTInterpolationAnimatedNode.h
React.framework/Headers/React_Core/React/RCTInvalidating.h
React.framework/Headers/React_Core/React/RCTJSIExecutorRuntimeInstaller.h
React.framework/Headers/React_Core/React/RCTJSStackFrame.h
React.framework/Headers/React_Core/React/RCTJSThread.h
React.framework/Headers/React_Core/React/RCTJavaScriptExecutor.h
React.framework/Headers/React_Core/React/RCTJavaScriptLoader.h
React.framework/Headers/React_Core/React/RCTJscSafeUrl+Internal.h
React.framework/Headers/React_Core/React/RCTKeyCommands.h
React.framework/Headers/React_Core/React/RCTKeyboardObserver.h
React.framework/Headers/React_Core/React/RCTLayout.h
React.framework/Headers/React_Core/React/RCTLayoutAnimation.h
React.framework/Headers/React_Core/React/RCTLayoutAnimationGroup.h
React.framework/Headers/React_Core/React/RCTLinkingManager.h
React.framework/Headers/React_Core/React/RCTLinkingPlugins.h
React.framework/Headers/React_Core/React/RCTLocalAssetImageLoader.h
React.framework/Headers/React_Core/React/RCTLocalizedString.h
React.framework/Headers/React_Core/React/RCTLog.h
React.framework/Headers/React_Core/React/RCTLogBox.h
React.framework/Headers/React_Core/React/RCTLogBoxView.h
React.framework/Headers/React_Core/React/RCTMacros.h
React.framework/Headers/React_Core/React/RCTManagedPointer.h
React.framework/Headers/React_Core/React/RCTMessageThread.h
React.framework/Headers/React_Core/React/RCTMockDef.h
React.framework/Headers/React_Core/React/RCTModalHostView.h
React.framework/Headers/React_Core/React/RCTModalHostViewController.h
React.framework/Headers/React_Core/React/RCTModalHostViewManager.h
React.framework/Headers/React_Core/React/RCTModalManager.h
React.framework/Headers/React_Core/React/RCTModuleData.h
React.framework/Headers/React_Core/React/RCTModuleMethod.h
React.framework/Headers/React_Core/React/RCTModuloAnimatedNode.h
React.framework/Headers/React_Core/React/RCTMultilineTextInputView.h
React.framework/Headers/React_Core/React/RCTMultilineTextInputViewManager.h
React.framework/Headers/React_Core/React/RCTMultipartDataTask.h
React.framework/Headers/React_Core/React/RCTMultipartStreamReader.h
React.framework/Headers/React_Core/React/RCTMultiplicationAnimatedNode.h
React.framework/Headers/React_Core/React/RCTNativeAnimatedModule.h
React.framework/Headers/React_Core/React/RCTNativeAnimatedNodesManager.h
React.framework/Headers/React_Core/React/RCTNativeAnimatedTurboModule.h
React.framework/Headers/React_Core/React/RCTNativeModule.h
React.framework/Headers/React_Core/React/RCTNetworkConversions.h
React.framework/Headers/React_Core/React/RCTNetworkPlugins.h
React.framework/Headers/React_Core/React/RCTNetworkTask.h
React.framework/Headers/React_Core/React/RCTNetworking+Internal.h
React.framework/Headers/React_Core/React/RCTNetworking.h
React.framework/Headers/React_Core/React/RCTNullability.h
React.framework/Headers/React_Core/React/RCTObjcExecutor.h
React.framework/Headers/React_Core/React/RCTObjectAnimatedNode.h
React.framework/Headers/React_Core/React/RCTPLTag.h
React.framework/Headers/React_Core/React/RCTPackagerClient.h
React.framework/Headers/React_Core/React/RCTPackagerConnection.h
React.framework/Headers/React_Core/React/RCTParserUtils.h
React.framework/Headers/React_Core/React/RCTPausedInDebuggerOverlayController.h
React.framework/Headers/React_Core/React/RCTPerformanceLogger.h
React.framework/Headers/React_Core/React/RCTPerformanceLoggerLabels.h
React.framework/Headers/React_Core/React/RCTPlatform.h
React.framework/Headers/React_Core/React/RCTPointerEvents.h
React.framework/Headers/React_Core/React/RCTProfile.h
React.framework/Headers/React_Core/React/RCTPropsAnimatedNode.h
React.framework/Headers/React_Core/React/RCTPushNotificationManager.h
React.framework/Headers/React_Core/React/RCTPushNotificationPlugins.h
React.framework/Headers/React_Core/React/RCTRawTextShadowView.h
React.framework/Headers/React_Core/React/RCTRawTextViewManager.h
React.framework/Headers/React_Core/React/RCTReconnectingWebSocket.h
React.framework/Headers/React_Core/React/RCTRedBox+Internal.h
React.framework/Headers/React_Core/React/RCTRedBox.h
React.framework/Headers/React_Core/React/RCTRedBox2AnsiParser+Internal.h
React.framework/Headers/React_Core/React/RCTRedBox2Controller+Internal.h
React.framework/Headers/React_Core/React/RCTRedBox2ErrorParser+Internal.h
React.framework/Headers/React_Core/React/RCTRedBoxController+Internal.h
React.framework/Headers/React_Core/React/RCTRedBoxExtraDataViewController.h
React.framework/Headers/React_Core/React/RCTRedBoxHMRClient+Internal.h
React.framework/Headers/React_Core/React/RCTRedBoxSetEnabled.h
React.framework/Headers/React_Core/React/RCTRefreshControl.h
React.framework/Headers/React_Core/React/RCTRefreshControlManager.h
React.framework/Headers/React_Core/React/RCTRefreshableProtocol.h
React.framework/Headers/React_Core/React/RCTReloadCommand.h
React.framework/Headers/React_Core/React/RCTResizeMode.h
React.framework/Headers/React_Core/React/RCTRootContentView.h
React.framework/Headers/React_Core/React/RCTRootShadowView.h
React.framework/Headers/React_Core/React/RCTRootView.h
React.framework/Headers/React_Core/React/RCTRootViewDelegate.h
React.framework/Headers/React_Core/React/RCTRootViewInternal.h
React.framework/Headers/React_Core/React/RCTSafeAreaShadowView.h
React.framework/Headers/React_Core/React/RCTSafeAreaView.h
React.framework/Headers/React_Core/React/RCTSafeAreaViewLocalData.h
React.framework/Headers/React_Core/React/RCTSafeAreaViewManager.h
React.framework/Headers/React_Core/React/RCTScrollContentShadowView.h
React.framework/Headers/React_Core/React/RCTScrollContentView.h
React.framework/Headers/React_Core/React/RCTScrollContentViewManager.h
React.framework/Headers/React_Core/React/RCTScrollEvent.h
React.framework/Headers/React_Core/React/RCTScrollView.h
React.framework/Headers/React_Core/React/RCTScrollViewManager.h
React.framework/Headers/React_Core/React/RCTScrollableProtocol.h
React.framework/Headers/React_Core/React/RCTSettingsManager.h
React.framework/Headers/React_Core/React/RCTSettingsPlugins.h
React.framework/Headers/React_Core/React/RCTShadowView+Internal.h
React.framework/Headers/React_Core/React/RCTShadowView+Layout.h
React.framework/Headers/React_Core/React/RCTShadowView.h
React.framework/Headers/React_Core/React/RCTSinglelineTextInputView.h
React.framework/Headers/React_Core/React/RCTSinglelineTextInputViewManager.h
React.framework/Headers/React_Core/React/RCTSourceCode.h
React.framework/Headers/React_Core/React/RCTSpringAnimation.h
React.framework/Headers/React_Core/React/RCTStatusBarManager.h
React.framework/Headers/React_Core/React/RCTStyleAnimatedNode.h
React.framework/Headers/React_Core/React/RCTSubtractionAnimatedNode.h
React.framework/Headers/React_Core/React/RCTSurface.h
React.framework/Headers/React_Core/React/RCTSurfaceDelegate.h
React.framework/Headers/React_Core/React/RCTSurfaceHostingProxyRootView.h
React.framework/Headers/React_Core/React/RCTSurfaceHostingView.h
React.framework/Headers/React_Core/React/RCTSurfacePresenterStub.h
React.framework/Headers/React_Core/React/RCTSurfaceProtocol.h
React.framework/Headers/React_Core/React/RCTSurfaceRootShadowView.h
React.framework/Headers/React_Core/React/RCTSurfaceRootShadowViewDelegate.h
React.framework/Headers/React_Core/React/RCTSurfaceRootView.h
React.framework/Headers/React_Core/React/RCTSurfaceSizeMeasureMode.h
React.framework/Headers/React_Core/React/RCTSurfaceStage.h
React.framework/Headers/React_Core/React/RCTSurfaceView+Internal.h
React.framework/Headers/React_Core/React/RCTSurfaceView.h
React.framework/Headers/React_Core/React/RCTSwitch.h
React.framework/Headers/React_Core/React/RCTSwitchManager.h
React.framework/Headers/React_Core/React/RCTTextAttributes.h
React.framework/Headers/React_Core/React/RCTTextDecorationLineType.h
React.framework/Headers/React_Core/React/RCTTextSelection.h
React.framework/Headers/React_Core/React/RCTTextShadowView.h
React.framework/Headers/React_Core/React/RCTTextTransform.h
React.framework/Headers/React_Core/React/RCTTextView.h
React.framework/Headers/React_Core/React/RCTTextViewManager.h
React.framework/Headers/React_Core/React/RCTTiming.h
React.framework/Headers/React_Core/React/RCTTouchEvent.h
React.framework/Headers/React_Core/React/RCTTouchHandler.h
React.framework/Headers/React_Core/React/RCTTrackingAnimatedNode.h
React.framework/Headers/React_Core/React/RCTTransformAnimatedNode.h
React.framework/Headers/React_Core/React/RCTTurboModuleRegistry.h
React.framework/Headers/React_Core/React/RCTUIImageViewAnimated.h
React.framework/Headers/React_Core/React/RCTUIManager.h
React.framework/Headers/React_Core/React/RCTUIManagerObserverCoordinator.h
React.framework/Headers/React_Core/React/RCTUIManagerUtils.h
React.framework/Headers/React_Core/React/RCTUITextField.h
React.framework/Headers/React_Core/React/RCTUITextView.h
React.framework/Headers/React_Core/React/RCTURLRequestDelegate.h
React.framework/Headers/React_Core/React/RCTURLRequestHandler.h
React.framework/Headers/React_Core/React/RCTUtils.h
React.framework/Headers/React_Core/React/RCTUtilsUIOverride.h
React.framework/Headers/React_Core/React/RCTValueAnimatedNode.h
React.framework/Headers/React_Core/React/RCTVersion.h
React.framework/Headers/React_Core/React/RCTVibration.h
React.framework/Headers/React_Core/React/RCTVibrationPlugins.h
React.framework/Headers/React_Core/React/RCTView.h
React.framework/Headers/React_Core/React/RCTViewManager.h
React.framework/Headers/React_Core/React/RCTViewUtils.h
React.framework/Headers/React_Core/React/RCTVirtualTextShadowView.h
React.framework/Headers/React_Core/React/RCTVirtualTextView.h
React.framework/Headers/React_Core/React/RCTVirtualTextViewManager.h
React.framework/Headers/React_Core/React/RCTWebSocketModule.h
React.framework/Headers/React_Core/React/RCTWrapperViewController.h
React.framework/Headers/React_Core/React/UIView+Private.h
React.framework/Headers/React_Core/React/UIView+React.h
React.framework/Headers/React_CoreModules/
React.framework/Headers/React_CoreModules/CoreModules/
React.framework/Headers/React_CoreModules/CoreModules/CoreModulesPlugins.h
React.framework/Headers/React_CoreModules/CoreModules/RCTAccessibilityManager+Internal.h
React.framework/Headers/React_CoreModules/CoreModules/RCTAccessibilityManager.h
React.framework/Headers/React_CoreModules/CoreModules/RCTActionSheetManager.h
React.framework/Headers/React_CoreModules/CoreModules/RCTAlertController.h
React.framework/Headers/React_CoreModules/CoreModules/RCTAlertManager.h
React.framework/Headers/React_CoreModules/CoreModules/RCTAppState.h
React.framework/Headers/React_CoreModules/CoreModules/RCTAppearance.h
React.framework/Headers/React_CoreModules/CoreModules/RCTClipboard.h
React.framework/Headers/React_CoreModules/CoreModules/RCTDevLoadingView.h
React.framework/Headers/React_CoreModules/CoreModules/RCTDevMenu.h
React.framework/Headers/React_CoreModules/CoreModules/RCTDevMenuConfigurationDecorator.h
React.framework/Headers/React_CoreModules/CoreModules/RCTDevSettings.h
React.framework/Headers/React_CoreModules/CoreModules/RCTDevToolsRuntimeSettingsModule.h
React.framework/Headers/React_CoreModules/CoreModules/RCTDeviceInfo.h
React.framework/Headers/React_CoreModules/CoreModules/RCTEventDispatcher.h
React.framework/Headers/React_CoreModules/CoreModules/RCTExceptionsManager.h
React.framework/Headers/React_CoreModules/CoreModules/RCTFPSGraph.h
React.framework/Headers/React_CoreModules/CoreModules/RCTI18nManager.h
React.framework/Headers/React_CoreModules/CoreModules/RCTJscSafeUrl+Internal.h
React.framework/Headers/React_CoreModules/CoreModules/RCTKeyboardObserver.h
React.framework/Headers/React_CoreModules/CoreModules/RCTLogBox.h
React.framework/Headers/React_CoreModules/CoreModules/RCTLogBoxView.h
React.framework/Headers/React_CoreModules/CoreModules/RCTPlatform.h
React.framework/Headers/React_CoreModules/CoreModules/RCTRedBox+Internal.h
React.framework/Headers/React_CoreModules/CoreModules/RCTRedBox.h
React.framework/Headers/React_CoreModules/CoreModules/RCTRedBox2AnsiParser+Internal.h
React.framework/Headers/React_CoreModules/CoreModules/RCTRedBox2Controller+Internal.h
React.framework/Headers/React_CoreModules/CoreModules/RCTRedBox2ErrorParser+Internal.h
React.framework/Headers/React_CoreModules/CoreModules/RCTRedBoxController+Internal.h
React.framework/Headers/React_CoreModules/CoreModules/RCTRedBoxHMRClient+Internal.h
React.framework/Headers/React_CoreModules/CoreModules/RCTSourceCode.h
React.framework/Headers/React_CoreModules/CoreModules/RCTStatusBarManager.h
React.framework/Headers/React_CoreModules/CoreModules/RCTTiming.h
React.framework/Headers/React_CoreModules/CoreModules/RCTWebSocketModule.h
React.framework/Headers/React_Fabric/
React.framework/Headers/React_Fabric/react/
React.framework/Headers/React_Fabric/react/renderer/
React.framework/Headers/React_Fabric/react/renderer/animated/
React.framework/Headers/React_Fabric/react/renderer/animated/AdditionAnimatedNode.h
React.framework/Headers/React_Fabric/react/renderer/animated/AnimatedModule.h
React.framework/Headers/React_Fabric/react/renderer/animated/AnimatedMountingOverrideDelegate.h
React.framework/Headers/React_Fabric/react/renderer/animated/AnimatedNode.h
React.framework/Headers/React_Fabric/react/renderer/animated/AnimationDriver.h
React.framework/Headers/React_Fabric/react/renderer/animated/AnimationDriverUtils.h
React.framework/Headers/React_Fabric/react/renderer/animated/ColorAnimatedNode.h
React.framework/Headers/React_Fabric/react/renderer/animated/DecayAnimationDriver.h
React.framework/Headers/React_Fabric/react/renderer/animated/DiffClampAnimatedNode.h
React.framework/Headers/React_Fabric/react/renderer/animated/DivisionAnimatedNode.h
React.framework/Headers/React_Fabric/react/renderer/animated/EventAnimationDriver.h
React.framework/Headers/React_Fabric/react/renderer/animated/EventEmitterListener.h
React.framework/Headers/React_Fabric/react/renderer/animated/FrameAnimationDriver.h
React.framework/Headers/React_Fabric/react/renderer/animated/InterpolationAnimatedNode.h
React.framework/Headers/React_Fabric/react/renderer/animated/MergedValueDispatcher.h
React.framework/Headers/React_Fabric/react/renderer/animated/ModulusAnimatedNode.h
React.framework/Headers/React_Fabric/react/renderer/animated/MultiplicationAnimatedNode.h
React.framework/Headers/React_Fabric/react/renderer/animated/NativeAnimatedAllowlist.h
React.framework/Headers/React_Fabric/react/renderer/animated/NativeAnimatedNodesManager.h
React.framework/Headers/React_Fabric/react/renderer/animated/NativeAnimatedNodesManagerProvider.h
React.framework/Headers/React_Fabric/react/renderer/animated/ObjectAnimatedNode.h
React.framework/Headers/React_Fabric/react/renderer/animated/PropsAnimatedNode.h
React.framework/Headers/React_Fabric/react/renderer/animated/RoundAnimatedNode.h
React.framework/Headers/React_Fabric/react/renderer/animated/SpringAnimationDriver.h
React.framework/Headers/React_Fabric/react/renderer/animated/StyleAnimatedNode.h
React.framework/Headers/React_Fabric/react/renderer/animated/SubtractionAnimatedNode.h
React.framework/Headers/React_Fabric/react/renderer/animated/TrackingAnimatedNode.h
React.framework/Headers/React_Fabric/react/renderer/animated/TransformAnimatedNode.h
React.framework/Headers/React_Fabric/react/renderer/animated/ValueAnimatedNode.h
React.framework/Headers/React_Fabric/react/renderer/animated/primitives.h
React.framework/Headers/React_Fabric/react/renderer/animationbackend/
React.framework/Headers/React_Fabric/react/renderer/animationbackend/AnimatedProps.h
React.framework/Headers/React_Fabric/react/renderer/animationbackend/AnimatedPropsBuilder.h
React.framework/Headers/React_Fabric/react/renderer/animationbackend/AnimatedPropsRegistry.h
React.framework/Headers/React_Fabric/react/renderer/animationbackend/AnimatedPropsSerializer.h
React.framework/Headers/React_Fabric/react/renderer/animationbackend/AnimationBackend.h
React.framework/Headers/React_Fabric/react/renderer/animationbackend/AnimationBackendCommitHook.h
React.framework/Headers/React_Fabric/react/renderer/animationbackend/AnimationChoreographer.h
React.framework/Headers/React_Fabric/react/renderer/animations/
React.framework/Headers/React_Fabric/react/renderer/animations/LayoutAnimationCallbackWrapper.h
React.framework/Headers/React_Fabric/react/renderer/animations/LayoutAnimationDriver.h
React.framework/Headers/React_Fabric/react/renderer/animations/LayoutAnimationKeyFrameManager.h
React.framework/Headers/React_Fabric/react/renderer/animations/conversions.h
React.framework/Headers/React_Fabric/react/renderer/animations/primitives.h
React.framework/Headers/React_Fabric/react/renderer/animations/utils.h
React.framework/Headers/React_Fabric/react/renderer/attributedstring/
React.framework/Headers/React_Fabric/react/renderer/attributedstring/AttributedString.h
React.framework/Headers/React_Fabric/react/renderer/attributedstring/AttributedStringBox.h
React.framework/Headers/React_Fabric/react/renderer/attributedstring/ParagraphAttributes.h
React.framework/Headers/React_Fabric/react/renderer/attributedstring/PlaceholderAttributedString.h
React.framework/Headers/React_Fabric/react/renderer/attributedstring/TextAttributes.h
React.framework/Headers/React_Fabric/react/renderer/attributedstring/conversions.h
React.framework/Headers/React_Fabric/react/renderer/attributedstring/primitives.h
React.framework/Headers/React_Fabric/react/renderer/bridging/
React.framework/Headers/React_Fabric/react/renderer/bridging/bridging.h
React.framework/Headers/React_Fabric/react/renderer/componentregistry/
React.framework/Headers/React_Fabric/react/renderer/componentregistry/ComponentDescriptorFactory.h
React.framework/Headers/React_Fabric/react/renderer/componentregistry/ComponentDescriptorProvider.h
React.framework/Headers/React_Fabric/react/renderer/componentregistry/ComponentDescriptorProviderRegistry.h
React.framework/Headers/React_Fabric/react/renderer/componentregistry/ComponentDescriptorRegistry.h
React.framework/Headers/React_Fabric/react/renderer/componentregistry/componentNameByReactViewName.h
React.framework/Headers/React_Fabric/react/renderer/componentregistry/native/
React.framework/Headers/React_Fabric/react/renderer/componentregistry/native/NativeComponentRegistryBinding.h
React.framework/Headers/React_Fabric/react/renderer/components/
React.framework/Headers/React_Fabric/react/renderer/components/legacyviewmanagerinterop/
React.framework/Headers/React_Fabric/react/renderer/components/legacyviewmanagerinterop/LegacyViewManagerInteropComponentDescriptor.h
React.framework/Headers/React_Fabric/react/renderer/components/legacyviewmanagerinterop/LegacyViewManagerInteropShadowNode.h
React.framework/Headers/React_Fabric/react/renderer/components/legacyviewmanagerinterop/LegacyViewManagerInteropState.h
React.framework/Headers/React_Fabric/react/renderer/components/legacyviewmanagerinterop/LegacyViewManagerInteropViewProps.h
React.framework/Headers/React_Fabric/react/renderer/components/legacyviewmanagerinterop/RCTLegacyViewManagerInteropCoordinator.h
React.framework/Headers/React_Fabric/react/renderer/components/legacyviewmanagerinterop/UnstableLegacyViewManagerAutomaticComponentDescriptor.h
React.framework/Headers/React_Fabric/react/renderer/components/legacyviewmanagerinterop/UnstableLegacyViewManagerAutomaticShadowNode.h
React.framework/Headers/React_Fabric/react/renderer/components/legacyviewmanagerinterop/UnstableLegacyViewManagerInteropComponentDescriptor.h
React.framework/Headers/React_Fabric/react/renderer/components/root/
React.framework/Headers/React_Fabric/react/renderer/components/root/RootComponentDescriptor.h
React.framework/Headers/React_Fabric/react/renderer/components/root/RootProps.h
React.framework/Headers/React_Fabric/react/renderer/components/root/RootShadowNode.h
React.framework/Headers/React_Fabric/react/renderer/components/scrollview/
React.framework/Headers/React_Fabric/react/renderer/components/scrollview/BaseScrollViewProps.h
React.framework/Headers/React_Fabric/react/renderer/components/scrollview/HostPlatformScrollViewProps.h
React.framework/Headers/React_Fabric/react/renderer/components/scrollview/RCTComponentViewHelpers.h
React.framework/Headers/React_Fabric/react/renderer/components/scrollview/ScrollEvent.h
React.framework/Headers/React_Fabric/react/renderer/components/scrollview/ScrollViewComponentDescriptor.h
React.framework/Headers/React_Fabric/react/renderer/components/scrollview/ScrollViewEventEmitter.h
React.framework/Headers/React_Fabric/react/renderer/components/scrollview/ScrollViewProps.h
React.framework/Headers/React_Fabric/react/renderer/components/scrollview/ScrollViewShadowNode.h
React.framework/Headers/React_Fabric/react/renderer/components/scrollview/ScrollViewState.h
React.framework/Headers/React_Fabric/react/renderer/components/scrollview/conversions.h
React.framework/Headers/React_Fabric/react/renderer/components/scrollview/primitives.h
React.framework/Headers/React_Fabric/react/renderer/components/view/
React.framework/Headers/React_Fabric/react/renderer/components/view/AccessibilityPrimitives.h
React.framework/Headers/React_Fabric/react/renderer/components/view/AccessibilityProps.h
React.framework/Headers/React_Fabric/react/renderer/components/view/BackgroundImagePropsConversions.h
React.framework/Headers/React_Fabric/react/renderer/components/view/BaseTouch.h
React.framework/Headers/React_Fabric/react/renderer/components/view/BaseViewEventEmitter.h
React.framework/Headers/React_Fabric/react/renderer/components/view/BaseViewProps.h
React.framework/Headers/React_Fabric/react/renderer/components/view/BoxShadowPropsConversions.h
React.framework/Headers/React_Fabric/react/renderer/components/view/CSSConversions.h
React.framework/Headers/React_Fabric/react/renderer/components/view/ConcreteViewShadowNode.h
React.framework/Headers/React_Fabric/react/renderer/components/view/FilterPropsConversions.h
React.framework/Headers/React_Fabric/react/renderer/components/view/HostPlatformTouch.h
React.framework/Headers/React_Fabric/react/renderer/components/view/HostPlatformViewEventEmitter.h
React.framework/Headers/React_Fabric/react/renderer/components/view/HostPlatformViewProps.h
React.framework/Headers/React_Fabric/react/renderer/components/view/HostPlatformViewTraitsInitializer.h
React.framework/Headers/React_Fabric/react/renderer/components/view/LayoutConformanceComponentDescriptor.h
React.framework/Headers/React_Fabric/react/renderer/components/view/LayoutConformanceProps.h
React.framework/Headers/React_Fabric/react/renderer/components/view/LayoutConformanceShadowNode.h
React.framework/Headers/React_Fabric/react/renderer/components/view/PointerEvent.h
React.framework/Headers/React_Fabric/react/renderer/components/view/Touch.h
React.framework/Headers/React_Fabric/react/renderer/components/view/TouchEvent.h
React.framework/Headers/React_Fabric/react/renderer/components/view/TouchEventEmitter.h
React.framework/Headers/React_Fabric/react/renderer/components/view/ViewComponentDescriptor.h
React.framework/Headers/React_Fabric/react/renderer/components/view/ViewEventEmitter.h
React.framework/Headers/React_Fabric/react/renderer/components/view/ViewProps.h
React.framework/Headers/React_Fabric/react/renderer/components/view/ViewPropsInterpolation.h
React.framework/Headers/React_Fabric/react/renderer/components/view/ViewShadowNode.h
React.framework/Headers/React_Fabric/react/renderer/components/view/YogaLayoutableShadowNode.h
React.framework/Headers/React_Fabric/react/renderer/components/view/YogaStylableProps.h
React.framework/Headers/React_Fabric/react/renderer/components/view/accessibilityPropsConversions.h
React.framework/Headers/React_Fabric/react/renderer/components/view/conversions.h
React.framework/Headers/React_Fabric/react/renderer/components/view/primitives.h
React.framework/Headers/React_Fabric/react/renderer/components/view/propsConversions.h
React.framework/Headers/React_Fabric/react/renderer/consistency/
React.framework/Headers/React_Fabric/react/renderer/consistency/ScopedShadowTreeRevisionLock.h
React.framework/Headers/React_Fabric/react/renderer/consistency/ShadowTreeRevisionConsistencyManager.h
React.framework/Headers/React_Fabric/react/renderer/core/
React.framework/Headers/React_Fabric/react/renderer/core/ComponentDescriptor.h
React.framework/Headers/React_Fabric/react/renderer/core/ConcreteComponentDescriptor.h
React.framework/Headers/React_Fabric/react/renderer/core/ConcreteShadowNode.h
React.framework/Headers/React_Fabric/react/renderer/core/ConcreteState.h
React.framework/Headers/React_Fabric/react/renderer/core/DynamicEventPayload.h
React.framework/Headers/React_Fabric/react/renderer/core/DynamicPointerEvent.h
React.framework/Headers/React_Fabric/react/renderer/core/DynamicPropsUtilities.h
React.framework/Headers/React_Fabric/react/renderer/core/EventBeat.h
React.framework/Headers/React_Fabric/react/renderer/core/EventDispatcher.h
React.framework/Headers/React_Fabric/react/renderer/core/EventEmitter.h
React.framework/Headers/React_Fabric/react/renderer/core/EventListener.h
React.framework/Headers/React_Fabric/react/renderer/core/EventLogger.h
React.framework/Headers/React_Fabric/react/renderer/core/EventPayload.h
React.framework/Headers/React_Fabric/react/renderer/core/EventPayloadType.h
React.framework/Headers/React_Fabric/react/renderer/core/EventPipe.h
React.framework/Headers/React_Fabric/react/renderer/core/EventQueue.h
React.framework/Headers/React_Fabric/react/renderer/core/EventQueueProcessor.h
React.framework/Headers/React_Fabric/react/renderer/core/EventTarget.h
React.framework/Headers/React_Fabric/react/renderer/core/InstanceHandle.h
React.framework/Headers/React_Fabric/react/renderer/core/LayoutConstraints.h
React.framework/Headers/React_Fabric/react/renderer/core/LayoutContext.h
React.framework/Headers/React_Fabric/react/renderer/core/LayoutMetrics.h
React.framework/Headers/React_Fabric/react/renderer/core/LayoutPrimitives.h
React.framework/Headers/React_Fabric/react/renderer/core/LayoutableShadowNode.h
React.framework/Headers/React_Fabric/react/renderer/core/Props.h
React.framework/Headers/React_Fabric/react/renderer/core/PropsMacros.h
React.framework/Headers/React_Fabric/react/renderer/core/PropsParserContext.h
React.framework/Headers/React_Fabric/react/renderer/core/RawEvent.h
React.framework/Headers/React_Fabric/react/renderer/core/RawProps.h
React.framework/Headers/React_Fabric/react/renderer/core/RawPropsKey.h
React.framework/Headers/React_Fabric/react/renderer/core/RawPropsKeyMap.h
React.framework/Headers/React_Fabric/react/renderer/core/RawPropsParser.h
React.framework/Headers/React_Fabric/react/renderer/core/RawPropsPrimitives.h
React.framework/Headers/React_Fabric/react/renderer/core/RawValue.h
React.framework/Headers/React_Fabric/react/renderer/core/ReactEventPriority.h
React.framework/Headers/React_Fabric/react/renderer/core/ReactPrimitives.h
React.framework/Headers/React_Fabric/react/renderer/core/ReactRootViewTagGenerator.h
React.framework/Headers/React_Fabric/react/renderer/core/Sealable.h
React.framework/Headers/React_Fabric/react/renderer/core/ShadowNode.h
React.framework/Headers/React_Fabric/react/renderer/core/ShadowNodeFamily.h
React.framework/Headers/React_Fabric/react/renderer/core/ShadowNodeFragment.h
React.framework/Headers/React_Fabric/react/renderer/core/ShadowNodeTraits.h
React.framework/Headers/React_Fabric/react/renderer/core/State.h
React.framework/Headers/React_Fabric/react/renderer/core/StateData.h
React.framework/Headers/React_Fabric/react/renderer/core/StatePipe.h
React.framework/Headers/React_Fabric/react/renderer/core/StateUpdate.h
React.framework/Headers/React_Fabric/react/renderer/core/ValueFactory.h
React.framework/Headers/React_Fabric/react/renderer/core/ValueFactoryEventPayload.h
React.framework/Headers/React_Fabric/react/renderer/core/conversions.h
React.framework/Headers/React_Fabric/react/renderer/core/graphicsConversions.h
React.framework/Headers/React_Fabric/react/renderer/core/propsConversions.h
React.framework/Headers/React_Fabric/react/renderer/dom/
React.framework/Headers/React_Fabric/react/renderer/dom/DOM.h
React.framework/Headers/React_Fabric/react/renderer/imagemanager/
React.framework/Headers/React_Fabric/react/renderer/imagemanager/ImageManager.h
React.framework/Headers/React_Fabric/react/renderer/imagemanager/ImageRequest.h
React.framework/Headers/React_Fabric/react/renderer/imagemanager/ImageResponse.h
React.framework/Headers/React_Fabric/react/renderer/imagemanager/ImageResponseObserver.h
React.framework/Headers/React_Fabric/react/renderer/imagemanager/ImageResponseObserverCoordinator.h
React.framework/Headers/React_Fabric/react/renderer/imagemanager/ImageTelemetry.h
React.framework/Headers/React_Fabric/react/renderer/imagemanager/primitives.h
React.framework/Headers/React_Fabric/react/renderer/leakchecker/
React.framework/Headers/React_Fabric/react/renderer/leakchecker/LeakChecker.h
React.framework/Headers/React_Fabric/react/renderer/leakchecker/WeakFamilyRegistry.h
React.framework/Headers/React_Fabric/react/renderer/mounting/
React.framework/Headers/React_Fabric/react/renderer/mounting/CullingContext.h
React.framework/Headers/React_Fabric/react/renderer/mounting/DiffMap.h
React.framework/Headers/React_Fabric/react/renderer/mounting/Differentiator.h
React.framework/Headers/React_Fabric/react/renderer/mounting/LongestIncreasingSubsequence.h
React.framework/Headers/React_Fabric/react/renderer/mounting/MountingCoordinator.h
React.framework/Headers/React_Fabric/react/renderer/mounting/MountingOverrideDelegate.h
React.framework/Headers/React_Fabric/react/renderer/mounting/MountingTransaction.h
React.framework/Headers/React_Fabric/react/renderer/mounting/ShadowTree.h
React.framework/Headers/React_Fabric/react/renderer/mounting/ShadowTreeDelegate.h
React.framework/Headers/React_Fabric/react/renderer/mounting/ShadowTreeRegistry.h
React.framework/Headers/React_Fabric/react/renderer/mounting/ShadowTreeRevision.h
React.framework/Headers/React_Fabric/react/renderer/mounting/ShadowView.h
React.framework/Headers/React_Fabric/react/renderer/mounting/ShadowViewMutation.h
React.framework/Headers/React_Fabric/react/renderer/mounting/ShadowViewNodePair.h
React.framework/Headers/React_Fabric/react/renderer/mounting/StubView.h
React.framework/Headers/React_Fabric/react/renderer/mounting/StubViewTree.h
React.framework/Headers/React_Fabric/react/renderer/mounting/TelemetryController.h
React.framework/Headers/React_Fabric/react/renderer/mounting/TinyMap.h
React.framework/Headers/React_Fabric/react/renderer/mounting/sliceChildShadowNodeViewPairs.h
React.framework/Headers/React_Fabric/react/renderer/mounting/stubs.h
React.framework/Headers/React_Fabric/react/renderer/mounting/updateMountedFlag.h
React.framework/Headers/React_Fabric/react/renderer/observers/
React.framework/Headers/React_Fabric/react/renderer/observers/events/
React.framework/Headers/React_Fabric/react/renderer/observers/events/EventPerformanceLogger.h
React.framework/Headers/React_Fabric/react/renderer/scheduler/
React.framework/Headers/React_Fabric/react/renderer/scheduler/InspectorData.h
React.framework/Headers/React_Fabric/react/renderer/scheduler/Scheduler.h
React.framework/Headers/React_Fabric/react/renderer/scheduler/SchedulerDelegate.h
React.framework/Headers/React_Fabric/react/renderer/scheduler/SchedulerToolbox.h
React.framework/Headers/React_Fabric/react/renderer/scheduler/SurfaceHandler.h
React.framework/Headers/React_Fabric/react/renderer/scheduler/SurfaceManager.h
React.framework/Headers/React_Fabric/react/renderer/telemetry/
React.framework/Headers/React_Fabric/react/renderer/telemetry/SurfaceTelemetry.h
React.framework/Headers/React_Fabric/react/renderer/telemetry/TransactionTelemetry.h
React.framework/Headers/React_Fabric/react/renderer/uimanager/
React.framework/Headers/React_Fabric/react/renderer/uimanager/AppRegistryBinding.h
React.framework/Headers/React_Fabric/react/renderer/uimanager/LayoutAnimationStatusDelegate.h
React.framework/Headers/React_Fabric/react/renderer/uimanager/PointerEventsProcessor.h
React.framework/Headers/React_Fabric/react/renderer/uimanager/PointerHoverTracker.h
React.framework/Headers/React_Fabric/react/renderer/uimanager/SurfaceRegistryBinding.h
React.framework/Headers/React_Fabric/react/renderer/uimanager/UIManager.h
React.framework/Headers/React_Fabric/react/renderer/uimanager/UIManagerAnimationBackend.h
React.framework/Headers/React_Fabric/react/renderer/uimanager/UIManagerAnimationDelegate.h
React.framework/Headers/React_Fabric/react/renderer/uimanager/UIManagerBinding.h
React.framework/Headers/React_Fabric/react/renderer/uimanager/UIManagerCommitHook.h
React.framework/Headers/React_Fabric/react/renderer/uimanager/UIManagerDelegate.h
React.framework/Headers/React_Fabric/react/renderer/uimanager/UIManagerMountHook.h
React.framework/Headers/React_Fabric/react/renderer/uimanager/UIManagerNativeAnimatedDelegate.h
React.framework/Headers/React_Fabric/react/renderer/uimanager/UIManagerViewTransitionDelegate.h
React.framework/Headers/React_Fabric/react/renderer/uimanager/primitives.h
React.framework/Headers/React_Fabric/react/renderer/uimanager/consistency/
React.framework/Headers/React_Fabric/react/renderer/uimanager/consistency/LazyShadowTreeRevisionConsistencyManager.h
React.framework/Headers/React_Fabric/react/renderer/uimanager/consistency/ShadowTreeRevisionProvider.h
React.framework/Headers/React_Fabric/react/renderer/viewtransition/
React.framework/Headers/React_Fabric/react/renderer/viewtransition/ViewTransitionModule.h
React.framework/Headers/React_FabricComponents/
React.framework/Headers/React_FabricComponents/react/
React.framework/Headers/React_FabricComponents/react/renderer/
React.framework/Headers/React_FabricComponents/react/renderer/components/
React.framework/Headers/React_FabricComponents/react/renderer/components/inputaccessory/
React.framework/Headers/React_FabricComponents/react/renderer/components/inputaccessory/InputAccessoryComponentDescriptor.h
React.framework/Headers/React_FabricComponents/react/renderer/components/inputaccessory/InputAccessoryShadowNode.h
React.framework/Headers/React_FabricComponents/react/renderer/components/inputaccessory/InputAccessoryState.h
React.framework/Headers/React_FabricComponents/react/renderer/components/iostextinput/
React.framework/Headers/React_FabricComponents/react/renderer/components/iostextinput/BaseTextInputProps.h
React.framework/Headers/React_FabricComponents/react/renderer/components/iostextinput/BaseTextInputShadowNode.h
React.framework/Headers/React_FabricComponents/react/renderer/components/iostextinput/TextInputComponentDescriptor.h
React.framework/Headers/React_FabricComponents/react/renderer/components/iostextinput/TextInputEventEmitter.h
React.framework/Headers/React_FabricComponents/react/renderer/components/iostextinput/TextInputProps.h
React.framework/Headers/React_FabricComponents/react/renderer/components/iostextinput/TextInputShadowNode.h
React.framework/Headers/React_FabricComponents/react/renderer/components/iostextinput/TextInputState.h
React.framework/Headers/React_FabricComponents/react/renderer/components/iostextinput/baseConversions.h
React.framework/Headers/React_FabricComponents/react/renderer/components/iostextinput/basePrimitives.h
React.framework/Headers/React_FabricComponents/react/renderer/components/iostextinput/conversions.h
React.framework/Headers/React_FabricComponents/react/renderer/components/iostextinput/primitives.h
React.framework/Headers/React_FabricComponents/react/renderer/components/iostextinput/propsConversions.h
React.framework/Headers/React_FabricComponents/react/renderer/components/modal/
React.framework/Headers/React_FabricComponents/react/renderer/components/modal/ModalHostViewComponentDescriptor.h
React.framework/Headers/React_FabricComponents/react/renderer/components/modal/ModalHostViewShadowNode.h
React.framework/Headers/React_FabricComponents/react/renderer/components/modal/ModalHostViewState.h
React.framework/Headers/React_FabricComponents/react/renderer/components/modal/ModalHostViewUtils.h
React.framework/Headers/React_FabricComponents/react/renderer/components/rncore/
React.framework/Headers/React_FabricComponents/react/renderer/components/rncore/ComponentDescriptors.h
React.framework/Headers/React_FabricComponents/react/renderer/components/rncore/EventEmitters.h
React.framework/Headers/React_FabricComponents/react/renderer/components/rncore/Props.h
React.framework/Headers/React_FabricComponents/react/renderer/components/rncore/ShadowNodes.h
React.framework/Headers/React_FabricComponents/react/renderer/components/rncore/States.h
React.framework/Headers/React_FabricComponents/react/renderer/components/safeareaview/
React.framework/Headers/React_FabricComponents/react/renderer/components/safeareaview/SafeAreaViewComponentDescriptor.h
React.framework/Headers/React_FabricComponents/react/renderer/components/safeareaview/SafeAreaViewShadowNode.h
React.framework/Headers/React_FabricComponents/react/renderer/components/safeareaview/SafeAreaViewState.h
React.framework/Headers/React_FabricComponents/react/renderer/components/scrollview/
React.framework/Headers/React_FabricComponents/react/renderer/components/scrollview/BaseScrollViewProps.h
React.framework/Headers/React_FabricComponents/react/renderer/components/scrollview/HostPlatformScrollViewProps.h
React.framework/Headers/React_FabricComponents/react/renderer/components/scrollview/ScrollEvent.h
React.framework/Headers/React_FabricComponents/react/renderer/components/scrollview/ScrollViewComponentDescriptor.h
React.framework/Headers/React_FabricComponents/react/renderer/components/scrollview/ScrollViewEventEmitter.h
React.framework/Headers/React_FabricComponents/react/renderer/components/scrollview/ScrollViewProps.h
React.framework/Headers/React_FabricComponents/react/renderer/components/scrollview/ScrollViewShadowNode.h
React.framework/Headers/React_FabricComponents/react/renderer/components/scrollview/ScrollViewState.h
React.framework/Headers/React_FabricComponents/react/renderer/components/scrollview/conversions.h
React.framework/Headers/React_FabricComponents/react/renderer/components/scrollview/primitives.h
React.framework/Headers/React_FabricComponents/react/renderer/components/switch/
React.framework/Headers/React_FabricComponents/react/renderer/components/switch/AppleSwitchComponentDescriptor.h
React.framework/Headers/React_FabricComponents/react/renderer/components/switch/AppleSwitchShadowNode.h
React.framework/Headers/React_FabricComponents/react/renderer/components/text/
React.framework/Headers/React_FabricComponents/react/renderer/components/text/BaseParagraphComponentDescriptor.h
React.framework/Headers/React_FabricComponents/react/renderer/components/text/BaseParagraphProps.h
React.framework/Headers/React_FabricComponents/react/renderer/components/text/BaseTextProps.h
React.framework/Headers/React_FabricComponents/react/renderer/components/text/BaseTextShadowNode.h
React.framework/Headers/React_FabricComponents/react/renderer/components/text/HostPlatformParagraphProps.h
React.framework/Headers/React_FabricComponents/react/renderer/components/text/ParagraphComponentDescriptor.h
React.framework/Headers/React_FabricComponents/react/renderer/components/text/ParagraphEventEmitter.h
React.framework/Headers/React_FabricComponents/react/renderer/components/text/ParagraphProps.h
React.framework/Headers/React_FabricComponents/react/renderer/components/text/ParagraphShadowNode.h
React.framework/Headers/React_FabricComponents/react/renderer/components/text/ParagraphState.h
React.framework/Headers/React_FabricComponents/react/renderer/components/text/RawTextComponentDescriptor.h
React.framework/Headers/React_FabricComponents/react/renderer/components/text/RawTextProps.h
React.framework/Headers/React_FabricComponents/react/renderer/components/text/RawTextShadowNode.h
React.framework/Headers/React_FabricComponents/react/renderer/components/text/SelectableParagraphComponentDescriptor.h
React.framework/Headers/React_FabricComponents/react/renderer/components/text/SelectableParagraphShadowNode.h
React.framework/Headers/React_FabricComponents/react/renderer/components/text/TextComponentDescriptor.h
React.framework/Headers/React_FabricComponents/react/renderer/components/text/TextProps.h
React.framework/Headers/React_FabricComponents/react/renderer/components/text/TextShadowNode.h
React.framework/Headers/React_FabricComponents/react/renderer/components/text/stateConversions.h
React.framework/Headers/React_FabricComponents/react/renderer/components/textinput/
React.framework/Headers/React_FabricComponents/react/renderer/components/textinput/AndroidTextInputComponentDescriptor.h
React.framework/Headers/React_FabricComponents/react/renderer/components/textinput/AndroidTextInputEventEmitter.h
React.framework/Headers/React_FabricComponents/react/renderer/components/textinput/AndroidTextInputProps.h
React.framework/Headers/React_FabricComponents/react/renderer/components/textinput/AndroidTextInputShadowNode.h
React.framework/Headers/React_FabricComponents/react/renderer/components/textinput/AndroidTextInputState.h
React.framework/Headers/React_FabricComponents/react/renderer/components/textinput/BaseTextInputProps.h
React.framework/Headers/React_FabricComponents/react/renderer/components/textinput/BaseTextInputShadowNode.h
React.framework/Headers/React_FabricComponents/react/renderer/components/textinput/TextInputComponentDescriptor.h
React.framework/Headers/React_FabricComponents/react/renderer/components/textinput/TextInputEventEmitter.h
React.framework/Headers/React_FabricComponents/react/renderer/components/textinput/TextInputProps.h
React.framework/Headers/React_FabricComponents/react/renderer/components/textinput/TextInputShadowNode.h
React.framework/Headers/React_FabricComponents/react/renderer/components/textinput/TextInputState.h
React.framework/Headers/React_FabricComponents/react/renderer/components/textinput/baseConversions.h
React.framework/Headers/React_FabricComponents/react/renderer/components/textinput/basePrimitives.h
React.framework/Headers/React_FabricComponents/react/renderer/components/textinput/conversions.h
React.framework/Headers/React_FabricComponents/react/renderer/components/textinput/primitives.h
React.framework/Headers/React_FabricComponents/react/renderer/components/textinput/propsConversions.h
React.framework/Headers/React_FabricComponents/react/renderer/components/unimplementedview/
React.framework/Headers/React_FabricComponents/react/renderer/components/unimplementedview/UnimplementedViewComponentDescriptor.h
React.framework/Headers/React_FabricComponents/react/renderer/components/unimplementedview/UnimplementedViewProps.h
React.framework/Headers/React_FabricComponents/react/renderer/components/unimplementedview/UnimplementedViewShadowNode.h
React.framework/Headers/React_FabricComponents/react/renderer/components/virtualview/
React.framework/Headers/React_FabricComponents/react/renderer/components/virtualview/VirtualViewComponentDescriptor.h
React.framework/Headers/React_FabricComponents/react/renderer/components/virtualview/VirtualViewShadowNode.h
React.framework/Headers/React_FabricComponents/react/renderer/textlayoutmanager/
React.framework/Headers/React_FabricComponents/react/renderer/textlayoutmanager/RCTAttributedTextUtils.h
React.framework/Headers/React_FabricComponents/react/renderer/textlayoutmanager/RCTFontProperties.h
React.framework/Headers/React_FabricComponents/react/renderer/textlayoutmanager/RCTFontUtils.h
React.framework/Headers/React_FabricComponents/react/renderer/textlayoutmanager/RCTTextLayoutManager.h
React.framework/Headers/React_FabricComponents/react/renderer/textlayoutmanager/RCTTextPrimitivesConversions.h
React.framework/Headers/React_FabricComponents/react/renderer/textlayoutmanager/TextLayoutContext.h
React.framework/Headers/React_FabricComponents/react/renderer/textlayoutmanager/TextLayoutManager.h
React.framework/Headers/React_FabricComponents/react/renderer/textlayoutmanager/TextLayoutManagerExtended.h
React.framework/Headers/React_FabricComponents/react/renderer/textlayoutmanager/TextMeasureCache.h
React.framework/Headers/React_FabricImage/
React.framework/Headers/React_FabricImage/react/
React.framework/Headers/React_FabricImage/react/renderer/
React.framework/Headers/React_FabricImage/react/renderer/components/
React.framework/Headers/React_FabricImage/react/renderer/components/image/
React.framework/Headers/React_FabricImage/react/renderer/components/image/ImageComponentDescriptor.h
React.framework/Headers/React_FabricImage/react/renderer/components/image/ImageEventEmitter.h
React.framework/Headers/React_FabricImage/react/renderer/components/image/ImageProps.h
React.framework/Headers/React_FabricImage/react/renderer/components/image/ImageShadowNode.h
React.framework/Headers/React_FabricImage/react/renderer/components/image/ImageState.h
React.framework/Headers/React_FabricImage/react/renderer/components/image/conversions.h
React.framework/Headers/React_ImageManager/
React.framework/Headers/React_ImageManager/react/
React.framework/Headers/React_ImageManager/react/renderer/
React.framework/Headers/React_ImageManager/react/renderer/imagemanager/
React.framework/Headers/React_ImageManager/react/renderer/imagemanager/ImageRequestParams.h
React.framework/Headers/React_ImageManager/react/renderer/imagemanager/RCTImageManager.h
React.framework/Headers/React_ImageManager/react/renderer/imagemanager/RCTImageManagerProtocol.h
React.framework/Headers/React_ImageManager/react/renderer/imagemanager/RCTImagePrimitivesConversions.h
React.framework/Headers/React_ImageManager/react/renderer/imagemanager/RCTSyncImageManager.h
React.framework/Headers/React_Mapbuffer/
React.framework/Headers/React_Mapbuffer/react/
React.framework/Headers/React_Mapbuffer/react/renderer/
React.framework/Headers/React_Mapbuffer/react/renderer/mapbuffer/
React.framework/Headers/React_Mapbuffer/react/renderer/mapbuffer/MapBuffer.h
React.framework/Headers/React_Mapbuffer/react/renderer/mapbuffer/MapBufferBuilder.h
React.framework/Headers/React_NativeModulesApple/
React.framework/Headers/React_NativeModulesApple/ReactCommon/
React.framework/Headers/React_NativeModulesApple/ReactCommon/RCTInteropTurboModule.h
React.framework/Headers/React_NativeModulesApple/ReactCommon/RCTTurboModule.h
React.framework/Headers/React_NativeModulesApple/ReactCommon/RCTTurboModuleManager.h
React.framework/Headers/React_NativeModulesApple/ReactCommon/RCTTurboModuleWithJSIBindings.h
React.framework/Headers/React_RCTAnimation/
React.framework/Headers/React_RCTAnimation/RCTAnimation/
React.framework/Headers/React_RCTAnimation/RCTAnimation/RCTAdditionAnimatedNode.h
React.framework/Headers/React_RCTAnimation/RCTAnimation/RCTAnimatedNode.h
React.framework/Headers/React_RCTAnimation/RCTAnimation/RCTAnimationDriver.h
React.framework/Headers/React_RCTAnimation/RCTAnimation/RCTAnimationPlugins.h
React.framework/Headers/React_RCTAnimation/RCTAnimation/RCTAnimationUtils.h
React.framework/Headers/React_RCTAnimation/RCTAnimation/RCTColorAnimatedNode.h
React.framework/Headers/React_RCTAnimation/RCTAnimation/RCTDecayAnimation.h
React.framework/Headers/React_RCTAnimation/RCTAnimation/RCTDiffClampAnimatedNode.h
React.framework/Headers/React_RCTAnimation/RCTAnimation/RCTDivisionAnimatedNode.h
React.framework/Headers/React_RCTAnimation/RCTAnimation/RCTEventAnimation.h
React.framework/Headers/React_RCTAnimation/RCTAnimation/RCTFrameAnimation.h
React.framework/Headers/React_RCTAnimation/RCTAnimation/RCTInterpolationAnimatedNode.h
React.framework/Headers/React_RCTAnimation/RCTAnimation/RCTModuloAnimatedNode.h
React.framework/Headers/React_RCTAnimation/RCTAnimation/RCTMultiplicationAnimatedNode.h
React.framework/Headers/React_RCTAnimation/RCTAnimation/RCTNativeAnimatedModule.h
React.framework/Headers/React_RCTAnimation/RCTAnimation/RCTNativeAnimatedNodesManager.h
React.framework/Headers/React_RCTAnimation/RCTAnimation/RCTNativeAnimatedTurboModule.h
React.framework/Headers/React_RCTAnimation/RCTAnimation/RCTObjectAnimatedNode.h
React.framework/Headers/React_RCTAnimation/RCTAnimation/RCTPropsAnimatedNode.h
React.framework/Headers/React_RCTAnimation/RCTAnimation/RCTSpringAnimation.h
React.framework/Headers/React_RCTAnimation/RCTAnimation/RCTStyleAnimatedNode.h
React.framework/Headers/React_RCTAnimation/RCTAnimation/RCTSubtractionAnimatedNode.h
React.framework/Headers/React_RCTAnimation/RCTAnimation/RCTTrackingAnimatedNode.h
React.framework/Headers/React_RCTAnimation/RCTAnimation/RCTTransformAnimatedNode.h
React.framework/Headers/React_RCTAnimation/RCTAnimation/RCTValueAnimatedNode.h
React.framework/Headers/React_RCTAppDelegate/
React.framework/Headers/React_RCTAppDelegate/RCTAppDelegate.h
React.framework/Headers/React_RCTAppDelegate/RCTAppSetupUtils.h
React.framework/Headers/React_RCTAppDelegate/RCTArchConfiguratorProtocol.h
React.framework/Headers/React_RCTAppDelegate/RCTDefaultReactNativeFactoryDelegate.h
React.framework/Headers/React_RCTAppDelegate/RCTDependencyProvider.h
React.framework/Headers/React_RCTAppDelegate/RCTJSRuntimeConfiguratorProtocol.h
React.framework/Headers/React_RCTAppDelegate/RCTReactNativeFactory.h
React.framework/Headers/React_RCTAppDelegate/RCTRootViewFactory.h
React.framework/Headers/React_RCTAppDelegate/RCTUIConfiguratorProtocol.h
React.framework/Headers/React_RCTAppDelegate/React_RCTAppDelegate-umbrella.h
React.framework/Headers/React_RCTBlob/
React.framework/Headers/React_RCTBlob/RCTBlob/
React.framework/Headers/React_RCTBlob/RCTBlob/RCTBlobCollector.h
React.framework/Headers/React_RCTBlob/RCTBlob/RCTBlobManager.h
React.framework/Headers/React_RCTBlob/RCTBlob/RCTBlobPlugins.h
React.framework/Headers/React_RCTBlob/RCTBlob/RCTFileReaderModule.h
React.framework/Headers/React_RCTFBReactNativeSpec/
React.framework/Headers/React_RCTFBReactNativeSpec/FBReactNativeSpec/
React.framework/Headers/React_RCTFBReactNativeSpec/FBReactNativeSpec/FBReactNativeSpec.h
React.framework/Headers/React_RCTFBReactNativeSpec/FBReactNativeSpec/FBReactNativeSpecJSI.h
React.framework/Headers/React_RCTFBReactNativeSpec/react/
React.framework/Headers/React_RCTFBReactNativeSpec/react/renderer/
React.framework/Headers/React_RCTFBReactNativeSpec/react/renderer/components/
React.framework/Headers/React_RCTFBReactNativeSpec/react/renderer/components/FBReactNativeSpec/
React.framework/Headers/React_RCTFBReactNativeSpec/react/renderer/components/FBReactNativeSpec/ComponentDescriptors.h
React.framework/Headers/React_RCTFBReactNativeSpec/react/renderer/components/FBReactNativeSpec/EventEmitters.h
React.framework/Headers/React_RCTFBReactNativeSpec/react/renderer/components/FBReactNativeSpec/Props.h
React.framework/Headers/React_RCTFBReactNativeSpec/react/renderer/components/FBReactNativeSpec/RCTComponentViewHelpers.h
React.framework/Headers/React_RCTFBReactNativeSpec/react/renderer/components/FBReactNativeSpec/ShadowNodes.h
React.framework/Headers/React_RCTFBReactNativeSpec/react/renderer/components/FBReactNativeSpec/States.h
React.framework/Headers/React_RCTFabric/
React.framework/Headers/React_RCTFabric/React/
React.framework/Headers/React_RCTFabric/React/AppleEventBeat.h
React.framework/Headers/React_RCTFabric/React/PlatformRunLoopObserver.h
React.framework/Headers/React_RCTFabric/React/RCTAccessibilityElement.h
React.framework/Headers/React_RCTFabric/React/RCTActivityIndicatorViewComponentView.h
React.framework/Headers/React_RCTFabric/React/RCTBackgroundImageUtils.h
React.framework/Headers/React_RCTFabric/React/RCTBoxShadow.h
React.framework/Headers/React_RCTFabric/React/RCTColorSpaceUtils.h
React.framework/Headers/React_RCTFabric/React/RCTComponentViewClassDescriptor.h
React.framework/Headers/React_RCTFabric/React/RCTComponentViewDescriptor.h
React.framework/Headers/React_RCTFabric/React/RCTComponentViewFactory.h
React.framework/Headers/React_RCTFabric/React/RCTComponentViewProtocol.h
React.framework/Headers/React_RCTFabric/React/RCTComponentViewRegistry.h
React.framework/Headers/React_RCTFabric/React/RCTConversions.h
React.framework/Headers/React_RCTFabric/React/RCTCustomPullToRefreshViewProtocol.h
React.framework/Headers/React_RCTFabric/React/RCTDebuggingOverlayComponentView.h
React.framework/Headers/React_RCTFabric/React/RCTEnhancedScrollView.h
React.framework/Headers/React_RCTFabric/React/RCTFabricComponentsPlugins.h
React.framework/Headers/React_RCTFabric/React/RCTFabricModalHostViewController.h
React.framework/Headers/React_RCTFabric/React/RCTFabricSurface.h
React.framework/Headers/React_RCTFabric/React/RCTGenericDelegateSplitter.h
React.framework/Headers/React_RCTFabric/React/RCTGradientUtils.h
React.framework/Headers/React_RCTFabric/React/RCTIdentifierPool.h
React.framework/Headers/React_RCTFabric/React/RCTImageComponentView.h
React.framework/Headers/React_RCTFabric/React/RCTImageResponseDelegate.h
React.framework/Headers/React_RCTFabric/React/RCTImageResponseObserverProxy.h
React.framework/Headers/React_RCTFabric/React/RCTInputAccessoryComponentView.h
React.framework/Headers/React_RCTFabric/React/RCTInputAccessoryContentView.h
React.framework/Headers/React_RCTFabric/React/RCTLegacyViewManagerInteropComponentView.h
React.framework/Headers/React_RCTFabric/React/RCTLegacyViewManagerInteropCoordinatorAdapter.h
React.framework/Headers/React_RCTFabric/React/RCTLinearGradient.h
React.framework/Headers/React_RCTFabric/React/RCTLocalizationProvider.h
React.framework/Headers/React_RCTFabric/React/RCTModalHostViewComponentView.h
React.framework/Headers/React_RCTFabric/React/RCTMountingManager.h
React.framework/Headers/React_RCTFabric/React/RCTMountingManagerDelegate.h
React.framework/Headers/React_RCTFabric/React/RCTMountingTransactionObserverCoordinator.h
React.framework/Headers/React_RCTFabric/React/RCTMountingTransactionObserving.h
React.framework/Headers/React_RCTFabric/React/RCTParagraphComponentAccessibilityProvider.h
React.framework/Headers/React_RCTFabric/React/RCTParagraphComponentView.h
React.framework/Headers/React_RCTFabric/React/RCTPrimitives.h
React.framework/Headers/React_RCTFabric/React/RCTPullToRefreshViewComponentView.h
React.framework/Headers/React_RCTFabric/React/RCTRadialGradient.h
React.framework/Headers/React_RCTFabric/React/RCTReactTaggedView.h
React.framework/Headers/React_RCTFabric/React/RCTRootComponentView.h
React.framework/Headers/React_RCTFabric/React/RCTSafeAreaViewComponentView.h
React.framework/Headers/React_RCTFabric/React/RCTScheduler.h
React.framework/Headers/React_RCTFabric/React/RCTScrollViewComponentView.h
React.framework/Headers/React_RCTFabric/React/RCTSurfacePointerHandler.h
React.framework/Headers/React_RCTFabric/React/RCTSurfacePresenter.h
React.framework/Headers/React_RCTFabric/React/RCTSurfacePresenterBridgeAdapter.h
React.framework/Headers/React_RCTFabric/React/RCTSurfaceRegistry.h
React.framework/Headers/React_RCTFabric/React/RCTSurfaceTouchHandler.h
React.framework/Headers/React_RCTFabric/React/RCTSwitchComponentView.h
React.framework/Headers/React_RCTFabric/React/RCTTextInputComponentView.h
React.framework/Headers/React_RCTFabric/React/RCTTextInputNativeCommands.h
React.framework/Headers/React_RCTFabric/React/RCTTextInputUtils.h
React.framework/Headers/React_RCTFabric/React/RCTTouchableComponentViewProtocol.h
React.framework/Headers/React_RCTFabric/React/RCTUnimplementedNativeComponentView.h
React.framework/Headers/React_RCTFabric/React/RCTUnimplementedViewComponentView.h
React.framework/Headers/React_RCTFabric/React/RCTViewComponentView.h
React.framework/Headers/React_RCTFabric/React/RCTVirtualViewComponentView.h
React.framework/Headers/React_RCTFabric/React/RCTVirtualViewContainerProtocol.h
React.framework/Headers/React_RCTFabric/React/RCTVirtualViewContainerState.h
React.framework/Headers/React_RCTFabric/React/RCTVirtualViewMode.h
React.framework/Headers/React_RCTFabric/React/RCTVirtualViewProtocol.h
React.framework/Headers/React_RCTFabric/React/RCTVirtualViewRenderState.h
React.framework/Headers/React_RCTFabric/React/UIView+ComponentViewProtocol.h
React.framework/Headers/React_RCTImage/
React.framework/Headers/React_RCTImage/RCTImage/
React.framework/Headers/React_RCTImage/RCTImage/RCTAnimatedImage.h
React.framework/Headers/React_RCTImage/RCTImage/RCTBundleAssetImageLoader.h
React.framework/Headers/React_RCTImage/RCTImage/RCTDisplayWeakRefreshable.h
React.framework/Headers/React_RCTImage/RCTImage/RCTGIFImageDecoder.h
React.framework/Headers/React_RCTImage/RCTImage/RCTImageBlurUtils.h
React.framework/Headers/React_RCTImage/RCTImage/RCTImageCache.h
React.framework/Headers/React_RCTImage/RCTImage/RCTImageDataDecoder.h
React.framework/Headers/React_RCTImage/RCTImage/RCTImageEditingManager.h
React.framework/Headers/React_RCTImage/RCTImage/RCTImageLoader.h
React.framework/Headers/React_RCTImage/RCTImage/RCTImageLoaderLoggable.h
React.framework/Headers/React_RCTImage/RCTImage/RCTImageLoaderProtocol.h
React.framework/Headers/React_RCTImage/RCTImage/RCTImageLoaderWithAttributionProtocol.h
React.framework/Headers/React_RCTImage/RCTImage/RCTImagePlugins.h
React.framework/Headers/React_RCTImage/RCTImage/RCTImageShadowView.h
React.framework/Headers/React_RCTImage/RCTImage/RCTImageStoreManager.h
React.framework/Headers/React_RCTImage/RCTImage/RCTImageURLLoader.h
React.framework/Headers/React_RCTImage/RCTImage/RCTImageURLLoaderWithAttribution.h
React.framework/Headers/React_RCTImage/RCTImage/RCTImageUtils.h
React.framework/Headers/React_RCTImage/RCTImage/RCTImageView.h
React.framework/Headers/React_RCTImage/RCTImage/RCTImageViewManager.h
React.framework/Headers/React_RCTImage/RCTImage/RCTLocalAssetImageLoader.h
React.framework/Headers/React_RCTImage/RCTImage/RCTResizeMode.h
React.framework/Headers/React_RCTImage/RCTImage/RCTUIImageViewAnimated.h
React.framework/Headers/React_RCTRuntime/
React.framework/Headers/React_RCTRuntime/React/
React.framework/Headers/React_RCTRuntime/React/RCTHermesInstanceFactory.h
React.framework/Headers/React_RCTSettings/
React.framework/Headers/React_RCTSettings/RCTSettings/
React.framework/Headers/React_RCTSettings/RCTSettings/RCTSettingsManager.h
React.framework/Headers/React_RCTSettings/RCTSettings/RCTSettingsPlugins.h
React.framework/Headers/React_RCTText/
React.framework/Headers/React_RCTText/RCTText/
React.framework/Headers/React_RCTText/RCTText/NSTextStorage+FontScaling.h
React.framework/Headers/React_RCTText/RCTText/RCTBackedTextInputDelegate.h
React.framework/Headers/React_RCTText/RCTText/RCTBackedTextInputDelegateAdapter.h
React.framework/Headers/React_RCTText/RCTText/RCTBackedTextInputViewProtocol.h
React.framework/Headers/React_RCTText/RCTText/RCTBaseTextInputShadowView.h
React.framework/Headers/React_RCTText/RCTText/RCTBaseTextInputView.h
React.framework/Headers/React_RCTText/RCTText/RCTBaseTextInputViewManager.h
React.framework/Headers/React_RCTText/RCTText/RCTBaseTextShadowView.h
React.framework/Headers/React_RCTText/RCTText/RCTBaseTextViewManager.h
React.framework/Headers/React_RCTText/RCTText/RCTConvert+Text.h
React.framework/Headers/React_RCTText/RCTText/RCTDynamicTypeRamp.h
React.framework/Headers/React_RCTText/RCTText/RCTInputAccessoryShadowView.h
React.framework/Headers/React_RCTText/RCTText/RCTInputAccessoryView.h
React.framework/Headers/React_RCTText/RCTText/RCTInputAccessoryViewContent.h
React.framework/Headers/React_RCTText/RCTText/RCTInputAccessoryViewManager.h
React.framework/Headers/React_RCTText/RCTText/RCTMultilineTextInputView.h
React.framework/Headers/React_RCTText/RCTText/RCTMultilineTextInputViewManager.h
React.framework/Headers/React_RCTText/RCTText/RCTRawTextShadowView.h
React.framework/Headers/React_RCTText/RCTText/RCTRawTextViewManager.h
React.framework/Headers/React_RCTText/RCTText/RCTSinglelineTextInputView.h
React.framework/Headers/React_RCTText/RCTText/RCTSinglelineTextInputViewManager.h
React.framework/Headers/React_RCTText/RCTText/RCTTextAttributes.h
React.framework/Headers/React_RCTText/RCTText/RCTTextSelection.h
React.framework/Headers/React_RCTText/RCTText/RCTTextShadowView.h
React.framework/Headers/React_RCTText/RCTText/RCTTextTransform.h
React.framework/Headers/React_RCTText/RCTText/RCTTextView.h
React.framework/Headers/React_RCTText/RCTText/RCTTextViewManager.h
React.framework/Headers/React_RCTText/RCTText/RCTUITextField.h
React.framework/Headers/React_RCTText/RCTText/RCTUITextView.h
React.framework/Headers/React_RCTText/RCTText/RCTVirtualTextShadowView.h
React.framework/Headers/React_RCTText/RCTText/RCTVirtualTextView.h
React.framework/Headers/React_RCTText/RCTText/RCTVirtualTextViewManager.h
React.framework/Headers/React_RCTVibration/
React.framework/Headers/React_RCTVibration/RCTVibration/
React.framework/Headers/React_RCTVibration/RCTVibration/RCTVibration.h
React.framework/Headers/React_RCTVibration/RCTVibration/RCTVibrationPlugins.h
React.framework/Headers/React_RuntimeApple/
React.framework/Headers/React_RuntimeApple/ReactCommon/
React.framework/Headers/React_RuntimeApple/ReactCommon/ObjCTimerRegistry.h
React.framework/Headers/React_RuntimeApple/ReactCommon/RCTContextContainerHandling.h
React.framework/Headers/React_RuntimeApple/ReactCommon/RCTHermesInstance.h
React.framework/Headers/React_RuntimeApple/ReactCommon/RCTHost+Internal.h
React.framework/Headers/React_RuntimeApple/ReactCommon/RCTHost.h
React.framework/Headers/React_RuntimeApple/ReactCommon/RCTInstance.h
React.framework/Headers/React_RuntimeApple/ReactCommon/RCTJSThreadManager.h
React.framework/Headers/React_RuntimeApple/ReactCommon/RCTLegacyUIManagerConstantsProvider.h
React.framework/Headers/React_RuntimeApple/ReactCommon/RCTPerformanceLoggerUtils.h
React.framework/Headers/React_RuntimeCore/
React.framework/Headers/React_RuntimeCore/react/
React.framework/Headers/React_RuntimeCore/react/runtime/
React.framework/Headers/React_RuntimeCore/react/runtime/BindingsInstaller.h
React.framework/Headers/React_RuntimeCore/react/runtime/BridgelessNativeMethodCallInvoker.h
React.framework/Headers/React_RuntimeCore/react/runtime/BufferedRuntimeExecutor.h
React.framework/Headers/React_RuntimeCore/react/runtime/LegacyUIManagerConstantsProviderBinding.h
React.framework/Headers/React_RuntimeCore/react/runtime/PlatformTimerRegistry.h
React.framework/Headers/React_RuntimeCore/react/runtime/ReactInstance.h
React.framework/Headers/React_RuntimeCore/react/runtime/TimerManager.h
React.framework/Headers/React_RuntimeHermes/
React.framework/Headers/React_RuntimeHermes/react/
React.framework/Headers/React_RuntimeHermes/react/runtime/
React.framework/Headers/React_RuntimeHermes/react/runtime/hermes/
React.framework/Headers/React_RuntimeHermes/react/runtime/hermes/HermesInstance.h
React.framework/Headers/React_callinvoker/
React.framework/Headers/React_callinvoker/ReactCommon/
React.framework/Headers/React_callinvoker/ReactCommon/CallInvoker.h
React.framework/Headers/React_callinvoker/ReactCommon/SchedulerPriority.h
React.framework/Headers/React_callinvoker/ReactCommon/TestCallInvoker.h
React.framework/Headers/React_cxxreact/
React.framework/Headers/React_cxxreact/cxxreact/
React.framework/Headers/React_cxxreact/cxxreact/CxxModule.h
React.framework/Headers/React_cxxreact/cxxreact/CxxNativeModule.h
React.framework/Headers/React_cxxreact/cxxreact/ErrorUtils.h
React.framework/Headers/React_cxxreact/cxxreact/Instance.h
React.framework/Headers/React_cxxreact/cxxreact/JSBigString.h
React.framework/Headers/React_cxxreact/cxxreact/JSBundleType.h
React.framework/Headers/React_cxxreact/cxxreact/JSExecutor.h
React.framework/Headers/React_cxxreact/cxxreact/JSIndexedRAMBundle.h
React.framework/Headers/React_cxxreact/cxxreact/JSModulesUnbundle.h
React.framework/Headers/React_cxxreact/cxxreact/JsArgumentHelpers-inl.h
React.framework/Headers/React_cxxreact/cxxreact/JsArgumentHelpers.h
React.framework/Headers/React_cxxreact/cxxreact/MessageQueueThread.h
React.framework/Headers/React_cxxreact/cxxreact/MethodCall.h
React.framework/Headers/React_cxxreact/cxxreact/ModuleRegistry.h
React.framework/Headers/React_cxxreact/cxxreact/MoveWrapper.h
React.framework/Headers/React_cxxreact/cxxreact/NativeModule.h
React.framework/Headers/React_cxxreact/cxxreact/NativeToJsBridge.h
React.framework/Headers/React_cxxreact/cxxreact/RAMBundleRegistry.h
React.framework/Headers/React_cxxreact/cxxreact/ReactMarker.h
React.framework/Headers/React_cxxreact/cxxreact/ReactNativeVersion.h
React.framework/Headers/React_cxxreact/cxxreact/RecoverableError.h
React.framework/Headers/React_cxxreact/cxxreact/SystraceSection.h
React.framework/Headers/React_cxxreact/cxxreact/TraceSection.h
React.framework/Headers/React_debug/
React.framework/Headers/React_debug/react/
React.framework/Headers/React_debug/react/debug/
React.framework/Headers/React_debug/react/debug/AnsiParser.h
React.framework/Headers/React_debug/react/debug/JscSafeUrl.h
React.framework/Headers/React_debug/react/debug/RedBoxErrorParser.h
React.framework/Headers/React_debug/react/debug/flags.h
React.framework/Headers/React_debug/react/debug/react_native_assert.h
React.framework/Headers/React_debug/react/debug/react_native_expect.h
React.framework/Headers/React_defaultsnativemodule/
React.framework/Headers/React_defaultsnativemodule/react/
React.framework/Headers/React_defaultsnativemodule/react/nativemodule/
React.framework/Headers/React_defaultsnativemodule/react/nativemodule/defaults/
React.framework/Headers/React_defaultsnativemodule/react/nativemodule/defaults/DefaultTurboModules.h
React.framework/Headers/React_domnativemodule/
React.framework/Headers/React_domnativemodule/react/
React.framework/Headers/React_domnativemodule/react/nativemodule/
React.framework/Headers/React_domnativemodule/react/nativemodule/dom/
React.framework/Headers/React_domnativemodule/react/nativemodule/dom/NativeDOM.h
React.framework/Headers/React_featureflags/
React.framework/Headers/React_featureflags/react/
React.framework/Headers/React_featureflags/react/featureflags/
React.framework/Headers/React_featureflags/react/featureflags/ReactNativeFeatureFlags.h
React.framework/Headers/React_featureflags/react/featureflags/ReactNativeFeatureFlagsAccessor.h
React.framework/Headers/React_featureflags/react/featureflags/ReactNativeFeatureFlagsDefaults.h
React.framework/Headers/React_featureflags/react/featureflags/ReactNativeFeatureFlagsDynamicProvider.h
React.framework/Headers/React_featureflags/react/featureflags/ReactNativeFeatureFlagsOverridesOSSCanary.h
React.framework/Headers/React_featureflags/react/featureflags/ReactNativeFeatureFlagsOverridesOSSExperimental.h
React.framework/Headers/React_featureflags/react/featureflags/ReactNativeFeatureFlagsOverridesOSSStable.h
React.framework/Headers/React_featureflags/react/featureflags/ReactNativeFeatureFlagsProvider.h
React.framework/Headers/React_featureflagsnativemodule/
React.framework/Headers/React_featureflagsnativemodule/react/
React.framework/Headers/React_featureflagsnativemodule/react/nativemodule/
React.framework/Headers/React_featureflagsnativemodule/react/nativemodule/featureflags/
React.framework/Headers/React_featureflagsnativemodule/react/nativemodule/featureflags/NativeReactNativeFeatureFlags.h
React.framework/Headers/React_graphics/
React.framework/Headers/React_graphics/react/
React.framework/Headers/React_graphics/react/renderer/
React.framework/Headers/React_graphics/react/renderer/graphics/
React.framework/Headers/React_graphics/react/renderer/graphics/BackgroundImage.h
React.framework/Headers/React_graphics/react/renderer/graphics/BackgroundPosition.h
React.framework/Headers/React_graphics/react/renderer/graphics/BackgroundRepeat.h
React.framework/Headers/React_graphics/react/renderer/graphics/BackgroundSize.h
React.framework/Headers/React_graphics/react/renderer/graphics/BlendMode.h
React.framework/Headers/React_graphics/react/renderer/graphics/BoxShadow.h
React.framework/Headers/React_graphics/react/renderer/graphics/Color.h
React.framework/Headers/React_graphics/react/renderer/graphics/ColorComponents.h
React.framework/Headers/React_graphics/react/renderer/graphics/ColorStop.h
React.framework/Headers/React_graphics/react/renderer/graphics/Filter.h
React.framework/Headers/React_graphics/react/renderer/graphics/Float.h
React.framework/Headers/React_graphics/react/renderer/graphics/Geometry.h
React.framework/Headers/React_graphics/react/renderer/graphics/HostPlatformColor.h
React.framework/Headers/React_graphics/react/renderer/graphics/Isolation.h
React.framework/Headers/React_graphics/react/renderer/graphics/LinearGradient.h
React.framework/Headers/React_graphics/react/renderer/graphics/PlatformColorParser.h
React.framework/Headers/React_graphics/react/renderer/graphics/Point.h
React.framework/Headers/React_graphics/react/renderer/graphics/RCTPlatformColorUtils.h
React.framework/Headers/React_graphics/react/renderer/graphics/RadialGradient.h
React.framework/Headers/React_graphics/react/renderer/graphics/Rect.h
React.framework/Headers/React_graphics/react/renderer/graphics/RectangleCorners.h
React.framework/Headers/React_graphics/react/renderer/graphics/RectangleEdges.h
React.framework/Headers/React_graphics/react/renderer/graphics/Size.h
React.framework/Headers/React_graphics/react/renderer/graphics/Transform.h
React.framework/Headers/React_graphics/react/renderer/graphics/TransformUtils.h
React.framework/Headers/React_graphics/react/renderer/graphics/ValueUnit.h
React.framework/Headers/React_graphics/react/renderer/graphics/Vector.h
React.framework/Headers/React_graphics/react/renderer/graphics/conversions.h
React.framework/Headers/React_graphics/react/renderer/graphics/fromRawValueShared.h
React.framework/Headers/React_graphics/react/renderer/graphics/rounding.h
React.framework/Headers/React_hermes/
React.framework/Headers/React_hermes/reacthermes/
React.framework/Headers/React_hermes/reacthermes/ConnectionDemux.h
React.framework/Headers/React_hermes/reacthermes/HermesExecutorFactory.h
React.framework/Headers/React_hermes/reacthermes/HermesRuntimeAgentDelegate.h
React.framework/Headers/React_hermes/reacthermes/HermesRuntimeSamplingProfileSerializer.h
React.framework/Headers/React_hermes/reacthermes/HermesRuntimeTargetDelegate.h
React.framework/Headers/React_hermes/reacthermes/Registration.h
React.framework/Headers/React_idlecallbacksnativemodule/
React.framework/Headers/React_idlecallbacksnativemodule/react/
React.framework/Headers/React_idlecallbacksnativemodule/react/nativemodule/
React.framework/Headers/React_idlecallbacksnativemodule/react/nativemodule/idlecallbacks/
React.framework/Headers/React_idlecallbacksnativemodule/react/nativemodule/idlecallbacks/NativeIdleCallbacks.h
React.framework/Headers/React_intersectionobservernativemodule/
React.framework/Headers/React_intersectionobservernativemodule/react/
React.framework/Headers/React_intersectionobservernativemodule/react/nativemodule/
React.framework/Headers/React_intersectionobservernativemodule/react/nativemodule/intersectionobserver/
React.framework/Headers/React_intersectionobservernativemodule/react/nativemodule/intersectionobserver/NativeIntersectionObserver.h
React.framework/Headers/React_jserrorhandler/
React.framework/Headers/React_jserrorhandler/jserrorhandler/
React.framework/Headers/React_jserrorhandler/jserrorhandler/JsErrorHandler.h
React.framework/Headers/React_jserrorhandler/jserrorhandler/StackTraceParser.h
React.framework/Headers/React_jsi/
React.framework/Headers/React_jsi/jsi/
React.framework/Headers/React_jsi/jsi/JSIDynamic.h
React.framework/Headers/React_jsi/jsi/decorator.h
React.framework/Headers/React_jsi/jsi/hermes-interfaces.h
React.framework/Headers/React_jsi/jsi/instrumentation.h
React.framework/Headers/React_jsi/jsi/jsi-inl.h
React.framework/Headers/React_jsi/jsi/jsi.h
React.framework/Headers/React_jsi/jsi/jsilib.h
React.framework/Headers/React_jsi/jsi/threadsafe.h
React.framework/Headers/React_jsiexecutor/
React.framework/Headers/React_jsiexecutor/jsireact/
React.framework/Headers/React_jsiexecutor/jsireact/JSIExecutor.h
React.framework/Headers/React_jsiexecutor/jsireact/JSINativeModules.h
React.framework/Headers/React_jsinspector/
React.framework/Headers/React_jsinspector/jsinspector-modern/
React.framework/Headers/React_jsinspector/jsinspector-modern/ConsoleMessage.h
React.framework/Headers/React_jsinspector/jsinspector-modern/ConsoleTask.h
React.framework/Headers/React_jsinspector/jsinspector-modern/ConsoleTaskContext.h
React.framework/Headers/React_jsinspector/jsinspector-modern/ConsoleTaskOrchestrator.h
React.framework/Headers/React_jsinspector/jsinspector-modern/EmulationAgent.h
React.framework/Headers/React_jsinspector/jsinspector-modern/EnumArray.h
React.framework/Headers/React_jsinspector/jsinspector-modern/ExecutionContext.h
React.framework/Headers/React_jsinspector/jsinspector-modern/ExecutionContextManager.h
React.framework/Headers/React_jsinspector/jsinspector-modern/FallbackRuntimeAgentDelegate.h
React.framework/Headers/React_jsinspector/jsinspector-modern/FallbackRuntimeTargetDelegate.h
React.framework/Headers/React_jsinspector/jsinspector-modern/HostAgent.h
React.framework/Headers/React_jsinspector/jsinspector-modern/HostCommand.h
React.framework/Headers/React_jsinspector/jsinspector-modern/HostTarget.h
React.framework/Headers/React_jsinspector/jsinspector-modern/HostTargetTraceRecording.h
React.framework/Headers/React_jsinspector/jsinspector-modern/HostTargetTracing.h
React.framework/Headers/React_jsinspector/jsinspector-modern/InspectorFlags.h
React.framework/Headers/React_jsinspector/jsinspector-modern/InspectorInterfaces.h
React.framework/Headers/React_jsinspector/jsinspector-modern/InspectorPackagerConnection.h
React.framework/Headers/React_jsinspector/jsinspector-modern/InspectorPackagerConnectionImpl.h
React.framework/Headers/React_jsinspector/jsinspector-modern/InspectorUtilities.h
React.framework/Headers/React_jsinspector/jsinspector-modern/InstanceAgent.h
React.framework/Headers/React_jsinspector/jsinspector-modern/InstanceTarget.h
React.framework/Headers/React_jsinspector/jsinspector-modern/NetworkIOAgent.h
React.framework/Headers/React_jsinspector/jsinspector-modern/PerfMonitorV2.h
React.framework/Headers/React_jsinspector/jsinspector-modern/ReactCdp.h
React.framework/Headers/React_jsinspector/jsinspector-modern/RuntimeAgent.h
React.framework/Headers/React_jsinspector/jsinspector-modern/RuntimeAgentDelegate.h
React.framework/Headers/React_jsinspector/jsinspector-modern/RuntimeTarget.h
React.framework/Headers/React_jsinspector/jsinspector-modern/RuntimeTargetGlobalStateObserver.h
React.framework/Headers/React_jsinspector/jsinspector-modern/RuntimeTargetTracingStateObserver.h
React.framework/Headers/React_jsinspector/jsinspector-modern/ScopedExecutor.h
React.framework/Headers/React_jsinspector/jsinspector-modern/SessionState.h
React.framework/Headers/React_jsinspector/jsinspector-modern/StackTrace.h
React.framework/Headers/React_jsinspector/jsinspector-modern/TracingAgent.h
React.framework/Headers/React_jsinspector/jsinspector-modern/UniqueMonostate.h
React.framework/Headers/React_jsinspector/jsinspector-modern/Utf8.h
React.framework/Headers/React_jsinspector/jsinspector-modern/WeakList.h
React.framework/Headers/React_jsinspector/jsinspector-modern/WebSocketInterfaces.h
React.framework/Headers/React_jsinspectorcdp/
React.framework/Headers/React_jsinspectorcdp/jsinspector-modern/
React.framework/Headers/React_jsinspectorcdp/jsinspector-modern/cdp/
React.framework/Headers/React_jsinspectorcdp/jsinspector-modern/cdp/CdpJson.h
React.framework/Headers/React_jsinspectornetwork/
React.framework/Headers/React_jsinspectornetwork/jsinspector-modern/
React.framework/Headers/React_jsinspectornetwork/jsinspector-modern/network/
React.framework/Headers/React_jsinspectornetwork/jsinspector-modern/network/BoundedRequestBuffer.h
React.framework/Headers/React_jsinspectornetwork/jsinspector-modern/network/CdpNetwork.h
React.framework/Headers/React_jsinspectornetwork/jsinspector-modern/network/HttpUtils.h
React.framework/Headers/React_jsinspectornetwork/jsinspector-modern/network/NetworkHandler.h
React.framework/Headers/React_jsinspectortracing/
React.framework/Headers/React_jsinspectortracing/jsinspector-modern/
React.framework/Headers/React_jsinspectortracing/jsinspector-modern/tracing/
React.framework/Headers/React_jsinspectortracing/jsinspector-modern/tracing/ConsoleTimeStamp.h
React.framework/Headers/React_jsinspectortracing/jsinspector-modern/tracing/EventLoopReporter.h
React.framework/Headers/React_jsinspectortracing/jsinspector-modern/tracing/FrameTimingSequence.h
React.framework/Headers/React_jsinspectortracing/jsinspector-modern/tracing/HostTracingProfile.h
React.framework/Headers/React_jsinspectortracing/jsinspector-modern/tracing/HostTracingProfileSerializer.h
React.framework/Headers/React_jsinspectortracing/jsinspector-modern/tracing/InstanceTracingProfile.h
React.framework/Headers/React_jsinspectortracing/jsinspector-modern/tracing/PerformanceTracer.h
React.framework/Headers/React_jsinspectortracing/jsinspector-modern/tracing/PerformanceTracerSection.h
React.framework/Headers/React_jsinspectortracing/jsinspector-modern/tracing/ProfileTreeNode.h
React.framework/Headers/React_jsinspectortracing/jsinspector-modern/tracing/RuntimeSamplingProfile.h
React.framework/Headers/React_jsinspectortracing/jsinspector-modern/tracing/RuntimeSamplingProfileTraceEventSerializer.h
React.framework/Headers/React_jsinspectortracing/jsinspector-modern/tracing/TargetTracingAgent.h
React.framework/Headers/React_jsinspectortracing/jsinspector-modern/tracing/TimeWindowedBuffer.h
React.framework/Headers/React_jsinspectortracing/jsinspector-modern/tracing/Timing.h
React.framework/Headers/React_jsinspectortracing/jsinspector-modern/tracing/TraceEvent.h
React.framework/Headers/React_jsinspectortracing/jsinspector-modern/tracing/TraceEventGenerator.h
React.framework/Headers/React_jsinspectortracing/jsinspector-modern/tracing/TraceEventProfile.h
React.framework/Headers/React_jsinspectortracing/jsinspector-modern/tracing/TraceEventSerializer.h
React.framework/Headers/React_jsinspectortracing/jsinspector-modern/tracing/TraceRecordingState.h
React.framework/Headers/React_jsinspectortracing/jsinspector-modern/tracing/TracingCategory.h
React.framework/Headers/React_jsinspectortracing/jsinspector-modern/tracing/TracingMode.h
React.framework/Headers/React_jsitooling/
React.framework/Headers/React_jsitooling/react/
React.framework/Headers/React_jsitooling/react/runtime/
React.framework/Headers/React_jsitooling/react/runtime/JSRuntimeBindings.h
React.framework/Headers/React_jsitooling/react/runtime/JSRuntimeFactory.h
React.framework/Headers/React_jsitooling/react/runtime/JSRuntimeFactoryCAPI.h
React.framework/Headers/React_logger/
React.framework/Headers/React_logger/logger/
React.framework/Headers/React_logger/logger/react_native_log.h
React.framework/Headers/React_microtasksnativemodule/
React.framework/Headers/React_microtasksnativemodule/react/
React.framework/Headers/React_microtasksnativemodule/react/nativemodule/
React.framework/Headers/React_microtasksnativemodule/react/nativemodule/microtasks/
React.framework/Headers/React_microtasksnativemodule/react/nativemodule/microtasks/NativeMicrotasks.h
React.framework/Headers/React_mutationobservernativemodule/
React.framework/Headers/React_mutationobservernativemodule/react/
React.framework/Headers/React_mutationobservernativemodule/react/nativemodule/
React.framework/Headers/React_mutationobservernativemodule/react/nativemodule/mutationobserver/
React.framework/Headers/React_mutationobservernativemodule/react/nativemodule/mutationobserver/NativeMutationObserver.h
React.framework/Headers/React_networking/
React.framework/Headers/React_networking/react/
React.framework/Headers/React_networking/react/networking/
React.framework/Headers/React_networking/react/networking/NetworkReporter.h
React.framework/Headers/React_networking/react/networking/NetworkTypes.h
React.framework/Headers/React_oscompat/
React.framework/Headers/React_oscompat/oscompat/
React.framework/Headers/React_oscompat/oscompat/OSCompat.h
React.framework/Headers/React_perflogger/
React.framework/Headers/React_perflogger/reactperflogger/
React.framework/Headers/React_perflogger/reactperflogger/BridgeNativeModulePerfLogger.h
React.framework/Headers/React_perflogger/reactperflogger/FuseboxPerfettoDataSource.h
React.framework/Headers/React_perflogger/reactperflogger/FuseboxTracer.h
React.framework/Headers/React_perflogger/reactperflogger/HermesPerfettoDataSource.h
React.framework/Headers/React_perflogger/reactperflogger/NativeModulePerfLogger.h
React.framework/Headers/React_perflogger/reactperflogger/ReactPerfetto.h
React.framework/Headers/React_perflogger/reactperflogger/ReactPerfettoCategories.h
React.framework/Headers/React_perflogger/reactperflogger/ReactPerfettoLogger.h
React.framework/Headers/React_performancecdpmetrics/
React.framework/Headers/React_performancecdpmetrics/react/
React.framework/Headers/React_performancecdpmetrics/react/performance/
React.framework/Headers/React_performancecdpmetrics/react/performance/cdpmetrics/
React.framework/Headers/React_performancecdpmetrics/react/performance/cdpmetrics/CdpInteractionTypes.h
React.framework/Headers/React_performancecdpmetrics/react/performance/cdpmetrics/CdpMetricsReporter.h
React.framework/Headers/React_performancecdpmetrics/react/performance/cdpmetrics/CdpPerfIssuesReporter.h
React.framework/Headers/React_performancetimeline/
React.framework/Headers/React_performancetimeline/react/
React.framework/Headers/React_performancetimeline/react/performance/
React.framework/Headers/React_performancetimeline/react/performance/timeline/
React.framework/Headers/React_performancetimeline/react/performance/timeline/CircularBuffer.h
React.framework/Headers/React_performancetimeline/react/performance/timeline/PerformanceEntry.h
React.framework/Headers/React_performancetimeline/react/performance/timeline/PerformanceEntryBuffer.h
React.framework/Headers/React_performancetimeline/react/performance/timeline/PerformanceEntryCircularBuffer.h
React.framework/Headers/React_performancetimeline/react/performance/timeline/PerformanceEntryKeyedBuffer.h
React.framework/Headers/React_performancetimeline/react/performance/timeline/PerformanceEntryReporter.h
React.framework/Headers/React_performancetimeline/react/performance/timeline/PerformanceEntryReporterListeners.h
React.framework/Headers/React_performancetimeline/react/performance/timeline/PerformanceObserver.h
React.framework/Headers/React_performancetimeline/react/performance/timeline/PerformanceObserverRegistry.h
React.framework/Headers/React_rendererconsistency/
React.framework/Headers/React_rendererconsistency/react/
React.framework/Headers/React_rendererconsistency/react/renderer/
React.framework/Headers/React_rendererconsistency/react/renderer/consistency/
React.framework/Headers/React_rendererconsistency/react/renderer/consistency/ScopedShadowTreeRevisionLock.h
React.framework/Headers/React_rendererconsistency/react/renderer/consistency/ShadowTreeRevisionConsistencyManager.h
React.framework/Headers/React_renderercss/
React.framework/Headers/React_renderercss/react/
React.framework/Headers/React_renderercss/react/renderer/
React.framework/Headers/React_renderercss/react/renderer/css/
React.framework/Headers/React_renderercss/react/renderer/css/CSSAngle.h
React.framework/Headers/React_renderercss/react/renderer/css/CSSAngleUnit.h
React.framework/Headers/React_renderercss/react/renderer/css/CSSBackgroundImage.h
React.framework/Headers/React_renderercss/react/renderer/css/CSSColor.h
React.framework/Headers/React_renderercss/react/renderer/css/CSSColorFunction.h
React.framework/Headers/React_renderercss/react/renderer/css/CSSCompoundDataType.h
React.framework/Headers/React_renderercss/react/renderer/css/CSSDataType.h
React.framework/Headers/React_renderercss/react/renderer/css/CSSFilter.h
React.framework/Headers/React_renderercss/react/renderer/css/CSSFontVariant.h
React.framework/Headers/React_renderercss/react/renderer/css/CSSHexColor.h
React.framework/Headers/React_renderercss/react/renderer/css/CSSKeyword.h
React.framework/Headers/React_renderercss/react/renderer/css/CSSLength.h
React.framework/Headers/React_renderercss/react/renderer/css/CSSLengthPercentage.h
React.framework/Headers/React_renderercss/react/renderer/css/CSSLengthUnit.h
React.framework/Headers/React_renderercss/react/renderer/css/CSSList.h
React.framework/Headers/React_renderercss/react/renderer/css/CSSNamedColor.h
React.framework/Headers/React_renderercss/react/renderer/css/CSSNumber.h
React.framework/Headers/React_renderercss/react/renderer/css/CSSPercentage.h
React.framework/Headers/React_renderercss/react/renderer/css/CSSRatio.h
React.framework/Headers/React_renderercss/react/renderer/css/CSSShadow.h
React.framework/Headers/React_renderercss/react/renderer/css/CSSSyntaxParser.h
React.framework/Headers/React_renderercss/react/renderer/css/CSSToken.h
React.framework/Headers/React_renderercss/react/renderer/css/CSSTokenizer.h
React.framework/Headers/React_renderercss/react/renderer/css/CSSTransform.h
React.framework/Headers/React_renderercss/react/renderer/css/CSSTransformOrigin.h
React.framework/Headers/React_renderercss/react/renderer/css/CSSValueParser.h
React.framework/Headers/React_renderercss/react/renderer/css/CSSZero.h
React.framework/Headers/React_rendererdebug/
React.framework/Headers/React_rendererdebug/react/
React.framework/Headers/React_rendererdebug/react/renderer/
React.framework/Headers/React_rendererdebug/react/renderer/debug/
React.framework/Headers/React_rendererdebug/react/renderer/debug/DebugStringConvertible.h
React.framework/Headers/React_rendererdebug/react/renderer/debug/DebugStringConvertibleItem.h
React.framework/Headers/React_rendererdebug/react/renderer/debug/debugStringConvertibleUtils.h
React.framework/Headers/React_rendererdebug/react/renderer/debug/flags.h
React.framework/Headers/React_runtimeexecutor/
React.framework/Headers/React_runtimeexecutor/ReactCommon/
React.framework/Headers/React_runtimeexecutor/ReactCommon/RuntimeExecutor.h
React.framework/Headers/React_runtimeexecutor/ReactCommon/RuntimeExecutorSyncUIThreadUtils.h
React.framework/Headers/React_runtimescheduler/
React.framework/Headers/React_runtimescheduler/react/
React.framework/Headers/React_runtimescheduler/react/renderer/
React.framework/Headers/React_runtimescheduler/react/renderer/runtimescheduler/
React.framework/Headers/React_runtimescheduler/react/renderer/runtimescheduler/RuntimeScheduler.h
React.framework/Headers/React_runtimescheduler/react/renderer/runtimescheduler/RuntimeSchedulerBinding.h
React.framework/Headers/React_runtimescheduler/react/renderer/runtimescheduler/RuntimeSchedulerCallInvoker.h
React.framework/Headers/React_runtimescheduler/react/renderer/runtimescheduler/RuntimeSchedulerEventTimingDelegate.h
React.framework/Headers/React_runtimescheduler/react/renderer/runtimescheduler/RuntimeSchedulerIntersectionObserverDelegate.h
React.framework/Headers/React_runtimescheduler/react/renderer/runtimescheduler/RuntimeScheduler_Legacy.h
React.framework/Headers/React_runtimescheduler/react/renderer/runtimescheduler/RuntimeScheduler_Modern.h
React.framework/Headers/React_runtimescheduler/react/renderer/runtimescheduler/SchedulerPriorityUtils.h
React.framework/Headers/React_runtimescheduler/react/renderer/runtimescheduler/Task.h
React.framework/Headers/React_runtimescheduler/react/renderer/runtimescheduler/primitives.h
React.framework/Headers/React_timing/
React.framework/Headers/React_timing/react/
React.framework/Headers/React_timing/react/timing/
React.framework/Headers/React_timing/react/timing/primitives.h
React.framework/Headers/React_utils/
React.framework/Headers/React_utils/react/
React.framework/Headers/React_utils/react/utils/
React.framework/Headers/React_utils/react/utils/Base64.h
React.framework/Headers/React_utils/react/utils/ContextContainer.h
React.framework/Headers/React_utils/react/utils/FloatComparison.h
React.framework/Headers/React_utils/react/utils/FollyConvert.h
React.framework/Headers/React_utils/react/utils/LowPriorityExecutor.h
React.framework/Headers/React_utils/react/utils/ManagedObjectWrapper.h
React.framework/Headers/React_utils/react/utils/OnScopeExit.h
React.framework/Headers/React_utils/react/utils/PackTraits.h
React.framework/Headers/React_utils/react/utils/RunLoopObserver.h
React.framework/Headers/React_utils/react/utils/SharedFunction.h
React.framework/Headers/React_utils/react/utils/SimpleThreadSafeCache.h
React.framework/Headers/React_utils/react/utils/Telemetry.h
React.framework/Headers/React_utils/react/utils/TemplateStringLiteral.h
React.framework/Headers/React_utils/react/utils/Uuid.h
React.framework/Headers/React_utils/react/utils/fnv1a.h
React.framework/Headers/React_utils/react/utils/hash_combine.h
React.framework/Headers/React_utils/react/utils/iequals.h
React.framework/Headers/React_utils/react/utils/jsi-utils.h
React.framework/Headers/React_utils/react/utils/toLower.h
React.framework/Headers/React_utils/react/utils/to_underlying.h
React.framework/Headers/React_viewtransitionnativemodule/
React.framework/Headers/React_viewtransitionnativemodule/react/
React.framework/Headers/React_viewtransitionnativemodule/react/nativemodule/
React.framework/Headers/React_viewtransitionnativemodule/react/nativemodule/viewtransition/
React.framework/Headers/React_viewtransitionnativemodule/react/nativemodule/viewtransition/NativeViewTransition.h
React.framework/Headers/React_webperformancenativemodule/
React.framework/Headers/React_webperformancenativemodule/react/
React.framework/Headers/React_webperformancenativemodule/react/nativemodule/
React.framework/Headers/React_webperformancenativemodule/react/nativemodule/webperformance/
React.framework/Headers/React_webperformancenativemodule/react/nativemodule/webperformance/NativePerformance.h
React.framework/Headers/Yoga/
React.framework/Headers/Yoga/yoga/
React.framework/Headers/Yoga/yoga/YGConfig.h
React.framework/Headers/Yoga/yoga/YGEnums.h
React.framework/Headers/Yoga/yoga/YGMacros.h
React.framework/Headers/Yoga/yoga/YGNode.h
React.framework/Headers/Yoga/yoga/YGNodeLayout.h
React.framework/Headers/Yoga/yoga/YGNodeStyle.h
React.framework/Headers/Yoga/yoga/YGPixelGrid.h
React.framework/Headers/Yoga/yoga/YGValue.h
React.framework/Headers/Yoga/yoga/Yoga.h
React.framework/Headers/Yoga/yoga/algorithm/
React.framework/Headers/Yoga/yoga/algorithm/AbsoluteLayout.h
React.framework/Headers/Yoga/yoga/algorithm/Align.h
React.framework/Headers/Yoga/yoga/algorithm/Baseline.h
React.framework/Headers/Yoga/yoga/algorithm/BoundAxis.h
React.framework/Headers/Yoga/yoga/algorithm/Cache.h
React.framework/Headers/Yoga/yoga/algorithm/CalculateLayout.h
React.framework/Headers/Yoga/yoga/algorithm/FlexDirection.h
React.framework/Headers/Yoga/yoga/algorithm/FlexLine.h
React.framework/Headers/Yoga/yoga/algorithm/PixelGrid.h
React.framework/Headers/Yoga/yoga/algorithm/SizingMode.h
React.framework/Headers/Yoga/yoga/algorithm/TrailingPosition.h
React.framework/Headers/Yoga/yoga/config/
React.framework/Headers/Yoga/yoga/config/Config.h
React.framework/Headers/Yoga/yoga/debug/
React.framework/Headers/Yoga/yoga/debug/AssertFatal.h
React.framework/Headers/Yoga/yoga/debug/Log.h
React.framework/Headers/Yoga/yoga/enums/
React.framework/Headers/Yoga/yoga/enums/Align.h
React.framework/Headers/Yoga/yoga/enums/BoxSizing.h
React.framework/Headers/Yoga/yoga/enums/Dimension.h
React.framework/Headers/Yoga/yoga/enums/Direction.h
React.framework/Headers/Yoga/yoga/enums/Display.h
React.framework/Headers/Yoga/yoga/enums/Edge.h
React.framework/Headers/Yoga/yoga/enums/Errata.h
React.framework/Headers/Yoga/yoga/enums/ExperimentalFeature.h
React.framework/Headers/Yoga/yoga/enums/FlexDirection.h
React.framework/Headers/Yoga/yoga/enums/GridTrackType.h
React.framework/Headers/Yoga/yoga/enums/Gutter.h
React.framework/Headers/Yoga/yoga/enums/Justify.h
React.framework/Headers/Yoga/yoga/enums/LogLevel.h
React.framework/Headers/Yoga/yoga/enums/MeasureMode.h
React.framework/Headers/Yoga/yoga/enums/NodeType.h
React.framework/Headers/Yoga/yoga/enums/Overflow.h
React.framework/Headers/Yoga/yoga/enums/PhysicalEdge.h
React.framework/Headers/Yoga/yoga/enums/PositionType.h
React.framework/Headers/Yoga/yoga/enums/Unit.h
React.framework/Headers/Yoga/yoga/enums/Wrap.h
React.framework/Headers/Yoga/yoga/enums/YogaEnums.h
React.framework/Headers/Yoga/yoga/event/
React.framework/Headers/Yoga/yoga/event/event.h
React.framework/Headers/Yoga/yoga/node/
React.framework/Headers/Yoga/yoga/node/CachedMeasurement.h
React.framework/Headers/Yoga/yoga/node/LayoutResults.h
React.framework/Headers/Yoga/yoga/node/LayoutableChildren.h
React.framework/Headers/Yoga/yoga/node/Node.h
React.framework/Headers/Yoga/yoga/numeric/
React.framework/Headers/Yoga/yoga/numeric/Comparison.h
React.framework/Headers/Yoga/yoga/numeric/FloatOptional.h
React.framework/Headers/Yoga/yoga/style/
React.framework/Headers/Yoga/yoga/style/GridLine.h
React.framework/Headers/Yoga/yoga/style/GridTrack.h
React.framework/Headers/Yoga/yoga/style/SmallValueBuffer.h
React.framework/Headers/Yoga/yoga/style/Style.h
React.framework/Headers/Yoga/yoga/style/StyleLength.h
React.framework/Headers/Yoga/yoga/style/StyleSizeLength.h
React.framework/Headers/Yoga/yoga/style/StyleValueHandle.h
React.framework/Headers/Yoga/yoga/style/StyleValuePool.h
React.framework/Modules/
React.framework/Modules/module.modulemap
React.framework/_CodeSignature/
React.framework/_CodeSignature/CodeResources

sent 140425063 bytes  received 27742 bytes  142144322 bytes/sec
total size is 140212885  speedup is 1.00
Copied /Users/sparkles/Documents/CodingFiles/FullStack/expensioApp/frontend/ios/Pods/React-Core-prebuilt/React.xcframework/ios-arm64_x86_64-simulator to /Users/sparkles/Library/Developer/Xcode/DerivedData/Expensio-futtgngxcysvvhcljmosbeftqmyc/Build/Products/Debug-iphonesimulator/XCFrameworkIntermediates/React-Core-prebuilt

PhaseScriptExecution [CP-User]\ Build\ ExpoModulesJSI\ xcframework /Users/sparkles/Library/Developer/Xcode/DerivedData/Expensio-futtgngxcysvvhcljmosbeftqmyc/Build/Intermediates.noindex/Pods.build/Debug-iphonesimulator/ExpoModulesJSI.build/Script-46EB2E0001AA50.sh (in target 'ExpoModulesJSI' from project 'Pods')
    cd /Users/sparkles/Documents/CodingFiles/FullStack/expensioApp/frontend/ios/Pods
    export ACTION\=build
    export AD_HOC_CODE_SIGNING_ALLOWED\=YES
    export ALLOW_BUILD_REQUEST_OVERRIDES\=NO
    export ALLOW_TARGET_PLATFORM_SPECIALIZATION\=NO
    export ALTERNATE_GROUP\=staff
    export ALTERNATE_MODE\=u+w,go-w,a+rX
    export ALTERNATE_OWNER\=sparkles
    export ALTERNATIVE_DISTRIBUTION_WEB\=NO
    export ALWAYS_EMBED_SWIFT_STANDARD_LIBRARIES\=NO
    export ALWAYS_SEARCH_USER_PATHS\=NO
    export ALWAYS_USE_SEPARATE_HEADERMAPS\=NO
    export APPLICATION_EXTENSION_API_ONLY\=NO
    export APPLY_RULES_IN_COPY_FILES\=NO
    export APPLY_RULES_IN_COPY_HEADERS\=NO
    export APP_SHORTCUTS_ENABLE_FLEXIBLE_MATCHING\=YES
    export ARCHS\=arm64\ x86_64
    export ARCHS_BASE\=arm64\ x86_64
    export ARCHS_STANDARD\=arm64\ x86_64
    export ARCHS_STANDARD_32_64_BIT\=arm64\ x86_64
    export ARCHS_STANDARD_64_BIT\=arm64\ x86_64
    export ARCHS_STANDARD_INCLUDING_64_BIT\=arm64\ x86_64
    export ARCHS_UNIVERSAL_IPHONE_OS\=arm64\ x86_64
    export ASSETCATALOG_COMPILER_APPICON_NAME\=AppIcon
    export ASSETCATALOG_COMPILER_GLOBAL_ACCENT_COLOR_NAME\=AccentColor
    export AUTOMATICALLY_MERGE_DEPENDENCIES\=NO
    export AUTOMATION_APPLE_EVENTS\=NO
    export AVAILABLE_PLATFORMS\=android\ appletvos\ appletvsimulator\ driverkit\ freebsd\ iphoneos\ iphonesimulator\ linux\ macosx\ none\ openbsd\ qnx\ staticlinux\ watchos\ watchsimulator\ webassembly\ xros\ xrsimulator
    export BUILD_ACTIVE_RESOURCES_ONLY\=NO
    export BUILD_COMPONENTS\=headers\ build
    export BUILD_DIR\=/Users/sparkles/Library/Developer/Xcode/DerivedData/Expensio-futtgngxcysvvhcljmosbeftqmyc/Build/Products
    export BUILD_LIBRARY_FOR_DISTRIBUTION\=NO
    export BUILD_ONLY_KNOWN_LOCALIZATIONS\=NO
    export BUILD_ROOT\=/Users/sparkles/Library/Developer/Xcode/DerivedData/Expensio-futtgngxcysvvhcljmosbeftqmyc/Build/Products
    export BUILD_STYLE\=
    export BUILD_VARIANTS\=normal
    export BUILT_PRODUCTS_DIR\=/Users/sparkles/Library/Developer/Xcode/DerivedData/Expensio-futtgngxcysvvhcljmosbeftqmyc/Build/Products/Debug-iphonesimulator/ExpoModulesJSI
    export BUNDLE_CONTENTS_FOLDER_PATH_deep\=Contents/
    export BUNDLE_EXECUTABLE_FOLDER_NAME_deep\=MacOS
    export BUNDLE_EXTENSIONS_FOLDER_PATH\=Extensions
    export BUNDLE_FORMAT\=shallow
    export BUNDLE_FRAMEWORKS_FOLDER_PATH\=Frameworks
    export BUNDLE_PLUGINS_FOLDER_PATH\=PlugIns
    export BUNDLE_PRIVATE_HEADERS_FOLDER_PATH\=PrivateHeaders
    export BUNDLE_PUBLIC_HEADERS_FOLDER_PATH\=Headers
    export CACHE_ROOT\=/var/folders/2z/d087lq6n4d1_lvddlb12y_9r0000gn/C/com.apple.DeveloperTools/27.0-27A266a/Xcode
    export CCHROOT\=/var/folders/2z/d087lq6n4d1_lvddlb12y_9r0000gn/C/com.apple.DeveloperTools/27.0-27A266a/Xcode
    export CHMOD\=/bin/chmod
    export CHOWN\=chown
    export CLANG_ANALYZER_LOCALIZABILITY_NONLOCALIZED\=YES
    export CLANG_ANALYZER_NONNULL\=YES
    export CLANG_ANALYZER_NUMBER_OBJECT_CONVERSION\=YES_AGGRESSIVE
    export CLANG_CACHE_FINE_GRAINED_OUTPUTS\=YES
    export CLANG_CXX_LANGUAGE_STANDARD\=c++20
    export CLANG_CXX_LIBRARY\=libc++
    export CLANG_ENABLE_EXPLICIT_MODULES\=YES
    export CLANG_ENABLE_MODULES\=YES
    export CLANG_ENABLE_OBJC_ARC\=YES
    export CLANG_ENABLE_OBJC_WEAK\=NO
    export CLANG_MODULES_BUILD_SESSION_FILE\=/Users/sparkles/Library/Developer/Xcode/DerivedData/ModuleCache.noindex/Session.modulevalidation
    export CLANG_WARN_BLOCK_CAPTURE_AUTORELEASING\=YES
    export CLANG_WARN_BOOL_CONVERSION\=YES
    export CLANG_WARN_COMMA\=YES
    export CLANG_WARN_CONSTANT_CONVERSION\=YES
    export CLANG_WARN_DEPRECATED_OBJC_IMPLEMENTATIONS\=YES
    export CLANG_WARN_DIRECT_OBJC_ISA_USAGE\=YES_ERROR
    export CLANG_WARN_DOCUMENTATION_COMMENTS\=YES
    export CLANG_WARN_EMPTY_BODY\=YES
    export CLANG_WARN_ENUM_CONVERSION\=YES
    export CLANG_WARN_INFINITE_RECURSION\=YES
    export CLANG_WARN_INT_CONVERSION\=YES
    export CLANG_WARN_NON_LITERAL_NULL_CONVERSION\=YES
    export CLANG_WARN_OBJC_IMPLICIT_RETAIN_SELF\=YES
    export CLANG_WARN_OBJC_LITERAL_CONVERSION\=YES
    export CLANG_WARN_OBJC_ROOT_CLASS\=YES_ERROR
    export CLANG_WARN_QUOTED_INCLUDE_IN_FRAMEWORK_HEADER\=NO
    export CLANG_WARN_RANGE_LOOP_ANALYSIS\=YES
    export CLANG_WARN_STRICT_PROTOTYPES\=YES
    export CLANG_WARN_SUSPICIOUS_MOVE\=YES
    export CLANG_WARN_UNGUARDED_AVAILABILITY\=YES_AGGRESSIVE
    export CLANG_WARN_UNREACHABLE_CODE\=YES
    export CLANG_WARN__DUPLICATE_METHOD_MATCH\=YES
    export CLASS_FILE_DIR\=/Users/sparkles/Library/Developer/Xcode/DerivedData/Expensio-futtgngxcysvvhcljmosbeftqmyc/Build/Intermediates.noindex/Pods.build/Debug-iphonesimulator/ExpoModulesJSI.build/JavaClasses
    export CLEAN_PRECOMPS\=YES
    export CLONE_HEADERS\=NO
    export CODESIGNING_FOLDER_PATH\=/Users/sparkles/Library/Developer/Xcode/DerivedData/Expensio-futtgngxcysvvhcljmosbeftqmyc/Build/Products/Debug-iphonesimulator/ExpoModulesJSI/
    export CODE_SIGNING_ALLOWED\=NO
    export CODE_SIGNING_REQUIRED\=YES
    export CODE_SIGN_CONTEXT_CLASS\=XCiPhoneSimulatorCodeSignContext
    export CODE_SIGN_IDENTITY\=-
    export CODE_SIGN_INJECT_BASE_ENTITLEMENTS\=YES
    export COLOR_DIAGNOSTICS\=NO
    export COMBINE_HIDPI_IMAGES\=NO
    export COMPILATION_CACHE_CAS_PATH\=/Users/sparkles/Library/Developer/Xcode/DerivedData/CompilationCache.noindex
    export COMPILATION_CACHE_KEEP_CAS_DIRECTORY\=YES
    export COMPILER_INDEX_STORE_ENABLE\=Default
    export COMPOSITE_SDK_DIRS\=/Users/sparkles/Library/Developer/Xcode/DerivedData/Expensio-futtgngxcysvvhcljmosbeftqmyc/Build/Intermediates.noindex/CompositeSDKs
    export COMPRESS_PNG_FILES\=YES
    export CONFIGURATION\=Debug
    export CONFIGURATION_BUILD_DIR\=/Users/sparkles/Library/Developer/Xcode/DerivedData/Expensio-futtgngxcysvvhcljmosbeftqmyc/Build/Products/Debug-iphonesimulator/ExpoModulesJSI
    export CONFIGURATION_TEMP_DIR\=/Users/sparkles/Library/Developer/Xcode/DerivedData/Expensio-futtgngxcysvvhcljmosbeftqmyc/Build/Intermediates.noindex/Pods.build/Debug-iphonesimulator
    export COPYING_PRESERVES_HFS_DATA\=NO
    export COPY_HEADERS_RUN_UNIFDEF\=NO
    export COPY_PHASE_STRIP\=NO
    export CORRESPONDING_DEVICE_PLATFORM_DIR\=/Applications/Xcode.app/Contents/Developer/Platforms/iPhoneOS.platform
    export CORRESPONDING_DEVICE_PLATFORM_NAME\=iphoneos
    export CORRESPONDING_DEVICE_SDK_DIR\=/Applications/Xcode.app/Contents/Developer/Platforms/iPhoneOS.platform/Developer/SDKs/iPhoneOS27.0.sdk
    export CORRESPONDING_DEVICE_SDK_NAME\=iphoneos27.0
    export CP\=/bin/cp
    export CREATE_INFOPLIST_SECTION_IN_BINARY\=NO
    export CURRENT_ARCH\=undefined_arch
    export CURRENT_VARIANT\=normal
    export DEAD_CODE_STRIPPING\=YES
    export DEBUGGING_SYMBOLS\=YES
    export DEBUG_INFORMATION_FORMAT\=dwarf
    export DEBUG_INFORMATION_VERSION\=compiler-default
    export DEFAULT_COMPILER\=com.apple.compilers.llvm.clang.1_0
    export DEFAULT_DEXT_INSTALL_PATH\=/System/Library/DriverExtensions
    export DEFAULT_KEXT_INSTALL_PATH\=/System/Library/Extensions
    export DEFINES_MODULE\=YES
    export DEPLOYMENT_LOCATION\=NO
    export DEPLOYMENT_POSTPROCESSING\=NO
    export DEPLOYMENT_TARGET_SETTING_NAME\=IPHONEOS_DEPLOYMENT_TARGET
    export DEPLOYMENT_TARGET_SUGGESTED_VALUES\=15.0\ 15.1\ 15.2\ 15.3\ 15.4\ 15.5\ 15.6\ 16.0\ 16.1\ 16.2\ 16.3\ 16.4\ 16.5\ 16.6\ 17.0\ 17.1\ 17.2\ 17.3\ 17.4\ 17.5\ 17.6\ 18.0\ 18.1\ 18.2\ 18.3\ 18.4\ 18.5\ 18.6\ 26.0\ 26.2\ 26.3\ 26.4\ 26.5\ 26.6\ 27.0
    export DERIVED_FILES_DIR\=/Users/sparkles/Library/Developer/Xcode/DerivedData/Expensio-futtgngxcysvvhcljmosbeftqmyc/Build/Intermediates.noindex/Pods.build/Debug-iphonesimulator/ExpoModulesJSI.build/DerivedSources
    export DERIVED_FILE_DIR\=/Users/sparkles/Library/Developer/Xcode/DerivedData/Expensio-futtgngxcysvvhcljmosbeftqmyc/Build/Intermediates.noindex/Pods.build/Debug-iphonesimulator/ExpoModulesJSI.build/DerivedSources
    export DERIVED_SOURCES_DIR\=/Users/sparkles/Library/Developer/Xcode/DerivedData/Expensio-futtgngxcysvvhcljmosbeftqmyc/Build/Intermediates.noindex/Pods.build/Debug-iphonesimulator/ExpoModulesJSI.build/DerivedSources
    export DEVELOPER_APPLICATIONS_DIR\=/Applications/Xcode.app/Contents/Developer/Applications
    export DEVELOPER_BIN_DIR\=/Applications/Xcode.app/Contents/Developer/usr/bin
    export DEVELOPER_DIR\=/Applications/Xcode.app/Contents/Developer
    export DEVELOPER_FRAMEWORKS_DIR\=/Applications/Xcode.app/Contents/Developer/Library/Frameworks
    export DEVELOPER_FRAMEWORKS_DIR_QUOTED\=/Applications/Xcode.app/Contents/Developer/Library/Frameworks
    export DEVELOPER_LIBRARY_DIR\=/Applications/Xcode.app/Contents/Developer/Library
    export DEVELOPER_SDK_DIR\=/Applications/Xcode.app/Contents/Developer/Platforms/MacOSX.platform/Developer/SDKs
    export DEVELOPER_TOOLS_DIR\=/Applications/Xcode.app/Contents/Developer/Tools
    export DEVELOPER_USR_DIR\=/Applications/Xcode.app/Contents/Developer/usr
    export DEVELOPMENT_LANGUAGE\=en
    export DIAGNOSE_MISSING_TARGET_DEPENDENCIES\=YES
    export DIFF\=/usr/bin/diff
    export DONT_GENERATE_INFOPLIST_FILE\=NO
    export DSTROOT\=/tmp/Pods.dst
    export DT_TOOLCHAIN_DIR\=/Applications/Xcode.app/Contents/Developer/Toolchains/XcodeDefault.xctoolchain
    export DWARF_DSYM_FILE_NAME\=.dSYM
    export DWARF_DSYM_FILE_SHOULD_ACCOMPANY_PRODUCT\=NO
    export DWARF_DSYM_FOLDER_PATH\=/Users/sparkles/Library/Developer/Xcode/DerivedData/Expensio-futtgngxcysvvhcljmosbeftqmyc/Build/Products/Debug-iphonesimulator/ExpoModulesJSI
    export DYNAMIC_LIBRARY_EXTENSION\=dylib
    export EAGER_COMPILATION_ALLOW_SCRIPTS\=NO
    export EAGER_LINKING\=NO
    export EFFECTIVE_PLATFORM_NAME\=-iphonesimulator
    export EFFECTIVE_SWIFT_VERSION\=5
    export EMBEDDED_CONTENT_CONTAINS_SWIFT\=NO
    export EMBED_ASSET_PACKS_IN_PRODUCT_BUNDLE\=NO
    export ENABLE_APP_SANDBOX\=NO
    export ENABLE_CODE_COVERAGE\=YES
    export ENABLE_COHORT_ARCHS\=YES
    export ENABLE_CPLUSPLUS_BOUNDS_SAFE_BUFFERS\=NO
    export ENABLE_C_BOUNDS_SAFETY\=NO
    export ENABLE_DEFAULT_HEADER_SEARCH_PATHS\=YES
    export ENABLE_DEFAULT_SEARCH_PATHS\=YES
    export ENABLE_ENHANCED_SECURITY\=NO
    export ENABLE_HARDENED_RUNTIME\=NO
    export ENABLE_HARDWARE_CHECKED_POINTER_ARITHMETIC_SLICE\=NO
    export ENABLE_HEADER_DEPENDENCIES\=YES
    export ENABLE_INCOMING_NETWORK_CONNECTIONS\=NO
    export ENABLE_MODULE_VERIFIER\=YES
    export ENABLE_ON_DEMAND_RESOURCES\=NO
    export ENABLE_OUTGOING_NETWORK_CONNECTIONS\=NO
    export ENABLE_POINTER_AUTHENTICATION\=NO
    export ENABLE_PREVIEWS\=NO
    export ENABLE_RESOURCE_ACCESS_AUDIO_INPUT\=NO
    export ENABLE_RESOURCE_ACCESS_BLUETOOTH\=NO
    export ENABLE_RESOURCE_ACCESS_CALENDARS\=NO
    export ENABLE_RESOURCE_ACCESS_CAMERA\=NO
    export ENABLE_RESOURCE_ACCESS_CONTACTS\=NO
    export ENABLE_RESOURCE_ACCESS_LOCATION\=NO
    export ENABLE_RESOURCE_ACCESS_PHOTO_LIBRARY\=NO
    export ENABLE_RESOURCE_ACCESS_PRINTING\=NO
    export ENABLE_RESOURCE_ACCESS_USB\=NO
    export ENABLE_SDK_IMPORTS\=NO
    export ENABLE_SECURITY_COMPILER_WARNINGS\=NO
    export ENABLE_STRICT_OBJC_MSGSEND\=YES
    export ENABLE_TESTABILITY\=YES
    export ENABLE_TESTING_SEARCH_PATHS\=NO
    export ENABLE_USER_SCRIPT_SANDBOXING\=NO
    export ENABLE_XOJIT_PREVIEWS\=YES
    export ENFORCE_VALID_ARCHS\=YES
    export ENTITLEMENTS_DESTINATION\=__entitlements
    export ENTITLEMENTS_REQUIRED\=YES
    export EXCLUDED_INSTALLSRC_SUBDIRECTORY_PATTERNS\=.DS_Store\ .svn\ .git\ .hg\ CVS
    export EXCLUDED_RECURSIVE_SEARCH_PATH_SUBDIRECTORIES\=\*.nib\ \*.lproj\ \*.framework\ \*.gch\ \*.xcode\*\ \*.xcassets\ \*.icon\ \(\*\)\ .DS_Store\ CVS\ .svn\ .git\ .hg\ \*.pbproj\ \*.pbxproj
    export FILE_LIST\=/Users/sparkles/Library/Developer/Xcode/DerivedData/Expensio-futtgngxcysvvhcljmosbeftqmyc/Build/Intermediates.noindex/Pods.build/Debug-iphonesimulator/ExpoModulesJSI.build/Objects/LinkFileList
    export FIXED_FILES_DIR\=/Users/sparkles/Library/Developer/Xcode/DerivedData/Expensio-futtgngxcysvvhcljmosbeftqmyc/Build/Intermediates.noindex/Pods.build/Debug-iphonesimulator/ExpoModulesJSI.build/FixedFiles
    export FRAMEWORK_SEARCH_PATHS\=\ \"/Users/sparkles/Documents/CodingFiles/FullStack/expensioApp/frontend/ios/Pods/../../node_modules/expo-modules-jsi/apple/Products\"\ \"/Users/sparkles/Documents/CodingFiles/FullStack/expensioApp/frontend/ios/Pods/React-Core-prebuilt\"\ \"/Users/sparkles/Documents/CodingFiles/FullStack/expensioApp/frontend/ios/Pods/ReactNativeDependencies/framework/packages/react-native\"\ \"/Users/sparkles/Documents/CodingFiles/FullStack/expensioApp/frontend/ios/Pods/hermes-engine/destroot/Library/Frameworks/universal\"\ \"/Users/sparkles/Library/Developer/Xcode/DerivedData/Expensio-futtgngxcysvvhcljmosbeftqmyc/Build/Products/Debug-iphonesimulator/XCFrameworkIntermediates/ExpoModulesJSI\"\ \"/Users/sparkles/Library/Developer/Xcode/DerivedData/Expensio-futtgngxcysvvhcljmosbeftqmyc/Build/Products/Debug-iphonesimulator/XCFrameworkIntermediates/React-Core-prebuilt\"\ \"/Users/sparkles/Library/Developer/Xcode/DerivedData/Expensio-futtgngxcysvvhcljmosbeftqmyc/Build/Products/Debug-iphonesimulator/XCFrameworkIntermediates/ReactNativeDependencies\"\ \"/Users/sparkles/Library/Developer/Xcode/DerivedData/Expensio-futtgngxcysvvhcljmosbeftqmyc/Build/Products/Debug-iphonesimulator/XCFrameworkIntermediates/hermes-engine/Pre-built\"\ \"/Users/sparkles/Library/Developer/Xcode/DerivedData/Expensio-futtgngxcysvvhcljmosbeftqmyc/Build/Products/Debug-iphonesimulator/XCFrameworkIntermediates/ExpoModulesJSI\"
    export FRAMEWORK_VERSION\=A
    export FUSE_BUILD_PHASES\=YES
    export FUSE_BUILD_SCRIPT_PHASES\=NO
    export GCC3_VERSION\=3.3
    export GCC_C_LANGUAGE_STANDARD\=gnu11
    export GCC_DYNAMIC_NO_PIC\=NO
    export GCC_NO_COMMON_BLOCKS\=YES
    export GCC_OBJC_LEGACY_DISPATCH\=YES
    export GCC_OPTIMIZATION_LEVEL\=0
    export GCC_PFE_FILE_C_DIALECTS\=c\ objective-c\ c++\ objective-c++
    export GCC_PREPROCESSOR_DEFINITIONS\=POD_CONFIGURATION_DEBUG\=1\ DEBUG\=1\ \ COCOAPODS\=1
    export GCC_SYMBOLS_PRIVATE_EXTERN\=NO
    export GCC_TREAT_WARNINGS_AS_ERRORS\=NO
    export GCC_VERSION\=com.apple.compilers.llvm.clang.1_0
    export GCC_VERSION_IDENTIFIER\=com_apple_compilers_llvm_clang_1_0
    export GCC_WARN_64_TO_32_BIT_CONVERSION\=YES
    export GCC_WARN_ABOUT_RETURN_TYPE\=YES_ERROR
    export GCC_WARN_UNDECLARED_SELECTOR\=YES
    export GCC_WARN_UNINITIALIZED_AUTOS\=YES_AGGRESSIVE
    export GCC_WARN_UNUSED_FUNCTION\=YES
    export GCC_WARN_UNUSED_VARIABLE\=YES
    export GENERATED_MODULEMAP_DIR\=/Users/sparkles/Library/Developer/Xcode/DerivedData/Expensio-futtgngxcysvvhcljmosbeftqmyc/Build/Intermediates.noindex/GeneratedModuleMaps-iphonesimulator
    export GENERATE_INFOPLIST_FILE\=NO
    export GENERATE_INTERMEDIATE_TEXT_BASED_STUBS\=YES
    export GENERATE_PKGINFO_FILE\=NO
    export GENERATE_PRELINK_OBJECT_FILE\=NO
    export GENERATE_PROFILING_CODE\=NO
    export GENERATE_TEXT_BASED_STUBS\=NO
    export GID\=20
    export GROUP\=staff
    export HEADERMAP_INCLUDES_FLAT_ENTRIES_FOR_TARGET_BEING_BUILT\=YES
    export HEADERMAP_INCLUDES_FRAMEWORK_ENTRIES_FOR_ALL_PRODUCT_TYPES\=YES
    export HEADERMAP_INCLUDES_FRAMEWORK_ENTRIES_FOR_TARGETS_NOT_BEING_BUILT\=YES
    export HEADERMAP_INCLUDES_NONPUBLIC_NONPRIVATE_HEADERS\=YES
    export HEADERMAP_INCLUDES_PROJECT_HEADERS\=YES
    export HEADERMAP_USES_FRAMEWORK_PREFIX_ENTRIES\=YES
    export HEADERMAP_USES_VFS\=YES
    export HEADER_SEARCH_PATHS\=\ \"/Users/sparkles/Documents/CodingFiles/FullStack/expensioApp/frontend/ios/Pods/Headers/Public\"\ \"/Users/sparkles/Documents/CodingFiles/FullStack/expensioApp/frontend/ios/Pods/Headers/Public/React-Core\"\ \"/Users/sparkles/Documents/CodingFiles/FullStack/expensioApp/frontend/ios/Pods/Headers/Public/React-Core-prebuilt\"\ \"/Users/sparkles/Documents/CodingFiles/FullStack/expensioApp/frontend/ios/Pods/Headers/Public/React-callinvoker\"\ \"/Users/sparkles/Documents/CodingFiles/FullStack/expensioApp/frontend/ios/Pods/Headers/Public/React-cxxreact\"\ \"/Users/sparkles/Documents/CodingFiles/FullStack/expensioApp/frontend/ios/Pods/Headers/Public/React-debug\"\ \"/Users/sparkles/Documents/CodingFiles/FullStack/expensioApp/frontend/ios/Pods/Headers/Public/React-featureflags\"\ \"/Users/sparkles/Documents/CodingFiles/FullStack/expensioApp/frontend/ios/Pods/Headers/Public/React-hermes\"\ \"/Users/sparkles/Documents/CodingFiles/FullStack/expensioApp/frontend/ios/Pods/Headers/Public/React-jserrorhandler\"\ \"/Users/sparkles/Documents/CodingFiles/FullStack/expensioApp/frontend/ios/Pods/Headers/Public/React-jsi\"\ \"/Users/sparkles/Documents/CodingFiles/FullStack/expensioApp/frontend/ios/Pods/Headers/Public/React-jsiexecutor\"\ \"/Users/sparkles/Documents/CodingFiles/FullStack/expensioApp/frontend/ios/Pods/Headers/Public/React-jsinspector\"\ \"/Users/sparkles/Documents/CodingFiles/FullStack/expensioApp/frontend/ios/Pods/Headers/Public/React-jsinspectorcdp\"\ \"/Users/sparkles/Documents/CodingFiles/FullStack/expensioApp/frontend/ios/Pods/Headers/Public/React-jsinspectornetwork\"\ \"/Users/sparkles/Documents/CodingFiles/FullStack/expensioApp/frontend/ios/Pods/Headers/Public/React-jsinspectortracing\"\ \"/Users/sparkles/Documents/CodingFiles/FullStack/expensioApp/frontend/ios/Pods/Headers/Public/React-jsitooling\"\ \"/Users/sparkles/Documents/CodingFiles/FullStack/expensioApp/frontend/ios/Pods/Headers/Public/React-logger\"\ \"/Users/sparkles/Documents/CodingFiles/FullStack/expensioApp/frontend/ios/Pods/Headers/Public/React-oscompat\"\ \"/Users/sparkles/Documents/CodingFiles/FullStack/expensioApp/frontend/ios/Pods/Headers/Public/React-perflogger\"\ \"/Users/sparkles/Documents/CodingFiles/FullStack/expensioApp/frontend/ios/Pods/Headers/Public/React-performancetimeline\"\ \"/Users/sparkles/Documents/CodingFiles/FullStack/expensioApp/frontend/ios/Pods/Headers/Public/React-rendererconsistency\"\ \"/Users/sparkles/Documents/CodingFiles/FullStack/expensioApp/frontend/ios/Pods/Headers/Public/React-rendererdebug\"\ \"/Users/sparkles/Documents/CodingFiles/FullStack/expensioApp/frontend/ios/Pods/Headers/Public/React-runtimeexecutor\"\ \"/Users/sparkles/Documents/CodingFiles/FullStack/expensioApp/frontend/ios/Pods/Headers/Public/React-runtimescheduler\"\ \"/Users/sparkles/Documents/CodingFiles/FullStack/expensioApp/frontend/ios/Pods/Headers/Public/React-timing\"\ \"/Users/sparkles/Documents/CodingFiles/FullStack/expensioApp/frontend/ios/Pods/Headers/Public/React-utils\"\ \"/Users/sparkles/Documents/CodingFiles/FullStack/expensioApp/frontend/ios/Pods/Headers/Public/ReactCommon\"\ \"/Users/sparkles/Documents/CodingFiles/FullStack/expensioApp/frontend/ios/Pods/Headers/Public/ReactNativeDependencies\"\ \"/Users/sparkles/Documents/CodingFiles/FullStack/expensioApp/frontend/ios/Pods/Headers/Public/Yoga\"\ \"/Users/sparkles/Documents/CodingFiles/FullStack/expensioApp/frontend/ios/Pods/Headers/Public/hermes-engine\"\ \"/Users/sparkles/Documents/CodingFiles/FullStack/expensioApp/frontend/ios/Pods/ExpoModulesCore/ExpoModulesCore.xcframework/ios-arm64_x86_64-simulator/ExpoModulesCore.framework/Headers\"\ \"/Users/sparkles/Documents/CodingFiles/FullStack/expensioApp/frontend/ios/Pods/ExpoModulesCore/ExpoModulesCore.xcframework/ios-arm64/ExpoModulesCore.framework/Headers\"\ \"/Users/sparkles/Documents/CodingFiles/FullStack/expensioApp/frontend/ios/Pods/ExpoModulesCore/ExpoModulesCore.xcframework/ios-arm64_x86_64-simulator/ExpoModulesCore.framework/Headers\"\ \"/Users/sparkles/Documents/CodingFiles/FullStack/expensioApp/frontend/ios/Pods/ExpoModulesCore/ExpoModulesCore.xcframework/ios-arm64/ExpoModulesCore.framework/Headers\"
    export HOME\=/Users/sparkles
    export HOST_ARCH\=arm64
    export HOST_PLATFORM\=macosx
    export ICONV\=/usr/bin/iconv
    export IMPLICIT_DEPENDENCY_DOMAIN\=default
    export INDEX_ENABLE_OPTIMIZATION_LEVEL_OVERRIDE\=YES
    export INDEX_STORE_COMPRESS\=NO
    export INDEX_STORE_ONLY_PROJECT_FILES\=NO
    export INFOPLIST_ENABLE_CFBUNDLEICONS_MERGE\=YES
    export INFOPLIST_EXPAND_BUILD_SETTINGS\=YES
    export INFOPLIST_OUTPUT_FORMAT\=binary
    export INFOPLIST_PREPROCESS\=NO
    export INLINE_PRIVATE_FRAMEWORKS\=NO
    export INSTALLAPI_IGNORE_SKIP_INSTALL\=YES
    export INSTALLHDRS_COPY_PHASE\=NO
    export INSTALLHDRS_SCRIPT_PHASE\=NO
    export INSTALL_DIR\=/tmp/Pods.dst
    export INSTALL_GROUP\=staff
    export INSTALL_MODE_FLAG\=u+w,go-w,a+rX
    export INSTALL_OWNER\=sparkles
    export INSTALL_ROOT\=/tmp/Pods.dst
    export IPHONEOS_DEPLOYMENT_TARGET\=17.0
    export IS_UNOPTIMIZED_BUILD\=YES
    export JAVAC_DEFAULT_FLAGS\=-J-Xms64m\ -J-XX:NewSize\=4M\ -J-Dfile.encoding\=UTF8
    export JAVA_APP_STUB\=/System/Library/Frameworks/JavaVM.framework/Resources/MacOS/JavaApplicationStub
    export JAVA_ARCHIVE_CLASSES\=YES
    export JAVA_ARCHIVE_TYPE\=JAR
    export JAVA_COMPILER\=/usr/bin/javac
    export JAVA_FRAMEWORK_RESOURCES_DIRS\=Resources
    export JAVA_JAR_FLAGS\=cv
    export JAVA_SOURCE_SUBDIR\=.
    export JAVA_USE_DEPENDENCIES\=YES
    export JAVA_ZIP_FLAGS\=-urg
    export JIKES_DEFAULT_FLAGS\=+E\ +OLDCSO
    export KEEP_PRIVATE_EXTERNS\=NO
    export LD_DEPENDENCY_INFO_FILE\=/Users/sparkles/Library/Developer/Xcode/DerivedData/Expensio-futtgngxcysvvhcljmosbeftqmyc/Build/Intermediates.noindex/Pods.build/Debug-iphonesimulator/ExpoModulesJSI.build/Objects-normal/undefined_arch/ExpoModulesJSI_dependency_info.dat
    export LD_EXPORT_GLOBAL_SYMBOLS\=YES
    export LD_EXPORT_SYMBOLS\=YES
    export LD_GENERATE_MAP_FILE\=NO
    export LD_MAP_FILE_PATH\=/Users/sparkles/Library/Developer/Xcode/DerivedData/Expensio-futtgngxcysvvhcljmosbeftqmyc/Build/Intermediates.noindex/Pods.build/Debug-iphonesimulator/ExpoModulesJSI.build/ExpoModulesJSI-LinkMap-normal-undefined_arch.txt
    export LD_NO_PIE\=NO
    export LD_QUOTE_LINKER_ARGUMENTS_FOR_COMPILER_DRIVER\=YES
    export LD_RUNPATH_SEARCH_PATHS\=\ @executable_path/Frameworks
    export LD_SHARED_CACHE_ELIGIBLE\=Automatic
    export LD_WARN_DUPLICATE_LIBRARIES\=NO
    export LD_WARN_UNUSED_DYLIBS\=NO
    export LEGACY_DEVELOPER_DIR\=/Applications/Xcode.app/Contents/PlugIns/Xcode3Core.ideplugin/Contents/SharedSupport/Developer
    export LEX\=lex
    export LIBRARY_DEXT_INSTALL_PATH\=/Library/DriverExtensions
    export LIBRARY_FLAG_NOSPACE\=YES
    export LIBRARY_KEXT_INSTALL_PATH\=/Library/Extensions
    export LINKER_DISPLAYS_MANGLED_NAMES\=NO
    export LINK_FILE_LIST_normal_arm64\=/Users/sparkles/Library/Developer/Xcode/DerivedData/Expensio-futtgngxcysvvhcljmosbeftqmyc/Build/Intermediates.noindex/Pods.build/Debug-iphonesimulator/ExpoModulesJSI.build/Objects-normal/arm64/ExpoModulesJSI.LinkFileList
    export LINK_FILE_LIST_normal_x86_64\=/Users/sparkles/Library/Developer/Xcode/DerivedData/Expensio-futtgngxcysvvhcljmosbeftqmyc/Build/Intermediates.noindex/Pods.build/Debug-iphonesimulator/ExpoModulesJSI.build/Objects-normal/x86_64/ExpoModulesJSI.LinkFileList
    export LINK_OBJC_RUNTIME\=YES
    export LINK_WITH_STANDARD_LIBRARIES\=YES
    export LLVM_TARGET_TRIPLE_OS_VERSION\=ios17.0
    export LLVM_TARGET_TRIPLE_SUFFIX\=-simulator
    export LLVM_TARGET_TRIPLE_VENDOR\=apple
    export LM_AUX_CONST_METADATA_LIST_PATH_normal_arm64\=/Users/sparkles/Library/Developer/Xcode/DerivedData/Expensio-futtgngxcysvvhcljmosbeftqmyc/Build/Intermediates.noindex/Pods.build/Debug-iphonesimulator/ExpoModulesJSI.build/Objects-normal/arm64/ExpoModulesJSI.SwiftConstValuesFileList
    export LM_AUX_CONST_METADATA_LIST_PATH_normal_x86_64\=/Users/sparkles/Library/Developer/Xcode/DerivedData/Expensio-futtgngxcysvvhcljmosbeftqmyc/Build/Intermediates.noindex/Pods.build/Debug-iphonesimulator/ExpoModulesJSI.build/Objects-normal/x86_64/ExpoModulesJSI.SwiftConstValuesFileList
    export LOCALIZATION_EXPORT_SUPPORTED\=YES
    export LOCALIZATION_PREFERS_STRING_CATALOGS\=NO
    export LOCALIZED_STRING_CODE_COMMENTS\=NO
    export LOCALIZED_STRING_MACRO_NAMES\=NSLocalizedString\ CFCopyLocalizedString
    export LOCALIZED_STRING_SWIFTUI_SUPPORT\=YES
    export LOCAL_ADMIN_APPS_DIR\=/Applications/Utilities
    export LOCAL_APPS_DIR\=/Applications
    export LOCAL_DEVELOPER_DIR\=/Library/Developer
    export LOCAL_LIBRARY_DIR\=/Library
    export LOCROOT\=/Users/sparkles/Documents/CodingFiles/FullStack/expensioApp/frontend/ios/Pods
    export LOCSYMROOT\=/Users/sparkles/Documents/CodingFiles/FullStack/expensioApp/frontend/ios/Pods
    export MAC_OS_X_PRODUCT_BUILD_VERSION\=26A428
    export MAC_OS_X_VERSION_ACTUAL\=270000
    export MAC_OS_X_VERSION_MAJOR\=270000
    export MAC_OS_X_VERSION_MINOR\=270000
    export MAKE_MERGEABLE\=NO
    export MERGEABLE_LIBRARY\=NO
    export MERGED_BINARY_TYPE\=none
    export MERGE_LINKED_LIBRARIES\=NO
    export METAL_LIBRARY_FILE_BASE\=default
    export METAL_LIBRARY_OUTPUT_DIR\=/Users/sparkles/Library/Developer/Xcode/DerivedData/Expensio-futtgngxcysvvhcljmosbeftqmyc/Build/Products/Debug-iphonesimulator/ExpoModulesJSI/
    export MODULE_CACHE_DIR\=/Users/sparkles/Library/Developer/Xcode/DerivedData/ModuleCache.noindex
    export MODULE_VERIFIER_SUPPORTED_LANGUAGE_STANDARDS\=gnu11\ c++20
    export MTL_ENABLE_DEBUG_INFO\=INCLUDE_SOURCE
    export MTL_FAST_MATH\=YES
    export NATIVE_ARCH\=arm64
    export NATIVE_ARCH_32_BIT\=arm
    export NATIVE_ARCH_64_BIT\=arm64
    export NATIVE_ARCH_ACTUAL\=arm64
    export NO_COMMON\=YES
    export OBJC_ABI_VERSION\=2
    export OBJECT_FILE_DIR\=/Users/sparkles/Library/Developer/Xcode/DerivedData/Expensio-futtgngxcysvvhcljmosbeftqmyc/Build/Intermediates.noindex/Pods.build/Debug-iphonesimulator/ExpoModulesJSI.build/Objects
    export OBJECT_FILE_DIR_normal\=/Users/sparkles/Library/Developer/Xcode/DerivedData/Expensio-futtgngxcysvvhcljmosbeftqmyc/Build/Intermediates.noindex/Pods.build/Debug-iphonesimulator/ExpoModulesJSI.build/Objects-normal
    export OBJROOT\=/Users/sparkles/Library/Developer/Xcode/DerivedData/Expensio-futtgngxcysvvhcljmosbeftqmyc/Build/Intermediates.noindex
    export ONLY_ACTIVE_ARCH\=NO
    export ONLY_ARCH\=multiple_archs
    export OS\=MACOS
    export OSAC\=/usr/bin/osacompile
    export OTHER_CFLAGS\=\ -DRCT_REMOVE_LEGACY_ARCH\=1\ -ivfsoverlay\ \"/Users/sparkles/Documents/CodingFiles/FullStack/expensioApp/frontend/ios/Pods/React-Core-prebuilt/React-VFS.yaml\"
    export OTHER_CPLUSPLUSFLAGS\=\ -DRCT_REMOVE_LEGACY_ARCH\=1\ -ivfsoverlay\ \"/Users/sparkles/Documents/CodingFiles/FullStack/expensioApp/frontend/ios/Pods/React-Core-prebuilt/React-VFS.yaml\"\ -DRCT_REMOVE_LEGACY_ARCH\=1\ -ivfsoverlay\ \"/Users/sparkles/Documents/CodingFiles/FullStack/expensioApp/frontend/ios/Pods/React-Core-prebuilt/React-VFS.yaml\"
    export OTHER_SWIFT_FLAGS\=\ -D\ COCOAPODS\ -import-underlying-module\ -Xcc\ -fmodule-map-file\=\"/Users/sparkles/Documents/CodingFiles/FullStack/expensioApp/frontend/ios/Pods/\"\ -Xcc\ -ivfsoverlay\ -Xcc\ \"/Users/sparkles/Documents/CodingFiles/FullStack/expensioApp/frontend/ios/Pods/React-Core-prebuilt/React-VFS.yaml\"\ -Xcc\ -Wno-incomplete-umbrella
    export PASCAL_STRINGS\=YES
    export PATH\=/Applications/Xcode.app/Contents/SharedFrameworks/SwiftBuild.framework/Versions/A/PlugIns/SWBBuildService.bundle/Contents/PlugIns/SWBUniversalPlatformPlugin.bundle/Contents/Frameworks/SWBUniversalPlatform.framework/Resources:/Applications/Xcode.app/Contents/Developer/Toolchains/XcodeDefault.xctoolchain/usr/bin:/Applications/Xcode.app/Contents/Developer/Toolchains/XcodeDefault.xctoolchain/usr/local/bin:/Applications/Xcode.app/Contents/Developer/Toolchains/XcodeDefault.xctoolchain/usr/libexec:/Applications/Xcode.app/Contents/Developer/Platforms/iPhoneSimulator.platform/usr/bin:/Applications/Xcode.app/Contents/Developer/Platforms/iPhoneSimulator.platform/usr/local/bin:/Applications/Xcode.app/Contents/Developer/Platforms/iPhoneSimulator.platform/Developer/usr/bin:/Applications/Xcode.app/Contents/Developer/Platforms/iPhoneSimulator.platform/Developer/usr/local/bin:/Applications/Xcode.app/Contents/Developer/usr/bin:/Applications/Xcode.app/Contents/Developer/usr/local/bin:/Users/sparkles/.gemini/antigravity-ide/bin:/Users/sparkles/.antigravity-ide/antigravity-ide/bin:/opt/homebrew/bin:/opt/homebrew/sbin:/usr/local/bin:/System/Cryptexes/App/usr/bin:/usr/bin:/bin:/usr/sbin:/sbin:/var/run/com.apple.security.cryptexd/codex.system/bootstrap/usr/local/bin:/var/run/com.apple.security.cryptexd/codex.system/bootstrap/usr/bin:/var/run/com.apple.security.cryptexd/codex.system/bootstrap/usr/appleinternal/bin:/pkg/env/global/bin
    export PATH_PREFIXES_EXCLUDED_FROM_HEADER_DEPENDENCIES\=/usr/include\ /usr/local/include\ /System/Library/Frameworks\ /System/Library/PrivateFrameworks\ /Applications/Xcode.app/Contents/Developer/Headers\ /Applications/Xcode.app/Contents/Developer/SDKs\ /Applications/Xcode.app/Contents/Developer/Platforms
    export PER_ARCH_MODULE_FILE_DIR\=/Users/sparkles/Library/Developer/Xcode/DerivedData/Expensio-futtgngxcysvvhcljmosbeftqmyc/Build/Intermediates.noindex/Pods.build/Debug-iphonesimulator/ExpoModulesJSI.build/Objects-normal/undefined_arch
    export PER_ARCH_OBJECT_FILE_DIR\=/Users/sparkles/Library/Developer/Xcode/DerivedData/Expensio-futtgngxcysvvhcljmosbeftqmyc/Build/Intermediates.noindex/Pods.build/Debug-iphonesimulator/ExpoModulesJSI.build/Objects-normal/undefined_arch
    export PER_VARIANT_OBJECT_FILE_DIR\=/Users/sparkles/Library/Developer/Xcode/DerivedData/Expensio-futtgngxcysvvhcljmosbeftqmyc/Build/Intermediates.noindex/Pods.build/Debug-iphonesimulator/ExpoModulesJSI.build/Objects-normal
    export PKGINFO_FILE_PATH\=/Users/sparkles/Library/Developer/Xcode/DerivedData/Expensio-futtgngxcysvvhcljmosbeftqmyc/Build/Intermediates.noindex/Pods.build/Debug-iphonesimulator/ExpoModulesJSI.build/PkgInfo
    export PLATFORM_DEVELOPER_APPLICATIONS_DIR\=/Applications/Xcode.app/Contents/Developer/Platforms/iPhoneSimulator.platform/Developer/Applications
    export PLATFORM_DEVELOPER_BIN_DIR\=/Applications/Xcode.app/Contents/Developer/Platforms/iPhoneSimulator.platform/Developer/usr/bin
    export PLATFORM_DEVELOPER_LIBRARY_DIR\=/Applications/Xcode.app/Contents/Developer/Platforms/iPhoneSimulator.platform/Developer/Library
    export PLATFORM_DEVELOPER_SDK_DIR\=/Applications/Xcode.app/Contents/Developer/Platforms/iPhoneSimulator.platform/Developer/SDKs
    export PLATFORM_DEVELOPER_TOOLS_DIR\=/Applications/Xcode.app/Contents/Developer/Platforms/iPhoneSimulator.platform/Developer/Tools
    export PLATFORM_DEVELOPER_USR_DIR\=/Applications/Xcode.app/Contents/Developer/Platforms/iPhoneSimulator.platform/Developer/usr
    export PLATFORM_DIR\=/Applications/Xcode.app/Contents/Developer/Platforms/iPhoneSimulator.platform
    export PLATFORM_DISPLAY_NAME\=iOS\ Simulator
    export PLATFORM_FAMILY_NAME\=iOS
    export PLATFORM_NAME\=iphonesimulator
    export PLATFORM_PREFERRED_ARCH\=x86_64
    export PLATFORM_PRODUCT_BUILD_VERSION\=24A430
    export PLATFORM_REQUIRES_SWIFT_AUTOLINK_EXTRACT\=NO
    export PLATFORM_REQUIRES_SWIFT_MODULEWRAP\=NO
    export PLATFORM_USES_DSYMS\=YES
    export PLIST_FILE_OUTPUT_FORMAT\=binary
    export PODFILE_DIR\=/Users/sparkles/Documents/CodingFiles/FullStack/expensioApp/frontend/ios/Pods/..
    export PODS_BUILD_DIR\=/Users/sparkles/Library/Developer/Xcode/DerivedData/Expensio-futtgngxcysvvhcljmosbeftqmyc/Build/Products
    export PODS_CONFIGURATION_BUILD_DIR\=/Users/sparkles/Library/Developer/Xcode/DerivedData/Expensio-futtgngxcysvvhcljmosbeftqmyc/Build/Products/Debug-iphonesimulator
    export PODS_DEVELOPMENT_LANGUAGE\=en
    export PODS_ROOT\=/Users/sparkles/Documents/CodingFiles/FullStack/expensioApp/frontend/ios/Pods
    export PODS_TARGET_SRCROOT\=/Users/sparkles/Documents/CodingFiles/FullStack/expensioApp/frontend/ios/Pods/../../node_modules/expo-modules-jsi/apple
    export PODS_XCFRAMEWORKS_BUILD_DIR\=/Users/sparkles/Library/Developer/Xcode/DerivedData/Expensio-futtgngxcysvvhcljmosbeftqmyc/Build/Products/Debug-iphonesimulator/XCFrameworkIntermediates
    export PRECOMPS_INCLUDE_HEADERS_FROM_BUILT_PRODUCTS_DIR\=YES
    export PRECOMP_DESTINATION_DIR\=/Users/sparkles/Library/Developer/Xcode/DerivedData/Expensio-futtgngxcysvvhcljmosbeftqmyc/Build/Intermediates.noindex/Pods.build/Debug-iphonesimulator/ExpoModulesJSI.build/PrefixHeaders
    export PRELINK_DEPENDENCY_INFO_FILE\=/Users/sparkles/Library/Developer/Xcode/DerivedData/Expensio-futtgngxcysvvhcljmosbeftqmyc/Build/Intermediates.noindex/Pods.build/Debug-iphonesimulator/ExpoModulesJSI.build/Objects-normal/undefined_arch/ExpoModulesJSI_prelink_dependency_info.dat
    export PROCESSED_INFOPLIST_PATH\=/Users/sparkles/Library/Developer/Xcode/DerivedData/Expensio-futtgngxcysvvhcljmosbeftqmyc/Build/Intermediates.noindex/Pods.build/Debug-iphonesimulator/ExpoModulesJSI.build/Objects-normal/undefined_arch/Processed-Info.plist
    export PRODUCT_BUNDLE_IDENTIFIER\=org.cocoapods.ExpoModulesJSI
    export PRODUCT_MODULE_NAME\=ExpoModulesJSI
    export PRODUCT_NAME\=ExpoModulesJSI
    export PRODUCT_SETTINGS_PATH\=
    export PROFILING_CODE\=NO
    export PROJECT\=Pods
    export PROJECT_DERIVED_FILE_DIR\=/Users/sparkles/Library/Developer/Xcode/DerivedData/Expensio-futtgngxcysvvhcljmosbeftqmyc/Build/Intermediates.noindex/Pods.build/DerivedSources
    export PROJECT_DIR\=/Users/sparkles/Documents/CodingFiles/FullStack/expensioApp/frontend/ios/Pods
    export PROJECT_FILE_PATH\=/Users/sparkles/Documents/CodingFiles/FullStack/expensioApp/frontend/ios/Pods/Pods.xcodeproj
    export PROJECT_GUID\=8699adb1dd336b26511df848a716bd42
    export PROJECT_NAME\=Pods
    export PROJECT_TEMP_DIR\=/Users/sparkles/Library/Developer/Xcode/DerivedData/Expensio-futtgngxcysvvhcljmosbeftqmyc/Build/Intermediates.noindex/Pods.build
    export PROJECT_TEMP_ROOT\=/Users/sparkles/Library/Developer/Xcode/DerivedData/Expensio-futtgngxcysvvhcljmosbeftqmyc/Build/Intermediates.noindex
    export REACT_NATIVE_PATH\=/Users/sparkles/Documents/CodingFiles/FullStack/expensioApp/frontend/ios/Pods/../../node_modules/react-native
    export RECOMMENDED_IPHONEOS_DEPLOYMENT_TARGET\=17.0
    export RECURSIVE_SEARCH_PATHS_FOLLOW_SYMLINKS\=YES
    export REMOVE_CVS_FROM_RESOURCES\=YES
    export REMOVE_GIT_FROM_RESOURCES\=YES
    export REMOVE_HEADERS_FROM_EMBEDDED_BUNDLES\=YES
    export REMOVE_HG_FROM_RESOURCES\=YES
    export REMOVE_STATIC_EXECUTABLES_FROM_EMBEDDED_BUNDLES\=YES
    export REMOVE_SVN_FROM_RESOURCES\=YES
    export RESCHEDULE_INDEPENDENT_HEADERS_PHASES\=YES
    export REZ_COLLECTOR_DIR\=/Users/sparkles/Library/Developer/Xcode/DerivedData/Expensio-futtgngxcysvvhcljmosbeftqmyc/Build/Intermediates.noindex/Pods.build/Debug-iphonesimulator/ExpoModulesJSI.build/ResourceManagerResources
    export REZ_OBJECTS_DIR\=/Users/sparkles/Library/Developer/Xcode/DerivedData/Expensio-futtgngxcysvvhcljmosbeftqmyc/Build/Intermediates.noindex/Pods.build/Debug-iphonesimulator/ExpoModulesJSI.build/ResourceManagerResources/Objects
    export RPATH_ORIGIN\=@loader_path
    export RUNTIME_EXCEPTION_ALLOW_DYLD_ENVIRONMENT_VARIABLES\=NO
    export RUNTIME_EXCEPTION_ALLOW_JIT\=NO
    export RUNTIME_EXCEPTION_ALLOW_UNSIGNED_EXECUTABLE_MEMORY\=NO
    export RUNTIME_EXCEPTION_DEBUGGING_TOOL\=NO
    export RUNTIME_EXCEPTION_DISABLE_EXECUTABLE_PAGE_PROTECTION\=NO
    export RUNTIME_EXCEPTION_DISABLE_LIBRARY_VALIDATION\=NO
    export SCANNING_PCM_KEEP_CACHE_DIRECTORY\=YES
    export SCAN_ALL_SOURCE_FILES_FOR_INCLUDES\=NO
    export SCRIPT_INPUT_FILE_COUNT\=0
    export SCRIPT_INPUT_FILE_LIST_COUNT\=0
    export SCRIPT_OUTPUT_FILE_COUNT\=0
    export SCRIPT_OUTPUT_FILE_LIST_COUNT\=0
    export SDKROOT\=/Applications/Xcode.app/Contents/Developer/Platforms/iPhoneSimulator.platform/Developer/SDKs/iPhoneSimulator27.0.sdk
    export SDK_DIR\=/Applications/Xcode.app/Contents/Developer/Platforms/iPhoneSimulator.platform/Developer/SDKs/iPhoneSimulator27.0.sdk
    export SDK_DIR_iphonesimulator\=/Applications/Xcode.app/Contents/Developer/Platforms/iPhoneSimulator.platform/Developer/SDKs/iPhoneSimulator27.0.sdk
    export SDK_DIR_iphonesimulator27_0\=/Applications/Xcode.app/Contents/Developer/Platforms/iPhoneSimulator.platform/Developer/SDKs/iPhoneSimulator27.0.sdk
    export SDK_NAME\=iphonesimulator27.0
    export SDK_NAMES\=iphonesimulator27.0
    export SDK_PRODUCT_BUILD_VERSION\=24A430
    export SDK_STAT_CACHE_DIR\=/Users/sparkles/Library/Developer/Xcode/DerivedData
    export SDK_STAT_CACHE_ENABLE\=YES
    export SDK_STAT_CACHE_PATH\=/Users/sparkles/Library/Developer/Xcode/DerivedData/SDKStatCaches.noindex/iphonesimulator27.0-24A430-8dc58220667be655e1bcc261a7455254.sdkstatcache
    export SDK_VERSION\=27.0
    export SDK_VERSION_ACTUAL\=270000
    export SDK_VERSION_MAJOR\=270000
    export SDK_VERSION_MINOR\=270000
    export SED\=/usr/bin/sed
    export SEPARATE_STRIP\=NO
    export SEPARATE_SYMBOL_EDIT\=NO
    export SET_DIR_MODE_OWNER_GROUP\=YES
    export SET_FILE_MODE_OWNER_GROUP\=NO
    export SHALLOW_BUNDLE\=NO
    export SHARED_DERIVED_FILE_DIR\=/Users/sparkles/Library/Developer/Xcode/DerivedData/Expensio-futtgngxcysvvhcljmosbeftqmyc/Build/Products/Debug-iphonesimulator/ExpoModulesJSI/DerivedSources
    export SHARED_PRECOMPS_DIR\=/Users/sparkles/Library/Developer/Xcode/DerivedData/Expensio-futtgngxcysvvhcljmosbeftqmyc/Build/Intermediates.noindex/PrecompiledHeaders
    export SKIP_COPYING_TEST_FRAMEWORKS\=YES
    export SKIP_INSTALL\=YES
    export SKIP_MERGEABLE_LIBRARY_BUNDLE_HOOK\=NO
    export SOURCE_ROOT\=/Users/sparkles/Documents/CodingFiles/FullStack/expensioApp/frontend/ios/Pods
    export SRCROOT\=/Users/sparkles/Documents/CodingFiles/FullStack/expensioApp/frontend/ios/Pods
    export STRINGSDATA_DIR\=/Users/sparkles/Library/Developer/Xcode/DerivedData/Expensio-futtgngxcysvvhcljmosbeftqmyc/Build/Intermediates.noindex/Pods.build/Debug-iphonesimulator/ExpoModulesJSI.build/Objects-normal/undefined_arch
    export STRINGSDATA_ROOT\=/Users/sparkles/Library/Developer/Xcode/DerivedData/Expensio-futtgngxcysvvhcljmosbeftqmyc/Build/Intermediates.noindex/Pods.build/Debug-iphonesimulator/ExpoModulesJSI.build
    export STRINGS_FILE_INFOPLIST_RENAME\=YES
    export STRINGS_FILE_OUTPUT_ENCODING\=binary
    export STRING_CATALOG_GENERATE_SYMBOLS\=YES
    export STRIP_BITCODE_FROM_COPIED_FILES\=NO
    export STRIP_INSTALLED_PRODUCT\=NO
    export STRIP_STYLE\=all
    export STRIP_SWIFT_SYMBOLS\=YES
    export SUPPORTED_DEVICE_FAMILIES\=1,2
    export SUPPORTED_PLATFORMS\=iphoneos\ iphonesimulator
    export SUPPORTS_TEXT_BASED_API\=NO
    export SUPPRESS_WARNINGS\=NO
    export SWIFTC_PASS_SDKROOT\=YES
    export SWIFTC_PASS_SYSROOT\=NO
    export SWIFT_ACTIVE_COMPILATION_CONDITIONS\=\ DEBUG
    export SWIFT_COLOR_DIAGNOSTICS\=NO
    export SWIFT_EMIT_CONST_VALUE_PROTOCOLS\=AnyResolverProviding\ AppEntity\ AppEnum\ AppExtension\ AppIntent\ AppIntentsPackage\ AppShortcutProviding\ AppShortcutsProvider\ AppUnionValue\ AppUnionValueCasesProviding\ DynamicOptionsProvider\ EntityQuery\ ExtensionPointDefining\ IntentValueQuery\ Resolver\ TransientEntity\ _AssistantIntentsProvider\ _GenerativeFunctionExtractable\ _IntentValueRepresentable
    export SWIFT_EMIT_LOC_STRINGS\=NO
    export SWIFT_EMIT_MODULE_INTERFACE\=NO
    export SWIFT_ENABLE_EXPLICIT_MODULES\=NO
    export SWIFT_ENABLE_TESTABILITY\=YES
    export SWIFT_OPTIMIZATION_LEVEL\=-Onone
    export SWIFT_PLATFORM_TARGET_PREFIX\=ios
    export SWIFT_RESPONSE_FILE_PATH_normal_arm64\=/Users/sparkles/Library/Developer/Xcode/DerivedData/Expensio-futtgngxcysvvhcljmosbeftqmyc/Build/Intermediates.noindex/Pods.build/Debug-iphonesimulator/ExpoModulesJSI.build/Objects-normal/arm64/ExpoModulesJSI.SwiftFileList
    export SWIFT_RESPONSE_FILE_PATH_normal_x86_64\=/Users/sparkles/Library/Developer/Xcode/DerivedData/Expensio-futtgngxcysvvhcljmosbeftqmyc/Build/Intermediates.noindex/Pods.build/Debug-iphonesimulator/ExpoModulesJSI.build/Objects-normal/x86_64/ExpoModulesJSI.SwiftFileList
    export SWIFT_VERSION\=5.0
    export SYMROOT\=/Users/sparkles/Library/Developer/Xcode/DerivedData/Expensio-futtgngxcysvvhcljmosbeftqmyc/Build/Products
    export SYSROOT\=/Applications/Xcode.app/Contents/Developer/Platforms/iPhoneSimulator.platform/Developer/SDKs/iPhoneSimulator27.0.sdk
    export SYSTEM_ADMIN_APPS_DIR\=/Applications/Utilities
    export SYSTEM_APPS_DIR\=/Applications
    export SYSTEM_CORE_SERVICES_DIR\=/System/Library/CoreServices
    export SYSTEM_DEMOS_DIR\=/Applications/Extras
    export SYSTEM_DEVELOPER_APPS_DIR\=/Applications/Xcode.app/Contents/Developer/Applications
    export SYSTEM_DEVELOPER_BIN_DIR\=/Applications/Xcode.app/Contents/Developer/usr/bin
    export SYSTEM_DEVELOPER_DEMOS_DIR\=/Applications/Xcode.app/Contents/Developer/Applications/Utilities/Built\ Examples
    export SYSTEM_DEVELOPER_DIR\=/Applications/Xcode.app/Contents/Developer
    export SYSTEM_DEVELOPER_DOC_DIR\=/Applications/Xcode.app/Contents/Developer/ADC\ Reference\ Library
    export SYSTEM_DEVELOPER_GRAPHICS_TOOLS_DIR\=/Applications/Xcode.app/Contents/Developer/Applications/Graphics\ Tools
    export SYSTEM_DEVELOPER_JAVA_TOOLS_DIR\=/Applications/Xcode.app/Contents/Developer/Applications/Java\ Tools
    export SYSTEM_DEVELOPER_PERFORMANCE_TOOLS_DIR\=/Applications/Xcode.app/Contents/Developer/Applications/Performance\ Tools
    export SYSTEM_DEVELOPER_RELEASENOTES_DIR\=/Applications/Xcode.app/Contents/Developer/ADC\ Reference\ Library/releasenotes
    export SYSTEM_DEVELOPER_TOOLS\=/Applications/Xcode.app/Contents/Developer/Tools
    export SYSTEM_DEVELOPER_TOOLS_DOC_DIR\=/Applications/Xcode.app/Contents/Developer/ADC\ Reference\ Library/documentation/DeveloperTools
    export SYSTEM_DEVELOPER_TOOLS_RELEASENOTES_DIR\=/Applications/Xcode.app/Contents/Developer/ADC\ Reference\ Library/releasenotes/DeveloperTools
    export SYSTEM_DEVELOPER_USR_DIR\=/Applications/Xcode.app/Contents/Developer/usr
    export SYSTEM_DEVELOPER_UTILITIES_DIR\=/Applications/Xcode.app/Contents/Developer/Applications/Utilities
    export SYSTEM_DEXT_INSTALL_PATH\=/System/Library/DriverExtensions
    export SYSTEM_DOCUMENTATION_DIR\=/Library/Documentation
    export SYSTEM_KEXT_INSTALL_PATH\=/System/Library/Extensions
    export SYSTEM_LIBRARY_DIR\=/System/Library
    export TAPI_DEMANGLE\=YES
    export TAPI_ENABLE_PROJECT_HEADERS\=NO
    export TAPI_LANGUAGE\=objective-c
    export TAPI_LANGUAGE_STANDARD\=compiler-default
    export TAPI_USE_SRCROOT\=YES
    export TAPI_VERIFY_MODE\=Pedantic
    export TARGETED_DEVICE_FAMILY\=1,2
    export TARGETNAME\=ExpoModulesJSI
    export TARGET_BUILD_DIR\=/Users/sparkles/Library/Developer/Xcode/DerivedData/Expensio-futtgngxcysvvhcljmosbeftqmyc/Build/Products/Debug-iphonesimulator/ExpoModulesJSI
    export TARGET_NAME\=ExpoModulesJSI
    export TARGET_TEMP_DIR\=/Users/sparkles/Library/Developer/Xcode/DerivedData/Expensio-futtgngxcysvvhcljmosbeftqmyc/Build/Intermediates.noindex/Pods.build/Debug-iphonesimulator/ExpoModulesJSI.build
    export TEMP_DIR\=/Users/sparkles/Library/Developer/Xcode/DerivedData/Expensio-futtgngxcysvvhcljmosbeftqmyc/Build/Intermediates.noindex/Pods.build/Debug-iphonesimulator/ExpoModulesJSI.build
    export TEMP_FILES_DIR\=/Users/sparkles/Library/Developer/Xcode/DerivedData/Expensio-futtgngxcysvvhcljmosbeftqmyc/Build/Intermediates.noindex/Pods.build/Debug-iphonesimulator/ExpoModulesJSI.build
    export TEMP_FILE_DIR\=/Users/sparkles/Library/Developer/Xcode/DerivedData/Expensio-futtgngxcysvvhcljmosbeftqmyc/Build/Intermediates.noindex/Pods.build/Debug-iphonesimulator/ExpoModulesJSI.build
    export TEMP_ROOT\=/Users/sparkles/Library/Developer/Xcode/DerivedData/Expensio-futtgngxcysvvhcljmosbeftqmyc/Build/Intermediates.noindex
    export TEMP_SANDBOX_DIR\=/Users/sparkles/Library/Developer/Xcode/DerivedData/Expensio-futtgngxcysvvhcljmosbeftqmyc/Build/Intermediates.noindex/TemporaryTaskSandboxes
    export TEST_FRAMEWORK_SEARCH_PATHS\=\ /Applications/Xcode.app/Contents/Developer/Platforms/iPhoneSimulator.platform/Developer/Library/Frameworks\ /Applications/Xcode.app/Contents/Developer/Platforms/iPhoneSimulator.platform/Developer/SDKs/iPhoneSimulator27.0.sdk/Developer/Library/Frameworks
    export TEST_LIBRARY_SEARCH_PATHS\=\ /Applications/Xcode.app/Contents/Developer/Platforms/iPhoneSimulator.platform/Developer/usr/lib
    export TOOLCHAINS\=com.apple.dt.toolchain.XcodeDefault
    export TOOLCHAIN_DIR\=/Applications/Xcode.app/Contents/Developer/Toolchains/XcodeDefault.xctoolchain
    export TREAT_MISSING_BASELINES_AS_TEST_FAILURES\=NO
    export TREAT_MISSING_SCRIPT_PHASE_OUTPUTS_AS_ERRORS\=NO
    export UID\=501
    export UNINSTALLED_PRODUCTS_DIR\=/Users/sparkles/Library/Developer/Xcode/DerivedData/Expensio-futtgngxcysvvhcljmosbeftqmyc/Build/Intermediates.noindex/UninstalledProducts
    export UNSTRIPPED_PRODUCT\=NO
    export USER\=sparkles
    export USER_APPS_DIR\=/Users/sparkles/Applications
    export USER_LIBRARY_DIR\=/Users/sparkles/Library
    export USE_DYNAMIC_NO_PIC\=YES
    export USE_HEADERMAP\=YES
    export USE_HEADER_SYMLINKS\=NO
    export USE_HERMES\=true
    export USE_RECURSIVE_SCRIPT_INPUTS_IN_SCRIPT_PHASES\=YES
    export VALIDATE_DEVELOPMENT_ASSET_PATHS\=YES_ERROR
    export VALIDATE_PRODUCT\=NO
    export VALID_ARCHS\=arm64\ x86_64
    export VERBOSE_PBXCP\=NO
    export VERSION_INFO_BUILDER\=sparkles
    export VERSION_INFO_FILE\=ExpoModulesJSI_vers.c
    export VERSION_INFO_STRING\=\"@\(\#\)PROGRAM:ExpoModulesJSI\ \ PROJECT:Pods-\"
    export WORKSPACE_DIR\=/Users/sparkles/Documents/CodingFiles/FullStack/expensioApp/frontend/ios
    export WRAP_ASSET_PACKS_IN_SEPARATE_DIRECTORIES\=NO
    export XCODE_APP_SUPPORT_DIR\=/Applications/Xcode.app/Contents/Developer/Library/Xcode
    export XCODE_PRODUCT_BUILD_VERSION\=27A266a
    export XCODE_VERSION_ACTUAL\=2700
    export XCODE_VERSION_MAJOR\=2700
    export XCODE_VERSION_MINOR\=2700
    export XPCSERVICES_FOLDER_PATH\=/XPCServices
    export YACC\=yacc
    export _DISCOVER_COMMAND_LINE_LINKER_INPUTS\=YES
    export _DISCOVER_COMMAND_LINE_LINKER_INPUTS_INCLUDE_WL\=YES
    export _LD_MULTIARCH\=YES
    export _SWIFT_EXPLICIT_MODULES_ALLOW_CXX_INTEROP\=NO
    export __ARCHS__\=arm64\ x86_64
    export __DIAGNOSE_DEPRECATED_ARCHS\=YES
    export __DIAGNOSE_INVALID_DEPLOYMENT_TARGET_AS_ERROR\=YES
    export __ORIGINAL_SDK_DEFINED_LLVM_TARGET_TRIPLE_SYS\=ios
    export arch\=undefined_arch
    export variant\=normal
    /bin/sh -c /Users/sparkles/Library/Developer/Xcode/DerivedData/Expensio-futtgngxcysvvhcljmosbeftqmyc/Build/Intermediates.noindex/Pods.build/Debug-iphonesimulator/ExpoModulesJSI.build/Script-46EB2E0001AA50.sh
[ExpoModulesJSI] Detected: prebuilt RN (RN_ROOT=/Users/sparkles/Documents/CodingFiles/FullStack/expensioApp/frontend/node_modules/react-native)
[ExpoModulesJSI] xcframework slices up to date, skipping build

PhaseScriptExecution [CP-User]\ [RN]Check\ FBReactNativeSpec /Users/sparkles/Library/Developer/Xcode/DerivedData/Expensio-futtgngxcysvvhcljmosbeftqmyc/Build/Intermediates.noindex/Pods.build/Debug-iphonesimulator/React-RCTFBReactNativeSpec.build/Script-46EB2E0001AAB0.sh (in target 'React-RCTFBReactNativeSpec' from project 'Pods')
    cd /Users/sparkles/Documents/CodingFiles/FullStack/expensioApp/frontend/ios/Pods
    export ACTION\=build
    export AD_HOC_CODE_SIGNING_ALLOWED\=YES
    export ALLOW_BUILD_REQUEST_OVERRIDES\=NO
    export ALLOW_TARGET_PLATFORM_SPECIALIZATION\=NO
    export ALTERNATE_GROUP\=staff
    export ALTERNATE_MODE\=u+w,go-w,a+rX
    export ALTERNATE_OWNER\=sparkles
    export ALTERNATIVE_DISTRIBUTION_WEB\=NO
    export ALWAYS_EMBED_SWIFT_STANDARD_LIBRARIES\=NO
    export ALWAYS_SEARCH_USER_PATHS\=NO
    export ALWAYS_USE_SEPARATE_HEADERMAPS\=NO
    export APPLICATION_EXTENSION_API_ONLY\=NO
    export APPLY_RULES_IN_COPY_FILES\=NO
    export APPLY_RULES_IN_COPY_HEADERS\=NO
    export APP_SHORTCUTS_ENABLE_FLEXIBLE_MATCHING\=YES
    export ARCHS\=arm64\ x86_64
    export ARCHS_BASE\=arm64\ x86_64
    export ARCHS_STANDARD\=arm64\ x86_64
    export ARCHS_STANDARD_32_64_BIT\=arm64\ x86_64
    export ARCHS_STANDARD_64_BIT\=arm64\ x86_64
    export ARCHS_STANDARD_INCLUDING_64_BIT\=arm64\ x86_64
    export ARCHS_UNIVERSAL_IPHONE_OS\=arm64\ x86_64
    export ASSETCATALOG_COMPILER_APPICON_NAME\=AppIcon
    export ASSETCATALOG_COMPILER_GLOBAL_ACCENT_COLOR_NAME\=AccentColor
    export AUTOMATICALLY_MERGE_DEPENDENCIES\=NO
    export AUTOMATION_APPLE_EVENTS\=NO
    export AVAILABLE_PLATFORMS\=android\ appletvos\ appletvsimulator\ driverkit\ freebsd\ iphoneos\ iphonesimulator\ linux\ macosx\ none\ openbsd\ qnx\ staticlinux\ watchos\ watchsimulator\ webassembly\ xros\ xrsimulator
    export BUILD_ACTIVE_RESOURCES_ONLY\=NO
    export BUILD_COMPONENTS\=headers\ build
    export BUILD_DIR\=/Users/sparkles/Library/Developer/Xcode/DerivedData/Expensio-futtgngxcysvvhcljmosbeftqmyc/Build/Products
    export BUILD_LIBRARY_FOR_DISTRIBUTION\=NO
    export BUILD_ONLY_KNOWN_LOCALIZATIONS\=NO
    export BUILD_ROOT\=/Users/sparkles/Library/Developer/Xcode/DerivedData/Expensio-futtgngxcysvvhcljmosbeftqmyc/Build/Products
    export BUILD_STYLE\=
    export BUILD_VARIANTS\=normal
    export BUILT_PRODUCTS_DIR\=/Users/sparkles/Library/Developer/Xcode/DerivedData/Expensio-futtgngxcysvvhcljmosbeftqmyc/Build/Products/Debug-iphonesimulator/React-RCTFBReactNativeSpec
    export BUNDLE_CONTENTS_FOLDER_PATH_deep\=Contents/
    export BUNDLE_EXECUTABLE_FOLDER_NAME_deep\=MacOS
    export BUNDLE_EXTENSIONS_FOLDER_PATH\=Extensions
    export BUNDLE_FORMAT\=shallow
    export BUNDLE_FRAMEWORKS_FOLDER_PATH\=Frameworks
    export BUNDLE_PLUGINS_FOLDER_PATH\=PlugIns
    export BUNDLE_PRIVATE_HEADERS_FOLDER_PATH\=PrivateHeaders
    export BUNDLE_PUBLIC_HEADERS_FOLDER_PATH\=Headers
    export CACHE_ROOT\=/var/folders/2z/d087lq6n4d1_lvddlb12y_9r0000gn/C/com.apple.DeveloperTools/27.0-27A266a/Xcode
    export CCHROOT\=/var/folders/2z/d087lq6n4d1_lvddlb12y_9r0000gn/C/com.apple.DeveloperTools/27.0-27A266a/Xcode
    export CHMOD\=/bin/chmod
    export CHOWN\=chown
    export CLANG_ANALYZER_LOCALIZABILITY_NONLOCALIZED\=YES
    export CLANG_ANALYZER_NONNULL\=YES
    export CLANG_ANALYZER_NUMBER_OBJECT_CONVERSION\=YES_AGGRESSIVE
    export CLANG_CACHE_FINE_GRAINED_OUTPUTS\=YES
    export CLANG_CXX_LANGUAGE_STANDARD\=c++20
    export CLANG_CXX_LIBRARY\=libc++
    export CLANG_ENABLE_EXPLICIT_MODULES\=YES
    export CLANG_ENABLE_MODULES\=YES
    export CLANG_ENABLE_OBJC_ARC\=YES
    export CLANG_ENABLE_OBJC_WEAK\=NO
    export CLANG_MODULES_BUILD_SESSION_FILE\=/Users/sparkles/Library/Developer/Xcode/DerivedData/ModuleCache.noindex/Session.modulevalidation
    export CLANG_WARN_BLOCK_CAPTURE_AUTORELEASING\=YES
    export CLANG_WARN_BOOL_CONVERSION\=YES
    export CLANG_WARN_COMMA\=YES
    export CLANG_WARN_CONSTANT_CONVERSION\=YES
    export CLANG_WARN_DEPRECATED_OBJC_IMPLEMENTATIONS\=YES
    export CLANG_WARN_DIRECT_OBJC_ISA_USAGE\=YES_ERROR
    export CLANG_WARN_DOCUMENTATION_COMMENTS\=YES
    export CLANG_WARN_EMPTY_BODY\=YES
    export CLANG_WARN_ENUM_CONVERSION\=YES
    export CLANG_WARN_INFINITE_RECURSION\=YES
    export CLANG_WARN_INT_CONVERSION\=YES
    export CLANG_WARN_NON_LITERAL_NULL_CONVERSION\=YES
    export CLANG_WARN_OBJC_IMPLICIT_RETAIN_SELF\=YES
    export CLANG_WARN_OBJC_LITERAL_CONVERSION\=YES
    export CLANG_WARN_OBJC_ROOT_CLASS\=YES_ERROR
    export CLANG_WARN_QUOTED_INCLUDE_IN_FRAMEWORK_HEADER\=NO
    export CLANG_WARN_RANGE_LOOP_ANALYSIS\=YES
    export CLANG_WARN_STRICT_PROTOTYPES\=YES
    export CLANG_WARN_SUSPICIOUS_MOVE\=YES
    export CLANG_WARN_UNGUARDED_AVAILABILITY\=YES_AGGRESSIVE
    export CLANG_WARN_UNREACHABLE_CODE\=YES
    export CLANG_WARN__DUPLICATE_METHOD_MATCH\=YES
    export CLASS_FILE_DIR\=/Users/sparkles/Library/Developer/Xcode/DerivedData/Expensio-futtgngxcysvvhcljmosbeftqmyc/Build/Intermediates.noindex/Pods.build/Debug-iphonesimulator/React-RCTFBReactNativeSpec.build/JavaClasses
    export CLEAN_PRECOMPS\=YES
    export CLONE_HEADERS\=NO
    export CODESIGNING_FOLDER_PATH\=/Users/sparkles/Library/Developer/Xcode/DerivedData/Expensio-futtgngxcysvvhcljmosbeftqmyc/Build/Products/Debug-iphonesimulator/React-RCTFBReactNativeSpec/
    export CODE_SIGNING_ALLOWED\=NO
    export CODE_SIGNING_REQUIRED\=YES
    export CODE_SIGN_CONTEXT_CLASS\=XCiPhoneSimulatorCodeSignContext
    export CODE_SIGN_IDENTITY\=-
    export CODE_SIGN_INJECT_BASE_ENTITLEMENTS\=YES
    export COLOR_DIAGNOSTICS\=NO
    export COMBINE_HIDPI_IMAGES\=NO
    export COMPILATION_CACHE_CAS_PATH\=/Users/sparkles/Library/Developer/Xcode/DerivedData/CompilationCache.noindex
    export COMPILATION_CACHE_KEEP_CAS_DIRECTORY\=YES
    export COMPILER_INDEX_STORE_ENABLE\=Default
    export COMPOSITE_SDK_DIRS\=/Users/sparkles/Library/Developer/Xcode/DerivedData/Expensio-futtgngxcysvvhcljmosbeftqmyc/Build/Intermediates.noindex/CompositeSDKs
    export COMPRESS_PNG_FILES\=YES
    export CONFIGURATION\=Debug
    export CONFIGURATION_BUILD_DIR\=/Users/sparkles/Library/Developer/Xcode/DerivedData/Expensio-futtgngxcysvvhcljmosbeftqmyc/Build/Products/Debug-iphonesimulator/React-RCTFBReactNativeSpec
    export CONFIGURATION_TEMP_DIR\=/Users/sparkles/Library/Developer/Xcode/DerivedData/Expensio-futtgngxcysvvhcljmosbeftqmyc/Build/Intermediates.noindex/Pods.build/Debug-iphonesimulator
    export COPYING_PRESERVES_HFS_DATA\=NO
    export COPY_HEADERS_RUN_UNIFDEF\=NO
    export COPY_PHASE_STRIP\=NO
    export CORRESPONDING_DEVICE_PLATFORM_DIR\=/Applications/Xcode.app/Contents/Developer/Platforms/iPhoneOS.platform
    export CORRESPONDING_DEVICE_PLATFORM_NAME\=iphoneos
    export CORRESPONDING_DEVICE_SDK_DIR\=/Applications/Xcode.app/Contents/Developer/Platforms/iPhoneOS.platform/Developer/SDKs/iPhoneOS27.0.sdk
    export CORRESPONDING_DEVICE_SDK_NAME\=iphoneos27.0
    export CP\=/bin/cp
    export CREATE_INFOPLIST_SECTION_IN_BINARY\=NO
    export CURRENT_ARCH\=undefined_arch
    export CURRENT_VARIANT\=normal
    export DEAD_CODE_STRIPPING\=YES
    export DEBUGGING_SYMBOLS\=YES
    export DEBUG_INFORMATION_FORMAT\=dwarf
    export DEBUG_INFORMATION_VERSION\=compiler-default
    export DEFAULT_COMPILER\=com.apple.compilers.llvm.clang.1_0
    export DEFAULT_DEXT_INSTALL_PATH\=/System/Library/DriverExtensions
    export DEFAULT_KEXT_INSTALL_PATH\=/System/Library/Extensions
    export DEFINES_MODULE\=NO
    export DEPLOYMENT_LOCATION\=NO
    export DEPLOYMENT_POSTPROCESSING\=NO
    export DEPLOYMENT_TARGET_SETTING_NAME\=IPHONEOS_DEPLOYMENT_TARGET
    export DEPLOYMENT_TARGET_SUGGESTED_VALUES\=15.0\ 15.1\ 15.2\ 15.3\ 15.4\ 15.5\ 15.6\ 16.0\ 16.1\ 16.2\ 16.3\ 16.4\ 16.5\ 16.6\ 17.0\ 17.1\ 17.2\ 17.3\ 17.4\ 17.5\ 17.6\ 18.0\ 18.1\ 18.2\ 18.3\ 18.4\ 18.5\ 18.6\ 26.0\ 26.2\ 26.3\ 26.4\ 26.5\ 26.6\ 27.0
    export DERIVED_FILES_DIR\=/Users/sparkles/Library/Developer/Xcode/DerivedData/Expensio-futtgngxcysvvhcljmosbeftqmyc/Build/Intermediates.noindex/Pods.build/Debug-iphonesimulator/React-RCTFBReactNativeSpec.build/DerivedSources
    export DERIVED_FILE_DIR\=/Users/sparkles/Library/Developer/Xcode/DerivedData/Expensio-futtgngxcysvvhcljmosbeftqmyc/Build/Intermediates.noindex/Pods.build/Debug-iphonesimulator/React-RCTFBReactNativeSpec.build/DerivedSources
    export DERIVED_SOURCES_DIR\=/Users/sparkles/Library/Developer/Xcode/DerivedData/Expensio-futtgngxcysvvhcljmosbeftqmyc/Build/Intermediates.noindex/Pods.build/Debug-iphonesimulator/React-RCTFBReactNativeSpec.build/DerivedSources
    export DEVELOPER_APPLICATIONS_DIR\=/Applications/Xcode.app/Contents/Developer/Applications
    export DEVELOPER_BIN_DIR\=/Applications/Xcode.app/Contents/Developer/usr/bin
    export DEVELOPER_DIR\=/Applications/Xcode.app/Contents/Developer
    export DEVELOPER_FRAMEWORKS_DIR\=/Applications/Xcode.app/Contents/Developer/Library/Frameworks
    export DEVELOPER_FRAMEWORKS_DIR_QUOTED\=/Applications/Xcode.app/Contents/Developer/Library/Frameworks
    export DEVELOPER_LIBRARY_DIR\=/Applications/Xcode.app/Contents/Developer/Library
    export DEVELOPER_SDK_DIR\=/Applications/Xcode.app/Contents/Developer/Platforms/MacOSX.platform/Developer/SDKs
    export DEVELOPER_TOOLS_DIR\=/Applications/Xcode.app/Contents/Developer/Tools
    export DEVELOPER_USR_DIR\=/Applications/Xcode.app/Contents/Developer/usr
    export DEVELOPMENT_LANGUAGE\=en
    export DIAGNOSE_MISSING_TARGET_DEPENDENCIES\=YES
    export DIFF\=/usr/bin/diff
    export DONT_GENERATE_INFOPLIST_FILE\=NO
    export DSTROOT\=/tmp/Pods.dst
    export DT_TOOLCHAIN_DIR\=/Applications/Xcode.app/Contents/Developer/Toolchains/XcodeDefault.xctoolchain
    export DWARF_DSYM_FILE_NAME\=.dSYM
    export DWARF_DSYM_FILE_SHOULD_ACCOMPANY_PRODUCT\=NO
    export DWARF_DSYM_FOLDER_PATH\=/Users/sparkles/Library/Developer/Xcode/DerivedData/Expensio-futtgngxcysvvhcljmosbeftqmyc/Build/Products/Debug-iphonesimulator/React-RCTFBReactNativeSpec
    export DYNAMIC_LIBRARY_EXTENSION\=dylib
    export EAGER_COMPILATION_ALLOW_SCRIPTS\=NO
    export EAGER_LINKING\=NO
    export EFFECTIVE_PLATFORM_NAME\=-iphonesimulator
    export EFFECTIVE_SWIFT_VERSION\=5
    export EMBEDDED_CONTENT_CONTAINS_SWIFT\=NO
    export EMBED_ASSET_PACKS_IN_PRODUCT_BUNDLE\=NO
    export ENABLE_APP_SANDBOX\=NO
    export ENABLE_CODE_COVERAGE\=YES
    export ENABLE_COHORT_ARCHS\=YES
    export ENABLE_CPLUSPLUS_BOUNDS_SAFE_BUFFERS\=NO
    export ENABLE_C_BOUNDS_SAFETY\=NO
    export ENABLE_DEFAULT_HEADER_SEARCH_PATHS\=YES
    export ENABLE_DEFAULT_SEARCH_PATHS\=YES
    export ENABLE_ENHANCED_SECURITY\=NO
    export ENABLE_HARDENED_RUNTIME\=NO
    export ENABLE_HARDWARE_CHECKED_POINTER_ARITHMETIC_SLICE\=NO
    export ENABLE_HEADER_DEPENDENCIES\=YES
    export ENABLE_INCOMING_NETWORK_CONNECTIONS\=NO
    export ENABLE_ON_DEMAND_RESOURCES\=NO
    export ENABLE_OUTGOING_NETWORK_CONNECTIONS\=NO
    export ENABLE_POINTER_AUTHENTICATION\=NO
    export ENABLE_PREVIEWS\=NO
    export ENABLE_RESOURCE_ACCESS_AUDIO_INPUT\=NO
    export ENABLE_RESOURCE_ACCESS_BLUETOOTH\=NO
    export ENABLE_RESOURCE_ACCESS_CALENDARS\=NO
    export ENABLE_RESOURCE_ACCESS_CAMERA\=NO
    export ENABLE_RESOURCE_ACCESS_CONTACTS\=NO
    export ENABLE_RESOURCE_ACCESS_LOCATION\=NO
    export ENABLE_RESOURCE_ACCESS_PHOTO_LIBRARY\=NO
    export ENABLE_RESOURCE_ACCESS_PRINTING\=NO
    export ENABLE_RESOURCE_ACCESS_USB\=NO
    export ENABLE_SDK_IMPORTS\=NO
    export ENABLE_SECURITY_COMPILER_WARNINGS\=NO
    export ENABLE_STRICT_OBJC_MSGSEND\=YES
    export ENABLE_TESTABILITY\=YES
    export ENABLE_TESTING_SEARCH_PATHS\=NO
    export ENABLE_USER_SCRIPT_SANDBOXING\=NO
    export ENABLE_XOJIT_PREVIEWS\=YES
    export ENFORCE_VALID_ARCHS\=YES
    export ENTITLEMENTS_DESTINATION\=__entitlements
    export ENTITLEMENTS_REQUIRED\=YES
    export EXCLUDED_INSTALLSRC_SUBDIRECTORY_PATTERNS\=.DS_Store\ .svn\ .git\ .hg\ CVS
    export EXCLUDED_RECURSIVE_SEARCH_PATH_SUBDIRECTORIES\=\*.nib\ \*.lproj\ \*.framework\ \*.gch\ \*.xcode\*\ \*.xcassets\ \*.icon\ \(\*\)\ .DS_Store\ CVS\ .svn\ .git\ .hg\ \*.pbproj\ \*.pbxproj
    export FILE_LIST\=/Users/sparkles/Library/Developer/Xcode/DerivedData/Expensio-futtgngxcysvvhcljmosbeftqmyc/Build/Intermediates.noindex/Pods.build/Debug-iphonesimulator/React-RCTFBReactNativeSpec.build/Objects/LinkFileList
    export FIXED_FILES_DIR\=/Users/sparkles/Library/Developer/Xcode/DerivedData/Expensio-futtgngxcysvvhcljmosbeftqmyc/Build/Intermediates.noindex/Pods.build/Debug-iphonesimulator/React-RCTFBReactNativeSpec.build/FixedFiles
    export FRAMEWORK_SEARCH_PATHS\=\ \"/Users/sparkles/Documents/CodingFiles/FullStack/expensioApp/frontend/ios/Pods/React-Core-prebuilt\"\ \"/Users/sparkles/Documents/CodingFiles/FullStack/expensioApp/frontend/ios/Pods/ReactNativeDependencies/framework/packages/react-native\"\ \"/Users/sparkles/Documents/CodingFiles/FullStack/expensioApp/frontend/ios/Pods/hermes-engine/destroot/Library/Frameworks/universal\"\ \"/Users/sparkles/Library/Developer/Xcode/DerivedData/Expensio-futtgngxcysvvhcljmosbeftqmyc/Build/Products/Debug-iphonesimulator/XCFrameworkIntermediates/React-Core-prebuilt\"\ \"/Users/sparkles/Library/Developer/Xcode/DerivedData/Expensio-futtgngxcysvvhcljmosbeftqmyc/Build/Products/Debug-iphonesimulator/XCFrameworkIntermediates/ReactNativeDependencies\"\ \"/Users/sparkles/Library/Developer/Xcode/DerivedData/Expensio-futtgngxcysvvhcljmosbeftqmyc/Build/Products/Debug-iphonesimulator/XCFrameworkIntermediates/hermes-engine/Pre-built\"
    export FRAMEWORK_VERSION\=A
    export FUSE_BUILD_PHASES\=YES
    export FUSE_BUILD_SCRIPT_PHASES\=NO
    export GCC3_VERSION\=3.3
    export GCC_C_LANGUAGE_STANDARD\=gnu11
    export GCC_DYNAMIC_NO_PIC\=NO
    export GCC_NO_COMMON_BLOCKS\=YES
    export GCC_OBJC_LEGACY_DISPATCH\=YES
    export GCC_OPTIMIZATION_LEVEL\=0
    export GCC_PFE_FILE_C_DIALECTS\=c\ objective-c\ c++\ objective-c++
    export GCC_PREPROCESSOR_DEFINITIONS\=POD_CONFIGURATION_DEBUG\=1\ DEBUG\=1\ \ COCOAPODS\=1
    export GCC_SYMBOLS_PRIVATE_EXTERN\=NO
    export GCC_TREAT_WARNINGS_AS_ERRORS\=NO
    export GCC_VERSION\=com.apple.compilers.llvm.clang.1_0
    export GCC_VERSION_IDENTIFIER\=com_apple_compilers_llvm_clang_1_0
    export GCC_WARN_64_TO_32_BIT_CONVERSION\=YES
    export GCC_WARN_ABOUT_RETURN_TYPE\=YES_ERROR
    export GCC_WARN_UNDECLARED_SELECTOR\=YES
    export GCC_WARN_UNINITIALIZED_AUTOS\=YES_AGGRESSIVE
    export GCC_WARN_UNUSED_FUNCTION\=YES
    export GCC_WARN_UNUSED_VARIABLE\=YES
    export GENERATED_MODULEMAP_DIR\=/Users/sparkles/Library/Developer/Xcode/DerivedData/Expensio-futtgngxcysvvhcljmosbeftqmyc/Build/Intermediates.noindex/GeneratedModuleMaps-iphonesimulator
    export GENERATE_INFOPLIST_FILE\=NO
    export GENERATE_INTERMEDIATE_TEXT_BASED_STUBS\=YES
    export GENERATE_PKGINFO_FILE\=NO
    export GENERATE_PRELINK_OBJECT_FILE\=NO
    export GENERATE_PROFILING_CODE\=NO
    export GENERATE_TEXT_BASED_STUBS\=NO
    export GID\=20
    export GROUP\=staff
    export HEADERMAP_INCLUDES_FLAT_ENTRIES_FOR_TARGET_BEING_BUILT\=YES
    export HEADERMAP_INCLUDES_FRAMEWORK_ENTRIES_FOR_ALL_PRODUCT_TYPES\=YES
    export HEADERMAP_INCLUDES_FRAMEWORK_ENTRIES_FOR_TARGETS_NOT_BEING_BUILT\=YES
    export HEADERMAP_INCLUDES_NONPUBLIC_NONPRIVATE_HEADERS\=YES
    export HEADERMAP_INCLUDES_PROJECT_HEADERS\=YES
    export HEADERMAP_USES_FRAMEWORK_PREFIX_ENTRIES\=YES
    export HEADERMAP_USES_VFS\=NO
    export HEADER_SEARCH_PATHS\=\ \"/Users/sparkles/Documents/CodingFiles/FullStack/expensioApp/frontend/ios/Pods/Headers/Private\"\ \"/Users/sparkles/Documents/CodingFiles/FullStack/expensioApp/frontend/ios/Pods/Headers/Private/React-RCTFBReactNativeSpec\"\ \"/Users/sparkles/Documents/CodingFiles/FullStack/expensioApp/frontend/ios/Pods/Headers/Public\"\ \"/Users/sparkles/Documents/CodingFiles/FullStack/expensioApp/frontend/ios/Pods/Headers/Public/FBLazyVector\"\ \"/Users/sparkles/Documents/CodingFiles/FullStack/expensioApp/frontend/ios/Pods/Headers/Public/RCTDeprecation\"\ \"/Users/sparkles/Documents/CodingFiles/FullStack/expensioApp/frontend/ios/Pods/Headers/Public/RCTRequired\"\ \"/Users/sparkles/Documents/CodingFiles/FullStack/expensioApp/frontend/ios/Pods/Headers/Public/RCTTypeSafety\"\ \"/Users/sparkles/Documents/CodingFiles/FullStack/expensioApp/frontend/ios/Pods/Headers/Public/React-Core\"\ \"/Users/sparkles/Documents/CodingFiles/FullStack/expensioApp/frontend/ios/Pods/Headers/Public/React-Core-prebuilt\"\ \"/Users/sparkles/Documents/CodingFiles/FullStack/expensioApp/frontend/ios/Pods/Headers/Public/React-Fabric\"\ \"/Users/sparkles/Documents/CodingFiles/FullStack/expensioApp/frontend/ios/Pods/Headers/Public/React-NativeModulesApple\"\ \"/Users/sparkles/Documents/CodingFiles/FullStack/expensioApp/frontend/ios/Pods/Headers/Public/React-RCTFBReactNativeSpec\"\ \"/Users/sparkles/Documents/CodingFiles/FullStack/expensioApp/frontend/ios/Pods/Headers/Public/React-callinvoker\"\ \"/Users/sparkles/Documents/CodingFiles/FullStack/expensioApp/frontend/ios/Pods/Headers/Public/React-cxxreact\"\ \"/Users/sparkles/Documents/CodingFiles/FullStack/expensioApp/frontend/ios/Pods/Headers/Public/React-debug\"\ \"/Users/sparkles/Documents/CodingFiles/FullStack/expensioApp/frontend/ios/Pods/Headers/Public/React-featureflags\"\ \"/Users/sparkles/Documents/CodingFiles/FullStack/expensioApp/frontend/ios/Pods/Headers/Public/React-graphics\"\ \"/Users/sparkles/Documents/CodingFiles/FullStack/expensioApp/frontend/ios/Pods/Headers/Public/React-hermes\"\ \"/Users/sparkles/Documents/CodingFiles/FullStack/expensioApp/frontend/ios/Pods/Headers/Public/React-jserrorhandler\"\ \"/Users/sparkles/Documents/CodingFiles/FullStack/expensioApp/frontend/ios/Pods/Headers/Public/React-jsi\"\ \"/Users/sparkles/Documents/CodingFiles/FullStack/expensioApp/frontend/ios/Pods/Headers/Public/React-jsiexecutor\"\ \"/Users/sparkles/Documents/CodingFiles/FullStack/expensioApp/frontend/ios/Pods/Headers/Public/React-jsinspector\"\ \"/Users/sparkles/Documents/CodingFiles/FullStack/expensioApp/frontend/ios/Pods/Headers/Public/React-jsinspectorcdp\"\ \"/Users/sparkles/Documents/CodingFiles/FullStack/expensioApp/frontend/ios/Pods/Headers/Public/React-jsinspectornetwork\"\ \"/Users/sparkles/Documents/CodingFiles/FullStack/expensioApp/frontend/ios/Pods/Headers/Public/React-jsinspectortracing\"\ \"/Users/sparkles/Documents/CodingFiles/FullStack/expensioApp/frontend/ios/Pods/Headers/Public/React-jsitooling\"\ \"/Users/sparkles/Documents/CodingFiles/FullStack/expensioApp/frontend/ios/Pods/Headers/Public/React-logger\"\ \"/Users/sparkles/Documents/CodingFiles/FullStack/expensioApp/frontend/ios/Pods/Headers/Public/React-oscompat\"\ \"/Users/sparkles/Documents/CodingFiles/FullStack/expensioApp/frontend/ios/Pods/Headers/Public/React-perflogger\"\ \"/Users/sparkles/Documents/CodingFiles/FullStack/expensioApp/frontend/ios/Pods/Headers/Public/React-performancecdpmetrics\"\ \"/Users/sparkles/Documents/CodingFiles/FullStack/expensioApp/frontend/ios/Pods/Headers/Public/React-performancetimeline\"\ \"/Users/sparkles/Documents/CodingFiles/FullStack/expensioApp/frontend/ios/Pods/Headers/Public/React-rendererconsistency\"\ \"/Users/sparkles/Documents/CodingFiles/FullStack/expensioApp/frontend/ios/Pods/Headers/Public/React-renderercss\"\ \"/Users/sparkles/Documents/CodingFiles/FullStack/expensioApp/frontend/ios/Pods/Headers/Public/React-rendererdebug\"\ \"/Users/sparkles/Documents/CodingFiles/FullStack/expensioApp/frontend/ios/Pods/Headers/Public/React-runtimeexecutor\"\ \"/Users/sparkles/Documents/CodingFiles/FullStack/expensioApp/frontend/ios/Pods/Headers/Public/React-runtimescheduler\"\ \"/Users/sparkles/Documents/CodingFiles/FullStack/expensioApp/frontend/ios/Pods/Headers/Public/React-timing\"\ \"/Users/sparkles/Documents/CodingFiles/FullStack/expensioApp/frontend/ios/Pods/Headers/Public/React-utils\"\ \"/Users/sparkles/Documents/CodingFiles/FullStack/expensioApp/frontend/ios/Pods/Headers/Public/ReactCommon\"\ \"/Users/sparkles/Documents/CodingFiles/FullStack/expensioApp/frontend/ios/Pods/Headers/Public/ReactNativeDependencies\"\ \"/Users/sparkles/Documents/CodingFiles/FullStack/expensioApp/frontend/ios/Pods/Headers/Public/Yoga\"\ \"/Users/sparkles/Documents/CodingFiles/FullStack/expensioApp/frontend/ios/Pods/Headers/Public/hermes-engine\"\ \"/Users/sparkles/Documents/CodingFiles/FullStack/expensioApp/frontend/ios/Pods/../../node_modules/react-native/React/FBReactNativeSpec\"\ \"/Users/sparkles/Documents/CodingFiles/FullStack/expensioApp/frontend/ios/Pods/Headers/Private/Yoga\"\ \"/Users/sparkles/Documents/CodingFiles/FullStack/expensioApp/frontend/ios/Pods/ReactCommon\"\ \"/Users/sparkles/Documents/CodingFiles/FullStack/expensioApp/frontend/ios/Pods/ReactCommon/react/nativemodule/core\"\ \"/Users/sparkles/Documents/CodingFiles/FullStack/expensioApp/frontend/ios/Pods/ReactCommon\"\ \"/Users/sparkles/Documents/CodingFiles/FullStack/expensioApp/frontend/ios/Pods/ReactCommon/react/nativemodule/bridging\"\ \"/Users/sparkles/Documents/CodingFiles/FullStack/expensioApp/frontend/ios/Pods/../../node_modules/react-native/React/FBReactNativeSpec\"\ \"/Users/sparkles/Documents/CodingFiles/FullStack/expensioApp/frontend/ios/Pods/Headers/Private/Yoga\"\ \"/Users/sparkles/Documents/CodingFiles/FullStack/expensioApp/frontend/ios/Pods/ReactCommon\"\ \"/Users/sparkles/Documents/CodingFiles/FullStack/expensioApp/frontend/ios/Pods/ReactCommon/react/nativemodule/core\"\ \"/Users/sparkles/Documents/CodingFiles/FullStack/expensioApp/frontend/ios/Pods/ReactCommon\"\ \"/Users/sparkles/Documents/CodingFiles/FullStack/expensioApp/frontend/ios/Pods/ReactCommon/react/nativemodule/bridging\"\ \"/Users/sparkles/Documents/CodingFiles/FullStack/expensioApp/frontend/ios/Pods/React-featureflags\"\ \"/Users/sparkles/Documents/CodingFiles/FullStack/expensioApp/frontend/ios/Pods/React-debug\"\ \"/Users/sparkles/Documents/CodingFiles/FullStack/expensioApp/frontend/ios/Pods/React-rendererdebug\"\ \"/Users/sparkles/Documents/CodingFiles/FullStack/expensioApp/frontend/ios/Pods/React-utils\"\ \"/Users/sparkles/Documents/CodingFiles/FullStack/expensioApp/frontend/ios/Pods/React-graphics\"\ \"/Users/sparkles/Documents/CodingFiles/FullStack/expensioApp/frontend/ios/Pods/React-graphics/react/renderer/graphics/platform/ios\"\ \"/Users/sparkles/Documents/CodingFiles/FullStack/expensioApp/frontend/ios/Pods/React-Fabric\"\ \"/Users/sparkles/Documents/CodingFiles/FullStack/expensioApp/frontend/ios/Pods/React-Fabric/react/renderer/components/view/platform/cxx\"\ \"/Users/sparkles/Documents/CodingFiles/FullStack/expensioApp/frontend/ios/Pods/ExpoModulesCore/ExpoModulesCore.xcframework/ios-arm64_x86_64-simulator/ExpoModulesCore.framework/Headers\"\ \"/Users/sparkles/Documents/CodingFiles/FullStack/expensioApp/frontend/ios/Pods/ExpoModulesCore/ExpoModulesCore.xcframework/ios-arm64/ExpoModulesCore.framework/Headers\"\ \"/Users/sparkles/Documents/CodingFiles/FullStack/expensioApp/frontend/ios/Pods/ExpoModulesCore/ExpoModulesCore.xcframework/ios-arm64_x86_64-simulator/ExpoModulesCore.framework/Headers\"\ \"/Users/sparkles/Documents/CodingFiles/FullStack/expensioApp/frontend/ios/Pods/ExpoModulesCore/ExpoModulesCore.xcframework/ios-arm64/ExpoModulesCore.framework/Headers\"
    export HOME\=/Users/sparkles
    export HOST_ARCH\=arm64
    export HOST_PLATFORM\=macosx
    export ICONV\=/usr/bin/iconv
    export IMPLICIT_DEPENDENCY_DOMAIN\=default
    export INDEX_ENABLE_OPTIMIZATION_LEVEL_OVERRIDE\=YES
    export INDEX_STORE_COMPRESS\=NO
    export INDEX_STORE_ONLY_PROJECT_FILES\=NO
    export INFOPLIST_ENABLE_CFBUNDLEICONS_MERGE\=YES
    export INFOPLIST_EXPAND_BUILD_SETTINGS\=YES
    export INFOPLIST_OUTPUT_FORMAT\=binary
    export INFOPLIST_PREPROCESS\=NO
    export INLINE_PRIVATE_FRAMEWORKS\=NO
    export INSTALLAPI_IGNORE_SKIP_INSTALL\=YES
    export INSTALLHDRS_COPY_PHASE\=NO
    export INSTALLHDRS_SCRIPT_PHASE\=NO
    export INSTALL_DIR\=/tmp/Pods.dst
    export INSTALL_GROUP\=staff
    export INSTALL_MODE_FLAG\=u+w,go-w,a+rX
    export INSTALL_OWNER\=sparkles
    export INSTALL_ROOT\=/tmp/Pods.dst
    export IPHONEOS_DEPLOYMENT_TARGET\=17.0
    export IS_UNOPTIMIZED_BUILD\=YES
    export JAVAC_DEFAULT_FLAGS\=-J-Xms64m\ -J-XX:NewSize\=4M\ -J-Dfile.encoding\=UTF8
    export JAVA_APP_STUB\=/System/Library/Frameworks/JavaVM.framework/Resources/MacOS/JavaApplicationStub
    export JAVA_ARCHIVE_CLASSES\=YES
    export JAVA_ARCHIVE_TYPE\=JAR
    export JAVA_COMPILER\=/usr/bin/javac
    export JAVA_FRAMEWORK_RESOURCES_DIRS\=Resources
    export JAVA_JAR_FLAGS\=cv
    export JAVA_SOURCE_SUBDIR\=.
    export JAVA_USE_DEPENDENCIES\=YES
    export JAVA_ZIP_FLAGS\=-urg
    export JIKES_DEFAULT_FLAGS\=+E\ +OLDCSO
    export KEEP_PRIVATE_EXTERNS\=NO
    export LD_DEPENDENCY_INFO_FILE\=/Users/sparkles/Library/Developer/Xcode/DerivedData/Expensio-futtgngxcysvvhcljmosbeftqmyc/Build/Intermediates.noindex/Pods.build/Debug-iphonesimulator/React-RCTFBReactNativeSpec.build/Objects-normal/undefined_arch/React-RCTFBReactNativeSpec_dependency_info.dat
    export LD_EXPORT_GLOBAL_SYMBOLS\=YES
    export LD_EXPORT_SYMBOLS\=YES
    export LD_GENERATE_MAP_FILE\=NO
    export LD_MAP_FILE_PATH\=/Users/sparkles/Library/Developer/Xcode/DerivedData/Expensio-futtgngxcysvvhcljmosbeftqmyc/Build/Intermediates.noindex/Pods.build/Debug-iphonesimulator/React-RCTFBReactNativeSpec.build/React-RCTFBReactNativeSpec-LinkMap-normal-undefined_arch.txt
    export LD_NO_PIE\=NO
    export LD_QUOTE_LINKER_ARGUMENTS_FOR_COMPILER_DRIVER\=YES
    export LD_RUNPATH_SEARCH_PATHS\=\ @executable_path/Frameworks
    export LD_SHARED_CACHE_ELIGIBLE\=Automatic
    export LD_WARN_DUPLICATE_LIBRARIES\=NO
    export LD_WARN_UNUSED_DYLIBS\=NO
    export LEGACY_DEVELOPER_DIR\=/Applications/Xcode.app/Contents/PlugIns/Xcode3Core.ideplugin/Contents/SharedSupport/Developer
    export LEX\=lex
    export LIBRARY_DEXT_INSTALL_PATH\=/Library/DriverExtensions
    export LIBRARY_FLAG_NOSPACE\=YES
    export LIBRARY_KEXT_INSTALL_PATH\=/Library/Extensions
    export LINKER_DISPLAYS_MANGLED_NAMES\=NO
    export LINK_FILE_LIST_normal_arm64\=/Users/sparkles/Library/Developer/Xcode/DerivedData/Expensio-futtgngxcysvvhcljmosbeftqmyc/Build/Intermediates.noindex/Pods.build/Debug-iphonesimulator/React-RCTFBReactNativeSpec.build/Objects-normal/arm64/React-RCTFBReactNativeSpec.LinkFileList
    export LINK_FILE_LIST_normal_x86_64\=/Users/sparkles/Library/Developer/Xcode/DerivedData/Expensio-futtgngxcysvvhcljmosbeftqmyc/Build/Intermediates.noindex/Pods.build/Debug-iphonesimulator/React-RCTFBReactNativeSpec.build/Objects-normal/x86_64/React-RCTFBReactNativeSpec.LinkFileList
    export LINK_OBJC_RUNTIME\=YES
    export LINK_WITH_STANDARD_LIBRARIES\=YES
    export LLVM_TARGET_TRIPLE_OS_VERSION\=ios17.0
    export LLVM_TARGET_TRIPLE_SUFFIX\=-simulator
    export LLVM_TARGET_TRIPLE_VENDOR\=apple
    export LM_AUX_CONST_METADATA_LIST_PATH_normal_arm64\=/Users/sparkles/Library/Developer/Xcode/DerivedData/Expensio-futtgngxcysvvhcljmosbeftqmyc/Build/Intermediates.noindex/Pods.build/Debug-iphonesimulator/React-RCTFBReactNativeSpec.build/Objects-normal/arm64/React-RCTFBReactNativeSpec.SwiftConstValuesFileList
    export LM_AUX_CONST_METADATA_LIST_PATH_normal_x86_64\=/Users/sparkles/Library/Developer/Xcode/DerivedData/Expensio-futtgngxcysvvhcljmosbeftqmyc/Build/Intermediates.noindex/Pods.build/Debug-iphonesimulator/React-RCTFBReactNativeSpec.build/Objects-normal/x86_64/React-RCTFBReactNativeSpec.SwiftConstValuesFileList
    export LOCALIZATION_EXPORT_SUPPORTED\=YES
    export LOCALIZATION_PREFERS_STRING_CATALOGS\=NO
    export LOCALIZED_STRING_CODE_COMMENTS\=NO
    export LOCALIZED_STRING_MACRO_NAMES\=NSLocalizedString\ CFCopyLocalizedString
    export LOCALIZED_STRING_SWIFTUI_SUPPORT\=YES
    export LOCAL_ADMIN_APPS_DIR\=/Applications/Utilities
    export LOCAL_APPS_DIR\=/Applications
    export LOCAL_DEVELOPER_DIR\=/Library/Developer
    export LOCAL_LIBRARY_DIR\=/Library
    export LOCROOT\=/Users/sparkles/Documents/CodingFiles/FullStack/expensioApp/frontend/ios/Pods
    export LOCSYMROOT\=/Users/sparkles/Documents/CodingFiles/FullStack/expensioApp/frontend/ios/Pods
    export MAC_OS_X_PRODUCT_BUILD_VERSION\=26A428
    export MAC_OS_X_VERSION_ACTUAL\=270000
    export MAC_OS_X_VERSION_MAJOR\=270000
    export MAC_OS_X_VERSION_MINOR\=270000
    export MAKE_MERGEABLE\=NO
    export MERGEABLE_LIBRARY\=NO
    export MERGED_BINARY_TYPE\=none
    export MERGE_LINKED_LIBRARIES\=NO
    export METAL_LIBRARY_FILE_BASE\=default
    export METAL_LIBRARY_OUTPUT_DIR\=/Users/sparkles/Library/Developer/Xcode/DerivedData/Expensio-futtgngxcysvvhcljmosbeftqmyc/Build/Products/Debug-iphonesimulator/React-RCTFBReactNativeSpec/
    export MODULE_CACHE_DIR\=/Users/sparkles/Library/Developer/Xcode/DerivedData/ModuleCache.noindex
    export MTL_ENABLE_DEBUG_INFO\=INCLUDE_SOURCE
    export MTL_FAST_MATH\=YES
    export NATIVE_ARCH\=arm64
    export NATIVE_ARCH_32_BIT\=arm
    export NATIVE_ARCH_64_BIT\=arm64
    export NATIVE_ARCH_ACTUAL\=arm64
    export NO_COMMON\=YES
    export OBJC_ABI_VERSION\=2
    export OBJECT_FILE_DIR\=/Users/sparkles/Library/Developer/Xcode/DerivedData/Expensio-futtgngxcysvvhcljmosbeftqmyc/Build/Intermediates.noindex/Pods.build/Debug-iphonesimulator/React-RCTFBReactNativeSpec.build/Objects
    export OBJECT_FILE_DIR_normal\=/Users/sparkles/Library/Developer/Xcode/DerivedData/Expensio-futtgngxcysvvhcljmosbeftqmyc/Build/Intermediates.noindex/Pods.build/Debug-iphonesimulator/React-RCTFBReactNativeSpec.build/Objects-normal
    export OBJROOT\=/Users/sparkles/Library/Developer/Xcode/DerivedData/Expensio-futtgngxcysvvhcljmosbeftqmyc/Build/Intermediates.noindex
    export ONLY_ACTIVE_ARCH\=NO
    export ONLY_ARCH\=multiple_archs
    export OS\=MACOS
    export OSAC\=/usr/bin/osacompile
    export OTHER_CFLAGS\=\ -DRCT_REMOVE_LEGACY_ARCH\=1\ -ivfsoverlay\ /Users/sparkles/Documents/CodingFiles/FullStack/expensioApp/frontend/ios/Pods/React-Core-prebuilt/React-VFS.yaml
    export OTHER_CPLUSPLUSFLAGS\=\ -DRCT_REMOVE_LEGACY_ARCH\=1\ -ivfsoverlay\ /Users/sparkles/Documents/CodingFiles/FullStack/expensioApp/frontend/ios/Pods/React-Core-prebuilt/React-VFS.yaml\ -DRCT_REMOVE_LEGACY_ARCH\=1\ -ivfsoverlay\ /Users/sparkles/Documents/CodingFiles/FullStack/expensioApp/frontend/ios/Pods/React-Core-prebuilt/React-VFS.yaml
    export OTHER_SWIFT_FLAGS\=\ -Xcc\ -ivfsoverlay\ -Xcc\ /Users/sparkles/Documents/CodingFiles/FullStack/expensioApp/frontend/ios/Pods/React-Core-prebuilt/React-VFS.yaml
    export PASCAL_STRINGS\=YES
    export PATH\=/Applications/Xcode.app/Contents/SharedFrameworks/SwiftBuild.framework/Versions/A/PlugIns/SWBBuildService.bundle/Contents/PlugIns/SWBUniversalPlatformPlugin.bundle/Contents/Frameworks/SWBUniversalPlatform.framework/Resources:/Applications/Xcode.app/Contents/Developer/Toolchains/XcodeDefault.xctoolchain/usr/bin:/Applications/Xcode.app/Contents/Developer/Toolchains/XcodeDefault.xctoolchain/usr/local/bin:/Applications/Xcode.app/Contents/Developer/Toolchains/XcodeDefault.xctoolchain/usr/libexec:/Applications/Xcode.app/Contents/Developer/Platforms/iPhoneSimulator.platform/usr/bin:/Applications/Xcode.app/Contents/Developer/Platforms/iPhoneSimulator.platform/usr/local/bin:/Applications/Xcode.app/Contents/Developer/Platforms/iPhoneSimulator.platform/Developer/usr/bin:/Applications/Xcode.app/Contents/Developer/Platforms/iPhoneSimulator.platform/Developer/usr/local/bin:/Applications/Xcode.app/Contents/Developer/usr/bin:/Applications/Xcode.app/Contents/Developer/usr/local/bin:/Users/sparkles/.gemini/antigravity-ide/bin:/Users/sparkles/.antigravity-ide/antigravity-ide/bin:/opt/homebrew/bin:/opt/homebrew/sbin:/usr/local/bin:/System/Cryptexes/App/usr/bin:/usr/bin:/bin:/usr/sbin:/sbin:/var/run/com.apple.security.cryptexd/codex.system/bootstrap/usr/local/bin:/var/run/com.apple.security.cryptexd/codex.system/bootstrap/usr/bin:/var/run/com.apple.security.cryptexd/codex.system/bootstrap/usr/appleinternal/bin:/pkg/env/global/bin
    export PATH_PREFIXES_EXCLUDED_FROM_HEADER_DEPENDENCIES\=/usr/include\ /usr/local/include\ /System/Library/Frameworks\ /System/Library/PrivateFrameworks\ /Applications/Xcode.app/Contents/Developer/Headers\ /Applications/Xcode.app/Contents/Developer/SDKs\ /Applications/Xcode.app/Contents/Developer/Platforms
    export PER_ARCH_MODULE_FILE_DIR\=/Users/sparkles/Library/Developer/Xcode/DerivedData/Expensio-futtgngxcysvvhcljmosbeftqmyc/Build/Intermediates.noindex/Pods.build/Debug-iphonesimulator/React-RCTFBReactNativeSpec.build/Objects-normal/undefined_arch
    export PER_ARCH_OBJECT_FILE_DIR\=/Users/sparkles/Library/Developer/Xcode/DerivedData/Expensio-futtgngxcysvvhcljmosbeftqmyc/Build/Intermediates.noindex/Pods.build/Debug-iphonesimulator/React-RCTFBReactNativeSpec.build/Objects-normal/undefined_arch
    export PER_VARIANT_OBJECT_FILE_DIR\=/Users/sparkles/Library/Developer/Xcode/DerivedData/Expensio-futtgngxcysvvhcljmosbeftqmyc/Build/Intermediates.noindex/Pods.build/Debug-iphonesimulator/React-RCTFBReactNativeSpec.build/Objects-normal
    export PKGINFO_FILE_PATH\=/Users/sparkles/Library/Developer/Xcode/DerivedData/Expensio-futtgngxcysvvhcljmosbeftqmyc/Build/Intermediates.noindex/Pods.build/Debug-iphonesimulator/React-RCTFBReactNativeSpec.build/PkgInfo
    export PLATFORM_DEVELOPER_APPLICATIONS_DIR\=/Applications/Xcode.app/Contents/Developer/Platforms/iPhoneSimulator.platform/Developer/Applications
    export PLATFORM_DEVELOPER_BIN_DIR\=/Applications/Xcode.app/Contents/Developer/Platforms/iPhoneSimulator.platform/Developer/usr/bin
    export PLATFORM_DEVELOPER_LIBRARY_DIR\=/Applications/Xcode.app/Contents/Developer/Platforms/iPhoneSimulator.platform/Developer/Library
    export PLATFORM_DEVELOPER_SDK_DIR\=/Applications/Xcode.app/Contents/Developer/Platforms/iPhoneSimulator.platform/Developer/SDKs
    export PLATFORM_DEVELOPER_TOOLS_DIR\=/Applications/Xcode.app/Contents/Developer/Platforms/iPhoneSimulator.platform/Developer/Tools
    export PLATFORM_DEVELOPER_USR_DIR\=/Applications/Xcode.app/Contents/Developer/Platforms/iPhoneSimulator.platform/Developer/usr
    export PLATFORM_DIR\=/Applications/Xcode.app/Contents/Developer/Platforms/iPhoneSimulator.platform
    export PLATFORM_DISPLAY_NAME\=iOS\ Simulator
    export PLATFORM_FAMILY_NAME\=iOS
    export PLATFORM_NAME\=iphonesimulator
    export PLATFORM_PREFERRED_ARCH\=x86_64
    export PLATFORM_PRODUCT_BUILD_VERSION\=24A430
    export PLATFORM_REQUIRES_SWIFT_AUTOLINK_EXTRACT\=NO
    export PLATFORM_REQUIRES_SWIFT_MODULEWRAP\=NO
    export PLATFORM_USES_DSYMS\=YES
    export PLIST_FILE_OUTPUT_FORMAT\=binary
    export PODFILE_DIR\=/Users/sparkles/Documents/CodingFiles/FullStack/expensioApp/frontend/ios/Pods/..
    export PODS_BUILD_DIR\=/Users/sparkles/Library/Developer/Xcode/DerivedData/Expensio-futtgngxcysvvhcljmosbeftqmyc/Build/Products
    export PODS_CONFIGURATION_BUILD_DIR\=/Users/sparkles/Library/Developer/Xcode/DerivedData/Expensio-futtgngxcysvvhcljmosbeftqmyc/Build/Products/Debug-iphonesimulator
    export PODS_DEVELOPMENT_LANGUAGE\=en
    export PODS_ROOT\=/Users/sparkles/Documents/CodingFiles/FullStack/expensioApp/frontend/ios/Pods
    export PODS_TARGET_SRCROOT\=/Users/sparkles/Documents/CodingFiles/FullStack/expensioApp/frontend/ios/Pods/../../node_modules/react-native/React
    export PODS_XCFRAMEWORKS_BUILD_DIR\=/Users/sparkles/Library/Developer/Xcode/DerivedData/Expensio-futtgngxcysvvhcljmosbeftqmyc/Build/Products/Debug-iphonesimulator/XCFrameworkIntermediates
    export PRECOMPS_INCLUDE_HEADERS_FROM_BUILT_PRODUCTS_DIR\=YES
    export PRECOMP_DESTINATION_DIR\=/Users/sparkles/Library/Developer/Xcode/DerivedData/Expensio-futtgngxcysvvhcljmosbeftqmyc/Build/Intermediates.noindex/Pods.build/Debug-iphonesimulator/React-RCTFBReactNativeSpec.build/PrefixHeaders
    export PRELINK_DEPENDENCY_INFO_FILE\=/Users/sparkles/Library/Developer/Xcode/DerivedData/Expensio-futtgngxcysvvhcljmosbeftqmyc/Build/Intermediates.noindex/Pods.build/Debug-iphonesimulator/React-RCTFBReactNativeSpec.build/Objects-normal/undefined_arch/React-RCTFBReactNativeSpec_prelink_dependency_info.dat
    export PROCESSED_INFOPLIST_PATH\=/Users/sparkles/Library/Developer/Xcode/DerivedData/Expensio-futtgngxcysvvhcljmosbeftqmyc/Build/Intermediates.noindex/Pods.build/Debug-iphonesimulator/React-RCTFBReactNativeSpec.build/Objects-normal/undefined_arch/Processed-Info.plist
    export PRODUCT_BUNDLE_IDENTIFIER\=org.cocoapods.React-RCTFBReactNativeSpec
    export PRODUCT_MODULE_NAME\=React_RCTFBReactNativeSpec
    export PRODUCT_NAME\=React-RCTFBReactNativeSpec
    export PRODUCT_SETTINGS_PATH\=
    export PROFILING_CODE\=NO
    export PROJECT\=Pods
    export PROJECT_DERIVED_FILE_DIR\=/Users/sparkles/Library/Developer/Xcode/DerivedData/Expensio-futtgngxcysvvhcljmosbeftqmyc/Build/Intermediates.noindex/Pods.build/DerivedSources
    export PROJECT_DIR\=/Users/sparkles/Documents/CodingFiles/FullStack/expensioApp/frontend/ios/Pods
    export PROJECT_FILE_PATH\=/Users/sparkles/Documents/CodingFiles/FullStack/expensioApp/frontend/ios/Pods/Pods.xcodeproj
    export PROJECT_GUID\=8699adb1dd336b26511df848a716bd42
    export PROJECT_NAME\=Pods
    export PROJECT_TEMP_DIR\=/Users/sparkles/Library/Developer/Xcode/DerivedData/Expensio-futtgngxcysvvhcljmosbeftqmyc/Build/Intermediates.noindex/Pods.build
    export PROJECT_TEMP_ROOT\=/Users/sparkles/Library/Developer/Xcode/DerivedData/Expensio-futtgngxcysvvhcljmosbeftqmyc/Build/Intermediates.noindex
    export REACT_NATIVE_PATH\=/Users/sparkles/Documents/CodingFiles/FullStack/expensioApp/frontend/ios/Pods/../../node_modules/react-native
    export RECOMMENDED_IPHONEOS_DEPLOYMENT_TARGET\=17.0
    export RECURSIVE_SEARCH_PATHS_FOLLOW_SYMLINKS\=YES
    export REMOVE_CVS_FROM_RESOURCES\=YES
    export REMOVE_GIT_FROM_RESOURCES\=YES
    export REMOVE_HEADERS_FROM_EMBEDDED_BUNDLES\=YES
    export REMOVE_HG_FROM_RESOURCES\=YES
    export REMOVE_STATIC_EXECUTABLES_FROM_EMBEDDED_BUNDLES\=YES
    export REMOVE_SVN_FROM_RESOURCES\=YES
    export RESCHEDULE_INDEPENDENT_HEADERS_PHASES\=YES
    export REZ_COLLECTOR_DIR\=/Users/sparkles/Library/Developer/Xcode/DerivedData/Expensio-futtgngxcysvvhcljmosbeftqmyc/Build/Intermediates.noindex/Pods.build/Debug-iphonesimulator/React-RCTFBReactNativeSpec.build/ResourceManagerResources
    export REZ_OBJECTS_DIR\=/Users/sparkles/Library/Developer/Xcode/DerivedData/Expensio-futtgngxcysvvhcljmosbeftqmyc/Build/Intermediates.noindex/Pods.build/Debug-iphonesimulator/React-RCTFBReactNativeSpec.build/ResourceManagerResources/Objects
    export RPATH_ORIGIN\=@loader_path
    export RUNTIME_EXCEPTION_ALLOW_DYLD_ENVIRONMENT_VARIABLES\=NO
    export RUNTIME_EXCEPTION_ALLOW_JIT\=NO
    export RUNTIME_EXCEPTION_ALLOW_UNSIGNED_EXECUTABLE_MEMORY\=NO
    export RUNTIME_EXCEPTION_DEBUGGING_TOOL\=NO
    export RUNTIME_EXCEPTION_DISABLE_EXECUTABLE_PAGE_PROTECTION\=NO
    export RUNTIME_EXCEPTION_DISABLE_LIBRARY_VALIDATION\=NO
    export SCANNING_PCM_KEEP_CACHE_DIRECTORY\=YES
    export SCAN_ALL_SOURCE_FILES_FOR_INCLUDES\=NO
    export SCRIPT_INPUT_FILE_COUNT\=0
    export SCRIPT_INPUT_FILE_LIST_COUNT\=0
    export SCRIPT_OUTPUT_FILE_COUNT\=0
    export SCRIPT_OUTPUT_FILE_LIST_COUNT\=0
    export SDKROOT\=/Applications/Xcode.app/Contents/Developer/Platforms/iPhoneSimulator.platform/Developer/SDKs/iPhoneSimulator27.0.sdk
    export SDK_DIR\=/Applications/Xcode.app/Contents/Developer/Platforms/iPhoneSimulator.platform/Developer/SDKs/iPhoneSimulator27.0.sdk
    export SDK_DIR_iphonesimulator\=/Applications/Xcode.app/Contents/Developer/Platforms/iPhoneSimulator.platform/Developer/SDKs/iPhoneSimulator27.0.sdk
    export SDK_DIR_iphonesimulator27_0\=/Applications/Xcode.app/Contents/Developer/Platforms/iPhoneSimulator.platform/Developer/SDKs/iPhoneSimulator27.0.sdk
    export SDK_NAME\=iphonesimulator27.0
    export SDK_NAMES\=iphonesimulator27.0
    export SDK_PRODUCT_BUILD_VERSION\=24A430
    export SDK_STAT_CACHE_DIR\=/Users/sparkles/Library/Developer/Xcode/DerivedData
    export SDK_STAT_CACHE_ENABLE\=YES
    export SDK_STAT_CACHE_PATH\=/Users/sparkles/Library/Developer/Xcode/DerivedData/SDKStatCaches.noindex/iphonesimulator27.0-24A430-8dc58220667be655e1bcc261a7455254.sdkstatcache
    export SDK_VERSION\=27.0
    export SDK_VERSION_ACTUAL\=270000
    export SDK_VERSION_MAJOR\=270000
    export SDK_VERSION_MINOR\=270000
    export SED\=/usr/bin/sed
    export SEPARATE_STRIP\=NO
    export SEPARATE_SYMBOL_EDIT\=NO
    export SET_DIR_MODE_OWNER_GROUP\=YES
    export SET_FILE_MODE_OWNER_GROUP\=NO
    export SHALLOW_BUNDLE\=NO
    export SHARED_DERIVED_FILE_DIR\=/Users/sparkles/Library/Developer/Xcode/DerivedData/Expensio-futtgngxcysvvhcljmosbeftqmyc/Build/Products/Debug-iphonesimulator/React-RCTFBReactNativeSpec/DerivedSources
    export SHARED_PRECOMPS_DIR\=/Users/sparkles/Library/Developer/Xcode/DerivedData/Expensio-futtgngxcysvvhcljmosbeftqmyc/Build/Intermediates.noindex/PrecompiledHeaders
    export SKIP_COPYING_TEST_FRAMEWORKS\=YES
    export SKIP_INSTALL\=YES
    export SKIP_MERGEABLE_LIBRARY_BUNDLE_HOOK\=NO
    export SOURCE_ROOT\=/Users/sparkles/Documents/CodingFiles/FullStack/expensioApp/frontend/ios/Pods
    export SRCROOT\=/Users/sparkles/Documents/CodingFiles/FullStack/expensioApp/frontend/ios/Pods
    export STRINGSDATA_DIR\=/Users/sparkles/Library/Developer/Xcode/DerivedData/Expensio-futtgngxcysvvhcljmosbeftqmyc/Build/Intermediates.noindex/Pods.build/Debug-iphonesimulator/React-RCTFBReactNativeSpec.build/Objects-normal/undefined_arch
    export STRINGSDATA_ROOT\=/Users/sparkles/Library/Developer/Xcode/DerivedData/Expensio-futtgngxcysvvhcljmosbeftqmyc/Build/Intermediates.noindex/Pods.build/Debug-iphonesimulator/React-RCTFBReactNativeSpec.build
    export STRINGS_FILE_INFOPLIST_RENAME\=YES
    export STRINGS_FILE_OUTPUT_ENCODING\=binary
    export STRING_CATALOG_GENERATE_SYMBOLS\=YES
    export STRIP_BITCODE_FROM_COPIED_FILES\=NO
    export STRIP_INSTALLED_PRODUCT\=NO
    export STRIP_STYLE\=all
    export STRIP_SWIFT_SYMBOLS\=YES
    export SUPPORTED_DEVICE_FAMILIES\=1,2
    export SUPPORTED_PLATFORMS\=iphoneos\ iphonesimulator
    export SUPPORTS_TEXT_BASED_API\=NO
    export SUPPRESS_WARNINGS\=NO
    export SWIFTC_PASS_SDKROOT\=YES
    export SWIFTC_PASS_SYSROOT\=NO
    export SWIFT_ACTIVE_COMPILATION_CONDITIONS\=\ DEBUG
    export SWIFT_COLOR_DIAGNOSTICS\=NO
    export SWIFT_EMIT_CONST_VALUE_PROTOCOLS\=AnyResolverProviding\ AppEntity\ AppEnum\ AppExtension\ AppIntent\ AppIntentsPackage\ AppShortcutProviding\ AppShortcutsProvider\ AppUnionValue\ AppUnionValueCasesProviding\ DynamicOptionsProvider\ EntityQuery\ ExtensionPointDefining\ IntentValueQuery\ Resolver\ TransientEntity\ _AssistantIntentsProvider\ _GenerativeFunctionExtractable\ _IntentValueRepresentable
    export SWIFT_EMIT_LOC_STRINGS\=NO
    export SWIFT_EMIT_MODULE_INTERFACE\=NO
    export SWIFT_ENABLE_EXPLICIT_MODULES\=NO
    export SWIFT_ENABLE_TESTABILITY\=YES
    export SWIFT_OPTIMIZATION_LEVEL\=-Onone
    export SWIFT_PLATFORM_TARGET_PREFIX\=ios
    export SWIFT_RESPONSE_FILE_PATH_normal_arm64\=/Users/sparkles/Library/Developer/Xcode/DerivedData/Expensio-futtgngxcysvvhcljmosbeftqmyc/Build/Intermediates.noindex/Pods.build/Debug-iphonesimulator/React-RCTFBReactNativeSpec.build/Objects-normal/arm64/React-RCTFBReactNativeSpec.SwiftFileList
    export SWIFT_RESPONSE_FILE_PATH_normal_x86_64\=/Users/sparkles/Library/Developer/Xcode/DerivedData/Expensio-futtgngxcysvvhcljmosbeftqmyc/Build/Intermediates.noindex/Pods.build/Debug-iphonesimulator/React-RCTFBReactNativeSpec.build/Objects-normal/x86_64/React-RCTFBReactNativeSpec.SwiftFileList
    export SWIFT_VERSION\=5.0
    export SYMROOT\=/Users/sparkles/Library/Developer/Xcode/DerivedData/Expensio-futtgngxcysvvhcljmosbeftqmyc/Build/Products
    export SYSROOT\=/Applications/Xcode.app/Contents/Developer/Platforms/iPhoneSimulator.platform/Developer/SDKs/iPhoneSimulator27.0.sdk
    export SYSTEM_ADMIN_APPS_DIR\=/Applications/Utilities
    export SYSTEM_APPS_DIR\=/Applications
    export SYSTEM_CORE_SERVICES_DIR\=/System/Library/CoreServices
    export SYSTEM_DEMOS_DIR\=/Applications/Extras
    export SYSTEM_DEVELOPER_APPS_DIR\=/Applications/Xcode.app/Contents/Developer/Applications
    export SYSTEM_DEVELOPER_BIN_DIR\=/Applications/Xcode.app/Contents/Developer/usr/bin
    export SYSTEM_DEVELOPER_DEMOS_DIR\=/Applications/Xcode.app/Contents/Developer/Applications/Utilities/Built\ Examples
    export SYSTEM_DEVELOPER_DIR\=/Applications/Xcode.app/Contents/Developer
    export SYSTEM_DEVELOPER_DOC_DIR\=/Applications/Xcode.app/Contents/Developer/ADC\ Reference\ Library
    export SYSTEM_DEVELOPER_GRAPHICS_TOOLS_DIR\=/Applications/Xcode.app/Contents/Developer/Applications/Graphics\ Tools
    export SYSTEM_DEVELOPER_JAVA_TOOLS_DIR\=/Applications/Xcode.app/Contents/Developer/Applications/Java\ Tools
    export SYSTEM_DEVELOPER_PERFORMANCE_TOOLS_DIR\=/Applications/Xcode.app/Contents/Developer/Applications/Performance\ Tools
    export SYSTEM_DEVELOPER_RELEASENOTES_DIR\=/Applications/Xcode.app/Contents/Developer/ADC\ Reference\ Library/releasenotes
    export SYSTEM_DEVELOPER_TOOLS\=/Applications/Xcode.app/Contents/Developer/Tools
    export SYSTEM_DEVELOPER_TOOLS_DOC_DIR\=/Applications/Xcode.app/Contents/Developer/ADC\ Reference\ Library/documentation/DeveloperTools
    export SYSTEM_DEVELOPER_TOOLS_RELEASENOTES_DIR\=/Applications/Xcode.app/Contents/Developer/ADC\ Reference\ Library/releasenotes/DeveloperTools
    export SYSTEM_DEVELOPER_USR_DIR\=/Applications/Xcode.app/Contents/Developer/usr
    export SYSTEM_DEVELOPER_UTILITIES_DIR\=/Applications/Xcode.app/Contents/Developer/Applications/Utilities
    export SYSTEM_DEXT_INSTALL_PATH\=/System/Library/DriverExtensions
    export SYSTEM_DOCUMENTATION_DIR\=/Library/Documentation
    export SYSTEM_KEXT_INSTALL_PATH\=/System/Library/Extensions
    export SYSTEM_LIBRARY_DIR\=/System/Library
    export TAPI_DEMANGLE\=YES
    export TAPI_ENABLE_PROJECT_HEADERS\=NO
    export TAPI_LANGUAGE\=objective-c
    export TAPI_LANGUAGE_STANDARD\=compiler-default
    export TAPI_USE_SRCROOT\=YES
    export TAPI_VERIFY_MODE\=Pedantic
    export TARGETED_DEVICE_FAMILY\=1,2
    export TARGETNAME\=React-RCTFBReactNativeSpec
    export TARGET_BUILD_DIR\=/Users/sparkles/Library/Developer/Xcode/DerivedData/Expensio-futtgngxcysvvhcljmosbeftqmyc/Build/Products/Debug-iphonesimulator/React-RCTFBReactNativeSpec
    export TARGET_NAME\=React-RCTFBReactNativeSpec
    export TARGET_TEMP_DIR\=/Users/sparkles/Library/Developer/Xcode/DerivedData/Expensio-futtgngxcysvvhcljmosbeftqmyc/Build/Intermediates.noindex/Pods.build/Debug-iphonesimulator/React-RCTFBReactNativeSpec.build
    export TEMP_DIR\=/Users/sparkles/Library/Developer/Xcode/DerivedData/Expensio-futtgngxcysvvhcljmosbeftqmyc/Build/Intermediates.noindex/Pods.build/Debug-iphonesimulator/React-RCTFBReactNativeSpec.build
    export TEMP_FILES_DIR\=/Users/sparkles/Library/Developer/Xcode/DerivedData/Expensio-futtgngxcysvvhcljmosbeftqmyc/Build/Intermediates.noindex/Pods.build/Debug-iphonesimulator/React-RCTFBReactNativeSpec.build
    export TEMP_FILE_DIR\=/Users/sparkles/Library/Developer/Xcode/DerivedData/Expensio-futtgngxcysvvhcljmosbeftqmyc/Build/Intermediates.noindex/Pods.build/Debug-iphonesimulator/React-RCTFBReactNativeSpec.build
    export TEMP_ROOT\=/Users/sparkles/Library/Developer/Xcode/DerivedData/Expensio-futtgngxcysvvhcljmosbeftqmyc/Build/Intermediates.noindex
    export TEMP_SANDBOX_DIR\=/Users/sparkles/Library/Developer/Xcode/DerivedData/Expensio-futtgngxcysvvhcljmosbeftqmyc/Build/Intermediates.noindex/TemporaryTaskSandboxes
    export TEST_FRAMEWORK_SEARCH_PATHS\=\ /Applications/Xcode.app/Contents/Developer/Platforms/iPhoneSimulator.platform/Developer/Library/Frameworks\ /Applications/Xcode.app/Contents/Developer/Platforms/iPhoneSimulator.platform/Developer/SDKs/iPhoneSimulator27.0.sdk/Developer/Library/Frameworks
    export TEST_LIBRARY_SEARCH_PATHS\=\ /Applications/Xcode.app/Contents/Developer/Platforms/iPhoneSimulator.platform/Developer/usr/lib
    export TOOLCHAINS\=com.apple.dt.toolchain.XcodeDefault
    export TOOLCHAIN_DIR\=/Applications/Xcode.app/Contents/Developer/Toolchains/XcodeDefault.xctoolchain
    export TREAT_MISSING_BASELINES_AS_TEST_FAILURES\=NO
    export TREAT_MISSING_SCRIPT_PHASE_OUTPUTS_AS_ERRORS\=NO
    export UID\=501
    export UNINSTALLED_PRODUCTS_DIR\=/Users/sparkles/Library/Developer/Xcode/DerivedData/Expensio-futtgngxcysvvhcljmosbeftqmyc/Build/Intermediates.noindex/UninstalledProducts
    export UNSTRIPPED_PRODUCT\=NO
    export USER\=sparkles
    export USER_APPS_DIR\=/Users/sparkles/Applications
    export USER_LIBRARY_DIR\=/Users/sparkles/Library
    export USE_DYNAMIC_NO_PIC\=YES
    export USE_HEADERMAP\=NO
    export USE_HEADER_SYMLINKS\=NO
    export USE_HERMES\=true
    export USE_RECURSIVE_SCRIPT_INPUTS_IN_SCRIPT_PHASES\=YES
    export VALIDATE_DEVELOPMENT_ASSET_PATHS\=YES_ERROR
    export VALIDATE_PRODUCT\=NO
    export VALID_ARCHS\=arm64\ x86_64
    export VERBOSE_PBXCP\=NO
    export VERSION_INFO_BUILDER\=sparkles
    export VERSION_INFO_FILE\=React-RCTFBReactNativeSpec_vers.c
    export VERSION_INFO_STRING\=\"@\(\#\)PROGRAM:React-RCTFBReactNativeSpec\ \ PROJECT:Pods-\"
    export WORKSPACE_DIR\=/Users/sparkles/Documents/CodingFiles/FullStack/expensioApp/frontend/ios
    export WRAP_ASSET_PACKS_IN_SEPARATE_DIRECTORIES\=NO
    export XCODE_APP_SUPPORT_DIR\=/Applications/Xcode.app/Contents/Developer/Library/Xcode
    export XCODE_PRODUCT_BUILD_VERSION\=27A266a
    export XCODE_VERSION_ACTUAL\=2700
    export XCODE_VERSION_MAJOR\=2700
    export XCODE_VERSION_MINOR\=2700
    export XPCSERVICES_FOLDER_PATH\=/XPCServices
    export YACC\=yacc
    export _DISCOVER_COMMAND_LINE_LINKER_INPUTS\=YES
    export _DISCOVER_COMMAND_LINE_LINKER_INPUTS_INCLUDE_WL\=YES
    export _LD_MULTIARCH\=YES
    export _SWIFT_EXPLICIT_MODULES_ALLOW_CXX_INTEROP\=NO
    export __ARCHS__\=arm64\ x86_64
    export __DIAGNOSE_DEPRECATED_ARCHS\=YES
    export __DIAGNOSE_INVALID_DEPLOYMENT_TARGET_AS_ERROR\=YES
    export __ORIGINAL_SDK_DEFINED_LLVM_TARGET_TRIPLE_SYS\=ios
    export arch\=undefined_arch
    export variant\=normal
    /bin/sh -c /Users/sparkles/Library/Developer/Xcode/DerivedData/Expensio-futtgngxcysvvhcljmosbeftqmyc/Build/Intermediates.noindex/Pods.build/Debug-iphonesimulator/React-RCTFBReactNativeSpec.build/Script-46EB2E0001AAB0.sh
Checking whether Codegen has run...

SwiftDriver ExpoLogBox normal x86_64 com.apple.xcode.tools.swift.compiler (in target 'ExpoLogBox' from project 'Pods')
    cd /Users/sparkles/Documents/CodingFiles/FullStack/expensioApp/frontend/ios/Pods
    builtin-SwiftDriver -- /Applications/Xcode.app/Contents/Developer/Toolchains/XcodeDefault.xctoolchain/usr/bin/swiftc -module-name ExpoLogBox -Onone @/Users/sparkles/Library/Developer/Xcode/DerivedData/Expensio-futtgngxcysvvhcljmosbeftqmyc/Build/Intermediates.noindex/Pods.build/Debug-iphonesimulator/ExpoLogBox.build/Objects-normal/x86_64/ExpoLogBox.SwiftFileList -DDEBUG -D COCOAPODS -import-underlying-module -Xcc -fmodule-map-file\=/Users/sparkles/Documents/CodingFiles/FullStack/expensioApp/frontend/ios/Pods/Headers/Public/ExpoLogBox/ExpoLogBox.modulemap -Xcc -ivfsoverlay -Xcc /Users/sparkles/Documents/CodingFiles/FullStack/expensioApp/frontend/ios/Pods/React-Core-prebuilt/React-VFS.yaml -Xcc -Wno-incomplete-umbrella -enable-bare-slash-regex -enable-experimental-feature DebugDescriptionMacro -sdk /Applications/Xcode.app/Contents/Developer/Platforms/iPhoneSimulator.platform/Developer/SDKs/iPhoneSimulator27.0.sdk -target x86_64-apple-ios17.0-simulator -g -module-cache-path /Users/sparkles/Library/Developer/Xcode/DerivedData/ModuleCache.noindex -Xfrontend -serialize-debugging-options -enable-testing -index-store-path /Users/sparkles/Library/Developer/Xcode/DerivedData/Expensio-futtgngxcysvvhcljmosbeftqmyc/Index.noindex/DataStore -Xcc -D_LIBCPP_HARDENING_MODE\=_LIBCPP_HARDENING_MODE_DEBUG -swift-version 5 -I /Users/sparkles/Library/Developer/Xcode/DerivedData/Expensio-futtgngxcysvvhcljmosbeftqmyc/Build/Products/Debug-iphonesimulator/ExpoLogBox -F /Users/sparkles/Library/Developer/Xcode/DerivedData/Expensio-futtgngxcysvvhcljmosbeftqmyc/Build/Products/Debug-iphonesimulator/ExpoLogBox -F /Users/sparkles/Documents/CodingFiles/FullStack/expensioApp/frontend/ios/Pods/React-Core-prebuilt -F /Users/sparkles/Documents/CodingFiles/FullStack/expensioApp/frontend/ios/Pods/ReactNativeDependencies/framework/packages/react-native -F /Users/sparkles/Documents/CodingFiles/FullStack/expensioApp/frontend/ios/Pods/hermes-engine/destroot/Library/Frameworks/universal -F /Users/sparkles/Library/Developer/Xcode/DerivedData/Expensio-futtgngxcysvvhcljmosbeftqmyc/Build/Products/Debug-iphonesimulator/XCFrameworkIntermediates/React-Core-prebuilt -F /Users/sparkles/Library/Developer/Xcode/DerivedData/Expensio-futtgngxcysvvhcljmosbeftqmyc/Build/Products/Debug-iphonesimulator/XCFrameworkIntermediates/ReactNativeDependencies -F /Users/sparkles/Library/Developer/Xcode/DerivedData/Expensio-futtgngxcysvvhcljmosbeftqmyc/Build/Products/Debug-iphonesimulator/XCFrameworkIntermediates/hermes-engine/Pre-built -c -j8 -enable-batch-mode -incremental -Xcc -ivfsstatcache -Xcc /Users/sparkles/Library/Developer/Xcode/DerivedData/SDKStatCaches.noindex/iphonesimulator27.0-24A430-8dc58220667be655e1bcc261a7455254.sdkstatcache -output-file-map /Users/sparkles/Library/Developer/Xcode/DerivedData/Expensio-futtgngxcysvvhcljmosbeftqmyc/Build/Intermediates.noindex/Pods.build/Debug-iphonesimulator/ExpoLogBox.build/Objects-normal/x86_64/ExpoLogBox-OutputFileMap.json -save-temps -no-color-diagnostics -emit-dependencies -emit-module -emit-module-path /Users/sparkles/Library/Developer/Xcode/DerivedData/Expensio-futtgngxcysvvhcljmosbeftqmyc/Build/Intermediates.noindex/Pods.build/Debug-iphonesimulator/ExpoLogBox.build/Objects-normal/x86_64/ExpoLogBox.swiftmodule -serialize-diagnostics -validate-clang-modules-once -clang-build-session-file /Users/sparkles/Library/Developer/Xcode/DerivedData/ModuleCache.noindex/Session.modulevalidation -Xcc -fmodules-prune-interval\=86400 -Xcc -fmodules-prune-after\=345600 -emit-const-values -const-gather-protocols-list /Users/sparkles/Library/Developer/Xcode/DerivedData/Expensio-futtgngxcysvvhcljmosbeftqmyc/Build/Intermediates.noindex/Pods.build/Debug-iphonesimulator/ExpoLogBox.build/Objects-normal/x86_64/ExpoLogBox_const_extract_protocols.json -Xcc -iquote -Xcc /Users/sparkles/Library/Developer/Xcode/DerivedData/Expensio-futtgngxcysvvhcljmosbeftqmyc/Build/Intermediates.noindex/Pods.build/Debug-iphonesimulator/ExpoLogBox.build/ExpoLogBox-generated-files.hmap -Xcc -I/Users/sparkles/Library/Developer/Xcode/DerivedData/Expensio-futtgngxcysvvhcljmosbeftqmyc/Build/Intermediates.noindex/Pods.build/Debug-iphonesimulator/ExpoLogBox.build/ExpoLogBox-own-target-headers.hmap -Xcc -I/Users/sparkles/Library/Developer/Xcode/DerivedData/Expensio-futtgngxcysvvhcljmosbeftqmyc/Build/Intermediates.noindex/Pods.build/Debug-iphonesimulator/ExpoLogBox.build/ExpoLogBox-all-non-framework-target-headers.hmap -Xcc -ivfsoverlay -Xcc /Users/sparkles/Library/Developer/Xcode/DerivedData/Expensio-futtgngxcysvvhcljmosbeftqmyc/Build/Intermediates.noindex/Pods.build/Debug-iphonesimulator/Pods-8699adb1dd336b26511df848a716bd42-VFS-iphonesimulator/all-product-headers.yaml -Xcc -iquote -Xcc /Users/sparkles/Library/Developer/Xcode/DerivedData/Expensio-futtgngxcysvvhcljmosbeftqmyc/Build/Intermediates.noindex/Pods.build/Debug-iphonesimulator/ExpoLogBox.build/ExpoLogBox-project-headers.hmap -Xcc -I/Users/sparkles/Library/Developer/Xcode/DerivedData/Expensio-futtgngxcysvvhcljmosbeftqmyc/Build/Products/Debug-iphonesimulator/ExpoLogBox/include -Xcc -I/Users/sparkles/Documents/CodingFiles/FullStack/expensioApp/frontend/ios/Pods/Headers/Public -Xcc -I/Users/sparkles/Documents/CodingFiles/FullStack/expensioApp/frontend/ios/Pods/Headers/Public/React-Core -Xcc -I/Users/sparkles/Documents/CodingFiles/FullStack/expensioApp/frontend/ios/Pods/Headers/Public/React-Core-prebuilt -Xcc -I/Users/sparkles/Documents/CodingFiles/FullStack/expensioApp/frontend/ios/Pods/Headers/Public/React-callinvoker -Xcc -I/Users/sparkles/Documents/CodingFiles/FullStack/expensioApp/frontend/ios/Pods/Headers/Public/React-cxxreact -Xcc -I/Users/sparkles/Documents/CodingFiles/FullStack/expensioApp/frontend/ios/Pods/Headers/Public/React-debug -Xcc -I/Users/sparkles/Documents/CodingFiles/FullStack/expensioApp/frontend/ios/Pods/Headers/Public/React-featureflags -Xcc -I/Users/sparkles/Documents/CodingFiles/FullStack/expensioApp/frontend/ios/Pods/Headers/Public/React-hermes -Xcc -I/Users/sparkles/Documents/CodingFiles/FullStack/expensioApp/frontend/ios/Pods/Headers/Public/React-jserrorhandler -Xcc -I/Users/sparkles/Documents/CodingFiles/FullStack/expensioApp/frontend/ios/Pods/Headers/Public/React-jsi -Xcc -I/Users/sparkles/Documents/CodingFiles/FullStack/expensioApp/frontend/ios/Pods/Headers/Public/React-jsiexecutor -Xcc -I/Users/sparkles/Documents/CodingFiles/FullStack/expensioApp/frontend/ios/Pods/Headers/Public/React-jsinspector -Xcc -I/Users/sparkles/Documents/CodingFiles/FullStack/expensioApp/frontend/ios/Pods/Headers/Public/React-jsinspectorcdp -Xcc -I/Users/sparkles/Documents/CodingFiles/FullStack/expensioApp/frontend/ios/Pods/Headers/Public/React-jsinspectornetwork -Xcc -I/Users/sparkles/Documents/CodingFiles/FullStack/expensioApp/frontend/ios/Pods/Headers/Public/React-jsinspectortracing -Xcc -I/Users/sparkles/Documents/CodingFiles/FullStack/expensioApp/frontend/ios/Pods/Headers/Public/React-jsitooling -Xcc -I/Users/sparkles/Documents/CodingFiles/FullStack/expensioApp/frontend/ios/Pods/Headers/Public/React-logger -Xcc -I/Users/sparkles/Documents/CodingFiles/FullStack/expensioApp/frontend/ios/Pods/Headers/Public/React-oscompat -Xcc -I/Users/sparkles/Documents/CodingFiles/FullStack/expensioApp/frontend/ios/Pods/Headers/Public/React-perflogger -Xcc -I/Users/sparkles/Documents/CodingFiles/FullStack/expensioApp/frontend/ios/Pods/Headers/Public/React-performancetimeline -Xcc -I/Users/sparkles/Documents/CodingFiles/FullStack/expensioApp/frontend/ios/Pods/Headers/Public/React-rendererconsistency -Xcc -I/Users/sparkles/Documents/CodingFiles/FullStack/expensioApp/frontend/ios/Pods/Headers/Public/React-rendererdebug -Xcc -I/Users/sparkles/Documents/CodingFiles/FullStack/expensioApp/frontend/ios/Pods/Headers/Public/React-runtimeexecutor -Xcc -I/Users/sparkles/Documents/CodingFiles/FullStack/expensioApp/frontend/ios/Pods/Headers/Public/React-runtimescheduler -Xcc -I/Users/sparkles/Documents/CodingFiles/FullStack/expensioApp/frontend/ios/Pods/Headers/Public/React-timing -Xcc -I/Users/sparkles/Documents/CodingFiles/FullStack/expensioApp/frontend/ios/Pods/Headers/Public/React-utils -Xcc -I/Users/sparkles/Documents/CodingFiles/FullStack/expensioApp/frontend/ios/Pods/Headers/Public/ReactCommon -Xcc -I/Users/sparkles/Documents/CodingFiles/FullStack/expensioApp/frontend/ios/Pods/Headers/Public/ReactNativeDependencies -Xcc -I/Users/sparkles/Documents/CodingFiles/FullStack/expensioApp/frontend/ios/Pods/Headers/Public/Yoga -Xcc -I/Users/sparkles/Documents/CodingFiles/FullStack/expensioApp/frontend/ios/Pods/Headers/Public/hermes-engine -Xcc -I/Users/sparkles/Documents/CodingFiles/FullStack/expensioApp/frontend/ios/Pods/ExpoModulesCore/ExpoModulesCore.xcframework/ios-arm64_x86_64-simulator/ExpoModulesCore.framework/Headers -Xcc -I/Users/sparkles/Documents/CodingFiles/FullStack/expensioApp/frontend/ios/Pods/ExpoModulesCore/ExpoModulesCore.xcframework/ios-arm64/ExpoModulesCore.framework/Headers -Xcc -I/Users/sparkles/Documents/CodingFiles/FullStack/expensioApp/frontend/ios/Pods/ExpoModulesCore/ExpoModulesCore.xcframework/ios-arm64_x86_64-simulator/ExpoModulesCore.framework/Headers -Xcc -I/Users/sparkles/Documents/CodingFiles/FullStack/expensioApp/frontend/ios/Pods/ExpoModulesCore/ExpoModulesCore.xcframework/ios-arm64/ExpoModulesCore.framework/Headers -Xcc -I/Users/sparkles/Library/Developer/Xcode/DerivedData/Expensio-futtgngxcysvvhcljmosbeftqmyc/Build/Intermediates.noindex/Pods.build/Debug-iphonesimulator/ExpoLogBox.build/DerivedSources-normal/x86_64 -Xcc -I/Users/sparkles/Library/Developer/Xcode/DerivedData/Expensio-futtgngxcysvvhcljmosbeftqmyc/Build/Intermediates.noindex/Pods.build/Debug-iphonesimulator/ExpoLogBox.build/DerivedSources/x86_64 -Xcc -I/Users/sparkles/Library/Developer/Xcode/DerivedData/Expensio-futtgngxcysvvhcljmosbeftqmyc/Build/Intermediates.noindex/Pods.build/Debug-iphonesimulator/ExpoLogBox.build/DerivedSources -Xcc -DPOD_CONFIGURATION_DEBUG\=1 -Xcc -DDEBUG\=1 -Xcc -DCOCOAPODS\=1 -emit-objc-header -emit-objc-header-path /Users/sparkles/Library/Developer/Xcode/DerivedData/Expensio-futtgngxcysvvhcljmosbeftqmyc/Build/Intermediates.noindex/Pods.build/Debug-iphonesimulator/ExpoLogBox.build/Objects-normal/x86_64/ExpoLogBox-Swift.h -working-directory /Users/sparkles/Documents/CodingFiles/FullStack/expensioApp/frontend/ios/Pods -experimental-emit-module-separately -disable-cmo

SwiftDriver ExpoLogBox normal arm64 com.apple.xcode.tools.swift.compiler (in target 'ExpoLogBox' from project 'Pods')
    cd /Users/sparkles/Documents/CodingFiles/FullStack/expensioApp/frontend/ios/Pods
    builtin-SwiftDriver -- /Applications/Xcode.app/Contents/Developer/Toolchains/XcodeDefault.xctoolchain/usr/bin/swiftc -module-name ExpoLogBox -Onone @/Users/sparkles/Library/Developer/Xcode/DerivedData/Expensio-futtgngxcysvvhcljmosbeftqmyc/Build/Intermediates.noindex/Pods.build/Debug-iphonesimulator/ExpoLogBox.build/Objects-normal/arm64/ExpoLogBox.SwiftFileList -DDEBUG -D COCOAPODS -import-underlying-module -Xcc -fmodule-map-file\=/Users/sparkles/Documents/CodingFiles/FullStack/expensioApp/frontend/ios/Pods/Headers/Public/ExpoLogBox/ExpoLogBox.modulemap -Xcc -ivfsoverlay -Xcc /Users/sparkles/Documents/CodingFiles/FullStack/expensioApp/frontend/ios/Pods/React-Core-prebuilt/React-VFS.yaml -Xcc -Wno-incomplete-umbrella -enable-bare-slash-regex -enable-experimental-feature DebugDescriptionMacro -sdk /Applications/Xcode.app/Contents/Developer/Platforms/iPhoneSimulator.platform/Developer/SDKs/iPhoneSimulator27.0.sdk -target arm64-apple-ios17.0-simulator -g -module-cache-path /Users/sparkles/Library/Developer/Xcode/DerivedData/ModuleCache.noindex -Xfrontend -serialize-debugging-options -enable-testing -index-store-path /Users/sparkles/Library/Developer/Xcode/DerivedData/Expensio-futtgngxcysvvhcljmosbeftqmyc/Index.noindex/DataStore -Xcc -D_LIBCPP_HARDENING_MODE\=_LIBCPP_HARDENING_MODE_DEBUG -swift-version 5 -I /Users/sparkles/Library/Developer/Xcode/DerivedData/Expensio-futtgngxcysvvhcljmosbeftqmyc/Build/Products/Debug-iphonesimulator/ExpoLogBox -F /Users/sparkles/Library/Developer/Xcode/DerivedData/Expensio-futtgngxcysvvhcljmosbeftqmyc/Build/Products/Debug-iphonesimulator/ExpoLogBox -F /Users/sparkles/Documents/CodingFiles/FullStack/expensioApp/frontend/ios/Pods/React-Core-prebuilt -F /Users/sparkles/Documents/CodingFiles/FullStack/expensioApp/frontend/ios/Pods/ReactNativeDependencies/framework/packages/react-native -F /Users/sparkles/Documents/CodingFiles/FullStack/expensioApp/frontend/ios/Pods/hermes-engine/destroot/Library/Frameworks/universal -F /Users/sparkles/Library/Developer/Xcode/DerivedData/Expensio-futtgngxcysvvhcljmosbeftqmyc/Build/Products/Debug-iphonesimulator/XCFrameworkIntermediates/React-Core-prebuilt -F /Users/sparkles/Library/Developer/Xcode/DerivedData/Expensio-futtgngxcysvvhcljmosbeftqmyc/Build/Products/Debug-iphonesimulator/XCFrameworkIntermediates/ReactNativeDependencies -F /Users/sparkles/Library/Developer/Xcode/DerivedData/Expensio-futtgngxcysvvhcljmosbeftqmyc/Build/Products/Debug-iphonesimulator/XCFrameworkIntermediates/hermes-engine/Pre-built -c -j8 -enable-batch-mode -incremental -Xcc -ivfsstatcache -Xcc /Users/sparkles/Library/Developer/Xcode/DerivedData/SDKStatCaches.noindex/iphonesimulator27.0-24A430-8dc58220667be655e1bcc261a7455254.sdkstatcache -output-file-map /Users/sparkles/Library/Developer/Xcode/DerivedData/Expensio-futtgngxcysvvhcljmosbeftqmyc/Build/Intermediates.noindex/Pods.build/Debug-iphonesimulator/ExpoLogBox.build/Objects-normal/arm64/ExpoLogBox-OutputFileMap.json -save-temps -no-color-diagnostics -emit-dependencies -emit-module -emit-module-path /Users/sparkles/Library/Developer/Xcode/DerivedData/Expensio-futtgngxcysvvhcljmosbeftqmyc/Build/Intermediates.noindex/Pods.build/Debug-iphonesimulator/ExpoLogBox.build/Objects-normal/arm64/ExpoLogBox.swiftmodule -serialize-diagnostics -validate-clang-modules-once -clang-build-session-file /Users/sparkles/Library/Developer/Xcode/DerivedData/ModuleCache.noindex/Session.modulevalidation -Xcc -fmodules-prune-interval\=86400 -Xcc -fmodules-prune-after\=345600 -emit-const-values -const-gather-protocols-list /Users/sparkles/Library/Developer/Xcode/DerivedData/Expensio-futtgngxcysvvhcljmosbeftqmyc/Build/Intermediates.noindex/Pods.build/Debug-iphonesimulator/ExpoLogBox.build/Objects-normal/arm64/ExpoLogBox_const_extract_protocols.json -Xcc -iquote -Xcc /Users/sparkles/Library/Developer/Xcode/DerivedData/Expensio-futtgngxcysvvhcljmosbeftqmyc/Build/Intermediates.noindex/Pods.build/Debug-iphonesimulator/ExpoLogBox.build/ExpoLogBox-generated-files.hmap -Xcc -I/Users/sparkles/Library/Developer/Xcode/DerivedData/Expensio-futtgngxcysvvhcljmosbeftqmyc/Build/Intermediates.noindex/Pods.build/Debug-iphonesimulator/ExpoLogBox.build/ExpoLogBox-own-target-headers.hmap -Xcc -I/Users/sparkles/Library/Developer/Xcode/DerivedData/Expensio-futtgngxcysvvhcljmosbeftqmyc/Build/Intermediates.noindex/Pods.build/Debug-iphonesimulator/ExpoLogBox.build/ExpoLogBox-all-non-framework-target-headers.hmap -Xcc -ivfsoverlay -Xcc /Users/sparkles/Library/Developer/Xcode/DerivedData/Expensio-futtgngxcysvvhcljmosbeftqmyc/Build/Intermediates.noindex/Pods.build/Debug-iphonesimulator/Pods-8699adb1dd336b26511df848a716bd42-VFS-iphonesimulator/all-product-headers.yaml -Xcc -iquote -Xcc /Users/sparkles/Library/Developer/Xcode/DerivedData/Expensio-futtgngxcysvvhcljmosbeftqmyc/Build/Intermediates.noindex/Pods.build/Debug-iphonesimulator/ExpoLogBox.build/ExpoLogBox-project-headers.hmap -Xcc -I/Users/sparkles/Library/Developer/Xcode/DerivedData/Expensio-futtgngxcysvvhcljmosbeftqmyc/Build/Products/Debug-iphonesimulator/ExpoLogBox/include -Xcc -I/Users/sparkles/Documents/CodingFiles/FullStack/expensioApp/frontend/ios/Pods/Headers/Public -Xcc -I/Users/sparkles/Documents/CodingFiles/FullStack/expensioApp/frontend/ios/Pods/Headers/Public/React-Core -Xcc -I/Users/sparkles/Documents/CodingFiles/FullStack/expensioApp/frontend/ios/Pods/Headers/Public/React-Core-prebuilt -Xcc -I/Users/sparkles/Documents/CodingFiles/FullStack/expensioApp/frontend/ios/Pods/Headers/Public/React-callinvoker -Xcc -I/Users/sparkles/Documents/CodingFiles/FullStack/expensioApp/frontend/ios/Pods/Headers/Public/React-cxxreact -Xcc -I/Users/sparkles/Documents/CodingFiles/FullStack/expensioApp/frontend/ios/Pods/Headers/Public/React-debug -Xcc -I/Users/sparkles/Documents/CodingFiles/FullStack/expensioApp/frontend/ios/Pods/Headers/Public/React-featureflags -Xcc -I/Users/sparkles/Documents/CodingFiles/FullStack/expensioApp/frontend/ios/Pods/Headers/Public/React-hermes -Xcc -I/Users/sparkles/Documents/CodingFiles/FullStack/expensioApp/frontend/ios/Pods/Headers/Public/React-jserrorhandler -Xcc -I/Users/sparkles/Documents/CodingFiles/FullStack/expensioApp/frontend/ios/Pods/Headers/Public/React-jsi -Xcc -I/Users/sparkles/Documents/CodingFiles/FullStack/expensioApp/frontend/ios/Pods/Headers/Public/React-jsiexecutor -Xcc -I/Users/sparkles/Documents/CodingFiles/FullStack/expensioApp/frontend/ios/Pods/Headers/Public/React-jsinspector -Xcc -I/Users/sparkles/Documents/CodingFiles/FullStack/expensioApp/frontend/ios/Pods/Headers/Public/React-jsinspectorcdp -Xcc -I/Users/sparkles/Documents/CodingFiles/FullStack/expensioApp/frontend/ios/Pods/Headers/Public/React-jsinspectornetwork -Xcc -I/Users/sparkles/Documents/CodingFiles/FullStack/expensioApp/frontend/ios/Pods/Headers/Public/React-jsinspectortracing -Xcc -I/Users/sparkles/Documents/CodingFiles/FullStack/expensioApp/frontend/ios/Pods/Headers/Public/React-jsitooling -Xcc -I/Users/sparkles/Documents/CodingFiles/FullStack/expensioApp/frontend/ios/Pods/Headers/Public/React-logger -Xcc -I/Users/sparkles/Documents/CodingFiles/FullStack/expensioApp/frontend/ios/Pods/Headers/Public/React-oscompat -Xcc -I/Users/sparkles/Documents/CodingFiles/FullStack/expensioApp/frontend/ios/Pods/Headers/Public/React-perflogger -Xcc -I/Users/sparkles/Documents/CodingFiles/FullStack/expensioApp/frontend/ios/Pods/Headers/Public/React-performancetimeline -Xcc -I/Users/sparkles/Documents/CodingFiles/FullStack/expensioApp/frontend/ios/Pods/Headers/Public/React-rendererconsistency -Xcc -I/Users/sparkles/Documents/CodingFiles/FullStack/expensioApp/frontend/ios/Pods/Headers/Public/React-rendererdebug -Xcc -I/Users/sparkles/Documents/CodingFiles/FullStack/expensioApp/frontend/ios/Pods/Headers/Public/React-runtimeexecutor -Xcc -I/Users/sparkles/Documents/CodingFiles/FullStack/expensioApp/frontend/ios/Pods/Headers/Public/React-runtimescheduler -Xcc -I/Users/sparkles/Documents/CodingFiles/FullStack/expensioApp/frontend/ios/Pods/Headers/Public/React-timing -Xcc -I/Users/sparkles/Documents/CodingFiles/FullStack/expensioApp/frontend/ios/Pods/Headers/Public/React-utils -Xcc -I/Users/sparkles/Documents/CodingFiles/FullStack/expensioApp/frontend/ios/Pods/Headers/Public/ReactCommon -Xcc -I/Users/sparkles/Documents/CodingFiles/FullStack/expensioApp/frontend/ios/Pods/Headers/Public/ReactNativeDependencies -Xcc -I/Users/sparkles/Documents/CodingFiles/FullStack/expensioApp/frontend/ios/Pods/Headers/Public/Yoga -Xcc -I/Users/sparkles/Documents/CodingFiles/FullStack/expensioApp/frontend/ios/Pods/Headers/Public/hermes-engine -Xcc -I/Users/sparkles/Documents/CodingFiles/FullStack/expensioApp/frontend/ios/Pods/ExpoModulesCore/ExpoModulesCore.xcframework/ios-arm64_x86_64-simulator/ExpoModulesCore.framework/Headers -Xcc -I/Users/sparkles/Documents/CodingFiles/FullStack/expensioApp/frontend/ios/Pods/ExpoModulesCore/ExpoModulesCore.xcframework/ios-arm64/ExpoModulesCore.framework/Headers -Xcc -I/Users/sparkles/Documents/CodingFiles/FullStack/expensioApp/frontend/ios/Pods/ExpoModulesCore/ExpoModulesCore.xcframework/ios-arm64_x86_64-simulator/ExpoModulesCore.framework/Headers -Xcc -I/Users/sparkles/Documents/CodingFiles/FullStack/expensioApp/frontend/ios/Pods/ExpoModulesCore/ExpoModulesCore.xcframework/ios-arm64/ExpoModulesCore.framework/Headers -Xcc -I/Users/sparkles/Library/Developer/Xcode/DerivedData/Expensio-futtgngxcysvvhcljmosbeftqmyc/Build/Intermediates.noindex/Pods.build/Debug-iphonesimulator/ExpoLogBox.build/DerivedSources-normal/arm64 -Xcc -I/Users/sparkles/Library/Developer/Xcode/DerivedData/Expensio-futtgngxcysvvhcljmosbeftqmyc/Build/Intermediates.noindex/Pods.build/Debug-iphonesimulator/ExpoLogBox.build/DerivedSources/arm64 -Xcc -I/Users/sparkles/Library/Developer/Xcode/DerivedData/Expensio-futtgngxcysvvhcljmosbeftqmyc/Build/Intermediates.noindex/Pods.build/Debug-iphonesimulator/ExpoLogBox.build/DerivedSources -Xcc -DPOD_CONFIGURATION_DEBUG\=1 -Xcc -DDEBUG\=1 -Xcc -DCOCOAPODS\=1 -emit-objc-header -emit-objc-header-path /Users/sparkles/Library/Developer/Xcode/DerivedData/Expensio-futtgngxcysvvhcljmosbeftqmyc/Build/Intermediates.noindex/Pods.build/Debug-iphonesimulator/ExpoLogBox.build/Objects-normal/arm64/ExpoLogBox-Swift.h -working-directory /Users/sparkles/Documents/CodingFiles/FullStack/expensioApp/frontend/ios/Pods -experimental-emit-module-separately -disable-cmo

SwiftEmitModule normal x86_64 Emitting\ module\ for\ ExpoLogBox (in target 'ExpoLogBox' from project 'Pods')

SwiftCompile normal x86_64 (in target 'ExpoLogBox' from project 'Pods')
    cd /Users/sparkles/Documents/CodingFiles/FullStack/expensioApp/frontend/ios/Pods
    

SwiftCompile normal x86_64 Compiling\ ExpoLogBoxWebViewWrapper.swift /Users/sparkles/Documents/CodingFiles/FullStack/expensioApp/frontend/node_modules/@expo/log-box/ios/ExpoLogBoxWebViewWrapper.swift (in target 'ExpoLogBox' from project 'Pods')

SwiftCompile normal x86_64 /Users/sparkles/Documents/CodingFiles/FullStack/expensioApp/frontend/node_modules/@expo/log-box/ios/ExpoLogBoxWebViewWrapper.swift (in target 'ExpoLogBox' from project 'Pods')
    cd /Users/sparkles/Documents/CodingFiles/FullStack/expensioApp/frontend/ios/Pods
    builtin-SwiftPerFileCompile ExpoLogBoxWebViewWrapper.swift

SwiftCompile normal x86_64 Compiling\ ExpoLogBoxController.swift /Users/sparkles/Documents/CodingFiles/FullStack/expensioApp/frontend/node_modules/@expo/log-box/ios/ExpoLogBoxController.swift (in target 'ExpoLogBox' from project 'Pods')

SwiftCompile normal x86_64 /Users/sparkles/Documents/CodingFiles/FullStack/expensioApp/frontend/node_modules/@expo/log-box/ios/ExpoLogBoxController.swift (in target 'ExpoLogBox' from project 'Pods')
    cd /Users/sparkles/Documents/CodingFiles/FullStack/expensioApp/frontend/ios/Pods
    builtin-SwiftPerFileCompile ExpoLogBoxController.swift

SwiftEmitModule normal arm64 Emitting\ module\ for\ ExpoLogBox (in target 'ExpoLogBox' from project 'Pods')

SwiftCompile normal arm64 (in target 'ExpoLogBox' from project 'Pods')
    cd /Users/sparkles/Documents/CodingFiles/FullStack/expensioApp/frontend/ios/Pods
    

SwiftCompile normal arm64 Compiling\ ExpoLogBoxController.swift /Users/sparkles/Documents/CodingFiles/FullStack/expensioApp/frontend/node_modules/@expo/log-box/ios/ExpoLogBoxController.swift (in target 'ExpoLogBox' from project 'Pods')

SwiftCompile normal arm64 /Users/sparkles/Documents/CodingFiles/FullStack/expensioApp/frontend/node_modules/@expo/log-box/ios/ExpoLogBoxController.swift (in target 'ExpoLogBox' from project 'Pods')
    cd /Users/sparkles/Documents/CodingFiles/FullStack/expensioApp/frontend/ios/Pods
    builtin-SwiftPerFileCompile ExpoLogBoxController.swift

SwiftCompile normal arm64 Compiling\ ExpoLogBoxWebViewWrapper.swift /Users/sparkles/Documents/CodingFiles/FullStack/expensioApp/frontend/node_modules/@expo/log-box/ios/ExpoLogBoxWebViewWrapper.swift (in target 'ExpoLogBox' from project 'Pods')

SwiftCompile normal arm64 /Users/sparkles/Documents/CodingFiles/FullStack/expensioApp/frontend/node_modules/@expo/log-box/ios/ExpoLogBoxWebViewWrapper.swift (in target 'ExpoLogBox' from project 'Pods')
    cd /Users/sparkles/Documents/CodingFiles/FullStack/expensioApp/frontend/ios/Pods
    builtin-SwiftPerFileCompile ExpoLogBoxWebViewWrapper.swift

PhaseScriptExecution [CP-User]\ Generate\ Specs /Users/sparkles/Library/Developer/Xcode/DerivedData/Expensio-futtgngxcysvvhcljmosbeftqmyc/Build/Intermediates.noindex/Pods.build/Debug-iphonesimulator/ReactCodegen.build/Script-46EB2E0001AAC0.sh (in target 'ReactCodegen' from project 'Pods')
    cd /Users/sparkles/Documents/CodingFiles/FullStack/expensioApp/frontend/ios/Pods
    export ACTION\=build
    export AD_HOC_CODE_SIGNING_ALLOWED\=YES
    export ALLOW_BUILD_REQUEST_OVERRIDES\=NO
    export ALLOW_TARGET_PLATFORM_SPECIALIZATION\=NO
    export ALTERNATE_GROUP\=staff
    export ALTERNATE_MODE\=u+w,go-w,a+rX
    export ALTERNATE_OWNER\=sparkles
    export ALTERNATIVE_DISTRIBUTION_WEB\=NO
    export ALWAYS_EMBED_SWIFT_STANDARD_LIBRARIES\=NO
    export ALWAYS_SEARCH_USER_PATHS\=NO
    export ALWAYS_USE_SEPARATE_HEADERMAPS\=NO
    export APPLICATION_EXTENSION_API_ONLY\=NO
    export APPLY_RULES_IN_COPY_FILES\=NO
    export APPLY_RULES_IN_COPY_HEADERS\=NO
    export APP_SHORTCUTS_ENABLE_FLEXIBLE_MATCHING\=YES
    export ARCHS\=arm64\ x86_64
    export ARCHS_BASE\=arm64\ x86_64
    export ARCHS_STANDARD\=arm64\ x86_64
    export ARCHS_STANDARD_32_64_BIT\=arm64\ x86_64
    export ARCHS_STANDARD_64_BIT\=arm64\ x86_64
    export ARCHS_STANDARD_INCLUDING_64_BIT\=arm64\ x86_64
    export ARCHS_UNIVERSAL_IPHONE_OS\=arm64\ x86_64
    export AUTOMATICALLY_MERGE_DEPENDENCIES\=NO
    export AUTOMATION_APPLE_EVENTS\=NO
    export AVAILABLE_PLATFORMS\=android\ appletvos\ appletvsimulator\ driverkit\ freebsd\ iphoneos\ iphonesimulator\ linux\ macosx\ none\ openbsd\ qnx\ staticlinux\ watchos\ watchsimulator\ webassembly\ xros\ xrsimulator
    export BUILD_ACTIVE_RESOURCES_ONLY\=NO
    export BUILD_COMPONENTS\=headers\ build
    export BUILD_DIR\=/Users/sparkles/Library/Developer/Xcode/DerivedData/Expensio-futtgngxcysvvhcljmosbeftqmyc/Build/Products
    export BUILD_LIBRARY_FOR_DISTRIBUTION\=NO
    export BUILD_ONLY_KNOWN_LOCALIZATIONS\=NO
    export BUILD_ROOT\=/Users/sparkles/Library/Developer/Xcode/DerivedData/Expensio-futtgngxcysvvhcljmosbeftqmyc/Build/Products
    export BUILD_STYLE\=
    export BUILD_VARIANTS\=normal
    export BUILT_PRODUCTS_DIR\=/Users/sparkles/Library/Developer/Xcode/DerivedData/Expensio-futtgngxcysvvhcljmosbeftqmyc/Build/Products/Debug-iphonesimulator/ReactCodegen
    export BUNDLE_CONTENTS_FOLDER_PATH_deep\=Contents/
    export BUNDLE_EXECUTABLE_FOLDER_NAME_deep\=MacOS
    export BUNDLE_EXTENSIONS_FOLDER_PATH\=Extensions
    export BUNDLE_FORMAT\=shallow
    export BUNDLE_FRAMEWORKS_FOLDER_PATH\=Frameworks
    export BUNDLE_PLUGINS_FOLDER_PATH\=PlugIns
    export BUNDLE_PRIVATE_HEADERS_FOLDER_PATH\=PrivateHeaders
    export BUNDLE_PUBLIC_HEADERS_FOLDER_PATH\=Headers
    export CACHE_ROOT\=/var/folders/2z/d087lq6n4d1_lvddlb12y_9r0000gn/C/com.apple.DeveloperTools/27.0-27A266a/Xcode
    export CCHROOT\=/var/folders/2z/d087lq6n4d1_lvddlb12y_9r0000gn/C/com.apple.DeveloperTools/27.0-27A266a/Xcode
    export CHMOD\=/bin/chmod
    export CHOWN\=chown
    export CLANG_ANALYZER_LOCALIZABILITY_NONLOCALIZED\=YES
    export CLANG_ANALYZER_NONNULL\=YES
    export CLANG_ANALYZER_NUMBER_OBJECT_CONVERSION\=YES_AGGRESSIVE
    export CLANG_CACHE_FINE_GRAINED_OUTPUTS\=YES
    export CLANG_CXX_LANGUAGE_STANDARD\=c++20
    export CLANG_CXX_LIBRARY\=libc++
    export CLANG_ENABLE_EXPLICIT_MODULES\=YES
    export CLANG_ENABLE_MODULES\=YES
    export CLANG_ENABLE_MODULE_DEBUGGING\=NO
    export CLANG_ENABLE_OBJC_ARC\=YES
    export CLANG_ENABLE_OBJC_WEAK\=NO
    export CLANG_MODULES_BUILD_SESSION_FILE\=/Users/sparkles/Library/Developer/Xcode/DerivedData/ModuleCache.noindex/Session.modulevalidation
    export CLANG_WARN_BLOCK_CAPTURE_AUTORELEASING\=YES
    export CLANG_WARN_BOOL_CONVERSION\=YES
    export CLANG_WARN_COMMA\=YES
    export CLANG_WARN_CONSTANT_CONVERSION\=YES
    export CLANG_WARN_DEPRECATED_OBJC_IMPLEMENTATIONS\=YES
    export CLANG_WARN_DIRECT_OBJC_ISA_USAGE\=YES_ERROR
    export CLANG_WARN_DOCUMENTATION_COMMENTS\=YES
    export CLANG_WARN_EMPTY_BODY\=YES
    export CLANG_WARN_ENUM_CONVERSION\=YES
    export CLANG_WARN_INFINITE_RECURSION\=YES
    export CLANG_WARN_INT_CONVERSION\=YES
    export CLANG_WARN_NON_LITERAL_NULL_CONVERSION\=YES
    export CLANG_WARN_OBJC_IMPLICIT_RETAIN_SELF\=YES
    export CLANG_WARN_OBJC_LITERAL_CONVERSION\=YES
    export CLANG_WARN_OBJC_ROOT_CLASS\=YES_ERROR
    export CLANG_WARN_QUOTED_INCLUDE_IN_FRAMEWORK_HEADER\=NO
    export CLANG_WARN_RANGE_LOOP_ANALYSIS\=YES
    export CLANG_WARN_STRICT_PROTOTYPES\=YES
    export CLANG_WARN_SUSPICIOUS_MOVE\=YES
    export CLANG_WARN_UNGUARDED_AVAILABILITY\=YES_AGGRESSIVE
    export CLANG_WARN_UNREACHABLE_CODE\=YES
    export CLANG_WARN__DUPLICATE_METHOD_MATCH\=YES
    export CLASS_FILE_DIR\=/Users/sparkles/Library/Developer/Xcode/DerivedData/Expensio-futtgngxcysvvhcljmosbeftqmyc/Build/Intermediates.noindex/Pods.build/Debug-iphonesimulator/ReactCodegen.build/JavaClasses
    export CLEAN_PRECOMPS\=YES
    export CLONE_HEADERS\=NO
    export CODESIGNING_FOLDER_PATH\=/Users/sparkles/Library/Developer/Xcode/DerivedData/Expensio-futtgngxcysvvhcljmosbeftqmyc/Build/Products/Debug-iphonesimulator/ReactCodegen/libReactCodegen.a
    export CODE_SIGNING_ALLOWED\=NO
    export CODE_SIGNING_REQUIRED\=YES
    export CODE_SIGN_CONTEXT_CLASS\=XCiPhoneSimulatorCodeSignContext
    export CODE_SIGN_IDENTITY\=-
    export CODE_SIGN_INJECT_BASE_ENTITLEMENTS\=YES
    export COLOR_DIAGNOSTICS\=NO
    export COMBINE_HIDPI_IMAGES\=NO
    export COMPILATION_CACHE_CAS_PATH\=/Users/sparkles/Library/Developer/Xcode/DerivedData/CompilationCache.noindex
    export COMPILATION_CACHE_KEEP_CAS_DIRECTORY\=YES
    export COMPILER_INDEX_STORE_ENABLE\=Default
    export COMPOSITE_SDK_DIRS\=/Users/sparkles/Library/Developer/Xcode/DerivedData/Expensio-futtgngxcysvvhcljmosbeftqmyc/Build/Intermediates.noindex/CompositeSDKs
    export COMPRESS_PNG_FILES\=YES
    export CONFIGURATION\=Debug
    export CONFIGURATION_BUILD_DIR\=/Users/sparkles/Library/Developer/Xcode/DerivedData/Expensio-futtgngxcysvvhcljmosbeftqmyc/Build/Products/Debug-iphonesimulator/ReactCodegen
    export CONFIGURATION_TEMP_DIR\=/Users/sparkles/Library/Developer/Xcode/DerivedData/Expensio-futtgngxcysvvhcljmosbeftqmyc/Build/Intermediates.noindex/Pods.build/Debug-iphonesimulator
    export COPYING_PRESERVES_HFS_DATA\=NO
    export COPY_HEADERS_RUN_UNIFDEF\=NO
    export COPY_PHASE_STRIP\=NO
    export CORRESPONDING_DEVICE_PLATFORM_DIR\=/Applications/Xcode.app/Contents/Developer/Platforms/iPhoneOS.platform
    export CORRESPONDING_DEVICE_PLATFORM_NAME\=iphoneos
    export CORRESPONDING_DEVICE_SDK_DIR\=/Applications/Xcode.app/Contents/Developer/Platforms/iPhoneOS.platform/Developer/SDKs/iPhoneOS27.0.sdk
    export CORRESPONDING_DEVICE_SDK_NAME\=iphoneos27.0
    export CP\=/bin/cp
    export CREATE_INFOPLIST_SECTION_IN_BINARY\=NO
    export CURRENT_ARCH\=undefined_arch
    export CURRENT_VARIANT\=normal
    export DEAD_CODE_STRIPPING\=YES
    export DEBUGGING_SYMBOLS\=YES
    export DEBUG_INFORMATION_FORMAT\=dwarf
    export DEBUG_INFORMATION_VERSION\=compiler-default
    export DEFAULT_COMPILER\=com.apple.compilers.llvm.clang.1_0
    export DEFAULT_DEXT_INSTALL_PATH\=/System/Library/DriverExtensions
    export DEFAULT_KEXT_INSTALL_PATH\=/System/Library/Extensions
    export DEFINES_MODULE\=NO
    export DEPLOYMENT_LOCATION\=NO
    export DEPLOYMENT_POSTPROCESSING\=NO
    export DEPLOYMENT_TARGET_SETTING_NAME\=IPHONEOS_DEPLOYMENT_TARGET
    export DEPLOYMENT_TARGET_SUGGESTED_VALUES\=15.0\ 15.1\ 15.2\ 15.3\ 15.4\ 15.5\ 15.6\ 16.0\ 16.1\ 16.2\ 16.3\ 16.4\ 16.5\ 16.6\ 17.0\ 17.1\ 17.2\ 17.3\ 17.4\ 17.5\ 17.6\ 18.0\ 18.1\ 18.2\ 18.3\ 18.4\ 18.5\ 18.6\ 26.0\ 26.2\ 26.3\ 26.4\ 26.5\ 26.6\ 27.0
    export DERIVED_FILES_DIR\=/Users/sparkles/Library/Developer/Xcode/DerivedData/Expensio-futtgngxcysvvhcljmosbeftqmyc/Build/Intermediates.noindex/Pods.build/Debug-iphonesimulator/ReactCodegen.build/DerivedSources
    export DERIVED_FILE_DIR\=/Users/sparkles/Library/Developer/Xcode/DerivedData/Expensio-futtgngxcysvvhcljmosbeftqmyc/Build/Intermediates.noindex/Pods.build/Debug-iphonesimulator/ReactCodegen.build/DerivedSources
    export DERIVED_SOURCES_DIR\=/Users/sparkles/Library/Developer/Xcode/DerivedData/Expensio-futtgngxcysvvhcljmosbeftqmyc/Build/Intermediates.noindex/Pods.build/Debug-iphonesimulator/ReactCodegen.build/DerivedSources
    export DEVELOPER_APPLICATIONS_DIR\=/Applications/Xcode.app/Contents/Developer/Applications
    export DEVELOPER_BIN_DIR\=/Applications/Xcode.app/Contents/Developer/usr/bin
    export DEVELOPER_DIR\=/Applications/Xcode.app/Contents/Developer
    export DEVELOPER_FRAMEWORKS_DIR\=/Applications/Xcode.app/Contents/Developer/Library/Frameworks
    export DEVELOPER_FRAMEWORKS_DIR_QUOTED\=/Applications/Xcode.app/Contents/Developer/Library/Frameworks
    export DEVELOPER_LIBRARY_DIR\=/Applications/Xcode.app/Contents/Developer/Library
    export DEVELOPER_SDK_DIR\=/Applications/Xcode.app/Contents/Developer/Platforms/MacOSX.platform/Developer/SDKs
    export DEVELOPER_TOOLS_DIR\=/Applications/Xcode.app/Contents/Developer/Tools
    export DEVELOPER_USR_DIR\=/Applications/Xcode.app/Contents/Developer/usr
    export DEVELOPMENT_LANGUAGE\=en
    export DIAGNOSE_MISSING_TARGET_DEPENDENCIES\=YES
    export DIFF\=/usr/bin/diff
    export DONT_GENERATE_INFOPLIST_FILE\=NO
    export DSTROOT\=/tmp/Pods.dst
    export DT_TOOLCHAIN_DIR\=/Applications/Xcode.app/Contents/Developer/Toolchains/XcodeDefault.xctoolchain
    export DWARF_DSYM_FILE_NAME\=libReactCodegen.a.dSYM
    export DWARF_DSYM_FILE_SHOULD_ACCOMPANY_PRODUCT\=NO
    export DWARF_DSYM_FOLDER_PATH\=/Users/sparkles/Library/Developer/Xcode/DerivedData/Expensio-futtgngxcysvvhcljmosbeftqmyc/Build/Products/Debug-iphonesimulator/ReactCodegen
    export DYNAMIC_LIBRARY_EXTENSION\=dylib
    export EAGER_COMPILATION_ALLOW_SCRIPTS\=NO
    export EAGER_LINKING\=NO
    export EFFECTIVE_PLATFORM_NAME\=-iphonesimulator
    export EFFECTIVE_SWIFT_VERSION\=5
    export EMBEDDED_CONTENT_CONTAINS_SWIFT\=NO
    export EMBED_ASSET_PACKS_IN_PRODUCT_BUNDLE\=NO
    export ENABLE_APP_SANDBOX\=NO
    export ENABLE_CODE_COVERAGE\=YES
    export ENABLE_COHORT_ARCHS\=YES
    export ENABLE_CPLUSPLUS_BOUNDS_SAFE_BUFFERS\=NO
    export ENABLE_C_BOUNDS_SAFETY\=NO
    export ENABLE_DEFAULT_HEADER_SEARCH_PATHS\=YES
    export ENABLE_DEFAULT_SEARCH_PATHS\=YES
    export ENABLE_ENHANCED_SECURITY\=NO
    export ENABLE_HARDENED_RUNTIME\=NO
    export ENABLE_HARDWARE_CHECKED_POINTER_ARITHMETIC_SLICE\=NO
    export ENABLE_HEADER_DEPENDENCIES\=YES
    export ENABLE_INCOMING_NETWORK_CONNECTIONS\=NO
    export ENABLE_MODULE_VERIFIER\=NO
    export ENABLE_ON_DEMAND_RESOURCES\=NO
    export ENABLE_OUTGOING_NETWORK_CONNECTIONS\=NO
    export ENABLE_POINTER_AUTHENTICATION\=NO
    export ENABLE_PREVIEWS\=NO
    export ENABLE_RESOURCE_ACCESS_AUDIO_INPUT\=NO
    export ENABLE_RESOURCE_ACCESS_BLUETOOTH\=NO
    export ENABLE_RESOURCE_ACCESS_CALENDARS\=NO
    export ENABLE_RESOURCE_ACCESS_CAMERA\=NO
    export ENABLE_RESOURCE_ACCESS_CONTACTS\=NO
    export ENABLE_RESOURCE_ACCESS_LOCATION\=NO
    export ENABLE_RESOURCE_ACCESS_PHOTO_LIBRARY\=NO
    export ENABLE_RESOURCE_ACCESS_PRINTING\=NO
    export ENABLE_RESOURCE_ACCESS_USB\=NO
    export ENABLE_SDK_IMPORTS\=NO
    export ENABLE_SECURITY_COMPILER_WARNINGS\=NO
    export ENABLE_STRICT_OBJC_MSGSEND\=YES
    export ENABLE_TESTABILITY\=YES
    export ENABLE_TESTING_SEARCH_PATHS\=NO
    export ENABLE_USER_SCRIPT_SANDBOXING\=NO
    export ENABLE_XOJIT_PREVIEWS\=YES
    export ENFORCE_VALID_ARCHS\=YES
    export ENTITLEMENTS_DESTINATION\=__entitlements
    export ENTITLEMENTS_REQUIRED\=YES
    export EXCLUDED_INSTALLSRC_SUBDIRECTORY_PATTERNS\=.DS_Store\ .svn\ .git\ .hg\ CVS
    export EXCLUDED_RECURSIVE_SEARCH_PATH_SUBDIRECTORIES\=\*.nib\ \*.lproj\ \*.framework\ \*.gch\ \*.xcode\*\ \*.xcassets\ \*.icon\ \(\*\)\ .DS_Store\ CVS\ .svn\ .git\ .hg\ \*.pbproj\ \*.pbxproj
    export EXECUTABLE_EXTENSION\=a
    export EXECUTABLE_NAME\=libReactCodegen.a
    export EXECUTABLE_PATH\=libReactCodegen.a
    export EXECUTABLE_PREFIX\=lib
    export EXECUTABLE_SUFFIX\=.a
    export FILE_LIST\=/Users/sparkles/Library/Developer/Xcode/DerivedData/Expensio-futtgngxcysvvhcljmosbeftqmyc/Build/Intermediates.noindex/Pods.build/Debug-iphonesimulator/ReactCodegen.build/Objects/LinkFileList
    export FIXED_FILES_DIR\=/Users/sparkles/Library/Developer/Xcode/DerivedData/Expensio-futtgngxcysvvhcljmosbeftqmyc/Build/Intermediates.noindex/Pods.build/Debug-iphonesimulator/ReactCodegen.build/FixedFiles
    export FRAMEWORK_FLAG_PREFIX\=-framework
    export FRAMEWORK_SEARCH_PATHS\=/Users/sparkles/Library/Developer/Xcode/DerivedData/Expensio-futtgngxcysvvhcljmosbeftqmyc/Build/Products/Debug-iphonesimulator/ReactCodegen\ \ \"/Users/sparkles/Documents/CodingFiles/FullStack/expensioApp/frontend/ios/Pods/React-Core-prebuilt\"\ \"/Users/sparkles/Documents/CodingFiles/FullStack/expensioApp/frontend/ios/Pods/ReactNativeDependencies/framework/packages/react-native\"\ \"/Users/sparkles/Documents/CodingFiles/FullStack/expensioApp/frontend/ios/Pods/hermes-engine/destroot/Library/Frameworks/universal\"\ \"/Users/sparkles/Library/Developer/Xcode/DerivedData/Expensio-futtgngxcysvvhcljmosbeftqmyc/Build/Products/Debug-iphonesimulator/XCFrameworkIntermediates/React-Core-prebuilt\"\ \"/Users/sparkles/Library/Developer/Xcode/DerivedData/Expensio-futtgngxcysvvhcljmosbeftqmyc/Build/Products/Debug-iphonesimulator/XCFrameworkIntermediates/ReactNativeDependencies\"\ \"/Users/sparkles/Library/Developer/Xcode/DerivedData/Expensio-futtgngxcysvvhcljmosbeftqmyc/Build/Products/Debug-iphonesimulator/XCFrameworkIntermediates/hermes-engine/Pre-built\"
    export FRAMEWORK_VERSION\=A
    export FULL_PRODUCT_NAME\=libReactCodegen.a
    export FUSE_BUILD_PHASES\=YES
    export FUSE_BUILD_SCRIPT_PHASES\=NO
    export GCC3_VERSION\=3.3
    export GCC_C_LANGUAGE_STANDARD\=gnu11
    export GCC_DYNAMIC_NO_PIC\=NO
    export GCC_NO_COMMON_BLOCKS\=YES
    export GCC_OBJC_LEGACY_DISPATCH\=YES
    export GCC_OPTIMIZATION_LEVEL\=0
    export GCC_PFE_FILE_C_DIALECTS\=c\ objective-c\ c++\ objective-c++
    export GCC_PREFIX_HEADER\=Target\ Support\ Files/ReactCodegen/ReactCodegen-prefix.pch
    export GCC_PREPROCESSOR_DEFINITIONS\=POD_CONFIGURATION_DEBUG\=1\ DEBUG\=1\ \ COCOAPODS\=1
    export GCC_SYMBOLS_PRIVATE_EXTERN\=NO
    export GCC_TREAT_WARNINGS_AS_ERRORS\=NO
    export GCC_VERSION\=com.apple.compilers.llvm.clang.1_0
    export GCC_VERSION_IDENTIFIER\=com_apple_compilers_llvm_clang_1_0
    export GCC_WARN_64_TO_32_BIT_CONVERSION\=YES
    export GCC_WARN_ABOUT_RETURN_TYPE\=YES_ERROR
    export GCC_WARN_UNDECLARED_SELECTOR\=YES
    export GCC_WARN_UNINITIALIZED_AUTOS\=YES_AGGRESSIVE
    export GCC_WARN_UNUSED_FUNCTION\=YES
    export GCC_WARN_UNUSED_VARIABLE\=YES
    export GENERATED_MODULEMAP_DIR\=/Users/sparkles/Library/Developer/Xcode/DerivedData/Expensio-futtgngxcysvvhcljmosbeftqmyc/Build/Intermediates.noindex/GeneratedModuleMaps-iphonesimulator
    export GENERATE_INFOPLIST_FILE\=NO
    export GENERATE_INTERMEDIATE_TEXT_BASED_STUBS\=YES
    export GENERATE_PKGINFO_FILE\=NO
    export GENERATE_PRELINK_OBJECT_FILE\=NO
    export GENERATE_PROFILING_CODE\=NO
    export GENERATE_TEXT_BASED_STUBS\=NO
    export GID\=20
    export GROUP\=staff
    export HEADERMAP_INCLUDES_FLAT_ENTRIES_FOR_TARGET_BEING_BUILT\=YES
    export HEADERMAP_INCLUDES_FRAMEWORK_ENTRIES_FOR_ALL_PRODUCT_TYPES\=YES
    export HEADERMAP_INCLUDES_FRAMEWORK_ENTRIES_FOR_TARGETS_NOT_BEING_BUILT\=YES
    export HEADERMAP_INCLUDES_NONPUBLIC_NONPRIVATE_HEADERS\=YES
    export HEADERMAP_INCLUDES_PROJECT_HEADERS\=YES
    export HEADERMAP_USES_FRAMEWORK_PREFIX_ENTRIES\=YES
    export HEADERMAP_USES_VFS\=NO
    export HEADER_SEARCH_PATHS\=/Users/sparkles/Library/Developer/Xcode/DerivedData/Expensio-futtgngxcysvvhcljmosbeftqmyc/Build/Products/Debug-iphonesimulator/ReactCodegen/include\ \ \"/Users/sparkles/Documents/CodingFiles/FullStack/expensioApp/frontend/ios/Pods/Headers/Private\"\ \"/Users/sparkles/Documents/CodingFiles/FullStack/expensioApp/frontend/ios/Pods/Headers/Private/ReactCodegen\"\ \"/Users/sparkles/Documents/CodingFiles/FullStack/expensioApp/frontend/ios/Pods/Headers/Public\"\ \"/Users/sparkles/Documents/CodingFiles/FullStack/expensioApp/frontend/ios/Pods/Headers/Public/FBLazyVector\"\ \"/Users/sparkles/Documents/CodingFiles/FullStack/expensioApp/frontend/ios/Pods/Headers/Public/RCTRequired\"\ \"/Users/sparkles/Documents/CodingFiles/FullStack/expensioApp/frontend/ios/Pods/Headers/Public/RCTSwiftUIWrapper\"\ \"/Users/sparkles/Documents/CodingFiles/FullStack/expensioApp/frontend/ios/Pods/Headers/Public/RCTTypeSafety\"\ \"/Users/sparkles/Documents/CodingFiles/FullStack/expensioApp/frontend/ios/Pods/Headers/Public/React-Core\"\ \"/Users/sparkles/Documents/CodingFiles/FullStack/expensioApp/frontend/ios/Pods/Headers/Public/React-Core-prebuilt\"\ \"/Users/sparkles/Documents/CodingFiles/FullStack/expensioApp/frontend/ios/Pods/Headers/Public/React-CoreModules\"\ \"/Users/sparkles/Documents/CodingFiles/FullStack/expensioApp/frontend/ios/Pods/Headers/Public/React-Fabric\"\ \"/Users/sparkles/Documents/CodingFiles/FullStack/expensioApp/frontend/ios/Pods/Headers/Public/React-FabricComponents\"\ \"/Users/sparkles/Documents/CodingFiles/FullStack/expensioApp/frontend/ios/Pods/Headers/Public/React-FabricImage\"\ \"/Users/sparkles/Documents/CodingFiles/FullStack/expensioApp/frontend/ios/Pods/Headers/Public/React-ImageManager\"\ \"/Users/sparkles/Documents/CodingFiles/FullStack/expensioApp/frontend/ios/Pods/Headers/Public/React-Mapbuffer\"\ \"/Users/sparkles/Documents/CodingFiles/FullStack/expensioApp/frontend/ios/Pods/Headers/Public/React-NativeModulesApple\"\ \"/Users/sparkles/Documents/CodingFiles/FullStack/expensioApp/frontend/ios/Pods/Headers/Public/React-RCTAnimation\"\ \"/Users/sparkles/Documents/CodingFiles/FullStack/expensioApp/frontend/ios/Pods/Headers/Public/React-RCTBlob\"\ \"/Users/sparkles/Documents/CodingFiles/FullStack/expensioApp/frontend/ios/Pods/Headers/Public/React-RCTFBReactNativeSpec\"\ \"/Users/sparkles/Documents/CodingFiles/FullStack/expensioApp/frontend/ios/Pods/Headers/Public/React-RCTFabric\"\ \"/Users/sparkles/Documents/CodingFiles/FullStack/expensioApp/frontend/ios/Pods/Headers/Public/React-RCTImage\"\ \"/Users/sparkles/Documents/CodingFiles/FullStack/expensioApp/frontend/ios/Pods/Headers/Public/React-RCTRuntime\"\ \"/Users/sparkles/Documents/CodingFiles/FullStack/expensioApp/frontend/ios/Pods/Headers/Public/React-RCTText\"\ \"/Users/sparkles/Documents/CodingFiles/FullStack/expensioApp/frontend/ios/Pods/Headers/Public/React-RuntimeApple\"\ \"/Users/sparkles/Documents/CodingFiles/FullStack/expensioApp/frontend/ios/Pods/Headers/Public/React-RuntimeCore\"\ \"/Users/sparkles/Documents/CodingFiles/FullStack/expensioApp/frontend/ios/Pods/Headers/Public/React-RuntimeHermes\"\ \"/Users/sparkles/Documents/CodingFiles/FullStack/expensioApp/frontend/ios/Pods/Headers/Public/React-callinvoker\"\ \"/Users/sparkles/Documents/CodingFiles/FullStack/expensioApp/frontend/ios/Pods/Headers/Public/React-cxxreact\"\ \"/Users/sparkles/Documents/CodingFiles/FullStack/expensioApp/frontend/ios/Pods/Headers/Public/React-debug\"\ \"/Users/sparkles/Documents/CodingFiles/FullStack/expensioApp/frontend/ios/Pods/Headers/Public/React-defaultsnativemodule\"\ \"/Users/sparkles/Documents/CodingFiles/FullStack/expensioApp/frontend/ios/Pods/Headers/Public/React-domnativemodule\"\ \"/Users/sparkles/Documents/CodingFiles/FullStack/expensioApp/frontend/ios/Pods/Headers/Public/React-featureflags\"\ \"/Users/sparkles/Documents/CodingFiles/FullStack/expensioApp/frontend/ios/Pods/Headers/Public/React-featureflagsnativemodule\"\ \"/Users/sparkles/Documents/CodingFiles/FullStack/expensioApp/frontend/ios/Pods/Headers/Public/React-graphics\"\ \"/Users/sparkles/Documents/CodingFiles/FullStack/expensioApp/frontend/ios/Pods/Headers/Public/React-hermes\"\ \"/Users/sparkles/Documents/CodingFiles/FullStack/expensioApp/frontend/ios/Pods/Headers/Public/React-idlecallbacksnativemodule\"\ \"/Users/sparkles/Documents/CodingFiles/FullStack/expensioApp/frontend/ios/Pods/Headers/Public/React-intersectionobservernativemodule\"\ \"/Users/sparkles/Documents/CodingFiles/FullStack/expensioApp/frontend/ios/Pods/Headers/Public/React-jserrorhandler\"\ \"/Users/sparkles/Documents/CodingFiles/FullStack/expensioApp/frontend/ios/Pods/Headers/Public/React-jsi\"\ \"/Users/sparkles/Documents/CodingFiles/FullStack/expensioApp/frontend/ios/Pods/Headers/Public/React-jsiexecutor\"\ \"/Users/sparkles/Documents/CodingFiles/FullStack/expensioApp/frontend/ios/Pods/Headers/Public/React-jsinspector\"\ \"/Users/sparkles/Documents/CodingFiles/FullStack/expensioApp/frontend/ios/Pods/Headers/Public/React-jsinspectorcdp\"\ \"/Users/sparkles/Documents/CodingFiles/FullStack/expensioApp/frontend/ios/Pods/Headers/Public/React-jsinspectornetwork\"\ \"/Users/sparkles/Documents/CodingFiles/FullStack/expensioApp/frontend/ios/Pods/Headers/Public/React-jsinspectortracing\"\ \"/Users/sparkles/Documents/CodingFiles/FullStack/expensioApp/frontend/ios/Pods/Headers/Public/React-jsitooling\"\ \"/Users/sparkles/Documents/CodingFiles/FullStack/expensioApp/frontend/ios/Pods/Headers/Public/React-logger\"\ \"/Users/sparkles/Documents/CodingFiles/FullStack/expensioApp/frontend/ios/Pods/Headers/Public/React-microtasksnativemodule\"\ \"/Users/sparkles/Documents/CodingFiles/FullStack/expensioApp/frontend/ios/Pods/Headers/Public/React-mutationobservernativemodule\"\ \"/Users/sparkles/Documents/CodingFiles/FullStack/expensioApp/frontend/ios/Pods/Headers/Public/React-networking\"\ \"/Users/sparkles/Documents/CodingFiles/FullStack/expensioApp/frontend/ios/Pods/Headers/Public/React-oscompat\"\ \"/Users/sparkles/Documents/CodingFiles/FullStack/expensioApp/frontend/ios/Pods/Headers/Public/React-perflogger\"\ \"/Users/sparkles/Documents/CodingFiles/FullStack/expensioApp/frontend/ios/Pods/Headers/Public/React-performancecdpmetrics\"\ \"/Users/sparkles/Documents/CodingFiles/FullStack/expensioApp/frontend/ios/Pods/Headers/Public/React-performancetimeline\"\ \"/Users/sparkles/Documents/CodingFiles/FullStack/expensioApp/frontend/ios/Pods/Headers/Public/React-rendererconsistency\"\ \"/Users/sparkles/Documents/CodingFiles/FullStack/expensioApp/frontend/ios/Pods/Headers/Public/React-renderercss\"\ \"/Users/sparkles/Documents/CodingFiles/FullStack/expensioApp/frontend/ios/Pods/Headers/Public/React-rendererdebug\"\ \"/Users/sparkles/Documents/CodingFiles/FullStack/expensioApp/frontend/ios/Pods/Headers/Public/React-runtimeexecutor\"\ \"/Users/sparkles/Documents/CodingFiles/FullStack/expensioApp/frontend/ios/Pods/Headers/Public/React-runtimescheduler\"\ \"/Users/sparkles/Documents/CodingFiles/FullStack/expensioApp/frontend/ios/Pods/Headers/Public/React-timing\"\ \"/Users/sparkles/Documents/CodingFiles/FullStack/expensioApp/frontend/ios/Pods/Headers/Public/React-utils\"\ \"/Users/sparkles/Documents/CodingFiles/FullStack/expensioApp/frontend/ios/Pods/Headers/Public/React-viewtransitionnativemodule\"\ \"/Users/sparkles/Documents/CodingFiles/FullStack/expensioApp/frontend/ios/Pods/Headers/Public/React-webperformancenativemodule\"\ \"/Users/sparkles/Documents/CodingFiles/FullStack/expensioApp/frontend/ios/Pods/Headers/Public/ReactCodegen\"\ \"/Users/sparkles/Documents/CodingFiles/FullStack/expensioApp/frontend/ios/Pods/Headers/Public/ReactCommon\"\ \"/Users/sparkles/Documents/CodingFiles/FullStack/expensioApp/frontend/ios/Pods/Headers/Public/ReactNativeDependencies\"\ \"/Users/sparkles/Documents/CodingFiles/FullStack/expensioApp/frontend/ios/Pods/Headers/Public/Yoga\"\ \"/Users/sparkles/Documents/CodingFiles/FullStack/expensioApp/frontend/ios/Pods/Headers/Public/hermes-engine\"\ \"/Users/sparkles/Documents/CodingFiles/FullStack/expensioApp/frontend/ios/Pods/ReactNativeDependencies\"\ \"/Users/sparkles/Documents/CodingFiles/FullStack/expensioApp/frontend/ios/Pods/Headers/Public/ReactCodegen/react/renderer/components\"\ \"/Users/sparkles/Documents/CodingFiles/FullStack/expensioApp/frontend/ios/Pods/Headers/Private/React-Fabric\"\ \"/Users/sparkles/Documents/CodingFiles/FullStack/expensioApp/frontend/ios/Pods/Headers/Private/React-RCTFabric\"\ \"/Users/sparkles/Documents/CodingFiles/FullStack/expensioApp/frontend/ios/Pods/Headers/Private/Yoga\"\ \"/Users/sparkles/Documents/CodingFiles/FullStack/expensioApp/frontend/ios/Pods/../build/generated/ios/ReactCodegen\"\ \"/Users/sparkles/Documents/CodingFiles/FullStack/expensioApp/frontend/ios/Pods/ExpoModulesCore/ExpoModulesCore.xcframework/ios-arm64_x86_64-simulator/ExpoModulesCore.framework/Headers\"\ \"/Users/sparkles/Documents/CodingFiles/FullStack/expensioApp/frontend/ios/Pods/ExpoModulesCore/ExpoModulesCore.xcframework/ios-arm64/ExpoModulesCore.framework/Headers\"\ \"/Users/sparkles/Documents/CodingFiles/FullStack/expensioApp/frontend/ios/Pods/ExpoModulesCore/ExpoModulesCore.xcframework/ios-arm64_x86_64-simulator/ExpoModulesCore.framework/Headers\"\ \"/Users/sparkles/Documents/CodingFiles/FullStack/expensioApp/frontend/ios/Pods/ExpoModulesCore/ExpoModulesCore.xcframework/ios-arm64/ExpoModulesCore.framework/Headers\"
    export HOME\=/Users/sparkles
    export HOST_ARCH\=arm64
    export HOST_PLATFORM\=macosx
    export ICONV\=/usr/bin/iconv
    export IMPLICIT_DEPENDENCY_DOMAIN\=default
    export INDEX_ENABLE_OPTIMIZATION_LEVEL_OVERRIDE\=YES
    export INDEX_STORE_COMPRESS\=NO
    export INDEX_STORE_ONLY_PROJECT_FILES\=NO
    export INFOPLIST_ENABLE_CFBUNDLEICONS_MERGE\=YES
    export INFOPLIST_EXPAND_BUILD_SETTINGS\=YES
    export INFOPLIST_OUTPUT_FORMAT\=binary
    export INFOPLIST_PREPROCESS\=NO
    export INLINE_PRIVATE_FRAMEWORKS\=NO
    export INSTALLAPI_IGNORE_SKIP_INSTALL\=YES
    export INSTALLHDRS_COPY_PHASE\=NO
    export INSTALLHDRS_SCRIPT_PHASE\=NO
    export INSTALL_DIR\=/tmp/Pods.dst/usr/local/lib
    export INSTALL_GROUP\=staff
    export INSTALL_MODE_FLAG\=u+w,go-w,a+rX
    export INSTALL_OWNER\=sparkles
    export INSTALL_PATH\=/usr/local/lib
    export INSTALL_ROOT\=/tmp/Pods.dst
    export IPHONEOS_DEPLOYMENT_TARGET\=17.0
    export IS_UNOPTIMIZED_BUILD\=YES
    export JAVAC_DEFAULT_FLAGS\=-J-Xms64m\ -J-XX:NewSize\=4M\ -J-Dfile.encoding\=UTF8
    export JAVA_APP_STUB\=/System/Library/Frameworks/JavaVM.framework/Resources/MacOS/JavaApplicationStub
    export JAVA_ARCHIVE_CLASSES\=YES
    export JAVA_ARCHIVE_TYPE\=JAR
    export JAVA_COMPILER\=/usr/bin/javac
    export JAVA_FRAMEWORK_RESOURCES_DIRS\=Resources
    export JAVA_JAR_FLAGS\=cv
    export JAVA_SOURCE_SUBDIR\=.
    export JAVA_USE_DEPENDENCIES\=YES
    export JAVA_ZIP_FLAGS\=-urg
    export JIKES_DEFAULT_FLAGS\=+E\ +OLDCSO
    export KEEP_PRIVATE_EXTERNS\=NO
    export LD_DEPENDENCY_INFO_FILE\=/Users/sparkles/Library/Developer/Xcode/DerivedData/Expensio-futtgngxcysvvhcljmosbeftqmyc/Build/Intermediates.noindex/Pods.build/Debug-iphonesimulator/ReactCodegen.build/Objects-normal/undefined_arch/ReactCodegen_dependency_info.dat
    export LD_EXPORT_GLOBAL_SYMBOLS\=YES
    export LD_EXPORT_SYMBOLS\=YES
    export LD_GENERATE_MAP_FILE\=NO
    export LD_MAP_FILE_PATH\=/Users/sparkles/Library/Developer/Xcode/DerivedData/Expensio-futtgngxcysvvhcljmosbeftqmyc/Build/Intermediates.noindex/Pods.build/Debug-iphonesimulator/ReactCodegen.build/ReactCodegen-LinkMap-normal-undefined_arch.txt
    export LD_NO_PIE\=NO
    export LD_QUOTE_LINKER_ARGUMENTS_FOR_COMPILER_DRIVER\=YES
    export LD_SHARED_CACHE_ELIGIBLE\=Automatic
    export LD_WARN_DUPLICATE_LIBRARIES\=NO
    export LD_WARN_UNUSED_DYLIBS\=NO
    export LEGACY_DEVELOPER_DIR\=/Applications/Xcode.app/Contents/PlugIns/Xcode3Core.ideplugin/Contents/SharedSupport/Developer
    export LEX\=lex
    export LIBRARY_DEXT_INSTALL_PATH\=/Library/DriverExtensions
    export LIBRARY_FLAG_NOSPACE\=YES
    export LIBRARY_FLAG_PREFIX\=-l
    export LIBRARY_KEXT_INSTALL_PATH\=/Library/Extensions
    export LIBRARY_SEARCH_PATHS\=/Users/sparkles/Library/Developer/Xcode/DerivedData/Expensio-futtgngxcysvvhcljmosbeftqmyc/Build/Products/Debug-iphonesimulator/ReactCodegen\ 
    export LINKER_DISPLAYS_MANGLED_NAMES\=NO
    export LINK_FILE_LIST_normal_arm64\=/Users/sparkles/Library/Developer/Xcode/DerivedData/Expensio-futtgngxcysvvhcljmosbeftqmyc/Build/Intermediates.noindex/Pods.build/Debug-iphonesimulator/ReactCodegen.build/Objects-normal/arm64/ReactCodegen.LinkFileList
    export LINK_FILE_LIST_normal_x86_64\=/Users/sparkles/Library/Developer/Xcode/DerivedData/Expensio-futtgngxcysvvhcljmosbeftqmyc/Build/Intermediates.noindex/Pods.build/Debug-iphonesimulator/ReactCodegen.build/Objects-normal/x86_64/ReactCodegen.LinkFileList
    export LINK_OBJC_RUNTIME\=YES
    export LINK_WITH_STANDARD_LIBRARIES\=YES
    export LLVM_TARGET_TRIPLE_OS_VERSION\=ios17.0
    export LLVM_TARGET_TRIPLE_SUFFIX\=-simulator
    export LLVM_TARGET_TRIPLE_VENDOR\=apple
    export LM_AUX_CONST_METADATA_LIST_PATH_normal_arm64\=/Users/sparkles/Library/Developer/Xcode/DerivedData/Expensio-futtgngxcysvvhcljmosbeftqmyc/Build/Intermediates.noindex/Pods.build/Debug-iphonesimulator/ReactCodegen.build/Objects-normal/arm64/ReactCodegen.SwiftConstValuesFileList
    export LM_AUX_CONST_METADATA_LIST_PATH_normal_x86_64\=/Users/sparkles/Library/Developer/Xcode/DerivedData/Expensio-futtgngxcysvvhcljmosbeftqmyc/Build/Intermediates.noindex/Pods.build/Debug-iphonesimulator/ReactCodegen.build/Objects-normal/x86_64/ReactCodegen.SwiftConstValuesFileList
    export LOCALIZATION_EXPORT_SUPPORTED\=YES
    export LOCALIZATION_PREFERS_STRING_CATALOGS\=NO
    export LOCALIZED_STRING_CODE_COMMENTS\=NO
    export LOCALIZED_STRING_MACRO_NAMES\=NSLocalizedString\ CFCopyLocalizedString
    export LOCALIZED_STRING_SWIFTUI_SUPPORT\=YES
    export LOCAL_ADMIN_APPS_DIR\=/Applications/Utilities
    export LOCAL_APPS_DIR\=/Applications
    export LOCAL_DEVELOPER_DIR\=/Library/Developer
    export LOCAL_LIBRARY_DIR\=/Library
    export LOCROOT\=/Users/sparkles/Documents/CodingFiles/FullStack/expensioApp/frontend/ios/Pods
    export LOCSYMROOT\=/Users/sparkles/Documents/CodingFiles/FullStack/expensioApp/frontend/ios/Pods
    export MACH_O_TYPE\=staticlib
    export MAC_OS_X_PRODUCT_BUILD_VERSION\=26A428
    export MAC_OS_X_VERSION_ACTUAL\=270000
    export MAC_OS_X_VERSION_MAJOR\=270000
    export MAC_OS_X_VERSION_MINOR\=270000
    export MAKE_MERGEABLE\=NO
    export MERGEABLE_LIBRARY\=NO
    export MERGED_BINARY_TYPE\=none
    export MERGE_LINKED_LIBRARIES\=NO
    export METAL_LIBRARY_FILE_BASE\=default
    export METAL_LIBRARY_OUTPUT_DIR\=/Users/sparkles/Library/Developer/Xcode/DerivedData/Expensio-futtgngxcysvvhcljmosbeftqmyc/Build/Products/Debug-iphonesimulator/ReactCodegen/
    export MODULEMAP_FILE\=Headers/Public/ReactCodegen/ReactCodegen.modulemap
    export MODULE_CACHE_DIR\=/Users/sparkles/Library/Developer/Xcode/DerivedData/ModuleCache.noindex
    export MTL_ENABLE_DEBUG_INFO\=INCLUDE_SOURCE
    export MTL_FAST_MATH\=YES
    export NATIVE_ARCH\=arm64
    export NATIVE_ARCH_32_BIT\=arm
    export NATIVE_ARCH_64_BIT\=arm64
    export NATIVE_ARCH_ACTUAL\=arm64
    export NO_COMMON\=YES
    export OBJC_ABI_VERSION\=2
    export OBJECT_FILE_DIR\=/Users/sparkles/Library/Developer/Xcode/DerivedData/Expensio-futtgngxcysvvhcljmosbeftqmyc/Build/Intermediates.noindex/Pods.build/Debug-iphonesimulator/ReactCodegen.build/Objects
    export OBJECT_FILE_DIR_normal\=/Users/sparkles/Library/Developer/Xcode/DerivedData/Expensio-futtgngxcysvvhcljmosbeftqmyc/Build/Intermediates.noindex/Pods.build/Debug-iphonesimulator/ReactCodegen.build/Objects-normal
    export OBJROOT\=/Users/sparkles/Library/Developer/Xcode/DerivedData/Expensio-futtgngxcysvvhcljmosbeftqmyc/Build/Intermediates.noindex
    export ONLY_ACTIVE_ARCH\=NO
    export ONLY_ARCH\=multiple_archs
    export OS\=MACOS
    export OSAC\=/usr/bin/osacompile
    export OTHER_CFLAGS\=\ -DRCT_REMOVE_LEGACY_ARCH\=1\ -ivfsoverlay\ /Users/sparkles/Documents/CodingFiles/FullStack/expensioApp/frontend/ios/Pods/React-Core-prebuilt/React-VFS.yaml
    export OTHER_CPLUSPLUSFLAGS\=\ -DRCT_REMOVE_LEGACY_ARCH\=1\ -ivfsoverlay\ /Users/sparkles/Documents/CodingFiles/FullStack/expensioApp/frontend/ios/Pods/React-Core-prebuilt/React-VFS.yaml\ -DRCT_REMOVE_LEGACY_ARCH\=1\ -DFOLLY_MOBILE\=1\ -DFOLLY_USE_LIBCPP\=1\ -DFOLLY_CFG_NO_COROUTINES\=1\ -DFOLLY_HAVE_CLOCK_GETTIME\=1\ -Wno-comma\ -Wno-shorten-64-to-32\ -Wno-documentation\ -ivfsoverlay\ /Users/sparkles/Documents/CodingFiles/FullStack/expensioApp/frontend/ios/Pods/React-Core-prebuilt/React-VFS.yaml
    export OTHER_SWIFT_FLAGS\=\ -Xcc\ -ivfsoverlay\ -Xcc\ /Users/sparkles/Documents/CodingFiles/FullStack/expensioApp/frontend/ios/Pods/React-Core-prebuilt/React-VFS.yaml
    export PACKAGE_TYPE\=com.apple.package-type.static-library
    export PASCAL_STRINGS\=YES
    export PATH\=/Applications/Xcode.app/Contents/SharedFrameworks/SwiftBuild.framework/Versions/A/PlugIns/SWBBuildService.bundle/Contents/PlugIns/SWBUniversalPlatformPlugin.bundle/Contents/Frameworks/SWBUniversalPlatform.framework/Resources:/Applications/Xcode.app/Contents/Developer/Toolchains/XcodeDefault.xctoolchain/usr/bin:/Applications/Xcode.app/Contents/Developer/Toolchains/XcodeDefault.xctoolchain/usr/local/bin:/Applications/Xcode.app/Contents/Developer/Toolchains/XcodeDefault.xctoolchain/usr/libexec:/Applications/Xcode.app/Contents/Developer/Platforms/iPhoneSimulator.platform/usr/bin:/Applications/Xcode.app/Contents/Developer/Platforms/iPhoneSimulator.platform/usr/local/bin:/Applications/Xcode.app/Contents/Developer/Platforms/iPhoneSimulator.platform/Developer/usr/bin:/Applications/Xcode.app/Contents/Developer/Platforms/iPhoneSimulator.platform/Developer/usr/local/bin:/Applications/Xcode.app/Contents/Developer/usr/bin:/Applications/Xcode.app/Contents/Developer/usr/local/bin:/Users/sparkles/.gemini/antigravity-ide/bin:/Users/sparkles/.antigravity-ide/antigravity-ide/bin:/opt/homebrew/bin:/opt/homebrew/sbin:/usr/local/bin:/System/Cryptexes/App/usr/bin:/usr/bin:/bin:/usr/sbin:/sbin:/var/run/com.apple.security.cryptexd/codex.system/bootstrap/usr/local/bin:/var/run/com.apple.security.cryptexd/codex.system/bootstrap/usr/bin:/var/run/com.apple.security.cryptexd/codex.system/bootstrap/usr/appleinternal/bin:/pkg/env/global/bin
    export PATH_PREFIXES_EXCLUDED_FROM_HEADER_DEPENDENCIES\=/usr/include\ /usr/local/include\ /System/Library/Frameworks\ /System/Library/PrivateFrameworks\ /Applications/Xcode.app/Contents/Developer/Headers\ /Applications/Xcode.app/Contents/Developer/SDKs\ /Applications/Xcode.app/Contents/Developer/Platforms
    export PER_ARCH_MODULE_FILE_DIR\=/Users/sparkles/Library/Developer/Xcode/DerivedData/Expensio-futtgngxcysvvhcljmosbeftqmyc/Build/Intermediates.noindex/Pods.build/Debug-iphonesimulator/ReactCodegen.build/Objects-normal/undefined_arch
    export PER_ARCH_OBJECT_FILE_DIR\=/Users/sparkles/Library/Developer/Xcode/DerivedData/Expensio-futtgngxcysvvhcljmosbeftqmyc/Build/Intermediates.noindex/Pods.build/Debug-iphonesimulator/ReactCodegen.build/Objects-normal/undefined_arch
    export PER_VARIANT_OBJECT_FILE_DIR\=/Users/sparkles/Library/Developer/Xcode/DerivedData/Expensio-futtgngxcysvvhcljmosbeftqmyc/Build/Intermediates.noindex/Pods.build/Debug-iphonesimulator/ReactCodegen.build/Objects-normal
    export PKGINFO_FILE_PATH\=/Users/sparkles/Library/Developer/Xcode/DerivedData/Expensio-futtgngxcysvvhcljmosbeftqmyc/Build/Intermediates.noindex/Pods.build/Debug-iphonesimulator/ReactCodegen.build/PkgInfo
    export PLATFORM_DEVELOPER_APPLICATIONS_DIR\=/Applications/Xcode.app/Contents/Developer/Platforms/iPhoneSimulator.platform/Developer/Applications
    export PLATFORM_DEVELOPER_BIN_DIR\=/Applications/Xcode.app/Contents/Developer/Platforms/iPhoneSimulator.platform/Developer/usr/bin
    export PLATFORM_DEVELOPER_LIBRARY_DIR\=/Applications/Xcode.app/Contents/Developer/Platforms/iPhoneSimulator.platform/Developer/Library
    export PLATFORM_DEVELOPER_SDK_DIR\=/Applications/Xcode.app/Contents/Developer/Platforms/iPhoneSimulator.platform/Developer/SDKs
    export PLATFORM_DEVELOPER_TOOLS_DIR\=/Applications/Xcode.app/Contents/Developer/Platforms/iPhoneSimulator.platform/Developer/Tools
    export PLATFORM_DEVELOPER_USR_DIR\=/Applications/Xcode.app/Contents/Developer/Platforms/iPhoneSimulator.platform/Developer/usr
    export PLATFORM_DIR\=/Applications/Xcode.app/Contents/Developer/Platforms/iPhoneSimulator.platform
    export PLATFORM_DISPLAY_NAME\=iOS\ Simulator
    export PLATFORM_FAMILY_NAME\=iOS
    export PLATFORM_NAME\=iphonesimulator
    export PLATFORM_PREFERRED_ARCH\=x86_64
    export PLATFORM_PRODUCT_BUILD_VERSION\=24A430
    export PLATFORM_REQUIRES_SWIFT_AUTOLINK_EXTRACT\=NO
    export PLATFORM_REQUIRES_SWIFT_MODULEWRAP\=NO
    export PLATFORM_USES_DSYMS\=YES
    export PLIST_FILE_OUTPUT_FORMAT\=binary
    export PODFILE_DIR\=/Users/sparkles/Documents/CodingFiles/FullStack/expensioApp/frontend/ios/Pods/..
    export PODS_BUILD_DIR\=/Users/sparkles/Library/Developer/Xcode/DerivedData/Expensio-futtgngxcysvvhcljmosbeftqmyc/Build/Products
    export PODS_CONFIGURATION_BUILD_DIR\=/Users/sparkles/Library/Developer/Xcode/DerivedData/Expensio-futtgngxcysvvhcljmosbeftqmyc/Build/Products/Debug-iphonesimulator
    export PODS_DEVELOPMENT_LANGUAGE\=en
    export PODS_ROOT\=/Users/sparkles/Documents/CodingFiles/FullStack/expensioApp/frontend/ios/Pods
    export PODS_TARGET_SRCROOT\=/Users/sparkles/Documents/CodingFiles/FullStack/expensioApp/frontend/ios/Pods/../build/generated/ios/ReactCodegen
    export PODS_XCFRAMEWORKS_BUILD_DIR\=/Users/sparkles/Library/Developer/Xcode/DerivedData/Expensio-futtgngxcysvvhcljmosbeftqmyc/Build/Products/Debug-iphonesimulator/XCFrameworkIntermediates
    export PRECOMPS_INCLUDE_HEADERS_FROM_BUILT_PRODUCTS_DIR\=YES
    export PRECOMP_DESTINATION_DIR\=/Users/sparkles/Library/Developer/Xcode/DerivedData/Expensio-futtgngxcysvvhcljmosbeftqmyc/Build/Intermediates.noindex/Pods.build/Debug-iphonesimulator/ReactCodegen.build/PrefixHeaders
    export PRELINK_DEPENDENCY_INFO_FILE\=/Users/sparkles/Library/Developer/Xcode/DerivedData/Expensio-futtgngxcysvvhcljmosbeftqmyc/Build/Intermediates.noindex/Pods.build/Debug-iphonesimulator/ReactCodegen.build/Objects-normal/undefined_arch/ReactCodegen_prelink_dependency_info.dat
    export PROCESSED_INFOPLIST_PATH\=/Users/sparkles/Library/Developer/Xcode/DerivedData/Expensio-futtgngxcysvvhcljmosbeftqmyc/Build/Intermediates.noindex/Pods.build/Debug-iphonesimulator/ReactCodegen.build/Objects-normal/undefined_arch/Processed-Info.plist
    export PRODUCT_BUNDLE_IDENTIFIER\=org.cocoapods.ReactCodegen
    export PRODUCT_MODULE_NAME\=ReactCodegen
    export PRODUCT_NAME\=ReactCodegen
    export PRODUCT_SETTINGS_PATH\=
    export PRODUCT_TYPE\=com.apple.product-type.library.static
    export PROFILING_CODE\=NO
    export PROJECT\=Pods
    export PROJECT_DERIVED_FILE_DIR\=/Users/sparkles/Library/Developer/Xcode/DerivedData/Expensio-futtgngxcysvvhcljmosbeftqmyc/Build/Intermediates.noindex/Pods.build/DerivedSources
    export PROJECT_DIR\=/Users/sparkles/Documents/CodingFiles/FullStack/expensioApp/frontend/ios/Pods
    export PROJECT_FILE_PATH\=/Users/sparkles/Documents/CodingFiles/FullStack/expensioApp/frontend/ios/Pods/Pods.xcodeproj
    export PROJECT_GUID\=8699adb1dd336b26511df848a716bd42
    export PROJECT_NAME\=Pods
    export PROJECT_TEMP_DIR\=/Users/sparkles/Library/Developer/Xcode/DerivedData/Expensio-futtgngxcysvvhcljmosbeftqmyc/Build/Intermediates.noindex/Pods.build
    export PROJECT_TEMP_ROOT\=/Users/sparkles/Library/Developer/Xcode/DerivedData/Expensio-futtgngxcysvvhcljmosbeftqmyc/Build/Intermediates.noindex
    export REACT_NATIVE_PATH\=/Users/sparkles/Documents/CodingFiles/FullStack/expensioApp/frontend/ios/Pods/../../node_modules/react-native
    export RECOMMENDED_IPHONEOS_DEPLOYMENT_TARGET\=17.0
    export RECURSIVE_SEARCH_PATHS_FOLLOW_SYMLINKS\=YES
    export REMOVE_CVS_FROM_RESOURCES\=YES
    export REMOVE_GIT_FROM_RESOURCES\=YES
    export REMOVE_HEADERS_FROM_EMBEDDED_BUNDLES\=YES
    export REMOVE_HG_FROM_RESOURCES\=YES
    export REMOVE_STATIC_EXECUTABLES_FROM_EMBEDDED_BUNDLES\=YES
    export REMOVE_SVN_FROM_RESOURCES\=YES
    export RESCHEDULE_INDEPENDENT_HEADERS_PHASES\=YES
    export REZ_COLLECTOR_DIR\=/Users/sparkles/Library/Developer/Xcode/DerivedData/Expensio-futtgngxcysvvhcljmosbeftqmyc/Build/Intermediates.noindex/Pods.build/Debug-iphonesimulator/ReactCodegen.build/ResourceManagerResources
    export REZ_EXECUTABLE\=YES
    export REZ_OBJECTS_DIR\=/Users/sparkles/Library/Developer/Xcode/DerivedData/Expensio-futtgngxcysvvhcljmosbeftqmyc/Build/Intermediates.noindex/Pods.build/Debug-iphonesimulator/ReactCodegen.build/ResourceManagerResources/Objects
    export REZ_SEARCH_PATHS\=/Users/sparkles/Library/Developer/Xcode/DerivedData/Expensio-futtgngxcysvvhcljmosbeftqmyc/Build/Products/Debug-iphonesimulator/ReactCodegen\ 
    export RPATH_ORIGIN\=@loader_path
    export RUNTIME_EXCEPTION_ALLOW_DYLD_ENVIRONMENT_VARIABLES\=NO
    export RUNTIME_EXCEPTION_ALLOW_JIT\=NO
    export RUNTIME_EXCEPTION_ALLOW_UNSIGNED_EXECUTABLE_MEMORY\=NO
    export RUNTIME_EXCEPTION_DEBUGGING_TOOL\=NO
    export RUNTIME_EXCEPTION_DISABLE_EXECUTABLE_PAGE_PROTECTION\=NO
    export RUNTIME_EXCEPTION_DISABLE_LIBRARY_VALIDATION\=NO
    export SCANNING_PCM_KEEP_CACHE_DIRECTORY\=YES
    export SCAN_ALL_SOURCE_FILES_FOR_INCLUDES\=NO
    export SCRIPT_INPUT_FILE_COUNT\=0
    export SCRIPT_INPUT_FILE_LIST_COUNT\=0
    export SCRIPT_OUTPUT_FILE_0\=/Users/sparkles/Library/Developer/Xcode/DerivedData/Expensio-futtgngxcysvvhcljmosbeftqmyc/Build/Intermediates.noindex/Pods.build/Debug-iphonesimulator/ReactCodegen.build/DerivedSources/react-codegen.log
    export SCRIPT_OUTPUT_FILE_COUNT\=1
    export SCRIPT_OUTPUT_FILE_LIST_COUNT\=0
    export SDKROOT\=/Applications/Xcode.app/Contents/Developer/Platforms/iPhoneSimulator.platform/Developer/SDKs/iPhoneSimulator27.0.sdk
    export SDK_DIR\=/Applications/Xcode.app/Contents/Developer/Platforms/iPhoneSimulator.platform/Developer/SDKs/iPhoneSimulator27.0.sdk
    export SDK_DIR_iphonesimulator\=/Applications/Xcode.app/Contents/Developer/Platforms/iPhoneSimulator.platform/Developer/SDKs/iPhoneSimulator27.0.sdk
    export SDK_DIR_iphonesimulator27_0\=/Applications/Xcode.app/Contents/Developer/Platforms/iPhoneSimulator.platform/Developer/SDKs/iPhoneSimulator27.0.sdk
    export SDK_NAME\=iphonesimulator27.0
    export SDK_NAMES\=iphonesimulator27.0
    export SDK_PRODUCT_BUILD_VERSION\=24A430
    export SDK_STAT_CACHE_DIR\=/Users/sparkles/Library/Developer/Xcode/DerivedData
    export SDK_STAT_CACHE_ENABLE\=YES
    export SDK_STAT_CACHE_PATH\=/Users/sparkles/Library/Developer/Xcode/DerivedData/SDKStatCaches.noindex/iphonesimulator27.0-24A430-8dc58220667be655e1bcc261a7455254.sdkstatcache
    export SDK_VERSION\=27.0
    export SDK_VERSION_ACTUAL\=270000
    export SDK_VERSION_MAJOR\=270000
    export SDK_VERSION_MINOR\=270000
    export SED\=/usr/bin/sed
    export SEPARATE_STRIP\=NO
    export SEPARATE_SYMBOL_EDIT\=NO
    export SET_DIR_MODE_OWNER_GROUP\=YES
    export SET_FILE_MODE_OWNER_GROUP\=NO
    export SHALLOW_BUNDLE\=NO
    export SHARED_DERIVED_FILE_DIR\=/Users/sparkles/Library/Developer/Xcode/DerivedData/Expensio-futtgngxcysvvhcljmosbeftqmyc/Build/Products/Debug-iphonesimulator/ReactCodegen/DerivedSources
    export SHARED_PRECOMPS_DIR\=/Users/sparkles/Library/Developer/Xcode/DerivedData/Expensio-futtgngxcysvvhcljmosbeftqmyc/Build/Intermediates.noindex/PrecompiledHeaders
    export SKIP_COPYING_TEST_FRAMEWORKS\=YES
    export SKIP_INSTALL\=YES
    export SKIP_MERGEABLE_LIBRARY_BUNDLE_HOOK\=NO
    export SOURCE_ROOT\=/Users/sparkles/Documents/CodingFiles/FullStack/expensioApp/frontend/ios/Pods
    export SRCROOT\=/Users/sparkles/Documents/CodingFiles/FullStack/expensioApp/frontend/ios/Pods
    export STRINGSDATA_DIR\=/Users/sparkles/Library/Developer/Xcode/DerivedData/Expensio-futtgngxcysvvhcljmosbeftqmyc/Build/Intermediates.noindex/Pods.build/Debug-iphonesimulator/ReactCodegen.build/Objects-normal/undefined_arch
    export STRINGSDATA_ROOT\=/Users/sparkles/Library/Developer/Xcode/DerivedData/Expensio-futtgngxcysvvhcljmosbeftqmyc/Build/Intermediates.noindex/Pods.build/Debug-iphonesimulator/ReactCodegen.build
    export STRINGS_FILE_INFOPLIST_RENAME\=YES
    export STRINGS_FILE_OUTPUT_ENCODING\=binary
    export STRING_CATALOG_GENERATE_SYMBOLS\=YES
    export STRIP_BITCODE_FROM_COPIED_FILES\=NO
    export STRIP_INSTALLED_PRODUCT\=NO
    export STRIP_STYLE\=debugging
    export STRIP_SWIFT_SYMBOLS\=YES
    export SUPPORTED_DEVICE_FAMILIES\=1,2
    export SUPPORTED_PLATFORMS\=iphoneos\ iphonesimulator
    export SUPPORTS_TEXT_BASED_API\=NO
    export SUPPRESS_WARNINGS\=NO
    export SWIFTC_PASS_SDKROOT\=YES
    export SWIFTC_PASS_SYSROOT\=NO
    export SWIFT_ACTIVE_COMPILATION_CONDITIONS\=\ DEBUG\ 
    export SWIFT_COLOR_DIAGNOSTICS\=NO
    export SWIFT_COMPILE_FOR_STATIC_LINKING\=YES
    export SWIFT_EMIT_CONST_VALUE_PROTOCOLS\=AnyResolverProviding\ AppEntity\ AppEnum\ AppExtension\ AppIntent\ AppIntentsPackage\ AppShortcutProviding\ AppShortcutsProvider\ AppUnionValue\ AppUnionValueCasesProviding\ DynamicOptionsProvider\ EntityQuery\ ExtensionPointDefining\ IntentValueQuery\ Resolver\ TransientEntity\ _AssistantIntentsProvider\ _GenerativeFunctionExtractable\ _IntentValueRepresentable
    export SWIFT_EMIT_LOC_STRINGS\=NO
    export SWIFT_EMIT_MODULE_INTERFACE\=NO
    export SWIFT_ENABLE_EXPLICIT_MODULES\=NO
    export SWIFT_ENABLE_TESTABILITY\=YES
    export SWIFT_INSTALL_OBJC_HEADER\=YES
    export SWIFT_OPTIMIZATION_LEVEL\=-Onone
    export SWIFT_PLATFORM_TARGET_PREFIX\=ios
    export SWIFT_RESPONSE_FILE_PATH_normal_arm64\=/Users/sparkles/Library/Developer/Xcode/DerivedData/Expensio-futtgngxcysvvhcljmosbeftqmyc/Build/Intermediates.noindex/Pods.build/Debug-iphonesimulator/ReactCodegen.build/Objects-normal/arm64/ReactCodegen.SwiftFileList
    export SWIFT_RESPONSE_FILE_PATH_normal_x86_64\=/Users/sparkles/Library/Developer/Xcode/DerivedData/Expensio-futtgngxcysvvhcljmosbeftqmyc/Build/Intermediates.noindex/Pods.build/Debug-iphonesimulator/ReactCodegen.build/Objects-normal/x86_64/ReactCodegen.SwiftFileList
    export SWIFT_VERSION\=5.0
    export SYMROOT\=/Users/sparkles/Library/Developer/Xcode/DerivedData/Expensio-futtgngxcysvvhcljmosbeftqmyc/Build/Products
    export SYSROOT\=/Applications/Xcode.app/Contents/Developer/Platforms/iPhoneSimulator.platform/Developer/SDKs/iPhoneSimulator27.0.sdk
    export SYSTEM_ADMIN_APPS_DIR\=/Applications/Utilities
    export SYSTEM_APPS_DIR\=/Applications
    export SYSTEM_CORE_SERVICES_DIR\=/System/Library/CoreServices
    export SYSTEM_DEMOS_DIR\=/Applications/Extras
    export SYSTEM_DEVELOPER_APPS_DIR\=/Applications/Xcode.app/Contents/Developer/Applications
    export SYSTEM_DEVELOPER_BIN_DIR\=/Applications/Xcode.app/Contents/Developer/usr/bin
    export SYSTEM_DEVELOPER_DEMOS_DIR\=/Applications/Xcode.app/Contents/Developer/Applications/Utilities/Built\ Examples
    export SYSTEM_DEVELOPER_DIR\=/Applications/Xcode.app/Contents/Developer
    export SYSTEM_DEVELOPER_DOC_DIR\=/Applications/Xcode.app/Contents/Developer/ADC\ Reference\ Library
    export SYSTEM_DEVELOPER_GRAPHICS_TOOLS_DIR\=/Applications/Xcode.app/Contents/Developer/Applications/Graphics\ Tools
    export SYSTEM_DEVELOPER_JAVA_TOOLS_DIR\=/Applications/Xcode.app/Contents/Developer/Applications/Java\ Tools
    export SYSTEM_DEVELOPER_PERFORMANCE_TOOLS_DIR\=/Applications/Xcode.app/Contents/Developer/Applications/Performance\ Tools
    export SYSTEM_DEVELOPER_RELEASENOTES_DIR\=/Applications/Xcode.app/Contents/Developer/ADC\ Reference\ Library/releasenotes
    export SYSTEM_DEVELOPER_TOOLS\=/Applications/Xcode.app/Contents/Developer/Tools
    export SYSTEM_DEVELOPER_TOOLS_DOC_DIR\=/Applications/Xcode.app/Contents/Developer/ADC\ Reference\ Library/documentation/DeveloperTools
    export SYSTEM_DEVELOPER_TOOLS_RELEASENOTES_DIR\=/Applications/Xcode.app/Contents/Developer/ADC\ Reference\ Library/releasenotes/DeveloperTools
    export SYSTEM_DEVELOPER_USR_DIR\=/Applications/Xcode.app/Contents/Developer/usr
    export SYSTEM_DEVELOPER_UTILITIES_DIR\=/Applications/Xcode.app/Contents/Developer/Applications/Utilities
    export SYSTEM_DEXT_INSTALL_PATH\=/System/Library/DriverExtensions
    export SYSTEM_DOCUMENTATION_DIR\=/Library/Documentation
    export SYSTEM_KEXT_INSTALL_PATH\=/System/Library/Extensions
    export SYSTEM_LIBRARY_DIR\=/System/Library
    export TAPI_DEMANGLE\=YES
    export TAPI_ENABLE_PROJECT_HEADERS\=NO
    export TAPI_LANGUAGE\=objective-c
    export TAPI_LANGUAGE_STANDARD\=compiler-default
    export TAPI_USE_SRCROOT\=YES
    export TAPI_VERIFY_MODE\=Pedantic
    export TARGETED_DEVICE_FAMILY\=1,2
    export TARGETNAME\=ReactCodegen
    export TARGET_BUILD_DIR\=/Users/sparkles/Library/Developer/Xcode/DerivedData/Expensio-futtgngxcysvvhcljmosbeftqmyc/Build/Products/Debug-iphonesimulator/ReactCodegen
    export TARGET_NAME\=ReactCodegen
    export TARGET_TEMP_DIR\=/Users/sparkles/Library/Developer/Xcode/DerivedData/Expensio-futtgngxcysvvhcljmosbeftqmyc/Build/Intermediates.noindex/Pods.build/Debug-iphonesimulator/ReactCodegen.build
    export TEMP_DIR\=/Users/sparkles/Library/Developer/Xcode/DerivedData/Expensio-futtgngxcysvvhcljmosbeftqmyc/Build/Intermediates.noindex/Pods.build/Debug-iphonesimulator/ReactCodegen.build
    export TEMP_FILES_DIR\=/Users/sparkles/Library/Developer/Xcode/DerivedData/Expensio-futtgngxcysvvhcljmosbeftqmyc/Build/Intermediates.noindex/Pods.build/Debug-iphonesimulator/ReactCodegen.build
    export TEMP_FILE_DIR\=/Users/sparkles/Library/Developer/Xcode/DerivedData/Expensio-futtgngxcysvvhcljmosbeftqmyc/Build/Intermediates.noindex/Pods.build/Debug-iphonesimulator/ReactCodegen.build
    export TEMP_ROOT\=/Users/sparkles/Library/Developer/Xcode/DerivedData/Expensio-futtgngxcysvvhcljmosbeftqmyc/Build/Intermediates.noindex
    export TEMP_SANDBOX_DIR\=/Users/sparkles/Library/Developer/Xcode/DerivedData/Expensio-futtgngxcysvvhcljmosbeftqmyc/Build/Intermediates.noindex/TemporaryTaskSandboxes
    export TEST_FRAMEWORK_SEARCH_PATHS\=\ /Applications/Xcode.app/Contents/Developer/Platforms/iPhoneSimulator.platform/Developer/Library/Frameworks\ /Applications/Xcode.app/Contents/Developer/Platforms/iPhoneSimulator.platform/Developer/SDKs/iPhoneSimulator27.0.sdk/Developer/Library/Frameworks
    export TEST_LIBRARY_SEARCH_PATHS\=\ /Applications/Xcode.app/Contents/Developer/Platforms/iPhoneSimulator.platform/Developer/usr/lib
    export TOOLCHAINS\=com.apple.dt.toolchain.XcodeDefault
    export TOOLCHAIN_DIR\=/Applications/Xcode.app/Contents/Developer/Toolchains/XcodeDefault.xctoolchain
    export TREAT_MISSING_BASELINES_AS_TEST_FAILURES\=NO
    export TREAT_MISSING_SCRIPT_PHASE_OUTPUTS_AS_ERRORS\=NO
    export UID\=501
    export UNINSTALLED_PRODUCTS_DIR\=/Users/sparkles/Library/Developer/Xcode/DerivedData/Expensio-futtgngxcysvvhcljmosbeftqmyc/Build/Intermediates.noindex/UninstalledProducts
    export UNSTRIPPED_PRODUCT\=NO
    export USER\=sparkles
    export USER_APPS_DIR\=/Users/sparkles/Applications
    export USER_LIBRARY_DIR\=/Users/sparkles/Library
    export USE_DYNAMIC_NO_PIC\=YES
    export USE_HEADERMAP\=YES
    export USE_HEADER_SYMLINKS\=NO
    export USE_HERMES\=true
    export USE_RECURSIVE_SCRIPT_INPUTS_IN_SCRIPT_PHASES\=YES
    export VALIDATE_DEVELOPMENT_ASSET_PATHS\=YES_ERROR
    export VALIDATE_PRODUCT\=NO
    export VALID_ARCHS\=arm64\ x86_64
    export VERBOSE_PBXCP\=NO
    export VERSION_INFO_BUILDER\=sparkles
    export VERSION_INFO_FILE\=ReactCodegen_vers.c
    export VERSION_INFO_STRING\=\"@\(\#\)PROGRAM:ReactCodegen\ \ PROJECT:Pods-\"
    export WORKSPACE_DIR\=/Users/sparkles/Documents/CodingFiles/FullStack/expensioApp/frontend/ios
    export WRAP_ASSET_PACKS_IN_SEPARATE_DIRECTORIES\=NO
    export XCODE_APP_SUPPORT_DIR\=/Applications/Xcode.app/Contents/Developer/Library/Xcode
    export XCODE_PRODUCT_BUILD_VERSION\=27A266a
    export XCODE_VERSION_ACTUAL\=2700
    export XCODE_VERSION_MAJOR\=2700
    export XCODE_VERSION_MINOR\=2700
    export XPCSERVICES_FOLDER_PATH\=/XPCServices
    export YACC\=yacc
    export _DISCOVER_COMMAND_LINE_LINKER_INPUTS\=YES
    export _DISCOVER_COMMAND_LINE_LINKER_INPUTS_INCLUDE_WL\=YES
    export _LD_MULTIARCH\=YES
    export _SWIFT_EXPLICIT_MODULES_ALLOW_CXX_INTEROP\=NO
    export __ARCHS__\=arm64\ x86_64
    export __DIAGNOSE_DEPRECATED_ARCHS\=YES
    export __DIAGNOSE_INVALID_DEPLOYMENT_TARGET_AS_ERROR\=YES
    export __ORIGINAL_SDK_DEFINED_LLVM_TARGET_TRIPLE_SYS\=ios
    export arch\=undefined_arch
    export variant\=normal
    /bin/sh -c /Users/sparkles/Library/Developer/Xcode/DerivedData/Expensio-futtgngxcysvvhcljmosbeftqmyc/Build/Intermediates.noindex/Pods.build/Debug-iphonesimulator/ReactCodegen.build/Script-46EB2E0001AAC0.sh
Node found at: /opt/homebrew/Cellar/node/26.10.0_1/bin/node
[36m[1m[Codegen][0m Analyzing /Users/sparkles/Documents/CodingFiles/FullStack/expensioApp/frontend/package.json[0m
[36m[1m[Codegen][0m [33mSearching for codegen-enabled libraries in the app.[0m
[36m[1m[Codegen][0m [33mThe "codegenConfig" field is not defined in package.json. Assuming there is nothing to generate at the app level.[0m
[36m[1m[Codegen][0m [33mSearching for codegen-enabled libraries in react-native.config.js[0m
[36m[1m[Codegen][0m Found @react-native-async-storage/async-storage[0m
[36m[1m[Codegen][0m Found @react-native-picker/picker[0m
[36m[1m[Codegen][0m Found react-native-safe-area-context[0m
[36m[1m[Codegen][0m Found react-native-screens[0m
[36m[1m[Codegen][0m Found react-native-svg[0m
[36m[1m[Codegen][0m Processing AsyncStorageSpec[0m
[36m[1m[Codegen][0m [33mSearching for podspec in the project dependencies.[0m
[36m[1m[Codegen][0m Supported Apple platforms: ios, macos, visionos for AsyncStorageSpec[0m
[36m[1m[Codegen][0m Processing rnpicker[0m
[36m[1m[Codegen][0m [33mSearching for podspec in the project dependencies.[0m
[36m[1m[Codegen][0m Supported Apple platforms: ios, macos, tvos for rnpicker[0m
[36m[1m[Codegen][0m Processing safeareacontext[0m
[36m[1m[Codegen][0m [33mSearching for podspec in the project dependencies.[0m
[36m[1m[Codegen][0m Supported Apple platforms: ios, macos, tvos, visionos for safeareacontext[0m
[36m[1m[Codegen][0m Processing rnscreens[0m
[36m[1m[Codegen][0m [33mSearching for podspec in the project dependencies.[0m
[36m[1m[Codegen][0m Supported Apple platforms: ios, tvos, visionos for rnscreens[0m
[36m[1m[Codegen][0m Processing rnsvg[0m
[36m[1m[Codegen][0m [33mSearching for podspec in the project dependencies.[0m
[36m[1m[Codegen][0m Supported Apple platforms: ios, macos, tvos, visionos for rnsvg[0m
[36m[1m[Codegen][0m Generating Native Code for AsyncStorageSpec - ios[0m
[36m[1m[Codegen][0m Generated artifacts: /Users/sparkles/Documents/CodingFiles/FullStack/expensioApp/frontend/ios/build/generated/ios/ReactCodegen[0m
[36m[1m[Codegen][0m Generating Native Code for rnpicker - ios[0m
[36m[1m[Codegen][0m Generated artifacts: /Users/sparkles/Documents/CodingFiles/FullStack/expensioApp/frontend/ios/build/generated/ios/ReactCodegen[0m
[36m[1m[Codegen][0m Generating Native Code for safeareacontext - ios[0m
[36m[1m[Codegen][0m Generated artifacts: /Users/sparkles/Documents/CodingFiles/FullStack/expensioApp/frontend/ios/build/generated/ios/ReactCodegen[0m
[36m[1m[Codegen][0m Generating Native Code for rnscreens - ios[0m
[36m[1m[Codegen][0m Generated artifacts: /Users/sparkles/Documents/CodingFiles/FullStack/expensioApp/frontend/ios/build/generated/ios/ReactCodegen[0m
[36m[1m[Codegen][0m Generating Native Code for rnsvg - ios[0m
[36m[1m[Codegen][0m Generated artifacts: /Users/sparkles/Documents/CodingFiles/FullStack/expensioApp/frontend/ios/build/generated/ios/ReactCodegen[0m
[36m[1m[Codegen][0m Generating RCTThirdPartyComponentsProvider.h[0m
[36m[1m[Codegen][0m Generated artifact: /Users/sparkles/Documents/CodingFiles/FullStack/expensioApp/frontend/ios/build/generated/ios/ReactCodegen/RCTThirdPartyComponentsProvider.h[0m
[36m[1m[Codegen][0m Generating RCTThirdPartyComponentsProvider.mm[0m
[36m[1m[Codegen][0m Generated artifact: /Users/sparkles/Documents/CodingFiles/FullStack/expensioApp/frontend/ios/build/generated/ios/ReactCodegen/RCTThirdPartyComponentsProvider.mm[0m
[36m[1m[Codegen][0m Generating RCTModulesProvider.h[0m
[36m[1m[Codegen][0m Generated artifact: /Users/sparkles/Documents/CodingFiles/FullStack/expensioApp/frontend/ios/build/generated/ios/ReactCodegen/RCTModuleProviders.h[0m
[36m[1m[Codegen][0m Generating RCTModuleProviders.mm[0m
[36m[1m[Codegen][0m Generated artifact: /Users/sparkles/Documents/CodingFiles/FullStack/expensioApp/frontend/ios/build/generated/ios/ReactCodegen/RCTModuleProviders.mm[0m
[36m[1m[Codegen][0m Generating RCTAppDependencyProvider[0m
[36m[1m[Codegen][0m Generated artifact: /Users/sparkles/Documents/CodingFiles/FullStack/expensioApp/frontend/ios/build/generated/ios/ReactAppDependencyProvider/RCTAppDependencyProvider.h[0m
[36m[1m[Codegen][0m Generated artifact: /Users/sparkles/Documents/CodingFiles/FullStack/expensioApp/frontend/ios/build/generated/ios/ReactAppDependencyProvider/RCTAppDependencyProvider.mm[0m
[36m[1m[Codegen][0m Generated podspec: /Users/sparkles/Documents/CodingFiles/FullStack/expensioApp/frontend/ios/build/generated/ios/ReactAppDependencyProvider/ReactAppDependencyProvider.podspec[0m
[36m[1m[Codegen][0m Generated podspec: /Users/sparkles/Documents/CodingFiles/FullStack/expensioApp/frontend/ios/build/generated/ios/ReactCodegen/ReactCodegen.podspec[0m
[36m[1m[Codegen][0m Generating Package.swift[0m
[36m[1m[Codegen][0m Generated artifact: /Users/sparkles/Documents/CodingFiles/FullStack/expensioApp/frontend/ios/build/generated/ios/Package.swift[0m
[36m[1m[Codegen][0m [33mDone.[0m

SwiftDriverJobDiscovery normal x86_64 Emitting module for ExpoLogBox (in target 'ExpoLogBox' from project 'Pods')

SwiftDriverJobDiscovery normal arm64 Emitting module for ExpoLogBox (in target 'ExpoLogBox' from project 'Pods')

SwiftDriver\ Compilation\ Requirements ExpoLogBox normal x86_64 com.apple.xcode.tools.swift.compiler (in target 'ExpoLogBox' from project 'Pods')
    cd /Users/sparkles/Documents/CodingFiles/FullStack/expensioApp/frontend/ios/Pods
    builtin-Swift-Compilation-Requirements -- /Applications/Xcode.app/Contents/Developer/Toolchains/XcodeDefault.xctoolchain/usr/bin/swiftc -module-name ExpoLogBox -Onone @/Users/sparkles/Library/Developer/Xcode/DerivedData/Expensio-futtgngxcysvvhcljmosbeftqmyc/Build/Intermediates.noindex/Pods.build/Debug-iphonesimulator/ExpoLogBox.build/Objects-normal/x86_64/ExpoLogBox.SwiftFileList -DDEBUG -D COCOAPODS -import-underlying-module -Xcc -fmodule-map-file\=/Users/sparkles/Documents/CodingFiles/FullStack/expensioApp/frontend/ios/Pods/Headers/Public/ExpoLogBox/ExpoLogBox.modulemap -Xcc -ivfsoverlay -Xcc /Users/sparkles/Documents/CodingFiles/FullStack/expensioApp/frontend/ios/Pods/React-Core-prebuilt/React-VFS.yaml -Xcc -Wno-incomplete-umbrella -enable-bare-slash-regex -enable-experimental-feature DebugDescriptionMacro -sdk /Applications/Xcode.app/Contents/Developer/Platforms/iPhoneSimulator.platform/Developer/SDKs/iPhoneSimulator27.0.sdk -target x86_64-apple-ios17.0-simulator -g -module-cache-path /Users/sparkles/Library/Developer/Xcode/DerivedData/ModuleCache.noindex -Xfrontend -serialize-debugging-options -enable-testing -index-store-path /Users/sparkles/Library/Developer/Xcode/DerivedData/Expensio-futtgngxcysvvhcljmosbeftqmyc/Index.noindex/DataStore -Xcc -D_LIBCPP_HARDENING_MODE\=_LIBCPP_HARDENING_MODE_DEBUG -swift-version 5 -I /Users/sparkles/Library/Developer/Xcode/DerivedData/Expensio-futtgngxcysvvhcljmosbeftqmyc/Build/Products/Debug-iphonesimulator/ExpoLogBox -F /Users/sparkles/Library/Developer/Xcode/DerivedData/Expensio-futtgngxcysvvhcljmosbeftqmyc/Build/Products/Debug-iphonesimulator/ExpoLogBox -F /Users/sparkles/Documents/CodingFiles/FullStack/expensioApp/frontend/ios/Pods/React-Core-prebuilt -F /Users/sparkles/Documents/CodingFiles/FullStack/expensioApp/frontend/ios/Pods/ReactNativeDependencies/framework/packages/react-native -F /Users/sparkles/Documents/CodingFiles/FullStack/expensioApp/frontend/ios/Pods/hermes-engine/destroot/Library/Frameworks/universal -F /Users/sparkles/Library/Developer/Xcode/DerivedData/Expensio-futtgngxcysvvhcljmosbeftqmyc/Build/Products/Debug-iphonesimulator/XCFrameworkIntermediates/React-Core-prebuilt -F /Users/sparkles/Library/Developer/Xcode/DerivedData/Expensio-futtgngxcysvvhcljmosbeftqmyc/Build/Products/Debug-iphonesimulator/XCFrameworkIntermediates/ReactNativeDependencies -F /Users/sparkles/Library/Developer/Xcode/DerivedData/Expensio-futtgngxcysvvhcljmosbeftqmyc/Build/Products/Debug-iphonesimulator/XCFrameworkIntermediates/hermes-engine/Pre-built -c -j8 -enable-batch-mode -incremental -Xcc -ivfsstatcache -Xcc /Users/sparkles/Library/Developer/Xcode/DerivedData/SDKStatCaches.noindex/iphonesimulator27.0-24A430-8dc58220667be655e1bcc261a7455254.sdkstatcache -output-file-map /Users/sparkles/Library/Developer/Xcode/DerivedData/Expensio-futtgngxcysvvhcljmosbeftqmyc/Build/Intermediates.noindex/Pods.build/Debug-iphonesimulator/ExpoLogBox.build/Objects-normal/x86_64/ExpoLogBox-OutputFileMap.json -save-temps -no-color-diagnostics -emit-dependencies -emit-module -emit-module-path /Users/sparkles/Library/Developer/Xcode/DerivedData/Expensio-futtgngxcysvvhcljmosbeftqmyc/Build/Intermediates.noindex/Pods.build/Debug-iphonesimulator/ExpoLogBox.build/Objects-normal/x86_64/ExpoLogBox.swiftmodule -serialize-diagnostics -validate-clang-modules-once -clang-build-session-file /Users/sparkles/Library/Developer/Xcode/DerivedData/ModuleCache.noindex/Session.modulevalidation -Xcc -fmodules-prune-interval\=86400 -Xcc -fmodules-prune-after\=345600 -emit-const-values -const-gather-protocols-list /Users/sparkles/Library/Developer/Xcode/DerivedData/Expensio-futtgngxcysvvhcljmosbeftqmyc/Build/Intermediates.noindex/Pods.build/Debug-iphonesimulator/ExpoLogBox.build/Objects-normal/x86_64/ExpoLogBox_const_extract_protocols.json -Xcc -iquote -Xcc /Users/sparkles/Library/Developer/Xcode/DerivedData/Expensio-futtgngxcysvvhcljmosbeftqmyc/Build/Intermediates.noindex/Pods.build/Debug-iphonesimulator/ExpoLogBox.build/ExpoLogBox-generated-files.hmap -Xcc -I/Users/sparkles/Library/Developer/Xcode/DerivedData/Expensio-futtgngxcysvvhcljmosbeftqmyc/Build/Intermediates.noindex/Pods.build/Debug-iphonesimulator/ExpoLogBox.build/ExpoLogBox-own-target-headers.hmap -Xcc -I/Users/sparkles/Library/Developer/Xcode/DerivedData/Expensio-futtgngxcysvvhcljmosbeftqmyc/Build/Intermediates.noindex/Pods.build/Debug-iphonesimulator/ExpoLogBox.build/ExpoLogBox-all-non-framework-target-headers.hmap -Xcc -ivfsoverlay -Xcc /Users/sparkles/Library/Developer/Xcode/DerivedData/Expensio-futtgngxcysvvhcljmosbeftqmyc/Build/Intermediates.noindex/Pods.build/Debug-iphonesimulator/Pods-8699adb1dd336b26511df848a716bd42-VFS-iphonesimulator/all-product-headers.yaml -Xcc -iquote -Xcc /Users/sparkles/Library/Developer/Xcode/DerivedData/Expensio-futtgngxcysvvhcljmosbeftqmyc/Build/Intermediates.noindex/Pods.build/Debug-iphonesimulator/ExpoLogBox.build/ExpoLogBox-project-headers.hmap -Xcc -I/Users/sparkles/Library/Developer/Xcode/DerivedData/Expensio-futtgngxcysvvhcljmosbeftqmyc/Build/Products/Debug-iphonesimulator/ExpoLogBox/include -Xcc -I/Users/sparkles/Documents/CodingFiles/FullStack/expensioApp/frontend/ios/Pods/Headers/Public -Xcc -I/Users/sparkles/Documents/CodingFiles/FullStack/expensioApp/frontend/ios/Pods/Headers/Public/React-Core -Xcc -I/Users/sparkles/Documents/CodingFiles/FullStack/expensioApp/frontend/ios/Pods/Headers/Public/React-Core-prebuilt -Xcc -I/Users/sparkles/Documents/CodingFiles/FullStack/expensioApp/frontend/ios/Pods/Headers/Public/React-callinvoker -Xcc -I/Users/sparkles/Documents/CodingFiles/FullStack/expensioApp/frontend/ios/Pods/Headers/Public/React-cxxreact -Xcc -I/Users/sparkles/Documents/CodingFiles/FullStack/expensioApp/frontend/ios/Pods/Headers/Public/React-debug -Xcc -I/Users/sparkles/Documents/CodingFiles/FullStack/expensioApp/frontend/ios/Pods/Headers/Public/React-featureflags -Xcc -I/Users/sparkles/Documents/CodingFiles/FullStack/expensioApp/frontend/ios/Pods/Headers/Public/React-hermes -Xcc -I/Users/sparkles/Documents/CodingFiles/FullStack/expensioApp/frontend/ios/Pods/Headers/Public/React-jserrorhandler -Xcc -I/Users/sparkles/Documents/CodingFiles/FullStack/expensioApp/frontend/ios/Pods/Headers/Public/React-jsi -Xcc -I/Users/sparkles/Documents/CodingFiles/FullStack/expensioApp/frontend/ios/Pods/Headers/Public/React-jsiexecutor -Xcc -I/Users/sparkles/Documents/CodingFiles/FullStack/expensioApp/frontend/ios/Pods/Headers/Public/React-jsinspector -Xcc -I/Users/sparkles/Documents/CodingFiles/FullStack/expensioApp/frontend/ios/Pods/Headers/Public/React-jsinspectorcdp -Xcc -I/Users/sparkles/Documents/CodingFiles/FullStack/expensioApp/frontend/ios/Pods/Headers/Public/React-jsinspectornetwork -Xcc -I/Users/sparkles/Documents/CodingFiles/FullStack/expensioApp/frontend/ios/Pods/Headers/Public/React-jsinspectortracing -Xcc -I/Users/sparkles/Documents/CodingFiles/FullStack/expensioApp/frontend/ios/Pods/Headers/Public/React-jsitooling -Xcc -I/Users/sparkles/Documents/CodingFiles/FullStack/expensioApp/frontend/ios/Pods/Headers/Public/React-logger -Xcc -I/Users/sparkles/Documents/CodingFiles/FullStack/expensioApp/frontend/ios/Pods/Headers/Public/React-oscompat -Xcc -I/Users/sparkles/Documents/CodingFiles/FullStack/expensioApp/frontend/ios/Pods/Headers/Public/React-perflogger -Xcc -I/Users/sparkles/Documents/CodingFiles/FullStack/expensioApp/frontend/ios/Pods/Headers/Public/React-performancetimeline -Xcc -I/Users/sparkles/Documents/CodingFiles/FullStack/expensioApp/frontend/ios/Pods/Headers/Public/React-rendererconsistency -Xcc -I/Users/sparkles/Documents/CodingFiles/FullStack/expensioApp/frontend/ios/Pods/Headers/Public/React-rendererdebug -Xcc -I/Users/sparkles/Documents/CodingFiles/FullStack/expensioApp/frontend/ios/Pods/Headers/Public/React-runtimeexecutor -Xcc -I/Users/sparkles/Documents/CodingFiles/FullStack/expensioApp/frontend/ios/Pods/Headers/Public/React-runtimescheduler -Xcc -I/Users/sparkles/Documents/CodingFiles/FullStack/expensioApp/frontend/ios/Pods/Headers/Public/React-timing -Xcc -I/Users/sparkles/Documents/CodingFiles/FullStack/expensioApp/frontend/ios/Pods/Headers/Public/React-utils -Xcc -I/Users/sparkles/Documents/CodingFiles/FullStack/expensioApp/frontend/ios/Pods/Headers/Public/ReactCommon -Xcc -I/Users/sparkles/Documents/CodingFiles/FullStack/expensioApp/frontend/ios/Pods/Headers/Public/ReactNativeDependencies -Xcc -I/Users/sparkles/Documents/CodingFiles/FullStack/expensioApp/frontend/ios/Pods/Headers/Public/Yoga -Xcc -I/Users/sparkles/Documents/CodingFiles/FullStack/expensioApp/frontend/ios/Pods/Headers/Public/hermes-engine -Xcc -I/Users/sparkles/Documents/CodingFiles/FullStack/expensioApp/frontend/ios/Pods/ExpoModulesCore/ExpoModulesCore.xcframework/ios-arm64_x86_64-simulator/ExpoModulesCore.framework/Headers -Xcc -I/Users/sparkles/Documents/CodingFiles/FullStack/expensioApp/frontend/ios/Pods/ExpoModulesCore/ExpoModulesCore.xcframework/ios-arm64/ExpoModulesCore.framework/Headers -Xcc -I/Users/sparkles/Documents/CodingFiles/FullStack/expensioApp/frontend/ios/Pods/ExpoModulesCore/ExpoModulesCore.xcframework/ios-arm64_x86_64-simulator/ExpoModulesCore.framework/Headers -Xcc -I/Users/sparkles/Documents/CodingFiles/FullStack/expensioApp/frontend/ios/Pods/ExpoModulesCore/ExpoModulesCore.xcframework/ios-arm64/ExpoModulesCore.framework/Headers -Xcc -I/Users/sparkles/Library/Developer/Xcode/DerivedData/Expensio-futtgngxcysvvhcljmosbeftqmyc/Build/Intermediates.noindex/Pods.build/Debug-iphonesimulator/ExpoLogBox.build/DerivedSources-normal/x86_64 -Xcc -I/Users/sparkles/Library/Developer/Xcode/DerivedData/Expensio-futtgngxcysvvhcljmosbeftqmyc/Build/Intermediates.noindex/Pods.build/Debug-iphonesimulator/ExpoLogBox.build/DerivedSources/x86_64 -Xcc -I/Users/sparkles/Library/Developer/Xcode/DerivedData/Expensio-futtgngxcysvvhcljmosbeftqmyc/Build/Intermediates.noindex/Pods.build/Debug-iphonesimulator/ExpoLogBox.build/DerivedSources -Xcc -DPOD_CONFIGURATION_DEBUG\=1 -Xcc -DDEBUG\=1 -Xcc -DCOCOAPODS\=1 -emit-objc-header -emit-objc-header-path /Users/sparkles/Library/Developer/Xcode/DerivedData/Expensio-futtgngxcysvvhcljmosbeftqmyc/Build/Intermediates.noindex/Pods.build/Debug-iphonesimulator/ExpoLogBox.build/Objects-normal/x86_64/ExpoLogBox-Swift.h -working-directory /Users/sparkles/Documents/CodingFiles/FullStack/expensioApp/frontend/ios/Pods -experimental-emit-module-separately -disable-cmo

SwiftDriver\ Compilation\ Requirements ExpoLogBox normal arm64 com.apple.xcode.tools.swift.compiler (in target 'ExpoLogBox' from project 'Pods')
    cd /Users/sparkles/Documents/CodingFiles/FullStack/expensioApp/frontend/ios/Pods
    builtin-Swift-Compilation-Requirements -- /Applications/Xcode.app/Contents/Developer/Toolchains/XcodeDefault.xctoolchain/usr/bin/swiftc -module-name ExpoLogBox -Onone @/Users/sparkles/Library/Developer/Xcode/DerivedData/Expensio-futtgngxcysvvhcljmosbeftqmyc/Build/Intermediates.noindex/Pods.build/Debug-iphonesimulator/ExpoLogBox.build/Objects-normal/arm64/ExpoLogBox.SwiftFileList -DDEBUG -D COCOAPODS -import-underlying-module -Xcc -fmodule-map-file\=/Users/sparkles/Documents/CodingFiles/FullStack/expensioApp/frontend/ios/Pods/Headers/Public/ExpoLogBox/ExpoLogBox.modulemap -Xcc -ivfsoverlay -Xcc /Users/sparkles/Documents/CodingFiles/FullStack/expensioApp/frontend/ios/Pods/React-Core-prebuilt/React-VFS.yaml -Xcc -Wno-incomplete-umbrella -enable-bare-slash-regex -enable-experimental-feature DebugDescriptionMacro -sdk /Applications/Xcode.app/Contents/Developer/Platforms/iPhoneSimulator.platform/Developer/SDKs/iPhoneSimulator27.0.sdk -target arm64-apple-ios17.0-simulator -g -module-cache-path /Users/sparkles/Library/Developer/Xcode/DerivedData/ModuleCache.noindex -Xfrontend -serialize-debugging-options -enable-testing -index-store-path /Users/sparkles/Library/Developer/Xcode/DerivedData/Expensio-futtgngxcysvvhcljmosbeftqmyc/Index.noindex/DataStore -Xcc -D_LIBCPP_HARDENING_MODE\=_LIBCPP_HARDENING_MODE_DEBUG -swift-version 5 -I /Users/sparkles/Library/Developer/Xcode/DerivedData/Expensio-futtgngxcysvvhcljmosbeftqmyc/Build/Products/Debug-iphonesimulator/ExpoLogBox -F /Users/sparkles/Library/Developer/Xcode/DerivedData/Expensio-futtgngxcysvvhcljmosbeftqmyc/Build/Products/Debug-iphonesimulator/ExpoLogBox -F /Users/sparkles/Documents/CodingFiles/FullStack/expensioApp/frontend/ios/Pods/React-Core-prebuilt -F /Users/sparkles/Documents/CodingFiles/FullStack/expensioApp/frontend/ios/Pods/ReactNativeDependencies/framework/packages/react-native -F /Users/sparkles/Documents/CodingFiles/FullStack/expensioApp/frontend/ios/Pods/hermes-engine/destroot/Library/Frameworks/universal -F /Users/sparkles/Library/Developer/Xcode/DerivedData/Expensio-futtgngxcysvvhcljmosbeftqmyc/Build/Products/Debug-iphonesimulator/XCFrameworkIntermediates/React-Core-prebuilt -F /Users/sparkles/Library/Developer/Xcode/DerivedData/Expensio-futtgngxcysvvhcljmosbeftqmyc/Build/Products/Debug-iphonesimulator/XCFrameworkIntermediates/ReactNativeDependencies -F /Users/sparkles/Library/Developer/Xcode/DerivedData/Expensio-futtgngxcysvvhcljmosbeftqmyc/Build/Products/Debug-iphonesimulator/XCFrameworkIntermediates/hermes-engine/Pre-built -c -j8 -enable-batch-mode -incremental -Xcc -ivfsstatcache -Xcc /Users/sparkles/Library/Developer/Xcode/DerivedData/SDKStatCaches.noindex/iphonesimulator27.0-24A430-8dc58220667be655e1bcc261a7455254.sdkstatcache -output-file-map /Users/sparkles/Library/Developer/Xcode/DerivedData/Expensio-futtgngxcysvvhcljmosbeftqmyc/Build/Intermediates.noindex/Pods.build/Debug-iphonesimulator/ExpoLogBox.build/Objects-normal/arm64/ExpoLogBox-OutputFileMap.json -save-temps -no-color-diagnostics -emit-dependencies -emit-module -emit-module-path /Users/sparkles/Library/Developer/Xcode/DerivedData/Expensio-futtgngxcysvvhcljmosbeftqmyc/Build/Intermediates.noindex/Pods.build/Debug-iphonesimulator/ExpoLogBox.build/Objects-normal/arm64/ExpoLogBox.swiftmodule -serialize-diagnostics -validate-clang-modules-once -clang-build-session-file /Users/sparkles/Library/Developer/Xcode/DerivedData/ModuleCache.noindex/Session.modulevalidation -Xcc -fmodules-prune-interval\=86400 -Xcc -fmodules-prune-after\=345600 -emit-const-values -const-gather-protocols-list /Users/sparkles/Library/Developer/Xcode/DerivedData/Expensio-futtgngxcysvvhcljmosbeftqmyc/Build/Intermediates.noindex/Pods.build/Debug-iphonesimulator/ExpoLogBox.build/Objects-normal/arm64/ExpoLogBox_const_extract_protocols.json -Xcc -iquote -Xcc /Users/sparkles/Library/Developer/Xcode/DerivedData/Expensio-futtgngxcysvvhcljmosbeftqmyc/Build/Intermediates.noindex/Pods.build/Debug-iphonesimulator/ExpoLogBox.build/ExpoLogBox-generated-files.hmap -Xcc -I/Users/sparkles/Library/Developer/Xcode/DerivedData/Expensio-futtgngxcysvvhcljmosbeftqmyc/Build/Intermediates.noindex/Pods.build/Debug-iphonesimulator/ExpoLogBox.build/ExpoLogBox-own-target-headers.hmap -Xcc -I/Users/sparkles/Library/Developer/Xcode/DerivedData/Expensio-futtgngxcysvvhcljmosbeftqmyc/Build/Intermediates.noindex/Pods.build/Debug-iphonesimulator/ExpoLogBox.build/ExpoLogBox-all-non-framework-target-headers.hmap -Xcc -ivfsoverlay -Xcc /Users/sparkles/Library/Developer/Xcode/DerivedData/Expensio-futtgngxcysvvhcljmosbeftqmyc/Build/Intermediates.noindex/Pods.build/Debug-iphonesimulator/Pods-8699adb1dd336b26511df848a716bd42-VFS-iphonesimulator/all-product-headers.yaml -Xcc -iquote -Xcc /Users/sparkles/Library/Developer/Xcode/DerivedData/Expensio-futtgngxcysvvhcljmosbeftqmyc/Build/Intermediates.noindex/Pods.build/Debug-iphonesimulator/ExpoLogBox.build/ExpoLogBox-project-headers.hmap -Xcc -I/Users/sparkles/Library/Developer/Xcode/DerivedData/Expensio-futtgngxcysvvhcljmosbeftqmyc/Build/Products/Debug-iphonesimulator/ExpoLogBox/include -Xcc -I/Users/sparkles/Documents/CodingFiles/FullStack/expensioApp/frontend/ios/Pods/Headers/Public -Xcc -I/Users/sparkles/Documents/CodingFiles/FullStack/expensioApp/frontend/ios/Pods/Headers/Public/React-Core -Xcc -I/Users/sparkles/Documents/CodingFiles/FullStack/expensioApp/frontend/ios/Pods/Headers/Public/React-Core-prebuilt -Xcc -I/Users/sparkles/Documents/CodingFiles/FullStack/expensioApp/frontend/ios/Pods/Headers/Public/React-callinvoker -Xcc -I/Users/sparkles/Documents/CodingFiles/FullStack/expensioApp/frontend/ios/Pods/Headers/Public/React-cxxreact -Xcc -I/Users/sparkles/Documents/CodingFiles/FullStack/expensioApp/frontend/ios/Pods/Headers/Public/React-debug -Xcc -I/Users/sparkles/Documents/CodingFiles/FullStack/expensioApp/frontend/ios/Pods/Headers/Public/React-featureflags -Xcc -I/Users/sparkles/Documents/CodingFiles/FullStack/expensioApp/frontend/ios/Pods/Headers/Public/React-hermes -Xcc -I/Users/sparkles/Documents/CodingFiles/FullStack/expensioApp/frontend/ios/Pods/Headers/Public/React-jserrorhandler -Xcc -I/Users/sparkles/Documents/CodingFiles/FullStack/expensioApp/frontend/ios/Pods/Headers/Public/React-jsi -Xcc -I/Users/sparkles/Documents/CodingFiles/FullStack/expensioApp/frontend/ios/Pods/Headers/Public/React-jsiexecutor -Xcc -I/Users/sparkles/Documents/CodingFiles/FullStack/expensioApp/frontend/ios/Pods/Headers/Public/React-jsinspector -Xcc -I/Users/sparkles/Documents/CodingFiles/FullStack/expensioApp/frontend/ios/Pods/Headers/Public/React-jsinspectorcdp -Xcc -I/Users/sparkles/Documents/CodingFiles/FullStack/expensioApp/frontend/ios/Pods/Headers/Public/React-jsinspectornetwork -Xcc -I/Users/sparkles/Documents/CodingFiles/FullStack/expensioApp/frontend/ios/Pods/Headers/Public/React-jsinspectortracing -Xcc -I/Users/sparkles/Documents/CodingFiles/FullStack/expensioApp/frontend/ios/Pods/Headers/Public/React-jsitooling -Xcc -I/Users/sparkles/Documents/CodingFiles/FullStack/expensioApp/frontend/ios/Pods/Headers/Public/React-logger -Xcc -I/Users/sparkles/Documents/CodingFiles/FullStack/expensioApp/frontend/ios/Pods/Headers/Public/React-oscompat -Xcc -I/Users/sparkles/Documents/CodingFiles/FullStack/expensioApp/frontend/ios/Pods/Headers/Public/React-perflogger -Xcc -I/Users/sparkles/Documents/CodingFiles/FullStack/expensioApp/frontend/ios/Pods/Headers/Public/React-performancetimeline -Xcc -I/Users/sparkles/Documents/CodingFiles/FullStack/expensioApp/frontend/ios/Pods/Headers/Public/React-rendererconsistency -Xcc -I/Users/sparkles/Documents/CodingFiles/FullStack/expensioApp/frontend/ios/Pods/Headers/Public/React-rendererdebug -Xcc -I/Users/sparkles/Documents/CodingFiles/FullStack/expensioApp/frontend/ios/Pods/Headers/Public/React-runtimeexecutor -Xcc -I/Users/sparkles/Documents/CodingFiles/FullStack/expensioApp/frontend/ios/Pods/Headers/Public/React-runtimescheduler -Xcc -I/Users/sparkles/Documents/CodingFiles/FullStack/expensioApp/frontend/ios/Pods/Headers/Public/React-timing -Xcc -I/Users/sparkles/Documents/CodingFiles/FullStack/expensioApp/frontend/ios/Pods/Headers/Public/React-utils -Xcc -I/Users/sparkles/Documents/CodingFiles/FullStack/expensioApp/frontend/ios/Pods/Headers/Public/ReactCommon -Xcc -I/Users/sparkles/Documents/CodingFiles/FullStack/expensioApp/frontend/ios/Pods/Headers/Public/ReactNativeDependencies -Xcc -I/Users/sparkles/Documents/CodingFiles/FullStack/expensioApp/frontend/ios/Pods/Headers/Public/Yoga -Xcc -I/Users/sparkles/Documents/CodingFiles/FullStack/expensioApp/frontend/ios/Pods/Headers/Public/hermes-engine -Xcc -I/Users/sparkles/Documents/CodingFiles/FullStack/expensioApp/frontend/ios/Pods/ExpoModulesCore/ExpoModulesCore.xcframework/ios-arm64_x86_64-simulator/ExpoModulesCore.framework/Headers -Xcc -I/Users/sparkles/Documents/CodingFiles/FullStack/expensioApp/frontend/ios/Pods/ExpoModulesCore/ExpoModulesCore.xcframework/ios-arm64/ExpoModulesCore.framework/Headers -Xcc -I/Users/sparkles/Documents/CodingFiles/FullStack/expensioApp/frontend/ios/Pods/ExpoModulesCore/ExpoModulesCore.xcframework/ios-arm64_x86_64-simulator/ExpoModulesCore.framework/Headers -Xcc -I/Users/sparkles/Documents/CodingFiles/FullStack/expensioApp/frontend/ios/Pods/ExpoModulesCore/ExpoModulesCore.xcframework/ios-arm64/ExpoModulesCore.framework/Headers -Xcc -I/Users/sparkles/Library/Developer/Xcode/DerivedData/Expensio-futtgngxcysvvhcljmosbeftqmyc/Build/Intermediates.noindex/Pods.build/Debug-iphonesimulator/ExpoLogBox.build/DerivedSources-normal/arm64 -Xcc -I/Users/sparkles/Library/Developer/Xcode/DerivedData/Expensio-futtgngxcysvvhcljmosbeftqmyc/Build/Intermediates.noindex/Pods.build/Debug-iphonesimulator/ExpoLogBox.build/DerivedSources/arm64 -Xcc -I/Users/sparkles/Library/Developer/Xcode/DerivedData/Expensio-futtgngxcysvvhcljmosbeftqmyc/Build/Intermediates.noindex/Pods.build/Debug-iphonesimulator/ExpoLogBox.build/DerivedSources -Xcc -DPOD_CONFIGURATION_DEBUG\=1 -Xcc -DDEBUG\=1 -Xcc -DCOCOAPODS\=1 -emit-objc-header -emit-objc-header-path /Users/sparkles/Library/Developer/Xcode/DerivedData/Expensio-futtgngxcysvvhcljmosbeftqmyc/Build/Intermediates.noindex/Pods.build/Debug-iphonesimulator/ExpoLogBox.build/Objects-normal/arm64/ExpoLogBox-Swift.h -working-directory /Users/sparkles/Documents/CodingFiles/FullStack/expensioApp/frontend/ios/Pods -experimental-emit-module-separately -disable-cmo

SwiftMergeGeneratedHeaders /Users/sparkles/Library/Developer/Xcode/DerivedData/Expensio-futtgngxcysvvhcljmosbeftqmyc/Build/Intermediates.noindex/Pods.build/Debug-iphonesimulator/ExpoLogBox.build/DerivedSources/ExpoLogBox-Swift.h /Users/sparkles/Library/Developer/Xcode/DerivedData/Expensio-futtgngxcysvvhcljmosbeftqmyc/Build/Intermediates.noindex/Pods.build/Debug-iphonesimulator/ExpoLogBox.build/Objects-normal/arm64/ExpoLogBox-Swift.h /Users/sparkles/Library/Developer/Xcode/DerivedData/Expensio-futtgngxcysvvhcljmosbeftqmyc/Build/Intermediates.noindex/Pods.build/Debug-iphonesimulator/ExpoLogBox.build/Objects-normal/x86_64/ExpoLogBox-Swift.h (in target 'ExpoLogBox' from project 'Pods')
    cd /Users/sparkles/Documents/CodingFiles/FullStack/expensioApp/frontend/ios/Pods
    builtin-swiftHeaderTool -arch arm64 /Users/sparkles/Library/Developer/Xcode/DerivedData/Expensio-futtgngxcysvvhcljmosbeftqmyc/Build/Intermediates.noindex/Pods.build/Debug-iphonesimulator/ExpoLogBox.build/Objects-normal/arm64/ExpoLogBox-Swift.h -arch x86_64 /Users/sparkles/Library/Developer/Xcode/DerivedData/Expensio-futtgngxcysvvhcljmosbeftqmyc/Build/Intermediates.noindex/Pods.build/Debug-iphonesimulator/ExpoLogBox.build/Objects-normal/x86_64/ExpoLogBox-Swift.h -o /Users/sparkles/Library/Developer/Xcode/DerivedData/Expensio-futtgngxcysvvhcljmosbeftqmyc/Build/Intermediates.noindex/Pods.build/Debug-iphonesimulator/ExpoLogBox.build/DerivedSources/ExpoLogBox-Swift.h

Copy /Users/sparkles/Library/Developer/Xcode/DerivedData/Expensio-futtgngxcysvvhcljmosbeftqmyc/Build/Products/Debug-iphonesimulator/ExpoLogBox/ExpoLogBox.swiftmodule/x86_64-apple-ios-simulator.swiftmodule /Users/sparkles/Library/Developer/Xcode/DerivedData/Expensio-futtgngxcysvvhcljmosbeftqmyc/Build/Intermediates.noindex/Pods.build/Debug-iphonesimulator/ExpoLogBox.build/Objects-normal/x86_64/ExpoLogBox.swiftmodule (in target 'ExpoLogBox' from project 'Pods')
    cd /Users/sparkles/Documents/CodingFiles/FullStack/expensioApp/frontend/ios/Pods
    builtin-copy -exclude .DS_Store -exclude CVS -exclude .svn -exclude .git -exclude .hg -resolve-src-symlinks -rename /Users/sparkles/Library/Developer/Xcode/DerivedData/Expensio-futtgngxcysvvhcljmosbeftqmyc/Build/Intermediates.noindex/Pods.build/Debug-iphonesimulator/ExpoLogBox.build/Objects-normal/x86_64/ExpoLogBox.swiftmodule /Users/sparkles/Library/Developer/Xcode/DerivedData/Expensio-futtgngxcysvvhcljmosbeftqmyc/Build/Products/Debug-iphonesimulator/ExpoLogBox/ExpoLogBox.swiftmodule/x86_64-apple-ios-simulator.swiftmodule

Copy /Users/sparkles/Library/Developer/Xcode/DerivedData/Expensio-futtgngxcysvvhcljmosbeftqmyc/Build/Products/Debug-iphonesimulator/ExpoLogBox/ExpoLogBox.swiftmodule/x86_64-apple-ios-simulator.swiftdoc /Users/sparkles/Library/Developer/Xcode/DerivedData/Expensio-futtgngxcysvvhcljmosbeftqmyc/Build/Intermediates.noindex/Pods.build/Debug-iphonesimulator/ExpoLogBox.build/Objects-normal/x86_64/ExpoLogBox.swiftdoc (in target 'ExpoLogBox' from project 'Pods')
    cd /Users/sparkles/Documents/CodingFiles/FullStack/expensioApp/frontend/ios/Pods
    builtin-copy -exclude .DS_Store -exclude CVS -exclude .svn -exclude .git -exclude .hg -resolve-src-symlinks -rename /Users/sparkles/Library/Developer/Xcode/DerivedData/Expensio-futtgngxcysvvhcljmosbeftqmyc/Build/Intermediates.noindex/Pods.build/Debug-iphonesimulator/ExpoLogBox.build/Objects-normal/x86_64/ExpoLogBox.swiftdoc /Users/sparkles/Library/Developer/Xcode/DerivedData/Expensio-futtgngxcysvvhcljmosbeftqmyc/Build/Products/Debug-iphonesimulator/ExpoLogBox/ExpoLogBox.swiftmodule/x86_64-apple-ios-simulator.swiftdoc

Copy /Users/sparkles/Library/Developer/Xcode/DerivedData/Expensio-futtgngxcysvvhcljmosbeftqmyc/Build/Products/Debug-iphonesimulator/ExpoLogBox/ExpoLogBox.swiftmodule/x86_64-apple-ios-simulator.abi.json /Users/sparkles/Library/Developer/Xcode/DerivedData/Expensio-futtgngxcysvvhcljmosbeftqmyc/Build/Intermediates.noindex/Pods.build/Debug-iphonesimulator/ExpoLogBox.build/Objects-normal/x86_64/ExpoLogBox.abi.json (in target 'ExpoLogBox' from project 'Pods')
    cd /Users/sparkles/Documents/CodingFiles/FullStack/expensioApp/frontend/ios/Pods
    builtin-copy -exclude .DS_Store -exclude CVS -exclude .svn -exclude .git -exclude .hg -resolve-src-symlinks -rename /Users/sparkles/Library/Developer/Xcode/DerivedData/Expensio-futtgngxcysvvhcljmosbeftqmyc/Build/Intermediates.noindex/Pods.build/Debug-iphonesimulator/ExpoLogBox.build/Objects-normal/x86_64/ExpoLogBox.abi.json /Users/sparkles/Library/Developer/Xcode/DerivedData/Expensio-futtgngxcysvvhcljmosbeftqmyc/Build/Products/Debug-iphonesimulator/ExpoLogBox/ExpoLogBox.swiftmodule/x86_64-apple-ios-simulator.abi.json

Copy /Users/sparkles/Library/Developer/Xcode/DerivedData/Expensio-futtgngxcysvvhcljmosbeftqmyc/Build/Products/Debug-iphonesimulator/ExpoLogBox/ExpoLogBox.swiftmodule/arm64-apple-ios-simulator.swiftmodule /Users/sparkles/Library/Developer/Xcode/DerivedData/Expensio-futtgngxcysvvhcljmosbeftqmyc/Build/Intermediates.noindex/Pods.build/Debug-iphonesimulator/ExpoLogBox.build/Objects-normal/arm64/ExpoLogBox.swiftmodule (in target 'ExpoLogBox' from project 'Pods')
    cd /Users/sparkles/Documents/CodingFiles/FullStack/expensioApp/frontend/ios/Pods
    builtin-copy -exclude .DS_Store -exclude CVS -exclude .svn -exclude .git -exclude .hg -resolve-src-symlinks -rename /Users/sparkles/Library/Developer/Xcode/DerivedData/Expensio-futtgngxcysvvhcljmosbeftqmyc/Build/Intermediates.noindex/Pods.build/Debug-iphonesimulator/ExpoLogBox.build/Objects-normal/arm64/ExpoLogBox.swiftmodule /Users/sparkles/Library/Developer/Xcode/DerivedData/Expensio-futtgngxcysvvhcljmosbeftqmyc/Build/Products/Debug-iphonesimulator/ExpoLogBox/ExpoLogBox.swiftmodule/arm64-apple-ios-simulator.swiftmodule

Copy /Users/sparkles/Library/Developer/Xcode/DerivedData/Expensio-futtgngxcysvvhcljmosbeftqmyc/Build/Products/Debug-iphonesimulator/ExpoLogBox/ExpoLogBox.swiftmodule/arm64-apple-ios-simulator.swiftdoc /Users/sparkles/Library/Developer/Xcode/DerivedData/Expensio-futtgngxcysvvhcljmosbeftqmyc/Build/Intermediates.noindex/Pods.build/Debug-iphonesimulator/ExpoLogBox.build/Objects-normal/arm64/ExpoLogBox.swiftdoc (in target 'ExpoLogBox' from project 'Pods')
    cd /Users/sparkles/Documents/CodingFiles/FullStack/expensioApp/frontend/ios/Pods
    builtin-copy -exclude .DS_Store -exclude CVS -exclude .svn -exclude .git -exclude .hg -resolve-src-symlinks -rename /Users/sparkles/Library/Developer/Xcode/DerivedData/Expensio-futtgngxcysvvhcljmosbeftqmyc/Build/Intermediates.noindex/Pods.build/Debug-iphonesimulator/ExpoLogBox.build/Objects-normal/arm64/ExpoLogBox.swiftdoc /Users/sparkles/Library/Developer/Xcode/DerivedData/Expensio-futtgngxcysvvhcljmosbeftqmyc/Build/Products/Debug-iphonesimulator/ExpoLogBox/ExpoLogBox.swiftmodule/arm64-apple-ios-simulator.swiftdoc

Copy /Users/sparkles/Library/Developer/Xcode/DerivedData/Expensio-futtgngxcysvvhcljmosbeftqmyc/Build/Products/Debug-iphonesimulator/ExpoLogBox/ExpoLogBox.swiftmodule/arm64-apple-ios-simulator.abi.json /Users/sparkles/Library/Developer/Xcode/DerivedData/Expensio-futtgngxcysvvhcljmosbeftqmyc/Build/Intermediates.noindex/Pods.build/Debug-iphonesimulator/ExpoLogBox.build/Objects-normal/arm64/ExpoLogBox.abi.json (in target 'ExpoLogBox' from project 'Pods')
    cd /Users/sparkles/Documents/CodingFiles/FullStack/expensioApp/frontend/ios/Pods
    builtin-copy -exclude .DS_Store -exclude CVS -exclude .svn -exclude .git -exclude .hg -resolve-src-symlinks -rename /Users/sparkles/Library/Developer/Xcode/DerivedData/Expensio-futtgngxcysvvhcljmosbeftqmyc/Build/Intermediates.noindex/Pods.build/Debug-iphonesimulator/ExpoLogBox.build/Objects-normal/arm64/ExpoLogBox.abi.json /Users/sparkles/Library/Developer/Xcode/DerivedData/Expensio-futtgngxcysvvhcljmosbeftqmyc/Build/Products/Debug-iphonesimulator/ExpoLogBox/ExpoLogBox.swiftmodule/arm64-apple-ios-simulator.abi.json

Copy /Users/sparkles/Library/Developer/Xcode/DerivedData/Expensio-futtgngxcysvvhcljmosbeftqmyc/Build/Products/Debug-iphonesimulator/ExpoLogBox/ExpoLogBox.swiftmodule/Project/x86_64-apple-ios-simulator.swiftsourceinfo /Users/sparkles/Library/Developer/Xcode/DerivedData/Expensio-futtgngxcysvvhcljmosbeftqmyc/Build/Intermediates.noindex/Pods.build/Debug-iphonesimulator/ExpoLogBox.build/Objects-normal/x86_64/ExpoLogBox.swiftsourceinfo (in target 'ExpoLogBox' from project 'Pods')
    cd /Users/sparkles/Documents/CodingFiles/FullStack/expensioApp/frontend/ios/Pods
    builtin-copy -exclude .DS_Store -exclude CVS -exclude .svn -exclude .git -exclude .hg -resolve-src-symlinks -rename /Users/sparkles/Library/Developer/Xcode/DerivedData/Expensio-futtgngxcysvvhcljmosbeftqmyc/Build/Intermediates.noindex/Pods.build/Debug-iphonesimulator/ExpoLogBox.build/Objects-normal/x86_64/ExpoLogBox.swiftsourceinfo /Users/sparkles/Library/Developer/Xcode/DerivedData/Expensio-futtgngxcysvvhcljmosbeftqmyc/Build/Products/Debug-iphonesimulator/ExpoLogBox/ExpoLogBox.swiftmodule/Project/x86_64-apple-ios-simulator.swiftsourceinfo

Copy /Users/sparkles/Library/Developer/Xcode/DerivedData/Expensio-futtgngxcysvvhcljmosbeftqmyc/Build/Products/Debug-iphonesimulator/ExpoLogBox/ExpoLogBox.swiftmodule/Project/arm64-apple-ios-simulator.swiftsourceinfo /Users/sparkles/Library/Developer/Xcode/DerivedData/Expensio-futtgngxcysvvhcljmosbeftqmyc/Build/Intermediates.noindex/Pods.build/Debug-iphonesimulator/ExpoLogBox.build/Objects-normal/arm64/ExpoLogBox.swiftsourceinfo (in target 'ExpoLogBox' from project 'Pods')
    cd /Users/sparkles/Documents/CodingFiles/FullStack/expensioApp/frontend/ios/Pods
    builtin-copy -exclude .DS_Store -exclude CVS -exclude .svn -exclude .git -exclude .hg -resolve-src-symlinks -rename /Users/sparkles/Library/Developer/Xcode/DerivedData/Expensio-futtgngxcysvvhcljmosbeftqmyc/Build/Intermediates.noindex/Pods.build/Debug-iphonesimulator/ExpoLogBox.build/Objects-normal/arm64/ExpoLogBox.swiftsourceinfo /Users/sparkles/Library/Developer/Xcode/DerivedData/Expensio-futtgngxcysvvhcljmosbeftqmyc/Build/Products/Debug-iphonesimulator/ExpoLogBox/ExpoLogBox.swiftmodule/Project/arm64-apple-ios-simulator.swiftsourceinfo

CompileC /Users/sparkles/Library/Developer/Xcode/DerivedData/Expensio-futtgngxcysvvhcljmosbeftqmyc/Build/Intermediates.noindex/Pods.build/Debug-iphonesimulator/ExpoLogBox.build/Objects-normal/x86_64/ExpoRedBoxSwap.o /Users/sparkles/Documents/CodingFiles/FullStack/expensioApp/frontend/node_modules/@expo/log-box/ios/ExpoRedBoxSwap.mm normal x86_64 objective-c++ com.apple.compilers.llvm.clang.1_0.compiler (in target 'ExpoLogBox' from project 'Pods')
    cd /Users/sparkles/Documents/CodingFiles/FullStack/expensioApp/frontend/ios/Pods
    
    Using response file: /Users/sparkles/Library/Developer/Xcode/DerivedData/Expensio-futtgngxcysvvhcljmosbeftqmyc/Build/Intermediates.noindex/Pods.build/Debug-iphonesimulator/ExpoLogBox.build/Objects-normal/x86_64/af3fcb34312c57c0f52879cdce924b91-common-args.resp
    
    /Applications/Xcode.app/Contents/Developer/Toolchains/XcodeDefault.xctoolchain/usr/bin/clang -x objective-c++ -ivfsstatcache /Users/sparkles/Library/Developer/Xcode/DerivedData/SDKStatCaches.noindex/iphonesimulator27.0-24A430-8dc58220667be655e1bcc261a7455254.sdkstatcache -target x86_64-apple-ios17.0-simulator -fmessage-length\=0 -fdiagnostics-show-note-include-stack -fmacro-backtrace-limit\=0 -fno-color-diagnostics -fmodules-prune-interval\=86400 -fmodules-prune-after\=345600 -fbuild-session-file\=/Users/sparkles/Library/Developer/Xcode/DerivedData/ModuleCache.noindex/Session.modulevalidation -fmodules-validate-once-per-build-session -Wnon-modular-include-in-framework-module -Werror\=non-modular-include-in-framework-module -Wno-trigraphs -Wno-missing-field-initializers -Wno-missing-prototypes -Werror\=return-type -Wdocumentation -Wunreachable-code -Wno-implicit-atomic-properties -Werror\=deprecated-objc-isa-usage -Wno-objc-interface-ivars -Werror\=objc-root-class -Wno-arc-repeated-use-of-weak -Wimplicit-retain-self -Wno-non-virtual-dtor -Wno-overloaded-virtual -Wno-exit-time-destructors -Wduplicate-method-match -Wno-missing-braces -Wparentheses -Wswitch -Wunused-function -Wno-unused-label -Wno-unused-parameter -Wunused-variable -Wunused-value -Wempty-body -Wuninitialized -Wconditional-uninitialized -Wno-unknown-pragmas -Wno-shadow -Wno-four-char-constants -Wno-conversion -Wconstant-conversion -Wint-conversion -Wbool-conversion -Wenum-conversion -Wno-float-conversion -Wnon-literal-null-conversion -Wobjc-literal-conversion -Wshorten-64-to-32 -Wno-newline-eof -Wno-selector -Wno-strict-selector-match -Wundeclared-selector -Wdeprecated-implementations -Wno-c++11-extensions -Wno-implicit-fallthrough -isysroot /Applications/Xcode.app/Contents/Developer/Platforms/iPhoneSimulator.platform/Developer/SDKs/iPhoneSimulator27.0.sdk -fstrict-aliasing -Wprotocol -Wdeprecated-declarations -Winvalid-offsetof -Wno-sign-conversion -Winfinite-recursion -Wmove -Wcomma -Wblock-capture-autoreleasing -Wstrict-prototypes -Wrange-loop-analysis -Wno-semicolon-before-method-body -Wunguarded-availability -index-store-path /Users/sparkles/Library/Developer/Xcode/DerivedData/Expensio-futtgngxcysvvhcljmosbeftqmyc/Index.noindex/DataStore @/Users/sparkles/Library/Developer/Xcode/DerivedData/Expensio-futtgngxcysvvhcljmosbeftqmyc/Build/Intermediates.noindex/Pods.build/Debug-iphonesimulator/ExpoLogBox.build/Objects-normal/x86_64/af3fcb34312c57c0f52879cdce924b91-common-args.resp -include /Users/sparkles/Documents/CodingFiles/FullStack/expensioApp/frontend/ios/Pods/Target\ Support\ Files/ExpoLogBox/ExpoLogBox-prefix.pch -MMD -MT dependencies -MF /Users/sparkles/Library/Developer/Xcode/DerivedData/Expensio-futtgngxcysvvhcljmosbeftqmyc/Build/Intermediates.noindex/Pods.build/Debug-iphonesimulator/ExpoLogBox.build/Objects-normal/x86_64/ExpoRedBoxSwap.d --serialize-diagnostics /Users/sparkles/Library/Developer/Xcode/DerivedData/Expensio-futtgngxcysvvhcljmosbeftqmyc/Build/Intermediates.noindex/Pods.build/Debug-iphonesimulator/ExpoLogBox.build/Objects-normal/x86_64/ExpoRedBoxSwap.dia -c /Users/sparkles/Documents/CodingFiles/FullStack/expensioApp/frontend/node_modules/@expo/log-box/ios/ExpoRedBoxSwap.mm -o /Users/sparkles/Library/Developer/Xcode/DerivedData/Expensio-futtgngxcysvvhcljmosbeftqmyc/Build/Intermediates.noindex/Pods.build/Debug-iphonesimulator/ExpoLogBox.build/Objects-normal/x86_64/ExpoRedBoxSwap.o -index-unit-output-path /Pods.build/Debug-iphonesimulator/ExpoLogBox.build/Objects-normal/x86_64/ExpoRedBoxSwap.o

PhaseScriptExecution [CP]\ Copy\ XCFrameworks /Users/sparkles/Library/Developer/Xcode/DerivedData/Expensio-futtgngxcysvvhcljmosbeftqmyc/Build/Intermediates.noindex/Pods.build/Debug-iphonesimulator/ExpoModulesJSI.build/Script-46EB2E0001AA40.sh (in target 'ExpoModulesJSI' from project 'Pods')
    cd /Users/sparkles/Documents/CodingFiles/FullStack/expensioApp/frontend/ios/Pods
    /bin/sh -c /Users/sparkles/Library/Developer/Xcode/DerivedData/Expensio-futtgngxcysvvhcljmosbeftqmyc/Build/Intermediates.noindex/Pods.build/Debug-iphonesimulator/ExpoModulesJSI.build/Script-46EB2E0001AA40.sh
Selected xcframework slice ios-arm64_x86_64-simulator
rsync --delete -av --filter P .*.?????? --links --filter "- CVS/" --filter "- .svn/" --filter "- .git/" --filter "- .hg/" "/Users/sparkles/Documents/CodingFiles/FullStack/expensioApp/frontend/ios/Pods/../../node_modules/expo-modules-jsi/apple/Products/ExpoModulesJSI.xcframework/ios-arm64_x86_64-simulator/*" "/Users/sparkles/Library/Developer/Xcode/DerivedData/Expensio-futtgngxcysvvhcljmosbeftqmyc/Build/Products/Debug-iphonesimulator/XCFrameworkIntermediates/ExpoModulesJSI"
Transfer starting: 30 files
ExpoModulesJSI.framework.dSYM/
ExpoModulesJSI.framework.dSYM/Contents/
ExpoModulesJSI.framework.dSYM/Contents/Info.plist
ExpoModulesJSI.framework.dSYM/Contents/Resources/
ExpoModulesJSI.framework.dSYM/Contents/Resources/DWARF/
ExpoModulesJSI.framework.dSYM/Contents/Resources/DWARF/ExpoModulesJSI
ExpoModulesJSI.framework.dSYM/Contents/Resources/Relocations/
ExpoModulesJSI.framework.dSYM/Contents/Resources/Relocations/aarch64/
ExpoModulesJSI.framework.dSYM/Contents/Resources/Relocations/aarch64/ExpoModulesJSI.yml
ExpoModulesJSI.framework.dSYM/Contents/Resources/Relocations/x86_64/
ExpoModulesJSI.framework.dSYM/Contents/Resources/Relocations/x86_64/ExpoModulesJSI.yml
ExpoModulesJSI.framework/
ExpoModulesJSI.framework/ExpoModulesJSI
ExpoModulesJSI.framework/Info.plist
ExpoModulesJSI.framework/Headers/
ExpoModulesJSI.framework/Headers/ExpoModulesJSI-Swift.h
ExpoModulesJSI.framework/Headers/NativeState.h
ExpoModulesJSI.framework/Headers/module.modulemap
ExpoModulesJSI.framework/Modules/
ExpoModulesJSI.framework/Modules/ExpoModulesJSI.swiftmodule/
ExpoModulesJSI.framework/Modules/ExpoModulesJSI.swiftmodule/arm64-apple-ios-simulator.abi.json
ExpoModulesJSI.framework/Modules/ExpoModulesJSI.swiftmodule/arm64-apple-ios-simulator.swiftdoc
ExpoModulesJSI.framework/Modules/ExpoModulesJSI.swiftmodule/arm64-apple-ios-simulator.swiftinterface
ExpoModulesJSI.framework/Modules/ExpoModulesJSI.swiftmodule/arm64-apple-ios-simulator.swiftmodule
ExpoModulesJSI.framework/Modules/ExpoModulesJSI.swiftmodule/x86_64-apple-ios-simulator.abi.json
ExpoModulesJSI.framework/Modules/ExpoModulesJSI.swiftmodule/x86_64-apple-ios-simulator.swiftdoc
ExpoModulesJSI.framework/Modules/ExpoModulesJSI.swiftmodule/x86_64-apple-ios-simulator.swiftinterface
ExpoModulesJSI.framework/Modules/ExpoModulesJSI.swiftmodule/x86_64-apple-ios-simulator.swiftmodule
ExpoModulesJSI.framework/_CodeSignature/
ExpoModulesJSI.framework/_CodeSignature/CodeResources

sent 13412913 bytes  received 488 bytes  118597709 bytes/sec
total size is 13407638  speedup is 1.00
Copied /Users/sparkles/Documents/CodingFiles/FullStack/expensioApp/frontend/ios/Pods/../../node_modules/expo-modules-jsi/apple/Products/ExpoModulesJSI.xcframework/ios-arm64_x86_64-simulator to /Users/sparkles/Library/Developer/Xcode/DerivedData/Expensio-futtgngxcysvvhcljmosbeftqmyc/Build/Products/Debug-iphonesimulator/XCFrameworkIntermediates/ExpoModulesJSI

CompileC /Users/sparkles/Library/Developer/Xcode/DerivedData/Expensio-futtgngxcysvvhcljmosbeftqmyc/Build/Intermediates.noindex/Pods.build/Debug-iphonesimulator/ExpoLogBox.build/Objects-normal/arm64/ExpoRedBoxSwap.o /Users/sparkles/Documents/CodingFiles/FullStack/expensioApp/frontend/node_modules/@expo/log-box/ios/ExpoRedBoxSwap.mm normal arm64 objective-c++ com.apple.compilers.llvm.clang.1_0.compiler (in target 'ExpoLogBox' from project 'Pods')
    cd /Users/sparkles/Documents/CodingFiles/FullStack/expensioApp/frontend/ios/Pods
    
    Using response file: /Users/sparkles/Library/Developer/Xcode/DerivedData/Expensio-futtgngxcysvvhcljmosbeftqmyc/Build/Intermediates.noindex/Pods.build/Debug-iphonesimulator/ExpoLogBox.build/Objects-normal/arm64/af3fcb34312c57c0f52879cdce924b91-common-args.resp
    
    /Applications/Xcode.app/Contents/Developer/Toolchains/XcodeDefault.xctoolchain/usr/bin/clang -x objective-c++ -ivfsstatcache /Users/sparkles/Library/Developer/Xcode/DerivedData/SDKStatCaches.noindex/iphonesimulator27.0-24A430-8dc58220667be655e1bcc261a7455254.sdkstatcache -target arm64-apple-ios17.0-simulator -fmessage-length\=0 -fdiagnostics-show-note-include-stack -fmacro-backtrace-limit\=0 -fno-color-diagnostics -fmodules-prune-interval\=86400 -fmodules-prune-after\=345600 -fbuild-session-file\=/Users/sparkles/Library/Developer/Xcode/DerivedData/ModuleCache.noindex/Session.modulevalidation -fmodules-validate-once-per-build-session -Wnon-modular-include-in-framework-module -Werror\=non-modular-include-in-framework-module -Wno-trigraphs -Wno-missing-field-initializers -Wno-missing-prototypes -Werror\=return-type -Wdocumentation -Wunreachable-code -Wno-implicit-atomic-properties -Werror\=deprecated-objc-isa-usage -Wno-objc-interface-ivars -Werror\=objc-root-class -Wno-arc-repeated-use-of-weak -Wimplicit-retain-self -Wno-non-virtual-dtor -Wno-overloaded-virtual -Wno-exit-time-destructors -Wduplicate-method-match -Wno-missing-braces -Wparentheses -Wswitch -Wunused-function -Wno-unused-label -Wno-unused-parameter -Wunused-variable -Wunused-value -Wempty-body -Wuninitialized -Wconditional-uninitialized -Wno-unknown-pragmas -Wno-shadow -Wno-four-char-constants -Wno-conversion -Wconstant-conversion -Wint-conversion -Wbool-conversion -Wenum-conversion -Wno-float-conversion -Wnon-literal-null-conversion -Wobjc-literal-conversion -Wshorten-64-to-32 -Wno-newline-eof -Wno-selector -Wno-strict-selector-match -Wundeclared-selector -Wdeprecated-implementations -Wno-c++11-extensions -Wno-implicit-fallthrough -isysroot /Applications/Xcode.app/Contents/Developer/Platforms/iPhoneSimulator.platform/Developer/SDKs/iPhoneSimulator27.0.sdk -fstrict-aliasing -Wprotocol -Wdeprecated-declarations -Winvalid-offsetof -Wno-sign-conversion -Winfinite-recursion -Wmove -Wcomma -Wblock-capture-autoreleasing -Wstrict-prototypes -Wrange-loop-analysis -Wno-semicolon-before-method-body -Wunguarded-availability -index-store-path /Users/sparkles/Library/Developer/Xcode/DerivedData/Expensio-futtgngxcysvvhcljmosbeftqmyc/Index.noindex/DataStore @/Users/sparkles/Library/Developer/Xcode/DerivedData/Expensio-futtgngxcysvvhcljmosbeftqmyc/Build/Intermediates.noindex/Pods.build/Debug-iphonesimulator/ExpoLogBox.build/Objects-normal/arm64/af3fcb34312c57c0f52879cdce924b91-common-args.resp -include /Users/sparkles/Documents/CodingFiles/FullStack/expensioApp/frontend/ios/Pods/Target\ Support\ Files/ExpoLogBox/ExpoLogBox-prefix.pch -MMD -MT dependencies -MF /Users/sparkles/Library/Developer/Xcode/DerivedData/Expensio-futtgngxcysvvhcljmosbeftqmyc/Build/Intermediates.noindex/Pods.build/Debug-iphonesimulator/ExpoLogBox.build/Objects-normal/arm64/ExpoRedBoxSwap.d --serialize-diagnostics /Users/sparkles/Library/Developer/Xcode/DerivedData/Expensio-futtgngxcysvvhcljmosbeftqmyc/Build/Intermediates.noindex/Pods.build/Debug-iphonesimulator/ExpoLogBox.build/Objects-normal/arm64/ExpoRedBoxSwap.dia -c /Users/sparkles/Documents/CodingFiles/FullStack/expensioApp/frontend/node_modules/@expo/log-box/ios/ExpoRedBoxSwap.mm -o /Users/sparkles/Library/Developer/Xcode/DerivedData/Expensio-futtgngxcysvvhcljmosbeftqmyc/Build/Intermediates.noindex/Pods.build/Debug-iphonesimulator/ExpoLogBox.build/Objects-normal/arm64/ExpoRedBoxSwap.o -index-unit-output-path /Pods.build/Debug-iphonesimulator/ExpoLogBox.build/Objects-normal/arm64/ExpoRedBoxSwap.o

ScanDependencies /Users/sparkles/Library/Developer/Xcode/DerivedData/Expensio-futtgngxcysvvhcljmosbeftqmyc/Build/Intermediates.noindex/Pods.build/Debug-iphonesimulator/ExpoLogBox.build/Objects-normal/x86_64/ExpoLogBox-dummy.o /Users/sparkles/Documents/CodingFiles/FullStack/expensioApp/frontend/ios/Pods/Target\ Support\ Files/ExpoLogBox/ExpoLogBox-dummy.m normal x86_64 objective-c com.apple.compilers.llvm.clang.1_0.compiler (in target 'ExpoLogBox' from project 'Pods')
    cd /Users/sparkles/Documents/CodingFiles/FullStack/expensioApp/frontend/ios/Pods
    
    Using response file: /Users/sparkles/Library/Developer/Xcode/DerivedData/Expensio-futtgngxcysvvhcljmosbeftqmyc/Build/Intermediates.noindex/Pods.build/Debug-iphonesimulator/ExpoLogBox.build/Objects-normal/x86_64/e6072d4f65d7061329687fe24e3d63a7-common-args.resp
    
    builtin-ScanDependencies -o /Users/sparkles/Library/Developer/Xcode/DerivedData/Expensio-futtgngxcysvvhcljmosbeftqmyc/Build/Intermediates.noindex/Pods.build/Debug-iphonesimulator/ExpoLogBox.build/Objects-normal/x86_64/ExpoLogBox-dummy.o.scan -- /Applications/Xcode.app/Contents/Developer/Toolchains/XcodeDefault.xctoolchain/usr/bin/clang -x objective-c -ivfsstatcache /Users/sparkles/Library/Developer/Xcode/DerivedData/SDKStatCaches.noindex/iphonesimulator27.0-24A430-8dc58220667be655e1bcc261a7455254.sdkstatcache -target x86_64-apple-ios17.0-simulator -fmessage-length\=0 -fdiagnostics-show-note-include-stack -fmacro-backtrace-limit\=0 -fno-color-diagnostics -fmodules-prune-interval\=86400 -fmodules-prune-after\=345600 -fbuild-session-file\=/Users/sparkles/Library/Developer/Xcode/DerivedData/ModuleCache.noindex/Session.modulevalidation -fmodules-validate-once-per-build-session -Wnon-modular-include-in-framework-module -Werror\=non-modular-include-in-framework-module -Wno-trigraphs -Wno-missing-field-initializers -Wno-missing-prototypes -Werror\=return-type -Wdocumentation -Wunreachable-code -Wno-implicit-atomic-properties -Werror\=deprecated-objc-isa-usage -Wno-objc-interface-ivars -Werror\=objc-root-class -Wno-arc-repeated-use-of-weak -Wimplicit-retain-self -Wduplicate-method-match -Wno-missing-braces -Wparentheses -Wswitch -Wunused-function -Wno-unused-label -Wno-unused-parameter -Wunused-variable -Wunused-value -Wempty-body -Wuninitialized -Wconditional-uninitialized -Wno-unknown-pragmas -Wno-shadow -Wno-four-char-constants -Wno-conversion -Wconstant-conversion -Wint-conversion -Wbool-conversion -Wenum-conversion -Wno-float-conversion -Wnon-literal-null-conversion -Wobjc-literal-conversion -Wshorten-64-to-32 -Wpointer-sign -Wno-newline-eof -Wno-selector -Wno-strict-selector-match -Wundeclared-selector -Wdeprecated-implementations -Wno-implicit-fallthrough -isysroot /Applications/Xcode.app/Contents/Developer/Platforms/iPhoneSimulator.platform/Developer/SDKs/iPhoneSimulator27.0.sdk -fstrict-aliasing -Wprotocol -Wdeprecated-declarations -Wno-sign-conversion -Winfinite-recursion -Wcomma -Wblock-capture-autoreleasing -Wstrict-prototypes -Wno-semicolon-before-method-body -Wunguarded-availability -index-store-path /Users/sparkles/Library/Developer/Xcode/DerivedData/Expensio-futtgngxcysvvhcljmosbeftqmyc/Index.noindex/DataStore @/Users/sparkles/Library/Developer/Xcode/DerivedData/Expensio-futtgngxcysvvhcljmosbeftqmyc/Build/Intermediates.noindex/Pods.build/Debug-iphonesimulator/ExpoLogBox.build/Objects-normal/x86_64/e6072d4f65d7061329687fe24e3d63a7-common-args.resp -include /Users/sparkles/Documents/CodingFiles/FullStack/expensioApp/frontend/ios/Pods/Target\ Support\ Files/ExpoLogBox/ExpoLogBox-prefix.pch -MMD -MT dependencies -MF /Users/sparkles/Library/Developer/Xcode/DerivedData/Expensio-futtgngxcysvvhcljmosbeftqmyc/Build/Intermediates.noindex/Pods.build/Debug-iphonesimulator/ExpoLogBox.build/Objects-normal/x86_64/ExpoLogBox-dummy.d --serialize-diagnostics /Users/sparkles/Library/Developer/Xcode/DerivedData/Expensio-futtgngxcysvvhcljmosbeftqmyc/Build/Intermediates.noindex/Pods.build/Debug-iphonesimulator/ExpoLogBox.build/Objects-normal/x86_64/ExpoLogBox-dummy.dia -c /Users/sparkles/Documents/CodingFiles/FullStack/expensioApp/frontend/ios/Pods/Target\ Support\ Files/ExpoLogBox/ExpoLogBox-dummy.m -o /Users/sparkles/Library/Developer/Xcode/DerivedData/Expensio-futtgngxcysvvhcljmosbeftqmyc/Build/Intermediates.noindex/Pods.build/Debug-iphonesimulator/ExpoLogBox.build/Objects-normal/x86_64/ExpoLogBox-dummy.o -index-unit-output-path /Pods.build/Debug-iphonesimulator/ExpoLogBox.build/Objects-normal/x86_64/ExpoLogBox-dummy.o

SwiftDriverJobDiscovery normal x86_64 Compiling ExpoLogBoxWebViewWrapper.swift (in target 'ExpoLogBox' from project 'Pods')

ScanDependencies /Users/sparkles/Library/Developer/Xcode/DerivedData/Expensio-futtgngxcysvvhcljmosbeftqmyc/Build/Intermediates.noindex/Pods.build/Debug-iphonesimulator/ExpoLogBox.build/Objects-normal/arm64/ExpoLogBox-dummy.o /Users/sparkles/Documents/CodingFiles/FullStack/expensioApp/frontend/ios/Pods/Target\ Support\ Files/ExpoLogBox/ExpoLogBox-dummy.m normal arm64 objective-c com.apple.compilers.llvm.clang.1_0.compiler (in target 'ExpoLogBox' from project 'Pods')
    cd /Users/sparkles/Documents/CodingFiles/FullStack/expensioApp/frontend/ios/Pods
    
    Using response file: /Users/sparkles/Library/Developer/Xcode/DerivedData/Expensio-futtgngxcysvvhcljmosbeftqmyc/Build/Intermediates.noindex/Pods.build/Debug-iphonesimulator/ExpoLogBox.build/Objects-normal/arm64/e6072d4f65d7061329687fe24e3d63a7-common-args.resp
    
    builtin-ScanDependencies -o /Users/sparkles/Library/Developer/Xcode/DerivedData/Expensio-futtgngxcysvvhcljmosbeftqmyc/Build/Intermediates.noindex/Pods.build/Debug-iphonesimulator/ExpoLogBox.build/Objects-normal/arm64/ExpoLogBox-dummy.o.scan -- /Applications/Xcode.app/Contents/Developer/Toolchains/XcodeDefault.xctoolchain/usr/bin/clang -x objective-c -ivfsstatcache /Users/sparkles/Library/Developer/Xcode/DerivedData/SDKStatCaches.noindex/iphonesimulator27.0-24A430-8dc58220667be655e1bcc261a7455254.sdkstatcache -target arm64-apple-ios17.0-simulator -fmessage-length\=0 -fdiagnostics-show-note-include-stack -fmacro-backtrace-limit\=0 -fno-color-diagnostics -fmodules-prune-interval\=86400 -fmodules-prune-after\=345600 -fbuild-session-file\=/Users/sparkles/Library/Developer/Xcode/DerivedData/ModuleCache.noindex/Session.modulevalidation -fmodules-validate-once-per-build-session -Wnon-modular-include-in-framework-module -Werror\=non-modular-include-in-framework-module -Wno-trigraphs -Wno-missing-field-initializers -Wno-missing-prototypes -Werror\=return-type -Wdocumentation -Wunreachable-code -Wno-implicit-atomic-properties -Werror\=deprecated-objc-isa-usage -Wno-objc-interface-ivars -Werror\=objc-root-class -Wno-arc-repeated-use-of-weak -Wimplicit-retain-self -Wduplicate-method-match -Wno-missing-braces -Wparentheses -Wswitch -Wunused-function -Wno-unused-label -Wno-unused-parameter -Wunused-variable -Wunused-value -Wempty-body -Wuninitialized -Wconditional-uninitialized -Wno-unknown-pragmas -Wno-shadow -Wno-four-char-constants -Wno-conversion -Wconstant-conversion -Wint-conversion -Wbool-conversion -Wenum-conversion -Wno-float-conversion -Wnon-literal-null-conversion -Wobjc-literal-conversion -Wshorten-64-to-32 -Wpointer-sign -Wno-newline-eof -Wno-selector -Wno-strict-selector-match -Wundeclared-selector -Wdeprecated-implementations -Wno-implicit-fallthrough -isysroot /Applications/Xcode.app/Contents/Developer/Platforms/iPhoneSimulator.platform/Developer/SDKs/iPhoneSimulator27.0.sdk -fstrict-aliasing -Wprotocol -Wdeprecated-declarations -Wno-sign-conversion -Winfinite-recursion -Wcomma -Wblock-capture-autoreleasing -Wstrict-prototypes -Wno-semicolon-before-method-body -Wunguarded-availability -index-store-path /Users/sparkles/Library/Developer/Xcode/DerivedData/Expensio-futtgngxcysvvhcljmosbeftqmyc/Index.noindex/DataStore @/Users/sparkles/Library/Developer/Xcode/DerivedData/Expensio-futtgngxcysvvhcljmosbeftqmyc/Build/Intermediates.noindex/Pods.build/Debug-iphonesimulator/ExpoLogBox.build/Objects-normal/arm64/e6072d4f65d7061329687fe24e3d63a7-common-args.resp -include /Users/sparkles/Documents/CodingFiles/FullStack/expensioApp/frontend/ios/Pods/Target\ Support\ Files/ExpoLogBox/ExpoLogBox-prefix.pch -MMD -MT dependencies -MF /Users/sparkles/Library/Developer/Xcode/DerivedData/Expensio-futtgngxcysvvhcljmosbeftqmyc/Build/Intermediates.noindex/Pods.build/Debug-iphonesimulator/ExpoLogBox.build/Objects-normal/arm64/ExpoLogBox-dummy.d --serialize-diagnostics /Users/sparkles/Library/Developer/Xcode/DerivedData/Expensio-futtgngxcysvvhcljmosbeftqmyc/Build/Intermediates.noindex/Pods.build/Debug-iphonesimulator/ExpoLogBox.build/Objects-normal/arm64/ExpoLogBox-dummy.dia -c /Users/sparkles/Documents/CodingFiles/FullStack/expensioApp/frontend/ios/Pods/Target\ Support\ Files/ExpoLogBox/ExpoLogBox-dummy.m -o /Users/sparkles/Library/Developer/Xcode/DerivedData/Expensio-futtgngxcysvvhcljmosbeftqmyc/Build/Intermediates.noindex/Pods.build/Debug-iphonesimulator/ExpoLogBox.build/Objects-normal/arm64/ExpoLogBox-dummy.o -index-unit-output-path /Pods.build/Debug-iphonesimulator/ExpoLogBox.build/Objects-normal/arm64/ExpoLogBox-dummy.o

SwiftDriverJobDiscovery normal arm64 Compiling ExpoLogBoxWebViewWrapper.swift (in target 'ExpoLogBox' from project 'Pods')

SwiftDriverJobDiscovery normal arm64 Compiling ExpoLogBoxController.swift (in target 'ExpoLogBox' from project 'Pods')

SwiftDriverJobDiscovery normal x86_64 Compiling ExpoLogBoxController.swift (in target 'ExpoLogBox' from project 'Pods')

SwiftDriver\ Compilation ExpoLogBox normal x86_64 com.apple.xcode.tools.swift.compiler (in target 'ExpoLogBox' from project 'Pods')
    cd /Users/sparkles/Documents/CodingFiles/FullStack/expensioApp/frontend/ios/Pods
    builtin-Swift-Compilation -- /Applications/Xcode.app/Contents/Developer/Toolchains/XcodeDefault.xctoolchain/usr/bin/swiftc -module-name ExpoLogBox -Onone @/Users/sparkles/Library/Developer/Xcode/DerivedData/Expensio-futtgngxcysvvhcljmosbeftqmyc/Build/Intermediates.noindex/Pods.build/Debug-iphonesimulator/ExpoLogBox.build/Objects-normal/x86_64/ExpoLogBox.SwiftFileList -DDEBUG -D COCOAPODS -import-underlying-module -Xcc -fmodule-map-file\=/Users/sparkles/Documents/CodingFiles/FullStack/expensioApp/frontend/ios/Pods/Headers/Public/ExpoLogBox/ExpoLogBox.modulemap -Xcc -ivfsoverlay -Xcc /Users/sparkles/Documents/CodingFiles/FullStack/expensioApp/frontend/ios/Pods/React-Core-prebuilt/React-VFS.yaml -Xcc -Wno-incomplete-umbrella -enable-bare-slash-regex -enable-experimental-feature DebugDescriptionMacro -sdk /Applications/Xcode.app/Contents/Developer/Platforms/iPhoneSimulator.platform/Developer/SDKs/iPhoneSimulator27.0.sdk -target x86_64-apple-ios17.0-simulator -g -module-cache-path /Users/sparkles/Library/Developer/Xcode/DerivedData/ModuleCache.noindex -Xfrontend -serialize-debugging-options -enable-testing -index-store-path /Users/sparkles/Library/Developer/Xcode/DerivedData/Expensio-futtgngxcysvvhcljmosbeftqmyc/Index.noindex/DataStore -Xcc -D_LIBCPP_HARDENING_MODE\=_LIBCPP_HARDENING_MODE_DEBUG -swift-version 5 -I /Users/sparkles/Library/Developer/Xcode/DerivedData/Expensio-futtgngxcysvvhcljmosbeftqmyc/Build/Products/Debug-iphonesimulator/ExpoLogBox -F /Users/sparkles/Library/Developer/Xcode/DerivedData/Expensio-futtgngxcysvvhcljmosbeftqmyc/Build/Products/Debug-iphonesimulator/ExpoLogBox -F /Users/sparkles/Documents/CodingFiles/FullStack/expensioApp/frontend/ios/Pods/React-Core-prebuilt -F /Users/sparkles/Documents/CodingFiles/FullStack/expensioApp/frontend/ios/Pods/ReactNativeDependencies/framework/packages/react-native -F /Users/sparkles/Documents/CodingFiles/FullStack/expensioApp/frontend/ios/Pods/hermes-engine/destroot/Library/Frameworks/universal -F /Users/sparkles/Library/Developer/Xcode/DerivedData/Expensio-futtgngxcysvvhcljmosbeftqmyc/Build/Products/Debug-iphonesimulator/XCFrameworkIntermediates/React-Core-prebuilt -F /Users/sparkles/Library/Developer/Xcode/DerivedData/Expensio-futtgngxcysvvhcljmosbeftqmyc/Build/Products/Debug-iphonesimulator/XCFrameworkIntermediates/ReactNativeDependencies -F /Users/sparkles/Library/Developer/Xcode/DerivedData/Expensio-futtgngxcysvvhcljmosbeftqmyc/Build/Products/Debug-iphonesimulator/XCFrameworkIntermediates/hermes-engine/Pre-built -c -j8 -enable-batch-mode -incremental -Xcc -ivfsstatcache -Xcc /Users/sparkles/Library/Developer/Xcode/DerivedData/SDKStatCaches.noindex/iphonesimulator27.0-24A430-8dc58220667be655e1bcc261a7455254.sdkstatcache -output-file-map /Users/sparkles/Library/Developer/Xcode/DerivedData/Expensio-futtgngxcysvvhcljmosbeftqmyc/Build/Intermediates.noindex/Pods.build/Debug-iphonesimulator/ExpoLogBox.build/Objects-normal/x86_64/ExpoLogBox-OutputFileMap.json -save-temps -no-color-diagnostics -emit-dependencies -emit-module -emit-module-path /Users/sparkles/Library/Developer/Xcode/DerivedData/Expensio-futtgngxcysvvhcljmosbeftqmyc/Build/Intermediates.noindex/Pods.build/Debug-iphonesimulator/ExpoLogBox.build/Objects-normal/x86_64/ExpoLogBox.swiftmodule -serialize-diagnostics -validate-clang-modules-once -clang-build-session-file /Users/sparkles/Library/Developer/Xcode/DerivedData/ModuleCache.noindex/Session.modulevalidation -Xcc -fmodules-prune-interval\=86400 -Xcc -fmodules-prune-after\=345600 -emit-const-values -const-gather-protocols-list /Users/sparkles/Library/Developer/Xcode/DerivedData/Expensio-futtgngxcysvvhcljmosbeftqmyc/Build/Intermediates.noindex/Pods.build/Debug-iphonesimulator/ExpoLogBox.build/Objects-normal/x86_64/ExpoLogBox_const_extract_protocols.json -Xcc -iquote -Xcc /Users/sparkles/Library/Developer/Xcode/DerivedData/Expensio-futtgngxcysvvhcljmosbeftqmyc/Build/Intermediates.noindex/Pods.build/Debug-iphonesimulator/ExpoLogBox.build/ExpoLogBox-generated-files.hmap -Xcc -I/Users/sparkles/Library/Developer/Xcode/DerivedData/Expensio-futtgngxcysvvhcljmosbeftqmyc/Build/Intermediates.noindex/Pods.build/Debug-iphonesimulator/ExpoLogBox.build/ExpoLogBox-own-target-headers.hmap -Xcc -I/Users/sparkles/Library/Developer/Xcode/DerivedData/Expensio-futtgngxcysvvhcljmosbeftqmyc/Build/Intermediates.noindex/Pods.build/Debug-iphonesimulator/ExpoLogBox.build/ExpoLogBox-all-non-framework-target-headers.hmap -Xcc -ivfsoverlay -Xcc /Users/sparkles/Library/Developer/Xcode/DerivedData/Expensio-futtgngxcysvvhcljmosbeftqmyc/Build/Intermediates.noindex/Pods.build/Debug-iphonesimulator/Pods-8699adb1dd336b26511df848a716bd42-VFS-iphonesimulator/all-product-headers.yaml -Xcc -iquote -Xcc /Users/sparkles/Library/Developer/Xcode/DerivedData/Expensio-futtgngxcysvvhcljmosbeftqmyc/Build/Intermediates.noindex/Pods.build/Debug-iphonesimulator/ExpoLogBox.build/ExpoLogBox-project-headers.hmap -Xcc -I/Users/sparkles/Library/Developer/Xcode/DerivedData/Expensio-futtgngxcysvvhcljmosbeftqmyc/Build/Products/Debug-iphonesimulator/ExpoLogBox/include -Xcc -I/Users/sparkles/Documents/CodingFiles/FullStack/expensioApp/frontend/ios/Pods/Headers/Public -Xcc -I/Users/sparkles/Documents/CodingFiles/FullStack/expensioApp/frontend/ios/Pods/Headers/Public/React-Core -Xcc -I/Users/sparkles/Documents/CodingFiles/FullStack/expensioApp/frontend/ios/Pods/Headers/Public/React-Core-prebuilt -Xcc -I/Users/sparkles/Documents/CodingFiles/FullStack/expensioApp/frontend/ios/Pods/Headers/Public/React-callinvoker -Xcc -I/Users/sparkles/Documents/CodingFiles/FullStack/expensioApp/frontend/ios/Pods/Headers/Public/React-cxxreact -Xcc -I/Users/sparkles/Documents/CodingFiles/FullStack/expensioApp/frontend/ios/Pods/Headers/Public/React-debug -Xcc -I/Users/sparkles/Documents/CodingFiles/FullStack/expensioApp/frontend/ios/Pods/Headers/Public/React-featureflags -Xcc -I/Users/sparkles/Documents/CodingFiles/FullStack/expensioApp/frontend/ios/Pods/Headers/Public/React-hermes -Xcc -I/Users/sparkles/Documents/CodingFiles/FullStack/expensioApp/frontend/ios/Pods/Headers/Public/React-jserrorhandler -Xcc -I/Users/sparkles/Documents/CodingFiles/FullStack/expensioApp/frontend/ios/Pods/Headers/Public/React-jsi -Xcc -I/Users/sparkles/Documents/CodingFiles/FullStack/expensioApp/frontend/ios/Pods/Headers/Public/React-jsiexecutor -Xcc -I/Users/sparkles/Documents/CodingFiles/FullStack/expensioApp/frontend/ios/Pods/Headers/Public/React-jsinspector -Xcc -I/Users/sparkles/Documents/CodingFiles/FullStack/expensioApp/frontend/ios/Pods/Headers/Public/React-jsinspectorcdp -Xcc -I/Users/sparkles/Documents/CodingFiles/FullStack/expensioApp/frontend/ios/Pods/Headers/Public/React-jsinspectornetwork -Xcc -I/Users/sparkles/Documents/CodingFiles/FullStack/expensioApp/frontend/ios/Pods/Headers/Public/React-jsinspectortracing -Xcc -I/Users/sparkles/Documents/CodingFiles/FullStack/expensioApp/frontend/ios/Pods/Headers/Public/React-jsitooling -Xcc -I/Users/sparkles/Documents/CodingFiles/FullStack/expensioApp/frontend/ios/Pods/Headers/Public/React-logger -Xcc -I/Users/sparkles/Documents/CodingFiles/FullStack/expensioApp/frontend/ios/Pods/Headers/Public/React-oscompat -Xcc -I/Users/sparkles/Documents/CodingFiles/FullStack/expensioApp/frontend/ios/Pods/Headers/Public/React-perflogger -Xcc -I/Users/sparkles/Documents/CodingFiles/FullStack/expensioApp/frontend/ios/Pods/Headers/Public/React-performancetimeline -Xcc -I/Users/sparkles/Documents/CodingFiles/FullStack/expensioApp/frontend/ios/Pods/Headers/Public/React-rendererconsistency -Xcc -I/Users/sparkles/Documents/CodingFiles/FullStack/expensioApp/frontend/ios/Pods/Headers/Public/React-rendererdebug -Xcc -I/Users/sparkles/Documents/CodingFiles/FullStack/expensioApp/frontend/ios/Pods/Headers/Public/React-runtimeexecutor -Xcc -I/Users/sparkles/Documents/CodingFiles/FullStack/expensioApp/frontend/ios/Pods/Headers/Public/React-runtimescheduler -Xcc -I/Users/sparkles/Documents/CodingFiles/FullStack/expensioApp/frontend/ios/Pods/Headers/Public/React-timing -Xcc -I/Users/sparkles/Documents/CodingFiles/FullStack/expensioApp/frontend/ios/Pods/Headers/Public/React-utils -Xcc -I/Users/sparkles/Documents/CodingFiles/FullStack/expensioApp/frontend/ios/Pods/Headers/Public/ReactCommon -Xcc -I/Users/sparkles/Documents/CodingFiles/FullStack/expensioApp/frontend/ios/Pods/Headers/Public/ReactNativeDependencies -Xcc -I/Users/sparkles/Documents/CodingFiles/FullStack/expensioApp/frontend/ios/Pods/Headers/Public/Yoga -Xcc -I/Users/sparkles/Documents/CodingFiles/FullStack/expensioApp/frontend/ios/Pods/Headers/Public/hermes-engine -Xcc -I/Users/sparkles/Documents/CodingFiles/FullStack/expensioApp/frontend/ios/Pods/ExpoModulesCore/ExpoModulesCore.xcframework/ios-arm64_x86_64-simulator/ExpoModulesCore.framework/Headers -Xcc -I/Users/sparkles/Documents/CodingFiles/FullStack/expensioApp/frontend/ios/Pods/ExpoModulesCore/ExpoModulesCore.xcframework/ios-arm64/ExpoModulesCore.framework/Headers -Xcc -I/Users/sparkles/Documents/CodingFiles/FullStack/expensioApp/frontend/ios/Pods/ExpoModulesCore/ExpoModulesCore.xcframework/ios-arm64_x86_64-simulator/ExpoModulesCore.framework/Headers -Xcc -I/Users/sparkles/Documents/CodingFiles/FullStack/expensioApp/frontend/ios/Pods/ExpoModulesCore/ExpoModulesCore.xcframework/ios-arm64/ExpoModulesCore.framework/Headers -Xcc -I/Users/sparkles/Library/Developer/Xcode/DerivedData/Expensio-futtgngxcysvvhcljmosbeftqmyc/Build/Intermediates.noindex/Pods.build/Debug-iphonesimulator/ExpoLogBox.build/DerivedSources-normal/x86_64 -Xcc -I/Users/sparkles/Library/Developer/Xcode/DerivedData/Expensio-futtgngxcysvvhcljmosbeftqmyc/Build/Intermediates.noindex/Pods.build/Debug-iphonesimulator/ExpoLogBox.build/DerivedSources/x86_64 -Xcc -I/Users/sparkles/Library/Developer/Xcode/DerivedData/Expensio-futtgngxcysvvhcljmosbeftqmyc/Build/Intermediates.noindex/Pods.build/Debug-iphonesimulator/ExpoLogBox.build/DerivedSources -Xcc -DPOD_CONFIGURATION_DEBUG\=1 -Xcc -DDEBUG\=1 -Xcc -DCOCOAPODS\=1 -emit-objc-header -emit-objc-header-path /Users/sparkles/Library/Developer/Xcode/DerivedData/Expensio-futtgngxcysvvhcljmosbeftqmyc/Build/Intermediates.noindex/Pods.build/Debug-iphonesimulator/ExpoLogBox.build/Objects-normal/x86_64/ExpoLogBox-Swift.h -working-directory /Users/sparkles/Documents/CodingFiles/FullStack/expensioApp/frontend/ios/Pods -experimental-emit-module-separately -disable-cmo

SwiftDriver\ Compilation ExpoLogBox normal arm64 com.apple.xcode.tools.swift.compiler (in target 'ExpoLogBox' from project 'Pods')
    cd /Users/sparkles/Documents/CodingFiles/FullStack/expensioApp/frontend/ios/Pods
    builtin-Swift-Compilation -- /Applications/Xcode.app/Contents/Developer/Toolchains/XcodeDefault.xctoolchain/usr/bin/swiftc -module-name ExpoLogBox -Onone @/Users/sparkles/Library/Developer/Xcode/DerivedData/Expensio-futtgngxcysvvhcljmosbeftqmyc/Build/Intermediates.noindex/Pods.build/Debug-iphonesimulator/ExpoLogBox.build/Objects-normal/arm64/ExpoLogBox.SwiftFileList -DDEBUG -D COCOAPODS -import-underlying-module -Xcc -fmodule-map-file\=/Users/sparkles/Documents/CodingFiles/FullStack/expensioApp/frontend/ios/Pods/Headers/Public/ExpoLogBox/ExpoLogBox.modulemap -Xcc -ivfsoverlay -Xcc /Users/sparkles/Documents/CodingFiles/FullStack/expensioApp/frontend/ios/Pods/React-Core-prebuilt/React-VFS.yaml -Xcc -Wno-incomplete-umbrella -enable-bare-slash-regex -enable-experimental-feature DebugDescriptionMacro -sdk /Applications/Xcode.app/Contents/Developer/Platforms/iPhoneSimulator.platform/Developer/SDKs/iPhoneSimulator27.0.sdk -target arm64-apple-ios17.0-simulator -g -module-cache-path /Users/sparkles/Library/Developer/Xcode/DerivedData/ModuleCache.noindex -Xfrontend -serialize-debugging-options -enable-testing -index-store-path /Users/sparkles/Library/Developer/Xcode/DerivedData/Expensio-futtgngxcysvvhcljmosbeftqmyc/Index.noindex/DataStore -Xcc -D_LIBCPP_HARDENING_MODE\=_LIBCPP_HARDENING_MODE_DEBUG -swift-version 5 -I /Users/sparkles/Library/Developer/Xcode/DerivedData/Expensio-futtgngxcysvvhcljmosbeftqmyc/Build/Products/Debug-iphonesimulator/ExpoLogBox -F /Users/sparkles/Library/Developer/Xcode/DerivedData/Expensio-futtgngxcysvvhcljmosbeftqmyc/Build/Products/Debug-iphonesimulator/ExpoLogBox -F /Users/sparkles/Documents/CodingFiles/FullStack/expensioApp/frontend/ios/Pods/React-Core-prebuilt -F /Users/sparkles/Documents/CodingFiles/FullStack/expensioApp/frontend/ios/Pods/ReactNativeDependencies/framework/packages/react-native -F /Users/sparkles/Documents/CodingFiles/FullStack/expensioApp/frontend/ios/Pods/hermes-engine/destroot/Library/Frameworks/universal -F /Users/sparkles/Library/Developer/Xcode/DerivedData/Expensio-futtgngxcysvvhcljmosbeftqmyc/Build/Products/Debug-iphonesimulator/XCFrameworkIntermediates/React-Core-prebuilt -F /Users/sparkles/Library/Developer/Xcode/DerivedData/Expensio-futtgngxcysvvhcljmosbeftqmyc/Build/Products/Debug-iphonesimulator/XCFrameworkIntermediates/ReactNativeDependencies -F /Users/sparkles/Library/Developer/Xcode/DerivedData/Expensio-futtgngxcysvvhcljmosbeftqmyc/Build/Products/Debug-iphonesimulator/XCFrameworkIntermediates/hermes-engine/Pre-built -c -j8 -enable-batch-mode -incremental -Xcc -ivfsstatcache -Xcc /Users/sparkles/Library/Developer/Xcode/DerivedData/SDKStatCaches.noindex/iphonesimulator27.0-24A430-8dc58220667be655e1bcc261a7455254.sdkstatcache -output-file-map /Users/sparkles/Library/Developer/Xcode/DerivedData/Expensio-futtgngxcysvvhcljmosbeftqmyc/Build/Intermediates.noindex/Pods.build/Debug-iphonesimulator/ExpoLogBox.build/Objects-normal/arm64/ExpoLogBox-OutputFileMap.json -save-temps -no-color-diagnostics -emit-dependencies -emit-module -emit-module-path /Users/sparkles/Library/Developer/Xcode/DerivedData/Expensio-futtgngxcysvvhcljmosbeftqmyc/Build/Intermediates.noindex/Pods.build/Debug-iphonesimulator/ExpoLogBox.build/Objects-normal/arm64/ExpoLogBox.swiftmodule -serialize-diagnostics -validate-clang-modules-once -clang-build-session-file /Users/sparkles/Library/Developer/Xcode/DerivedData/ModuleCache.noindex/Session.modulevalidation -Xcc -fmodules-prune-interval\=86400 -Xcc -fmodules-prune-after\=345600 -emit-const-values -const-gather-protocols-list /Users/sparkles/Library/Developer/Xcode/DerivedData/Expensio-futtgngxcysvvhcljmosbeftqmyc/Build/Intermediates.noindex/Pods.build/Debug-iphonesimulator/ExpoLogBox.build/Objects-normal/arm64/ExpoLogBox_const_extract_protocols.json -Xcc -iquote -Xcc /Users/sparkles/Library/Developer/Xcode/DerivedData/Expensio-futtgngxcysvvhcljmosbeftqmyc/Build/Intermediates.noindex/Pods.build/Debug-iphonesimulator/ExpoLogBox.build/ExpoLogBox-generated-files.hmap -Xcc -I/Users/sparkles/Library/Developer/Xcode/DerivedData/Expensio-futtgngxcysvvhcljmosbeftqmyc/Build/Intermediates.noindex/Pods.build/Debug-iphonesimulator/ExpoLogBox.build/ExpoLogBox-own-target-headers.hmap -Xcc -I/Users/sparkles/Library/Developer/Xcode/DerivedData/Expensio-futtgngxcysvvhcljmosbeftqmyc/Build/Intermediates.noindex/Pods.build/Debug-iphonesimulator/ExpoLogBox.build/ExpoLogBox-all-non-framework-target-headers.hmap -Xcc -ivfsoverlay -Xcc /Users/sparkles/Library/Developer/Xcode/DerivedData/Expensio-futtgngxcysvvhcljmosbeftqmyc/Build/Intermediates.noindex/Pods.build/Debug-iphonesimulator/Pods-8699adb1dd336b26511df848a716bd42-VFS-iphonesimulator/all-product-headers.yaml -Xcc -iquote -Xcc /Users/sparkles/Library/Developer/Xcode/DerivedData/Expensio-futtgngxcysvvhcljmosbeftqmyc/Build/Intermediates.noindex/Pods.build/Debug-iphonesimulator/ExpoLogBox.build/ExpoLogBox-project-headers.hmap -Xcc -I/Users/sparkles/Library/Developer/Xcode/DerivedData/Expensio-futtgngxcysvvhcljmosbeftqmyc/Build/Products/Debug-iphonesimulator/ExpoLogBox/include -Xcc -I/Users/sparkles/Documents/CodingFiles/FullStack/expensioApp/frontend/ios/Pods/Headers/Public -Xcc -I/Users/sparkles/Documents/CodingFiles/FullStack/expensioApp/frontend/ios/Pods/Headers/Public/React-Core -Xcc -I/Users/sparkles/Documents/CodingFiles/FullStack/expensioApp/frontend/ios/Pods/Headers/Public/React-Core-prebuilt -Xcc -I/Users/sparkles/Documents/CodingFiles/FullStack/expensioApp/frontend/ios/Pods/Headers/Public/React-callinvoker -Xcc -I/Users/sparkles/Documents/CodingFiles/FullStack/expensioApp/frontend/ios/Pods/Headers/Public/React-cxxreact -Xcc -I/Users/sparkles/Documents/CodingFiles/FullStack/expensioApp/frontend/ios/Pods/Headers/Public/React-debug -Xcc -I/Users/sparkles/Documents/CodingFiles/FullStack/expensioApp/frontend/ios/Pods/Headers/Public/React-featureflags -Xcc -I/Users/sparkles/Documents/CodingFiles/FullStack/expensioApp/frontend/ios/Pods/Headers/Public/React-hermes -Xcc -I/Users/sparkles/Documents/CodingFiles/FullStack/expensioApp/frontend/ios/Pods/Headers/Public/React-jserrorhandler -Xcc -I/Users/sparkles/Documents/CodingFiles/FullStack/expensioApp/frontend/ios/Pods/Headers/Public/React-jsi -Xcc -I/Users/sparkles/Documents/CodingFiles/FullStack/expensioApp/frontend/ios/Pods/Headers/Public/React-jsiexecutor -Xcc -I/Users/sparkles/Documents/CodingFiles/FullStack/expensioApp/frontend/ios/Pods/Headers/Public/React-jsinspector -Xcc -I/Users/sparkles/Documents/CodingFiles/FullStack/expensioApp/frontend/ios/Pods/Headers/Public/React-jsinspectorcdp -Xcc -I/Users/sparkles/Documents/CodingFiles/FullStack/expensioApp/frontend/ios/Pods/Headers/Public/React-jsinspectornetwork -Xcc -I/Users/sparkles/Documents/CodingFiles/FullStack/expensioApp/frontend/ios/Pods/Headers/Public/React-jsinspectortracing -Xcc -I/Users/sparkles/Documents/CodingFiles/FullStack/expensioApp/frontend/ios/Pods/Headers/Public/React-jsitooling -Xcc -I/Users/sparkles/Documents/CodingFiles/FullStack/expensioApp/frontend/ios/Pods/Headers/Public/React-logger -Xcc -I/Users/sparkles/Documents/CodingFiles/FullStack/expensioApp/frontend/ios/Pods/Headers/Public/React-oscompat -Xcc -I/Users/sparkles/Documents/CodingFiles/FullStack/expensioApp/frontend/ios/Pods/Headers/Public/React-perflogger -Xcc -I/Users/sparkles/Documents/CodingFiles/FullStack/expensioApp/frontend/ios/Pods/Headers/Public/React-performancetimeline -Xcc -I/Users/sparkles/Documents/CodingFiles/FullStack/expensioApp/frontend/ios/Pods/Headers/Public/React-rendererconsistency -Xcc -I/Users/sparkles/Documents/CodingFiles/FullStack/expensioApp/frontend/ios/Pods/Headers/Public/React-rendererdebug -Xcc -I/Users/sparkles/Documents/CodingFiles/FullStack/expensioApp/frontend/ios/Pods/Headers/Public/React-runtimeexecutor -Xcc -I/Users/sparkles/Documents/CodingFiles/FullStack/expensioApp/frontend/ios/Pods/Headers/Public/React-runtimescheduler -Xcc -I/Users/sparkles/Documents/CodingFiles/FullStack/expensioApp/frontend/ios/Pods/Headers/Public/React-timing -Xcc -I/Users/sparkles/Documents/CodingFiles/FullStack/expensioApp/frontend/ios/Pods/Headers/Public/React-utils -Xcc -I/Users/sparkles/Documents/CodingFiles/FullStack/expensioApp/frontend/ios/Pods/Headers/Public/ReactCommon -Xcc -I/Users/sparkles/Documents/CodingFiles/FullStack/expensioApp/frontend/ios/Pods/Headers/Public/ReactNativeDependencies -Xcc -I/Users/sparkles/Documents/CodingFiles/FullStack/expensioApp/frontend/ios/Pods/Headers/Public/Yoga -Xcc -I/Users/sparkles/Documents/CodingFiles/FullStack/expensioApp/frontend/ios/Pods/Headers/Public/hermes-engine -Xcc -I/Users/sparkles/Documents/CodingFiles/FullStack/expensioApp/frontend/ios/Pods/ExpoModulesCore/ExpoModulesCore.xcframework/ios-arm64_x86_64-simulator/ExpoModulesCore.framework/Headers -Xcc -I/Users/sparkles/Documents/CodingFiles/FullStack/expensioApp/frontend/ios/Pods/ExpoModulesCore/ExpoModulesCore.xcframework/ios-arm64/ExpoModulesCore.framework/Headers -Xcc -I/Users/sparkles/Documents/CodingFiles/FullStack/expensioApp/frontend/ios/Pods/ExpoModulesCore/ExpoModulesCore.xcframework/ios-arm64_x86_64-simulator/ExpoModulesCore.framework/Headers -Xcc -I/Users/sparkles/Documents/CodingFiles/FullStack/expensioApp/frontend/ios/Pods/ExpoModulesCore/ExpoModulesCore.xcframework/ios-arm64/ExpoModulesCore.framework/Headers -Xcc -I/Users/sparkles/Library/Developer/Xcode/DerivedData/Expensio-futtgngxcysvvhcljmosbeftqmyc/Build/Intermediates.noindex/Pods.build/Debug-iphonesimulator/ExpoLogBox.build/DerivedSources-normal/arm64 -Xcc -I/Users/sparkles/Library/Developer/Xcode/DerivedData/Expensio-futtgngxcysvvhcljmosbeftqmyc/Build/Intermediates.noindex/Pods.build/Debug-iphonesimulator/ExpoLogBox.build/DerivedSources/arm64 -Xcc -I/Users/sparkles/Library/Developer/Xcode/DerivedData/Expensio-futtgngxcysvvhcljmosbeftqmyc/Build/Intermediates.noindex/Pods.build/Debug-iphonesimulator/ExpoLogBox.build/DerivedSources -Xcc -DPOD_CONFIGURATION_DEBUG\=1 -Xcc -DDEBUG\=1 -Xcc -DCOCOAPODS\=1 -emit-objc-header -emit-objc-header-path /Users/sparkles/Library/Developer/Xcode/DerivedData/Expensio-futtgngxcysvvhcljmosbeftqmyc/Build/Intermediates.noindex/Pods.build/Debug-iphonesimulator/ExpoLogBox.build/Objects-normal/arm64/ExpoLogBox-Swift.h -working-directory /Users/sparkles/Documents/CodingFiles/FullStack/expensioApp/frontend/ios/Pods -experimental-emit-module-separately -disable-cmo

PrecompileModule /Users/sparkles/Library/Developer/Xcode/DerivedData/Expensio-futtgngxcysvvhcljmosbeftqmyc/Build/Intermediates.noindex/ExplicitPrecompiledModules/_Builtin_stdbool-BKP57DOL9MXO73LGCUD0UDSX1.scan
    cd /
    builtin-precompileModule /Users/sparkles/Library/Developer/Xcode/DerivedData/Expensio-futtgngxcysvvhcljmosbeftqmyc/Build/Intermediates.noindex/ExplicitPrecompiledModules/_Builtin_stdbool-BKP57DOL9MXO73LGCUD0UDSX1.scan

PrecompileModule /Users/sparkles/Library/Developer/Xcode/DerivedData/Expensio-futtgngxcysvvhcljmosbeftqmyc/Build/Intermediates.noindex/ExplicitPrecompiledModules/_Builtin_stddef-6WSDPS0WMNHDTCSBQH3JFAF33.scan
    cd /
    builtin-precompileModule /Users/sparkles/Library/Developer/Xcode/DerivedData/Expensio-futtgngxcysvvhcljmosbeftqmyc/Build/Intermediates.noindex/ExplicitPrecompiledModules/_Builtin_stddef-6WSDPS0WMNHDTCSBQH3JFAF33.scan

PrecompileModule /Users/sparkles/Library/Developer/Xcode/DerivedData/Expensio-futtgngxcysvvhcljmosbeftqmyc/Build/Intermediates.noindex/ExplicitPrecompiledModules/_Builtin_float-5HGT9V72CH4A6TF3F34MN7C8Q.scan
    cd /
    builtin-precompileModule /Users/sparkles/Library/Developer/Xcode/DerivedData/Expensio-futtgngxcysvvhcljmosbeftqmyc/Build/Intermediates.noindex/ExplicitPrecompiledModules/_Builtin_float-5HGT9V72CH4A6TF3F34MN7C8Q.scan

PrecompileModule /Users/sparkles/Library/Developer/Xcode/DerivedData/Expensio-futtgngxcysvvhcljmosbeftqmyc/Build/Intermediates.noindex/ExplicitPrecompiledModules/ptrauth-27VGVREKU1H0YEGCNOXE545NV.scan
    cd /
    builtin-precompileModule /Users/sparkles/Library/Developer/Xcode/DerivedData/Expensio-futtgngxcysvvhcljmosbeftqmyc/Build/Intermediates.noindex/ExplicitPrecompiledModules/ptrauth-27VGVREKU1H0YEGCNOXE545NV.scan

PrecompileModule /Users/sparkles/Library/Developer/Xcode/DerivedData/Expensio-futtgngxcysvvhcljmosbeftqmyc/Build/Intermediates.noindex/ExplicitPrecompiledModules/_AvailabilityInternal-6M54LCWA9713CPXJ95VDWEIF6.scan
    cd /
    builtin-precompileModule /Users/sparkles/Library/Developer/Xcode/DerivedData/Expensio-futtgngxcysvvhcljmosbeftqmyc/Build/Intermediates.noindex/ExplicitPrecompiledModules/_AvailabilityInternal-6M54LCWA9713CPXJ95VDWEIF6.scan

PrecompileModule /Users/sparkles/Library/Developer/Xcode/DerivedData/Expensio-futtgngxcysvvhcljmosbeftqmyc/Build/Intermediates.noindex/ExplicitPrecompiledModules/ptrcheck-1LP2Q7AMAW5PFC1EKHYRY93PW.scan
    cd /
    builtin-precompileModule /Users/sparkles/Library/Developer/Xcode/DerivedData/Expensio-futtgngxcysvvhcljmosbeftqmyc/Build/Intermediates.noindex/ExplicitPrecompiledModules/ptrcheck-1LP2Q7AMAW5PFC1EKHYRY93PW.scan

PrecompileModule /Users/sparkles/Library/Developer/Xcode/DerivedData/Expensio-futtgngxcysvvhcljmosbeftqmyc/Build/Intermediates.noindex/ExplicitPrecompiledModules/_Builtin_stdarg-2G0DVIF5M9541VJI4GCFSKLQH.scan
    cd /
    builtin-precompileModule /Users/sparkles/Library/Developer/Xcode/DerivedData/Expensio-futtgngxcysvvhcljmosbeftqmyc/Build/Intermediates.noindex/ExplicitPrecompiledModules/_Builtin_stdarg-2G0DVIF5M9541VJI4GCFSKLQH.scan

PrecompileModule /Users/sparkles/Library/Developer/Xcode/DerivedData/Expensio-futtgngxcysvvhcljmosbeftqmyc/Build/Intermediates.noindex/ExplicitPrecompiledModules/_DarwinFoundation1-1LXYIUVVLDDMY3TKOL32UQ8ZC.scan
    cd /
    builtin-precompileModule /Users/sparkles/Library/Developer/Xcode/DerivedData/Expensio-futtgngxcysvvhcljmosbeftqmyc/Build/Intermediates.noindex/ExplicitPrecompiledModules/_DarwinFoundation1-1LXYIUVVLDDMY3TKOL32UQ8ZC.scan

PrecompileModule /Users/sparkles/Library/Developer/Xcode/DerivedData/Expensio-futtgngxcysvvhcljmosbeftqmyc/Build/Intermediates.noindex/ExplicitPrecompiledModules/_DarwinFoundation2-2U2G842AKVCT2NM0WGEH6XZCP.scan
    cd /
    builtin-precompileModule /Users/sparkles/Library/Developer/Xcode/DerivedData/Expensio-futtgngxcysvvhcljmosbeftqmyc/Build/Intermediates.noindex/ExplicitPrecompiledModules/_DarwinFoundation2-2U2G842AKVCT2NM0WGEH6XZCP.scan

PrecompileModule /Users/sparkles/Library/Developer/Xcode/DerivedData/Expensio-futtgngxcysvvhcljmosbeftqmyc/Build/Intermediates.noindex/ExplicitPrecompiledModules/_Builtin_limits-BOQIOUP00NBVUOLPSJZ0AKCPI.scan
    cd /
    builtin-precompileModule /Users/sparkles/Library/Developer/Xcode/DerivedData/Expensio-futtgngxcysvvhcljmosbeftqmyc/Build/Intermediates.noindex/ExplicitPrecompiledModules/_Builtin_limits-BOQIOUP00NBVUOLPSJZ0AKCPI.scan

PrecompileModule /Users/sparkles/Library/Developer/Xcode/DerivedData/Expensio-futtgngxcysvvhcljmosbeftqmyc/Build/Intermediates.noindex/ExplicitPrecompiledModules/_Builtin_stdint-E93KRFLXNUIMR6QKP4YAPYF3C.scan
    cd /
    builtin-precompileModule /Users/sparkles/Library/Developer/Xcode/DerivedData/Expensio-futtgngxcysvvhcljmosbeftqmyc/Build/Intermediates.noindex/ExplicitPrecompiledModules/_Builtin_stdint-E93KRFLXNUIMR6QKP4YAPYF3C.scan

PrecompileModule /Users/sparkles/Library/Developer/Xcode/DerivedData/Expensio-futtgngxcysvvhcljmosbeftqmyc/Build/Intermediates.noindex/ExplicitPrecompiledModules/_DarwinFoundation3-8ROGVYNJLYGLL17L8NCRI4YU5.scan
    cd /
    builtin-precompileModule /Users/sparkles/Library/Developer/Xcode/DerivedData/Expensio-futtgngxcysvvhcljmosbeftqmyc/Build/Intermediates.noindex/ExplicitPrecompiledModules/_DarwinFoundation3-8ROGVYNJLYGLL17L8NCRI4YU5.scan

PrecompileModule /Users/sparkles/Library/Developer/Xcode/DerivedData/Expensio-futtgngxcysvvhcljmosbeftqmyc/Build/Intermediates.noindex/ExplicitPrecompiledModules/_Builtin_inttypes-1BS2WWKN6BMZJHYQK4X50SHF4.scan
    cd /
    builtin-precompileModule /Users/sparkles/Library/Developer/Xcode/DerivedData/Expensio-futtgngxcysvvhcljmosbeftqmyc/Build/Intermediates.noindex/ExplicitPrecompiledModules/_Builtin_inttypes-1BS2WWKN6BMZJHYQK4X50SHF4.scan

PrecompileModule /Users/sparkles/Library/Developer/Xcode/DerivedData/Expensio-futtgngxcysvvhcljmosbeftqmyc/Build/Intermediates.noindex/ExplicitPrecompiledModules/Darwin-1Z7Q4EKIDOXLOMP2WXV45D2J7.scan
    cd /
    builtin-precompileModule /Users/sparkles/Library/Developer/Xcode/DerivedData/Expensio-futtgngxcysvvhcljmosbeftqmyc/Build/Intermediates.noindex/ExplicitPrecompiledModules/Darwin-1Z7Q4EKIDOXLOMP2WXV45D2J7.scan

PrecompileModule /Users/sparkles/Library/Developer/Xcode/DerivedData/Expensio-futtgngxcysvvhcljmosbeftqmyc/Build/Intermediates.noindex/ExplicitPrecompiledModules/ObjectiveC-6MWEKNPNZ0SY02S06JB5SJ2OX.scan
    cd /
    builtin-precompileModule /Users/sparkles/Library/Developer/Xcode/DerivedData/Expensio-futtgngxcysvvhcljmosbeftqmyc/Build/Intermediates.noindex/ExplicitPrecompiledModules/ObjectiveC-6MWEKNPNZ0SY02S06JB5SJ2OX.scan

PrecompileModule /Users/sparkles/Library/Developer/Xcode/DerivedData/Expensio-futtgngxcysvvhcljmosbeftqmyc/Build/Intermediates.noindex/ExplicitPrecompiledModules/os_object-2TO3H2C8PIO0SC5GLO898XXOY.scan
    cd /
    builtin-precompileModule /Users/sparkles/Library/Developer/Xcode/DerivedData/Expensio-futtgngxcysvvhcljmosbeftqmyc/Build/Intermediates.noindex/ExplicitPrecompiledModules/os_object-2TO3H2C8PIO0SC5GLO898XXOY.scan

PrecompileModule /Users/sparkles/Library/Developer/Xcode/DerivedData/Expensio-futtgngxcysvvhcljmosbeftqmyc/Build/Intermediates.noindex/ExplicitPrecompiledModules/os_workgroup-4ZETRPQ2E1PFDJYBWHW2N04Y6.scan
    cd /
    builtin-precompileModule /Users/sparkles/Library/Developer/Xcode/DerivedData/Expensio-futtgngxcysvvhcljmosbeftqmyc/Build/Intermediates.noindex/ExplicitPrecompiledModules/os_workgroup-4ZETRPQ2E1PFDJYBWHW2N04Y6.scan

PrecompileModule /Users/sparkles/Library/Developer/Xcode/DerivedData/Expensio-futtgngxcysvvhcljmosbeftqmyc/Build/Intermediates.noindex/ExplicitPrecompiledModules/Dispatch-APKH7NKJ3CBN2ZIL7HOIB4F7R.scan
    cd /
    builtin-precompileModule /Users/sparkles/Library/Developer/Xcode/DerivedData/Expensio-futtgngxcysvvhcljmosbeftqmyc/Build/Intermediates.noindex/ExplicitPrecompiledModules/Dispatch-APKH7NKJ3CBN2ZIL7HOIB4F7R.scan

PrecompileModule /Users/sparkles/Library/Developer/Xcode/DerivedData/Expensio-futtgngxcysvvhcljmosbeftqmyc/Build/Intermediates.noindex/ExplicitPrecompiledModules/XPC-AMDQSKEMF1L2197NNOR8YYFE3.scan
    cd /
    builtin-precompileModule /Users/sparkles/Library/Developer/Xcode/DerivedData/Expensio-futtgngxcysvvhcljmosbeftqmyc/Build/Intermediates.noindex/ExplicitPrecompiledModules/XPC-AMDQSKEMF1L2197NNOR8YYFE3.scan

PrecompileModule /Users/sparkles/Library/Developer/Xcode/DerivedData/Expensio-futtgngxcysvvhcljmosbeftqmyc/Build/Intermediates.noindex/ExplicitPrecompiledModules/CoreFoundation-1O9C17AM7QIJYYL3LDO795VJY.scan
    cd /
    builtin-precompileModule /Users/sparkles/Library/Developer/Xcode/DerivedData/Expensio-futtgngxcysvvhcljmosbeftqmyc/Build/Intermediates.noindex/ExplicitPrecompiledModules/CoreFoundation-1O9C17AM7QIJYYL3LDO795VJY.scan

PrecompileModule /Users/sparkles/Library/Developer/Xcode/DerivedData/Expensio-futtgngxcysvvhcljmosbeftqmyc/Build/Intermediates.noindex/ExplicitPrecompiledModules/Security-D1RUCGOGJ043KF50XEQ188A5X.scan
    cd /
    builtin-precompileModule /Users/sparkles/Library/Developer/Xcode/DerivedData/Expensio-futtgngxcysvvhcljmosbeftqmyc/Build/Intermediates.noindex/ExplicitPrecompiledModules/Security-D1RUCGOGJ043KF50XEQ188A5X.scan

PrecompileModule /Users/sparkles/Library/Developer/Xcode/DerivedData/Expensio-futtgngxcysvvhcljmosbeftqmyc/Build/Intermediates.noindex/ExplicitPrecompiledModules/CFNetwork-2IG2J3MEFLBVB94FK3RDMWTJA.scan
    cd /
    builtin-precompileModule /Users/sparkles/Library/Developer/Xcode/DerivedData/Expensio-futtgngxcysvvhcljmosbeftqmyc/Build/Intermediates.noindex/ExplicitPrecompiledModules/CFNetwork-2IG2J3MEFLBVB94FK3RDMWTJA.scan

PrecompileModule /Users/sparkles/Library/Developer/Xcode/DerivedData/Expensio-futtgngxcysvvhcljmosbeftqmyc/Build/Intermediates.noindex/ExplicitPrecompiledModules/CoreGraphics-EBXI6IJSM6WE380JXMMQ5ZEIP.scan
    cd /
    builtin-precompileModule /Users/sparkles/Library/Developer/Xcode/DerivedData/Expensio-futtgngxcysvvhcljmosbeftqmyc/Build/Intermediates.noindex/ExplicitPrecompiledModules/CoreGraphics-EBXI6IJSM6WE380JXMMQ5ZEIP.scan

PhaseScriptExecution [Expo]\ Remove\ duplicate\ codegen\ output /Users/sparkles/Library/Developer/Xcode/DerivedData/Expensio-futtgngxcysvvhcljmosbeftqmyc/Build/Intermediates.noindex/Pods.build/Debug-iphonesimulator/ReactCodegen.build/Script-46EB2E00021AD0.sh (in target 'ReactCodegen' from project 'Pods')
    cd /Users/sparkles/Documents/CodingFiles/FullStack/expensioApp/frontend/ios/Pods
    export ACTION\=build
    export AD_HOC_CODE_SIGNING_ALLOWED\=YES
    export ALLOW_BUILD_REQUEST_OVERRIDES\=NO
    export ALLOW_TARGET_PLATFORM_SPECIALIZATION\=NO
    export ALTERNATE_GROUP\=staff
    export ALTERNATE_MODE\=u+w,go-w,a+rX
    export ALTERNATE_OWNER\=sparkles
    export ALTERNATIVE_DISTRIBUTION_WEB\=NO
    export ALWAYS_EMBED_SWIFT_STANDARD_LIBRARIES\=NO
    export ALWAYS_SEARCH_USER_PATHS\=NO
    export ALWAYS_USE_SEPARATE_HEADERMAPS\=NO
    export APPLICATION_EXTENSION_API_ONLY\=NO
    export APPLY_RULES_IN_COPY_FILES\=NO
    export APPLY_RULES_IN_COPY_HEADERS\=NO
    export APP_SHORTCUTS_ENABLE_FLEXIBLE_MATCHING\=YES
    export ARCHS\=arm64\ x86_64
    export ARCHS_BASE\=arm64\ x86_64
    export ARCHS_STANDARD\=arm64\ x86_64
    export ARCHS_STANDARD_32_64_BIT\=arm64\ x86_64
    export ARCHS_STANDARD_64_BIT\=arm64\ x86_64
    export ARCHS_STANDARD_INCLUDING_64_BIT\=arm64\ x86_64
    export ARCHS_UNIVERSAL_IPHONE_OS\=arm64\ x86_64
    export AUTOMATICALLY_MERGE_DEPENDENCIES\=NO
    export AUTOMATION_APPLE_EVENTS\=NO
    export AVAILABLE_PLATFORMS\=android\ appletvos\ appletvsimulator\ driverkit\ freebsd\ iphoneos\ iphonesimulator\ linux\ macosx\ none\ openbsd\ qnx\ staticlinux\ watchos\ watchsimulator\ webassembly\ xros\ xrsimulator
    export BUILD_ACTIVE_RESOURCES_ONLY\=NO
    export BUILD_COMPONENTS\=headers\ build
    export BUILD_DIR\=/Users/sparkles/Library/Developer/Xcode/DerivedData/Expensio-futtgngxcysvvhcljmosbeftqmyc/Build/Products
    export BUILD_LIBRARY_FOR_DISTRIBUTION\=NO
    export BUILD_ONLY_KNOWN_LOCALIZATIONS\=NO
    export BUILD_ROOT\=/Users/sparkles/Library/Developer/Xcode/DerivedData/Expensio-futtgngxcysvvhcljmosbeftqmyc/Build/Products
    export BUILD_STYLE\=
    export BUILD_VARIANTS\=normal
    export BUILT_PRODUCTS_DIR\=/Users/sparkles/Library/Developer/Xcode/DerivedData/Expensio-futtgngxcysvvhcljmosbeftqmyc/Build/Products/Debug-iphonesimulator/ReactCodegen
    export BUNDLE_CONTENTS_FOLDER_PATH_deep\=Contents/
    export BUNDLE_EXECUTABLE_FOLDER_NAME_deep\=MacOS
    export BUNDLE_EXTENSIONS_FOLDER_PATH\=Extensions
    export BUNDLE_FORMAT\=shallow
    export BUNDLE_FRAMEWORKS_FOLDER_PATH\=Frameworks
    export BUNDLE_PLUGINS_FOLDER_PATH\=PlugIns
    export BUNDLE_PRIVATE_HEADERS_FOLDER_PATH\=PrivateHeaders
    export BUNDLE_PUBLIC_HEADERS_FOLDER_PATH\=Headers
    export CACHE_ROOT\=/var/folders/2z/d087lq6n4d1_lvddlb12y_9r0000gn/C/com.apple.DeveloperTools/27.0-27A266a/Xcode
    export CCHROOT\=/var/folders/2z/d087lq6n4d1_lvddlb12y_9r0000gn/C/com.apple.DeveloperTools/27.0-27A266a/Xcode
    export CHMOD\=/bin/chmod
    export CHOWN\=chown
    export CLANG_ANALYZER_LOCALIZABILITY_NONLOCALIZED\=YES
    export CLANG_ANALYZER_NONNULL\=YES
    export CLANG_ANALYZER_NUMBER_OBJECT_CONVERSION\=YES_AGGRESSIVE
    export CLANG_CACHE_FINE_GRAINED_OUTPUTS\=YES
    export CLANG_CXX_LANGUAGE_STANDARD\=c++20
    export CLANG_CXX_LIBRARY\=libc++
    export CLANG_ENABLE_EXPLICIT_MODULES\=YES
    export CLANG_ENABLE_MODULES\=YES
    export CLANG_ENABLE_MODULE_DEBUGGING\=NO
    export CLANG_ENABLE_OBJC_ARC\=YES
    export CLANG_ENABLE_OBJC_WEAK\=NO
    export CLANG_MODULES_BUILD_SESSION_FILE\=/Users/sparkles/Library/Developer/Xcode/DerivedData/ModuleCache.noindex/Session.modulevalidation
    export CLANG_WARN_BLOCK_CAPTURE_AUTORELEASING\=YES
    export CLANG_WARN_BOOL_CONVERSION\=YES
    export CLANG_WARN_COMMA\=YES
    export CLANG_WARN_CONSTANT_CONVERSION\=YES
    export CLANG_WARN_DEPRECATED_OBJC_IMPLEMENTATIONS\=YES
    export CLANG_WARN_DIRECT_OBJC_ISA_USAGE\=YES_ERROR
    export CLANG_WARN_DOCUMENTATION_COMMENTS\=YES
    export CLANG_WARN_EMPTY_BODY\=YES
    export CLANG_WARN_ENUM_CONVERSION\=YES
    export CLANG_WARN_INFINITE_RECURSION\=YES
    export CLANG_WARN_INT_CONVERSION\=YES
    export CLANG_WARN_NON_LITERAL_NULL_CONVERSION\=YES
    export CLANG_WARN_OBJC_IMPLICIT_RETAIN_SELF\=YES
    export CLANG_WARN_OBJC_LITERAL_CONVERSION\=YES
    export CLANG_WARN_OBJC_ROOT_CLASS\=YES_ERROR
    export CLANG_WARN_QUOTED_INCLUDE_IN_FRAMEWORK_HEADER\=NO
    export CLANG_WARN_RANGE_LOOP_ANALYSIS\=YES
    export CLANG_WARN_STRICT_PROTOTYPES\=YES
    export CLANG_WARN_SUSPICIOUS_MOVE\=YES
    export CLANG_WARN_UNGUARDED_AVAILABILITY\=YES_AGGRESSIVE
    export CLANG_WARN_UNREACHABLE_CODE\=YES
    export CLANG_WARN__DUPLICATE_METHOD_MATCH\=YES
    export CLASS_FILE_DIR\=/Users/sparkles/Library/Developer/Xcode/DerivedData/Expensio-futtgngxcysvvhcljmosbeftqmyc/Build/Intermediates.noindex/Pods.build/Debug-iphonesimulator/ReactCodegen.build/JavaClasses
    export CLEAN_PRECOMPS\=YES
    export CLONE_HEADERS\=NO
    export CODESIGNING_FOLDER_PATH\=/Users/sparkles/Library/Developer/Xcode/DerivedData/Expensio-futtgngxcysvvhcljmosbeftqmyc/Build/Products/Debug-iphonesimulator/ReactCodegen/libReactCodegen.a
    export CODE_SIGNING_ALLOWED\=NO
    export CODE_SIGNING_REQUIRED\=YES
    export CODE_SIGN_CONTEXT_CLASS\=XCiPhoneSimulatorCodeSignContext
    export CODE_SIGN_IDENTITY\=-
    export CODE_SIGN_INJECT_BASE_ENTITLEMENTS\=YES
    export COLOR_DIAGNOSTICS\=NO
    export COMBINE_HIDPI_IMAGES\=NO
    export COMPILATION_CACHE_CAS_PATH\=/Users/sparkles/Library/Developer/Xcode/DerivedData/CompilationCache.noindex
    export COMPILATION_CACHE_KEEP_CAS_DIRECTORY\=YES
    export COMPILER_INDEX_STORE_ENABLE\=Default
    export COMPOSITE_SDK_DIRS\=/Users/sparkles/Library/Developer/Xcode/DerivedData/Expensio-futtgngxcysvvhcljmosbeftqmyc/Build/Intermediates.noindex/CompositeSDKs
    export COMPRESS_PNG_FILES\=YES
    export CONFIGURATION\=Debug
    export CONFIGURATION_BUILD_DIR\=/Users/sparkles/Library/Developer/Xcode/DerivedData/Expensio-futtgngxcysvvhcljmosbeftqmyc/Build/Products/Debug-iphonesimulator/ReactCodegen
    export CONFIGURATION_TEMP_DIR\=/Users/sparkles/Library/Developer/Xcode/DerivedData/Expensio-futtgngxcysvvhcljmosbeftqmyc/Build/Intermediates.noindex/Pods.build/Debug-iphonesimulator
    export COPYING_PRESERVES_HFS_DATA\=NO
    export COPY_HEADERS_RUN_UNIFDEF\=NO
    export COPY_PHASE_STRIP\=NO
    export CORRESPONDING_DEVICE_PLATFORM_DIR\=/Applications/Xcode.app/Contents/Developer/Platforms/iPhoneOS.platform
    export CORRESPONDING_DEVICE_PLATFORM_NAME\=iphoneos
    export CORRESPONDING_DEVICE_SDK_DIR\=/Applications/Xcode.app/Contents/Developer/Platforms/iPhoneOS.platform/Developer/SDKs/iPhoneOS27.0.sdk
    export CORRESPONDING_DEVICE_SDK_NAME\=iphoneos27.0
    export CP\=/bin/cp
    export CREATE_INFOPLIST_SECTION_IN_BINARY\=NO
    export CURRENT_ARCH\=undefined_arch
    export CURRENT_VARIANT\=normal
    export DEAD_CODE_STRIPPING\=YES
    export DEBUGGING_SYMBOLS\=YES
    export DEBUG_INFORMATION_FORMAT\=dwarf
    export DEBUG_INFORMATION_VERSION\=compiler-default
    export DEFAULT_COMPILER\=com.apple.compilers.llvm.clang.1_0
    export DEFAULT_DEXT_INSTALL_PATH\=/System/Library/DriverExtensions
    export DEFAULT_KEXT_INSTALL_PATH\=/System/Library/Extensions
    export DEFINES_MODULE\=NO
    export DEPLOYMENT_LOCATION\=NO
    export DEPLOYMENT_POSTPROCESSING\=NO
    export DEPLOYMENT_TARGET_SETTING_NAME\=IPHONEOS_DEPLOYMENT_TARGET
    export DEPLOYMENT_TARGET_SUGGESTED_VALUES\=15.0\ 15.1\ 15.2\ 15.3\ 15.4\ 15.5\ 15.6\ 16.0\ 16.1\ 16.2\ 16.3\ 16.4\ 16.5\ 16.6\ 17.0\ 17.1\ 17.2\ 17.3\ 17.4\ 17.5\ 17.6\ 18.0\ 18.1\ 18.2\ 18.3\ 18.4\ 18.5\ 18.6\ 26.0\ 26.2\ 26.3\ 26.4\ 26.5\ 26.6\ 27.0
    export DERIVED_FILES_DIR\=/Users/sparkles/Library/Developer/Xcode/DerivedData/Expensio-futtgngxcysvvhcljmosbeftqmyc/Build/Intermediates.noindex/Pods.build/Debug-iphonesimulator/ReactCodegen.build/DerivedSources
    export DERIVED_FILE_DIR\=/Users/sparkles/Library/Developer/Xcode/DerivedData/Expensio-futtgngxcysvvhcljmosbeftqmyc/Build/Intermediates.noindex/Pods.build/Debug-iphonesimulator/ReactCodegen.build/DerivedSources
    export DERIVED_SOURCES_DIR\=/Users/sparkles/Library/Developer/Xcode/DerivedData/Expensio-futtgngxcysvvhcljmosbeftqmyc/Build/Intermediates.noindex/Pods.build/Debug-iphonesimulator/ReactCodegen.build/DerivedSources
    export DEVELOPER_APPLICATIONS_DIR\=/Applications/Xcode.app/Contents/Developer/Applications
    export DEVELOPER_BIN_DIR\=/Applications/Xcode.app/Contents/Developer/usr/bin
    export DEVELOPER_DIR\=/Applications/Xcode.app/Contents/Developer
    export DEVELOPER_FRAMEWORKS_DIR\=/Applications/Xcode.app/Contents/Developer/Library/Frameworks
    export DEVELOPER_FRAMEWORKS_DIR_QUOTED\=/Applications/Xcode.app/Contents/Developer/Library/Frameworks
    export DEVELOPER_LIBRARY_DIR\=/Applications/Xcode.app/Contents/Developer/Library
    export DEVELOPER_SDK_DIR\=/Applications/Xcode.app/Contents/Developer/Platforms/MacOSX.platform/Developer/SDKs
    export DEVELOPER_TOOLS_DIR\=/Applications/Xcode.app/Contents/Developer/Tools
    export DEVELOPER_USR_DIR\=/Applications/Xcode.app/Contents/Developer/usr
    export DEVELOPMENT_LANGUAGE\=en
    export DIAGNOSE_MISSING_TARGET_DEPENDENCIES\=YES
    export DIFF\=/usr/bin/diff
    export DONT_GENERATE_INFOPLIST_FILE\=NO
    export DSTROOT\=/tmp/Pods.dst
    export DT_TOOLCHAIN_DIR\=/Applications/Xcode.app/Contents/Developer/Toolchains/XcodeDefault.xctoolchain
    export DWARF_DSYM_FILE_NAME\=libReactCodegen.a.dSYM
    export DWARF_DSYM_FILE_SHOULD_ACCOMPANY_PRODUCT\=NO
    export DWARF_DSYM_FOLDER_PATH\=/Users/sparkles/Library/Developer/Xcode/DerivedData/Expensio-futtgngxcysvvhcljmosbeftqmyc/Build/Products/Debug-iphonesimulator/ReactCodegen
    export DYNAMIC_LIBRARY_EXTENSION\=dylib
    export EAGER_COMPILATION_ALLOW_SCRIPTS\=NO
    export EAGER_LINKING\=NO
    export EFFECTIVE_PLATFORM_NAME\=-iphonesimulator
    export EFFECTIVE_SWIFT_VERSION\=5
    export EMBEDDED_CONTENT_CONTAINS_SWIFT\=NO
    export EMBED_ASSET_PACKS_IN_PRODUCT_BUNDLE\=NO
    export ENABLE_APP_SANDBOX\=NO
    export ENABLE_CODE_COVERAGE\=YES
    export ENABLE_COHORT_ARCHS\=YES
    export ENABLE_CPLUSPLUS_BOUNDS_SAFE_BUFFERS\=NO
    export ENABLE_C_BOUNDS_SAFETY\=NO
    export ENABLE_DEFAULT_HEADER_SEARCH_PATHS\=YES
    export ENABLE_DEFAULT_SEARCH_PATHS\=YES
    export ENABLE_ENHANCED_SECURITY\=NO
    export ENABLE_HARDENED_RUNTIME\=NO
    export ENABLE_HARDWARE_CHECKED_POINTER_ARITHMETIC_SLICE\=NO
    export ENABLE_HEADER_DEPENDENCIES\=YES
    export ENABLE_INCOMING_NETWORK_CONNECTIONS\=NO
    export ENABLE_MODULE_VERIFIER\=NO
    export ENABLE_ON_DEMAND_RESOURCES\=NO
    export ENABLE_OUTGOING_NETWORK_CONNECTIONS\=NO
    export ENABLE_POINTER_AUTHENTICATION\=NO
    export ENABLE_PREVIEWS\=NO
    export ENABLE_RESOURCE_ACCESS_AUDIO_INPUT\=NO
    export ENABLE_RESOURCE_ACCESS_BLUETOOTH\=NO
    export ENABLE_RESOURCE_ACCESS_CALENDARS\=NO
    export ENABLE_RESOURCE_ACCESS_CAMERA\=NO
    export ENABLE_RESOURCE_ACCESS_CONTACTS\=NO
    export ENABLE_RESOURCE_ACCESS_LOCATION\=NO
    export ENABLE_RESOURCE_ACCESS_PHOTO_LIBRARY\=NO
    export ENABLE_RESOURCE_ACCESS_PRINTING\=NO
    export ENABLE_RESOURCE_ACCESS_USB\=NO
    export ENABLE_SDK_IMPORTS\=NO
    export ENABLE_SECURITY_COMPILER_WARNINGS\=NO
    export ENABLE_STRICT_OBJC_MSGSEND\=YES
    export ENABLE_TESTABILITY\=YES
    export ENABLE_TESTING_SEARCH_PATHS\=NO
    export ENABLE_USER_SCRIPT_SANDBOXING\=NO
    export ENABLE_XOJIT_PREVIEWS\=YES
    export ENFORCE_VALID_ARCHS\=YES
    export ENTITLEMENTS_DESTINATION\=__entitlements
    export ENTITLEMENTS_REQUIRED\=YES
    export EXCLUDED_INSTALLSRC_SUBDIRECTORY_PATTERNS\=.DS_Store\ .svn\ .git\ .hg\ CVS
    export EXCLUDED_RECURSIVE_SEARCH_PATH_SUBDIRECTORIES\=\*.nib\ \*.lproj\ \*.framework\ \*.gch\ \*.xcode\*\ \*.xcassets\ \*.icon\ \(\*\)\ .DS_Store\ CVS\ .svn\ .git\ .hg\ \*.pbproj\ \*.pbxproj
    export EXECUTABLE_EXTENSION\=a
    export EXECUTABLE_NAME\=libReactCodegen.a
    export EXECUTABLE_PATH\=libReactCodegen.a
    export EXECUTABLE_PREFIX\=lib
    export EXECUTABLE_SUFFIX\=.a
    export FILE_LIST\=/Users/sparkles/Library/Developer/Xcode/DerivedData/Expensio-futtgngxcysvvhcljmosbeftqmyc/Build/Intermediates.noindex/Pods.build/Debug-iphonesimulator/ReactCodegen.build/Objects/LinkFileList
    export FIXED_FILES_DIR\=/Users/sparkles/Library/Developer/Xcode/DerivedData/Expensio-futtgngxcysvvhcljmosbeftqmyc/Build/Intermediates.noindex/Pods.build/Debug-iphonesimulator/ReactCodegen.build/FixedFiles
    export FRAMEWORK_FLAG_PREFIX\=-framework
    export FRAMEWORK_SEARCH_PATHS\=/Users/sparkles/Library/Developer/Xcode/DerivedData/Expensio-futtgngxcysvvhcljmosbeftqmyc/Build/Products/Debug-iphonesimulator/ReactCodegen\ \ \"/Users/sparkles/Documents/CodingFiles/FullStack/expensioApp/frontend/ios/Pods/React-Core-prebuilt\"\ \"/Users/sparkles/Documents/CodingFiles/FullStack/expensioApp/frontend/ios/Pods/ReactNativeDependencies/framework/packages/react-native\"\ \"/Users/sparkles/Documents/CodingFiles/FullStack/expensioApp/frontend/ios/Pods/hermes-engine/destroot/Library/Frameworks/universal\"\ \"/Users/sparkles/Library/Developer/Xcode/DerivedData/Expensio-futtgngxcysvvhcljmosbeftqmyc/Build/Products/Debug-iphonesimulator/XCFrameworkIntermediates/React-Core-prebuilt\"\ \"/Users/sparkles/Library/Developer/Xcode/DerivedData/Expensio-futtgngxcysvvhcljmosbeftqmyc/Build/Products/Debug-iphonesimulator/XCFrameworkIntermediates/ReactNativeDependencies\"\ \"/Users/sparkles/Library/Developer/Xcode/DerivedData/Expensio-futtgngxcysvvhcljmosbeftqmyc/Build/Products/Debug-iphonesimulator/XCFrameworkIntermediates/hermes-engine/Pre-built\"
    export FRAMEWORK_VERSION\=A
    export FULL_PRODUCT_NAME\=libReactCodegen.a
    export FUSE_BUILD_PHASES\=YES
    export FUSE_BUILD_SCRIPT_PHASES\=NO
    export GCC3_VERSION\=3.3
    export GCC_C_LANGUAGE_STANDARD\=gnu11
    export GCC_DYNAMIC_NO_PIC\=NO
    export GCC_NO_COMMON_BLOCKS\=YES
    export GCC_OBJC_LEGACY_DISPATCH\=YES
    export GCC_OPTIMIZATION_LEVEL\=0
    export GCC_PFE_FILE_C_DIALECTS\=c\ objective-c\ c++\ objective-c++
    export GCC_PREFIX_HEADER\=Target\ Support\ Files/ReactCodegen/ReactCodegen-prefix.pch
    export GCC_PREPROCESSOR_DEFINITIONS\=POD_CONFIGURATION_DEBUG\=1\ DEBUG\=1\ \ COCOAPODS\=1
    export GCC_SYMBOLS_PRIVATE_EXTERN\=NO
    export GCC_TREAT_WARNINGS_AS_ERRORS\=NO
    export GCC_VERSION\=com.apple.compilers.llvm.clang.1_0
    export GCC_VERSION_IDENTIFIER\=com_apple_compilers_llvm_clang_1_0
    export GCC_WARN_64_TO_32_BIT_CONVERSION\=YES
    export GCC_WARN_ABOUT_RETURN_TYPE\=YES_ERROR
    export GCC_WARN_UNDECLARED_SELECTOR\=YES
    export GCC_WARN_UNINITIALIZED_AUTOS\=YES_AGGRESSIVE
    export GCC_WARN_UNUSED_FUNCTION\=YES
    export GCC_WARN_UNUSED_VARIABLE\=YES
    export GENERATED_MODULEMAP_DIR\=/Users/sparkles/Library/Developer/Xcode/DerivedData/Expensio-futtgngxcysvvhcljmosbeftqmyc/Build/Intermediates.noindex/GeneratedModuleMaps-iphonesimulator
    export GENERATE_INFOPLIST_FILE\=NO
    export GENERATE_INTERMEDIATE_TEXT_BASED_STUBS\=YES
    export GENERATE_PKGINFO_FILE\=NO
    export GENERATE_PRELINK_OBJECT_FILE\=NO
    export GENERATE_PROFILING_CODE\=NO
    export GENERATE_TEXT_BASED_STUBS\=NO
    export GID\=20
    export GROUP\=staff
    export HEADERMAP_INCLUDES_FLAT_ENTRIES_FOR_TARGET_BEING_BUILT\=YES
    export HEADERMAP_INCLUDES_FRAMEWORK_ENTRIES_FOR_ALL_PRODUCT_TYPES\=YES
    export HEADERMAP_INCLUDES_FRAMEWORK_ENTRIES_FOR_TARGETS_NOT_BEING_BUILT\=YES
    export HEADERMAP_INCLUDES_NONPUBLIC_NONPRIVATE_HEADERS\=YES
    export HEADERMAP_INCLUDES_PROJECT_HEADERS\=YES
    export HEADERMAP_USES_FRAMEWORK_PREFIX_ENTRIES\=YES
    export HEADERMAP_USES_VFS\=NO
    export HEADER_SEARCH_PATHS\=/Users/sparkles/Library/Developer/Xcode/DerivedData/Expensio-futtgngxcysvvhcljmosbeftqmyc/Build/Products/Debug-iphonesimulator/ReactCodegen/include\ \ \"/Users/sparkles/Documents/CodingFiles/FullStack/expensioApp/frontend/ios/Pods/Headers/Private\"\ \"/Users/sparkles/Documents/CodingFiles/FullStack/expensioApp/frontend/ios/Pods/Headers/Private/ReactCodegen\"\ \"/Users/sparkles/Documents/CodingFiles/FullStack/expensioApp/frontend/ios/Pods/Headers/Public\"\ \"/Users/sparkles/Documents/CodingFiles/FullStack/expensioApp/frontend/ios/Pods/Headers/Public/FBLazyVector\"\ \"/Users/sparkles/Documents/CodingFiles/FullStack/expensioApp/frontend/ios/Pods/Headers/Public/RCTRequired\"\ \"/Users/sparkles/Documents/CodingFiles/FullStack/expensioApp/frontend/ios/Pods/Headers/Public/RCTSwiftUIWrapper\"\ \"/Users/sparkles/Documents/CodingFiles/FullStack/expensioApp/frontend/ios/Pods/Headers/Public/RCTTypeSafety\"\ \"/Users/sparkles/Documents/CodingFiles/FullStack/expensioApp/frontend/ios/Pods/Headers/Public/React-Core\"\ \"/Users/sparkles/Documents/CodingFiles/FullStack/expensioApp/frontend/ios/Pods/Headers/Public/React-Core-prebuilt\"\ \"/Users/sparkles/Documents/CodingFiles/FullStack/expensioApp/frontend/ios/Pods/Headers/Public/React-CoreModules\"\ \"/Users/sparkles/Documents/CodingFiles/FullStack/expensioApp/frontend/ios/Pods/Headers/Public/React-Fabric\"\ \"/Users/sparkles/Documents/CodingFiles/FullStack/expensioApp/frontend/ios/Pods/Headers/Public/React-FabricComponents\"\ \"/Users/sparkles/Documents/CodingFiles/FullStack/expensioApp/frontend/ios/Pods/Headers/Public/React-FabricImage\"\ \"/Users/sparkles/Documents/CodingFiles/FullStack/expensioApp/frontend/ios/Pods/Headers/Public/React-ImageManager\"\ \"/Users/sparkles/Documents/CodingFiles/FullStack/expensioApp/frontend/ios/Pods/Headers/Public/React-Mapbuffer\"\ \"/Users/sparkles/Documents/CodingFiles/FullStack/expensioApp/frontend/ios/Pods/Headers/Public/React-NativeModulesApple\"\ \"/Users/sparkles/Documents/CodingFiles/FullStack/expensioApp/frontend/ios/Pods/Headers/Public/React-RCTAnimation\"\ \"/Users/sparkles/Documents/CodingFiles/FullStack/expensioApp/frontend/ios/Pods/Headers/Public/React-RCTBlob\"\ \"/Users/sparkles/Documents/CodingFiles/FullStack/expensioApp/frontend/ios/Pods/Headers/Public/React-RCTFBReactNativeSpec\"\ \"/Users/sparkles/Documents/CodingFiles/FullStack/expensioApp/frontend/ios/Pods/Headers/Public/React-RCTFabric\"\ \"/Users/sparkles/Documents/CodingFiles/FullStack/expensioApp/frontend/ios/Pods/Headers/Public/React-RCTImage\"\ \"/Users/sparkles/Documents/CodingFiles/FullStack/expensioApp/frontend/ios/Pods/Headers/Public/React-RCTRuntime\"\ \"/Users/sparkles/Documents/CodingFiles/FullStack/expensioApp/frontend/ios/Pods/Headers/Public/React-RCTText\"\ \"/Users/sparkles/Documents/CodingFiles/FullStack/expensioApp/frontend/ios/Pods/Headers/Public/React-RuntimeApple\"\ \"/Users/sparkles/Documents/CodingFiles/FullStack/expensioApp/frontend/ios/Pods/Headers/Public/React-RuntimeCore\"\ \"/Users/sparkles/Documents/CodingFiles/FullStack/expensioApp/frontend/ios/Pods/Headers/Public/React-RuntimeHermes\"\ \"/Users/sparkles/Documents/CodingFiles/FullStack/expensioApp/frontend/ios/Pods/Headers/Public/React-callinvoker\"\ \"/Users/sparkles/Documents/CodingFiles/FullStack/expensioApp/frontend/ios/Pods/Headers/Public/React-cxxreact\"\ \"/Users/sparkles/Documents/CodingFiles/FullStack/expensioApp/frontend/ios/Pods/Headers/Public/React-debug\"\ \"/Users/sparkles/Documents/CodingFiles/FullStack/expensioApp/frontend/ios/Pods/Headers/Public/React-defaultsnativemodule\"\ \"/Users/sparkles/Documents/CodingFiles/FullStack/expensioApp/frontend/ios/Pods/Headers/Public/React-domnativemodule\"\ \"/Users/sparkles/Documents/CodingFiles/FullStack/expensioApp/frontend/ios/Pods/Headers/Public/React-featureflags\"\ \"/Users/sparkles/Documents/CodingFiles/FullStack/expensioApp/frontend/ios/Pods/Headers/Public/React-featureflagsnativemodule\"\ \"/Users/sparkles/Documents/CodingFiles/FullStack/expensioApp/frontend/ios/Pods/Headers/Public/React-graphics\"\ \"/Users/sparkles/Documents/CodingFiles/FullStack/expensioApp/frontend/ios/Pods/Headers/Public/React-hermes\"\ \"/Users/sparkles/Documents/CodingFiles/FullStack/expensioApp/frontend/ios/Pods/Headers/Public/React-idlecallbacksnativemodule\"\ \"/Users/sparkles/Documents/CodingFiles/FullStack/expensioApp/frontend/ios/Pods/Headers/Public/React-intersectionobservernativemodule\"\ \"/Users/sparkles/Documents/CodingFiles/FullStack/expensioApp/frontend/ios/Pods/Headers/Public/React-jserrorhandler\"\ \"/Users/sparkles/Documents/CodingFiles/FullStack/expensioApp/frontend/ios/Pods/Headers/Public/React-jsi\"\ \"/Users/sparkles/Documents/CodingFiles/FullStack/expensioApp/frontend/ios/Pods/Headers/Public/React-jsiexecutor\"\ \"/Users/sparkles/Documents/CodingFiles/FullStack/expensioApp/frontend/ios/Pods/Headers/Public/React-jsinspector\"\ \"/Users/sparkles/Documents/CodingFiles/FullStack/expensioApp/frontend/ios/Pods/Headers/Public/React-jsinspectorcdp\"\ \"/Users/sparkles/Documents/CodingFiles/FullStack/expensioApp/frontend/ios/Pods/Headers/Public/React-jsinspectornetwork\"\ \"/Users/sparkles/Documents/CodingFiles/FullStack/expensioApp/frontend/ios/Pods/Headers/Public/React-jsinspectortracing\"\ \"/Users/sparkles/Documents/CodingFiles/FullStack/expensioApp/frontend/ios/Pods/Headers/Public/React-jsitooling\"\ \"/Users/sparkles/Documents/CodingFiles/FullStack/expensioApp/frontend/ios/Pods/Headers/Public/React-logger\"\ \"/Users/sparkles/Documents/CodingFiles/FullStack/expensioApp/frontend/ios/Pods/Headers/Public/React-microtasksnativemodule\"\ \"/Users/sparkles/Documents/CodingFiles/FullStack/expensioApp/frontend/ios/Pods/Headers/Public/React-mutationobservernativemodule\"\ \"/Users/sparkles/Documents/CodingFiles/FullStack/expensioApp/frontend/ios/Pods/Headers/Public/React-networking\"\ \"/Users/sparkles/Documents/CodingFiles/FullStack/expensioApp/frontend/ios/Pods/Headers/Public/React-oscompat\"\ \"/Users/sparkles/Documents/CodingFiles/FullStack/expensioApp/frontend/ios/Pods/Headers/Public/React-perflogger\"\ \"/Users/sparkles/Documents/CodingFiles/FullStack/expensioApp/frontend/ios/Pods/Headers/Public/React-performancecdpmetrics\"\ \"/Users/sparkles/Documents/CodingFiles/FullStack/expensioApp/frontend/ios/Pods/Headers/Public/React-performancetimeline\"\ \"/Users/sparkles/Documents/CodingFiles/FullStack/expensioApp/frontend/ios/Pods/Headers/Public/React-rendererconsistency\"\ \"/Users/sparkles/Documents/CodingFiles/FullStack/expensioApp/frontend/ios/Pods/Headers/Public/React-renderercss\"\ \"/Users/sparkles/Documents/CodingFiles/FullStack/expensioApp/frontend/ios/Pods/Headers/Public/React-rendererdebug\"\ \"/Users/sparkles/Documents/CodingFiles/FullStack/expensioApp/frontend/ios/Pods/Headers/Public/React-runtimeexecutor\"\ \"/Users/sparkles/Documents/CodingFiles/FullStack/expensioApp/frontend/ios/Pods/Headers/Public/React-runtimescheduler\"\ \"/Users/sparkles/Documents/CodingFiles/FullStack/expensioApp/frontend/ios/Pods/Headers/Public/React-timing\"\ \"/Users/sparkles/Documents/CodingFiles/FullStack/expensioApp/frontend/ios/Pods/Headers/Public/React-utils\"\ \"/Users/sparkles/Documents/CodingFiles/FullStack/expensioApp/frontend/ios/Pods/Headers/Public/React-viewtransitionnativemodule\"\ \"/Users/sparkles/Documents/CodingFiles/FullStack/expensioApp/frontend/ios/Pods/Headers/Public/React-webperformancenativemodule\"\ \"/Users/sparkles/Documents/CodingFiles/FullStack/expensioApp/frontend/ios/Pods/Headers/Public/ReactCodegen\"\ \"/Users/sparkles/Documents/CodingFiles/FullStack/expensioApp/frontend/ios/Pods/Headers/Public/ReactCommon\"\ \"/Users/sparkles/Documents/CodingFiles/FullStack/expensioApp/frontend/ios/Pods/Headers/Public/ReactNativeDependencies\"\ \"/Users/sparkles/Documents/CodingFiles/FullStack/expensioApp/frontend/ios/Pods/Headers/Public/Yoga\"\ \"/Users/sparkles/Documents/CodingFiles/FullStack/expensioApp/frontend/ios/Pods/Headers/Public/hermes-engine\"\ \"/Users/sparkles/Documents/CodingFiles/FullStack/expensioApp/frontend/ios/Pods/ReactNativeDependencies\"\ \"/Users/sparkles/Documents/CodingFiles/FullStack/expensioApp/frontend/ios/Pods/Headers/Public/ReactCodegen/react/renderer/components\"\ \"/Users/sparkles/Documents/CodingFiles/FullStack/expensioApp/frontend/ios/Pods/Headers/Private/React-Fabric\"\ \"/Users/sparkles/Documents/CodingFiles/FullStack/expensioApp/frontend/ios/Pods/Headers/Private/React-RCTFabric\"\ \"/Users/sparkles/Documents/CodingFiles/FullStack/expensioApp/frontend/ios/Pods/Headers/Private/Yoga\"\ \"/Users/sparkles/Documents/CodingFiles/FullStack/expensioApp/frontend/ios/Pods/../build/generated/ios/ReactCodegen\"\ \"/Users/sparkles/Documents/CodingFiles/FullStack/expensioApp/frontend/ios/Pods/ExpoModulesCore/ExpoModulesCore.xcframework/ios-arm64_x86_64-simulator/ExpoModulesCore.framework/Headers\"\ \"/Users/sparkles/Documents/CodingFiles/FullStack/expensioApp/frontend/ios/Pods/ExpoModulesCore/ExpoModulesCore.xcframework/ios-arm64/ExpoModulesCore.framework/Headers\"\ \"/Users/sparkles/Documents/CodingFiles/FullStack/expensioApp/frontend/ios/Pods/ExpoModulesCore/ExpoModulesCore.xcframework/ios-arm64_x86_64-simulator/ExpoModulesCore.framework/Headers\"\ \"/Users/sparkles/Documents/CodingFiles/FullStack/expensioApp/frontend/ios/Pods/ExpoModulesCore/ExpoModulesCore.xcframework/ios-arm64/ExpoModulesCore.framework/Headers\"
    export HOME\=/Users/sparkles
    export HOST_ARCH\=arm64
    export HOST_PLATFORM\=macosx
    export ICONV\=/usr/bin/iconv
    export IMPLICIT_DEPENDENCY_DOMAIN\=default
    export INDEX_ENABLE_OPTIMIZATION_LEVEL_OVERRIDE\=YES
    export INDEX_STORE_COMPRESS\=NO
    export INDEX_STORE_ONLY_PROJECT_FILES\=NO
    export INFOPLIST_ENABLE_CFBUNDLEICONS_MERGE\=YES
    export INFOPLIST_EXPAND_BUILD_SETTINGS\=YES
    export INFOPLIST_OUTPUT_FORMAT\=binary
    export INFOPLIST_PREPROCESS\=NO
    export INLINE_PRIVATE_FRAMEWORKS\=NO
    export INSTALLAPI_IGNORE_SKIP_INSTALL\=YES
    export INSTALLHDRS_COPY_PHASE\=NO
    export INSTALLHDRS_SCRIPT_PHASE\=NO
    export INSTALL_DIR\=/tmp/Pods.dst/usr/local/lib
    export INSTALL_GROUP\=staff
    export INSTALL_MODE_FLAG\=u+w,go-w,a+rX
    export INSTALL_OWNER\=sparkles
    export INSTALL_PATH\=/usr/local/lib
    export INSTALL_ROOT\=/tmp/Pods.dst
    export IPHONEOS_DEPLOYMENT_TARGET\=17.0
    export IS_UNOPTIMIZED_BUILD\=YES
    export JAVAC_DEFAULT_FLAGS\=-J-Xms64m\ -J-XX:NewSize\=4M\ -J-Dfile.encoding\=UTF8
    export JAVA_APP_STUB\=/System/Library/Frameworks/JavaVM.framework/Resources/MacOS/JavaApplicationStub
    export JAVA_ARCHIVE_CLASSES\=YES
    export JAVA_ARCHIVE_TYPE\=JAR
    export JAVA_COMPILER\=/usr/bin/javac
    export JAVA_FRAMEWORK_RESOURCES_DIRS\=Resources
    export JAVA_JAR_FLAGS\=cv
    export JAVA_SOURCE_SUBDIR\=.
    export JAVA_USE_DEPENDENCIES\=YES
    export JAVA_ZIP_FLAGS\=-urg
    export JIKES_DEFAULT_FLAGS\=+E\ +OLDCSO
    export KEEP_PRIVATE_EXTERNS\=NO
    export LD_DEPENDENCY_INFO_FILE\=/Users/sparkles/Library/Developer/Xcode/DerivedData/Expensio-futtgngxcysvvhcljmosbeftqmyc/Build/Intermediates.noindex/Pods.build/Debug-iphonesimulator/ReactCodegen.build/Objects-normal/undefined_arch/ReactCodegen_dependency_info.dat
    export LD_EXPORT_GLOBAL_SYMBOLS\=YES
    export LD_EXPORT_SYMBOLS\=YES
    export LD_GENERATE_MAP_FILE\=NO
    export LD_MAP_FILE_PATH\=/Users/sparkles/Library/Developer/Xcode/DerivedData/Expensio-futtgngxcysvvhcljmosbeftqmyc/Build/Intermediates.noindex/Pods.build/Debug-iphonesimulator/ReactCodegen.build/ReactCodegen-LinkMap-normal-undefined_arch.txt
    export LD_NO_PIE\=NO
    export LD_QUOTE_LINKER_ARGUMENTS_FOR_COMPILER_DRIVER\=YES
    export LD_SHARED_CACHE_ELIGIBLE\=Automatic
    export LD_WARN_DUPLICATE_LIBRARIES\=NO
    export LD_WARN_UNUSED_DYLIBS\=NO
    export LEGACY_DEVELOPER_DIR\=/Applications/Xcode.app/Contents/PlugIns/Xcode3Core.ideplugin/Contents/SharedSupport/Developer
    export LEX\=lex
    export LIBRARY_DEXT_INSTALL_PATH\=/Library/DriverExtensions
    export LIBRARY_FLAG_NOSPACE\=YES
    export LIBRARY_FLAG_PREFIX\=-l
    export LIBRARY_KEXT_INSTALL_PATH\=/Library/Extensions
    export LIBRARY_SEARCH_PATHS\=/Users/sparkles/Library/Developer/Xcode/DerivedData/Expensio-futtgngxcysvvhcljmosbeftqmyc/Build/Products/Debug-iphonesimulator/ReactCodegen\ 
    export LINKER_DISPLAYS_MANGLED_NAMES\=NO
    export LINK_FILE_LIST_normal_arm64\=/Users/sparkles/Library/Developer/Xcode/DerivedData/Expensio-futtgngxcysvvhcljmosbeftqmyc/Build/Intermediates.noindex/Pods.build/Debug-iphonesimulator/ReactCodegen.build/Objects-normal/arm64/ReactCodegen.LinkFileList
    export LINK_FILE_LIST_normal_x86_64\=/Users/sparkles/Library/Developer/Xcode/DerivedData/Expensio-futtgngxcysvvhcljmosbeftqmyc/Build/Intermediates.noindex/Pods.build/Debug-iphonesimulator/ReactCodegen.build/Objects-normal/x86_64/ReactCodegen.LinkFileList
    export LINK_OBJC_RUNTIME\=YES
    export LINK_WITH_STANDARD_LIBRARIES\=YES
    export LLVM_TARGET_TRIPLE_OS_VERSION\=ios17.0
    export LLVM_TARGET_TRIPLE_SUFFIX\=-simulator
    export LLVM_TARGET_TRIPLE_VENDOR\=apple
    export LM_AUX_CONST_METADATA_LIST_PATH_normal_arm64\=/Users/sparkles/Library/Developer/Xcode/DerivedData/Expensio-futtgngxcysvvhcljmosbeftqmyc/Build/Intermediates.noindex/Pods.build/Debug-iphonesimulator/ReactCodegen.build/Objects-normal/arm64/ReactCodegen.SwiftConstValuesFileList
    export LM_AUX_CONST_METADATA_LIST_PATH_normal_x86_64\=/Users/sparkles/Library/Developer/Xcode/DerivedData/Expensio-futtgngxcysvvhcljmosbeftqmyc/Build/Intermediates.noindex/Pods.build/Debug-iphonesimulator/ReactCodegen.build/Objects-normal/x86_64/ReactCodegen.SwiftConstValuesFileList
    export LOCALIZATION_EXPORT_SUPPORTED\=YES
    export LOCALIZATION_PREFERS_STRING_CATALOGS\=NO
    export LOCALIZED_STRING_CODE_COMMENTS\=NO
    export LOCALIZED_STRING_MACRO_NAMES\=NSLocalizedString\ CFCopyLocalizedString
    export LOCALIZED_STRING_SWIFTUI_SUPPORT\=YES
    export LOCAL_ADMIN_APPS_DIR\=/Applications/Utilities
    export LOCAL_APPS_DIR\=/Applications
    export LOCAL_DEVELOPER_DIR\=/Library/Developer
    export LOCAL_LIBRARY_DIR\=/Library
    export LOCROOT\=/Users/sparkles/Documents/CodingFiles/FullStack/expensioApp/frontend/ios/Pods
    export LOCSYMROOT\=/Users/sparkles/Documents/CodingFiles/FullStack/expensioApp/frontend/ios/Pods
    export MACH_O_TYPE\=staticlib
    export MAC_OS_X_PRODUCT_BUILD_VERSION\=26A428
    export MAC_OS_X_VERSION_ACTUAL\=270000
    export MAC_OS_X_VERSION_MAJOR\=270000
    export MAC_OS_X_VERSION_MINOR\=270000
    export MAKE_MERGEABLE\=NO
    export MERGEABLE_LIBRARY\=NO
    export MERGED_BINARY_TYPE\=none
    export MERGE_LINKED_LIBRARIES\=NO
    export METAL_LIBRARY_FILE_BASE\=default
    export METAL_LIBRARY_OUTPUT_DIR\=/Users/sparkles/Library/Developer/Xcode/DerivedData/Expensio-futtgngxcysvvhcljmosbeftqmyc/Build/Products/Debug-iphonesimulator/ReactCodegen/
    export MODULEMAP_FILE\=Headers/Public/ReactCodegen/ReactCodegen.modulemap
    export MODULE_CACHE_DIR\=/Users/sparkles/Library/Developer/Xcode/DerivedData/ModuleCache.noindex
    export MTL_ENABLE_DEBUG_INFO\=INCLUDE_SOURCE
    export MTL_FAST_MATH\=YES
    export NATIVE_ARCH\=arm64
    export NATIVE_ARCH_32_BIT\=arm
    export NATIVE_ARCH_64_BIT\=arm64
    export NATIVE_ARCH_ACTUAL\=arm64
    export NO_COMMON\=YES
    export OBJC_ABI_VERSION\=2
    export OBJECT_FILE_DIR\=/Users/sparkles/Library/Developer/Xcode/DerivedData/Expensio-futtgngxcysvvhcljmosbeftqmyc/Build/Intermediates.noindex/Pods.build/Debug-iphonesimulator/ReactCodegen.build/Objects
    export OBJECT_FILE_DIR_normal\=/Users/sparkles/Library/Developer/Xcode/DerivedData/Expensio-futtgngxcysvvhcljmosbeftqmyc/Build/Intermediates.noindex/Pods.build/Debug-iphonesimulator/ReactCodegen.build/Objects-normal
    export OBJROOT\=/Users/sparkles/Library/Developer/Xcode/DerivedData/Expensio-futtgngxcysvvhcljmosbeftqmyc/Build/Intermediates.noindex
    export ONLY_ACTIVE_ARCH\=NO
    export ONLY_ARCH\=multiple_archs
    export OS\=MACOS
    export OSAC\=/usr/bin/osacompile
    export OTHER_CFLAGS\=\ -DRCT_REMOVE_LEGACY_ARCH\=1\ -ivfsoverlay\ /Users/sparkles/Documents/CodingFiles/FullStack/expensioApp/frontend/ios/Pods/React-Core-prebuilt/React-VFS.yaml
    export OTHER_CPLUSPLUSFLAGS\=\ -DRCT_REMOVE_LEGACY_ARCH\=1\ -ivfsoverlay\ /Users/sparkles/Documents/CodingFiles/FullStack/expensioApp/frontend/ios/Pods/React-Core-prebuilt/React-VFS.yaml\ -DRCT_REMOVE_LEGACY_ARCH\=1\ -DFOLLY_MOBILE\=1\ -DFOLLY_USE_LIBCPP\=1\ -DFOLLY_CFG_NO_COROUTINES\=1\ -DFOLLY_HAVE_CLOCK_GETTIME\=1\ -Wno-comma\ -Wno-shorten-64-to-32\ -Wno-documentation\ -ivfsoverlay\ /Users/sparkles/Documents/CodingFiles/FullStack/expensioApp/frontend/ios/Pods/React-Core-prebuilt/React-VFS.yaml
    export OTHER_SWIFT_FLAGS\=\ -Xcc\ -ivfsoverlay\ -Xcc\ /Users/sparkles/Documents/CodingFiles/FullStack/expensioApp/frontend/ios/Pods/React-Core-prebuilt/React-VFS.yaml
    export PACKAGE_TYPE\=com.apple.package-type.static-library
    export PASCAL_STRINGS\=YES
    export PATH\=/Applications/Xcode.app/Contents/SharedFrameworks/SwiftBuild.framework/Versions/A/PlugIns/SWBBuildService.bundle/Contents/PlugIns/SWBUniversalPlatformPlugin.bundle/Contents/Frameworks/SWBUniversalPlatform.framework/Resources:/Applications/Xcode.app/Contents/Developer/Toolchains/XcodeDefault.xctoolchain/usr/bin:/Applications/Xcode.app/Contents/Developer/Toolchains/XcodeDefault.xctoolchain/usr/local/bin:/Applications/Xcode.app/Contents/Developer/Toolchains/XcodeDefault.xctoolchain/usr/libexec:/Applications/Xcode.app/Contents/Developer/Platforms/iPhoneSimulator.platform/usr/bin:/Applications/Xcode.app/Contents/Developer/Platforms/iPhoneSimulator.platform/usr/local/bin:/Applications/Xcode.app/Contents/Developer/Platforms/iPhoneSimulator.platform/Developer/usr/bin:/Applications/Xcode.app/Contents/Developer/Platforms/iPhoneSimulator.platform/Developer/usr/local/bin:/Applications/Xcode.app/Contents/Developer/usr/bin:/Applications/Xcode.app/Contents/Developer/usr/local/bin:/Users/sparkles/.gemini/antigravity-ide/bin:/Users/sparkles/.antigravity-ide/antigravity-ide/bin:/opt/homebrew/bin:/opt/homebrew/sbin:/usr/local/bin:/System/Cryptexes/App/usr/bin:/usr/bin:/bin:/usr/sbin:/sbin:/var/run/com.apple.security.cryptexd/codex.system/bootstrap/usr/local/bin:/var/run/com.apple.security.cryptexd/codex.system/bootstrap/usr/bin:/var/run/com.apple.security.cryptexd/codex.system/bootstrap/usr/appleinternal/bin:/pkg/env/global/bin
    export PATH_PREFIXES_EXCLUDED_FROM_HEADER_DEPENDENCIES\=/usr/include\ /usr/local/include\ /System/Library/Frameworks\ /System/Library/PrivateFrameworks\ /Applications/Xcode.app/Contents/Developer/Headers\ /Applications/Xcode.app/Contents/Developer/SDKs\ /Applications/Xcode.app/Contents/Developer/Platforms
    export PER_ARCH_MODULE_FILE_DIR\=/Users/sparkles/Library/Developer/Xcode/DerivedData/Expensio-futtgngxcysvvhcljmosbeftqmyc/Build/Intermediates.noindex/Pods.build/Debug-iphonesimulator/ReactCodegen.build/Objects-normal/undefined_arch
    export PER_ARCH_OBJECT_FILE_DIR\=/Users/sparkles/Library/Developer/Xcode/DerivedData/Expensio-futtgngxcysvvhcljmosbeftqmyc/Build/Intermediates.noindex/Pods.build/Debug-iphonesimulator/ReactCodegen.build/Objects-normal/undefined_arch
    export PER_VARIANT_OBJECT_FILE_DIR\=/Users/sparkles/Library/Developer/Xcode/DerivedData/Expensio-futtgngxcysvvhcljmosbeftqmyc/Build/Intermediates.noindex/Pods.build/Debug-iphonesimulator/ReactCodegen.build/Objects-normal
    export PKGINFO_FILE_PATH\=/Users/sparkles/Library/Developer/Xcode/DerivedData/Expensio-futtgngxcysvvhcljmosbeftqmyc/Build/Intermediates.noindex/Pods.build/Debug-iphonesimulator/ReactCodegen.build/PkgInfo
    export PLATFORM_DEVELOPER_APPLICATIONS_DIR\=/Applications/Xcode.app/Contents/Developer/Platforms/iPhoneSimulator.platform/Developer/Applications
    export PLATFORM_DEVELOPER_BIN_DIR\=/Applications/Xcode.app/Contents/Developer/Platforms/iPhoneSimulator.platform/Developer/usr/bin
    export PLATFORM_DEVELOPER_LIBRARY_DIR\=/Applications/Xcode.app/Contents/Developer/Platforms/iPhoneSimulator.platform/Developer/Library
    export PLATFORM_DEVELOPER_SDK_DIR\=/Applications/Xcode.app/Contents/Developer/Platforms/iPhoneSimulator.platform/Developer/SDKs
    export PLATFORM_DEVELOPER_TOOLS_DIR\=/Applications/Xcode.app/Contents/Developer/Platforms/iPhoneSimulator.platform/Developer/Tools
    export PLATFORM_DEVELOPER_USR_DIR\=/Applications/Xcode.app/Contents/Developer/Platforms/iPhoneSimulator.platform/Developer/usr
    export PLATFORM_DIR\=/Applications/Xcode.app/Contents/Developer/Platforms/iPhoneSimulator.platform
    export PLATFORM_DISPLAY_NAME\=iOS\ Simulator
    export PLATFORM_FAMILY_NAME\=iOS
    export PLATFORM_NAME\=iphonesimulator
    export PLATFORM_PREFERRED_ARCH\=x86_64
    export PLATFORM_PRODUCT_BUILD_VERSION\=24A430
    export PLATFORM_REQUIRES_SWIFT_AUTOLINK_EXTRACT\=NO
    export PLATFORM_REQUIRES_SWIFT_MODULEWRAP\=NO
    export PLATFORM_USES_DSYMS\=YES
    export PLIST_FILE_OUTPUT_FORMAT\=binary
    export PODFILE_DIR\=/Users/sparkles/Documents/CodingFiles/FullStack/expensioApp/frontend/ios/Pods/..
    export PODS_BUILD_DIR\=/Users/sparkles/Library/Developer/Xcode/DerivedData/Expensio-futtgngxcysvvhcljmosbeftqmyc/Build/Products
    export PODS_CONFIGURATION_BUILD_DIR\=/Users/sparkles/Library/Developer/Xcode/DerivedData/Expensio-futtgngxcysvvhcljmosbeftqmyc/Build/Products/Debug-iphonesimulator
    export PODS_DEVELOPMENT_LANGUAGE\=en
    export PODS_ROOT\=/Users/sparkles/Documents/CodingFiles/FullStack/expensioApp/frontend/ios/Pods
    export PODS_TARGET_SRCROOT\=/Users/sparkles/Documents/CodingFiles/FullStack/expensioApp/frontend/ios/Pods/../build/generated/ios/ReactCodegen
    export PODS_XCFRAMEWORKS_BUILD_DIR\=/Users/sparkles/Library/Developer/Xcode/DerivedData/Expensio-futtgngxcysvvhcljmosbeftqmyc/Build/Products/Debug-iphonesimulator/XCFrameworkIntermediates
    export PRECOMPS_INCLUDE_HEADERS_FROM_BUILT_PRODUCTS_DIR\=YES
    export PRECOMP_DESTINATION_DIR\=/Users/sparkles/Library/Developer/Xcode/DerivedData/Expensio-futtgngxcysvvhcljmosbeftqmyc/Build/Intermediates.noindex/Pods.build/Debug-iphonesimulator/ReactCodegen.build/PrefixHeaders
    export PRELINK_DEPENDENCY_INFO_FILE\=/Users/sparkles/Library/Developer/Xcode/DerivedData/Expensio-futtgngxcysvvhcljmosbeftqmyc/Build/Intermediates.noindex/Pods.build/Debug-iphonesimulator/ReactCodegen.build/Objects-normal/undefined_arch/ReactCodegen_prelink_dependency_info.dat
    export PROCESSED_INFOPLIST_PATH\=/Users/sparkles/Library/Developer/Xcode/DerivedData/Expensio-futtgngxcysvvhcljmosbeftqmyc/Build/Intermediates.noindex/Pods.build/Debug-iphonesimulator/ReactCodegen.build/Objects-normal/undefined_arch/Processed-Info.plist
    export PRODUCT_BUNDLE_IDENTIFIER\=org.cocoapods.ReactCodegen
    export PRODUCT_MODULE_NAME\=ReactCodegen
    export PRODUCT_NAME\=ReactCodegen
    export PRODUCT_SETTINGS_PATH\=
    export PRODUCT_TYPE\=com.apple.product-type.library.static
    export PROFILING_CODE\=NO
    export PROJECT\=Pods
    export PROJECT_DERIVED_FILE_DIR\=/Users/sparkles/Library/Developer/Xcode/DerivedData/Expensio-futtgngxcysvvhcljmosbeftqmyc/Build/Intermediates.noindex/Pods.build/DerivedSources
    export PROJECT_DIR\=/Users/sparkles/Documents/CodingFiles/FullStack/expensioApp/frontend/ios/Pods
    export PROJECT_FILE_PATH\=/Users/sparkles/Documents/CodingFiles/FullStack/expensioApp/frontend/ios/Pods/Pods.xcodeproj
    export PROJECT_GUID\=8699adb1dd336b26511df848a716bd42
    export PROJECT_NAME\=Pods
    export PROJECT_TEMP_DIR\=/Users/sparkles/Library/Developer/Xcode/DerivedData/Expensio-futtgngxcysvvhcljmosbeftqmyc/Build/Intermediates.noindex/Pods.build
    export PROJECT_TEMP_ROOT\=/Users/sparkles/Library/Developer/Xcode/DerivedData/Expensio-futtgngxcysvvhcljmosbeftqmyc/Build/Intermediates.noindex
    export REACT_NATIVE_PATH\=/Users/sparkles/Documents/CodingFiles/FullStack/expensioApp/frontend/ios/Pods/../../node_modules/react-native
    export RECOMMENDED_IPHONEOS_DEPLOYMENT_TARGET\=17.0
    export RECURSIVE_SEARCH_PATHS_FOLLOW_SYMLINKS\=YES
    export REMOVE_CVS_FROM_RESOURCES\=YES
    export REMOVE_GIT_FROM_RESOURCES\=YES
    export REMOVE_HEADERS_FROM_EMBEDDED_BUNDLES\=YES
    export REMOVE_HG_FROM_RESOURCES\=YES
    export REMOVE_STATIC_EXECUTABLES_FROM_EMBEDDED_BUNDLES\=YES
    export REMOVE_SVN_FROM_RESOURCES\=YES
    export RESCHEDULE_INDEPENDENT_HEADERS_PHASES\=YES
    export REZ_COLLECTOR_DIR\=/Users/sparkles/Library/Developer/Xcode/DerivedData/Expensio-futtgngxcysvvhcljmosbeftqmyc/Build/Intermediates.noindex/Pods.build/Debug-iphonesimulator/ReactCodegen.build/ResourceManagerResources
    export REZ_EXECUTABLE\=YES
    export REZ_OBJECTS_DIR\=/Users/sparkles/Library/Developer/Xcode/DerivedData/Expensio-futtgngxcysvvhcljmosbeftqmyc/Build/Intermediates.noindex/Pods.build/Debug-iphonesimulator/ReactCodegen.build/ResourceManagerResources/Objects
    export REZ_SEARCH_PATHS\=/Users/sparkles/Library/Developer/Xcode/DerivedData/Expensio-futtgngxcysvvhcljmosbeftqmyc/Build/Products/Debug-iphonesimulator/ReactCodegen\ 
    export RPATH_ORIGIN\=@loader_path
    export RUNTIME_EXCEPTION_ALLOW_DYLD_ENVIRONMENT_VARIABLES\=NO
    export RUNTIME_EXCEPTION_ALLOW_JIT\=NO
    export RUNTIME_EXCEPTION_ALLOW_UNSIGNED_EXECUTABLE_MEMORY\=NO
    export RUNTIME_EXCEPTION_DEBUGGING_TOOL\=NO
    export RUNTIME_EXCEPTION_DISABLE_EXECUTABLE_PAGE_PROTECTION\=NO
    export RUNTIME_EXCEPTION_DISABLE_LIBRARY_VALIDATION\=NO
    export SCANNING_PCM_KEEP_CACHE_DIRECTORY\=YES
    export SCAN_ALL_SOURCE_FILES_FOR_INCLUDES\=NO
    export SCRIPT_INPUT_FILE_0\=/Users/sparkles/Documents/CodingFiles/FullStack/expensioApp/frontend/ios/build/generated/autolinking/autolinking.json
    export SCRIPT_INPUT_FILE_COUNT\=1
    export SCRIPT_INPUT_FILE_LIST_COUNT\=0
    export SCRIPT_OUTPUT_FILE_0\=/Users/sparkles/Library/Developer/Xcode/DerivedData/Expensio-futtgngxcysvvhcljmosbeftqmyc/Build/Intermediates.noindex/Pods.build/Debug-iphonesimulator/ReactCodegen.build/DerivedSources/expo-codegen-cleanup.stamp
    export SCRIPT_OUTPUT_FILE_COUNT\=1
    export SCRIPT_OUTPUT_FILE_LIST_COUNT\=0
    export SDKROOT\=/Applications/Xcode.app/Contents/Developer/Platforms/iPhoneSimulator.platform/Developer/SDKs/iPhoneSimulator27.0.sdk
    export SDK_DIR\=/Applications/Xcode.app/Contents/Developer/Platforms/iPhoneSimulator.platform/Developer/SDKs/iPhoneSimulator27.0.sdk
    export SDK_DIR_iphonesimulator\=/Applications/Xcode.app/Contents/Developer/Platforms/iPhoneSimulator.platform/Developer/SDKs/iPhoneSimulator27.0.sdk
    export SDK_DIR_iphonesimulator27_0\=/Applications/Xcode.app/Contents/Developer/Platforms/iPhoneSimulator.platform/Developer/SDKs/iPhoneSimulator27.0.sdk
    export SDK_NAME\=iphonesimulator27.0
    export SDK_NAMES\=iphonesimulator27.0
    export SDK_PRODUCT_BUILD_VERSION\=24A430
    export SDK_STAT_CACHE_DIR\=/Users/sparkles/Library/Developer/Xcode/DerivedData
    export SDK_STAT_CACHE_ENABLE\=YES
    export SDK_STAT_CACHE_PATH\=/Users/sparkles/Library/Developer/Xcode/DerivedData/SDKStatCaches.noindex/iphonesimulator27.0-24A430-8dc58220667be655e1bcc261a7455254.sdkstatcache
    export SDK_VERSION\=27.0
    export SDK_VERSION_ACTUAL\=270000
    export SDK_VERSION_MAJOR\=270000
    export SDK_VERSION_MINOR\=270000
    export SED\=/usr/bin/sed
    export SEPARATE_STRIP\=NO
    export SEPARATE_SYMBOL_EDIT\=NO
    export SET_DIR_MODE_OWNER_GROUP\=YES
    export SET_FILE_MODE_OWNER_GROUP\=NO
    export SHALLOW_BUNDLE\=NO
    export SHARED_DERIVED_FILE_DIR\=/Users/sparkles/Library/Developer/Xcode/DerivedData/Expensio-futtgngxcysvvhcljmosbeftqmyc/Build/Products/Debug-iphonesimulator/ReactCodegen/DerivedSources
    export SHARED_PRECOMPS_DIR\=/Users/sparkles/Library/Developer/Xcode/DerivedData/Expensio-futtgngxcysvvhcljmosbeftqmyc/Build/Intermediates.noindex/PrecompiledHeaders
    export SKIP_COPYING_TEST_FRAMEWORKS\=YES
    export SKIP_INSTALL\=YES
    export SKIP_MERGEABLE_LIBRARY_BUNDLE_HOOK\=NO
    export SOURCE_ROOT\=/Users/sparkles/Documents/CodingFiles/FullStack/expensioApp/frontend/ios/Pods
    export SRCROOT\=/Users/sparkles/Documents/CodingFiles/FullStack/expensioApp/frontend/ios/Pods
    export STRINGSDATA_DIR\=/Users/sparkles/Library/Developer/Xcode/DerivedData/Expensio-futtgngxcysvvhcljmosbeftqmyc/Build/Intermediates.noindex/Pods.build/Debug-iphonesimulator/ReactCodegen.build/Objects-normal/undefined_arch
    export STRINGSDATA_ROOT\=/Users/sparkles/Library/Developer/Xcode/DerivedData/Expensio-futtgngxcysvvhcljmosbeftqmyc/Build/Intermediates.noindex/Pods.build/Debug-iphonesimulator/ReactCodegen.build
    export STRINGS_FILE_INFOPLIST_RENAME\=YES
    export STRINGS_FILE_OUTPUT_ENCODING\=binary
    export STRING_CATALOG_GENERATE_SYMBOLS\=YES
    export STRIP_BITCODE_FROM_COPIED_FILES\=NO
    export STRIP_INSTALLED_PRODUCT\=NO
    export STRIP_STYLE\=debugging
    export STRIP_SWIFT_SYMBOLS\=YES
    export SUPPORTED_DEVICE_FAMILIES\=1,2
    export SUPPORTED_PLATFORMS\=iphoneos\ iphonesimulator
    export SUPPORTS_TEXT_BASED_API\=NO
    export SUPPRESS_WARNINGS\=NO
    export SWIFTC_PASS_SDKROOT\=YES
    export SWIFTC_PASS_SYSROOT\=NO
    export SWIFT_ACTIVE_COMPILATION_CONDITIONS\=\ DEBUG\ 
    export SWIFT_COLOR_DIAGNOSTICS\=NO
    export SWIFT_COMPILE_FOR_STATIC_LINKING\=YES
    export SWIFT_EMIT_CONST_VALUE_PROTOCOLS\=AnyResolverProviding\ AppEntity\ AppEnum\ AppExtension\ AppIntent\ AppIntentsPackage\ AppShortcutProviding\ AppShortcutsProvider\ AppUnionValue\ AppUnionValueCasesProviding\ DynamicOptionsProvider\ EntityQuery\ ExtensionPointDefining\ IntentValueQuery\ Resolver\ TransientEntity\ _AssistantIntentsProvider\ _GenerativeFunctionExtractable\ _IntentValueRepresentable
    export SWIFT_EMIT_LOC_STRINGS\=NO
    export SWIFT_EMIT_MODULE_INTERFACE\=NO
    export SWIFT_ENABLE_EXPLICIT_MODULES\=NO
    export SWIFT_ENABLE_TESTABILITY\=YES
    export SWIFT_INSTALL_OBJC_HEADER\=YES
    export SWIFT_OPTIMIZATION_LEVEL\=-Onone
    export SWIFT_PLATFORM_TARGET_PREFIX\=ios
    export SWIFT_RESPONSE_FILE_PATH_normal_arm64\=/Users/sparkles/Library/Developer/Xcode/DerivedData/Expensio-futtgngxcysvvhcljmosbeftqmyc/Build/Intermediates.noindex/Pods.build/Debug-iphonesimulator/ReactCodegen.build/Objects-normal/arm64/ReactCodegen.SwiftFileList
    export SWIFT_RESPONSE_FILE_PATH_normal_x86_64\=/Users/sparkles/Library/Developer/Xcode/DerivedData/Expensio-futtgngxcysvvhcljmosbeftqmyc/Build/Intermediates.noindex/Pods.build/Debug-iphonesimulator/ReactCodegen.build/Objects-normal/x86_64/ReactCodegen.SwiftFileList
    export SWIFT_VERSION\=5.0
    export SYMROOT\=/Users/sparkles/Library/Developer/Xcode/DerivedData/Expensio-futtgngxcysvvhcljmosbeftqmyc/Build/Products
    export SYSROOT\=/Applications/Xcode.app/Contents/Developer/Platforms/iPhoneSimulator.platform/Developer/SDKs/iPhoneSimulator27.0.sdk
    export SYSTEM_ADMIN_APPS_DIR\=/Applications/Utilities
    export SYSTEM_APPS_DIR\=/Applications
    export SYSTEM_CORE_SERVICES_DIR\=/System/Library/CoreServices
    export SYSTEM_DEMOS_DIR\=/Applications/Extras
    export SYSTEM_DEVELOPER_APPS_DIR\=/Applications/Xcode.app/Contents/Developer/Applications
    export SYSTEM_DEVELOPER_BIN_DIR\=/Applications/Xcode.app/Contents/Developer/usr/bin
    export SYSTEM_DEVELOPER_DEMOS_DIR\=/Applications/Xcode.app/Contents/Developer/Applications/Utilities/Built\ Examples
    export SYSTEM_DEVELOPER_DIR\=/Applications/Xcode.app/Contents/Developer
    export SYSTEM_DEVELOPER_DOC_DIR\=/Applications/Xcode.app/Contents/Developer/ADC\ Reference\ Library
    export SYSTEM_DEVELOPER_GRAPHICS_TOOLS_DIR\=/Applications/Xcode.app/Contents/Developer/Applications/Graphics\ Tools
    export SYSTEM_DEVELOPER_JAVA_TOOLS_DIR\=/Applications/Xcode.app/Contents/Developer/Applications/Java\ Tools
    export SYSTEM_DEVELOPER_PERFORMANCE_TOOLS_DIR\=/Applications/Xcode.app/Contents/Developer/Applications/Performance\ Tools
    export SYSTEM_DEVELOPER_RELEASENOTES_DIR\=/Applications/Xcode.app/Contents/Developer/ADC\ Reference\ Library/releasenotes
    export SYSTEM_DEVELOPER_TOOLS\=/Applications/Xcode.app/Contents/Developer/Tools
    export SYSTEM_DEVELOPER_TOOLS_DOC_DIR\=/Applications/Xcode.app/Contents/Developer/ADC\ Reference\ Library/documentation/DeveloperTools
    export SYSTEM_DEVELOPER_TOOLS_RELEASENOTES_DIR\=/Applications/Xcode.app/Contents/Developer/ADC\ Reference\ Library/releasenotes/DeveloperTools
    export SYSTEM_DEVELOPER_USR_DIR\=/Applications/Xcode.app/Contents/Developer/usr
    export SYSTEM_DEVELOPER_UTILITIES_DIR\=/Applications/Xcode.app/Contents/Developer/Applications/Utilities
    export SYSTEM_DEXT_INSTALL_PATH\=/System/Library/DriverExtensions
    export SYSTEM_DOCUMENTATION_DIR\=/Library/Documentation
    export SYSTEM_KEXT_INSTALL_PATH\=/System/Library/Extensions
    export SYSTEM_LIBRARY_DIR\=/System/Library
    export TAPI_DEMANGLE\=YES
    export TAPI_ENABLE_PROJECT_HEADERS\=NO
    export TAPI_LANGUAGE\=objective-c
    export TAPI_LANGUAGE_STANDARD\=compiler-default
    export TAPI_USE_SRCROOT\=YES
    export TAPI_VERIFY_MODE\=Pedantic
    export TARGETED_DEVICE_FAMILY\=1,2
    export TARGETNAME\=ReactCodegen
    export TARGET_BUILD_DIR\=/Users/sparkles/Library/Developer/Xcode/DerivedData/Expensio-futtgngxcysvvhcljmosbeftqmyc/Build/Products/Debug-iphonesimulator/ReactCodegen
    export TARGET_NAME\=ReactCodegen
    export TARGET_TEMP_DIR\=/Users/sparkles/Library/Developer/Xcode/DerivedData/Expensio-futtgngxcysvvhcljmosbeftqmyc/Build/Intermediates.noindex/Pods.build/Debug-iphonesimulator/ReactCodegen.build
    export TEMP_DIR\=/Users/sparkles/Library/Developer/Xcode/DerivedData/Expensio-futtgngxcysvvhcljmosbeftqmyc/Build/Intermediates.noindex/Pods.build/Debug-iphonesimulator/ReactCodegen.build
    export TEMP_FILES_DIR\=/Users/sparkles/Library/Developer/Xcode/DerivedData/Expensio-futtgngxcysvvhcljmosbeftqmyc/Build/Intermediates.noindex/Pods.build/Debug-iphonesimulator/ReactCodegen.build
    export TEMP_FILE_DIR\=/Users/sparkles/Library/Developer/Xcode/DerivedData/Expensio-futtgngxcysvvhcljmosbeftqmyc/Build/Intermediates.noindex/Pods.build/Debug-iphonesimulator/ReactCodegen.build
    export TEMP_ROOT\=/Users/sparkles/Library/Developer/Xcode/DerivedData/Expensio-futtgngxcysvvhcljmosbeftqmyc/Build/Intermediates.noindex
    export TEMP_SANDBOX_DIR\=/Users/sparkles/Library/Developer/Xcode/DerivedData/Expensio-futtgngxcysvvhcljmosbeftqmyc/Build/Intermediates.noindex/TemporaryTaskSandboxes
    export TEST_FRAMEWORK_SEARCH_PATHS\=\ /Applications/Xcode.app/Contents/Developer/Platforms/iPhoneSimulator.platform/Developer/Library/Frameworks\ /Applications/Xcode.app/Contents/Developer/Platforms/iPhoneSimulator.platform/Developer/SDKs/iPhoneSimulator27.0.sdk/Developer/Library/Frameworks
    export TEST_LIBRARY_SEARCH_PATHS\=\ /Applications/Xcode.app/Contents/Developer/Platforms/iPhoneSimulator.platform/Developer/usr/lib
    export TOOLCHAINS\=com.apple.dt.toolchain.XcodeDefault
    export TOOLCHAIN_DIR\=/Applications/Xcode.app/Contents/Developer/Toolchains/XcodeDefault.xctoolchain
    export TREAT_MISSING_BASELINES_AS_TEST_FAILURES\=NO
    export TREAT_MISSING_SCRIPT_PHASE_OUTPUTS_AS_ERRORS\=NO
    export UID\=501
    export UNINSTALLED_PRODUCTS_DIR\=/Users/sparkles/Library/Developer/Xcode/DerivedData/Expensio-futtgngxcysvvhcljmosbeftqmyc/Build/Intermediates.noindex/UninstalledProducts
    export UNSTRIPPED_PRODUCT\=NO
    export USER\=sparkles
    export USER_APPS_DIR\=/Users/sparkles/Applications
    export USER_LIBRARY_DIR\=/Users/sparkles/Library
    export USE_DYNAMIC_NO_PIC\=YES
    export USE_HEADERMAP\=YES
    export USE_HEADER_SYMLINKS\=NO
    export USE_HERMES\=true
    export USE_RECURSIVE_SCRIPT_INPUTS_IN_SCRIPT_PHASES\=YES
    export VALIDATE_DEVELOPMENT_ASSET_PATHS\=YES_ERROR
    export VALIDATE_PRODUCT\=NO
    export VALID_ARCHS\=arm64\ x86_64
    export VERBOSE_PBXCP\=NO
    export VERSION_INFO_BUILDER\=sparkles
    export VERSION_INFO_FILE\=ReactCodegen_vers.c
    export VERSION_INFO_STRING\=\"@\(\#\)PROGRAM:ReactCodegen\ \ PROJECT:Pods-\"
    export WORKSPACE_DIR\=/Users/sparkles/Documents/CodingFiles/FullStack/expensioApp/frontend/ios
    export WRAP_ASSET_PACKS_IN_SEPARATE_DIRECTORIES\=NO
    export XCODE_APP_SUPPORT_DIR\=/Applications/Xcode.app/Contents/Developer/Library/Xcode
    export XCODE_PRODUCT_BUILD_VERSION\=27A266a
    export XCODE_VERSION_ACTUAL\=2700
    export XCODE_VERSION_MAJOR\=2700
    export XCODE_VERSION_MINOR\=2700
    export XPCSERVICES_FOLDER_PATH\=/XPCServices
    export YACC\=yacc
    export _DISCOVER_COMMAND_LINE_LINKER_INPUTS\=YES
    export _DISCOVER_COMMAND_LINE_LINKER_INPUTS_INCLUDE_WL\=YES
    export _LD_MULTIARCH\=YES
    export _SWIFT_EXPLICIT_MODULES_ALLOW_CXX_INTEROP\=NO
    export __ARCHS__\=arm64\ x86_64
    export __DIAGNOSE_DEPRECATED_ARCHS\=YES
    export __DIAGNOSE_INVALID_DEPLOYMENT_TARGET_AS_ERROR\=YES
    export __ORIGINAL_SDK_DEFINED_LLVM_TARGET_TRIPLE_SYS\=ios
    export arch\=undefined_arch
    export variant\=normal
    /bin/sh -c /Users/sparkles/Library/Developer/Xcode/DerivedData/Expensio-futtgngxcysvvhcljmosbeftqmyc/Build/Intermediates.noindex/Pods.build/Debug-iphonesimulator/ReactCodegen.build/Script-46EB2E00021AD0.sh

PrecompileModule /Users/sparkles/Library/Developer/Xcode/DerivedData/Expensio-futtgngxcysvvhcljmosbeftqmyc/Build/Intermediates.noindex/ExplicitPrecompiledModules/Foundation-F0DYVHJOSZE8WZKM8QLCIFSCX.scan
    cd /
    builtin-precompileModule /Users/sparkles/Library/Developer/Xcode/DerivedData/Expensio-futtgngxcysvvhcljmosbeftqmyc/Build/Intermediates.noindex/ExplicitPrecompiledModules/Foundation-F0DYVHJOSZE8WZKM8QLCIFSCX.scan

PrecompileModule /Users/sparkles/Library/Developer/Xcode/DerivedData/Expensio-futtgngxcysvvhcljmosbeftqmyc/Build/Intermediates.noindex/ExplicitPrecompiledModules/ImageIO-36816W1DAPXUQSOVDTSKE4XKP.scan
    cd /
    builtin-precompileModule /Users/sparkles/Library/Developer/Xcode/DerivedData/Expensio-futtgngxcysvvhcljmosbeftqmyc/Build/Intermediates.noindex/ExplicitPrecompiledModules/ImageIO-36816W1DAPXUQSOVDTSKE4XKP.scan

PrecompileModule /Users/sparkles/Library/Developer/Xcode/DerivedData/Expensio-futtgngxcysvvhcljmosbeftqmyc/Build/Intermediates.noindex/ExplicitPrecompiledModules/CoreText-9LBZ8Z79VXWZOCTIEEDB7NLI6.scan
    cd /
    builtin-precompileModule /Users/sparkles/Library/Developer/Xcode/DerivedData/Expensio-futtgngxcysvvhcljmosbeftqmyc/Build/Intermediates.noindex/ExplicitPrecompiledModules/CoreText-9LBZ8Z79VXWZOCTIEEDB7NLI6.scan

CompileC /Users/sparkles/Library/Developer/Xcode/DerivedData/Expensio-futtgngxcysvvhcljmosbeftqmyc/Build/Intermediates.noindex/Pods.build/Debug-iphonesimulator/ReactCodegen.build/Objects-normal/x86_64/States-68925216a545081d5fb8998fe855a677.o /Users/sparkles/Documents/CodingFiles/FullStack/expensioApp/frontend/ios/build/generated/ios/ReactCodegen/react/renderer/components/safeareacontext/States.cpp normal x86_64 c++ com.apple.compilers.llvm.clang.1_0.compiler (in target 'ReactCodegen' from project 'Pods')
    cd /Users/sparkles/Documents/CodingFiles/FullStack/expensioApp/frontend/ios/Pods
    
    Using response file: /Users/sparkles/Library/Developer/Xcode/DerivedData/Expensio-futtgngxcysvvhcljmosbeftqmyc/Build/Intermediates.noindex/Pods.build/Debug-iphonesimulator/ReactCodegen.build/Objects-normal/x86_64/82b82416624d2658e5098eb0a28c15c5-common-args.resp
    
    /Applications/Xcode.app/Contents/Developer/Toolchains/XcodeDefault.xctoolchain/usr/bin/clang -x c++ -ivfsstatcache /Users/sparkles/Library/Developer/Xcode/DerivedData/SDKStatCaches.noindex/iphonesimulator27.0-24A430-8dc58220667be655e1bcc261a7455254.sdkstatcache -target x86_64-apple-ios17.0-simulator -fmessage-length\=0 -fdiagnostics-show-note-include-stack -fmacro-backtrace-limit\=0 -fno-color-diagnostics -fmodules-prune-interval\=86400 -fmodules-prune-after\=345600 -fbuild-session-file\=/Users/sparkles/Library/Developer/Xcode/DerivedData/ModuleCache.noindex/Session.modulevalidation -fmodules-validate-once-per-build-session -Wnon-modular-include-in-framework-module -Werror\=non-modular-include-in-framework-module -Wno-trigraphs -Wno-missing-field-initializers -Wno-missing-prototypes -Werror\=return-type -Wdocumentation -Wunreachable-code -Werror\=deprecated-objc-isa-usage -Werror\=objc-root-class -Wno-non-virtual-dtor -Wno-overloaded-virtual -Wno-exit-time-destructors -Wno-missing-braces -Wparentheses -Wswitch -Wunused-function -Wno-unused-label -Wno-unused-parameter -Wunused-variable -Wunused-value -Wempty-body -Wuninitialized -Wconditional-uninitialized -Wno-unknown-pragmas -Wno-shadow -Wno-four-char-constants -Wno-conversion -Wconstant-conversion -Wint-conversion -Wbool-conversion -Wenum-conversion -Wno-float-conversion -Wnon-literal-null-conversion -Wobjc-literal-conversion -Wshorten-64-to-32 -Wno-newline-eof -Wno-c++11-extensions -Wno-implicit-fallthrough -isysroot /Applications/Xcode.app/Contents/Developer/Platforms/iPhoneSimulator.platform/Developer/SDKs/iPhoneSimulator27.0.sdk -fstrict-aliasing -Wdeprecated-declarations -Winvalid-offsetof -Wno-sign-conversion -Winfinite-recursion -Wmove -Wcomma -Wblock-capture-autoreleasing -Wstrict-prototypes -Wrange-loop-analysis -Wno-semicolon-before-method-body -Wunguarded-availability -index-store-path /Users/sparkles/Library/Developer/Xcode/DerivedData/Expensio-futtgngxcysvvhcljmosbeftqmyc/Index.noindex/DataStore -Wno-comma -Wno-shorten-64-to-32 -Wno-documentation @/Users/sparkles/Library/Developer/Xcode/DerivedData/Expensio-futtgngxcysvvhcljmosbeftqmyc/Build/Intermediates.noindex/Pods.build/Debug-iphonesimulator/ReactCodegen.build/Objects-normal/x86_64/82b82416624d2658e5098eb0a28c15c5-common-args.resp -DFOLLY_MOBILE\=1 -DFOLLY_USE_LIBCPP\=1 -DFOLLY_CFG_NO_COROUTINES\=1 -DFOLLY_HAVE_CLOCK_GETTIME\=1 -Wno-comma -Wno-shorten-64-to-32 -Wno-documentation -Wno-nullability-completeness -std\=c++20 -include /Users/sparkles/Documents/CodingFiles/FullStack/expensioApp/frontend/ios/Pods/Target\ Support\ Files/ReactCodegen/ReactCodegen-prefix.pch -MMD -MT dependencies -MF /Users/sparkles/Library/Developer/Xcode/DerivedData/Expensio-futtgngxcysvvhcljmosbeftqmyc/Build/Intermediates.noindex/Pods.build/Debug-iphonesimulator/ReactCodegen.build/Objects-normal/x86_64/States-68925216a545081d5fb8998fe855a677.d --serialize-diagnostics /Users/sparkles/Library/Developer/Xcode/DerivedData/Expensio-futtgngxcysvvhcljmosbeftqmyc/Build/Intermediates.noindex/Pods.build/Debug-iphonesimulator/ReactCodegen.build/Objects-normal/x86_64/States-68925216a545081d5fb8998fe855a677.dia -c /Users/sparkles/Documents/CodingFiles/FullStack/expensioApp/frontend/ios/build/generated/ios/ReactCodegen/react/renderer/components/safeareacontext/States.cpp -o /Users/sparkles/Library/Developer/Xcode/DerivedData/Expensio-futtgngxcysvvhcljmosbeftqmyc/Build/Intermediates.noindex/Pods.build/Debug-iphonesimulator/ReactCodegen.build/Objects-normal/x86_64/States-68925216a545081d5fb8998fe855a677.o -index-unit-output-path /Pods.build/Debug-iphonesimulator/ReactCodegen.build/Objects-normal/x86_64/States-68925216a545081d5fb8998fe855a677.o

CompileC /Users/sparkles/Library/Developer/Xcode/DerivedData/Expensio-futtgngxcysvvhcljmosbeftqmyc/Build/Intermediates.noindex/Pods.build/Debug-iphonesimulator/ReactCodegen.build/Objects-normal/x86_64/safeareacontext-generated.o /Users/sparkles/Documents/CodingFiles/FullStack/expensioApp/frontend/ios/build/generated/ios/ReactCodegen/safeareacontext/safeareacontext-generated.mm normal x86_64 objective-c++ com.apple.compilers.llvm.clang.1_0.compiler (in target 'ReactCodegen' from project 'Pods')
    cd /Users/sparkles/Documents/CodingFiles/FullStack/expensioApp/frontend/ios/Pods
    
    Using response file: /Users/sparkles/Library/Developer/Xcode/DerivedData/Expensio-futtgngxcysvvhcljmosbeftqmyc/Build/Intermediates.noindex/Pods.build/Debug-iphonesimulator/ReactCodegen.build/Objects-normal/x86_64/af3fcb34312c57c0f52879cdce924b91-common-args.resp
    
    /Applications/Xcode.app/Contents/Developer/Toolchains/XcodeDefault.xctoolchain/usr/bin/clang -x objective-c++ -ivfsstatcache /Users/sparkles/Library/Developer/Xcode/DerivedData/SDKStatCaches.noindex/iphonesimulator27.0-24A430-8dc58220667be655e1bcc261a7455254.sdkstatcache -target x86_64-apple-ios17.0-simulator -fmessage-length\=0 -fdiagnostics-show-note-include-stack -fmacro-backtrace-limit\=0 -fno-color-diagnostics -fmodules-prune-interval\=86400 -fmodules-prune-after\=345600 -fbuild-session-file\=/Users/sparkles/Library/Developer/Xcode/DerivedData/ModuleCache.noindex/Session.modulevalidation -fmodules-validate-once-per-build-session -Wnon-modular-include-in-framework-module -Werror\=non-modular-include-in-framework-module -Wno-trigraphs -Wno-missing-field-initializers -Wno-missing-prototypes -Werror\=return-type -Wdocumentation -Wunreachable-code -Wno-implicit-atomic-properties -Werror\=deprecated-objc-isa-usage -Wno-objc-interface-ivars -Werror\=objc-root-class -Wno-arc-repeated-use-of-weak -Wimplicit-retain-self -Wno-non-virtual-dtor -Wno-overloaded-virtual -Wno-exit-time-destructors -Wduplicate-method-match -Wno-missing-braces -Wparentheses -Wswitch -Wunused-function -Wno-unused-label -Wno-unused-parameter -Wunused-variable -Wunused-value -Wempty-body -Wuninitialized -Wconditional-uninitialized -Wno-unknown-pragmas -Wno-shadow -Wno-four-char-constants -Wno-conversion -Wconstant-conversion -Wint-conversion -Wbool-conversion -Wenum-conversion -Wno-float-conversion -Wnon-literal-null-conversion -Wobjc-literal-conversion -Wshorten-64-to-32 -Wno-newline-eof -Wno-selector -Wno-strict-selector-match -Wundeclared-selector -Wdeprecated-implementations -Wno-c++11-extensions -Wno-implicit-fallthrough -isysroot /Applications/Xcode.app/Contents/Developer/Platforms/iPhoneSimulator.platform/Developer/SDKs/iPhoneSimulator27.0.sdk -fstrict-aliasing -Wprotocol -Wdeprecated-declarations -Winvalid-offsetof -Wno-sign-conversion -Winfinite-recursion -Wmove -Wcomma -Wblock-capture-autoreleasing -Wstrict-prototypes -Wrange-loop-analysis -Wno-semicolon-before-method-body -Wunguarded-availability -index-store-path /Users/sparkles/Library/Developer/Xcode/DerivedData/Expensio-futtgngxcysvvhcljmosbeftqmyc/Index.noindex/DataStore -Wno-comma -Wno-shorten-64-to-32 -Wno-documentation @/Users/sparkles/Library/Developer/Xcode/DerivedData/Expensio-futtgngxcysvvhcljmosbeftqmyc/Build/Intermediates.noindex/Pods.build/Debug-iphonesimulator/ReactCodegen.build/Objects-normal/x86_64/af3fcb34312c57c0f52879cdce924b91-common-args.resp -DFOLLY_MOBILE\=1 -DFOLLY_USE_LIBCPP\=1 -DFOLLY_CFG_NO_COROUTINES\=1 -DFOLLY_HAVE_CLOCK_GETTIME\=1 -Wno-comma -Wno-shorten-64-to-32 -Wno-documentation -Wno-nullability-completeness -std\=c++20 -include /Users/sparkles/Documents/CodingFiles/FullStack/expensioApp/frontend/ios/Pods/Target\ Support\ Files/ReactCodegen/ReactCodegen-prefix.pch -MMD -MT dependencies -MF /Users/sparkles/Library/Developer/Xcode/DerivedData/Expensio-futtgngxcysvvhcljmosbeftqmyc/Build/Intermediates.noindex/Pods.build/Debug-iphonesimulator/ReactCodegen.build/Objects-normal/x86_64/safeareacontext-generated.d --serialize-diagnostics /Users/sparkles/Library/Developer/Xcode/DerivedData/Expensio-futtgngxcysvvhcljmosbeftqmyc/Build/Intermediates.noindex/Pods.build/Debug-iphonesimulator/ReactCodegen.build/Objects-normal/x86_64/safeareacontext-generated.dia -c /Users/sparkles/Documents/CodingFiles/FullStack/expensioApp/frontend/ios/build/generated/ios/ReactCodegen/safeareacontext/safeareacontext-generated.mm -o /Users/sparkles/Library/Developer/Xcode/DerivedData/Expensio-futtgngxcysvvhcljmosbeftqmyc/Build/Intermediates.noindex/Pods.build/Debug-iphonesimulator/ReactCodegen.build/Objects-normal/x86_64/safeareacontext-generated.o -index-unit-output-path /Pods.build/Debug-iphonesimulator/ReactCodegen.build/Objects-normal/x86_64/safeareacontext-generated.o

CompileC /Users/sparkles/Library/Developer/Xcode/DerivedData/Expensio-futtgngxcysvvhcljmosbeftqmyc/Build/Intermediates.noindex/Pods.build/Debug-iphonesimulator/ReactCodegen.build/Objects-normal/x86_64/rnsvg-generated.o /Users/sparkles/Documents/CodingFiles/FullStack/expensioApp/frontend/ios/build/generated/ios/ReactCodegen/rnsvg/rnsvg-generated.mm normal x86_64 objective-c++ com.apple.compilers.llvm.clang.1_0.compiler (in target 'ReactCodegen' from project 'Pods')
    cd /Users/sparkles/Documents/CodingFiles/FullStack/expensioApp/frontend/ios/Pods
    
    Using response file: /Users/sparkles/Library/Developer/Xcode/DerivedData/Expensio-futtgngxcysvvhcljmosbeftqmyc/Build/Intermediates.noindex/Pods.build/Debug-iphonesimulator/ReactCodegen.build/Objects-normal/x86_64/af3fcb34312c57c0f52879cdce924b91-common-args.resp
    
    /Applications/Xcode.app/Contents/Developer/Toolchains/XcodeDefault.xctoolchain/usr/bin/clang -x objective-c++ -ivfsstatcache /Users/sparkles/Library/Developer/Xcode/DerivedData/SDKStatCaches.noindex/iphonesimulator27.0-24A430-8dc58220667be655e1bcc261a7455254.sdkstatcache -target x86_64-apple-ios17.0-simulator -fmessage-length\=0 -fdiagnostics-show-note-include-stack -fmacro-backtrace-limit\=0 -fno-color-diagnostics -fmodules-prune-interval\=86400 -fmodules-prune-after\=345600 -fbuild-session-file\=/Users/sparkles/Library/Developer/Xcode/DerivedData/ModuleCache.noindex/Session.modulevalidation -fmodules-validate-once-per-build-session -Wnon-modular-include-in-framework-module -Werror\=non-modular-include-in-framework-module -Wno-trigraphs -Wno-missing-field-initializers -Wno-missing-prototypes -Werror\=return-type -Wdocumentation -Wunreachable-code -Wno-implicit-atomic-properties -Werror\=deprecated-objc-isa-usage -Wno-objc-interface-ivars -Werror\=objc-root-class -Wno-arc-repeated-use-of-weak -Wimplicit-retain-self -Wno-non-virtual-dtor -Wno-overloaded-virtual -Wno-exit-time-destructors -Wduplicate-method-match -Wno-missing-braces -Wparentheses -Wswitch -Wunused-function -Wno-unused-label -Wno-unused-parameter -Wunused-variable -Wunused-value -Wempty-body -Wuninitialized -Wconditional-uninitialized -Wno-unknown-pragmas -Wno-shadow -Wno-four-char-constants -Wno-conversion -Wconstant-conversion -Wint-conversion -Wbool-conversion -Wenum-conversion -Wno-float-conversion -Wnon-literal-null-conversion -Wobjc-literal-conversion -Wshorten-64-to-32 -Wno-newline-eof -Wno-selector -Wno-strict-selector-match -Wundeclared-selector -Wdeprecated-implementations -Wno-c++11-extensions -Wno-implicit-fallthrough -isysroot /Applications/Xcode.app/Contents/Developer/Platforms/iPhoneSimulator.platform/Developer/SDKs/iPhoneSimulator27.0.sdk -fstrict-aliasing -Wprotocol -Wdeprecated-declarations -Winvalid-offsetof -Wno-sign-conversion -Winfinite-recursion -Wmove -Wcomma -Wblock-capture-autoreleasing -Wstrict-prototypes -Wrange-loop-analysis -Wno-semicolon-before-method-body -Wunguarded-availability -index-store-path /Users/sparkles/Library/Developer/Xcode/DerivedData/Expensio-futtgngxcysvvhcljmosbeftqmyc/Index.noindex/DataStore -Wno-comma -Wno-shorten-64-to-32 -Wno-documentation @/Users/sparkles/Library/Developer/Xcode/DerivedData/Expensio-futtgngxcysvvhcljmosbeftqmyc/Build/Intermediates.noindex/Pods.build/Debug-iphonesimulator/ReactCodegen.build/Objects-normal/x86_64/af3fcb34312c57c0f52879cdce924b91-common-args.resp -DFOLLY_MOBILE\=1 -DFOLLY_USE_LIBCPP\=1 -DFOLLY_CFG_NO_COROUTINES\=1 -DFOLLY_HAVE_CLOCK_GETTIME\=1 -Wno-comma -Wno-shorten-64-to-32 -Wno-documentation -Wno-nullability-completeness -std\=c++20 -include /Users/sparkles/Documents/CodingFiles/FullStack/expensioApp/frontend/ios/Pods/Target\ Support\ Files/ReactCodegen/ReactCodegen-prefix.pch -MMD -MT dependencies -MF /Users/sparkles/Library/Developer/Xcode/DerivedData/Expensio-futtgngxcysvvhcljmosbeftqmyc/Build/Intermediates.noindex/Pods.build/Debug-iphonesimulator/ReactCodegen.build/Objects-normal/x86_64/rnsvg-generated.d --serialize-diagnostics /Users/sparkles/Library/Developer/Xcode/DerivedData/Expensio-futtgngxcysvvhcljmosbeftqmyc/Build/Intermediates.noindex/Pods.build/Debug-iphonesimulator/ReactCodegen.build/Objects-normal/x86_64/rnsvg-generated.dia -c /Users/sparkles/Documents/CodingFiles/FullStack/expensioApp/frontend/ios/build/generated/ios/ReactCodegen/rnsvg/rnsvg-generated.mm -o /Users/sparkles/Library/Developer/Xcode/DerivedData/Expensio-futtgngxcysvvhcljmosbeftqmyc/Build/Intermediates.noindex/Pods.build/Debug-iphonesimulator/ReactCodegen.build/Objects-normal/x86_64/rnsvg-generated.o -index-unit-output-path /Pods.build/Debug-iphonesimulator/ReactCodegen.build/Objects-normal/x86_64/rnsvg-generated.o

CompileC /Users/sparkles/Library/Developer/Xcode/DerivedData/Expensio-futtgngxcysvvhcljmosbeftqmyc/Build/Intermediates.noindex/Pods.build/Debug-iphonesimulator/ReactCodegen.build/Objects-normal/x86_64/rnscreens-generated.o /Users/sparkles/Documents/CodingFiles/FullStack/expensioApp/frontend/ios/build/generated/ios/ReactCodegen/rnscreens/rnscreens-generated.mm normal x86_64 objective-c++ com.apple.compilers.llvm.clang.1_0.compiler (in target 'ReactCodegen' from project 'Pods')
    cd /Users/sparkles/Documents/CodingFiles/FullStack/expensioApp/frontend/ios/Pods
    
    Using response file: /Users/sparkles/Library/Developer/Xcode/DerivedData/Expensio-futtgngxcysvvhcljmosbeftqmyc/Build/Intermediates.noindex/Pods.build/Debug-iphonesimulator/ReactCodegen.build/Objects-normal/x86_64/af3fcb34312c57c0f52879cdce924b91-common-args.resp
    
    /Applications/Xcode.app/Contents/Developer/Toolchains/XcodeDefault.xctoolchain/usr/bin/clang -x objective-c++ -ivfsstatcache /Users/sparkles/Library/Developer/Xcode/DerivedData/SDKStatCaches.noindex/iphonesimulator27.0-24A430-8dc58220667be655e1bcc261a7455254.sdkstatcache -target x86_64-apple-ios17.0-simulator -fmessage-length\=0 -fdiagnostics-show-note-include-stack -fmacro-backtrace-limit\=0 -fno-color-diagnostics -fmodules-prune-interval\=86400 -fmodules-prune-after\=345600 -fbuild-session-file\=/Users/sparkles/Library/Developer/Xcode/DerivedData/ModuleCache.noindex/Session.modulevalidation -fmodules-validate-once-per-build-session -Wnon-modular-include-in-framework-module -Werror\=non-modular-include-in-framework-module -Wno-trigraphs -Wno-missing-field-initializers -Wno-missing-prototypes -Werror\=return-type -Wdocumentation -Wunreachable-code -Wno-implicit-atomic-properties -Werror\=deprecated-objc-isa-usage -Wno-objc-interface-ivars -Werror\=objc-root-class -Wno-arc-repeated-use-of-weak -Wimplicit-retain-self -Wno-non-virtual-dtor -Wno-overloaded-virtual -Wno-exit-time-destructors -Wduplicate-method-match -Wno-missing-braces -Wparentheses -Wswitch -Wunused-function -Wno-unused-label -Wno-unused-parameter -Wunused-variable -Wunused-value -Wempty-body -Wuninitialized -Wconditional-uninitialized -Wno-unknown-pragmas -Wno-shadow -Wno-four-char-constants -Wno-conversion -Wconstant-conversion -Wint-conversion -Wbool-conversion -Wenum-conversion -Wno-float-conversion -Wnon-literal-null-conversion -Wobjc-literal-conversion -Wshorten-64-to-32 -Wno-newline-eof -Wno-selector -Wno-strict-selector-match -Wundeclared-selector -Wdeprecated-implementations -Wno-c++11-extensions -Wno-implicit-fallthrough -isysroot /Applications/Xcode.app/Contents/Developer/Platforms/iPhoneSimulator.platform/Developer/SDKs/iPhoneSimulator27.0.sdk -fstrict-aliasing -Wprotocol -Wdeprecated-declarations -Winvalid-offsetof -Wno-sign-conversion -Winfinite-recursion -Wmove -Wcomma -Wblock-capture-autoreleasing -Wstrict-prototypes -Wrange-loop-analysis -Wno-semicolon-before-method-body -Wunguarded-availability -index-store-path /Users/sparkles/Library/Developer/Xcode/DerivedData/Expensio-futtgngxcysvvhcljmosbeftqmyc/Index.noindex/DataStore -Wno-comma -Wno-shorten-64-to-32 -Wno-documentation @/Users/sparkles/Library/Developer/Xcode/DerivedData/Expensio-futtgngxcysvvhcljmosbeftqmyc/Build/Intermediates.noindex/Pods.build/Debug-iphonesimulator/ReactCodegen.build/Objects-normal/x86_64/af3fcb34312c57c0f52879cdce924b91-common-args.resp -DFOLLY_MOBILE\=1 -DFOLLY_USE_LIBCPP\=1 -DFOLLY_CFG_NO_COROUTINES\=1 -DFOLLY_HAVE_CLOCK_GETTIME\=1 -Wno-comma -Wno-shorten-64-to-32 -Wno-documentation -Wno-nullability-completeness -std\=c++20 -include /Users/sparkles/Documents/CodingFiles/FullStack/expensioApp/frontend/ios/Pods/Target\ Support\ Files/ReactCodegen/ReactCodegen-prefix.pch -MMD -MT dependencies -MF /Users/sparkles/Library/Developer/Xcode/DerivedData/Expensio-futtgngxcysvvhcljmosbeftqmyc/Build/Intermediates.noindex/Pods.build/Debug-iphonesimulator/ReactCodegen.build/Objects-normal/x86_64/rnscreens-generated.d --serialize-diagnostics /Users/sparkles/Library/Developer/Xcode/DerivedData/Expensio-futtgngxcysvvhcljmosbeftqmyc/Build/Intermediates.noindex/Pods.build/Debug-iphonesimulator/ReactCodegen.build/Objects-normal/x86_64/rnscreens-generated.dia -c /Users/sparkles/Documents/CodingFiles/FullStack/expensioApp/frontend/ios/build/generated/ios/ReactCodegen/rnscreens/rnscreens-generated.mm -o /Users/sparkles/Library/Developer/Xcode/DerivedData/Expensio-futtgngxcysvvhcljmosbeftqmyc/Build/Intermediates.noindex/Pods.build/Debug-iphonesimulator/ReactCodegen.build/Objects-normal/x86_64/rnscreens-generated.o -index-unit-output-path /Pods.build/Debug-iphonesimulator/ReactCodegen.build/Objects-normal/x86_64/rnscreens-generated.o

CompileC /Users/sparkles/Library/Developer/Xcode/DerivedData/Expensio-futtgngxcysvvhcljmosbeftqmyc/Build/Intermediates.noindex/Pods.build/Debug-iphonesimulator/ReactCodegen.build/Objects-normal/x86_64/States-62eeb055a41ae30a3af2a50abbabc384.o /Users/sparkles/Documents/CodingFiles/FullStack/expensioApp/frontend/ios/build/generated/ios/ReactCodegen/react/renderer/components/rnscreens/States.cpp normal x86_64 c++ com.apple.compilers.llvm.clang.1_0.compiler (in target 'ReactCodegen' from project 'Pods')
    cd /Users/sparkles/Documents/CodingFiles/FullStack/expensioApp/frontend/ios/Pods
    
    Using response file: /Users/sparkles/Library/Developer/Xcode/DerivedData/Expensio-futtgngxcysvvhcljmosbeftqmyc/Build/Intermediates.noindex/Pods.build/Debug-iphonesimulator/ReactCodegen.build/Objects-normal/x86_64/82b82416624d2658e5098eb0a28c15c5-common-args.resp
    
    /Applications/Xcode.app/Contents/Developer/Toolchains/XcodeDefault.xctoolchain/usr/bin/clang -x c++ -ivfsstatcache /Users/sparkles/Library/Developer/Xcode/DerivedData/SDKStatCaches.noindex/iphonesimulator27.0-24A430-8dc58220667be655e1bcc261a7455254.sdkstatcache -target x86_64-apple-ios17.0-simulator -fmessage-length\=0 -fdiagnostics-show-note-include-stack -fmacro-backtrace-limit\=0 -fno-color-diagnostics -fmodules-prune-interval\=86400 -fmodules-prune-after\=345600 -fbuild-session-file\=/Users/sparkles/Library/Developer/Xcode/DerivedData/ModuleCache.noindex/Session.modulevalidation -fmodules-validate-once-per-build-session -Wnon-modular-include-in-framework-module -Werror\=non-modular-include-in-framework-module -Wno-trigraphs -Wno-missing-field-initializers -Wno-missing-prototypes -Werror\=return-type -Wdocumentation -Wunreachable-code -Werror\=deprecated-objc-isa-usage -Werror\=objc-root-class -Wno-non-virtual-dtor -Wno-overloaded-virtual -Wno-exit-time-destructors -Wno-missing-braces -Wparentheses -Wswitch -Wunused-function -Wno-unused-label -Wno-unused-parameter -Wunused-variable -Wunused-value -Wempty-body -Wuninitialized -Wconditional-uninitialized -Wno-unknown-pragmas -Wno-shadow -Wno-four-char-constants -Wno-conversion -Wconstant-conversion -Wint-conversion -Wbool-conversion -Wenum-conversion -Wno-float-conversion -Wnon-literal-null-conversion -Wobjc-literal-conversion -Wshorten-64-to-32 -Wno-newline-eof -Wno-c++11-extensions -Wno-implicit-fallthrough -isysroot /Applications/Xcode.app/Contents/Developer/Platforms/iPhoneSimulator.platform/Developer/SDKs/iPhoneSimulator27.0.sdk -fstrict-aliasing -Wdeprecated-declarations -Winvalid-offsetof -Wno-sign-conversion -Winfinite-recursion -Wmove -Wcomma -Wblock-capture-autoreleasing -Wstrict-prototypes -Wrange-loop-analysis -Wno-semicolon-before-method-body -Wunguarded-availability -index-store-path /Users/sparkles/Library/Developer/Xcode/DerivedData/Expensio-futtgngxcysvvhcljmosbeftqmyc/Index.noindex/DataStore -Wno-comma -Wno-shorten-64-to-32 -Wno-documentation @/Users/sparkles/Library/Developer/Xcode/DerivedData/Expensio-futtgngxcysvvhcljmosbeftqmyc/Build/Intermediates.noindex/Pods.build/Debug-iphonesimulator/ReactCodegen.build/Objects-normal/x86_64/82b82416624d2658e5098eb0a28c15c5-common-args.resp -DFOLLY_MOBILE\=1 -DFOLLY_USE_LIBCPP\=1 -DFOLLY_CFG_NO_COROUTINES\=1 -DFOLLY_HAVE_CLOCK_GETTIME\=1 -Wno-comma -Wno-shorten-64-to-32 -Wno-documentation -Wno-nullability-completeness -std\=c++20 -include /Users/sparkles/Documents/CodingFiles/FullStack/expensioApp/frontend/ios/Pods/Target\ Support\ Files/ReactCodegen/ReactCodegen-prefix.pch -MMD -MT dependencies -MF /Users/sparkles/Library/Developer/Xcode/DerivedData/Expensio-futtgngxcysvvhcljmosbeftqmyc/Build/Intermediates.noindex/Pods.build/Debug-iphonesimulator/ReactCodegen.build/Objects-normal/x86_64/States-62eeb055a41ae30a3af2a50abbabc384.d --serialize-diagnostics /Users/sparkles/Library/Developer/Xcode/DerivedData/Expensio-futtgngxcysvvhcljmosbeftqmyc/Build/Intermediates.noindex/Pods.build/Debug-iphonesimulator/ReactCodegen.build/Objects-normal/x86_64/States-62eeb055a41ae30a3af2a50abbabc384.dia -c /Users/sparkles/Documents/CodingFiles/FullStack/expensioApp/frontend/ios/build/generated/ios/ReactCodegen/react/renderer/components/rnscreens/States.cpp -o /Users/sparkles/Library/Developer/Xcode/DerivedData/Expensio-futtgngxcysvvhcljmosbeftqmyc/Build/Intermediates.noindex/Pods.build/Debug-iphonesimulator/ReactCodegen.build/Objects-normal/x86_64/States-62eeb055a41ae30a3af2a50abbabc384.o -index-unit-output-path /Pods.build/Debug-iphonesimulator/ReactCodegen.build/Objects-normal/x86_64/States-62eeb055a41ae30a3af2a50abbabc384.o

CompileC /Users/sparkles/Library/Developer/Xcode/DerivedData/Expensio-futtgngxcysvvhcljmosbeftqmyc/Build/Intermediates.noindex/Pods.build/Debug-iphonesimulator/ReactCodegen.build/Objects-normal/x86_64/States-5cf51be180c87a71fc8581d295f81820.o /Users/sparkles/Documents/CodingFiles/FullStack/expensioApp/frontend/ios/build/generated/ios/ReactCodegen/react/renderer/components/rnpicker/States.cpp normal x86_64 c++ com.apple.compilers.llvm.clang.1_0.compiler (in target 'ReactCodegen' from project 'Pods')
    cd /Users/sparkles/Documents/CodingFiles/FullStack/expensioApp/frontend/ios/Pods
    
    Using response file: /Users/sparkles/Library/Developer/Xcode/DerivedData/Expensio-futtgngxcysvvhcljmosbeftqmyc/Build/Intermediates.noindex/Pods.build/Debug-iphonesimulator/ReactCodegen.build/Objects-normal/x86_64/82b82416624d2658e5098eb0a28c15c5-common-args.resp
    
    /Applications/Xcode.app/Contents/Developer/Toolchains/XcodeDefault.xctoolchain/usr/bin/clang -x c++ -ivfsstatcache /Users/sparkles/Library/Developer/Xcode/DerivedData/SDKStatCaches.noindex/iphonesimulator27.0-24A430-8dc58220667be655e1bcc261a7455254.sdkstatcache -target x86_64-apple-ios17.0-simulator -fmessage-length\=0 -fdiagnostics-show-note-include-stack -fmacro-backtrace-limit\=0 -fno-color-diagnostics -fmodules-prune-interval\=86400 -fmodules-prune-after\=345600 -fbuild-session-file\=/Users/sparkles/Library/Developer/Xcode/DerivedData/ModuleCache.noindex/Session.modulevalidation -fmodules-validate-once-per-build-session -Wnon-modular-include-in-framework-module -Werror\=non-modular-include-in-framework-module -Wno-trigraphs -Wno-missing-field-initializers -Wno-missing-prototypes -Werror\=return-type -Wdocumentation -Wunreachable-code -Werror\=deprecated-objc-isa-usage -Werror\=objc-root-class -Wno-non-virtual-dtor -Wno-overloaded-virtual -Wno-exit-time-destructors -Wno-missing-braces -Wparentheses -Wswitch -Wunused-function -Wno-unused-label -Wno-unused-parameter -Wunused-variable -Wunused-value -Wempty-body -Wuninitialized -Wconditional-uninitialized -Wno-unknown-pragmas -Wno-shadow -Wno-four-char-constants -Wno-conversion -Wconstant-conversion -Wint-conversion -Wbool-conversion -Wenum-conversion -Wno-float-conversion -Wnon-literal-null-conversion -Wobjc-literal-conversion -Wshorten-64-to-32 -Wno-newline-eof -Wno-c++11-extensions -Wno-implicit-fallthrough -isysroot /Applications/Xcode.app/Contents/Developer/Platforms/iPhoneSimulator.platform/Developer/SDKs/iPhoneSimulator27.0.sdk -fstrict-aliasing -Wdeprecated-declarations -Winvalid-offsetof -Wno-sign-conversion -Winfinite-recursion -Wmove -Wcomma -Wblock-capture-autoreleasing -Wstrict-prototypes -Wrange-loop-analysis -Wno-semicolon-before-method-body -Wunguarded-availability -index-store-path /Users/sparkles/Library/Developer/Xcode/DerivedData/Expensio-futtgngxcysvvhcljmosbeftqmyc/Index.noindex/DataStore -Wno-comma -Wno-shorten-64-to-32 -Wno-documentation @/Users/sparkles/Library/Developer/Xcode/DerivedData/Expensio-futtgngxcysvvhcljmosbeftqmyc/Build/Intermediates.noindex/Pods.build/Debug-iphonesimulator/ReactCodegen.build/Objects-normal/x86_64/82b82416624d2658e5098eb0a28c15c5-common-args.resp -DFOLLY_MOBILE\=1 -DFOLLY_USE_LIBCPP\=1 -DFOLLY_CFG_NO_COROUTINES\=1 -DFOLLY_HAVE_CLOCK_GETTIME\=1 -Wno-comma -Wno-shorten-64-to-32 -Wno-documentation -Wno-nullability-completeness -std\=c++20 -include /Users/sparkles/Documents/CodingFiles/FullStack/expensioApp/frontend/ios/Pods/Target\ Support\ Files/ReactCodegen/ReactCodegen-prefix.pch -MMD -MT dependencies -MF /Users/sparkles/Library/Developer/Xcode/DerivedData/Expensio-futtgngxcysvvhcljmosbeftqmyc/Build/Intermediates.noindex/Pods.build/Debug-iphonesimulator/ReactCodegen.build/Objects-normal/x86_64/States-5cf51be180c87a71fc8581d295f81820.d --serialize-diagnostics /Users/sparkles/Library/Developer/Xcode/DerivedData/Expensio-futtgngxcysvvhcljmosbeftqmyc/Build/Intermediates.noindex/Pods.build/Debug-iphonesimulator/ReactCodegen.build/Objects-normal/x86_64/States-5cf51be180c87a71fc8581d295f81820.dia -c /Users/sparkles/Documents/CodingFiles/FullStack/expensioApp/frontend/ios/build/generated/ios/ReactCodegen/react/renderer/components/rnpicker/States.cpp -o /Users/sparkles/Library/Developer/Xcode/DerivedData/Expensio-futtgngxcysvvhcljmosbeftqmyc/Build/Intermediates.noindex/Pods.build/Debug-iphonesimulator/ReactCodegen.build/Objects-normal/x86_64/States-5cf51be180c87a71fc8581d295f81820.o -index-unit-output-path /Pods.build/Debug-iphonesimulator/ReactCodegen.build/Objects-normal/x86_64/States-5cf51be180c87a71fc8581d295f81820.o

CompileC /Users/sparkles/Library/Developer/Xcode/DerivedData/Expensio-futtgngxcysvvhcljmosbeftqmyc/Build/Intermediates.noindex/Pods.build/Debug-iphonesimulator/ReactCodegen.build/Objects-normal/x86_64/States-1622a9a72b00f2fdea4f1030a8018d16.o /Users/sparkles/Documents/CodingFiles/FullStack/expensioApp/frontend/ios/build/generated/ios/ReactCodegen/react/renderer/components/rnsvg/States.cpp normal x86_64 c++ com.apple.compilers.llvm.clang.1_0.compiler (in target 'ReactCodegen' from project 'Pods')
    cd /Users/sparkles/Documents/CodingFiles/FullStack/expensioApp/frontend/ios/Pods
    
    Using response file: /Users/sparkles/Library/Developer/Xcode/DerivedData/Expensio-futtgngxcysvvhcljmosbeftqmyc/Build/Intermediates.noindex/Pods.build/Debug-iphonesimulator/ReactCodegen.build/Objects-normal/x86_64/82b82416624d2658e5098eb0a28c15c5-common-args.resp
    
    /Applications/Xcode.app/Contents/Developer/Toolchains/XcodeDefault.xctoolchain/usr/bin/clang -x c++ -ivfsstatcache /Users/sparkles/Library/Developer/Xcode/DerivedData/SDKStatCaches.noindex/iphonesimulator27.0-24A430-8dc58220667be655e1bcc261a7455254.sdkstatcache -target x86_64-apple-ios17.0-simulator -fmessage-length\=0 -fdiagnostics-show-note-include-stack -fmacro-backtrace-limit\=0 -fno-color-diagnostics -fmodules-prune-interval\=86400 -fmodules-prune-after\=345600 -fbuild-session-file\=/Users/sparkles/Library/Developer/Xcode/DerivedData/ModuleCache.noindex/Session.modulevalidation -fmodules-validate-once-per-build-session -Wnon-modular-include-in-framework-module -Werror\=non-modular-include-in-framework-module -Wno-trigraphs -Wno-missing-field-initializers -Wno-missing-prototypes -Werror\=return-type -Wdocumentation -Wunreachable-code -Werror\=deprecated-objc-isa-usage -Werror\=objc-root-class -Wno-non-virtual-dtor -Wno-overloaded-virtual -Wno-exit-time-destructors -Wno-missing-braces -Wparentheses -Wswitch -Wunused-function -Wno-unused-label -Wno-unused-parameter -Wunused-variable -Wunused-value -Wempty-body -Wuninitialized -Wconditional-uninitialized -Wno-unknown-pragmas -Wno-shadow -Wno-four-char-constants -Wno-conversion -Wconstant-conversion -Wint-conversion -Wbool-conversion -Wenum-conversion -Wno-float-conversion -Wnon-literal-null-conversion -Wobjc-literal-conversion -Wshorten-64-to-32 -Wno-newline-eof -Wno-c++11-extensions -Wno-implicit-fallthrough -isysroot /Applications/Xcode.app/Contents/Developer/Platforms/iPhoneSimulator.platform/Developer/SDKs/iPhoneSimulator27.0.sdk -fstrict-aliasing -Wdeprecated-declarations -Winvalid-offsetof -Wno-sign-conversion -Winfinite-recursion -Wmove -Wcomma -Wblock-capture-autoreleasing -Wstrict-prototypes -Wrange-loop-analysis -Wno-semicolon-before-method-body -Wunguarded-availability -index-store-path /Users/sparkles/Library/Developer/Xcode/DerivedData/Expensio-futtgngxcysvvhcljmosbeftqmyc/Index.noindex/DataStore -Wno-comma -Wno-shorten-64-to-32 -Wno-documentation @/Users/sparkles/Library/Developer/Xcode/DerivedData/Expensio-futtgngxcysvvhcljmosbeftqmyc/Build/Intermediates.noindex/Pods.build/Debug-iphonesimulator/ReactCodegen.build/Objects-normal/x86_64/82b82416624d2658e5098eb0a28c15c5-common-args.resp -DFOLLY_MOBILE\=1 -DFOLLY_USE_LIBCPP\=1 -DFOLLY_CFG_NO_COROUTINES\=1 -DFOLLY_HAVE_CLOCK_GETTIME\=1 -Wno-comma -Wno-shorten-64-to-32 -Wno-documentation -Wno-nullability-completeness -std\=c++20 -include /Users/sparkles/Documents/CodingFiles/FullStack/expensioApp/frontend/ios/Pods/Target\ Support\ Files/ReactCodegen/ReactCodegen-prefix.pch -MMD -MT dependencies -MF /Users/sparkles/Library/Developer/Xcode/DerivedData/Expensio-futtgngxcysvvhcljmosbeftqmyc/Build/Intermediates.noindex/Pods.build/Debug-iphonesimulator/ReactCodegen.build/Objects-normal/x86_64/States-1622a9a72b00f2fdea4f1030a8018d16.d --serialize-diagnostics /Users/sparkles/Library/Developer/Xcode/DerivedData/Expensio-futtgngxcysvvhcljmosbeftqmyc/Build/Intermediates.noindex/Pods.build/Debug-iphonesimulator/ReactCodegen.build/Objects-normal/x86_64/States-1622a9a72b00f2fdea4f1030a8018d16.dia -c /Users/sparkles/Documents/CodingFiles/FullStack/expensioApp/frontend/ios/build/generated/ios/ReactCodegen/react/renderer/components/rnsvg/States.cpp -o /Users/sparkles/Library/Developer/Xcode/DerivedData/Expensio-futtgngxcysvvhcljmosbeftqmyc/Build/Intermediates.noindex/Pods.build/Debug-iphonesimulator/ReactCodegen.build/Objects-normal/x86_64/States-1622a9a72b00f2fdea4f1030a8018d16.o -index-unit-output-path /Pods.build/Debug-iphonesimulator/ReactCodegen.build/Objects-normal/x86_64/States-1622a9a72b00f2fdea4f1030a8018d16.o

CompileC /Users/sparkles/Library/Developer/Xcode/DerivedData/Expensio-futtgngxcysvvhcljmosbeftqmyc/Build/Intermediates.noindex/Pods.build/Debug-iphonesimulator/ReactCodegen.build/Objects-normal/x86_64/ShadowNodes-d8a760ca812cc2639755274a464aa02b.o /Users/sparkles/Documents/CodingFiles/FullStack/expensioApp/frontend/ios/build/generated/ios/ReactCodegen/react/renderer/components/rnpicker/ShadowNodes.cpp normal x86_64 c++ com.apple.compilers.llvm.clang.1_0.compiler (in target 'ReactCodegen' from project 'Pods')
    cd /Users/sparkles/Documents/CodingFiles/FullStack/expensioApp/frontend/ios/Pods
    
    Using response file: /Users/sparkles/Library/Developer/Xcode/DerivedData/Expensio-futtgngxcysvvhcljmosbeftqmyc/Build/Intermediates.noindex/Pods.build/Debug-iphonesimulator/ReactCodegen.build/Objects-normal/x86_64/82b82416624d2658e5098eb0a28c15c5-common-args.resp
    
    /Applications/Xcode.app/Contents/Developer/Toolchains/XcodeDefault.xctoolchain/usr/bin/clang -x c++ -ivfsstatcache /Users/sparkles/Library/Developer/Xcode/DerivedData/SDKStatCaches.noindex/iphonesimulator27.0-24A430-8dc58220667be655e1bcc261a7455254.sdkstatcache -target x86_64-apple-ios17.0-simulator -fmessage-length\=0 -fdiagnostics-show-note-include-stack -fmacro-backtrace-limit\=0 -fno-color-diagnostics -fmodules-prune-interval\=86400 -fmodules-prune-after\=345600 -fbuild-session-file\=/Users/sparkles/Library/Developer/Xcode/DerivedData/ModuleCache.noindex/Session.modulevalidation -fmodules-validate-once-per-build-session -Wnon-modular-include-in-framework-module -Werror\=non-modular-include-in-framework-module -Wno-trigraphs -Wno-missing-field-initializers -Wno-missing-prototypes -Werror\=return-type -Wdocumentation -Wunreachable-code -Werror\=deprecated-objc-isa-usage -Werror\=objc-root-class -Wno-non-virtual-dtor -Wno-overloaded-virtual -Wno-exit-time-destructors -Wno-missing-braces -Wparentheses -Wswitch -Wunused-function -Wno-unused-label -Wno-unused-parameter -Wunused-variable -Wunused-value -Wempty-body -Wuninitialized -Wconditional-uninitialized -Wno-unknown-pragmas -Wno-shadow -Wno-four-char-constants -Wno-conversion -Wconstant-conversion -Wint-conversion -Wbool-conversion -Wenum-conversion -Wno-float-conversion -Wnon-literal-null-conversion -Wobjc-literal-conversion -Wshorten-64-to-32 -Wno-newline-eof -Wno-c++11-extensions -Wno-implicit-fallthrough -isysroot /Applications/Xcode.app/Contents/Developer/Platforms/iPhoneSimulator.platform/Developer/SDKs/iPhoneSimulator27.0.sdk -fstrict-aliasing -Wdeprecated-declarations -Winvalid-offsetof -Wno-sign-conversion -Winfinite-recursion -Wmove -Wcomma -Wblock-capture-autoreleasing -Wstrict-prototypes -Wrange-loop-analysis -Wno-semicolon-before-method-body -Wunguarded-availability -index-store-path /Users/sparkles/Library/Developer/Xcode/DerivedData/Expensio-futtgngxcysvvhcljmosbeftqmyc/Index.noindex/DataStore -Wno-comma -Wno-shorten-64-to-32 -Wno-documentation @/Users/sparkles/Library/Developer/Xcode/DerivedData/Expensio-futtgngxcysvvhcljmosbeftqmyc/Build/Intermediates.noindex/Pods.build/Debug-iphonesimulator/ReactCodegen.build/Objects-normal/x86_64/82b82416624d2658e5098eb0a28c15c5-common-args.resp -DFOLLY_MOBILE\=1 -DFOLLY_USE_LIBCPP\=1 -DFOLLY_CFG_NO_COROUTINES\=1 -DFOLLY_HAVE_CLOCK_GETTIME\=1 -Wno-comma -Wno-shorten-64-to-32 -Wno-documentation -Wno-nullability-completeness -std\=c++20 -include /Users/sparkles/Documents/CodingFiles/FullStack/expensioApp/frontend/ios/Pods/Target\ Support\ Files/ReactCodegen/ReactCodegen-prefix.pch -MMD -MT dependencies -MF /Users/sparkles/Library/Developer/Xcode/DerivedData/Expensio-futtgngxcysvvhcljmosbeftqmyc/Build/Intermediates.noindex/Pods.build/Debug-iphonesimulator/ReactCodegen.build/Objects-normal/x86_64/ShadowNodes-d8a760ca812cc2639755274a464aa02b.d --serialize-diagnostics /Users/sparkles/Library/Developer/Xcode/DerivedData/Expensio-futtgngxcysvvhcljmosbeftqmyc/Build/Intermediates.noindex/Pods.build/Debug-iphonesimulator/ReactCodegen.build/Objects-normal/x86_64/ShadowNodes-d8a760ca812cc2639755274a464aa02b.dia -c /Users/sparkles/Documents/CodingFiles/FullStack/expensioApp/frontend/ios/build/generated/ios/ReactCodegen/react/renderer/components/rnpicker/ShadowNodes.cpp -o /Users/sparkles/Library/Developer/Xcode/DerivedData/Expensio-futtgngxcysvvhcljmosbeftqmyc/Build/Intermediates.noindex/Pods.build/Debug-iphonesimulator/ReactCodegen.build/Objects-normal/x86_64/ShadowNodes-d8a760ca812cc2639755274a464aa02b.o -index-unit-output-path /Pods.build/Debug-iphonesimulator/ReactCodegen.build/Objects-normal/x86_64/ShadowNodes-d8a760ca812cc2639755274a464aa02b.o

CompileC /Users/sparkles/Library/Developer/Xcode/DerivedData/Expensio-futtgngxcysvvhcljmosbeftqmyc/Build/Intermediates.noindex/Pods.build/Debug-iphonesimulator/ReactCodegen.build/Objects-normal/x86_64/ShadowNodes-bf8389ad53c96340c9bde5a178462aa4.o /Users/sparkles/Documents/CodingFiles/FullStack/expensioApp/frontend/ios/build/generated/ios/ReactCodegen/react/renderer/components/rnsvg/ShadowNodes.cpp normal x86_64 c++ com.apple.compilers.llvm.clang.1_0.compiler (in target 'ReactCodegen' from project 'Pods')
    cd /Users/sparkles/Documents/CodingFiles/FullStack/expensioApp/frontend/ios/Pods
    
    Using response file: /Users/sparkles/Library/Developer/Xcode/DerivedData/Expensio-futtgngxcysvvhcljmosbeftqmyc/Build/Intermediates.noindex/Pods.build/Debug-iphonesimulator/ReactCodegen.build/Objects-normal/x86_64/82b82416624d2658e5098eb0a28c15c5-common-args.resp
    
    /Applications/Xcode.app/Contents/Developer/Toolchains/XcodeDefault.xctoolchain/usr/bin/clang -x c++ -ivfsstatcache /Users/sparkles/Library/Developer/Xcode/DerivedData/SDKStatCaches.noindex/iphonesimulator27.0-24A430-8dc58220667be655e1bcc261a7455254.sdkstatcache -target x86_64-apple-ios17.0-simulator -fmessage-length\=0 -fdiagnostics-show-note-include-stack -fmacro-backtrace-limit\=0 -fno-color-diagnostics -fmodules-prune-interval\=86400 -fmodules-prune-after\=345600 -fbuild-session-file\=/Users/sparkles/Library/Developer/Xcode/DerivedData/ModuleCache.noindex/Session.modulevalidation -fmodules-validate-once-per-build-session -Wnon-modular-include-in-framework-module -Werror\=non-modular-include-in-framework-module -Wno-trigraphs -Wno-missing-field-initializers -Wno-missing-prototypes -Werror\=return-type -Wdocumentation -Wunreachable-code -Werror\=deprecated-objc-isa-usage -Werror\=objc-root-class -Wno-non-virtual-dtor -Wno-overloaded-virtual -Wno-exit-time-destructors -Wno-missing-braces -Wparentheses -Wswitch -Wunused-function -Wno-unused-label -Wno-unused-parameter -Wunused-variable -Wunused-value -Wempty-body -Wuninitialized -Wconditional-uninitialized -Wno-unknown-pragmas -Wno-shadow -Wno-four-char-constants -Wno-conversion -Wconstant-conversion -Wint-conversion -Wbool-conversion -Wenum-conversion -Wno-float-conversion -Wnon-literal-null-conversion -Wobjc-literal-conversion -Wshorten-64-to-32 -Wno-newline-eof -Wno-c++11-extensions -Wno-implicit-fallthrough -isysroot /Applications/Xcode.app/Contents/Developer/Platforms/iPhoneSimulator.platform/Developer/SDKs/iPhoneSimulator27.0.sdk -fstrict-aliasing -Wdeprecated-declarations -Winvalid-offsetof -Wno-sign-conversion -Winfinite-recursion -Wmove -Wcomma -Wblock-capture-autoreleasing -Wstrict-prototypes -Wrange-loop-analysis -Wno-semicolon-before-method-body -Wunguarded-availability -index-store-path /Users/sparkles/Library/Developer/Xcode/DerivedData/Expensio-futtgngxcysvvhcljmosbeftqmyc/Index.noindex/DataStore -Wno-comma -Wno-shorten-64-to-32 -Wno-documentation @/Users/sparkles/Library/Developer/Xcode/DerivedData/Expensio-futtgngxcysvvhcljmosbeftqmyc/Build/Intermediates.noindex/Pods.build/Debug-iphonesimulator/ReactCodegen.build/Objects-normal/x86_64/82b82416624d2658e5098eb0a28c15c5-common-args.resp -DFOLLY_MOBILE\=1 -DFOLLY_USE_LIBCPP\=1 -DFOLLY_CFG_NO_COROUTINES\=1 -DFOLLY_HAVE_CLOCK_GETTIME\=1 -Wno-comma -Wno-shorten-64-to-32 -Wno-documentation -Wno-nullability-completeness -std\=c++20 -include /Users/sparkles/Documents/CodingFiles/FullStack/expensioApp/frontend/ios/Pods/Target\ Support\ Files/ReactCodegen/ReactCodegen-prefix.pch -MMD -MT dependencies -MF /Users/sparkles/Library/Developer/Xcode/DerivedData/Expensio-futtgngxcysvvhcljmosbeftqmyc/Build/Intermediates.noindex/Pods.build/Debug-iphonesimulator/ReactCodegen.build/Objects-normal/x86_64/ShadowNodes-bf8389ad53c96340c9bde5a178462aa4.d --serialize-diagnostics /Users/sparkles/Library/Developer/Xcode/DerivedData/Expensio-futtgngxcysvvhcljmosbeftqmyc/Build/Intermediates.noindex/Pods.build/Debug-iphonesimulator/ReactCodegen.build/Objects-normal/x86_64/ShadowNodes-bf8389ad53c96340c9bde5a178462aa4.dia -c /Users/sparkles/Documents/CodingFiles/FullStack/expensioApp/frontend/ios/build/generated/ios/ReactCodegen/react/renderer/components/rnsvg/ShadowNodes.cpp -o /Users/sparkles/Library/Developer/Xcode/DerivedData/Expensio-futtgngxcysvvhcljmosbeftqmyc/Build/Intermediates.noindex/Pods.build/Debug-iphonesimulator/ReactCodegen.build/Objects-normal/x86_64/ShadowNodes-bf8389ad53c96340c9bde5a178462aa4.o -index-unit-output-path /Pods.build/Debug-iphonesimulator/ReactCodegen.build/Objects-normal/x86_64/ShadowNodes-bf8389ad53c96340c9bde5a178462aa4.o

CompileC /Users/sparkles/Library/Developer/Xcode/DerivedData/Expensio-futtgngxcysvvhcljmosbeftqmyc/Build/Intermediates.noindex/Pods.build/Debug-iphonesimulator/ReactCodegen.build/Objects-normal/x86_64/ShadowNodes-3b59e618e47f75f154dbdbf6a8c965f2.o /Users/sparkles/Documents/CodingFiles/FullStack/expensioApp/frontend/ios/build/generated/ios/ReactCodegen/react/renderer/components/rnscreens/ShadowNodes.cpp normal x86_64 c++ com.apple.compilers.llvm.clang.1_0.compiler (in target 'ReactCodegen' from project 'Pods')
    cd /Users/sparkles/Documents/CodingFiles/FullStack/expensioApp/frontend/ios/Pods
    
    Using response file: /Users/sparkles/Library/Developer/Xcode/DerivedData/Expensio-futtgngxcysvvhcljmosbeftqmyc/Build/Intermediates.noindex/Pods.build/Debug-iphonesimulator/ReactCodegen.build/Objects-normal/x86_64/82b82416624d2658e5098eb0a28c15c5-common-args.resp
    
    /Applications/Xcode.app/Contents/Developer/Toolchains/XcodeDefault.xctoolchain/usr/bin/clang -x c++ -ivfsstatcache /Users/sparkles/Library/Developer/Xcode/DerivedData/SDKStatCaches.noindex/iphonesimulator27.0-24A430-8dc58220667be655e1bcc261a7455254.sdkstatcache -target x86_64-apple-ios17.0-simulator -fmessage-length\=0 -fdiagnostics-show-note-include-stack -fmacro-backtrace-limit\=0 -fno-color-diagnostics -fmodules-prune-interval\=86400 -fmodules-prune-after\=345600 -fbuild-session-file\=/Users/sparkles/Library/Developer/Xcode/DerivedData/ModuleCache.noindex/Session.modulevalidation -fmodules-validate-once-per-build-session -Wnon-modular-include-in-framework-module -Werror\=non-modular-include-in-framework-module -Wno-trigraphs -Wno-missing-field-initializers -Wno-missing-prototypes -Werror\=return-type -Wdocumentation -Wunreachable-code -Werror\=deprecated-objc-isa-usage -Werror\=objc-root-class -Wno-non-virtual-dtor -Wno-overloaded-virtual -Wno-exit-time-destructors -Wno-missing-braces -Wparentheses -Wswitch -Wunused-function -Wno-unused-label -Wno-unused-parameter -Wunused-variable -Wunused-value -Wempty-body -Wuninitialized -Wconditional-uninitialized -Wno-unknown-pragmas -Wno-shadow -Wno-four-char-constants -Wno-conversion -Wconstant-conversion -Wint-conversion -Wbool-conversion -Wenum-conversion -Wno-float-conversion -Wnon-literal-null-conversion -Wobjc-literal-conversion -Wshorten-64-to-32 -Wno-newline-eof -Wno-c++11-extensions -Wno-implicit-fallthrough -isysroot /Applications/Xcode.app/Contents/Developer/Platforms/iPhoneSimulator.platform/Developer/SDKs/iPhoneSimulator27.0.sdk -fstrict-aliasing -Wdeprecated-declarations -Winvalid-offsetof -Wno-sign-conversion -Winfinite-recursion -Wmove -Wcomma -Wblock-capture-autoreleasing -Wstrict-prototypes -Wrange-loop-analysis -Wno-semicolon-before-method-body -Wunguarded-availability -index-store-path /Users/sparkles/Library/Developer/Xcode/DerivedData/Expensio-futtgngxcysvvhcljmosbeftqmyc/Index.noindex/DataStore -Wno-comma -Wno-shorten-64-to-32 -Wno-documentation @/Users/sparkles/Library/Developer/Xcode/DerivedData/Expensio-futtgngxcysvvhcljmosbeftqmyc/Build/Intermediates.noindex/Pods.build/Debug-iphonesimulator/ReactCodegen.build/Objects-normal/x86_64/82b82416624d2658e5098eb0a28c15c5-common-args.resp -DFOLLY_MOBILE\=1 -DFOLLY_USE_LIBCPP\=1 -DFOLLY_CFG_NO_COROUTINES\=1 -DFOLLY_HAVE_CLOCK_GETTIME\=1 -Wno-comma -Wno-shorten-64-to-32 -Wno-documentation -Wno-nullability-completeness -std\=c++20 -include /Users/sparkles/Documents/CodingFiles/FullStack/expensioApp/frontend/ios/Pods/Target\ Support\ Files/ReactCodegen/ReactCodegen-prefix.pch -MMD -MT dependencies -MF /Users/sparkles/Library/Developer/Xcode/DerivedData/Expensio-futtgngxcysvvhcljmosbeftqmyc/Build/Intermediates.noindex/Pods.build/Debug-iphonesimulator/ReactCodegen.build/Objects-normal/x86_64/ShadowNodes-3b59e618e47f75f154dbdbf6a8c965f2.d --serialize-diagnostics /Users/sparkles/Library/Developer/Xcode/DerivedData/Expensio-futtgngxcysvvhcljmosbeftqmyc/Build/Intermediates.noindex/Pods.build/Debug-iphonesimulator/ReactCodegen.build/Objects-normal/x86_64/ShadowNodes-3b59e618e47f75f154dbdbf6a8c965f2.dia -c /Users/sparkles/Documents/CodingFiles/FullStack/expensioApp/frontend/ios/build/generated/ios/ReactCodegen/react/renderer/components/rnscreens/ShadowNodes.cpp -o /Users/sparkles/Library/Developer/Xcode/DerivedData/Expensio-futtgngxcysvvhcljmosbeftqmyc/Build/Intermediates.noindex/Pods.build/Debug-iphonesimulator/ReactCodegen.build/Objects-normal/x86_64/ShadowNodes-3b59e618e47f75f154dbdbf6a8c965f2.o -index-unit-output-path /Pods.build/Debug-iphonesimulator/ReactCodegen.build/Objects-normal/x86_64/ShadowNodes-3b59e618e47f75f154dbdbf6a8c965f2.o

CompileC /Users/sparkles/Library/Developer/Xcode/DerivedData/Expensio-futtgngxcysvvhcljmosbeftqmyc/Build/Intermediates.noindex/Pods.build/Debug-iphonesimulator/ReactCodegen.build/Objects-normal/x86_64/ShadowNodes-32d7c0eb9680483e90d33caf58a22c53.o /Users/sparkles/Documents/CodingFiles/FullStack/expensioApp/frontend/ios/build/generated/ios/ReactCodegen/react/renderer/components/safeareacontext/ShadowNodes.cpp normal x86_64 c++ com.apple.compilers.llvm.clang.1_0.compiler (in target 'ReactCodegen' from project 'Pods')
    cd /Users/sparkles/Documents/CodingFiles/FullStack/expensioApp/frontend/ios/Pods
    
    Using response file: /Users/sparkles/Library/Developer/Xcode/DerivedData/Expensio-futtgngxcysvvhcljmosbeftqmyc/Build/Intermediates.noindex/Pods.build/Debug-iphonesimulator/ReactCodegen.build/Objects-normal/x86_64/82b82416624d2658e5098eb0a28c15c5-common-args.resp
    
    /Applications/Xcode.app/Contents/Developer/Toolchains/XcodeDefault.xctoolchain/usr/bin/clang -x c++ -ivfsstatcache /Users/sparkles/Library/Developer/Xcode/DerivedData/SDKStatCaches.noindex/iphonesimulator27.0-24A430-8dc58220667be655e1bcc261a7455254.sdkstatcache -target x86_64-apple-ios17.0-simulator -fmessage-length\=0 -fdiagnostics-show-note-include-stack -fmacro-backtrace-limit\=0 -fno-color-diagnostics -fmodules-prune-interval\=86400 -fmodules-prune-after\=345600 -fbuild-session-file\=/Users/sparkles/Library/Developer/Xcode/DerivedData/ModuleCache.noindex/Session.modulevalidation -fmodules-validate-once-per-build-session -Wnon-modular-include-in-framework-module -Werror\=non-modular-include-in-framework-module -Wno-trigraphs -Wno-missing-field-initializers -Wno-missing-prototypes -Werror\=return-type -Wdocumentation -Wunreachable-code -Werror\=deprecated-objc-isa-usage -Werror\=objc-root-class -Wno-non-virtual-dtor -Wno-overloaded-virtual -Wno-exit-time-destructors -Wno-missing-braces -Wparentheses -Wswitch -Wunused-function -Wno-unused-label -Wno-unused-parameter -Wunused-variable -Wunused-value -Wempty-body -Wuninitialized -Wconditional-uninitialized -Wno-unknown-pragmas -Wno-shadow -Wno-four-char-constants -Wno-conversion -Wconstant-conversion -Wint-conversion -Wbool-conversion -Wenum-conversion -Wno-float-conversion -Wnon-literal-null-conversion -Wobjc-literal-conversion -Wshorten-64-to-32 -Wno-newline-eof -Wno-c++11-extensions -Wno-implicit-fallthrough -isysroot /Applications/Xcode.app/Contents/Developer/Platforms/iPhoneSimulator.platform/Developer/SDKs/iPhoneSimulator27.0.sdk -fstrict-aliasing -Wdeprecated-declarations -Winvalid-offsetof -Wno-sign-conversion -Winfinite-recursion -Wmove -Wcomma -Wblock-capture-autoreleasing -Wstrict-prototypes -Wrange-loop-analysis -Wno-semicolon-before-method-body -Wunguarded-availability -index-store-path /Users/sparkles/Library/Developer/Xcode/DerivedData/Expensio-futtgngxcysvvhcljmosbeftqmyc/Index.noindex/DataStore -Wno-comma -Wno-shorten-64-to-32 -Wno-documentation @/Users/sparkles/Library/Developer/Xcode/DerivedData/Expensio-futtgngxcysvvhcljmosbeftqmyc/Build/Intermediates.noindex/Pods.build/Debug-iphonesimulator/ReactCodegen.build/Objects-normal/x86_64/82b82416624d2658e5098eb0a28c15c5-common-args.resp -DFOLLY_MOBILE\=1 -DFOLLY_USE_LIBCPP\=1 -DFOLLY_CFG_NO_COROUTINES\=1 -DFOLLY_HAVE_CLOCK_GETTIME\=1 -Wno-comma -Wno-shorten-64-to-32 -Wno-documentation -Wno-nullability-completeness -std\=c++20 -include /Users/sparkles/Documents/CodingFiles/FullStack/expensioApp/frontend/ios/Pods/Target\ Support\ Files/ReactCodegen/ReactCodegen-prefix.pch -MMD -MT dependencies -MF /Users/sparkles/Library/Developer/Xcode/DerivedData/Expensio-futtgngxcysvvhcljmosbeftqmyc/Build/Intermediates.noindex/Pods.build/Debug-iphonesimulator/ReactCodegen.build/Objects-normal/x86_64/ShadowNodes-32d7c0eb9680483e90d33caf58a22c53.d --serialize-diagnostics /Users/sparkles/Library/Developer/Xcode/DerivedData/Expensio-futtgngxcysvvhcljmosbeftqmyc/Build/Intermediates.noindex/Pods.build/Debug-iphonesimulator/ReactCodegen.build/Objects-normal/x86_64/ShadowNodes-32d7c0eb9680483e90d33caf58a22c53.dia -c /Users/sparkles/Documents/CodingFiles/FullStack/expensioApp/frontend/ios/build/generated/ios/ReactCodegen/react/renderer/components/safeareacontext/ShadowNodes.cpp -o /Users/sparkles/Library/Developer/Xcode/DerivedData/Expensio-futtgngxcysvvhcljmosbeftqmyc/Build/Intermediates.noindex/Pods.build/Debug-iphonesimulator/ReactCodegen.build/Objects-normal/x86_64/ShadowNodes-32d7c0eb9680483e90d33caf58a22c53.o -index-unit-output-path /Pods.build/Debug-iphonesimulator/ReactCodegen.build/Objects-normal/x86_64/ShadowNodes-32d7c0eb9680483e90d33caf58a22c53.o

CompileC /Users/sparkles/Library/Developer/Xcode/DerivedData/Expensio-futtgngxcysvvhcljmosbeftqmyc/Build/Intermediates.noindex/Pods.build/Debug-iphonesimulator/ReactCodegen.build/Objects-normal/x86_64/RCTUnstableModulesRequiringMainQueueSetupProvider.o /Users/sparkles/Documents/CodingFiles/FullStack/expensioApp/frontend/ios/build/generated/ios/ReactCodegen/RCTUnstableModulesRequiringMainQueueSetupProvider.mm normal x86_64 objective-c++ com.apple.compilers.llvm.clang.1_0.compiler (in target 'ReactCodegen' from project 'Pods')
    cd /Users/sparkles/Documents/CodingFiles/FullStack/expensioApp/frontend/ios/Pods
    
    Using response file: /Users/sparkles/Library/Developer/Xcode/DerivedData/Expensio-futtgngxcysvvhcljmosbeftqmyc/Build/Intermediates.noindex/Pods.build/Debug-iphonesimulator/ReactCodegen.build/Objects-normal/x86_64/af3fcb34312c57c0f52879cdce924b91-common-args.resp
    
    /Applications/Xcode.app/Contents/Developer/Toolchains/XcodeDefault.xctoolchain/usr/bin/clang -x objective-c++ -ivfsstatcache /Users/sparkles/Library/Developer/Xcode/DerivedData/SDKStatCaches.noindex/iphonesimulator27.0-24A430-8dc58220667be655e1bcc261a7455254.sdkstatcache -target x86_64-apple-ios17.0-simulator -fmessage-length\=0 -fdiagnostics-show-note-include-stack -fmacro-backtrace-limit\=0 -fno-color-diagnostics -fmodules-prune-interval\=86400 -fmodules-prune-after\=345600 -fbuild-session-file\=/Users/sparkles/Library/Developer/Xcode/DerivedData/ModuleCache.noindex/Session.modulevalidation -fmodules-validate-once-per-build-session -Wnon-modular-include-in-framework-module -Werror\=non-modular-include-in-framework-module -Wno-trigraphs -Wno-missing-field-initializers -Wno-missing-prototypes -Werror\=return-type -Wdocumentation -Wunreachable-code -Wno-implicit-atomic-properties -Werror\=deprecated-objc-isa-usage -Wno-objc-interface-ivars -Werror\=objc-root-class -Wno-arc-repeated-use-of-weak -Wimplicit-retain-self -Wno-non-virtual-dtor -Wno-overloaded-virtual -Wno-exit-time-destructors -Wduplicate-method-match -Wno-missing-braces -Wparentheses -Wswitch -Wunused-function -Wno-unused-label -Wno-unused-parameter -Wunused-variable -Wunused-value -Wempty-body -Wuninitialized -Wconditional-uninitialized -Wno-unknown-pragmas -Wno-shadow -Wno-four-char-constants -Wno-conversion -Wconstant-conversion -Wint-conversion -Wbool-conversion -Wenum-conversion -Wno-float-conversion -Wnon-literal-null-conversion -Wobjc-literal-conversion -Wshorten-64-to-32 -Wno-newline-eof -Wno-selector -Wno-strict-selector-match -Wundeclared-selector -Wdeprecated-implementations -Wno-c++11-extensions -Wno-implicit-fallthrough -isysroot /Applications/Xcode.app/Contents/Developer/Platforms/iPhoneSimulator.platform/Developer/SDKs/iPhoneSimulator27.0.sdk -fstrict-aliasing -Wprotocol -Wdeprecated-declarations -Winvalid-offsetof -Wno-sign-conversion -Winfinite-recursion -Wmove -Wcomma -Wblock-capture-autoreleasing -Wstrict-prototypes -Wrange-loop-analysis -Wno-semicolon-before-method-body -Wunguarded-availability -index-store-path /Users/sparkles/Library/Developer/Xcode/DerivedData/Expensio-futtgngxcysvvhcljmosbeftqmyc/Index.noindex/DataStore -Wno-comma -Wno-shorten-64-to-32 -Wno-documentation @/Users/sparkles/Library/Developer/Xcode/DerivedData/Expensio-futtgngxcysvvhcljmosbeftqmyc/Build/Intermediates.noindex/Pods.build/Debug-iphonesimulator/ReactCodegen.build/Objects-normal/x86_64/af3fcb34312c57c0f52879cdce924b91-common-args.resp -DFOLLY_MOBILE\=1 -DFOLLY_USE_LIBCPP\=1 -DFOLLY_CFG_NO_COROUTINES\=1 -DFOLLY_HAVE_CLOCK_GETTIME\=1 -Wno-comma -Wno-shorten-64-to-32 -Wno-documentation -Wno-nullability-completeness -std\=c++20 -include /Users/sparkles/Documents/CodingFiles/FullStack/expensioApp/frontend/ios/Pods/Target\ Support\ Files/ReactCodegen/ReactCodegen-prefix.pch -MMD -MT dependencies -MF /Users/sparkles/Library/Developer/Xcode/DerivedData/Expensio-futtgngxcysvvhcljmosbeftqmyc/Build/Intermediates.noindex/Pods.build/Debug-iphonesimulator/ReactCodegen.build/Objects-normal/x86_64/RCTUnstableModulesRequiringMainQueueSetupProvider.d --serialize-diagnostics /Users/sparkles/Library/Developer/Xcode/DerivedData/Expensio-futtgngxcysvvhcljmosbeftqmyc/Build/Intermediates.noindex/Pods.build/Debug-iphonesimulator/ReactCodegen.build/Objects-normal/x86_64/RCTUnstableModulesRequiringMainQueueSetupProvider.dia -c /Users/sparkles/Documents/CodingFiles/FullStack/expensioApp/frontend/ios/build/generated/ios/ReactCodegen/RCTUnstableModulesRequiringMainQueueSetupProvider.mm -o /Users/sparkles/Library/Developer/Xcode/DerivedData/Expensio-futtgngxcysvvhcljmosbeftqmyc/Build/Intermediates.noindex/Pods.build/Debug-iphonesimulator/ReactCodegen.build/Objects-normal/x86_64/RCTUnstableModulesRequiringMainQueueSetupProvider.o -index-unit-output-path /Pods.build/Debug-iphonesimulator/ReactCodegen.build/Objects-normal/x86_64/RCTUnstableModulesRequiringMainQueueSetupProvider.o

CompileC /Users/sparkles/Library/Developer/Xcode/DerivedData/Expensio-futtgngxcysvvhcljmosbeftqmyc/Build/Intermediates.noindex/Pods.build/Debug-iphonesimulator/ReactCodegen.build/Objects-normal/x86_64/RCTThirdPartyComponentsProvider.o /Users/sparkles/Documents/CodingFiles/FullStack/expensioApp/frontend/ios/build/generated/ios/ReactCodegen/RCTThirdPartyComponentsProvider.mm normal x86_64 objective-c++ com.apple.compilers.llvm.clang.1_0.compiler (in target 'ReactCodegen' from project 'Pods')
    cd /Users/sparkles/Documents/CodingFiles/FullStack/expensioApp/frontend/ios/Pods
    
    Using response file: /Users/sparkles/Library/Developer/Xcode/DerivedData/Expensio-futtgngxcysvvhcljmosbeftqmyc/Build/Intermediates.noindex/Pods.build/Debug-iphonesimulator/ReactCodegen.build/Objects-normal/x86_64/af3fcb34312c57c0f52879cdce924b91-common-args.resp
    
    /Applications/Xcode.app/Contents/Developer/Toolchains/XcodeDefault.xctoolchain/usr/bin/clang -x objective-c++ -ivfsstatcache /Users/sparkles/Library/Developer/Xcode/DerivedData/SDKStatCaches.noindex/iphonesimulator27.0-24A430-8dc58220667be655e1bcc261a7455254.sdkstatcache -target x86_64-apple-ios17.0-simulator -fmessage-length\=0 -fdiagnostics-show-note-include-stack -fmacro-backtrace-limit\=0 -fno-color-diagnostics -fmodules-prune-interval\=86400 -fmodules-prune-after\=345600 -fbuild-session-file\=/Users/sparkles/Library/Developer/Xcode/DerivedData/ModuleCache.noindex/Session.modulevalidation -fmodules-validate-once-per-build-session -Wnon-modular-include-in-framework-module -Werror\=non-modular-include-in-framework-module -Wno-trigraphs -Wno-missing-field-initializers -Wno-missing-prototypes -Werror\=return-type -Wdocumentation -Wunreachable-code -Wno-implicit-atomic-properties -Werror\=deprecated-objc-isa-usage -Wno-objc-interface-ivars -Werror\=objc-root-class -Wno-arc-repeated-use-of-weak -Wimplicit-retain-self -Wno-non-virtual-dtor -Wno-overloaded-virtual -Wno-exit-time-destructors -Wduplicate-method-match -Wno-missing-braces -Wparentheses -Wswitch -Wunused-function -Wno-unused-label -Wno-unused-parameter -Wunused-variable -Wunused-value -Wempty-body -Wuninitialized -Wconditional-uninitialized -Wno-unknown-pragmas -Wno-shadow -Wno-four-char-constants -Wno-conversion -Wconstant-conversion -Wint-conversion -Wbool-conversion -Wenum-conversion -Wno-float-conversion -Wnon-literal-null-conversion -Wobjc-literal-conversion -Wshorten-64-to-32 -Wno-newline-eof -Wno-selector -Wno-strict-selector-match -Wundeclared-selector -Wdeprecated-implementations -Wno-c++11-extensions -Wno-implicit-fallthrough -isysroot /Applications/Xcode.app/Contents/Developer/Platforms/iPhoneSimulator.platform/Developer/SDKs/iPhoneSimulator27.0.sdk -fstrict-aliasing -Wprotocol -Wdeprecated-declarations -Winvalid-offsetof -Wno-sign-conversion -Winfinite-recursion -Wmove -Wcomma -Wblock-capture-autoreleasing -Wstrict-prototypes -Wrange-loop-analysis -Wno-semicolon-before-method-body -Wunguarded-availability -index-store-path /Users/sparkles/Library/Developer/Xcode/DerivedData/Expensio-futtgngxcysvvhcljmosbeftqmyc/Index.noindex/DataStore -Wno-comma -Wno-shorten-64-to-32 -Wno-documentation @/Users/sparkles/Library/Developer/Xcode/DerivedData/Expensio-futtgngxcysvvhcljmosbeftqmyc/Build/Intermediates.noindex/Pods.build/Debug-iphonesimulator/ReactCodegen.build/Objects-normal/x86_64/af3fcb34312c57c0f52879cdce924b91-common-args.resp -DFOLLY_MOBILE\=1 -DFOLLY_USE_LIBCPP\=1 -DFOLLY_CFG_NO_COROUTINES\=1 -DFOLLY_HAVE_CLOCK_GETTIME\=1 -Wno-comma -Wno-shorten-64-to-32 -Wno-documentation -Wno-nullability-completeness -std\=c++20 -include /Users/sparkles/Documents/CodingFiles/FullStack/expensioApp/frontend/ios/Pods/Target\ Support\ Files/ReactCodegen/ReactCodegen-prefix.pch -MMD -MT dependencies -MF /Users/sparkles/Library/Developer/Xcode/DerivedData/Expensio-futtgngxcysvvhcljmosbeftqmyc/Build/Intermediates.noindex/Pods.build/Debug-iphonesimulator/ReactCodegen.build/Objects-normal/x86_64/RCTThirdPartyComponentsProvider.d --serialize-diagnostics /Users/sparkles/Library/Developer/Xcode/DerivedData/Expensio-futtgngxcysvvhcljmosbeftqmyc/Build/Intermediates.noindex/Pods.build/Debug-iphonesimulator/ReactCodegen.build/Objects-normal/x86_64/RCTThirdPartyComponentsProvider.dia -c /Users/sparkles/Documents/CodingFiles/FullStack/expensioApp/frontend/ios/build/generated/ios/ReactCodegen/RCTThirdPartyComponentsProvider.mm -o /Users/sparkles/Library/Developer/Xcode/DerivedData/Expensio-futtgngxcysvvhcljmosbeftqmyc/Build/Intermediates.noindex/Pods.build/Debug-iphonesimulator/ReactCodegen.build/Objects-normal/x86_64/RCTThirdPartyComponentsProvider.o -index-unit-output-path /Pods.build/Debug-iphonesimulator/ReactCodegen.build/Objects-normal/x86_64/RCTThirdPartyComponentsProvider.o

CompileC /Users/sparkles/Library/Developer/Xcode/DerivedData/Expensio-futtgngxcysvvhcljmosbeftqmyc/Build/Intermediates.noindex/Pods.build/Debug-iphonesimulator/ReactCodegen.build/Objects-normal/x86_64/RCTModulesConformingToProtocolsProvider.o /Users/sparkles/Documents/CodingFiles/FullStack/expensioApp/frontend/ios/build/generated/ios/ReactCodegen/RCTModulesConformingToProtocolsProvider.mm normal x86_64 objective-c++ com.apple.compilers.llvm.clang.1_0.compiler (in target 'ReactCodegen' from project 'Pods')
    cd /Users/sparkles/Documents/CodingFiles/FullStack/expensioApp/frontend/ios/Pods
    
    Using response file: /Users/sparkles/Library/Developer/Xcode/DerivedData/Expensio-futtgngxcysvvhcljmosbeftqmyc/Build/Intermediates.noindex/Pods.build/Debug-iphonesimulator/ReactCodegen.build/Objects-normal/x86_64/af3fcb34312c57c0f52879cdce924b91-common-args.resp
    
    /Applications/Xcode.app/Contents/Developer/Toolchains/XcodeDefault.xctoolchain/usr/bin/clang -x objective-c++ -ivfsstatcache /Users/sparkles/Library/Developer/Xcode/DerivedData/SDKStatCaches.noindex/iphonesimulator27.0-24A430-8dc58220667be655e1bcc261a7455254.sdkstatcache -target x86_64-apple-ios17.0-simulator -fmessage-length\=0 -fdiagnostics-show-note-include-stack -fmacro-backtrace-limit\=0 -fno-color-diagnostics -fmodules-prune-interval\=86400 -fmodules-prune-after\=345600 -fbuild-session-file\=/Users/sparkles/Library/Developer/Xcode/DerivedData/ModuleCache.noindex/Session.modulevalidation -fmodules-validate-once-per-build-session -Wnon-modular-include-in-framework-module -Werror\=non-modular-include-in-framework-module -Wno-trigraphs -Wno-missing-field-initializers -Wno-missing-prototypes -Werror\=return-type -Wdocumentation -Wunreachable-code -Wno-implicit-atomic-properties -Werror\=deprecated-objc-isa-usage -Wno-objc-interface-ivars -Werror\=objc-root-class -Wno-arc-repeated-use-of-weak -Wimplicit-retain-self -Wno-non-virtual-dtor -Wno-overloaded-virtual -Wno-exit-time-destructors -Wduplicate-method-match -Wno-missing-braces -Wparentheses -Wswitch -Wunused-function -Wno-unused-label -Wno-unused-parameter -Wunused-variable -Wunused-value -Wempty-body -Wuninitialized -Wconditional-uninitialized -Wno-unknown-pragmas -Wno-shadow -Wno-four-char-constants -Wno-conversion -Wconstant-conversion -Wint-conversion -Wbool-conversion -Wenum-conversion -Wno-float-conversion -Wnon-literal-null-conversion -Wobjc-literal-conversion -Wshorten-64-to-32 -Wno-newline-eof -Wno-selector -Wno-strict-selector-match -Wundeclared-selector -Wdeprecated-implementations -Wno-c++11-extensions -Wno-implicit-fallthrough -isysroot /Applications/Xcode.app/Contents/Developer/Platforms/iPhoneSimulator.platform/Developer/SDKs/iPhoneSimulator27.0.sdk -fstrict-aliasing -Wprotocol -Wdeprecated-declarations -Winvalid-offsetof -Wno-sign-conversion -Winfinite-recursion -Wmove -Wcomma -Wblock-capture-autoreleasing -Wstrict-prototypes -Wrange-loop-analysis -Wno-semicolon-before-method-body -Wunguarded-availability -index-store-path /Users/sparkles/Library/Developer/Xcode/DerivedData/Expensio-futtgngxcysvvhcljmosbeftqmyc/Index.noindex/DataStore -Wno-comma -Wno-shorten-64-to-32 -Wno-documentation @/Users/sparkles/Library/Developer/Xcode/DerivedData/Expensio-futtgngxcysvvhcljmosbeftqmyc/Build/Intermediates.noindex/Pods.build/Debug-iphonesimulator/ReactCodegen.build/Objects-normal/x86_64/af3fcb34312c57c0f52879cdce924b91-common-args.resp -DFOLLY_MOBILE\=1 -DFOLLY_USE_LIBCPP\=1 -DFOLLY_CFG_NO_COROUTINES\=1 -DFOLLY_HAVE_CLOCK_GETTIME\=1 -Wno-comma -Wno-shorten-64-to-32 -Wno-documentation -Wno-nullability-completeness -std\=c++20 -include /Users/sparkles/Documents/CodingFiles/FullStack/expensioApp/frontend/ios/Pods/Target\ Support\ Files/ReactCodegen/ReactCodegen-prefix.pch -MMD -MT dependencies -MF /Users/sparkles/Library/Developer/Xcode/DerivedData/Expensio-futtgngxcysvvhcljmosbeftqmyc/Build/Intermediates.noindex/Pods.build/Debug-iphonesimulator/ReactCodegen.build/Objects-normal/x86_64/RCTModulesConformingToProtocolsProvider.d --serialize-diagnostics /Users/sparkles/Library/Developer/Xcode/DerivedData/Expensio-futtgngxcysvvhcljmosbeftqmyc/Build/Intermediates.noindex/Pods.build/Debug-iphonesimulator/ReactCodegen.build/Objects-normal/x86_64/RCTModulesConformingToProtocolsProvider.dia -c /Users/sparkles/Documents/CodingFiles/FullStack/expensioApp/frontend/ios/build/generated/ios/ReactCodegen/RCTModulesConformingToProtocolsProvider.mm -o /Users/sparkles/Library/Developer/Xcode/DerivedData/Expensio-futtgngxcysvvhcljmosbeftqmyc/Build/Intermediates.noindex/Pods.build/Debug-iphonesimulator/ReactCodegen.build/Objects-normal/x86_64/RCTModulesConformingToProtocolsProvider.o -index-unit-output-path /Pods.build/Debug-iphonesimulator/ReactCodegen.build/Objects-normal/x86_64/RCTModulesConformingToProtocolsProvider.o

CompileC /Users/sparkles/Library/Developer/Xcode/DerivedData/Expensio-futtgngxcysvvhcljmosbeftqmyc/Build/Intermediates.noindex/Pods.build/Debug-iphonesimulator/ReactCodegen.build/Objects-normal/x86_64/RCTModuleProviders.o /Users/sparkles/Documents/CodingFiles/FullStack/expensioApp/frontend/ios/build/generated/ios/ReactCodegen/RCTModuleProviders.mm normal x86_64 objective-c++ com.apple.compilers.llvm.clang.1_0.compiler (in target 'ReactCodegen' from project 'Pods')
    cd /Users/sparkles/Documents/CodingFiles/FullStack/expensioApp/frontend/ios/Pods
    
    Using response file: /Users/sparkles/Library/Developer/Xcode/DerivedData/Expensio-futtgngxcysvvhcljmosbeftqmyc/Build/Intermediates.noindex/Pods.build/Debug-iphonesimulator/ReactCodegen.build/Objects-normal/x86_64/af3fcb34312c57c0f52879cdce924b91-common-args.resp
    
    /Applications/Xcode.app/Contents/Developer/Toolchains/XcodeDefault.xctoolchain/usr/bin/clang -x objective-c++ -ivfsstatcache /Users/sparkles/Library/Developer/Xcode/DerivedData/SDKStatCaches.noindex/iphonesimulator27.0-24A430-8dc58220667be655e1bcc261a7455254.sdkstatcache -target x86_64-apple-ios17.0-simulator -fmessage-length\=0 -fdiagnostics-show-note-include-stack -fmacro-backtrace-limit\=0 -fno-color-diagnostics -fmodules-prune-interval\=86400 -fmodules-prune-after\=345600 -fbuild-session-file\=/Users/sparkles/Library/Developer/Xcode/DerivedData/ModuleCache.noindex/Session.modulevalidation -fmodules-validate-once-per-build-session -Wnon-modular-include-in-framework-module -Werror\=non-modular-include-in-framework-module -Wno-trigraphs -Wno-missing-field-initializers -Wno-missing-prototypes -Werror\=return-type -Wdocumentation -Wunreachable-code -Wno-implicit-atomic-properties -Werror\=deprecated-objc-isa-usage -Wno-objc-interface-ivars -Werror\=objc-root-class -Wno-arc-repeated-use-of-weak -Wimplicit-retain-self -Wno-non-virtual-dtor -Wno-overloaded-virtual -Wno-exit-time-destructors -Wduplicate-method-match -Wno-missing-braces -Wparentheses -Wswitch -Wunused-function -Wno-unused-label -Wno-unused-parameter -Wunused-variable -Wunused-value -Wempty-body -Wuninitialized -Wconditional-uninitialized -Wno-unknown-pragmas -Wno-shadow -Wno-four-char-constants -Wno-conversion -Wconstant-conversion -Wint-conversion -Wbool-conversion -Wenum-conversion -Wno-float-conversion -Wnon-literal-null-conversion -Wobjc-literal-conversion -Wshorten-64-to-32 -Wno-newline-eof -Wno-selector -Wno-strict-selector-match -Wundeclared-selector -Wdeprecated-implementations -Wno-c++11-extensions -Wno-implicit-fallthrough -isysroot /Applications/Xcode.app/Contents/Developer/Platforms/iPhoneSimulator.platform/Developer/SDKs/iPhoneSimulator27.0.sdk -fstrict-aliasing -Wprotocol -Wdeprecated-declarations -Winvalid-offsetof -Wno-sign-conversion -Winfinite-recursion -Wmove -Wcomma -Wblock-capture-autoreleasing -Wstrict-prototypes -Wrange-loop-analysis -Wno-semicolon-before-method-body -Wunguarded-availability -index-store-path /Users/sparkles/Library/Developer/Xcode/DerivedData/Expensio-futtgngxcysvvhcljmosbeftqmyc/Index.noindex/DataStore -Wno-comma -Wno-shorten-64-to-32 -Wno-documentation @/Users/sparkles/Library/Developer/Xcode/DerivedData/Expensio-futtgngxcysvvhcljmosbeftqmyc/Build/Intermediates.noindex/Pods.build/Debug-iphonesimulator/ReactCodegen.build/Objects-normal/x86_64/af3fcb34312c57c0f52879cdce924b91-common-args.resp -DFOLLY_MOBILE\=1 -DFOLLY_USE_LIBCPP\=1 -DFOLLY_CFG_NO_COROUTINES\=1 -DFOLLY_HAVE_CLOCK_GETTIME\=1 -Wno-comma -Wno-shorten-64-to-32 -Wno-documentation -Wno-nullability-completeness -std\=c++20 -include /Users/sparkles/Documents/CodingFiles/FullStack/expensioApp/frontend/ios/Pods/Target\ Support\ Files/ReactCodegen/ReactCodegen-prefix.pch -MMD -MT dependencies -MF /Users/sparkles/Library/Developer/Xcode/DerivedData/Expensio-futtgngxcysvvhcljmosbeftqmyc/Build/Intermediates.noindex/Pods.build/Debug-iphonesimulator/ReactCodegen.build/Objects-normal/x86_64/RCTModuleProviders.d --serialize-diagnostics /Users/sparkles/Library/Developer/Xcode/DerivedData/Expensio-futtgngxcysvvhcljmosbeftqmyc/Build/Intermediates.noindex/Pods.build/Debug-iphonesimulator/ReactCodegen.build/Objects-normal/x86_64/RCTModuleProviders.dia -c /Users/sparkles/Documents/CodingFiles/FullStack/expensioApp/frontend/ios/build/generated/ios/ReactCodegen/RCTModuleProviders.mm -o /Users/sparkles/Library/Developer/Xcode/DerivedData/Expensio-futtgngxcysvvhcljmosbeftqmyc/Build/Intermediates.noindex/Pods.build/Debug-iphonesimulator/ReactCodegen.build/Objects-normal/x86_64/RCTModuleProviders.o -index-unit-output-path /Pods.build/Debug-iphonesimulator/ReactCodegen.build/Objects-normal/x86_64/RCTModuleProviders.o

CompileC /Users/sparkles/Library/Developer/Xcode/DerivedData/Expensio-futtgngxcysvvhcljmosbeftqmyc/Build/Intermediates.noindex/Pods.build/Debug-iphonesimulator/ReactCodegen.build/Objects-normal/x86_64/Props-eb7b98a8f097cd4f2fcc27d28de44512.o /Users/sparkles/Documents/CodingFiles/FullStack/expensioApp/frontend/ios/build/generated/ios/ReactCodegen/react/renderer/components/rnsvg/Props.cpp normal x86_64 c++ com.apple.compilers.llvm.clang.1_0.compiler (in target 'ReactCodegen' from project 'Pods')
    cd /Users/sparkles/Documents/CodingFiles/FullStack/expensioApp/frontend/ios/Pods
    
    Using response file: /Users/sparkles/Library/Developer/Xcode/DerivedData/Expensio-futtgngxcysvvhcljmosbeftqmyc/Build/Intermediates.noindex/Pods.build/Debug-iphonesimulator/ReactCodegen.build/Objects-normal/x86_64/82b82416624d2658e5098eb0a28c15c5-common-args.resp
    
    /Applications/Xcode.app/Contents/Developer/Toolchains/XcodeDefault.xctoolchain/usr/bin/clang -x c++ -ivfsstatcache /Users/sparkles/Library/Developer/Xcode/DerivedData/SDKStatCaches.noindex/iphonesimulator27.0-24A430-8dc58220667be655e1bcc261a7455254.sdkstatcache -target x86_64-apple-ios17.0-simulator -fmessage-length\=0 -fdiagnostics-show-note-include-stack -fmacro-backtrace-limit\=0 -fno-color-diagnostics -fmodules-prune-interval\=86400 -fmodules-prune-after\=345600 -fbuild-session-file\=/Users/sparkles/Library/Developer/Xcode/DerivedData/ModuleCache.noindex/Session.modulevalidation -fmodules-validate-once-per-build-session -Wnon-modular-include-in-framework-module -Werror\=non-modular-include-in-framework-module -Wno-trigraphs -Wno-missing-field-initializers -Wno-missing-prototypes -Werror\=return-type -Wdocumentation -Wunreachable-code -Werror\=deprecated-objc-isa-usage -Werror\=objc-root-class -Wno-non-virtual-dtor -Wno-overloaded-virtual -Wno-exit-time-destructors -Wno-missing-braces -Wparentheses -Wswitch -Wunused-function -Wno-unused-label -Wno-unused-parameter -Wunused-variable -Wunused-value -Wempty-body -Wuninitialized -Wconditional-uninitialized -Wno-unknown-pragmas -Wno-shadow -Wno-four-char-constants -Wno-conversion -Wconstant-conversion -Wint-conversion -Wbool-conversion -Wenum-conversion -Wno-float-conversion -Wnon-literal-null-conversion -Wobjc-literal-conversion -Wshorten-64-to-32 -Wno-newline-eof -Wno-c++11-extensions -Wno-implicit-fallthrough -isysroot /Applications/Xcode.app/Contents/Developer/Platforms/iPhoneSimulator.platform/Developer/SDKs/iPhoneSimulator27.0.sdk -fstrict-aliasing -Wdeprecated-declarations -Winvalid-offsetof -Wno-sign-conversion -Winfinite-recursion -Wmove -Wcomma -Wblock-capture-autoreleasing -Wstrict-prototypes -Wrange-loop-analysis -Wno-semicolon-before-method-body -Wunguarded-availability -index-store-path /Users/sparkles/Library/Developer/Xcode/DerivedData/Expensio-futtgngxcysvvhcljmosbeftqmyc/Index.noindex/DataStore -Wno-comma -Wno-shorten-64-to-32 -Wno-documentation @/Users/sparkles/Library/Developer/Xcode/DerivedData/Expensio-futtgngxcysvvhcljmosbeftqmyc/Build/Intermediates.noindex/Pods.build/Debug-iphonesimulator/ReactCodegen.build/Objects-normal/x86_64/82b82416624d2658e5098eb0a28c15c5-common-args.resp -DFOLLY_MOBILE\=1 -DFOLLY_USE_LIBCPP\=1 -DFOLLY_CFG_NO_COROUTINES\=1 -DFOLLY_HAVE_CLOCK_GETTIME\=1 -Wno-comma -Wno-shorten-64-to-32 -Wno-documentation -Wno-nullability-completeness -std\=c++20 -include /Users/sparkles/Documents/CodingFiles/FullStack/expensioApp/frontend/ios/Pods/Target\ Support\ Files/ReactCodegen/ReactCodegen-prefix.pch -MMD -MT dependencies -MF /Users/sparkles/Library/Developer/Xcode/DerivedData/Expensio-futtgngxcysvvhcljmosbeftqmyc/Build/Intermediates.noindex/Pods.build/Debug-iphonesimulator/ReactCodegen.build/Objects-normal/x86_64/Props-eb7b98a8f097cd4f2fcc27d28de44512.d --serialize-diagnostics /Users/sparkles/Library/Developer/Xcode/DerivedData/Expensio-futtgngxcysvvhcljmosbeftqmyc/Build/Intermediates.noindex/Pods.build/Debug-iphonesimulator/ReactCodegen.build/Objects-normal/x86_64/Props-eb7b98a8f097cd4f2fcc27d28de44512.dia -c /Users/sparkles/Documents/CodingFiles/FullStack/expensioApp/frontend/ios/build/generated/ios/ReactCodegen/react/renderer/components/rnsvg/Props.cpp -o /Users/sparkles/Library/Developer/Xcode/DerivedData/Expensio-futtgngxcysvvhcljmosbeftqmyc/Build/Intermediates.noindex/Pods.build/Debug-iphonesimulator/ReactCodegen.build/Objects-normal/x86_64/Props-eb7b98a8f097cd4f2fcc27d28de44512.o -index-unit-output-path /Pods.build/Debug-iphonesimulator/ReactCodegen.build/Objects-normal/x86_64/Props-eb7b98a8f097cd4f2fcc27d28de44512.o

CompileC /Users/sparkles/Library/Developer/Xcode/DerivedData/Expensio-futtgngxcysvvhcljmosbeftqmyc/Build/Intermediates.noindex/Pods.build/Debug-iphonesimulator/ReactCodegen.build/Objects-normal/x86_64/Props-9445b8f1c184d936187041294a0a331c.o /Users/sparkles/Documents/CodingFiles/FullStack/expensioApp/frontend/ios/build/generated/ios/ReactCodegen/react/renderer/components/rnpicker/Props.cpp normal x86_64 c++ com.apple.compilers.llvm.clang.1_0.compiler (in target 'ReactCodegen' from project 'Pods')
    cd /Users/sparkles/Documents/CodingFiles/FullStack/expensioApp/frontend/ios/Pods
    
    Using response file: /Users/sparkles/Library/Developer/Xcode/DerivedData/Expensio-futtgngxcysvvhcljmosbeftqmyc/Build/Intermediates.noindex/Pods.build/Debug-iphonesimulator/ReactCodegen.build/Objects-normal/x86_64/82b82416624d2658e5098eb0a28c15c5-common-args.resp
    
    /Applications/Xcode.app/Contents/Developer/Toolchains/XcodeDefault.xctoolchain/usr/bin/clang -x c++ -ivfsstatcache /Users/sparkles/Library/Developer/Xcode/DerivedData/SDKStatCaches.noindex/iphonesimulator27.0-24A430-8dc58220667be655e1bcc261a7455254.sdkstatcache -target x86_64-apple-ios17.0-simulator -fmessage-length\=0 -fdiagnostics-show-note-include-stack -fmacro-backtrace-limit\=0 -fno-color-diagnostics -fmodules-prune-interval\=86400 -fmodules-prune-after\=345600 -fbuild-session-file\=/Users/sparkles/Library/Developer/Xcode/DerivedData/ModuleCache.noindex/Session.modulevalidation -fmodules-validate-once-per-build-session -Wnon-modular-include-in-framework-module -Werror\=non-modular-include-in-framework-module -Wno-trigraphs -Wno-missing-field-initializers -Wno-missing-prototypes -Werror\=return-type -Wdocumentation -Wunreachable-code -Werror\=deprecated-objc-isa-usage -Werror\=objc-root-class -Wno-non-virtual-dtor -Wno-overloaded-virtual -Wno-exit-time-destructors -Wno-missing-braces -Wparentheses -Wswitch -Wunused-function -Wno-unused-label -Wno-unused-parameter -Wunused-variable -Wunused-value -Wempty-body -Wuninitialized -Wconditional-uninitialized -Wno-unknown-pragmas -Wno-shadow -Wno-four-char-constants -Wno-conversion -Wconstant-conversion -Wint-conversion -Wbool-conversion -Wenum-conversion -Wno-float-conversion -Wnon-literal-null-conversion -Wobjc-literal-conversion -Wshorten-64-to-32 -Wno-newline-eof -Wno-c++11-extensions -Wno-implicit-fallthrough -isysroot /Applications/Xcode.app/Contents/Developer/Platforms/iPhoneSimulator.platform/Developer/SDKs/iPhoneSimulator27.0.sdk -fstrict-aliasing -Wdeprecated-declarations -Winvalid-offsetof -Wno-sign-conversion -Winfinite-recursion -Wmove -Wcomma -Wblock-capture-autoreleasing -Wstrict-prototypes -Wrange-loop-analysis -Wno-semicolon-before-method-body -Wunguarded-availability -index-store-path /Users/sparkles/Library/Developer/Xcode/DerivedData/Expensio-futtgngxcysvvhcljmosbeftqmyc/Index.noindex/DataStore -Wno-comma -Wno-shorten-64-to-32 -Wno-documentation @/Users/sparkles/Library/Developer/Xcode/DerivedData/Expensio-futtgngxcysvvhcljmosbeftqmyc/Build/Intermediates.noindex/Pods.build/Debug-iphonesimulator/ReactCodegen.build/Objects-normal/x86_64/82b82416624d2658e5098eb0a28c15c5-common-args.resp -DFOLLY_MOBILE\=1 -DFOLLY_USE_LIBCPP\=1 -DFOLLY_CFG_NO_COROUTINES\=1 -DFOLLY_HAVE_CLOCK_GETTIME\=1 -Wno-comma -Wno-shorten-64-to-32 -Wno-documentation -Wno-nullability-completeness -std\=c++20 -include /Users/sparkles/Documents/CodingFiles/FullStack/expensioApp/frontend/ios/Pods/Target\ Support\ Files/ReactCodegen/ReactCodegen-prefix.pch -MMD -MT dependencies -MF /Users/sparkles/Library/Developer/Xcode/DerivedData/Expensio-futtgngxcysvvhcljmosbeftqmyc/Build/Intermediates.noindex/Pods.build/Debug-iphonesimulator/ReactCodegen.build/Objects-normal/x86_64/Props-9445b8f1c184d936187041294a0a331c.d --serialize-diagnostics /Users/sparkles/Library/Developer/Xcode/DerivedData/Expensio-futtgngxcysvvhcljmosbeftqmyc/Build/Intermediates.noindex/Pods.build/Debug-iphonesimulator/ReactCodegen.build/Objects-normal/x86_64/Props-9445b8f1c184d936187041294a0a331c.dia -c /Users/sparkles/Documents/CodingFiles/FullStack/expensioApp/frontend/ios/build/generated/ios/ReactCodegen/react/renderer/components/rnpicker/Props.cpp -o /Users/sparkles/Library/Developer/Xcode/DerivedData/Expensio-futtgngxcysvvhcljmosbeftqmyc/Build/Intermediates.noindex/Pods.build/Debug-iphonesimulator/ReactCodegen.build/Objects-normal/x86_64/Props-9445b8f1c184d936187041294a0a331c.o -index-unit-output-path /Pods.build/Debug-iphonesimulator/ReactCodegen.build/Objects-normal/x86_64/Props-9445b8f1c184d936187041294a0a331c.o

CompileC /Users/sparkles/Library/Developer/Xcode/DerivedData/Expensio-futtgngxcysvvhcljmosbeftqmyc/Build/Intermediates.noindex/Pods.build/Debug-iphonesimulator/ReactCodegen.build/Objects-normal/x86_64/Props-646332cc3ae4b2f219f85d336eb01f7d.o /Users/sparkles/Documents/CodingFiles/FullStack/expensioApp/frontend/ios/build/generated/ios/ReactCodegen/react/renderer/components/safeareacontext/Props.cpp normal x86_64 c++ com.apple.compilers.llvm.clang.1_0.compiler (in target 'ReactCodegen' from project 'Pods')
    cd /Users/sparkles/Documents/CodingFiles/FullStack/expensioApp/frontend/ios/Pods
    
    Using response file: /Users/sparkles/Library/Developer/Xcode/DerivedData/Expensio-futtgngxcysvvhcljmosbeftqmyc/Build/Intermediates.noindex/Pods.build/Debug-iphonesimulator/ReactCodegen.build/Objects-normal/x86_64/82b82416624d2658e5098eb0a28c15c5-common-args.resp
    
    /Applications/Xcode.app/Contents/Developer/Toolchains/XcodeDefault.xctoolchain/usr/bin/clang -x c++ -ivfsstatcache /Users/sparkles/Library/Developer/Xcode/DerivedData/SDKStatCaches.noindex/iphonesimulator27.0-24A430-8dc58220667be655e1bcc261a7455254.sdkstatcache -target x86_64-apple-ios17.0-simulator -fmessage-length\=0 -fdiagnostics-show-note-include-stack -fmacro-backtrace-limit\=0 -fno-color-diagnostics -fmodules-prune-interval\=86400 -fmodules-prune-after\=345600 -fbuild-session-file\=/Users/sparkles/Library/Developer/Xcode/DerivedData/ModuleCache.noindex/Session.modulevalidation -fmodules-validate-once-per-build-session -Wnon-modular-include-in-framework-module -Werror\=non-modular-include-in-framework-module -Wno-trigraphs -Wno-missing-field-initializers -Wno-missing-prototypes -Werror\=return-type -Wdocumentation -Wunreachable-code -Werror\=deprecated-objc-isa-usage -Werror\=objc-root-class -Wno-non-virtual-dtor -Wno-overloaded-virtual -Wno-exit-time-destructors -Wno-missing-braces -Wparentheses -Wswitch -Wunused-function -Wno-unused-label -Wno-unused-parameter -Wunused-variable -Wunused-value -Wempty-body -Wuninitialized -Wconditional-uninitialized -Wno-unknown-pragmas -Wno-shadow -Wno-four-char-constants -Wno-conversion -Wconstant-conversion -Wint-conversion -Wbool-conversion -Wenum-conversion -Wno-float-conversion -Wnon-literal-null-conversion -Wobjc-literal-conversion -Wshorten-64-to-32 -Wno-newline-eof -Wno-c++11-extensions -Wno-implicit-fallthrough -isysroot /Applications/Xcode.app/Contents/Developer/Platforms/iPhoneSimulator.platform/Developer/SDKs/iPhoneSimulator27.0.sdk -fstrict-aliasing -Wdeprecated-declarations -Winvalid-offsetof -Wno-sign-conversion -Winfinite-recursion -Wmove -Wcomma -Wblock-capture-autoreleasing -Wstrict-prototypes -Wrange-loop-analysis -Wno-semicolon-before-method-body -Wunguarded-availability -index-store-path /Users/sparkles/Library/Developer/Xcode/DerivedData/Expensio-futtgngxcysvvhcljmosbeftqmyc/Index.noindex/DataStore -Wno-comma -Wno-shorten-64-to-32 -Wno-documentation @/Users/sparkles/Library/Developer/Xcode/DerivedData/Expensio-futtgngxcysvvhcljmosbeftqmyc/Build/Intermediates.noindex/Pods.build/Debug-iphonesimulator/ReactCodegen.build/Objects-normal/x86_64/82b82416624d2658e5098eb0a28c15c5-common-args.resp -DFOLLY_MOBILE\=1 -DFOLLY_USE_LIBCPP\=1 -DFOLLY_CFG_NO_COROUTINES\=1 -DFOLLY_HAVE_CLOCK_GETTIME\=1 -Wno-comma -Wno-shorten-64-to-32 -Wno-documentation -Wno-nullability-completeness -std\=c++20 -include /Users/sparkles/Documents/CodingFiles/FullStack/expensioApp/frontend/ios/Pods/Target\ Support\ Files/ReactCodegen/ReactCodegen-prefix.pch -MMD -MT dependencies -MF /Users/sparkles/Library/Developer/Xcode/DerivedData/Expensio-futtgngxcysvvhcljmosbeftqmyc/Build/Intermediates.noindex/Pods.build/Debug-iphonesimulator/ReactCodegen.build/Objects-normal/x86_64/Props-646332cc3ae4b2f219f85d336eb01f7d.d --serialize-diagnostics /Users/sparkles/Library/Developer/Xcode/DerivedData/Expensio-futtgngxcysvvhcljmosbeftqmyc/Build/Intermediates.noindex/Pods.build/Debug-iphonesimulator/ReactCodegen.build/Objects-normal/x86_64/Props-646332cc3ae4b2f219f85d336eb01f7d.dia -c /Users/sparkles/Documents/CodingFiles/FullStack/expensioApp/frontend/ios/build/generated/ios/ReactCodegen/react/renderer/components/safeareacontext/Props.cpp -o /Users/sparkles/Library/Developer/Xcode/DerivedData/Expensio-futtgngxcysvvhcljmosbeftqmyc/Build/Intermediates.noindex/Pods.build/Debug-iphonesimulator/ReactCodegen.build/Objects-normal/x86_64/Props-646332cc3ae4b2f219f85d336eb01f7d.o -index-unit-output-path /Pods.build/Debug-iphonesimulator/ReactCodegen.build/Objects-normal/x86_64/Props-646332cc3ae4b2f219f85d336eb01f7d.o

CompileC /Users/sparkles/Library/Developer/Xcode/DerivedData/Expensio-futtgngxcysvvhcljmosbeftqmyc/Build/Intermediates.noindex/Pods.build/Debug-iphonesimulator/ReactCodegen.build/Objects-normal/x86_64/Props-6294fbf6eee10578160c671ca2c686a9.o /Users/sparkles/Documents/CodingFiles/FullStack/expensioApp/frontend/ios/build/generated/ios/ReactCodegen/react/renderer/components/rnscreens/Props.cpp normal x86_64 c++ com.apple.compilers.llvm.clang.1_0.compiler (in target 'ReactCodegen' from project 'Pods')
    cd /Users/sparkles/Documents/CodingFiles/FullStack/expensioApp/frontend/ios/Pods
    
    Using response file: /Users/sparkles/Library/Developer/Xcode/DerivedData/Expensio-futtgngxcysvvhcljmosbeftqmyc/Build/Intermediates.noindex/Pods.build/Debug-iphonesimulator/ReactCodegen.build/Objects-normal/x86_64/82b82416624d2658e5098eb0a28c15c5-common-args.resp
    
    /Applications/Xcode.app/Contents/Developer/Toolchains/XcodeDefault.xctoolchain/usr/bin/clang -x c++ -ivfsstatcache /Users/sparkles/Library/Developer/Xcode/DerivedData/SDKStatCaches.noindex/iphonesimulator27.0-24A430-8dc58220667be655e1bcc261a7455254.sdkstatcache -target x86_64-apple-ios17.0-simulator -fmessage-length\=0 -fdiagnostics-show-note-include-stack -fmacro-backtrace-limit\=0 -fno-color-diagnostics -fmodules-prune-interval\=86400 -fmodules-prune-after\=345600 -fbuild-session-file\=/Users/sparkles/Library/Developer/Xcode/DerivedData/ModuleCache.noindex/Session.modulevalidation -fmodules-validate-once-per-build-session -Wnon-modular-include-in-framework-module -Werror\=non-modular-include-in-framework-module -Wno-trigraphs -Wno-missing-field-initializers -Wno-missing-prototypes -Werror\=return-type -Wdocumentation -Wunreachable-code -Werror\=deprecated-objc-isa-usage -Werror\=objc-root-class -Wno-non-virtual-dtor -Wno-overloaded-virtual -Wno-exit-time-destructors -Wno-missing-braces -Wparentheses -Wswitch -Wunused-function -Wno-unused-label -Wno-unused-parameter -Wunused-variable -Wunused-value -Wempty-body -Wuninitialized -Wconditional-uninitialized -Wno-unknown-pragmas -Wno-shadow -Wno-four-char-constants -Wno-conversion -Wconstant-conversion -Wint-conversion -Wbool-conversion -Wenum-conversion -Wno-float-conversion -Wnon-literal-null-conversion -Wobjc-literal-conversion -Wshorten-64-to-32 -Wno-newline-eof -Wno-c++11-extensions -Wno-implicit-fallthrough -isysroot /Applications/Xcode.app/Contents/Developer/Platforms/iPhoneSimulator.platform/Developer/SDKs/iPhoneSimulator27.0.sdk -fstrict-aliasing -Wdeprecated-declarations -Winvalid-offsetof -Wno-sign-conversion -Winfinite-recursion -Wmove -Wcomma -Wblock-capture-autoreleasing -Wstrict-prototypes -Wrange-loop-analysis -Wno-semicolon-before-method-body -Wunguarded-availability -index-store-path /Users/sparkles/Library/Developer/Xcode/DerivedData/Expensio-futtgngxcysvvhcljmosbeftqmyc/Index.noindex/DataStore -Wno-comma -Wno-shorten-64-to-32 -Wno-documentation @/Users/sparkles/Library/Developer/Xcode/DerivedData/Expensio-futtgngxcysvvhcljmosbeftqmyc/Build/Intermediates.noindex/Pods.build/Debug-iphonesimulator/ReactCodegen.build/Objects-normal/x86_64/82b82416624d2658e5098eb0a28c15c5-common-args.resp -DFOLLY_MOBILE\=1 -DFOLLY_USE_LIBCPP\=1 -DFOLLY_CFG_NO_COROUTINES\=1 -DFOLLY_HAVE_CLOCK_GETTIME\=1 -Wno-comma -Wno-shorten-64-to-32 -Wno-documentation -Wno-nullability-completeness -std\=c++20 -include /Users/sparkles/Documents/CodingFiles/FullStack/expensioApp/frontend/ios/Pods/Target\ Support\ Files/ReactCodegen/ReactCodegen-prefix.pch -MMD -MT dependencies -MF /Users/sparkles/Library/Developer/Xcode/DerivedData/Expensio-futtgngxcysvvhcljmosbeftqmyc/Build/Intermediates.noindex/Pods.build/Debug-iphonesimulator/ReactCodegen.build/Objects-normal/x86_64/Props-6294fbf6eee10578160c671ca2c686a9.d --serialize-diagnostics /Users/sparkles/Library/Developer/Xcode/DerivedData/Expensio-futtgngxcysvvhcljmosbeftqmyc/Build/Intermediates.noindex/Pods.build/Debug-iphonesimulator/ReactCodegen.build/Objects-normal/x86_64/Props-6294fbf6eee10578160c671ca2c686a9.dia -c /Users/sparkles/Documents/CodingFiles/FullStack/expensioApp/frontend/ios/build/generated/ios/ReactCodegen/react/renderer/components/rnscreens/Props.cpp -o /Users/sparkles/Library/Developer/Xcode/DerivedData/Expensio-futtgngxcysvvhcljmosbeftqmyc/Build/Intermediates.noindex/Pods.build/Debug-iphonesimulator/ReactCodegen.build/Objects-normal/x86_64/Props-6294fbf6eee10578160c671ca2c686a9.o -index-unit-output-path /Pods.build/Debug-iphonesimulator/ReactCodegen.build/Objects-normal/x86_64/Props-6294fbf6eee10578160c671ca2c686a9.o

CompileC /Users/sparkles/Library/Developer/Xcode/DerivedData/Expensio-futtgngxcysvvhcljmosbeftqmyc/Build/Intermediates.noindex/Pods.build/Debug-iphonesimulator/ReactCodegen.build/Objects-normal/x86_64/EventEmitters-f4d48ad1a9ca99a85aa6af6abf25f274.o /Users/sparkles/Documents/CodingFiles/FullStack/expensioApp/frontend/ios/build/generated/ios/ReactCodegen/react/renderer/components/safeareacontext/EventEmitters.cpp normal x86_64 c++ com.apple.compilers.llvm.clang.1_0.compiler (in target 'ReactCodegen' from project 'Pods')
    cd /Users/sparkles/Documents/CodingFiles/FullStack/expensioApp/frontend/ios/Pods
    
    Using response file: /Users/sparkles/Library/Developer/Xcode/DerivedData/Expensio-futtgngxcysvvhcljmosbeftqmyc/Build/Intermediates.noindex/Pods.build/Debug-iphonesimulator/ReactCodegen.build/Objects-normal/x86_64/82b82416624d2658e5098eb0a28c15c5-common-args.resp
    
    /Applications/Xcode.app/Contents/Developer/Toolchains/XcodeDefault.xctoolchain/usr/bin/clang -x c++ -ivfsstatcache /Users/sparkles/Library/Developer/Xcode/DerivedData/SDKStatCaches.noindex/iphonesimulator27.0-24A430-8dc58220667be655e1bcc261a7455254.sdkstatcache -target x86_64-apple-ios17.0-simulator -fmessage-length\=0 -fdiagnostics-show-note-include-stack -fmacro-backtrace-limit\=0 -fno-color-diagnostics -fmodules-prune-interval\=86400 -fmodules-prune-after\=345600 -fbuild-session-file\=/Users/sparkles/Library/Developer/Xcode/DerivedData/ModuleCache.noindex/Session.modulevalidation -fmodules-validate-once-per-build-session -Wnon-modular-include-in-framework-module -Werror\=non-modular-include-in-framework-module -Wno-trigraphs -Wno-missing-field-initializers -Wno-missing-prototypes -Werror\=return-type -Wdocumentation -Wunreachable-code -Werror\=deprecated-objc-isa-usage -Werror\=objc-root-class -Wno-non-virtual-dtor -Wno-overloaded-virtual -Wno-exit-time-destructors -Wno-missing-braces -Wparentheses -Wswitch -Wunused-function -Wno-unused-label -Wno-unused-parameter -Wunused-variable -Wunused-value -Wempty-body -Wuninitialized -Wconditional-uninitialized -Wno-unknown-pragmas -Wno-shadow -Wno-four-char-constants -Wno-conversion -Wconstant-conversion -Wint-conversion -Wbool-conversion -Wenum-conversion -Wno-float-conversion -Wnon-literal-null-conversion -Wobjc-literal-conversion -Wshorten-64-to-32 -Wno-newline-eof -Wno-c++11-extensions -Wno-implicit-fallthrough -isysroot /Applications/Xcode.app/Contents/Developer/Platforms/iPhoneSimulator.platform/Developer/SDKs/iPhoneSimulator27.0.sdk -fstrict-aliasing -Wdeprecated-declarations -Winvalid-offsetof -Wno-sign-conversion -Winfinite-recursion -Wmove -Wcomma -Wblock-capture-autoreleasing -Wstrict-prototypes -Wrange-loop-analysis -Wno-semicolon-before-method-body -Wunguarded-availability -index-store-path /Users/sparkles/Library/Developer/Xcode/DerivedData/Expensio-futtgngxcysvvhcljmosbeftqmyc/Index.noindex/DataStore -Wno-comma -Wno-shorten-64-to-32 -Wno-documentation @/Users/sparkles/Library/Developer/Xcode/DerivedData/Expensio-futtgngxcysvvhcljmosbeftqmyc/Build/Intermediates.noindex/Pods.build/Debug-iphonesimulator/ReactCodegen.build/Objects-normal/x86_64/82b82416624d2658e5098eb0a28c15c5-common-args.resp -DFOLLY_MOBILE\=1 -DFOLLY_USE_LIBCPP\=1 -DFOLLY_CFG_NO_COROUTINES\=1 -DFOLLY_HAVE_CLOCK_GETTIME\=1 -Wno-comma -Wno-shorten-64-to-32 -Wno-documentation -Wno-nullability-completeness -std\=c++20 -include /Users/sparkles/Documents/CodingFiles/FullStack/expensioApp/frontend/ios/Pods/Target\ Support\ Files/ReactCodegen/ReactCodegen-prefix.pch -MMD -MT dependencies -MF /Users/sparkles/Library/Developer/Xcode/DerivedData/Expensio-futtgngxcysvvhcljmosbeftqmyc/Build/Intermediates.noindex/Pods.build/Debug-iphonesimulator/ReactCodegen.build/Objects-normal/x86_64/EventEmitters-f4d48ad1a9ca99a85aa6af6abf25f274.d --serialize-diagnostics /Users/sparkles/Library/Developer/Xcode/DerivedData/Expensio-futtgngxcysvvhcljmosbeftqmyc/Build/Intermediates.noindex/Pods.build/Debug-iphonesimulator/ReactCodegen.build/Objects-normal/x86_64/EventEmitters-f4d48ad1a9ca99a85aa6af6abf25f274.dia -c /Users/sparkles/Documents/CodingFiles/FullStack/expensioApp/frontend/ios/build/generated/ios/ReactCodegen/react/renderer/components/safeareacontext/EventEmitters.cpp -o /Users/sparkles/Library/Developer/Xcode/DerivedData/Expensio-futtgngxcysvvhcljmosbeftqmyc/Build/Intermediates.noindex/Pods.build/Debug-iphonesimulator/ReactCodegen.build/Objects-normal/x86_64/EventEmitters-f4d48ad1a9ca99a85aa6af6abf25f274.o -index-unit-output-path /Pods.build/Debug-iphonesimulator/ReactCodegen.build/Objects-normal/x86_64/EventEmitters-f4d48ad1a9ca99a85aa6af6abf25f274.o

CompileC /Users/sparkles/Library/Developer/Xcode/DerivedData/Expensio-futtgngxcysvvhcljmosbeftqmyc/Build/Intermediates.noindex/Pods.build/Debug-iphonesimulator/ReactCodegen.build/Objects-normal/x86_64/EventEmitters-cfa3ae167732d9b19a3920516e6df086.o /Users/sparkles/Documents/CodingFiles/FullStack/expensioApp/frontend/ios/build/generated/ios/ReactCodegen/react/renderer/components/rnscreens/EventEmitters.cpp normal x86_64 c++ com.apple.compilers.llvm.clang.1_0.compiler (in target 'ReactCodegen' from project 'Pods')
    cd /Users/sparkles/Documents/CodingFiles/FullStack/expensioApp/frontend/ios/Pods
    
    Using response file: /Users/sparkles/Library/Developer/Xcode/DerivedData/Expensio-futtgngxcysvvhcljmosbeftqmyc/Build/Intermediates.noindex/Pods.build/Debug-iphonesimulator/ReactCodegen.build/Objects-normal/x86_64/82b82416624d2658e5098eb0a28c15c5-common-args.resp
    
    /Applications/Xcode.app/Contents/Developer/Toolchains/XcodeDefault.xctoolchain/usr/bin/clang -x c++ -ivfsstatcache /Users/sparkles/Library/Developer/Xcode/DerivedData/SDKStatCaches.noindex/iphonesimulator27.0-24A430-8dc58220667be655e1bcc261a7455254.sdkstatcache -target x86_64-apple-ios17.0-simulator -fmessage-length\=0 -fdiagnostics-show-note-include-stack -fmacro-backtrace-limit\=0 -fno-color-diagnostics -fmodules-prune-interval\=86400 -fmodules-prune-after\=345600 -fbuild-session-file\=/Users/sparkles/Library/Developer/Xcode/DerivedData/ModuleCache.noindex/Session.modulevalidation -fmodules-validate-once-per-build-session -Wnon-modular-include-in-framework-module -Werror\=non-modular-include-in-framework-module -Wno-trigraphs -Wno-missing-field-initializers -Wno-missing-prototypes -Werror\=return-type -Wdocumentation -Wunreachable-code -Werror\=deprecated-objc-isa-usage -Werror\=objc-root-class -Wno-non-virtual-dtor -Wno-overloaded-virtual -Wno-exit-time-destructors -Wno-missing-braces -Wparentheses -Wswitch -Wunused-function -Wno-unused-label -Wno-unused-parameter -Wunused-variable -Wunused-value -Wempty-body -Wuninitialized -Wconditional-uninitialized -Wno-unknown-pragmas -Wno-shadow -Wno-four-char-constants -Wno-conversion -Wconstant-conversion -Wint-conversion -Wbool-conversion -Wenum-conversion -Wno-float-conversion -Wnon-literal-null-conversion -Wobjc-literal-conversion -Wshorten-64-to-32 -Wno-newline-eof -Wno-c++11-extensions -Wno-implicit-fallthrough -isysroot /Applications/Xcode.app/Contents/Developer/Platforms/iPhoneSimulator.platform/Developer/SDKs/iPhoneSimulator27.0.sdk -fstrict-aliasing -Wdeprecated-declarations -Winvalid-offsetof -Wno-sign-conversion -Winfinite-recursion -Wmove -Wcomma -Wblock-capture-autoreleasing -Wstrict-prototypes -Wrange-loop-analysis -Wno-semicolon-before-method-body -Wunguarded-availability -index-store-path /Users/sparkles/Library/Developer/Xcode/DerivedData/Expensio-futtgngxcysvvhcljmosbeftqmyc/Index.noindex/DataStore -Wno-comma -Wno-shorten-64-to-32 -Wno-documentation @/Users/sparkles/Library/Developer/Xcode/DerivedData/Expensio-futtgngxcysvvhcljmosbeftqmyc/Build/Intermediates.noindex/Pods.build/Debug-iphonesimulator/ReactCodegen.build/Objects-normal/x86_64/82b82416624d2658e5098eb0a28c15c5-common-args.resp -DFOLLY_MOBILE\=1 -DFOLLY_USE_LIBCPP\=1 -DFOLLY_CFG_NO_COROUTINES\=1 -DFOLLY_HAVE_CLOCK_GETTIME\=1 -Wno-comma -Wno-shorten-64-to-32 -Wno-documentation -Wno-nullability-completeness -std\=c++20 -include /Users/sparkles/Documents/CodingFiles/FullStack/expensioApp/frontend/ios/Pods/Target\ Support\ Files/ReactCodegen/ReactCodegen-prefix.pch -MMD -MT dependencies -MF /Users/sparkles/Library/Developer/Xcode/DerivedData/Expensio-futtgngxcysvvhcljmosbeftqmyc/Build/Intermediates.noindex/Pods.build/Debug-iphonesimulator/ReactCodegen.build/Objects-normal/x86_64/EventEmitters-cfa3ae167732d9b19a3920516e6df086.d --serialize-diagnostics /Users/sparkles/Library/Developer/Xcode/DerivedData/Expensio-futtgngxcysvvhcljmosbeftqmyc/Build/Intermediates.noindex/Pods.build/Debug-iphonesimulator/ReactCodegen.build/Objects-normal/x86_64/EventEmitters-cfa3ae167732d9b19a3920516e6df086.dia -c /Users/sparkles/Documents/CodingFiles/FullStack/expensioApp/frontend/ios/build/generated/ios/ReactCodegen/react/renderer/components/rnscreens/EventEmitters.cpp -o /Users/sparkles/Library/Developer/Xcode/DerivedData/Expensio-futtgngxcysvvhcljmosbeftqmyc/Build/Intermediates.noindex/Pods.build/Debug-iphonesimulator/ReactCodegen.build/Objects-normal/x86_64/EventEmitters-cfa3ae167732d9b19a3920516e6df086.o -index-unit-output-path /Pods.build/Debug-iphonesimulator/ReactCodegen.build/Objects-normal/x86_64/EventEmitters-cfa3ae167732d9b19a3920516e6df086.o

CompileC /Users/sparkles/Library/Developer/Xcode/DerivedData/Expensio-futtgngxcysvvhcljmosbeftqmyc/Build/Intermediates.noindex/Pods.build/Debug-iphonesimulator/ReactCodegen.build/Objects-normal/x86_64/EventEmitters-1eb1a3072a1af49a87ede1c5ae39b08b.o /Users/sparkles/Documents/CodingFiles/FullStack/expensioApp/frontend/ios/build/generated/ios/ReactCodegen/react/renderer/components/rnpicker/EventEmitters.cpp normal x86_64 c++ com.apple.compilers.llvm.clang.1_0.compiler (in target 'ReactCodegen' from project 'Pods')
    cd /Users/sparkles/Documents/CodingFiles/FullStack/expensioApp/frontend/ios/Pods
    
    Using response file: /Users/sparkles/Library/Developer/Xcode/DerivedData/Expensio-futtgngxcysvvhcljmosbeftqmyc/Build/Intermediates.noindex/Pods.build/Debug-iphonesimulator/ReactCodegen.build/Objects-normal/x86_64/82b82416624d2658e5098eb0a28c15c5-common-args.resp
    
    /Applications/Xcode.app/Contents/Developer/Toolchains/XcodeDefault.xctoolchain/usr/bin/clang -x c++ -ivfsstatcache /Users/sparkles/Library/Developer/Xcode/DerivedData/SDKStatCaches.noindex/iphonesimulator27.0-24A430-8dc58220667be655e1bcc261a7455254.sdkstatcache -target x86_64-apple-ios17.0-simulator -fmessage-length\=0 -fdiagnostics-show-note-include-stack -fmacro-backtrace-limit\=0 -fno-color-diagnostics -fmodules-prune-interval\=86400 -fmodules-prune-after\=345600 -fbuild-session-file\=/Users/sparkles/Library/Developer/Xcode/DerivedData/ModuleCache.noindex/Session.modulevalidation -fmodules-validate-once-per-build-session -Wnon-modular-include-in-framework-module -Werror\=non-modular-include-in-framework-module -Wno-trigraphs -Wno-missing-field-initializers -Wno-missing-prototypes -Werror\=return-type -Wdocumentation -Wunreachable-code -Werror\=deprecated-objc-isa-usage -Werror\=objc-root-class -Wno-non-virtual-dtor -Wno-overloaded-virtual -Wno-exit-time-destructors -Wno-missing-braces -Wparentheses -Wswitch -Wunused-function -Wno-unused-label -Wno-unused-parameter -Wunused-variable -Wunused-value -Wempty-body -Wuninitialized -Wconditional-uninitialized -Wno-unknown-pragmas -Wno-shadow -Wno-four-char-constants -Wno-conversion -Wconstant-conversion -Wint-conversion -Wbool-conversion -Wenum-conversion -Wno-float-conversion -Wnon-literal-null-conversion -Wobjc-literal-conversion -Wshorten-64-to-32 -Wno-newline-eof -Wno-c++11-extensions -Wno-implicit-fallthrough -isysroot /Applications/Xcode.app/Contents/Developer/Platforms/iPhoneSimulator.platform/Developer/SDKs/iPhoneSimulator27.0.sdk -fstrict-aliasing -Wdeprecated-declarations -Winvalid-offsetof -Wno-sign-conversion -Winfinite-recursion -Wmove -Wcomma -Wblock-capture-autoreleasing -Wstrict-prototypes -Wrange-loop-analysis -Wno-semicolon-before-method-body -Wunguarded-availability -index-store-path /Users/sparkles/Library/Developer/Xcode/DerivedData/Expensio-futtgngxcysvvhcljmosbeftqmyc/Index.noindex/DataStore -Wno-comma -Wno-shorten-64-to-32 -Wno-documentation @/Users/sparkles/Library/Developer/Xcode/DerivedData/Expensio-futtgngxcysvvhcljmosbeftqmyc/Build/Intermediates.noindex/Pods.build/Debug-iphonesimulator/ReactCodegen.build/Objects-normal/x86_64/82b82416624d2658e5098eb0a28c15c5-common-args.resp -DFOLLY_MOBILE\=1 -DFOLLY_USE_LIBCPP\=1 -DFOLLY_CFG_NO_COROUTINES\=1 -DFOLLY_HAVE_CLOCK_GETTIME\=1 -Wno-comma -Wno-shorten-64-to-32 -Wno-documentation -Wno-nullability-completeness -std\=c++20 -include /Users/sparkles/Documents/CodingFiles/FullStack/expensioApp/frontend/ios/Pods/Target\ Support\ Files/ReactCodegen/ReactCodegen-prefix.pch -MMD -MT dependencies -MF /Users/sparkles/Library/Developer/Xcode/DerivedData/Expensio-futtgngxcysvvhcljmosbeftqmyc/Build/Intermediates.noindex/Pods.build/Debug-iphonesimulator/ReactCodegen.build/Objects-normal/x86_64/EventEmitters-1eb1a3072a1af49a87ede1c5ae39b08b.d --serialize-diagnostics /Users/sparkles/Library/Developer/Xcode/DerivedData/Expensio-futtgngxcysvvhcljmosbeftqmyc/Build/Intermediates.noindex/Pods.build/Debug-iphonesimulator/ReactCodegen.build/Objects-normal/x86_64/EventEmitters-1eb1a3072a1af49a87ede1c5ae39b08b.dia -c /Users/sparkles/Documents/CodingFiles/FullStack/expensioApp/frontend/ios/build/generated/ios/ReactCodegen/react/renderer/components/rnpicker/EventEmitters.cpp -o /Users/sparkles/Library/Developer/Xcode/DerivedData/Expensio-futtgngxcysvvhcljmosbeftqmyc/Build/Intermediates.noindex/Pods.build/Debug-iphonesimulator/ReactCodegen.build/Objects-normal/x86_64/EventEmitters-1eb1a3072a1af49a87ede1c5ae39b08b.o -index-unit-output-path /Pods.build/Debug-iphonesimulator/ReactCodegen.build/Objects-normal/x86_64/EventEmitters-1eb1a3072a1af49a87ede1c5ae39b08b.o

CompileC /Users/sparkles/Library/Developer/Xcode/DerivedData/Expensio-futtgngxcysvvhcljmosbeftqmyc/Build/Intermediates.noindex/Pods.build/Debug-iphonesimulator/ReactCodegen.build/Objects-normal/x86_64/EventEmitters-126d9f10ae211b46d5f0277c35350a96.o /Users/sparkles/Documents/CodingFiles/FullStack/expensioApp/frontend/ios/build/generated/ios/ReactCodegen/react/renderer/components/rnsvg/EventEmitters.cpp normal x86_64 c++ com.apple.compilers.llvm.clang.1_0.compiler (in target 'ReactCodegen' from project 'Pods')
    cd /Users/sparkles/Documents/CodingFiles/FullStack/expensioApp/frontend/ios/Pods
    
    Using response file: /Users/sparkles/Library/Developer/Xcode/DerivedData/Expensio-futtgngxcysvvhcljmosbeftqmyc/Build/Intermediates.noindex/Pods.build/Debug-iphonesimulator/ReactCodegen.build/Objects-normal/x86_64/82b82416624d2658e5098eb0a28c15c5-common-args.resp
    
    /Applications/Xcode.app/Contents/Developer/Toolchains/XcodeDefault.xctoolchain/usr/bin/clang -x c++ -ivfsstatcache /Users/sparkles/Library/Developer/Xcode/DerivedData/SDKStatCaches.noindex/iphonesimulator27.0-24A430-8dc58220667be655e1bcc261a7455254.sdkstatcache -target x86_64-apple-ios17.0-simulator -fmessage-length\=0 -fdiagnostics-show-note-include-stack -fmacro-backtrace-limit\=0 -fno-color-diagnostics -fmodules-prune-interval\=86400 -fmodules-prune-after\=345600 -fbuild-session-file\=/Users/sparkles/Library/Developer/Xcode/DerivedData/ModuleCache.noindex/Session.modulevalidation -fmodules-validate-once-per-build-session -Wnon-modular-include-in-framework-module -Werror\=non-modular-include-in-framework-module -Wno-trigraphs -Wno-missing-field-initializers -Wno-missing-prototypes -Werror\=return-type -Wdocumentation -Wunreachable-code -Werror\=deprecated-objc-isa-usage -Werror\=objc-root-class -Wno-non-virtual-dtor -Wno-overloaded-virtual -Wno-exit-time-destructors -Wno-missing-braces -Wparentheses -Wswitch -Wunused-function -Wno-unused-label -Wno-unused-parameter -Wunused-variable -Wunused-value -Wempty-body -Wuninitialized -Wconditional-uninitialized -Wno-unknown-pragmas -Wno-shadow -Wno-four-char-constants -Wno-conversion -Wconstant-conversion -Wint-conversion -Wbool-conversion -Wenum-conversion -Wno-float-conversion -Wnon-literal-null-conversion -Wobjc-literal-conversion -Wshorten-64-to-32 -Wno-newline-eof -Wno-c++11-extensions -Wno-implicit-fallthrough -isysroot /Applications/Xcode.app/Contents/Developer/Platforms/iPhoneSimulator.platform/Developer/SDKs/iPhoneSimulator27.0.sdk -fstrict-aliasing -Wdeprecated-declarations -Winvalid-offsetof -Wno-sign-conversion -Winfinite-recursion -Wmove -Wcomma -Wblock-capture-autoreleasing -Wstrict-prototypes -Wrange-loop-analysis -Wno-semicolon-before-method-body -Wunguarded-availability -index-store-path /Users/sparkles/Library/Developer/Xcode/DerivedData/Expensio-futtgngxcysvvhcljmosbeftqmyc/Index.noindex/DataStore -Wno-comma -Wno-shorten-64-to-32 -Wno-documentation @/Users/sparkles/Library/Developer/Xcode/DerivedData/Expensio-futtgngxcysvvhcljmosbeftqmyc/Build/Intermediates.noindex/Pods.build/Debug-iphonesimulator/ReactCodegen.build/Objects-normal/x86_64/82b82416624d2658e5098eb0a28c15c5-common-args.resp -DFOLLY_MOBILE\=1 -DFOLLY_USE_LIBCPP\=1 -DFOLLY_CFG_NO_COROUTINES\=1 -DFOLLY_HAVE_CLOCK_GETTIME\=1 -Wno-comma -Wno-shorten-64-to-32 -Wno-documentation -Wno-nullability-completeness -std\=c++20 -include /Users/sparkles/Documents/CodingFiles/FullStack/expensioApp/frontend/ios/Pods/Target\ Support\ Files/ReactCodegen/ReactCodegen-prefix.pch -MMD -MT dependencies -MF /Users/sparkles/Library/Developer/Xcode/DerivedData/Expensio-futtgngxcysvvhcljmosbeftqmyc/Build/Intermediates.noindex/Pods.build/Debug-iphonesimulator/ReactCodegen.build/Objects-normal/x86_64/EventEmitters-126d9f10ae211b46d5f0277c35350a96.d --serialize-diagnostics /Users/sparkles/Library/Developer/Xcode/DerivedData/Expensio-futtgngxcysvvhcljmosbeftqmyc/Build/Intermediates.noindex/Pods.build/Debug-iphonesimulator/ReactCodegen.build/Objects-normal/x86_64/EventEmitters-126d9f10ae211b46d5f0277c35350a96.dia -c /Users/sparkles/Documents/CodingFiles/FullStack/expensioApp/frontend/ios/build/generated/ios/ReactCodegen/react/renderer/components/rnsvg/EventEmitters.cpp -o /Users/sparkles/Library/Developer/Xcode/DerivedData/Expensio-futtgngxcysvvhcljmosbeftqmyc/Build/Intermediates.noindex/Pods.build/Debug-iphonesimulator/ReactCodegen.build/Objects-normal/x86_64/EventEmitters-126d9f10ae211b46d5f0277c35350a96.o -index-unit-output-path /Pods.build/Debug-iphonesimulator/ReactCodegen.build/Objects-normal/x86_64/EventEmitters-126d9f10ae211b46d5f0277c35350a96.o

CompileC /Users/sparkles/Library/Developer/Xcode/DerivedData/Expensio-futtgngxcysvvhcljmosbeftqmyc/Build/Intermediates.noindex/Pods.build/Debug-iphonesimulator/ReactCodegen.build/Objects-normal/x86_64/ComponentDescriptors-cbd5b6618b61fdbad152dbdbe9e7b42a.o /Users/sparkles/Documents/CodingFiles/FullStack/expensioApp/frontend/ios/build/generated/ios/ReactCodegen/react/renderer/components/safeareacontext/ComponentDescriptors.cpp normal x86_64 c++ com.apple.compilers.llvm.clang.1_0.compiler (in target 'ReactCodegen' from project 'Pods')
    cd /Users/sparkles/Documents/CodingFiles/FullStack/expensioApp/frontend/ios/Pods
    
    Using response file: /Users/sparkles/Library/Developer/Xcode/DerivedData/Expensio-futtgngxcysvvhcljmosbeftqmyc/Build/Intermediates.noindex/Pods.build/Debug-iphonesimulator/ReactCodegen.build/Objects-normal/x86_64/82b82416624d2658e5098eb0a28c15c5-common-args.resp
    
    /Applications/Xcode.app/Contents/Developer/Toolchains/XcodeDefault.xctoolchain/usr/bin/clang -x c++ -ivfsstatcache /Users/sparkles/Library/Developer/Xcode/DerivedData/SDKStatCaches.noindex/iphonesimulator27.0-24A430-8dc58220667be655e1bcc261a7455254.sdkstatcache -target x86_64-apple-ios17.0-simulator -fmessage-length\=0 -fdiagnostics-show-note-include-stack -fmacro-backtrace-limit\=0 -fno-color-diagnostics -fmodules-prune-interval\=86400 -fmodules-prune-after\=345600 -fbuild-session-file\=/Users/sparkles/Library/Developer/Xcode/DerivedData/ModuleCache.noindex/Session.modulevalidation -fmodules-validate-once-per-build-session -Wnon-modular-include-in-framework-module -Werror\=non-modular-include-in-framework-module -Wno-trigraphs -Wno-missing-field-initializers -Wno-missing-prototypes -Werror\=return-type -Wdocumentation -Wunreachable-code -Werror\=deprecated-objc-isa-usage -Werror\=objc-root-class -Wno-non-virtual-dtor -Wno-overloaded-virtual -Wno-exit-time-destructors -Wno-missing-braces -Wparentheses -Wswitch -Wunused-function -Wno-unused-label -Wno-unused-parameter -Wunused-variable -Wunused-value -Wempty-body -Wuninitialized -Wconditional-uninitialized -Wno-unknown-pragmas -Wno-shadow -Wno-four-char-constants -Wno-conversion -Wconstant-conversion -Wint-conversion -Wbool-conversion -Wenum-conversion -Wno-float-conversion -Wnon-literal-null-conversion -Wobjc-literal-conversion -Wshorten-64-to-32 -Wno-newline-eof -Wno-c++11-extensions -Wno-implicit-fallthrough -isysroot /Applications/Xcode.app/Contents/Developer/Platforms/iPhoneSimulator.platform/Developer/SDKs/iPhoneSimulator27.0.sdk -fstrict-aliasing -Wdeprecated-declarations -Winvalid-offsetof -Wno-sign-conversion -Winfinite-recursion -Wmove -Wcomma -Wblock-capture-autoreleasing -Wstrict-prototypes -Wrange-loop-analysis -Wno-semicolon-before-method-body -Wunguarded-availability -index-store-path /Users/sparkles/Library/Developer/Xcode/DerivedData/Expensio-futtgngxcysvvhcljmosbeftqmyc/Index.noindex/DataStore -Wno-comma -Wno-shorten-64-to-32 -Wno-documentation @/Users/sparkles/Library/Developer/Xcode/DerivedData/Expensio-futtgngxcysvvhcljmosbeftqmyc/Build/Intermediates.noindex/Pods.build/Debug-iphonesimulator/ReactCodegen.build/Objects-normal/x86_64/82b82416624d2658e5098eb0a28c15c5-common-args.resp -DFOLLY_MOBILE\=1 -DFOLLY_USE_LIBCPP\=1 -DFOLLY_CFG_NO_COROUTINES\=1 -DFOLLY_HAVE_CLOCK_GETTIME\=1 -Wno-comma -Wno-shorten-64-to-32 -Wno-documentation -Wno-nullability-completeness -std\=c++20 -include /Users/sparkles/Documents/CodingFiles/FullStack/expensioApp/frontend/ios/Pods/Target\ Support\ Files/ReactCodegen/ReactCodegen-prefix.pch -MMD -MT dependencies -MF /Users/sparkles/Library/Developer/Xcode/DerivedData/Expensio-futtgngxcysvvhcljmosbeftqmyc/Build/Intermediates.noindex/Pods.build/Debug-iphonesimulator/ReactCodegen.build/Objects-normal/x86_64/ComponentDescriptors-cbd5b6618b61fdbad152dbdbe9e7b42a.d --serialize-diagnostics /Users/sparkles/Library/Developer/Xcode/DerivedData/Expensio-futtgngxcysvvhcljmosbeftqmyc/Build/Intermediates.noindex/Pods.build/Debug-iphonesimulator/ReactCodegen.build/Objects-normal/x86_64/ComponentDescriptors-cbd5b6618b61fdbad152dbdbe9e7b42a.dia -c /Users/sparkles/Documents/CodingFiles/FullStack/expensioApp/frontend/ios/build/generated/ios/ReactCodegen/react/renderer/components/safeareacontext/ComponentDescriptors.cpp -o /Users/sparkles/Library/Developer/Xcode/DerivedData/Expensio-futtgngxcysvvhcljmosbeftqmyc/Build/Intermediates.noindex/Pods.build/Debug-iphonesimulator/ReactCodegen.build/Objects-normal/x86_64/ComponentDescriptors-cbd5b6618b61fdbad152dbdbe9e7b42a.o -index-unit-output-path /Pods.build/Debug-iphonesimulator/ReactCodegen.build/Objects-normal/x86_64/ComponentDescriptors-cbd5b6618b61fdbad152dbdbe9e7b42a.o

CompileC /Users/sparkles/Library/Developer/Xcode/DerivedData/Expensio-futtgngxcysvvhcljmosbeftqmyc/Build/Intermediates.noindex/Pods.build/Debug-iphonesimulator/ReactCodegen.build/Objects-normal/x86_64/ComponentDescriptors-73f482015315999ae610e5491f0da706.o /Users/sparkles/Documents/CodingFiles/FullStack/expensioApp/frontend/ios/build/generated/ios/ReactCodegen/react/renderer/components/rnsvg/ComponentDescriptors.cpp normal x86_64 c++ com.apple.compilers.llvm.clang.1_0.compiler (in target 'ReactCodegen' from project 'Pods')
    cd /Users/sparkles/Documents/CodingFiles/FullStack/expensioApp/frontend/ios/Pods
    
    Using response file: /Users/sparkles/Library/Developer/Xcode/DerivedData/Expensio-futtgngxcysvvhcljmosbeftqmyc/Build/Intermediates.noindex/Pods.build/Debug-iphonesimulator/ReactCodegen.build/Objects-normal/x86_64/82b82416624d2658e5098eb0a28c15c5-common-args.resp
    
    /Applications/Xcode.app/Contents/Developer/Toolchains/XcodeDefault.xctoolchain/usr/bin/clang -x c++ -ivfsstatcache /Users/sparkles/Library/Developer/Xcode/DerivedData/SDKStatCaches.noindex/iphonesimulator27.0-24A430-8dc58220667be655e1bcc261a7455254.sdkstatcache -target x86_64-apple-ios17.0-simulator -fmessage-length\=0 -fdiagnostics-show-note-include-stack -fmacro-backtrace-limit\=0 -fno-color-diagnostics -fmodules-prune-interval\=86400 -fmodules-prune-after\=345600 -fbuild-session-file\=/Users/sparkles/Library/Developer/Xcode/DerivedData/ModuleCache.noindex/Session.modulevalidation -fmodules-validate-once-per-build-session -Wnon-modular-include-in-framework-module -Werror\=non-modular-include-in-framework-module -Wno-trigraphs -Wno-missing-field-initializers -Wno-missing-prototypes -Werror\=return-type -Wdocumentation -Wunreachable-code -Werror\=deprecated-objc-isa-usage -Werror\=objc-root-class -Wno-non-virtual-dtor -Wno-overloaded-virtual -Wno-exit-time-destructors -Wno-missing-braces -Wparentheses -Wswitch -Wunused-function -Wno-unused-label -Wno-unused-parameter -Wunused-variable -Wunused-value -Wempty-body -Wuninitialized -Wconditional-uninitialized -Wno-unknown-pragmas -Wno-shadow -Wno-four-char-constants -Wno-conversion -Wconstant-conversion -Wint-conversion -Wbool-conversion -Wenum-conversion -Wno-float-conversion -Wnon-literal-null-conversion -Wobjc-literal-conversion -Wshorten-64-to-32 -Wno-newline-eof -Wno-c++11-extensions -Wno-implicit-fallthrough -isysroot /Applications/Xcode.app/Contents/Developer/Platforms/iPhoneSimulator.platform/Developer/SDKs/iPhoneSimulator27.0.sdk -fstrict-aliasing -Wdeprecated-declarations -Winvalid-offsetof -Wno-sign-conversion -Winfinite-recursion -Wmove -Wcomma -Wblock-capture-autoreleasing -Wstrict-prototypes -Wrange-loop-analysis -Wno-semicolon-before-method-body -Wunguarded-availability -index-store-path /Users/sparkles/Library/Developer/Xcode/DerivedData/Expensio-futtgngxcysvvhcljmosbeftqmyc/Index.noindex/DataStore -Wno-comma -Wno-shorten-64-to-32 -Wno-documentation @/Users/sparkles/Library/Developer/Xcode/DerivedData/Expensio-futtgngxcysvvhcljmosbeftqmyc/Build/Intermediates.noindex/Pods.build/Debug-iphonesimulator/ReactCodegen.build/Objects-normal/x86_64/82b82416624d2658e5098eb0a28c15c5-common-args.resp -DFOLLY_MOBILE\=1 -DFOLLY_USE_LIBCPP\=1 -DFOLLY_CFG_NO_COROUTINES\=1 -DFOLLY_HAVE_CLOCK_GETTIME\=1 -Wno-comma -Wno-shorten-64-to-32 -Wno-documentation -Wno-nullability-completeness -std\=c++20 -include /Users/sparkles/Documents/CodingFiles/FullStack/expensioApp/frontend/ios/Pods/Target\ Support\ Files/ReactCodegen/ReactCodegen-prefix.pch -MMD -MT dependencies -MF /Users/sparkles/Library/Developer/Xcode/DerivedData/Expensio-futtgngxcysvvhcljmosbeftqmyc/Build/Intermediates.noindex/Pods.build/Debug-iphonesimulator/ReactCodegen.build/Objects-normal/x86_64/ComponentDescriptors-73f482015315999ae610e5491f0da706.d --serialize-diagnostics /Users/sparkles/Library/Developer/Xcode/DerivedData/Expensio-futtgngxcysvvhcljmosbeftqmyc/Build/Intermediates.noindex/Pods.build/Debug-iphonesimulator/ReactCodegen.build/Objects-normal/x86_64/ComponentDescriptors-73f482015315999ae610e5491f0da706.dia -c /Users/sparkles/Documents/CodingFiles/FullStack/expensioApp/frontend/ios/build/generated/ios/ReactCodegen/react/renderer/components/rnsvg/ComponentDescriptors.cpp -o /Users/sparkles/Library/Developer/Xcode/DerivedData/Expensio-futtgngxcysvvhcljmosbeftqmyc/Build/Intermediates.noindex/Pods.build/Debug-iphonesimulator/ReactCodegen.build/Objects-normal/x86_64/ComponentDescriptors-73f482015315999ae610e5491f0da706.o -index-unit-output-path /Pods.build/Debug-iphonesimulator/ReactCodegen.build/Objects-normal/x86_64/ComponentDescriptors-73f482015315999ae610e5491f0da706.o

CompileC /Users/sparkles/Library/Developer/Xcode/DerivedData/Expensio-futtgngxcysvvhcljmosbeftqmyc/Build/Intermediates.noindex/Pods.build/Debug-iphonesimulator/ReactCodegen.build/Objects-normal/x86_64/ComponentDescriptors-256a9393c2887f25062e89f4ee8fa3ba.o /Users/sparkles/Documents/CodingFiles/FullStack/expensioApp/frontend/ios/build/generated/ios/ReactCodegen/react/renderer/components/rnscreens/ComponentDescriptors.cpp normal x86_64 c++ com.apple.compilers.llvm.clang.1_0.compiler (in target 'ReactCodegen' from project 'Pods')
    cd /Users/sparkles/Documents/CodingFiles/FullStack/expensioApp/frontend/ios/Pods
    
    Using response file: /Users/sparkles/Library/Developer/Xcode/DerivedData/Expensio-futtgngxcysvvhcljmosbeftqmyc/Build/Intermediates.noindex/Pods.build/Debug-iphonesimulator/ReactCodegen.build/Objects-normal/x86_64/82b82416624d2658e5098eb0a28c15c5-common-args.resp
    
    /Applications/Xcode.app/Contents/Developer/Toolchains/XcodeDefault.xctoolchain/usr/bin/clang -x c++ -ivfsstatcache /Users/sparkles/Library/Developer/Xcode/DerivedData/SDKStatCaches.noindex/iphonesimulator27.0-24A430-8dc58220667be655e1bcc261a7455254.sdkstatcache -target x86_64-apple-ios17.0-simulator -fmessage-length\=0 -fdiagnostics-show-note-include-stack -fmacro-backtrace-limit\=0 -fno-color-diagnostics -fmodules-prune-interval\=86400 -fmodules-prune-after\=345600 -fbuild-session-file\=/Users/sparkles/Library/Developer/Xcode/DerivedData/ModuleCache.noindex/Session.modulevalidation -fmodules-validate-once-per-build-session -Wnon-modular-include-in-framework-module -Werror\=non-modular-include-in-framework-module -Wno-trigraphs -Wno-missing-field-initializers -Wno-missing-prototypes -Werror\=return-type -Wdocumentation -Wunreachable-code -Werror\=deprecated-objc-isa-usage -Werror\=objc-root-class -Wno-non-virtual-dtor -Wno-overloaded-virtual -Wno-exit-time-destructors -Wno-missing-braces -Wparentheses -Wswitch -Wunused-function -Wno-unused-label -Wno-unused-parameter -Wunused-variable -Wunused-value -Wempty-body -Wuninitialized -Wconditional-uninitialized -Wno-unknown-pragmas -Wno-shadow -Wno-four-char-constants -Wno-conversion -Wconstant-conversion -Wint-conversion -Wbool-conversion -Wenum-conversion -Wno-float-conversion -Wnon-literal-null-conversion -Wobjc-literal-conversion -Wshorten-64-to-32 -Wno-newline-eof -Wno-c++11-extensions -Wno-implicit-fallthrough -isysroot /Applications/Xcode.app/Contents/Developer/Platforms/iPhoneSimulator.platform/Developer/SDKs/iPhoneSimulator27.0.sdk -fstrict-aliasing -Wdeprecated-declarations -Winvalid-offsetof -Wno-sign-conversion -Winfinite-recursion -Wmove -Wcomma -Wblock-capture-autoreleasing -Wstrict-prototypes -Wrange-loop-analysis -Wno-semicolon-before-method-body -Wunguarded-availability -index-store-path /Users/sparkles/Library/Developer/Xcode/DerivedData/Expensio-futtgngxcysvvhcljmosbeftqmyc/Index.noindex/DataStore -Wno-comma -Wno-shorten-64-to-32 -Wno-documentation @/Users/sparkles/Library/Developer/Xcode/DerivedData/Expensio-futtgngxcysvvhcljmosbeftqmyc/Build/Intermediates.noindex/Pods.build/Debug-iphonesimulator/ReactCodegen.build/Objects-normal/x86_64/82b82416624d2658e5098eb0a28c15c5-common-args.resp -DFOLLY_MOBILE\=1 -DFOLLY_USE_LIBCPP\=1 -DFOLLY_CFG_NO_COROUTINES\=1 -DFOLLY_HAVE_CLOCK_GETTIME\=1 -Wno-comma -Wno-shorten-64-to-32 -Wno-documentation -Wno-nullability-completeness -std\=c++20 -include /Users/sparkles/Documents/CodingFiles/FullStack/expensioApp/frontend/ios/Pods/Target\ Support\ Files/ReactCodegen/ReactCodegen-prefix.pch -MMD -MT dependencies -MF /Users/sparkles/Library/Developer/Xcode/DerivedData/Expensio-futtgngxcysvvhcljmosbeftqmyc/Build/Intermediates.noindex/Pods.build/Debug-iphonesimulator/ReactCodegen.build/Objects-normal/x86_64/ComponentDescriptors-256a9393c2887f25062e89f4ee8fa3ba.d --serialize-diagnostics /Users/sparkles/Library/Developer/Xcode/DerivedData/Expensio-futtgngxcysvvhcljmosbeftqmyc/Build/Intermediates.noindex/Pods.build/Debug-iphonesimulator/ReactCodegen.build/Objects-normal/x86_64/ComponentDescriptors-256a9393c2887f25062e89f4ee8fa3ba.dia -c /Users/sparkles/Documents/CodingFiles/FullStack/expensioApp/frontend/ios/build/generated/ios/ReactCodegen/react/renderer/components/rnscreens/ComponentDescriptors.cpp -o /Users/sparkles/Library/Developer/Xcode/DerivedData/Expensio-futtgngxcysvvhcljmosbeftqmyc/Build/Intermediates.noindex/Pods.build/Debug-iphonesimulator/ReactCodegen.build/Objects-normal/x86_64/ComponentDescriptors-256a9393c2887f25062e89f4ee8fa3ba.o -index-unit-output-path /Pods.build/Debug-iphonesimulator/ReactCodegen.build/Objects-normal/x86_64/ComponentDescriptors-256a9393c2887f25062e89f4ee8fa3ba.o

CompileC /Users/sparkles/Library/Developer/Xcode/DerivedData/Expensio-futtgngxcysvvhcljmosbeftqmyc/Build/Intermediates.noindex/Pods.build/Debug-iphonesimulator/ReactCodegen.build/Objects-normal/x86_64/ComponentDescriptors-153cd5e22ea2e4cd997ac42c421785da.o /Users/sparkles/Documents/CodingFiles/FullStack/expensioApp/frontend/ios/build/generated/ios/ReactCodegen/react/renderer/components/rnpicker/ComponentDescriptors.cpp normal x86_64 c++ com.apple.compilers.llvm.clang.1_0.compiler (in target 'ReactCodegen' from project 'Pods')
    cd /Users/sparkles/Documents/CodingFiles/FullStack/expensioApp/frontend/ios/Pods
    
    Using response file: /Users/sparkles/Library/Developer/Xcode/DerivedData/Expensio-futtgngxcysvvhcljmosbeftqmyc/Build/Intermediates.noindex/Pods.build/Debug-iphonesimulator/ReactCodegen.build/Objects-normal/x86_64/82b82416624d2658e5098eb0a28c15c5-common-args.resp
    
    /Applications/Xcode.app/Contents/Developer/Toolchains/XcodeDefault.xctoolchain/usr/bin/clang -x c++ -ivfsstatcache /Users/sparkles/Library/Developer/Xcode/DerivedData/SDKStatCaches.noindex/iphonesimulator27.0-24A430-8dc58220667be655e1bcc261a7455254.sdkstatcache -target x86_64-apple-ios17.0-simulator -fmessage-length\=0 -fdiagnostics-show-note-include-stack -fmacro-backtrace-limit\=0 -fno-color-diagnostics -fmodules-prune-interval\=86400 -fmodules-prune-after\=345600 -fbuild-session-file\=/Users/sparkles/Library/Developer/Xcode/DerivedData/ModuleCache.noindex/Session.modulevalidation -fmodules-validate-once-per-build-session -Wnon-modular-include-in-framework-module -Werror\=non-modular-include-in-framework-module -Wno-trigraphs -Wno-missing-field-initializers -Wno-missing-prototypes -Werror\=return-type -Wdocumentation -Wunreachable-code -Werror\=deprecated-objc-isa-usage -Werror\=objc-root-class -Wno-non-virtual-dtor -Wno-overloaded-virtual -Wno-exit-time-destructors -Wno-missing-braces -Wparentheses -Wswitch -Wunused-function -Wno-unused-label -Wno-unused-parameter -Wunused-variable -Wunused-value -Wempty-body -Wuninitialized -Wconditional-uninitialized -Wno-unknown-pragmas -Wno-shadow -Wno-four-char-constants -Wno-conversion -Wconstant-conversion -Wint-conversion -Wbool-conversion -Wenum-conversion -Wno-float-conversion -Wnon-literal-null-conversion -Wobjc-literal-conversion -Wshorten-64-to-32 -Wno-newline-eof -Wno-c++11-extensions -Wno-implicit-fallthrough -isysroot /Applications/Xcode.app/Contents/Developer/Platforms/iPhoneSimulator.platform/Developer/SDKs/iPhoneSimulator27.0.sdk -fstrict-aliasing -Wdeprecated-declarations -Winvalid-offsetof -Wno-sign-conversion -Winfinite-recursion -Wmove -Wcomma -Wblock-capture-autoreleasing -Wstrict-prototypes -Wrange-loop-analysis -Wno-semicolon-before-method-body -Wunguarded-availability -index-store-path /Users/sparkles/Library/Developer/Xcode/DerivedData/Expensio-futtgngxcysvvhcljmosbeftqmyc/Index.noindex/DataStore -Wno-comma -Wno-shorten-64-to-32 -Wno-documentation @/Users/sparkles/Library/Developer/Xcode/DerivedData/Expensio-futtgngxcysvvhcljmosbeftqmyc/Build/Intermediates.noindex/Pods.build/Debug-iphonesimulator/ReactCodegen.build/Objects-normal/x86_64/82b82416624d2658e5098eb0a28c15c5-common-args.resp -DFOLLY_MOBILE\=1 -DFOLLY_USE_LIBCPP\=1 -DFOLLY_CFG_NO_COROUTINES\=1 -DFOLLY_HAVE_CLOCK_GETTIME\=1 -Wno-comma -Wno-shorten-64-to-32 -Wno-documentation -Wno-nullability-completeness -std\=c++20 -include /Users/sparkles/Documents/CodingFiles/FullStack/expensioApp/frontend/ios/Pods/Target\ Support\ Files/ReactCodegen/ReactCodegen-prefix.pch -MMD -MT dependencies -MF /Users/sparkles/Library/Developer/Xcode/DerivedData/Expensio-futtgngxcysvvhcljmosbeftqmyc/Build/Intermediates.noindex/Pods.build/Debug-iphonesimulator/ReactCodegen.build/Objects-normal/x86_64/ComponentDescriptors-153cd5e22ea2e4cd997ac42c421785da.d --serialize-diagnostics /Users/sparkles/Library/Developer/Xcode/DerivedData/Expensio-futtgngxcysvvhcljmosbeftqmyc/Build/Intermediates.noindex/Pods.build/Debug-iphonesimulator/ReactCodegen.build/Objects-normal/x86_64/ComponentDescriptors-153cd5e22ea2e4cd997ac42c421785da.dia -c /Users/sparkles/Documents/CodingFiles/FullStack/expensioApp/frontend/ios/build/generated/ios/ReactCodegen/react/renderer/components/rnpicker/ComponentDescriptors.cpp -o /Users/sparkles/Library/Developer/Xcode/DerivedData/Expensio-futtgngxcysvvhcljmosbeftqmyc/Build/Intermediates.noindex/Pods.build/Debug-iphonesimulator/ReactCodegen.build/Objects-normal/x86_64/ComponentDescriptors-153cd5e22ea2e4cd997ac42c421785da.o -index-unit-output-path /Pods.build/Debug-iphonesimulator/ReactCodegen.build/Objects-normal/x86_64/ComponentDescriptors-153cd5e22ea2e4cd997ac42c421785da.o

CompileC /Users/sparkles/Library/Developer/Xcode/DerivedData/Expensio-futtgngxcysvvhcljmosbeftqmyc/Build/Intermediates.noindex/Pods.build/Debug-iphonesimulator/ReactCodegen.build/Objects-normal/x86_64/AsyncStorageSpec-generated.o /Users/sparkles/Documents/CodingFiles/FullStack/expensioApp/frontend/ios/build/generated/ios/ReactCodegen/AsyncStorageSpec/AsyncStorageSpec-generated.mm normal x86_64 objective-c++ com.apple.compilers.llvm.clang.1_0.compiler (in target 'ReactCodegen' from project 'Pods')
    cd /Users/sparkles/Documents/CodingFiles/FullStack/expensioApp/frontend/ios/Pods
    
    Using response file: /Users/sparkles/Library/Developer/Xcode/DerivedData/Expensio-futtgngxcysvvhcljmosbeftqmyc/Build/Intermediates.noindex/Pods.build/Debug-iphonesimulator/ReactCodegen.build/Objects-normal/x86_64/af3fcb34312c57c0f52879cdce924b91-common-args.resp
    
    /Applications/Xcode.app/Contents/Developer/Toolchains/XcodeDefault.xctoolchain/usr/bin/clang -x objective-c++ -ivfsstatcache /Users/sparkles/Library/Developer/Xcode/DerivedData/SDKStatCaches.noindex/iphonesimulator27.0-24A430-8dc58220667be655e1bcc261a7455254.sdkstatcache -target x86_64-apple-ios17.0-simulator -fmessage-length\=0 -fdiagnostics-show-note-include-stack -fmacro-backtrace-limit\=0 -fno-color-diagnostics -fmodules-prune-interval\=86400 -fmodules-prune-after\=345600 -fbuild-session-file\=/Users/sparkles/Library/Developer/Xcode/DerivedData/ModuleCache.noindex/Session.modulevalidation -fmodules-validate-once-per-build-session -Wnon-modular-include-in-framework-module -Werror\=non-modular-include-in-framework-module -Wno-trigraphs -Wno-missing-field-initializers -Wno-missing-prototypes -Werror\=return-type -Wdocumentation -Wunreachable-code -Wno-implicit-atomic-properties -Werror\=deprecated-objc-isa-usage -Wno-objc-interface-ivars -Werror\=objc-root-class -Wno-arc-repeated-use-of-weak -Wimplicit-retain-self -Wno-non-virtual-dtor -Wno-overloaded-virtual -Wno-exit-time-destructors -Wduplicate-method-match -Wno-missing-braces -Wparentheses -Wswitch -Wunused-function -Wno-unused-label -Wno-unused-parameter -Wunused-variable -Wunused-value -Wempty-body -Wuninitialized -Wconditional-uninitialized -Wno-unknown-pragmas -Wno-shadow -Wno-four-char-constants -Wno-conversion -Wconstant-conversion -Wint-conversion -Wbool-conversion -Wenum-conversion -Wno-float-conversion -Wnon-literal-null-conversion -Wobjc-literal-conversion -Wshorten-64-to-32 -Wno-newline-eof -Wno-selector -Wno-strict-selector-match -Wundeclared-selector -Wdeprecated-implementations -Wno-c++11-extensions -Wno-implicit-fallthrough -isysroot /Applications/Xcode.app/Contents/Developer/Platforms/iPhoneSimulator.platform/Developer/SDKs/iPhoneSimulator27.0.sdk -fstrict-aliasing -Wprotocol -Wdeprecated-declarations -Winvalid-offsetof -Wno-sign-conversion -Winfinite-recursion -Wmove -Wcomma -Wblock-capture-autoreleasing -Wstrict-prototypes -Wrange-loop-analysis -Wno-semicolon-before-method-body -Wunguarded-availability -index-store-path /Users/sparkles/Library/Developer/Xcode/DerivedData/Expensio-futtgngxcysvvhcljmosbeftqmyc/Index.noindex/DataStore -Wno-comma -Wno-shorten-64-to-32 -Wno-documentation @/Users/sparkles/Library/Developer/Xcode/DerivedData/Expensio-futtgngxcysvvhcljmosbeftqmyc/Build/Intermediates.noindex/Pods.build/Debug-iphonesimulator/ReactCodegen.build/Objects-normal/x86_64/af3fcb34312c57c0f52879cdce924b91-common-args.resp -DFOLLY_MOBILE\=1 -DFOLLY_USE_LIBCPP\=1 -DFOLLY_CFG_NO_COROUTINES\=1 -DFOLLY_HAVE_CLOCK_GETTIME\=1 -Wno-comma -Wno-shorten-64-to-32 -Wno-documentation -Wno-nullability-completeness -std\=c++20 -include /Users/sparkles/Documents/CodingFiles/FullStack/expensioApp/frontend/ios/Pods/Target\ Support\ Files/ReactCodegen/ReactCodegen-prefix.pch -MMD -MT dependencies -MF /Users/sparkles/Library/Developer/Xcode/DerivedData/Expensio-futtgngxcysvvhcljmosbeftqmyc/Build/Intermediates.noindex/Pods.build/Debug-iphonesimulator/ReactCodegen.build/Objects-normal/x86_64/AsyncStorageSpec-generated.d --serialize-diagnostics /Users/sparkles/Library/Developer/Xcode/DerivedData/Expensio-futtgngxcysvvhcljmosbeftqmyc/Build/Intermediates.noindex/Pods.build/Debug-iphonesimulator/ReactCodegen.build/Objects-normal/x86_64/AsyncStorageSpec-generated.dia -c /Users/sparkles/Documents/CodingFiles/FullStack/expensioApp/frontend/ios/build/generated/ios/ReactCodegen/AsyncStorageSpec/AsyncStorageSpec-generated.mm -o /Users/sparkles/Library/Developer/Xcode/DerivedData/Expensio-futtgngxcysvvhcljmosbeftqmyc/Build/Intermediates.noindex/Pods.build/Debug-iphonesimulator/ReactCodegen.build/Objects-normal/x86_64/AsyncStorageSpec-generated.o -index-unit-output-path /Pods.build/Debug-iphonesimulator/ReactCodegen.build/Objects-normal/x86_64/AsyncStorageSpec-generated.o

CompileC /Users/sparkles/Library/Developer/Xcode/DerivedData/Expensio-futtgngxcysvvhcljmosbeftqmyc/Build/Intermediates.noindex/Pods.build/Debug-iphonesimulator/ReactCodegen.build/Objects-normal/arm64/safeareacontext-generated.o /Users/sparkles/Documents/CodingFiles/FullStack/expensioApp/frontend/ios/build/generated/ios/ReactCodegen/safeareacontext/safeareacontext-generated.mm normal arm64 objective-c++ com.apple.compilers.llvm.clang.1_0.compiler (in target 'ReactCodegen' from project 'Pods')
    cd /Users/sparkles/Documents/CodingFiles/FullStack/expensioApp/frontend/ios/Pods
    
    Using response file: /Users/sparkles/Library/Developer/Xcode/DerivedData/Expensio-futtgngxcysvvhcljmosbeftqmyc/Build/Intermediates.noindex/Pods.build/Debug-iphonesimulator/ReactCodegen.build/Objects-normal/arm64/af3fcb34312c57c0f52879cdce924b91-common-args.resp
    
    /Applications/Xcode.app/Contents/Developer/Toolchains/XcodeDefault.xctoolchain/usr/bin/clang -x objective-c++ -ivfsstatcache /Users/sparkles/Library/Developer/Xcode/DerivedData/SDKStatCaches.noindex/iphonesimulator27.0-24A430-8dc58220667be655e1bcc261a7455254.sdkstatcache -target arm64-apple-ios17.0-simulator -fmessage-length\=0 -fdiagnostics-show-note-include-stack -fmacro-backtrace-limit\=0 -fno-color-diagnostics -fmodules-prune-interval\=86400 -fmodules-prune-after\=345600 -fbuild-session-file\=/Users/sparkles/Library/Developer/Xcode/DerivedData/ModuleCache.noindex/Session.modulevalidation -fmodules-validate-once-per-build-session -Wnon-modular-include-in-framework-module -Werror\=non-modular-include-in-framework-module -Wno-trigraphs -Wno-missing-field-initializers -Wno-missing-prototypes -Werror\=return-type -Wdocumentation -Wunreachable-code -Wno-implicit-atomic-properties -Werror\=deprecated-objc-isa-usage -Wno-objc-interface-ivars -Werror\=objc-root-class -Wno-arc-repeated-use-of-weak -Wimplicit-retain-self -Wno-non-virtual-dtor -Wno-overloaded-virtual -Wno-exit-time-destructors -Wduplicate-method-match -Wno-missing-braces -Wparentheses -Wswitch -Wunused-function -Wno-unused-label -Wno-unused-parameter -Wunused-variable -Wunused-value -Wempty-body -Wuninitialized -Wconditional-uninitialized -Wno-unknown-pragmas -Wno-shadow -Wno-four-char-constants -Wno-conversion -Wconstant-conversion -Wint-conversion -Wbool-conversion -Wenum-conversion -Wno-float-conversion -Wnon-literal-null-conversion -Wobjc-literal-conversion -Wshorten-64-to-32 -Wno-newline-eof -Wno-selector -Wno-strict-selector-match -Wundeclared-selector -Wdeprecated-implementations -Wno-c++11-extensions -Wno-implicit-fallthrough -isysroot /Applications/Xcode.app/Contents/Developer/Platforms/iPhoneSimulator.platform/Developer/SDKs/iPhoneSimulator27.0.sdk -fstrict-aliasing -Wprotocol -Wdeprecated-declarations -Winvalid-offsetof -Wno-sign-conversion -Winfinite-recursion -Wmove -Wcomma -Wblock-capture-autoreleasing -Wstrict-prototypes -Wrange-loop-analysis -Wno-semicolon-before-method-body -Wunguarded-availability -index-store-path /Users/sparkles/Library/Developer/Xcode/DerivedData/Expensio-futtgngxcysvvhcljmosbeftqmyc/Index.noindex/DataStore -Wno-comma -Wno-shorten-64-to-32 -Wno-documentation @/Users/sparkles/Library/Developer/Xcode/DerivedData/Expensio-futtgngxcysvvhcljmosbeftqmyc/Build/Intermediates.noindex/Pods.build/Debug-iphonesimulator/ReactCodegen.build/Objects-normal/arm64/af3fcb34312c57c0f52879cdce924b91-common-args.resp -DFOLLY_MOBILE\=1 -DFOLLY_USE_LIBCPP\=1 -DFOLLY_CFG_NO_COROUTINES\=1 -DFOLLY_HAVE_CLOCK_GETTIME\=1 -Wno-comma -Wno-shorten-64-to-32 -Wno-documentation -Wno-nullability-completeness -std\=c++20 -include /Users/sparkles/Documents/CodingFiles/FullStack/expensioApp/frontend/ios/Pods/Target\ Support\ Files/ReactCodegen/ReactCodegen-prefix.pch -MMD -MT dependencies -MF /Users/sparkles/Library/Developer/Xcode/DerivedData/Expensio-futtgngxcysvvhcljmosbeftqmyc/Build/Intermediates.noindex/Pods.build/Debug-iphonesimulator/ReactCodegen.build/Objects-normal/arm64/safeareacontext-generated.d --serialize-diagnostics /Users/sparkles/Library/Developer/Xcode/DerivedData/Expensio-futtgngxcysvvhcljmosbeftqmyc/Build/Intermediates.noindex/Pods.build/Debug-iphonesimulator/ReactCodegen.build/Objects-normal/arm64/safeareacontext-generated.dia -c /Users/sparkles/Documents/CodingFiles/FullStack/expensioApp/frontend/ios/build/generated/ios/ReactCodegen/safeareacontext/safeareacontext-generated.mm -o /Users/sparkles/Library/Developer/Xcode/DerivedData/Expensio-futtgngxcysvvhcljmosbeftqmyc/Build/Intermediates.noindex/Pods.build/Debug-iphonesimulator/ReactCodegen.build/Objects-normal/arm64/safeareacontext-generated.o -index-unit-output-path /Pods.build/Debug-iphonesimulator/ReactCodegen.build/Objects-normal/arm64/safeareacontext-generated.o

CompileC /Users/sparkles/Library/Developer/Xcode/DerivedData/Expensio-futtgngxcysvvhcljmosbeftqmyc/Build/Intermediates.noindex/Pods.build/Debug-iphonesimulator/ReactCodegen.build/Objects-normal/arm64/rnsvg-generated.o /Users/sparkles/Documents/CodingFiles/FullStack/expensioApp/frontend/ios/build/generated/ios/ReactCodegen/rnsvg/rnsvg-generated.mm normal arm64 objective-c++ com.apple.compilers.llvm.clang.1_0.compiler (in target 'ReactCodegen' from project 'Pods')
    cd /Users/sparkles/Documents/CodingFiles/FullStack/expensioApp/frontend/ios/Pods
    
    Using response file: /Users/sparkles/Library/Developer/Xcode/DerivedData/Expensio-futtgngxcysvvhcljmosbeftqmyc/Build/Intermediates.noindex/Pods.build/Debug-iphonesimulator/ReactCodegen.build/Objects-normal/arm64/af3fcb34312c57c0f52879cdce924b91-common-args.resp
    
    /Applications/Xcode.app/Contents/Developer/Toolchains/XcodeDefault.xctoolchain/usr/bin/clang -x objective-c++ -ivfsstatcache /Users/sparkles/Library/Developer/Xcode/DerivedData/SDKStatCaches.noindex/iphonesimulator27.0-24A430-8dc58220667be655e1bcc261a7455254.sdkstatcache -target arm64-apple-ios17.0-simulator -fmessage-length\=0 -fdiagnostics-show-note-include-stack -fmacro-backtrace-limit\=0 -fno-color-diagnostics -fmodules-prune-interval\=86400 -fmodules-prune-after\=345600 -fbuild-session-file\=/Users/sparkles/Library/Developer/Xcode/DerivedData/ModuleCache.noindex/Session.modulevalidation -fmodules-validate-once-per-build-session -Wnon-modular-include-in-framework-module -Werror\=non-modular-include-in-framework-module -Wno-trigraphs -Wno-missing-field-initializers -Wno-missing-prototypes -Werror\=return-type -Wdocumentation -Wunreachable-code -Wno-implicit-atomic-properties -Werror\=deprecated-objc-isa-usage -Wno-objc-interface-ivars -Werror\=objc-root-class -Wno-arc-repeated-use-of-weak -Wimplicit-retain-self -Wno-non-virtual-dtor -Wno-overloaded-virtual -Wno-exit-time-destructors -Wduplicate-method-match -Wno-missing-braces -Wparentheses -Wswitch -Wunused-function -Wno-unused-label -Wno-unused-parameter -Wunused-variable -Wunused-value -Wempty-body -Wuninitialized -Wconditional-uninitialized -Wno-unknown-pragmas -Wno-shadow -Wno-four-char-constants -Wno-conversion -Wconstant-conversion -Wint-conversion -Wbool-conversion -Wenum-conversion -Wno-float-conversion -Wnon-literal-null-conversion -Wobjc-literal-conversion -Wshorten-64-to-32 -Wno-newline-eof -Wno-selector -Wno-strict-selector-match -Wundeclared-selector -Wdeprecated-implementations -Wno-c++11-extensions -Wno-implicit-fallthrough -isysroot /Applications/Xcode.app/Contents/Developer/Platforms/iPhoneSimulator.platform/Developer/SDKs/iPhoneSimulator27.0.sdk -fstrict-aliasing -Wprotocol -Wdeprecated-declarations -Winvalid-offsetof -Wno-sign-conversion -Winfinite-recursion -Wmove -Wcomma -Wblock-capture-autoreleasing -Wstrict-prototypes -Wrange-loop-analysis -Wno-semicolon-before-method-body -Wunguarded-availability -index-store-path /Users/sparkles/Library/Developer/Xcode/DerivedData/Expensio-futtgngxcysvvhcljmosbeftqmyc/Index.noindex/DataStore -Wno-comma -Wno-shorten-64-to-32 -Wno-documentation @/Users/sparkles/Library/Developer/Xcode/DerivedData/Expensio-futtgngxcysvvhcljmosbeftqmyc/Build/Intermediates.noindex/Pods.build/Debug-iphonesimulator/ReactCodegen.build/Objects-normal/arm64/af3fcb34312c57c0f52879cdce924b91-common-args.resp -DFOLLY_MOBILE\=1 -DFOLLY_USE_LIBCPP\=1 -DFOLLY_CFG_NO_COROUTINES\=1 -DFOLLY_HAVE_CLOCK_GETTIME\=1 -Wno-comma -Wno-shorten-64-to-32 -Wno-documentation -Wno-nullability-completeness -std\=c++20 -include /Users/sparkles/Documents/CodingFiles/FullStack/expensioApp/frontend/ios/Pods/Target\ Support\ Files/ReactCodegen/ReactCodegen-prefix.pch -MMD -MT dependencies -MF /Users/sparkles/Library/Developer/Xcode/DerivedData/Expensio-futtgngxcysvvhcljmosbeftqmyc/Build/Intermediates.noindex/Pods.build/Debug-iphonesimulator/ReactCodegen.build/Objects-normal/arm64/rnsvg-generated.d --serialize-diagnostics /Users/sparkles/Library/Developer/Xcode/DerivedData/Expensio-futtgngxcysvvhcljmosbeftqmyc/Build/Intermediates.noindex/Pods.build/Debug-iphonesimulator/ReactCodegen.build/Objects-normal/arm64/rnsvg-generated.dia -c /Users/sparkles/Documents/CodingFiles/FullStack/expensioApp/frontend/ios/build/generated/ios/ReactCodegen/rnsvg/rnsvg-generated.mm -o /Users/sparkles/Library/Developer/Xcode/DerivedData/Expensio-futtgngxcysvvhcljmosbeftqmyc/Build/Intermediates.noindex/Pods.build/Debug-iphonesimulator/ReactCodegen.build/Objects-normal/arm64/rnsvg-generated.o -index-unit-output-path /Pods.build/Debug-iphonesimulator/ReactCodegen.build/Objects-normal/arm64/rnsvg-generated.o

CompileC /Users/sparkles/Library/Developer/Xcode/DerivedData/Expensio-futtgngxcysvvhcljmosbeftqmyc/Build/Intermediates.noindex/Pods.build/Debug-iphonesimulator/ReactCodegen.build/Objects-normal/arm64/rnscreens-generated.o /Users/sparkles/Documents/CodingFiles/FullStack/expensioApp/frontend/ios/build/generated/ios/ReactCodegen/rnscreens/rnscreens-generated.mm normal arm64 objective-c++ com.apple.compilers.llvm.clang.1_0.compiler (in target 'ReactCodegen' from project 'Pods')
    cd /Users/sparkles/Documents/CodingFiles/FullStack/expensioApp/frontend/ios/Pods
    
    Using response file: /Users/sparkles/Library/Developer/Xcode/DerivedData/Expensio-futtgngxcysvvhcljmosbeftqmyc/Build/Intermediates.noindex/Pods.build/Debug-iphonesimulator/ReactCodegen.build/Objects-normal/arm64/af3fcb34312c57c0f52879cdce924b91-common-args.resp
    
    /Applications/Xcode.app/Contents/Developer/Toolchains/XcodeDefault.xctoolchain/usr/bin/clang -x objective-c++ -ivfsstatcache /Users/sparkles/Library/Developer/Xcode/DerivedData/SDKStatCaches.noindex/iphonesimulator27.0-24A430-8dc58220667be655e1bcc261a7455254.sdkstatcache -target arm64-apple-ios17.0-simulator -fmessage-length\=0 -fdiagnostics-show-note-include-stack -fmacro-backtrace-limit\=0 -fno-color-diagnostics -fmodules-prune-interval\=86400 -fmodules-prune-after\=345600 -fbuild-session-file\=/Users/sparkles/Library/Developer/Xcode/DerivedData/ModuleCache.noindex/Session.modulevalidation -fmodules-validate-once-per-build-session -Wnon-modular-include-in-framework-module -Werror\=non-modular-include-in-framework-module -Wno-trigraphs -Wno-missing-field-initializers -Wno-missing-prototypes -Werror\=return-type -Wdocumentation -Wunreachable-code -Wno-implicit-atomic-properties -Werror\=deprecated-objc-isa-usage -Wno-objc-interface-ivars -Werror\=objc-root-class -Wno-arc-repeated-use-of-weak -Wimplicit-retain-self -Wno-non-virtual-dtor -Wno-overloaded-virtual -Wno-exit-time-destructors -Wduplicate-method-match -Wno-missing-braces -Wparentheses -Wswitch -Wunused-function -Wno-unused-label -Wno-unused-parameter -Wunused-variable -Wunused-value -Wempty-body -Wuninitialized -Wconditional-uninitialized -Wno-unknown-pragmas -Wno-shadow -Wno-four-char-constants -Wno-conversion -Wconstant-conversion -Wint-conversion -Wbool-conversion -Wenum-conversion -Wno-float-conversion -Wnon-literal-null-conversion -Wobjc-literal-conversion -Wshorten-64-to-32 -Wno-newline-eof -Wno-selector -Wno-strict-selector-match -Wundeclared-selector -Wdeprecated-implementations -Wno-c++11-extensions -Wno-implicit-fallthrough -isysroot /Applications/Xcode.app/Contents/Developer/Platforms/iPhoneSimulator.platform/Developer/SDKs/iPhoneSimulator27.0.sdk -fstrict-aliasing -Wprotocol -Wdeprecated-declarations -Winvalid-offsetof -Wno-sign-conversion -Winfinite-recursion -Wmove -Wcomma -Wblock-capture-autoreleasing -Wstrict-prototypes -Wrange-loop-analysis -Wno-semicolon-before-method-body -Wunguarded-availability -index-store-path /Users/sparkles/Library/Developer/Xcode/DerivedData/Expensio-futtgngxcysvvhcljmosbeftqmyc/Index.noindex/DataStore -Wno-comma -Wno-shorten-64-to-32 -Wno-documentation @/Users/sparkles/Library/Developer/Xcode/DerivedData/Expensio-futtgngxcysvvhcljmosbeftqmyc/Build/Intermediates.noindex/Pods.build/Debug-iphonesimulator/ReactCodegen.build/Objects-normal/arm64/af3fcb34312c57c0f52879cdce924b91-common-args.resp -DFOLLY_MOBILE\=1 -DFOLLY_USE_LIBCPP\=1 -DFOLLY_CFG_NO_COROUTINES\=1 -DFOLLY_HAVE_CLOCK_GETTIME\=1 -Wno-comma -Wno-shorten-64-to-32 -Wno-documentation -Wno-nullability-completeness -std\=c++20 -include /Users/sparkles/Documents/CodingFiles/FullStack/expensioApp/frontend/ios/Pods/Target\ Support\ Files/ReactCodegen/ReactCodegen-prefix.pch -MMD -MT dependencies -MF /Users/sparkles/Library/Developer/Xcode/DerivedData/Expensio-futtgngxcysvvhcljmosbeftqmyc/Build/Intermediates.noindex/Pods.build/Debug-iphonesimulator/ReactCodegen.build/Objects-normal/arm64/rnscreens-generated.d --serialize-diagnostics /Users/sparkles/Library/Developer/Xcode/DerivedData/Expensio-futtgngxcysvvhcljmosbeftqmyc/Build/Intermediates.noindex/Pods.build/Debug-iphonesimulator/ReactCodegen.build/Objects-normal/arm64/rnscreens-generated.dia -c /Users/sparkles/Documents/CodingFiles/FullStack/expensioApp/frontend/ios/build/generated/ios/ReactCodegen/rnscreens/rnscreens-generated.mm -o /Users/sparkles/Library/Developer/Xcode/DerivedData/Expensio-futtgngxcysvvhcljmosbeftqmyc/Build/Intermediates.noindex/Pods.build/Debug-iphonesimulator/ReactCodegen.build/Objects-normal/arm64/rnscreens-generated.o -index-unit-output-path /Pods.build/Debug-iphonesimulator/ReactCodegen.build/Objects-normal/arm64/rnscreens-generated.o

CompileC /Users/sparkles/Library/Developer/Xcode/DerivedData/Expensio-futtgngxcysvvhcljmosbeftqmyc/Build/Intermediates.noindex/Pods.build/Debug-iphonesimulator/ReactCodegen.build/Objects-normal/arm64/States-68925216a545081d5fb8998fe855a677.o /Users/sparkles/Documents/CodingFiles/FullStack/expensioApp/frontend/ios/build/generated/ios/ReactCodegen/react/renderer/components/safeareacontext/States.cpp normal arm64 c++ com.apple.compilers.llvm.clang.1_0.compiler (in target 'ReactCodegen' from project 'Pods')
    cd /Users/sparkles/Documents/CodingFiles/FullStack/expensioApp/frontend/ios/Pods
    
    Using response file: /Users/sparkles/Library/Developer/Xcode/DerivedData/Expensio-futtgngxcysvvhcljmosbeftqmyc/Build/Intermediates.noindex/Pods.build/Debug-iphonesimulator/ReactCodegen.build/Objects-normal/arm64/82b82416624d2658e5098eb0a28c15c5-common-args.resp
    
    /Applications/Xcode.app/Contents/Developer/Toolchains/XcodeDefault.xctoolchain/usr/bin/clang -x c++ -ivfsstatcache /Users/sparkles/Library/Developer/Xcode/DerivedData/SDKStatCaches.noindex/iphonesimulator27.0-24A430-8dc58220667be655e1bcc261a7455254.sdkstatcache -target arm64-apple-ios17.0-simulator -fmessage-length\=0 -fdiagnostics-show-note-include-stack -fmacro-backtrace-limit\=0 -fno-color-diagnostics -fmodules-prune-interval\=86400 -fmodules-prune-after\=345600 -fbuild-session-file\=/Users/sparkles/Library/Developer/Xcode/DerivedData/ModuleCache.noindex/Session.modulevalidation -fmodules-validate-once-per-build-session -Wnon-modular-include-in-framework-module -Werror\=non-modular-include-in-framework-module -Wno-trigraphs -Wno-missing-field-initializers -Wno-missing-prototypes -Werror\=return-type -Wdocumentation -Wunreachable-code -Werror\=deprecated-objc-isa-usage -Werror\=objc-root-class -Wno-non-virtual-dtor -Wno-overloaded-virtual -Wno-exit-time-destructors -Wno-missing-braces -Wparentheses -Wswitch -Wunused-function -Wno-unused-label -Wno-unused-parameter -Wunused-variable -Wunused-value -Wempty-body -Wuninitialized -Wconditional-uninitialized -Wno-unknown-pragmas -Wno-shadow -Wno-four-char-constants -Wno-conversion -Wconstant-conversion -Wint-conversion -Wbool-conversion -Wenum-conversion -Wno-float-conversion -Wnon-literal-null-conversion -Wobjc-literal-conversion -Wshorten-64-to-32 -Wno-newline-eof -Wno-c++11-extensions -Wno-implicit-fallthrough -isysroot /Applications/Xcode.app/Contents/Developer/Platforms/iPhoneSimulator.platform/Developer/SDKs/iPhoneSimulator27.0.sdk -fstrict-aliasing -Wdeprecated-declarations -Winvalid-offsetof -Wno-sign-conversion -Winfinite-recursion -Wmove -Wcomma -Wblock-capture-autoreleasing -Wstrict-prototypes -Wrange-loop-analysis -Wno-semicolon-before-method-body -Wunguarded-availability -index-store-path /Users/sparkles/Library/Developer/Xcode/DerivedData/Expensio-futtgngxcysvvhcljmosbeftqmyc/Index.noindex/DataStore -Wno-comma -Wno-shorten-64-to-32 -Wno-documentation @/Users/sparkles/Library/Developer/Xcode/DerivedData/Expensio-futtgngxcysvvhcljmosbeftqmyc/Build/Intermediates.noindex/Pods.build/Debug-iphonesimulator/ReactCodegen.build/Objects-normal/arm64/82b82416624d2658e5098eb0a28c15c5-common-args.resp -DFOLLY_MOBILE\=1 -DFOLLY_USE_LIBCPP\=1 -DFOLLY_CFG_NO_COROUTINES\=1 -DFOLLY_HAVE_CLOCK_GETTIME\=1 -Wno-comma -Wno-shorten-64-to-32 -Wno-documentation -Wno-nullability-completeness -std\=c++20 -include /Users/sparkles/Documents/CodingFiles/FullStack/expensioApp/frontend/ios/Pods/Target\ Support\ Files/ReactCodegen/ReactCodegen-prefix.pch -MMD -MT dependencies -MF /Users/sparkles/Library/Developer/Xcode/DerivedData/Expensio-futtgngxcysvvhcljmosbeftqmyc/Build/Intermediates.noindex/Pods.build/Debug-iphonesimulator/ReactCodegen.build/Objects-normal/arm64/States-68925216a545081d5fb8998fe855a677.d --serialize-diagnostics /Users/sparkles/Library/Developer/Xcode/DerivedData/Expensio-futtgngxcysvvhcljmosbeftqmyc/Build/Intermediates.noindex/Pods.build/Debug-iphonesimulator/ReactCodegen.build/Objects-normal/arm64/States-68925216a545081d5fb8998fe855a677.dia -c /Users/sparkles/Documents/CodingFiles/FullStack/expensioApp/frontend/ios/build/generated/ios/ReactCodegen/react/renderer/components/safeareacontext/States.cpp -o /Users/sparkles/Library/Developer/Xcode/DerivedData/Expensio-futtgngxcysvvhcljmosbeftqmyc/Build/Intermediates.noindex/Pods.build/Debug-iphonesimulator/ReactCodegen.build/Objects-normal/arm64/States-68925216a545081d5fb8998fe855a677.o -index-unit-output-path /Pods.build/Debug-iphonesimulator/ReactCodegen.build/Objects-normal/arm64/States-68925216a545081d5fb8998fe855a677.o

CompileC /Users/sparkles/Library/Developer/Xcode/DerivedData/Expensio-futtgngxcysvvhcljmosbeftqmyc/Build/Intermediates.noindex/Pods.build/Debug-iphonesimulator/ReactCodegen.build/Objects-normal/arm64/States-62eeb055a41ae30a3af2a50abbabc384.o /Users/sparkles/Documents/CodingFiles/FullStack/expensioApp/frontend/ios/build/generated/ios/ReactCodegen/react/renderer/components/rnscreens/States.cpp normal arm64 c++ com.apple.compilers.llvm.clang.1_0.compiler (in target 'ReactCodegen' from project 'Pods')
    cd /Users/sparkles/Documents/CodingFiles/FullStack/expensioApp/frontend/ios/Pods
    
    Using response file: /Users/sparkles/Library/Developer/Xcode/DerivedData/Expensio-futtgngxcysvvhcljmosbeftqmyc/Build/Intermediates.noindex/Pods.build/Debug-iphonesimulator/ReactCodegen.build/Objects-normal/arm64/82b82416624d2658e5098eb0a28c15c5-common-args.resp
    
    /Applications/Xcode.app/Contents/Developer/Toolchains/XcodeDefault.xctoolchain/usr/bin/clang -x c++ -ivfsstatcache /Users/sparkles/Library/Developer/Xcode/DerivedData/SDKStatCaches.noindex/iphonesimulator27.0-24A430-8dc58220667be655e1bcc261a7455254.sdkstatcache -target arm64-apple-ios17.0-simulator -fmessage-length\=0 -fdiagnostics-show-note-include-stack -fmacro-backtrace-limit\=0 -fno-color-diagnostics -fmodules-prune-interval\=86400 -fmodules-prune-after\=345600 -fbuild-session-file\=/Users/sparkles/Library/Developer/Xcode/DerivedData/ModuleCache.noindex/Session.modulevalidation -fmodules-validate-once-per-build-session -Wnon-modular-include-in-framework-module -Werror\=non-modular-include-in-framework-module -Wno-trigraphs -Wno-missing-field-initializers -Wno-missing-prototypes -Werror\=return-type -Wdocumentation -Wunreachable-code -Werror\=deprecated-objc-isa-usage -Werror\=objc-root-class -Wno-non-virtual-dtor -Wno-overloaded-virtual -Wno-exit-time-destructors -Wno-missing-braces -Wparentheses -Wswitch -Wunused-function -Wno-unused-label -Wno-unused-parameter -Wunused-variable -Wunused-value -Wempty-body -Wuninitialized -Wconditional-uninitialized -Wno-unknown-pragmas -Wno-shadow -Wno-four-char-constants -Wno-conversion -Wconstant-conversion -Wint-conversion -Wbool-conversion -Wenum-conversion -Wno-float-conversion -Wnon-literal-null-conversion -Wobjc-literal-conversion -Wshorten-64-to-32 -Wno-newline-eof -Wno-c++11-extensions -Wno-implicit-fallthrough -isysroot /Applications/Xcode.app/Contents/Developer/Platforms/iPhoneSimulator.platform/Developer/SDKs/iPhoneSimulator27.0.sdk -fstrict-aliasing -Wdeprecated-declarations -Winvalid-offsetof -Wno-sign-conversion -Winfinite-recursion -Wmove -Wcomma -Wblock-capture-autoreleasing -Wstrict-prototypes -Wrange-loop-analysis -Wno-semicolon-before-method-body -Wunguarded-availability -index-store-path /Users/sparkles/Library/Developer/Xcode/DerivedData/Expensio-futtgngxcysvvhcljmosbeftqmyc/Index.noindex/DataStore -Wno-comma -Wno-shorten-64-to-32 -Wno-documentation @/Users/sparkles/Library/Developer/Xcode/DerivedData/Expensio-futtgngxcysvvhcljmosbeftqmyc/Build/Intermediates.noindex/Pods.build/Debug-iphonesimulator/ReactCodegen.build/Objects-normal/arm64/82b82416624d2658e5098eb0a28c15c5-common-args.resp -DFOLLY_MOBILE\=1 -DFOLLY_USE_LIBCPP\=1 -DFOLLY_CFG_NO_COROUTINES\=1 -DFOLLY_HAVE_CLOCK_GETTIME\=1 -Wno-comma -Wno-shorten-64-to-32 -Wno-documentation -Wno-nullability-completeness -std\=c++20 -include /Users/sparkles/Documents/CodingFiles/FullStack/expensioApp/frontend/ios/Pods/Target\ Support\ Files/ReactCodegen/ReactCodegen-prefix.pch -MMD -MT dependencies -MF /Users/sparkles/Library/Developer/Xcode/DerivedData/Expensio-futtgngxcysvvhcljmosbeftqmyc/Build/Intermediates.noindex/Pods.build/Debug-iphonesimulator/ReactCodegen.build/Objects-normal/arm64/States-62eeb055a41ae30a3af2a50abbabc384.d --serialize-diagnostics /Users/sparkles/Library/Developer/Xcode/DerivedData/Expensio-futtgngxcysvvhcljmosbeftqmyc/Build/Intermediates.noindex/Pods.build/Debug-iphonesimulator/ReactCodegen.build/Objects-normal/arm64/States-62eeb055a41ae30a3af2a50abbabc384.dia -c /Users/sparkles/Documents/CodingFiles/FullStack/expensioApp/frontend/ios/build/generated/ios/ReactCodegen/react/renderer/components/rnscreens/States.cpp -o /Users/sparkles/Library/Developer/Xcode/DerivedData/Expensio-futtgngxcysvvhcljmosbeftqmyc/Build/Intermediates.noindex/Pods.build/Debug-iphonesimulator/ReactCodegen.build/Objects-normal/arm64/States-62eeb055a41ae30a3af2a50abbabc384.o -index-unit-output-path /Pods.build/Debug-iphonesimulator/ReactCodegen.build/Objects-normal/arm64/States-62eeb055a41ae30a3af2a50abbabc384.o

CompileC /Users/sparkles/Library/Developer/Xcode/DerivedData/Expensio-futtgngxcysvvhcljmosbeftqmyc/Build/Intermediates.noindex/Pods.build/Debug-iphonesimulator/ReactCodegen.build/Objects-normal/arm64/States-5cf51be180c87a71fc8581d295f81820.o /Users/sparkles/Documents/CodingFiles/FullStack/expensioApp/frontend/ios/build/generated/ios/ReactCodegen/react/renderer/components/rnpicker/States.cpp normal arm64 c++ com.apple.compilers.llvm.clang.1_0.compiler (in target 'ReactCodegen' from project 'Pods')
    cd /Users/sparkles/Documents/CodingFiles/FullStack/expensioApp/frontend/ios/Pods
    
    Using response file: /Users/sparkles/Library/Developer/Xcode/DerivedData/Expensio-futtgngxcysvvhcljmosbeftqmyc/Build/Intermediates.noindex/Pods.build/Debug-iphonesimulator/ReactCodegen.build/Objects-normal/arm64/82b82416624d2658e5098eb0a28c15c5-common-args.resp
    
    /Applications/Xcode.app/Contents/Developer/Toolchains/XcodeDefault.xctoolchain/usr/bin/clang -x c++ -ivfsstatcache /Users/sparkles/Library/Developer/Xcode/DerivedData/SDKStatCaches.noindex/iphonesimulator27.0-24A430-8dc58220667be655e1bcc261a7455254.sdkstatcache -target arm64-apple-ios17.0-simulator -fmessage-length\=0 -fdiagnostics-show-note-include-stack -fmacro-backtrace-limit\=0 -fno-color-diagnostics -fmodules-prune-interval\=86400 -fmodules-prune-after\=345600 -fbuild-session-file\=/Users/sparkles/Library/Developer/Xcode/DerivedData/ModuleCache.noindex/Session.modulevalidation -fmodules-validate-once-per-build-session -Wnon-modular-include-in-framework-module -Werror\=non-modular-include-in-framework-module -Wno-trigraphs -Wno-missing-field-initializers -Wno-missing-prototypes -Werror\=return-type -Wdocumentation -Wunreachable-code -Werror\=deprecated-objc-isa-usage -Werror\=objc-root-class -Wno-non-virtual-dtor -Wno-overloaded-virtual -Wno-exit-time-destructors -Wno-missing-braces -Wparentheses -Wswitch -Wunused-function -Wno-unused-label -Wno-unused-parameter -Wunused-variable -Wunused-value -Wempty-body -Wuninitialized -Wconditional-uninitialized -Wno-unknown-pragmas -Wno-shadow -Wno-four-char-constants -Wno-conversion -Wconstant-conversion -Wint-conversion -Wbool-conversion -Wenum-conversion -Wno-float-conversion -Wnon-literal-null-conversion -Wobjc-literal-conversion -Wshorten-64-to-32 -Wno-newline-eof -Wno-c++11-extensions -Wno-implicit-fallthrough -isysroot /Applications/Xcode.app/Contents/Developer/Platforms/iPhoneSimulator.platform/Developer/SDKs/iPhoneSimulator27.0.sdk -fstrict-aliasing -Wdeprecated-declarations -Winvalid-offsetof -Wno-sign-conversion -Winfinite-recursion -Wmove -Wcomma -Wblock-capture-autoreleasing -Wstrict-prototypes -Wrange-loop-analysis -Wno-semicolon-before-method-body -Wunguarded-availability -index-store-path /Users/sparkles/Library/Developer/Xcode/DerivedData/Expensio-futtgngxcysvvhcljmosbeftqmyc/Index.noindex/DataStore -Wno-comma -Wno-shorten-64-to-32 -Wno-documentation @/Users/sparkles/Library/Developer/Xcode/DerivedData/Expensio-futtgngxcysvvhcljmosbeftqmyc/Build/Intermediates.noindex/Pods.build/Debug-iphonesimulator/ReactCodegen.build/Objects-normal/arm64/82b82416624d2658e5098eb0a28c15c5-common-args.resp -DFOLLY_MOBILE\=1 -DFOLLY_USE_LIBCPP\=1 -DFOLLY_CFG_NO_COROUTINES\=1 -DFOLLY_HAVE_CLOCK_GETTIME\=1 -Wno-comma -Wno-shorten-64-to-32 -Wno-documentation -Wno-nullability-completeness -std\=c++20 -include /Users/sparkles/Documents/CodingFiles/FullStack/expensioApp/frontend/ios/Pods/Target\ Support\ Files/ReactCodegen/ReactCodegen-prefix.pch -MMD -MT dependencies -MF /Users/sparkles/Library/Developer/Xcode/DerivedData/Expensio-futtgngxcysvvhcljmosbeftqmyc/Build/Intermediates.noindex/Pods.build/Debug-iphonesimulator/ReactCodegen.build/Objects-normal/arm64/States-5cf51be180c87a71fc8581d295f81820.d --serialize-diagnostics /Users/sparkles/Library/Developer/Xcode/DerivedData/Expensio-futtgngxcysvvhcljmosbeftqmyc/Build/Intermediates.noindex/Pods.build/Debug-iphonesimulator/ReactCodegen.build/Objects-normal/arm64/States-5cf51be180c87a71fc8581d295f81820.dia -c /Users/sparkles/Documents/CodingFiles/FullStack/expensioApp/frontend/ios/build/generated/ios/ReactCodegen/react/renderer/components/rnpicker/States.cpp -o /Users/sparkles/Library/Developer/Xcode/DerivedData/Expensio-futtgngxcysvvhcljmosbeftqmyc/Build/Intermediates.noindex/Pods.build/Debug-iphonesimulator/ReactCodegen.build/Objects-normal/arm64/States-5cf51be180c87a71fc8581d295f81820.o -index-unit-output-path /Pods.build/Debug-iphonesimulator/ReactCodegen.build/Objects-normal/arm64/States-5cf51be180c87a71fc8581d295f81820.o

CompileC /Users/sparkles/Library/Developer/Xcode/DerivedData/Expensio-futtgngxcysvvhcljmosbeftqmyc/Build/Intermediates.noindex/Pods.build/Debug-iphonesimulator/ReactCodegen.build/Objects-normal/arm64/States-1622a9a72b00f2fdea4f1030a8018d16.o /Users/sparkles/Documents/CodingFiles/FullStack/expensioApp/frontend/ios/build/generated/ios/ReactCodegen/react/renderer/components/rnsvg/States.cpp normal arm64 c++ com.apple.compilers.llvm.clang.1_0.compiler (in target 'ReactCodegen' from project 'Pods')
    cd /Users/sparkles/Documents/CodingFiles/FullStack/expensioApp/frontend/ios/Pods
    
    Using response file: /Users/sparkles/Library/Developer/Xcode/DerivedData/Expensio-futtgngxcysvvhcljmosbeftqmyc/Build/Intermediates.noindex/Pods.build/Debug-iphonesimulator/ReactCodegen.build/Objects-normal/arm64/82b82416624d2658e5098eb0a28c15c5-common-args.resp
    
    /Applications/Xcode.app/Contents/Developer/Toolchains/XcodeDefault.xctoolchain/usr/bin/clang -x c++ -ivfsstatcache /Users/sparkles/Library/Developer/Xcode/DerivedData/SDKStatCaches.noindex/iphonesimulator27.0-24A430-8dc58220667be655e1bcc261a7455254.sdkstatcache -target arm64-apple-ios17.0-simulator -fmessage-length\=0 -fdiagnostics-show-note-include-stack -fmacro-backtrace-limit\=0 -fno-color-diagnostics -fmodules-prune-interval\=86400 -fmodules-prune-after\=345600 -fbuild-session-file\=/Users/sparkles/Library/Developer/Xcode/DerivedData/ModuleCache.noindex/Session.modulevalidation -fmodules-validate-once-per-build-session -Wnon-modular-include-in-framework-module -Werror\=non-modular-include-in-framework-module -Wno-trigraphs -Wno-missing-field-initializers -Wno-missing-prototypes -Werror\=return-type -Wdocumentation -Wunreachable-code -Werror\=deprecated-objc-isa-usage -Werror\=objc-root-class -Wno-non-virtual-dtor -Wno-overloaded-virtual -Wno-exit-time-destructors -Wno-missing-braces -Wparentheses -Wswitch -Wunused-function -Wno-unused-label -Wno-unused-parameter -Wunused-variable -Wunused-value -Wempty-body -Wuninitialized -Wconditional-uninitialized -Wno-unknown-pragmas -Wno-shadow -Wno-four-char-constants -Wno-conversion -Wconstant-conversion -Wint-conversion -Wbool-conversion -Wenum-conversion -Wno-float-conversion -Wnon-literal-null-conversion -Wobjc-literal-conversion -Wshorten-64-to-32 -Wno-newline-eof -Wno-c++11-extensions -Wno-implicit-fallthrough -isysroot /Applications/Xcode.app/Contents/Developer/Platforms/iPhoneSimulator.platform/Developer/SDKs/iPhoneSimulator27.0.sdk -fstrict-aliasing -Wdeprecated-declarations -Winvalid-offsetof -Wno-sign-conversion -Winfinite-recursion -Wmove -Wcomma -Wblock-capture-autoreleasing -Wstrict-prototypes -Wrange-loop-analysis -Wno-semicolon-before-method-body -Wunguarded-availability -index-store-path /Users/sparkles/Library/Developer/Xcode/DerivedData/Expensio-futtgngxcysvvhcljmosbeftqmyc/Index.noindex/DataStore -Wno-comma -Wno-shorten-64-to-32 -Wno-documentation @/Users/sparkles/Library/Developer/Xcode/DerivedData/Expensio-futtgngxcysvvhcljmosbeftqmyc/Build/Intermediates.noindex/Pods.build/Debug-iphonesimulator/ReactCodegen.build/Objects-normal/arm64/82b82416624d2658e5098eb0a28c15c5-common-args.resp -DFOLLY_MOBILE\=1 -DFOLLY_USE_LIBCPP\=1 -DFOLLY_CFG_NO_COROUTINES\=1 -DFOLLY_HAVE_CLOCK_GETTIME\=1 -Wno-comma -Wno-shorten-64-to-32 -Wno-documentation -Wno-nullability-completeness -std\=c++20 -include /Users/sparkles/Documents/CodingFiles/FullStack/expensioApp/frontend/ios/Pods/Target\ Support\ Files/ReactCodegen/ReactCodegen-prefix.pch -MMD -MT dependencies -MF /Users/sparkles/Library/Developer/Xcode/DerivedData/Expensio-futtgngxcysvvhcljmosbeftqmyc/Build/Intermediates.noindex/Pods.build/Debug-iphonesimulator/ReactCodegen.build/Objects-normal/arm64/States-1622a9a72b00f2fdea4f1030a8018d16.d --serialize-diagnostics /Users/sparkles/Library/Developer/Xcode/DerivedData/Expensio-futtgngxcysvvhcljmosbeftqmyc/Build/Intermediates.noindex/Pods.build/Debug-iphonesimulator/ReactCodegen.build/Objects-normal/arm64/States-1622a9a72b00f2fdea4f1030a8018d16.dia -c /Users/sparkles/Documents/CodingFiles/FullStack/expensioApp/frontend/ios/build/generated/ios/ReactCodegen/react/renderer/components/rnsvg/States.cpp -o /Users/sparkles/Library/Developer/Xcode/DerivedData/Expensio-futtgngxcysvvhcljmosbeftqmyc/Build/Intermediates.noindex/Pods.build/Debug-iphonesimulator/ReactCodegen.build/Objects-normal/arm64/States-1622a9a72b00f2fdea4f1030a8018d16.o -index-unit-output-path /Pods.build/Debug-iphonesimulator/ReactCodegen.build/Objects-normal/arm64/States-1622a9a72b00f2fdea4f1030a8018d16.o

CompileC /Users/sparkles/Library/Developer/Xcode/DerivedData/Expensio-futtgngxcysvvhcljmosbeftqmyc/Build/Intermediates.noindex/Pods.build/Debug-iphonesimulator/ReactCodegen.build/Objects-normal/arm64/ShadowNodes-d8a760ca812cc2639755274a464aa02b.o /Users/sparkles/Documents/CodingFiles/FullStack/expensioApp/frontend/ios/build/generated/ios/ReactCodegen/react/renderer/components/rnpicker/ShadowNodes.cpp normal arm64 c++ com.apple.compilers.llvm.clang.1_0.compiler (in target 'ReactCodegen' from project 'Pods')
    cd /Users/sparkles/Documents/CodingFiles/FullStack/expensioApp/frontend/ios/Pods
    
    Using response file: /Users/sparkles/Library/Developer/Xcode/DerivedData/Expensio-futtgngxcysvvhcljmosbeftqmyc/Build/Intermediates.noindex/Pods.build/Debug-iphonesimulator/ReactCodegen.build/Objects-normal/arm64/82b82416624d2658e5098eb0a28c15c5-common-args.resp
    
    /Applications/Xcode.app/Contents/Developer/Toolchains/XcodeDefault.xctoolchain/usr/bin/clang -x c++ -ivfsstatcache /Users/sparkles/Library/Developer/Xcode/DerivedData/SDKStatCaches.noindex/iphonesimulator27.0-24A430-8dc58220667be655e1bcc261a7455254.sdkstatcache -target arm64-apple-ios17.0-simulator -fmessage-length\=0 -fdiagnostics-show-note-include-stack -fmacro-backtrace-limit\=0 -fno-color-diagnostics -fmodules-prune-interval\=86400 -fmodules-prune-after\=345600 -fbuild-session-file\=/Users/sparkles/Library/Developer/Xcode/DerivedData/ModuleCache.noindex/Session.modulevalidation -fmodules-validate-once-per-build-session -Wnon-modular-include-in-framework-module -Werror\=non-modular-include-in-framework-module -Wno-trigraphs -Wno-missing-field-initializers -Wno-missing-prototypes -Werror\=return-type -Wdocumentation -Wunreachable-code -Werror\=deprecated-objc-isa-usage -Werror\=objc-root-class -Wno-non-virtual-dtor -Wno-overloaded-virtual -Wno-exit-time-destructors -Wno-missing-braces -Wparentheses -Wswitch -Wunused-function -Wno-unused-label -Wno-unused-parameter -Wunused-variable -Wunused-value -Wempty-body -Wuninitialized -Wconditional-uninitialized -Wno-unknown-pragmas -Wno-shadow -Wno-four-char-constants -Wno-conversion -Wconstant-conversion -Wint-conversion -Wbool-conversion -Wenum-conversion -Wno-float-conversion -Wnon-literal-null-conversion -Wobjc-literal-conversion -Wshorten-64-to-32 -Wno-newline-eof -Wno-c++11-extensions -Wno-implicit-fallthrough -isysroot /Applications/Xcode.app/Contents/Developer/Platforms/iPhoneSimulator.platform/Developer/SDKs/iPhoneSimulator27.0.sdk -fstrict-aliasing -Wdeprecated-declarations -Winvalid-offsetof -Wno-sign-conversion -Winfinite-recursion -Wmove -Wcomma -Wblock-capture-autoreleasing -Wstrict-prototypes -Wrange-loop-analysis -Wno-semicolon-before-method-body -Wunguarded-availability -index-store-path /Users/sparkles/Library/Developer/Xcode/DerivedData/Expensio-futtgngxcysvvhcljmosbeftqmyc/Index.noindex/DataStore -Wno-comma -Wno-shorten-64-to-32 -Wno-documentation @/Users/sparkles/Library/Developer/Xcode/DerivedData/Expensio-futtgngxcysvvhcljmosbeftqmyc/Build/Intermediates.noindex/Pods.build/Debug-iphonesimulator/ReactCodegen.build/Objects-normal/arm64/82b82416624d2658e5098eb0a28c15c5-common-args.resp -DFOLLY_MOBILE\=1 -DFOLLY_USE_LIBCPP\=1 -DFOLLY_CFG_NO_COROUTINES\=1 -DFOLLY_HAVE_CLOCK_GETTIME\=1 -Wno-comma -Wno-shorten-64-to-32 -Wno-documentation -Wno-nullability-completeness -std\=c++20 -include /Users/sparkles/Documents/CodingFiles/FullStack/expensioApp/frontend/ios/Pods/Target\ Support\ Files/ReactCodegen/ReactCodegen-prefix.pch -MMD -MT dependencies -MF /Users/sparkles/Library/Developer/Xcode/DerivedData/Expensio-futtgngxcysvvhcljmosbeftqmyc/Build/Intermediates.noindex/Pods.build/Debug-iphonesimulator/ReactCodegen.build/Objects-normal/arm64/ShadowNodes-d8a760ca812cc2639755274a464aa02b.d --serialize-diagnostics /Users/sparkles/Library/Developer/Xcode/DerivedData/Expensio-futtgngxcysvvhcljmosbeftqmyc/Build/Intermediates.noindex/Pods.build/Debug-iphonesimulator/ReactCodegen.build/Objects-normal/arm64/ShadowNodes-d8a760ca812cc2639755274a464aa02b.dia -c /Users/sparkles/Documents/CodingFiles/FullStack/expensioApp/frontend/ios/build/generated/ios/ReactCodegen/react/renderer/components/rnpicker/ShadowNodes.cpp -o /Users/sparkles/Library/Developer/Xcode/DerivedData/Expensio-futtgngxcysvvhcljmosbeftqmyc/Build/Intermediates.noindex/Pods.build/Debug-iphonesimulator/ReactCodegen.build/Objects-normal/arm64/ShadowNodes-d8a760ca812cc2639755274a464aa02b.o -index-unit-output-path /Pods.build/Debug-iphonesimulator/ReactCodegen.build/Objects-normal/arm64/ShadowNodes-d8a760ca812cc2639755274a464aa02b.o

CompileC /Users/sparkles/Library/Developer/Xcode/DerivedData/Expensio-futtgngxcysvvhcljmosbeftqmyc/Build/Intermediates.noindex/Pods.build/Debug-iphonesimulator/ReactCodegen.build/Objects-normal/arm64/ShadowNodes-bf8389ad53c96340c9bde5a178462aa4.o /Users/sparkles/Documents/CodingFiles/FullStack/expensioApp/frontend/ios/build/generated/ios/ReactCodegen/react/renderer/components/rnsvg/ShadowNodes.cpp normal arm64 c++ com.apple.compilers.llvm.clang.1_0.compiler (in target 'ReactCodegen' from project 'Pods')
    cd /Users/sparkles/Documents/CodingFiles/FullStack/expensioApp/frontend/ios/Pods
    
    Using response file: /Users/sparkles/Library/Developer/Xcode/DerivedData/Expensio-futtgngxcysvvhcljmosbeftqmyc/Build/Intermediates.noindex/Pods.build/Debug-iphonesimulator/ReactCodegen.build/Objects-normal/arm64/82b82416624d2658e5098eb0a28c15c5-common-args.resp
    
    /Applications/Xcode.app/Contents/Developer/Toolchains/XcodeDefault.xctoolchain/usr/bin/clang -x c++ -ivfsstatcache /Users/sparkles/Library/Developer/Xcode/DerivedData/SDKStatCaches.noindex/iphonesimulator27.0-24A430-8dc58220667be655e1bcc261a7455254.sdkstatcache -target arm64-apple-ios17.0-simulator -fmessage-length\=0 -fdiagnostics-show-note-include-stack -fmacro-backtrace-limit\=0 -fno-color-diagnostics -fmodules-prune-interval\=86400 -fmodules-prune-after\=345600 -fbuild-session-file\=/Users/sparkles/Library/Developer/Xcode/DerivedData/ModuleCache.noindex/Session.modulevalidation -fmodules-validate-once-per-build-session -Wnon-modular-include-in-framework-module -Werror\=non-modular-include-in-framework-module -Wno-trigraphs -Wno-missing-field-initializers -Wno-missing-prototypes -Werror\=return-type -Wdocumentation -Wunreachable-code -Werror\=deprecated-objc-isa-usage -Werror\=objc-root-class -Wno-non-virtual-dtor -Wno-overloaded-virtual -Wno-exit-time-destructors -Wno-missing-braces -Wparentheses -Wswitch -Wunused-function -Wno-unused-label -Wno-unused-parameter -Wunused-variable -Wunused-value -Wempty-body -Wuninitialized -Wconditional-uninitialized -Wno-unknown-pragmas -Wno-shadow -Wno-four-char-constants -Wno-conversion -Wconstant-conversion -Wint-conversion -Wbool-conversion -Wenum-conversion -Wno-float-conversion -Wnon-literal-null-conversion -Wobjc-literal-conversion -Wshorten-64-to-32 -Wno-newline-eof -Wno-c++11-extensions -Wno-implicit-fallthrough -isysroot /Applications/Xcode.app/Contents/Developer/Platforms/iPhoneSimulator.platform/Developer/SDKs/iPhoneSimulator27.0.sdk -fstrict-aliasing -Wdeprecated-declarations -Winvalid-offsetof -Wno-sign-conversion -Winfinite-recursion -Wmove -Wcomma -Wblock-capture-autoreleasing -Wstrict-prototypes -Wrange-loop-analysis -Wno-semicolon-before-method-body -Wunguarded-availability -index-store-path /Users/sparkles/Library/Developer/Xcode/DerivedData/Expensio-futtgngxcysvvhcljmosbeftqmyc/Index.noindex/DataStore -Wno-comma -Wno-shorten-64-to-32 -Wno-documentation @/Users/sparkles/Library/Developer/Xcode/DerivedData/Expensio-futtgngxcysvvhcljmosbeftqmyc/Build/Intermediates.noindex/Pods.build/Debug-iphonesimulator/ReactCodegen.build/Objects-normal/arm64/82b82416624d2658e5098eb0a28c15c5-common-args.resp -DFOLLY_MOBILE\=1 -DFOLLY_USE_LIBCPP\=1 -DFOLLY_CFG_NO_COROUTINES\=1 -DFOLLY_HAVE_CLOCK_GETTIME\=1 -Wno-comma -Wno-shorten-64-to-32 -Wno-documentation -Wno-nullability-completeness -std\=c++20 -include /Users/sparkles/Documents/CodingFiles/FullStack/expensioApp/frontend/ios/Pods/Target\ Support\ Files/ReactCodegen/ReactCodegen-prefix.pch -MMD -MT dependencies -MF /Users/sparkles/Library/Developer/Xcode/DerivedData/Expensio-futtgngxcysvvhcljmosbeftqmyc/Build/Intermediates.noindex/Pods.build/Debug-iphonesimulator/ReactCodegen.build/Objects-normal/arm64/ShadowNodes-bf8389ad53c96340c9bde5a178462aa4.d --serialize-diagnostics /Users/sparkles/Library/Developer/Xcode/DerivedData/Expensio-futtgngxcysvvhcljmosbeftqmyc/Build/Intermediates.noindex/Pods.build/Debug-iphonesimulator/ReactCodegen.build/Objects-normal/arm64/ShadowNodes-bf8389ad53c96340c9bde5a178462aa4.dia -c /Users/sparkles/Documents/CodingFiles/FullStack/expensioApp/frontend/ios/build/generated/ios/ReactCodegen/react/renderer/components/rnsvg/ShadowNodes.cpp -o /Users/sparkles/Library/Developer/Xcode/DerivedData/Expensio-futtgngxcysvvhcljmosbeftqmyc/Build/Intermediates.noindex/Pods.build/Debug-iphonesimulator/ReactCodegen.build/Objects-normal/arm64/ShadowNodes-bf8389ad53c96340c9bde5a178462aa4.o -index-unit-output-path /Pods.build/Debug-iphonesimulator/ReactCodegen.build/Objects-normal/arm64/ShadowNodes-bf8389ad53c96340c9bde5a178462aa4.o

CompileC /Users/sparkles/Library/Developer/Xcode/DerivedData/Expensio-futtgngxcysvvhcljmosbeftqmyc/Build/Intermediates.noindex/Pods.build/Debug-iphonesimulator/ReactCodegen.build/Objects-normal/arm64/ShadowNodes-3b59e618e47f75f154dbdbf6a8c965f2.o /Users/sparkles/Documents/CodingFiles/FullStack/expensioApp/frontend/ios/build/generated/ios/ReactCodegen/react/renderer/components/rnscreens/ShadowNodes.cpp normal arm64 c++ com.apple.compilers.llvm.clang.1_0.compiler (in target 'ReactCodegen' from project 'Pods')
    cd /Users/sparkles/Documents/CodingFiles/FullStack/expensioApp/frontend/ios/Pods
    
    Using response file: /Users/sparkles/Library/Developer/Xcode/DerivedData/Expensio-futtgngxcysvvhcljmosbeftqmyc/Build/Intermediates.noindex/Pods.build/Debug-iphonesimulator/ReactCodegen.build/Objects-normal/arm64/82b82416624d2658e5098eb0a28c15c5-common-args.resp
    
    /Applications/Xcode.app/Contents/Developer/Toolchains/XcodeDefault.xctoolchain/usr/bin/clang -x c++ -ivfsstatcache /Users/sparkles/Library/Developer/Xcode/DerivedData/SDKStatCaches.noindex/iphonesimulator27.0-24A430-8dc58220667be655e1bcc261a7455254.sdkstatcache -target arm64-apple-ios17.0-simulator -fmessage-length\=0 -fdiagnostics-show-note-include-stack -fmacro-backtrace-limit\=0 -fno-color-diagnostics -fmodules-prune-interval\=86400 -fmodules-prune-after\=345600 -fbuild-session-file\=/Users/sparkles/Library/Developer/Xcode/DerivedData/ModuleCache.noindex/Session.modulevalidation -fmodules-validate-once-per-build-session -Wnon-modular-include-in-framework-module -Werror\=non-modular-include-in-framework-module -Wno-trigraphs -Wno-missing-field-initializers -Wno-missing-prototypes -Werror\=return-type -Wdocumentation -Wunreachable-code -Werror\=deprecated-objc-isa-usage -Werror\=objc-root-class -Wno-non-virtual-dtor -Wno-overloaded-virtual -Wno-exit-time-destructors -Wno-missing-braces -Wparentheses -Wswitch -Wunused-function -Wno-unused-label -Wno-unused-parameter -Wunused-variable -Wunused-value -Wempty-body -Wuninitialized -Wconditional-uninitialized -Wno-unknown-pragmas -Wno-shadow -Wno-four-char-constants -Wno-conversion -Wconstant-conversion -Wint-conversion -Wbool-conversion -Wenum-conversion -Wno-float-conversion -Wnon-literal-null-conversion -Wobjc-literal-conversion -Wshorten-64-to-32 -Wno-newline-eof -Wno-c++11-extensions -Wno-implicit-fallthrough -isysroot /Applications/Xcode.app/Contents/Developer/Platforms/iPhoneSimulator.platform/Developer/SDKs/iPhoneSimulator27.0.sdk -fstrict-aliasing -Wdeprecated-declarations -Winvalid-offsetof -Wno-sign-conversion -Winfinite-recursion -Wmove -Wcomma -Wblock-capture-autoreleasing -Wstrict-prototypes -Wrange-loop-analysis -Wno-semicolon-before-method-body -Wunguarded-availability -index-store-path /Users/sparkles/Library/Developer/Xcode/DerivedData/Expensio-futtgngxcysvvhcljmosbeftqmyc/Index.noindex/DataStore -Wno-comma -Wno-shorten-64-to-32 -Wno-documentation @/Users/sparkles/Library/Developer/Xcode/DerivedData/Expensio-futtgngxcysvvhcljmosbeftqmyc/Build/Intermediates.noindex/Pods.build/Debug-iphonesimulator/ReactCodegen.build/Objects-normal/arm64/82b82416624d2658e5098eb0a28c15c5-common-args.resp -DFOLLY_MOBILE\=1 -DFOLLY_USE_LIBCPP\=1 -DFOLLY_CFG_NO_COROUTINES\=1 -DFOLLY_HAVE_CLOCK_GETTIME\=1 -Wno-comma -Wno-shorten-64-to-32 -Wno-documentation -Wno-nullability-completeness -std\=c++20 -include /Users/sparkles/Documents/CodingFiles/FullStack/expensioApp/frontend/ios/Pods/Target\ Support\ Files/ReactCodegen/ReactCodegen-prefix.pch -MMD -MT dependencies -MF /Users/sparkles/Library/Developer/Xcode/DerivedData/Expensio-futtgngxcysvvhcljmosbeftqmyc/Build/Intermediates.noindex/Pods.build/Debug-iphonesimulator/ReactCodegen.build/Objects-normal/arm64/ShadowNodes-3b59e618e47f75f154dbdbf6a8c965f2.d --serialize-diagnostics /Users/sparkles/Library/Developer/Xcode/DerivedData/Expensio-futtgngxcysvvhcljmosbeftqmyc/Build/Intermediates.noindex/Pods.build/Debug-iphonesimulator/ReactCodegen.build/Objects-normal/arm64/ShadowNodes-3b59e618e47f75f154dbdbf6a8c965f2.dia -c /Users/sparkles/Documents/CodingFiles/FullStack/expensioApp/frontend/ios/build/generated/ios/ReactCodegen/react/renderer/components/rnscreens/ShadowNodes.cpp -o /Users/sparkles/Library/Developer/Xcode/DerivedData/Expensio-futtgngxcysvvhcljmosbeftqmyc/Build/Intermediates.noindex/Pods.build/Debug-iphonesimulator/ReactCodegen.build/Objects-normal/arm64/ShadowNodes-3b59e618e47f75f154dbdbf6a8c965f2.o -index-unit-output-path /Pods.build/Debug-iphonesimulator/ReactCodegen.build/Objects-normal/arm64/ShadowNodes-3b59e618e47f75f154dbdbf6a8c965f2.o

CompileC /Users/sparkles/Library/Developer/Xcode/DerivedData/Expensio-futtgngxcysvvhcljmosbeftqmyc/Build/Intermediates.noindex/Pods.build/Debug-iphonesimulator/ReactCodegen.build/Objects-normal/arm64/ShadowNodes-32d7c0eb9680483e90d33caf58a22c53.o /Users/sparkles/Documents/CodingFiles/FullStack/expensioApp/frontend/ios/build/generated/ios/ReactCodegen/react/renderer/components/safeareacontext/ShadowNodes.cpp normal arm64 c++ com.apple.compilers.llvm.clang.1_0.compiler (in target 'ReactCodegen' from project 'Pods')
    cd /Users/sparkles/Documents/CodingFiles/FullStack/expensioApp/frontend/ios/Pods
    
    Using response file: /Users/sparkles/Library/Developer/Xcode/DerivedData/Expensio-futtgngxcysvvhcljmosbeftqmyc/Build/Intermediates.noindex/Pods.build/Debug-iphonesimulator/ReactCodegen.build/Objects-normal/arm64/82b82416624d2658e5098eb0a28c15c5-common-args.resp
    
    /Applications/Xcode.app/Contents/Developer/Toolchains/XcodeDefault.xctoolchain/usr/bin/clang -x c++ -ivfsstatcache /Users/sparkles/Library/Developer/Xcode/DerivedData/SDKStatCaches.noindex/iphonesimulator27.0-24A430-8dc58220667be655e1bcc261a7455254.sdkstatcache -target arm64-apple-ios17.0-simulator -fmessage-length\=0 -fdiagnostics-show-note-include-stack -fmacro-backtrace-limit\=0 -fno-color-diagnostics -fmodules-prune-interval\=86400 -fmodules-prune-after\=345600 -fbuild-session-file\=/Users/sparkles/Library/Developer/Xcode/DerivedData/ModuleCache.noindex/Session.modulevalidation -fmodules-validate-once-per-build-session -Wnon-modular-include-in-framework-module -Werror\=non-modular-include-in-framework-module -Wno-trigraphs -Wno-missing-field-initializers -Wno-missing-prototypes -Werror\=return-type -Wdocumentation -Wunreachable-code -Werror\=deprecated-objc-isa-usage -Werror\=objc-root-class -Wno-non-virtual-dtor -Wno-overloaded-virtual -Wno-exit-time-destructors -Wno-missing-braces -Wparentheses -Wswitch -Wunused-function -Wno-unused-label -Wno-unused-parameter -Wunused-variable -Wunused-value -Wempty-body -Wuninitialized -Wconditional-uninitialized -Wno-unknown-pragmas -Wno-shadow -Wno-four-char-constants -Wno-conversion -Wconstant-conversion -Wint-conversion -Wbool-conversion -Wenum-conversion -Wno-float-conversion -Wnon-literal-null-conversion -Wobjc-literal-conversion -Wshorten-64-to-32 -Wno-newline-eof -Wno-c++11-extensions -Wno-implicit-fallthrough -isysroot /Applications/Xcode.app/Contents/Developer/Platforms/iPhoneSimulator.platform/Developer/SDKs/iPhoneSimulator27.0.sdk -fstrict-aliasing -Wdeprecated-declarations -Winvalid-offsetof -Wno-sign-conversion -Winfinite-recursion -Wmove -Wcomma -Wblock-capture-autoreleasing -Wstrict-prototypes -Wrange-loop-analysis -Wno-semicolon-before-method-body -Wunguarded-availability -index-store-path /Users/sparkles/Library/Developer/Xcode/DerivedData/Expensio-futtgngxcysvvhcljmosbeftqmyc/Index.noindex/DataStore -Wno-comma -Wno-shorten-64-to-32 -Wno-documentation @/Users/sparkles/Library/Developer/Xcode/DerivedData/Expensio-futtgngxcysvvhcljmosbeftqmyc/Build/Intermediates.noindex/Pods.build/Debug-iphonesimulator/ReactCodegen.build/Objects-normal/arm64/82b82416624d2658e5098eb0a28c15c5-common-args.resp -DFOLLY_MOBILE\=1 -DFOLLY_USE_LIBCPP\=1 -DFOLLY_CFG_NO_COROUTINES\=1 -DFOLLY_HAVE_CLOCK_GETTIME\=1 -Wno-comma -Wno-shorten-64-to-32 -Wno-documentation -Wno-nullability-completeness -std\=c++20 -include /Users/sparkles/Documents/CodingFiles/FullStack/expensioApp/frontend/ios/Pods/Target\ Support\ Files/ReactCodegen/ReactCodegen-prefix.pch -MMD -MT dependencies -MF /Users/sparkles/Library/Developer/Xcode/DerivedData/Expensio-futtgngxcysvvhcljmosbeftqmyc/Build/Intermediates.noindex/Pods.build/Debug-iphonesimulator/ReactCodegen.build/Objects-normal/arm64/ShadowNodes-32d7c0eb9680483e90d33caf58a22c53.d --serialize-diagnostics /Users/sparkles/Library/Developer/Xcode/DerivedData/Expensio-futtgngxcysvvhcljmosbeftqmyc/Build/Intermediates.noindex/Pods.build/Debug-iphonesimulator/ReactCodegen.build/Objects-normal/arm64/ShadowNodes-32d7c0eb9680483e90d33caf58a22c53.dia -c /Users/sparkles/Documents/CodingFiles/FullStack/expensioApp/frontend/ios/build/generated/ios/ReactCodegen/react/renderer/components/safeareacontext/ShadowNodes.cpp -o /Users/sparkles/Library/Developer/Xcode/DerivedData/Expensio-futtgngxcysvvhcljmosbeftqmyc/Build/Intermediates.noindex/Pods.build/Debug-iphonesimulator/ReactCodegen.build/Objects-normal/arm64/ShadowNodes-32d7c0eb9680483e90d33caf58a22c53.o -index-unit-output-path /Pods.build/Debug-iphonesimulator/ReactCodegen.build/Objects-normal/arm64/ShadowNodes-32d7c0eb9680483e90d33caf58a22c53.o

CompileC /Users/sparkles/Library/Developer/Xcode/DerivedData/Expensio-futtgngxcysvvhcljmosbeftqmyc/Build/Intermediates.noindex/Pods.build/Debug-iphonesimulator/ReactCodegen.build/Objects-normal/arm64/RCTUnstableModulesRequiringMainQueueSetupProvider.o /Users/sparkles/Documents/CodingFiles/FullStack/expensioApp/frontend/ios/build/generated/ios/ReactCodegen/RCTUnstableModulesRequiringMainQueueSetupProvider.mm normal arm64 objective-c++ com.apple.compilers.llvm.clang.1_0.compiler (in target 'ReactCodegen' from project 'Pods')
    cd /Users/sparkles/Documents/CodingFiles/FullStack/expensioApp/frontend/ios/Pods
    
    Using response file: /Users/sparkles/Library/Developer/Xcode/DerivedData/Expensio-futtgngxcysvvhcljmosbeftqmyc/Build/Intermediates.noindex/Pods.build/Debug-iphonesimulator/ReactCodegen.build/Objects-normal/arm64/af3fcb34312c57c0f52879cdce924b91-common-args.resp
    
    /Applications/Xcode.app/Contents/Developer/Toolchains/XcodeDefault.xctoolchain/usr/bin/clang -x objective-c++ -ivfsstatcache /Users/sparkles/Library/Developer/Xcode/DerivedData/SDKStatCaches.noindex/iphonesimulator27.0-24A430-8dc58220667be655e1bcc261a7455254.sdkstatcache -target arm64-apple-ios17.0-simulator -fmessage-length\=0 -fdiagnostics-show-note-include-stack -fmacro-backtrace-limit\=0 -fno-color-diagnostics -fmodules-prune-interval\=86400 -fmodules-prune-after\=345600 -fbuild-session-file\=/Users/sparkles/Library/Developer/Xcode/DerivedData/ModuleCache.noindex/Session.modulevalidation -fmodules-validate-once-per-build-session -Wnon-modular-include-in-framework-module -Werror\=non-modular-include-in-framework-module -Wno-trigraphs -Wno-missing-field-initializers -Wno-missing-prototypes -Werror\=return-type -Wdocumentation -Wunreachable-code -Wno-implicit-atomic-properties -Werror\=deprecated-objc-isa-usage -Wno-objc-interface-ivars -Werror\=objc-root-class -Wno-arc-repeated-use-of-weak -Wimplicit-retain-self -Wno-non-virtual-dtor -Wno-overloaded-virtual -Wno-exit-time-destructors -Wduplicate-method-match -Wno-missing-braces -Wparentheses -Wswitch -Wunused-function -Wno-unused-label -Wno-unused-parameter -Wunused-variable -Wunused-value -Wempty-body -Wuninitialized -Wconditional-uninitialized -Wno-unknown-pragmas -Wno-shadow -Wno-four-char-constants -Wno-conversion -Wconstant-conversion -Wint-conversion -Wbool-conversion -Wenum-conversion -Wno-float-conversion -Wnon-literal-null-conversion -Wobjc-literal-conversion -Wshorten-64-to-32 -Wno-newline-eof -Wno-selector -Wno-strict-selector-match -Wundeclared-selector -Wdeprecated-implementations -Wno-c++11-extensions -Wno-implicit-fallthrough -isysroot /Applications/Xcode.app/Contents/Developer/Platforms/iPhoneSimulator.platform/Developer/SDKs/iPhoneSimulator27.0.sdk -fstrict-aliasing -Wprotocol -Wdeprecated-declarations -Winvalid-offsetof -Wno-sign-conversion -Winfinite-recursion -Wmove -Wcomma -Wblock-capture-autoreleasing -Wstrict-prototypes -Wrange-loop-analysis -Wno-semicolon-before-method-body -Wunguarded-availability -index-store-path /Users/sparkles/Library/Developer/Xcode/DerivedData/Expensio-futtgngxcysvvhcljmosbeftqmyc/Index.noindex/DataStore -Wno-comma -Wno-shorten-64-to-32 -Wno-documentation @/Users/sparkles/Library/Developer/Xcode/DerivedData/Expensio-futtgngxcysvvhcljmosbeftqmyc/Build/Intermediates.noindex/Pods.build/Debug-iphonesimulator/ReactCodegen.build/Objects-normal/arm64/af3fcb34312c57c0f52879cdce924b91-common-args.resp -DFOLLY_MOBILE\=1 -DFOLLY_USE_LIBCPP\=1 -DFOLLY_CFG_NO_COROUTINES\=1 -DFOLLY_HAVE_CLOCK_GETTIME\=1 -Wno-comma -Wno-shorten-64-to-32 -Wno-documentation -Wno-nullability-completeness -std\=c++20 -include /Users/sparkles/Documents/CodingFiles/FullStack/expensioApp/frontend/ios/Pods/Target\ Support\ Files/ReactCodegen/ReactCodegen-prefix.pch -MMD -MT dependencies -MF /Users/sparkles/Library/Developer/Xcode/DerivedData/Expensio-futtgngxcysvvhcljmosbeftqmyc/Build/Intermediates.noindex/Pods.build/Debug-iphonesimulator/ReactCodegen.build/Objects-normal/arm64/RCTUnstableModulesRequiringMainQueueSetupProvider.d --serialize-diagnostics /Users/sparkles/Library/Developer/Xcode/DerivedData/Expensio-futtgngxcysvvhcljmosbeftqmyc/Build/Intermediates.noindex/Pods.build/Debug-iphonesimulator/ReactCodegen.build/Objects-normal/arm64/RCTUnstableModulesRequiringMainQueueSetupProvider.dia -c /Users/sparkles/Documents/CodingFiles/FullStack/expensioApp/frontend/ios/build/generated/ios/ReactCodegen/RCTUnstableModulesRequiringMainQueueSetupProvider.mm -o /Users/sparkles/Library/Developer/Xcode/DerivedData/Expensio-futtgngxcysvvhcljmosbeftqmyc/Build/Intermediates.noindex/Pods.build/Debug-iphonesimulator/ReactCodegen.build/Objects-normal/arm64/RCTUnstableModulesRequiringMainQueueSetupProvider.o -index-unit-output-path /Pods.build/Debug-iphonesimulator/ReactCodegen.build/Objects-normal/arm64/RCTUnstableModulesRequiringMainQueueSetupProvider.o

CompileC /Users/sparkles/Library/Developer/Xcode/DerivedData/Expensio-futtgngxcysvvhcljmosbeftqmyc/Build/Intermediates.noindex/Pods.build/Debug-iphonesimulator/ReactCodegen.build/Objects-normal/arm64/RCTThirdPartyComponentsProvider.o /Users/sparkles/Documents/CodingFiles/FullStack/expensioApp/frontend/ios/build/generated/ios/ReactCodegen/RCTThirdPartyComponentsProvider.mm normal arm64 objective-c++ com.apple.compilers.llvm.clang.1_0.compiler (in target 'ReactCodegen' from project 'Pods')
    cd /Users/sparkles/Documents/CodingFiles/FullStack/expensioApp/frontend/ios/Pods
    
    Using response file: /Users/sparkles/Library/Developer/Xcode/DerivedData/Expensio-futtgngxcysvvhcljmosbeftqmyc/Build/Intermediates.noindex/Pods.build/Debug-iphonesimulator/ReactCodegen.build/Objects-normal/arm64/af3fcb34312c57c0f52879cdce924b91-common-args.resp
    
    /Applications/Xcode.app/Contents/Developer/Toolchains/XcodeDefault.xctoolchain/usr/bin/clang -x objective-c++ -ivfsstatcache /Users/sparkles/Library/Developer/Xcode/DerivedData/SDKStatCaches.noindex/iphonesimulator27.0-24A430-8dc58220667be655e1bcc261a7455254.sdkstatcache -target arm64-apple-ios17.0-simulator -fmessage-length\=0 -fdiagnostics-show-note-include-stack -fmacro-backtrace-limit\=0 -fno-color-diagnostics -fmodules-prune-interval\=86400 -fmodules-prune-after\=345600 -fbuild-session-file\=/Users/sparkles/Library/Developer/Xcode/DerivedData/ModuleCache.noindex/Session.modulevalidation -fmodules-validate-once-per-build-session -Wnon-modular-include-in-framework-module -Werror\=non-modular-include-in-framework-module -Wno-trigraphs -Wno-missing-field-initializers -Wno-missing-prototypes -Werror\=return-type -Wdocumentation -Wunreachable-code -Wno-implicit-atomic-properties -Werror\=deprecated-objc-isa-usage -Wno-objc-interface-ivars -Werror\=objc-root-class -Wno-arc-repeated-use-of-weak -Wimplicit-retain-self -Wno-non-virtual-dtor -Wno-overloaded-virtual -Wno-exit-time-destructors -Wduplicate-method-match -Wno-missing-braces -Wparentheses -Wswitch -Wunused-function -Wno-unused-label -Wno-unused-parameter -Wunused-variable -Wunused-value -Wempty-body -Wuninitialized -Wconditional-uninitialized -Wno-unknown-pragmas -Wno-shadow -Wno-four-char-constants -Wno-conversion -Wconstant-conversion -Wint-conversion -Wbool-conversion -Wenum-conversion -Wno-float-conversion -Wnon-literal-null-conversion -Wobjc-literal-conversion -Wshorten-64-to-32 -Wno-newline-eof -Wno-selector -Wno-strict-selector-match -Wundeclared-selector -Wdeprecated-implementations -Wno-c++11-extensions -Wno-implicit-fallthrough -isysroot /Applications/Xcode.app/Contents/Developer/Platforms/iPhoneSimulator.platform/Developer/SDKs/iPhoneSimulator27.0.sdk -fstrict-aliasing -Wprotocol -Wdeprecated-declarations -Winvalid-offsetof -Wno-sign-conversion -Winfinite-recursion -Wmove -Wcomma -Wblock-capture-autoreleasing -Wstrict-prototypes -Wrange-loop-analysis -Wno-semicolon-before-method-body -Wunguarded-availability -index-store-path /Users/sparkles/Library/Developer/Xcode/DerivedData/Expensio-futtgngxcysvvhcljmosbeftqmyc/Index.noindex/DataStore -Wno-comma -Wno-shorten-64-to-32 -Wno-documentation @/Users/sparkles/Library/Developer/Xcode/DerivedData/Expensio-futtgngxcysvvhcljmosbeftqmyc/Build/Intermediates.noindex/Pods.build/Debug-iphonesimulator/ReactCodegen.build/Objects-normal/arm64/af3fcb34312c57c0f52879cdce924b91-common-args.resp -DFOLLY_MOBILE\=1 -DFOLLY_USE_LIBCPP\=1 -DFOLLY_CFG_NO_COROUTINES\=1 -DFOLLY_HAVE_CLOCK_GETTIME\=1 -Wno-comma -Wno-shorten-64-to-32 -Wno-documentation -Wno-nullability-completeness -std\=c++20 -include /Users/sparkles/Documents/CodingFiles/FullStack/expensioApp/frontend/ios/Pods/Target\ Support\ Files/ReactCodegen/ReactCodegen-prefix.pch -MMD -MT dependencies -MF /Users/sparkles/Library/Developer/Xcode/DerivedData/Expensio-futtgngxcysvvhcljmosbeftqmyc/Build/Intermediates.noindex/Pods.build/Debug-iphonesimulator/ReactCodegen.build/Objects-normal/arm64/RCTThirdPartyComponentsProvider.d --serialize-diagnostics /Users/sparkles/Library/Developer/Xcode/DerivedData/Expensio-futtgngxcysvvhcljmosbeftqmyc/Build/Intermediates.noindex/Pods.build/Debug-iphonesimulator/ReactCodegen.build/Objects-normal/arm64/RCTThirdPartyComponentsProvider.dia -c /Users/sparkles/Documents/CodingFiles/FullStack/expensioApp/frontend/ios/build/generated/ios/ReactCodegen/RCTThirdPartyComponentsProvider.mm -o /Users/sparkles/Library/Developer/Xcode/DerivedData/Expensio-futtgngxcysvvhcljmosbeftqmyc/Build/Intermediates.noindex/Pods.build/Debug-iphonesimulator/ReactCodegen.build/Objects-normal/arm64/RCTThirdPartyComponentsProvider.o -index-unit-output-path /Pods.build/Debug-iphonesimulator/ReactCodegen.build/Objects-normal/arm64/RCTThirdPartyComponentsProvider.o

CompileC /Users/sparkles/Library/Developer/Xcode/DerivedData/Expensio-futtgngxcysvvhcljmosbeftqmyc/Build/Intermediates.noindex/Pods.build/Debug-iphonesimulator/ReactCodegen.build/Objects-normal/arm64/RCTModulesConformingToProtocolsProvider.o /Users/sparkles/Documents/CodingFiles/FullStack/expensioApp/frontend/ios/build/generated/ios/ReactCodegen/RCTModulesConformingToProtocolsProvider.mm normal arm64 objective-c++ com.apple.compilers.llvm.clang.1_0.compiler (in target 'ReactCodegen' from project 'Pods')
    cd /Users/sparkles/Documents/CodingFiles/FullStack/expensioApp/frontend/ios/Pods
    
    Using response file: /Users/sparkles/Library/Developer/Xcode/DerivedData/Expensio-futtgngxcysvvhcljmosbeftqmyc/Build/Intermediates.noindex/Pods.build/Debug-iphonesimulator/ReactCodegen.build/Objects-normal/arm64/af3fcb34312c57c0f52879cdce924b91-common-args.resp
    
    /Applications/Xcode.app/Contents/Developer/Toolchains/XcodeDefault.xctoolchain/usr/bin/clang -x objective-c++ -ivfsstatcache /Users/sparkles/Library/Developer/Xcode/DerivedData/SDKStatCaches.noindex/iphonesimulator27.0-24A430-8dc58220667be655e1bcc261a7455254.sdkstatcache -target arm64-apple-ios17.0-simulator -fmessage-length\=0 -fdiagnostics-show-note-include-stack -fmacro-backtrace-limit\=0 -fno-color-diagnostics -fmodules-prune-interval\=86400 -fmodules-prune-after\=345600 -fbuild-session-file\=/Users/sparkles/Library/Developer/Xcode/DerivedData/ModuleCache.noindex/Session.modulevalidation -fmodules-validate-once-per-build-session -Wnon-modular-include-in-framework-module -Werror\=non-modular-include-in-framework-module -Wno-trigraphs -Wno-missing-field-initializers -Wno-missing-prototypes -Werror\=return-type -Wdocumentation -Wunreachable-code -Wno-implicit-atomic-properties -Werror\=deprecated-objc-isa-usage -Wno-objc-interface-ivars -Werror\=objc-root-class -Wno-arc-repeated-use-of-weak -Wimplicit-retain-self -Wno-non-virtual-dtor -Wno-overloaded-virtual -Wno-exit-time-destructors -Wduplicate-method-match -Wno-missing-braces -Wparentheses -Wswitch -Wunused-function -Wno-unused-label -Wno-unused-parameter -Wunused-variable -Wunused-value -Wempty-body -Wuninitialized -Wconditional-uninitialized -Wno-unknown-pragmas -Wno-shadow -Wno-four-char-constants -Wno-conversion -Wconstant-conversion -Wint-conversion -Wbool-conversion -Wenum-conversion -Wno-float-conversion -Wnon-literal-null-conversion -Wobjc-literal-conversion -Wshorten-64-to-32 -Wno-newline-eof -Wno-selector -Wno-strict-selector-match -Wundeclared-selector -Wdeprecated-implementations -Wno-c++11-extensions -Wno-implicit-fallthrough -isysroot /Applications/Xcode.app/Contents/Developer/Platforms/iPhoneSimulator.platform/Developer/SDKs/iPhoneSimulator27.0.sdk -fstrict-aliasing -Wprotocol -Wdeprecated-declarations -Winvalid-offsetof -Wno-sign-conversion -Winfinite-recursion -Wmove -Wcomma -Wblock-capture-autoreleasing -Wstrict-prototypes -Wrange-loop-analysis -Wno-semicolon-before-method-body -Wunguarded-availability -index-store-path /Users/sparkles/Library/Developer/Xcode/DerivedData/Expensio-futtgngxcysvvhcljmosbeftqmyc/Index.noindex/DataStore -Wno-comma -Wno-shorten-64-to-32 -Wno-documentation @/Users/sparkles/Library/Developer/Xcode/DerivedData/Expensio-futtgngxcysvvhcljmosbeftqmyc/Build/Intermediates.noindex/Pods.build/Debug-iphonesimulator/ReactCodegen.build/Objects-normal/arm64/af3fcb34312c57c0f52879cdce924b91-common-args.resp -DFOLLY_MOBILE\=1 -DFOLLY_USE_LIBCPP\=1 -DFOLLY_CFG_NO_COROUTINES\=1 -DFOLLY_HAVE_CLOCK_GETTIME\=1 -Wno-comma -Wno-shorten-64-to-32 -Wno-documentation -Wno-nullability-completeness -std\=c++20 -include /Users/sparkles/Documents/CodingFiles/FullStack/expensioApp/frontend/ios/Pods/Target\ Support\ Files/ReactCodegen/ReactCodegen-prefix.pch -MMD -MT dependencies -MF /Users/sparkles/Library/Developer/Xcode/DerivedData/Expensio-futtgngxcysvvhcljmosbeftqmyc/Build/Intermediates.noindex/Pods.build/Debug-iphonesimulator/ReactCodegen.build/Objects-normal/arm64/RCTModulesConformingToProtocolsProvider.d --serialize-diagnostics /Users/sparkles/Library/Developer/Xcode/DerivedData/Expensio-futtgngxcysvvhcljmosbeftqmyc/Build/Intermediates.noindex/Pods.build/Debug-iphonesimulator/ReactCodegen.build/Objects-normal/arm64/RCTModulesConformingToProtocolsProvider.dia -c /Users/sparkles/Documents/CodingFiles/FullStack/expensioApp/frontend/ios/build/generated/ios/ReactCodegen/RCTModulesConformingToProtocolsProvider.mm -o /Users/sparkles/Library/Developer/Xcode/DerivedData/Expensio-futtgngxcysvvhcljmosbeftqmyc/Build/Intermediates.noindex/Pods.build/Debug-iphonesimulator/ReactCodegen.build/Objects-normal/arm64/RCTModulesConformingToProtocolsProvider.o -index-unit-output-path /Pods.build/Debug-iphonesimulator/ReactCodegen.build/Objects-normal/arm64/RCTModulesConformingToProtocolsProvider.o

CompileC /Users/sparkles/Library/Developer/Xcode/DerivedData/Expensio-futtgngxcysvvhcljmosbeftqmyc/Build/Intermediates.noindex/Pods.build/Debug-iphonesimulator/ReactCodegen.build/Objects-normal/arm64/RCTModuleProviders.o /Users/sparkles/Documents/CodingFiles/FullStack/expensioApp/frontend/ios/build/generated/ios/ReactCodegen/RCTModuleProviders.mm normal arm64 objective-c++ com.apple.compilers.llvm.clang.1_0.compiler (in target 'ReactCodegen' from project 'Pods')
    cd /Users/sparkles/Documents/CodingFiles/FullStack/expensioApp/frontend/ios/Pods
    
    Using response file: /Users/sparkles/Library/Developer/Xcode/DerivedData/Expensio-futtgngxcysvvhcljmosbeftqmyc/Build/Intermediates.noindex/Pods.build/Debug-iphonesimulator/ReactCodegen.build/Objects-normal/arm64/af3fcb34312c57c0f52879cdce924b91-common-args.resp
    
    /Applications/Xcode.app/Contents/Developer/Toolchains/XcodeDefault.xctoolchain/usr/bin/clang -x objective-c++ -ivfsstatcache /Users/sparkles/Library/Developer/Xcode/DerivedData/SDKStatCaches.noindex/iphonesimulator27.0-24A430-8dc58220667be655e1bcc261a7455254.sdkstatcache -target arm64-apple-ios17.0-simulator -fmessage-length\=0 -fdiagnostics-show-note-include-stack -fmacro-backtrace-limit\=0 -fno-color-diagnostics -fmodules-prune-interval\=86400 -fmodules-prune-after\=345600 -fbuild-session-file\=/Users/sparkles/Library/Developer/Xcode/DerivedData/ModuleCache.noindex/Session.modulevalidation -fmodules-validate-once-per-build-session -Wnon-modular-include-in-framework-module -Werror\=non-modular-include-in-framework-module -Wno-trigraphs -Wno-missing-field-initializers -Wno-missing-prototypes -Werror\=return-type -Wdocumentation -Wunreachable-code -Wno-implicit-atomic-properties -Werror\=deprecated-objc-isa-usage -Wno-objc-interface-ivars -Werror\=objc-root-class -Wno-arc-repeated-use-of-weak -Wimplicit-retain-self -Wno-non-virtual-dtor -Wno-overloaded-virtual -Wno-exit-time-destructors -Wduplicate-method-match -Wno-missing-braces -Wparentheses -Wswitch -Wunused-function -Wno-unused-label -Wno-unused-parameter -Wunused-variable -Wunused-value -Wempty-body -Wuninitialized -Wconditional-uninitialized -Wno-unknown-pragmas -Wno-shadow -Wno-four-char-constants -Wno-conversion -Wconstant-conversion -Wint-conversion -Wbool-conversion -Wenum-conversion -Wno-float-conversion -Wnon-literal-null-conversion -Wobjc-literal-conversion -Wshorten-64-to-32 -Wno-newline-eof -Wno-selector -Wno-strict-selector-match -Wundeclared-selector -Wdeprecated-implementations -Wno-c++11-extensions -Wno-implicit-fallthrough -isysroot /Applications/Xcode.app/Contents/Developer/Platforms/iPhoneSimulator.platform/Developer/SDKs/iPhoneSimulator27.0.sdk -fstrict-aliasing -Wprotocol -Wdeprecated-declarations -Winvalid-offsetof -Wno-sign-conversion -Winfinite-recursion -Wmove -Wcomma -Wblock-capture-autoreleasing -Wstrict-prototypes -Wrange-loop-analysis -Wno-semicolon-before-method-body -Wunguarded-availability -index-store-path /Users/sparkles/Library/Developer/Xcode/DerivedData/Expensio-futtgngxcysvvhcljmosbeftqmyc/Index.noindex/DataStore -Wno-comma -Wno-shorten-64-to-32 -Wno-documentation @/Users/sparkles/Library/Developer/Xcode/DerivedData/Expensio-futtgngxcysvvhcljmosbeftqmyc/Build/Intermediates.noindex/Pods.build/Debug-iphonesimulator/ReactCodegen.build/Objects-normal/arm64/af3fcb34312c57c0f52879cdce924b91-common-args.resp -DFOLLY_MOBILE\=1 -DFOLLY_USE_LIBCPP\=1 -DFOLLY_CFG_NO_COROUTINES\=1 -DFOLLY_HAVE_CLOCK_GETTIME\=1 -Wno-comma -Wno-shorten-64-to-32 -Wno-documentation -Wno-nullability-completeness -std\=c++20 -include /Users/sparkles/Documents/CodingFiles/FullStack/expensioApp/frontend/ios/Pods/Target\ Support\ Files/ReactCodegen/ReactCodegen-prefix.pch -MMD -MT dependencies -MF /Users/sparkles/Library/Developer/Xcode/DerivedData/Expensio-futtgngxcysvvhcljmosbeftqmyc/Build/Intermediates.noindex/Pods.build/Debug-iphonesimulator/ReactCodegen.build/Objects-normal/arm64/RCTModuleProviders.d --serialize-diagnostics /Users/sparkles/Library/Developer/Xcode/DerivedData/Expensio-futtgngxcysvvhcljmosbeftqmyc/Build/Intermediates.noindex/Pods.build/Debug-iphonesimulator/ReactCodegen.build/Objects-normal/arm64/RCTModuleProviders.dia -c /Users/sparkles/Documents/CodingFiles/FullStack/expensioApp/frontend/ios/build/generated/ios/ReactCodegen/RCTModuleProviders.mm -o /Users/sparkles/Library/Developer/Xcode/DerivedData/Expensio-futtgngxcysvvhcljmosbeftqmyc/Build/Intermediates.noindex/Pods.build/Debug-iphonesimulator/ReactCodegen.build/Objects-normal/arm64/RCTModuleProviders.o -index-unit-output-path /Pods.build/Debug-iphonesimulator/ReactCodegen.build/Objects-normal/arm64/RCTModuleProviders.o

CompileC /Users/sparkles/Library/Developer/Xcode/DerivedData/Expensio-futtgngxcysvvhcljmosbeftqmyc/Build/Intermediates.noindex/Pods.build/Debug-iphonesimulator/ReactCodegen.build/Objects-normal/arm64/Props-eb7b98a8f097cd4f2fcc27d28de44512.o /Users/sparkles/Documents/CodingFiles/FullStack/expensioApp/frontend/ios/build/generated/ios/ReactCodegen/react/renderer/components/rnsvg/Props.cpp normal arm64 c++ com.apple.compilers.llvm.clang.1_0.compiler (in target 'ReactCodegen' from project 'Pods')
    cd /Users/sparkles/Documents/CodingFiles/FullStack/expensioApp/frontend/ios/Pods
    
    Using response file: /Users/sparkles/Library/Developer/Xcode/DerivedData/Expensio-futtgngxcysvvhcljmosbeftqmyc/Build/Intermediates.noindex/Pods.build/Debug-iphonesimulator/ReactCodegen.build/Objects-normal/arm64/82b82416624d2658e5098eb0a28c15c5-common-args.resp
    
    /Applications/Xcode.app/Contents/Developer/Toolchains/XcodeDefault.xctoolchain/usr/bin/clang -x c++ -ivfsstatcache /Users/sparkles/Library/Developer/Xcode/DerivedData/SDKStatCaches.noindex/iphonesimulator27.0-24A430-8dc58220667be655e1bcc261a7455254.sdkstatcache -target arm64-apple-ios17.0-simulator -fmessage-length\=0 -fdiagnostics-show-note-include-stack -fmacro-backtrace-limit\=0 -fno-color-diagnostics -fmodules-prune-interval\=86400 -fmodules-prune-after\=345600 -fbuild-session-file\=/Users/sparkles/Library/Developer/Xcode/DerivedData/ModuleCache.noindex/Session.modulevalidation -fmodules-validate-once-per-build-session -Wnon-modular-include-in-framework-module -Werror\=non-modular-include-in-framework-module -Wno-trigraphs -Wno-missing-field-initializers -Wno-missing-prototypes -Werror\=return-type -Wdocumentation -Wunreachable-code -Werror\=deprecated-objc-isa-usage -Werror\=objc-root-class -Wno-non-virtual-dtor -Wno-overloaded-virtual -Wno-exit-time-destructors -Wno-missing-braces -Wparentheses -Wswitch -Wunused-function -Wno-unused-label -Wno-unused-parameter -Wunused-variable -Wunused-value -Wempty-body -Wuninitialized -Wconditional-uninitialized -Wno-unknown-pragmas -Wno-shadow -Wno-four-char-constants -Wno-conversion -Wconstant-conversion -Wint-conversion -Wbool-conversion -Wenum-conversion -Wno-float-conversion -Wnon-literal-null-conversion -Wobjc-literal-conversion -Wshorten-64-to-32 -Wno-newline-eof -Wno-c++11-extensions -Wno-implicit-fallthrough -isysroot /Applications/Xcode.app/Contents/Developer/Platforms/iPhoneSimulator.platform/Developer/SDKs/iPhoneSimulator27.0.sdk -fstrict-aliasing -Wdeprecated-declarations -Winvalid-offsetof -Wno-sign-conversion -Winfinite-recursion -Wmove -Wcomma -Wblock-capture-autoreleasing -Wstrict-prototypes -Wrange-loop-analysis -Wno-semicolon-before-method-body -Wunguarded-availability -index-store-path /Users/sparkles/Library/Developer/Xcode/DerivedData/Expensio-futtgngxcysvvhcljmosbeftqmyc/Index.noindex/DataStore -Wno-comma -Wno-shorten-64-to-32 -Wno-documentation @/Users/sparkles/Library/Developer/Xcode/DerivedData/Expensio-futtgngxcysvvhcljmosbeftqmyc/Build/Intermediates.noindex/Pods.build/Debug-iphonesimulator/ReactCodegen.build/Objects-normal/arm64/82b82416624d2658e5098eb0a28c15c5-common-args.resp -DFOLLY_MOBILE\=1 -DFOLLY_USE_LIBCPP\=1 -DFOLLY_CFG_NO_COROUTINES\=1 -DFOLLY_HAVE_CLOCK_GETTIME\=1 -Wno-comma -Wno-shorten-64-to-32 -Wno-documentation -Wno-nullability-completeness -std\=c++20 -include /Users/sparkles/Documents/CodingFiles/FullStack/expensioApp/frontend/ios/Pods/Target\ Support\ Files/ReactCodegen/ReactCodegen-prefix.pch -MMD -MT dependencies -MF /Users/sparkles/Library/Developer/Xcode/DerivedData/Expensio-futtgngxcysvvhcljmosbeftqmyc/Build/Intermediates.noindex/Pods.build/Debug-iphonesimulator/ReactCodegen.build/Objects-normal/arm64/Props-eb7b98a8f097cd4f2fcc27d28de44512.d --serialize-diagnostics /Users/sparkles/Library/Developer/Xcode/DerivedData/Expensio-futtgngxcysvvhcljmosbeftqmyc/Build/Intermediates.noindex/Pods.build/Debug-iphonesimulator/ReactCodegen.build/Objects-normal/arm64/Props-eb7b98a8f097cd4f2fcc27d28de44512.dia -c /Users/sparkles/Documents/CodingFiles/FullStack/expensioApp/frontend/ios/build/generated/ios/ReactCodegen/react/renderer/components/rnsvg/Props.cpp -o /Users/sparkles/Library/Developer/Xcode/DerivedData/Expensio-futtgngxcysvvhcljmosbeftqmyc/Build/Intermediates.noindex/Pods.build/Debug-iphonesimulator/ReactCodegen.build/Objects-normal/arm64/Props-eb7b98a8f097cd4f2fcc27d28de44512.o -index-unit-output-path /Pods.build/Debug-iphonesimulator/ReactCodegen.build/Objects-normal/arm64/Props-eb7b98a8f097cd4f2fcc27d28de44512.o

CompileC /Users/sparkles/Library/Developer/Xcode/DerivedData/Expensio-futtgngxcysvvhcljmosbeftqmyc/Build/Intermediates.noindex/Pods.build/Debug-iphonesimulator/ReactCodegen.build/Objects-normal/arm64/Props-9445b8f1c184d936187041294a0a331c.o /Users/sparkles/Documents/CodingFiles/FullStack/expensioApp/frontend/ios/build/generated/ios/ReactCodegen/react/renderer/components/rnpicker/Props.cpp normal arm64 c++ com.apple.compilers.llvm.clang.1_0.compiler (in target 'ReactCodegen' from project 'Pods')
    cd /Users/sparkles/Documents/CodingFiles/FullStack/expensioApp/frontend/ios/Pods
    
    Using response file: /Users/sparkles/Library/Developer/Xcode/DerivedData/Expensio-futtgngxcysvvhcljmosbeftqmyc/Build/Intermediates.noindex/Pods.build/Debug-iphonesimulator/ReactCodegen.build/Objects-normal/arm64/82b82416624d2658e5098eb0a28c15c5-common-args.resp
    
    /Applications/Xcode.app/Contents/Developer/Toolchains/XcodeDefault.xctoolchain/usr/bin/clang -x c++ -ivfsstatcache /Users/sparkles/Library/Developer/Xcode/DerivedData/SDKStatCaches.noindex/iphonesimulator27.0-24A430-8dc58220667be655e1bcc261a7455254.sdkstatcache -target arm64-apple-ios17.0-simulator -fmessage-length\=0 -fdiagnostics-show-note-include-stack -fmacro-backtrace-limit\=0 -fno-color-diagnostics -fmodules-prune-interval\=86400 -fmodules-prune-after\=345600 -fbuild-session-file\=/Users/sparkles/Library/Developer/Xcode/DerivedData/ModuleCache.noindex/Session.modulevalidation -fmodules-validate-once-per-build-session -Wnon-modular-include-in-framework-module -Werror\=non-modular-include-in-framework-module -Wno-trigraphs -Wno-missing-field-initializers -Wno-missing-prototypes -Werror\=return-type -Wdocumentation -Wunreachable-code -Werror\=deprecated-objc-isa-usage -Werror\=objc-root-class -Wno-non-virtual-dtor -Wno-overloaded-virtual -Wno-exit-time-destructors -Wno-missing-braces -Wparentheses -Wswitch -Wunused-function -Wno-unused-label -Wno-unused-parameter -Wunused-variable -Wunused-value -Wempty-body -Wuninitialized -Wconditional-uninitialized -Wno-unknown-pragmas -Wno-shadow -Wno-four-char-constants -Wno-conversion -Wconstant-conversion -Wint-conversion -Wbool-conversion -Wenum-conversion -Wno-float-conversion -Wnon-literal-null-conversion -Wobjc-literal-conversion -Wshorten-64-to-32 -Wno-newline-eof -Wno-c++11-extensions -Wno-implicit-fallthrough -isysroot /Applications/Xcode.app/Contents/Developer/Platforms/iPhoneSimulator.platform/Developer/SDKs/iPhoneSimulator27.0.sdk -fstrict-aliasing -Wdeprecated-declarations -Winvalid-offsetof -Wno-sign-conversion -Winfinite-recursion -Wmove -Wcomma -Wblock-capture-autoreleasing -Wstrict-prototypes -Wrange-loop-analysis -Wno-semicolon-before-method-body -Wunguarded-availability -index-store-path /Users/sparkles/Library/Developer/Xcode/DerivedData/Expensio-futtgngxcysvvhcljmosbeftqmyc/Index.noindex/DataStore -Wno-comma -Wno-shorten-64-to-32 -Wno-documentation @/Users/sparkles/Library/Developer/Xcode/DerivedData/Expensio-futtgngxcysvvhcljmosbeftqmyc/Build/Intermediates.noindex/Pods.build/Debug-iphonesimulator/ReactCodegen.build/Objects-normal/arm64/82b82416624d2658e5098eb0a28c15c5-common-args.resp -DFOLLY_MOBILE\=1 -DFOLLY_USE_LIBCPP\=1 -DFOLLY_CFG_NO_COROUTINES\=1 -DFOLLY_HAVE_CLOCK_GETTIME\=1 -Wno-comma -Wno-shorten-64-to-32 -Wno-documentation -Wno-nullability-completeness -std\=c++20 -include /Users/sparkles/Documents/CodingFiles/FullStack/expensioApp/frontend/ios/Pods/Target\ Support\ Files/ReactCodegen/ReactCodegen-prefix.pch -MMD -MT dependencies -MF /Users/sparkles/Library/Developer/Xcode/DerivedData/Expensio-futtgngxcysvvhcljmosbeftqmyc/Build/Intermediates.noindex/Pods.build/Debug-iphonesimulator/ReactCodegen.build/Objects-normal/arm64/Props-9445b8f1c184d936187041294a0a331c.d --serialize-diagnostics /Users/sparkles/Library/Developer/Xcode/DerivedData/Expensio-futtgngxcysvvhcljmosbeftqmyc/Build/Intermediates.noindex/Pods.build/Debug-iphonesimulator/ReactCodegen.build/Objects-normal/arm64/Props-9445b8f1c184d936187041294a0a331c.dia -c /Users/sparkles/Documents/CodingFiles/FullStack/expensioApp/frontend/ios/build/generated/ios/ReactCodegen/react/renderer/components/rnpicker/Props.cpp -o /Users/sparkles/Library/Developer/Xcode/DerivedData/Expensio-futtgngxcysvvhcljmosbeftqmyc/Build/Intermediates.noindex/Pods.build/Debug-iphonesimulator/ReactCodegen.build/Objects-normal/arm64/Props-9445b8f1c184d936187041294a0a331c.o -index-unit-output-path /Pods.build/Debug-iphonesimulator/ReactCodegen.build/Objects-normal/arm64/Props-9445b8f1c184d936187041294a0a331c.o

CompileC /Users/sparkles/Library/Developer/Xcode/DerivedData/Expensio-futtgngxcysvvhcljmosbeftqmyc/Build/Intermediates.noindex/Pods.build/Debug-iphonesimulator/ReactCodegen.build/Objects-normal/arm64/Props-646332cc3ae4b2f219f85d336eb01f7d.o /Users/sparkles/Documents/CodingFiles/FullStack/expensioApp/frontend/ios/build/generated/ios/ReactCodegen/react/renderer/components/safeareacontext/Props.cpp normal arm64 c++ com.apple.compilers.llvm.clang.1_0.compiler (in target 'ReactCodegen' from project 'Pods')
    cd /Users/sparkles/Documents/CodingFiles/FullStack/expensioApp/frontend/ios/Pods
    
    Using response file: /Users/sparkles/Library/Developer/Xcode/DerivedData/Expensio-futtgngxcysvvhcljmosbeftqmyc/Build/Intermediates.noindex/Pods.build/Debug-iphonesimulator/ReactCodegen.build/Objects-normal/arm64/82b82416624d2658e5098eb0a28c15c5-common-args.resp
    
    /Applications/Xcode.app/Contents/Developer/Toolchains/XcodeDefault.xctoolchain/usr/bin/clang -x c++ -ivfsstatcache /Users/sparkles/Library/Developer/Xcode/DerivedData/SDKStatCaches.noindex/iphonesimulator27.0-24A430-8dc58220667be655e1bcc261a7455254.sdkstatcache -target arm64-apple-ios17.0-simulator -fmessage-length\=0 -fdiagnostics-show-note-include-stack -fmacro-backtrace-limit\=0 -fno-color-diagnostics -fmodules-prune-interval\=86400 -fmodules-prune-after\=345600 -fbuild-session-file\=/Users/sparkles/Library/Developer/Xcode/DerivedData/ModuleCache.noindex/Session.modulevalidation -fmodules-validate-once-per-build-session -Wnon-modular-include-in-framework-module -Werror\=non-modular-include-in-framework-module -Wno-trigraphs -Wno-missing-field-initializers -Wno-missing-prototypes -Werror\=return-type -Wdocumentation -Wunreachable-code -Werror\=deprecated-objc-isa-usage -Werror\=objc-root-class -Wno-non-virtual-dtor -Wno-overloaded-virtual -Wno-exit-time-destructors -Wno-missing-braces -Wparentheses -Wswitch -Wunused-function -Wno-unused-label -Wno-unused-parameter -Wunused-variable -Wunused-value -Wempty-body -Wuninitialized -Wconditional-uninitialized -Wno-unknown-pragmas -Wno-shadow -Wno-four-char-constants -Wno-conversion -Wconstant-conversion -Wint-conversion -Wbool-conversion -Wenum-conversion -Wno-float-conversion -Wnon-literal-null-conversion -Wobjc-literal-conversion -Wshorten-64-to-32 -Wno-newline-eof -Wno-c++11-extensions -Wno-implicit-fallthrough -isysroot /Applications/Xcode.app/Contents/Developer/Platforms/iPhoneSimulator.platform/Developer/SDKs/iPhoneSimulator27.0.sdk -fstrict-aliasing -Wdeprecated-declarations -Winvalid-offsetof -Wno-sign-conversion -Winfinite-recursion -Wmove -Wcomma -Wblock-capture-autoreleasing -Wstrict-prototypes -Wrange-loop-analysis -Wno-semicolon-before-method-body -Wunguarded-availability -index-store-path /Users/sparkles/Library/Developer/Xcode/DerivedData/Expensio-futtgngxcysvvhcljmosbeftqmyc/Index.noindex/DataStore -Wno-comma -Wno-shorten-64-to-32 -Wno-documentation @/Users/sparkles/Library/Developer/Xcode/DerivedData/Expensio-futtgngxcysvvhcljmosbeftqmyc/Build/Intermediates.noindex/Pods.build/Debug-iphonesimulator/ReactCodegen.build/Objects-normal/arm64/82b82416624d2658e5098eb0a28c15c5-common-args.resp -DFOLLY_MOBILE\=1 -DFOLLY_USE_LIBCPP\=1 -DFOLLY_CFG_NO_COROUTINES\=1 -DFOLLY_HAVE_CLOCK_GETTIME\=1 -Wno-comma -Wno-shorten-64-to-32 -Wno-documentation -Wno-nullability-completeness -std\=c++20 -include /Users/sparkles/Documents/CodingFiles/FullStack/expensioApp/frontend/ios/Pods/Target\ Support\ Files/ReactCodegen/ReactCodegen-prefix.pch -MMD -MT dependencies -MF /Users/sparkles/Library/Developer/Xcode/DerivedData/Expensio-futtgngxcysvvhcljmosbeftqmyc/Build/Intermediates.noindex/Pods.build/Debug-iphonesimulator/ReactCodegen.build/Objects-normal/arm64/Props-646332cc3ae4b2f219f85d336eb01f7d.d --serialize-diagnostics /Users/sparkles/Library/Developer/Xcode/DerivedData/Expensio-futtgngxcysvvhcljmosbeftqmyc/Build/Intermediates.noindex/Pods.build/Debug-iphonesimulator/ReactCodegen.build/Objects-normal/arm64/Props-646332cc3ae4b2f219f85d336eb01f7d.dia -c /Users/sparkles/Documents/CodingFiles/FullStack/expensioApp/frontend/ios/build/generated/ios/ReactCodegen/react/renderer/components/safeareacontext/Props.cpp -o /Users/sparkles/Library/Developer/Xcode/DerivedData/Expensio-futtgngxcysvvhcljmosbeftqmyc/Build/Intermediates.noindex/Pods.build/Debug-iphonesimulator/ReactCodegen.build/Objects-normal/arm64/Props-646332cc3ae4b2f219f85d336eb01f7d.o -index-unit-output-path /Pods.build/Debug-iphonesimulator/ReactCodegen.build/Objects-normal/arm64/Props-646332cc3ae4b2f219f85d336eb01f7d.o

CompileC /Users/sparkles/Library/Developer/Xcode/DerivedData/Expensio-futtgngxcysvvhcljmosbeftqmyc/Build/Intermediates.noindex/Pods.build/Debug-iphonesimulator/ReactCodegen.build/Objects-normal/arm64/Props-6294fbf6eee10578160c671ca2c686a9.o /Users/sparkles/Documents/CodingFiles/FullStack/expensioApp/frontend/ios/build/generated/ios/ReactCodegen/react/renderer/components/rnscreens/Props.cpp normal arm64 c++ com.apple.compilers.llvm.clang.1_0.compiler (in target 'ReactCodegen' from project 'Pods')
    cd /Users/sparkles/Documents/CodingFiles/FullStack/expensioApp/frontend/ios/Pods
    
    Using response file: /Users/sparkles/Library/Developer/Xcode/DerivedData/Expensio-futtgngxcysvvhcljmosbeftqmyc/Build/Intermediates.noindex/Pods.build/Debug-iphonesimulator/ReactCodegen.build/Objects-normal/arm64/82b82416624d2658e5098eb0a28c15c5-common-args.resp
    
    /Applications/Xcode.app/Contents/Developer/Toolchains/XcodeDefault.xctoolchain/usr/bin/clang -x c++ -ivfsstatcache /Users/sparkles/Library/Developer/Xcode/DerivedData/SDKStatCaches.noindex/iphonesimulator27.0-24A430-8dc58220667be655e1bcc261a7455254.sdkstatcache -target arm64-apple-ios17.0-simulator -fmessage-length\=0 -fdiagnostics-show-note-include-stack -fmacro-backtrace-limit\=0 -fno-color-diagnostics -fmodules-prune-interval\=86400 -fmodules-prune-after\=345600 -fbuild-session-file\=/Users/sparkles/Library/Developer/Xcode/DerivedData/ModuleCache.noindex/Session.modulevalidation -fmodules-validate-once-per-build-session -Wnon-modular-include-in-framework-module -Werror\=non-modular-include-in-framework-module -Wno-trigraphs -Wno-missing-field-initializers -Wno-missing-prototypes -Werror\=return-type -Wdocumentation -Wunreachable-code -Werror\=deprecated-objc-isa-usage -Werror\=objc-root-class -Wno-non-virtual-dtor -Wno-overloaded-virtual -Wno-exit-time-destructors -Wno-missing-braces -Wparentheses -Wswitch -Wunused-function -Wno-unused-label -Wno-unused-parameter -Wunused-variable -Wunused-value -Wempty-body -Wuninitialized -Wconditional-uninitialized -Wno-unknown-pragmas -Wno-shadow -Wno-four-char-constants -Wno-conversion -Wconstant-conversion -Wint-conversion -Wbool-conversion -Wenum-conversion -Wno-float-conversion -Wnon-literal-null-conversion -Wobjc-literal-conversion -Wshorten-64-to-32 -Wno-newline-eof -Wno-c++11-extensions -Wno-implicit-fallthrough -isysroot /Applications/Xcode.app/Contents/Developer/Platforms/iPhoneSimulator.platform/Developer/SDKs/iPhoneSimulator27.0.sdk -fstrict-aliasing -Wdeprecated-declarations -Winvalid-offsetof -Wno-sign-conversion -Winfinite-recursion -Wmove -Wcomma -Wblock-capture-autoreleasing -Wstrict-prototypes -Wrange-loop-analysis -Wno-semicolon-before-method-body -Wunguarded-availability -index-store-path /Users/sparkles/Library/Developer/Xcode/DerivedData/Expensio-futtgngxcysvvhcljmosbeftqmyc/Index.noindex/DataStore -Wno-comma -Wno-shorten-64-to-32 -Wno-documentation @/Users/sparkles/Library/Developer/Xcode/DerivedData/Expensio-futtgngxcysvvhcljmosbeftqmyc/Build/Intermediates.noindex/Pods.build/Debug-iphonesimulator/ReactCodegen.build/Objects-normal/arm64/82b82416624d2658e5098eb0a28c15c5-common-args.resp -DFOLLY_MOBILE\=1 -DFOLLY_USE_LIBCPP\=1 -DFOLLY_CFG_NO_COROUTINES\=1 -DFOLLY_HAVE_CLOCK_GETTIME\=1 -Wno-comma -Wno-shorten-64-to-32 -Wno-documentation -Wno-nullability-completeness -std\=c++20 -include /Users/sparkles/Documents/CodingFiles/FullStack/expensioApp/frontend/ios/Pods/Target\ Support\ Files/ReactCodegen/ReactCodegen-prefix.pch -MMD -MT dependencies -MF /Users/sparkles/Library/Developer/Xcode/DerivedData/Expensio-futtgngxcysvvhcljmosbeftqmyc/Build/Intermediates.noindex/Pods.build/Debug-iphonesimulator/ReactCodegen.build/Objects-normal/arm64/Props-6294fbf6eee10578160c671ca2c686a9.d --serialize-diagnostics /Users/sparkles/Library/Developer/Xcode/DerivedData/Expensio-futtgngxcysvvhcljmosbeftqmyc/Build/Intermediates.noindex/Pods.build/Debug-iphonesimulator/ReactCodegen.build/Objects-normal/arm64/Props-6294fbf6eee10578160c671ca2c686a9.dia -c /Users/sparkles/Documents/CodingFiles/FullStack/expensioApp/frontend/ios/build/generated/ios/ReactCodegen/react/renderer/components/rnscreens/Props.cpp -o /Users/sparkles/Library/Developer/Xcode/DerivedData/Expensio-futtgngxcysvvhcljmosbeftqmyc/Build/Intermediates.noindex/Pods.build/Debug-iphonesimulator/ReactCodegen.build/Objects-normal/arm64/Props-6294fbf6eee10578160c671ca2c686a9.o -index-unit-output-path /Pods.build/Debug-iphonesimulator/ReactCodegen.build/Objects-normal/arm64/Props-6294fbf6eee10578160c671ca2c686a9.o

CompileC /Users/sparkles/Library/Developer/Xcode/DerivedData/Expensio-futtgngxcysvvhcljmosbeftqmyc/Build/Intermediates.noindex/Pods.build/Debug-iphonesimulator/ReactCodegen.build/Objects-normal/arm64/EventEmitters-f4d48ad1a9ca99a85aa6af6abf25f274.o /Users/sparkles/Documents/CodingFiles/FullStack/expensioApp/frontend/ios/build/generated/ios/ReactCodegen/react/renderer/components/safeareacontext/EventEmitters.cpp normal arm64 c++ com.apple.compilers.llvm.clang.1_0.compiler (in target 'ReactCodegen' from project 'Pods')
    cd /Users/sparkles/Documents/CodingFiles/FullStack/expensioApp/frontend/ios/Pods
    
    Using response file: /Users/sparkles/Library/Developer/Xcode/DerivedData/Expensio-futtgngxcysvvhcljmosbeftqmyc/Build/Intermediates.noindex/Pods.build/Debug-iphonesimulator/ReactCodegen.build/Objects-normal/arm64/82b82416624d2658e5098eb0a28c15c5-common-args.resp
    
    /Applications/Xcode.app/Contents/Developer/Toolchains/XcodeDefault.xctoolchain/usr/bin/clang -x c++ -ivfsstatcache /Users/sparkles/Library/Developer/Xcode/DerivedData/SDKStatCaches.noindex/iphonesimulator27.0-24A430-8dc58220667be655e1bcc261a7455254.sdkstatcache -target arm64-apple-ios17.0-simulator -fmessage-length\=0 -fdiagnostics-show-note-include-stack -fmacro-backtrace-limit\=0 -fno-color-diagnostics -fmodules-prune-interval\=86400 -fmodules-prune-after\=345600 -fbuild-session-file\=/Users/sparkles/Library/Developer/Xcode/DerivedData/ModuleCache.noindex/Session.modulevalidation -fmodules-validate-once-per-build-session -Wnon-modular-include-in-framework-module -Werror\=non-modular-include-in-framework-module -Wno-trigraphs -Wno-missing-field-initializers -Wno-missing-prototypes -Werror\=return-type -Wdocumentation -Wunreachable-code -Werror\=deprecated-objc-isa-usage -Werror\=objc-root-class -Wno-non-virtual-dtor -Wno-overloaded-virtual -Wno-exit-time-destructors -Wno-missing-braces -Wparentheses -Wswitch -Wunused-function -Wno-unused-label -Wno-unused-parameter -Wunused-variable -Wunused-value -Wempty-body -Wuninitialized -Wconditional-uninitialized -Wno-unknown-pragmas -Wno-shadow -Wno-four-char-constants -Wno-conversion -Wconstant-conversion -Wint-conversion -Wbool-conversion -Wenum-conversion -Wno-float-conversion -Wnon-literal-null-conversion -Wobjc-literal-conversion -Wshorten-64-to-32 -Wno-newline-eof -Wno-c++11-extensions -Wno-implicit-fallthrough -isysroot /Applications/Xcode.app/Contents/Developer/Platforms/iPhoneSimulator.platform/Developer/SDKs/iPhoneSimulator27.0.sdk -fstrict-aliasing -Wdeprecated-declarations -Winvalid-offsetof -Wno-sign-conversion -Winfinite-recursion -Wmove -Wcomma -Wblock-capture-autoreleasing -Wstrict-prototypes -Wrange-loop-analysis -Wno-semicolon-before-method-body -Wunguarded-availability -index-store-path /Users/sparkles/Library/Developer/Xcode/DerivedData/Expensio-futtgngxcysvvhcljmosbeftqmyc/Index.noindex/DataStore -Wno-comma -Wno-shorten-64-to-32 -Wno-documentation @/Users/sparkles/Library/Developer/Xcode/DerivedData/Expensio-futtgngxcysvvhcljmosbeftqmyc/Build/Intermediates.noindex/Pods.build/Debug-iphonesimulator/ReactCodegen.build/Objects-normal/arm64/82b82416624d2658e5098eb0a28c15c5-common-args.resp -DFOLLY_MOBILE\=1 -DFOLLY_USE_LIBCPP\=1 -DFOLLY_CFG_NO_COROUTINES\=1 -DFOLLY_HAVE_CLOCK_GETTIME\=1 -Wno-comma -Wno-shorten-64-to-32 -Wno-documentation -Wno-nullability-completeness -std\=c++20 -include /Users/sparkles/Documents/CodingFiles/FullStack/expensioApp/frontend/ios/Pods/Target\ Support\ Files/ReactCodegen/ReactCodegen-prefix.pch -MMD -MT dependencies -MF /Users/sparkles/Library/Developer/Xcode/DerivedData/Expensio-futtgngxcysvvhcljmosbeftqmyc/Build/Intermediates.noindex/Pods.build/Debug-iphonesimulator/ReactCodegen.build/Objects-normal/arm64/EventEmitters-f4d48ad1a9ca99a85aa6af6abf25f274.d --serialize-diagnostics /Users/sparkles/Library/Developer/Xcode/DerivedData/Expensio-futtgngxcysvvhcljmosbeftqmyc/Build/Intermediates.noindex/Pods.build/Debug-iphonesimulator/ReactCodegen.build/Objects-normal/arm64/EventEmitters-f4d48ad1a9ca99a85aa6af6abf25f274.dia -c /Users/sparkles/Documents/CodingFiles/FullStack/expensioApp/frontend/ios/build/generated/ios/ReactCodegen/react/renderer/components/safeareacontext/EventEmitters.cpp -o /Users/sparkles/Library/Developer/Xcode/DerivedData/Expensio-futtgngxcysvvhcljmosbeftqmyc/Build/Intermediates.noindex/Pods.build/Debug-iphonesimulator/ReactCodegen.build/Objects-normal/arm64/EventEmitters-f4d48ad1a9ca99a85aa6af6abf25f274.o -index-unit-output-path /Pods.build/Debug-iphonesimulator/ReactCodegen.build/Objects-normal/arm64/EventEmitters-f4d48ad1a9ca99a85aa6af6abf25f274.o

CompileC /Users/sparkles/Library/Developer/Xcode/DerivedData/Expensio-futtgngxcysvvhcljmosbeftqmyc/Build/Intermediates.noindex/Pods.build/Debug-iphonesimulator/ReactCodegen.build/Objects-normal/arm64/EventEmitters-cfa3ae167732d9b19a3920516e6df086.o /Users/sparkles/Documents/CodingFiles/FullStack/expensioApp/frontend/ios/build/generated/ios/ReactCodegen/react/renderer/components/rnscreens/EventEmitters.cpp normal arm64 c++ com.apple.compilers.llvm.clang.1_0.compiler (in target 'ReactCodegen' from project 'Pods')
    cd /Users/sparkles/Documents/CodingFiles/FullStack/expensioApp/frontend/ios/Pods
    
    Using response file: /Users/sparkles/Library/Developer/Xcode/DerivedData/Expensio-futtgngxcysvvhcljmosbeftqmyc/Build/Intermediates.noindex/Pods.build/Debug-iphonesimulator/ReactCodegen.build/Objects-normal/arm64/82b82416624d2658e5098eb0a28c15c5-common-args.resp
    
    /Applications/Xcode.app/Contents/Developer/Toolchains/XcodeDefault.xctoolchain/usr/bin/clang -x c++ -ivfsstatcache /Users/sparkles/Library/Developer/Xcode/DerivedData/SDKStatCaches.noindex/iphonesimulator27.0-24A430-8dc58220667be655e1bcc261a7455254.sdkstatcache -target arm64-apple-ios17.0-simulator -fmessage-length\=0 -fdiagnostics-show-note-include-stack -fmacro-backtrace-limit\=0 -fno-color-diagnostics -fmodules-prune-interval\=86400 -fmodules-prune-after\=345600 -fbuild-session-file\=/Users/sparkles/Library/Developer/Xcode/DerivedData/ModuleCache.noindex/Session.modulevalidation -fmodules-validate-once-per-build-session -Wnon-modular-include-in-framework-module -Werror\=non-modular-include-in-framework-module -Wno-trigraphs -Wno-missing-field-initializers -Wno-missing-prototypes -Werror\=return-type -Wdocumentation -Wunreachable-code -Werror\=deprecated-objc-isa-usage -Werror\=objc-root-class -Wno-non-virtual-dtor -Wno-overloaded-virtual -Wno-exit-time-destructors -Wno-missing-braces -Wparentheses -Wswitch -Wunused-function -Wno-unused-label -Wno-unused-parameter -Wunused-variable -Wunused-value -Wempty-body -Wuninitialized -Wconditional-uninitialized -Wno-unknown-pragmas -Wno-shadow -Wno-four-char-constants -Wno-conversion -Wconstant-conversion -Wint-conversion -Wbool-conversion -Wenum-conversion -Wno-float-conversion -Wnon-literal-null-conversion -Wobjc-literal-conversion -Wshorten-64-to-32 -Wno-newline-eof -Wno-c++11-extensions -Wno-implicit-fallthrough -isysroot /Applications/Xcode.app/Contents/Developer/Platforms/iPhoneSimulator.platform/Developer/SDKs/iPhoneSimulator27.0.sdk -fstrict-aliasing -Wdeprecated-declarations -Winvalid-offsetof -Wno-sign-conversion -Winfinite-recursion -Wmove -Wcomma -Wblock-capture-autoreleasing -Wstrict-prototypes -Wrange-loop-analysis -Wno-semicolon-before-method-body -Wunguarded-availability -index-store-path /Users/sparkles/Library/Developer/Xcode/DerivedData/Expensio-futtgngxcysvvhcljmosbeftqmyc/Index.noindex/DataStore -Wno-comma -Wno-shorten-64-to-32 -Wno-documentation @/Users/sparkles/Library/Developer/Xcode/DerivedData/Expensio-futtgngxcysvvhcljmosbeftqmyc/Build/Intermediates.noindex/Pods.build/Debug-iphonesimulator/ReactCodegen.build/Objects-normal/arm64/82b82416624d2658e5098eb0a28c15c5-common-args.resp -DFOLLY_MOBILE\=1 -DFOLLY_USE_LIBCPP\=1 -DFOLLY_CFG_NO_COROUTINES\=1 -DFOLLY_HAVE_CLOCK_GETTIME\=1 -Wno-comma -Wno-shorten-64-to-32 -Wno-documentation -Wno-nullability-completeness -std\=c++20 -include /Users/sparkles/Documents/CodingFiles/FullStack/expensioApp/frontend/ios/Pods/Target\ Support\ Files/ReactCodegen/ReactCodegen-prefix.pch -MMD -MT dependencies -MF /Users/sparkles/Library/Developer/Xcode/DerivedData/Expensio-futtgngxcysvvhcljmosbeftqmyc/Build/Intermediates.noindex/Pods.build/Debug-iphonesimulator/ReactCodegen.build/Objects-normal/arm64/EventEmitters-cfa3ae167732d9b19a3920516e6df086.d --serialize-diagnostics /Users/sparkles/Library/Developer/Xcode/DerivedData/Expensio-futtgngxcysvvhcljmosbeftqmyc/Build/Intermediates.noindex/Pods.build/Debug-iphonesimulator/ReactCodegen.build/Objects-normal/arm64/EventEmitters-cfa3ae167732d9b19a3920516e6df086.dia -c /Users/sparkles/Documents/CodingFiles/FullStack/expensioApp/frontend/ios/build/generated/ios/ReactCodegen/react/renderer/components/rnscreens/EventEmitters.cpp -o /Users/sparkles/Library/Developer/Xcode/DerivedData/Expensio-futtgngxcysvvhcljmosbeftqmyc/Build/Intermediates.noindex/Pods.build/Debug-iphonesimulator/ReactCodegen.build/Objects-normal/arm64/EventEmitters-cfa3ae167732d9b19a3920516e6df086.o -index-unit-output-path /Pods.build/Debug-iphonesimulator/ReactCodegen.build/Objects-normal/arm64/EventEmitters-cfa3ae167732d9b19a3920516e6df086.o

CompileC /Users/sparkles/Library/Developer/Xcode/DerivedData/Expensio-futtgngxcysvvhcljmosbeftqmyc/Build/Intermediates.noindex/Pods.build/Debug-iphonesimulator/ReactCodegen.build/Objects-normal/arm64/EventEmitters-1eb1a3072a1af49a87ede1c5ae39b08b.o /Users/sparkles/Documents/CodingFiles/FullStack/expensioApp/frontend/ios/build/generated/ios/ReactCodegen/react/renderer/components/rnpicker/EventEmitters.cpp normal arm64 c++ com.apple.compilers.llvm.clang.1_0.compiler (in target 'ReactCodegen' from project 'Pods')
    cd /Users/sparkles/Documents/CodingFiles/FullStack/expensioApp/frontend/ios/Pods
    
    Using response file: /Users/sparkles/Library/Developer/Xcode/DerivedData/Expensio-futtgngxcysvvhcljmosbeftqmyc/Build/Intermediates.noindex/Pods.build/Debug-iphonesimulator/ReactCodegen.build/Objects-normal/arm64/82b82416624d2658e5098eb0a28c15c5-common-args.resp
    
    /Applications/Xcode.app/Contents/Developer/Toolchains/XcodeDefault.xctoolchain/usr/bin/clang -x c++ -ivfsstatcache /Users/sparkles/Library/Developer/Xcode/DerivedData/SDKStatCaches.noindex/iphonesimulator27.0-24A430-8dc58220667be655e1bcc261a7455254.sdkstatcache -target arm64-apple-ios17.0-simulator -fmessage-length\=0 -fdiagnostics-show-note-include-stack -fmacro-backtrace-limit\=0 -fno-color-diagnostics -fmodules-prune-interval\=86400 -fmodules-prune-after\=345600 -fbuild-session-file\=/Users/sparkles/Library/Developer/Xcode/DerivedData/ModuleCache.noindex/Session.modulevalidation -fmodules-validate-once-per-build-session -Wnon-modular-include-in-framework-module -Werror\=non-modular-include-in-framework-module -Wno-trigraphs -Wno-missing-field-initializers -Wno-missing-prototypes -Werror\=return-type -Wdocumentation -Wunreachable-code -Werror\=deprecated-objc-isa-usage -Werror\=objc-root-class -Wno-non-virtual-dtor -Wno-overloaded-virtual -Wno-exit-time-destructors -Wno-missing-braces -Wparentheses -Wswitch -Wunused-function -Wno-unused-label -Wno-unused-parameter -Wunused-variable -Wunused-value -Wempty-body -Wuninitialized -Wconditional-uninitialized -Wno-unknown-pragmas -Wno-shadow -Wno-four-char-constants -Wno-conversion -Wconstant-conversion -Wint-conversion -Wbool-conversion -Wenum-conversion -Wno-float-conversion -Wnon-literal-null-conversion -Wobjc-literal-conversion -Wshorten-64-to-32 -Wno-newline-eof -Wno-c++11-extensions -Wno-implicit-fallthrough -isysroot /Applications/Xcode.app/Contents/Developer/Platforms/iPhoneSimulator.platform/Developer/SDKs/iPhoneSimulator27.0.sdk -fstrict-aliasing -Wdeprecated-declarations -Winvalid-offsetof -Wno-sign-conversion -Winfinite-recursion -Wmove -Wcomma -Wblock-capture-autoreleasing -Wstrict-prototypes -Wrange-loop-analysis -Wno-semicolon-before-method-body -Wunguarded-availability -index-store-path /Users/sparkles/Library/Developer/Xcode/DerivedData/Expensio-futtgngxcysvvhcljmosbeftqmyc/Index.noindex/DataStore -Wno-comma -Wno-shorten-64-to-32 -Wno-documentation @/Users/sparkles/Library/Developer/Xcode/DerivedData/Expensio-futtgngxcysvvhcljmosbeftqmyc/Build/Intermediates.noindex/Pods.build/Debug-iphonesimulator/ReactCodegen.build/Objects-normal/arm64/82b82416624d2658e5098eb0a28c15c5-common-args.resp -DFOLLY_MOBILE\=1 -DFOLLY_USE_LIBCPP\=1 -DFOLLY_CFG_NO_COROUTINES\=1 -DFOLLY_HAVE_CLOCK_GETTIME\=1 -Wno-comma -Wno-shorten-64-to-32 -Wno-documentation -Wno-nullability-completeness -std\=c++20 -include /Users/sparkles/Documents/CodingFiles/FullStack/expensioApp/frontend/ios/Pods/Target\ Support\ Files/ReactCodegen/ReactCodegen-prefix.pch -MMD -MT dependencies -MF /Users/sparkles/Library/Developer/Xcode/DerivedData/Expensio-futtgngxcysvvhcljmosbeftqmyc/Build/Intermediates.noindex/Pods.build/Debug-iphonesimulator/ReactCodegen.build/Objects-normal/arm64/EventEmitters-1eb1a3072a1af49a87ede1c5ae39b08b.d --serialize-diagnostics /Users/sparkles/Library/Developer/Xcode/DerivedData/Expensio-futtgngxcysvvhcljmosbeftqmyc/Build/Intermediates.noindex/Pods.build/Debug-iphonesimulator/ReactCodegen.build/Objects-normal/arm64/EventEmitters-1eb1a3072a1af49a87ede1c5ae39b08b.dia -c /Users/sparkles/Documents/CodingFiles/FullStack/expensioApp/frontend/ios/build/generated/ios/ReactCodegen/react/renderer/components/rnpicker/EventEmitters.cpp -o /Users/sparkles/Library/Developer/Xcode/DerivedData/Expensio-futtgngxcysvvhcljmosbeftqmyc/Build/Intermediates.noindex/Pods.build/Debug-iphonesimulator/ReactCodegen.build/Objects-normal/arm64/EventEmitters-1eb1a3072a1af49a87ede1c5ae39b08b.o -index-unit-output-path /Pods.build/Debug-iphonesimulator/ReactCodegen.build/Objects-normal/arm64/EventEmitters-1eb1a3072a1af49a87ede1c5ae39b08b.o

CompileC /Users/sparkles/Library/Developer/Xcode/DerivedData/Expensio-futtgngxcysvvhcljmosbeftqmyc/Build/Intermediates.noindex/Pods.build/Debug-iphonesimulator/ReactCodegen.build/Objects-normal/arm64/EventEmitters-126d9f10ae211b46d5f0277c35350a96.o /Users/sparkles/Documents/CodingFiles/FullStack/expensioApp/frontend/ios/build/generated/ios/ReactCodegen/react/renderer/components/rnsvg/EventEmitters.cpp normal arm64 c++ com.apple.compilers.llvm.clang.1_0.compiler (in target 'ReactCodegen' from project 'Pods')
    cd /Users/sparkles/Documents/CodingFiles/FullStack/expensioApp/frontend/ios/Pods
    
    Using response file: /Users/sparkles/Library/Developer/Xcode/DerivedData/Expensio-futtgngxcysvvhcljmosbeftqmyc/Build/Intermediates.noindex/Pods.build/Debug-iphonesimulator/ReactCodegen.build/Objects-normal/arm64/82b82416624d2658e5098eb0a28c15c5-common-args.resp
    
    /Applications/Xcode.app/Contents/Developer/Toolchains/XcodeDefault.xctoolchain/usr/bin/clang -x c++ -ivfsstatcache /Users/sparkles/Library/Developer/Xcode/DerivedData/SDKStatCaches.noindex/iphonesimulator27.0-24A430-8dc58220667be655e1bcc261a7455254.sdkstatcache -target arm64-apple-ios17.0-simulator -fmessage-length\=0 -fdiagnostics-show-note-include-stack -fmacro-backtrace-limit\=0 -fno-color-diagnostics -fmodules-prune-interval\=86400 -fmodules-prune-after\=345600 -fbuild-session-file\=/Users/sparkles/Library/Developer/Xcode/DerivedData/ModuleCache.noindex/Session.modulevalidation -fmodules-validate-once-per-build-session -Wnon-modular-include-in-framework-module -Werror\=non-modular-include-in-framework-module -Wno-trigraphs -Wno-missing-field-initializers -Wno-missing-prototypes -Werror\=return-type -Wdocumentation -Wunreachable-code -Werror\=deprecated-objc-isa-usage -Werror\=objc-root-class -Wno-non-virtual-dtor -Wno-overloaded-virtual -Wno-exit-time-destructors -Wno-missing-braces -Wparentheses -Wswitch -Wunused-function -Wno-unused-label -Wno-unused-parameter -Wunused-variable -Wunused-value -Wempty-body -Wuninitialized -Wconditional-uninitialized -Wno-unknown-pragmas -Wno-shadow -Wno-four-char-constants -Wno-conversion -Wconstant-conversion -Wint-conversion -Wbool-conversion -Wenum-conversion -Wno-float-conversion -Wnon-literal-null-conversion -Wobjc-literal-conversion -Wshorten-64-to-32 -Wno-newline-eof -Wno-c++11-extensions -Wno-implicit-fallthrough -isysroot /Applications/Xcode.app/Contents/Developer/Platforms/iPhoneSimulator.platform/Developer/SDKs/iPhoneSimulator27.0.sdk -fstrict-aliasing -Wdeprecated-declarations -Winvalid-offsetof -Wno-sign-conversion -Winfinite-recursion -Wmove -Wcomma -Wblock-capture-autoreleasing -Wstrict-prototypes -Wrange-loop-analysis -Wno-semicolon-before-method-body -Wunguarded-availability -index-store-path /Users/sparkles/Library/Developer/Xcode/DerivedData/Expensio-futtgngxcysvvhcljmosbeftqmyc/Index.noindex/DataStore -Wno-comma -Wno-shorten-64-to-32 -Wno-documentation @/Users/sparkles/Library/Developer/Xcode/DerivedData/Expensio-futtgngxcysvvhcljmosbeftqmyc/Build/Intermediates.noindex/Pods.build/Debug-iphonesimulator/ReactCodegen.build/Objects-normal/arm64/82b82416624d2658e5098eb0a28c15c5-common-args.resp -DFOLLY_MOBILE\=1 -DFOLLY_USE_LIBCPP\=1 -DFOLLY_CFG_NO_COROUTINES\=1 -DFOLLY_HAVE_CLOCK_GETTIME\=1 -Wno-comma -Wno-shorten-64-to-32 -Wno-documentation -Wno-nullability-completeness -std\=c++20 -include /Users/sparkles/Documents/CodingFiles/FullStack/expensioApp/frontend/ios/Pods/Target\ Support\ Files/ReactCodegen/ReactCodegen-prefix.pch -MMD -MT dependencies -MF /Users/sparkles/Library/Developer/Xcode/DerivedData/Expensio-futtgngxcysvvhcljmosbeftqmyc/Build/Intermediates.noindex/Pods.build/Debug-iphonesimulator/ReactCodegen.build/Objects-normal/arm64/EventEmitters-126d9f10ae211b46d5f0277c35350a96.d --serialize-diagnostics /Users/sparkles/Library/Developer/Xcode/DerivedData/Expensio-futtgngxcysvvhcljmosbeftqmyc/Build/Intermediates.noindex/Pods.build/Debug-iphonesimulator/ReactCodegen.build/Objects-normal/arm64/EventEmitters-126d9f10ae211b46d5f0277c35350a96.dia -c /Users/sparkles/Documents/CodingFiles/FullStack/expensioApp/frontend/ios/build/generated/ios/ReactCodegen/react/renderer/components/rnsvg/EventEmitters.cpp -o /Users/sparkles/Library/Developer/Xcode/DerivedData/Expensio-futtgngxcysvvhcljmosbeftqmyc/Build/Intermediates.noindex/Pods.build/Debug-iphonesimulator/ReactCodegen.build/Objects-normal/arm64/EventEmitters-126d9f10ae211b46d5f0277c35350a96.o -index-unit-output-path /Pods.build/Debug-iphonesimulator/ReactCodegen.build/Objects-normal/arm64/EventEmitters-126d9f10ae211b46d5f0277c35350a96.o

CompileC /Users/sparkles/Library/Developer/Xcode/DerivedData/Expensio-futtgngxcysvvhcljmosbeftqmyc/Build/Intermediates.noindex/Pods.build/Debug-iphonesimulator/ReactCodegen.build/Objects-normal/arm64/ComponentDescriptors-cbd5b6618b61fdbad152dbdbe9e7b42a.o /Users/sparkles/Documents/CodingFiles/FullStack/expensioApp/frontend/ios/build/generated/ios/ReactCodegen/react/renderer/components/safeareacontext/ComponentDescriptors.cpp normal arm64 c++ com.apple.compilers.llvm.clang.1_0.compiler (in target 'ReactCodegen' from project 'Pods')
    cd /Users/sparkles/Documents/CodingFiles/FullStack/expensioApp/frontend/ios/Pods
    
    Using response file: /Users/sparkles/Library/Developer/Xcode/DerivedData/Expensio-futtgngxcysvvhcljmosbeftqmyc/Build/Intermediates.noindex/Pods.build/Debug-iphonesimulator/ReactCodegen.build/Objects-normal/arm64/82b82416624d2658e5098eb0a28c15c5-common-args.resp
    
    /Applications/Xcode.app/Contents/Developer/Toolchains/XcodeDefault.xctoolchain/usr/bin/clang -x c++ -ivfsstatcache /Users/sparkles/Library/Developer/Xcode/DerivedData/SDKStatCaches.noindex/iphonesimulator27.0-24A430-8dc58220667be655e1bcc261a7455254.sdkstatcache -target arm64-apple-ios17.0-simulator -fmessage-length\=0 -fdiagnostics-show-note-include-stack -fmacro-backtrace-limit\=0 -fno-color-diagnostics -fmodules-prune-interval\=86400 -fmodules-prune-after\=345600 -fbuild-session-file\=/Users/sparkles/Library/Developer/Xcode/DerivedData/ModuleCache.noindex/Session.modulevalidation -fmodules-validate-once-per-build-session -Wnon-modular-include-in-framework-module -Werror\=non-modular-include-in-framework-module -Wno-trigraphs -Wno-missing-field-initializers -Wno-missing-prototypes -Werror\=return-type -Wdocumentation -Wunreachable-code -Werror\=deprecated-objc-isa-usage -Werror\=objc-root-class -Wno-non-virtual-dtor -Wno-overloaded-virtual -Wno-exit-time-destructors -Wno-missing-braces -Wparentheses -Wswitch -Wunused-function -Wno-unused-label -Wno-unused-parameter -Wunused-variable -Wunused-value -Wempty-body -Wuninitialized -Wconditional-uninitialized -Wno-unknown-pragmas -Wno-shadow -Wno-four-char-constants -Wno-conversion -Wconstant-conversion -Wint-conversion -Wbool-conversion -Wenum-conversion -Wno-float-conversion -Wnon-literal-null-conversion -Wobjc-literal-conversion -Wshorten-64-to-32 -Wno-newline-eof -Wno-c++11-extensions -Wno-implicit-fallthrough -isysroot /Applications/Xcode.app/Contents/Developer/Platforms/iPhoneSimulator.platform/Developer/SDKs/iPhoneSimulator27.0.sdk -fstrict-aliasing -Wdeprecated-declarations -Winvalid-offsetof -Wno-sign-conversion -Winfinite-recursion -Wmove -Wcomma -Wblock-capture-autoreleasing -Wstrict-prototypes -Wrange-loop-analysis -Wno-semicolon-before-method-body -Wunguarded-availability -index-store-path /Users/sparkles/Library/Developer/Xcode/DerivedData/Expensio-futtgngxcysvvhcljmosbeftqmyc/Index.noindex/DataStore -Wno-comma -Wno-shorten-64-to-32 -Wno-documentation @/Users/sparkles/Library/Developer/Xcode/DerivedData/Expensio-futtgngxcysvvhcljmosbeftqmyc/Build/Intermediates.noindex/Pods.build/Debug-iphonesimulator/ReactCodegen.build/Objects-normal/arm64/82b82416624d2658e5098eb0a28c15c5-common-args.resp -DFOLLY_MOBILE\=1 -DFOLLY_USE_LIBCPP\=1 -DFOLLY_CFG_NO_COROUTINES\=1 -DFOLLY_HAVE_CLOCK_GETTIME\=1 -Wno-comma -Wno-shorten-64-to-32 -Wno-documentation -Wno-nullability-completeness -std\=c++20 -include /Users/sparkles/Documents/CodingFiles/FullStack/expensioApp/frontend/ios/Pods/Target\ Support\ Files/ReactCodegen/ReactCodegen-prefix.pch -MMD -MT dependencies -MF /Users/sparkles/Library/Developer/Xcode/DerivedData/Expensio-futtgngxcysvvhcljmosbeftqmyc/Build/Intermediates.noindex/Pods.build/Debug-iphonesimulator/ReactCodegen.build/Objects-normal/arm64/ComponentDescriptors-cbd5b6618b61fdbad152dbdbe9e7b42a.d --serialize-diagnostics /Users/sparkles/Library/Developer/Xcode/DerivedData/Expensio-futtgngxcysvvhcljmosbeftqmyc/Build/Intermediates.noindex/Pods.build/Debug-iphonesimulator/ReactCodegen.build/Objects-normal/arm64/ComponentDescriptors-cbd5b6618b61fdbad152dbdbe9e7b42a.dia -c /Users/sparkles/Documents/CodingFiles/FullStack/expensioApp/frontend/ios/build/generated/ios/ReactCodegen/react/renderer/components/safeareacontext/ComponentDescriptors.cpp -o /Users/sparkles/Library/Developer/Xcode/DerivedData/Expensio-futtgngxcysvvhcljmosbeftqmyc/Build/Intermediates.noindex/Pods.build/Debug-iphonesimulator/ReactCodegen.build/Objects-normal/arm64/ComponentDescriptors-cbd5b6618b61fdbad152dbdbe9e7b42a.o -index-unit-output-path /Pods.build/Debug-iphonesimulator/ReactCodegen.build/Objects-normal/arm64/ComponentDescriptors-cbd5b6618b61fdbad152dbdbe9e7b42a.o

CompileC /Users/sparkles/Library/Developer/Xcode/DerivedData/Expensio-futtgngxcysvvhcljmosbeftqmyc/Build/Intermediates.noindex/Pods.build/Debug-iphonesimulator/ReactCodegen.build/Objects-normal/arm64/ComponentDescriptors-73f482015315999ae610e5491f0da706.o /Users/sparkles/Documents/CodingFiles/FullStack/expensioApp/frontend/ios/build/generated/ios/ReactCodegen/react/renderer/components/rnsvg/ComponentDescriptors.cpp normal arm64 c++ com.apple.compilers.llvm.clang.1_0.compiler (in target 'ReactCodegen' from project 'Pods')
    cd /Users/sparkles/Documents/CodingFiles/FullStack/expensioApp/frontend/ios/Pods
    
    Using response file: /Users/sparkles/Library/Developer/Xcode/DerivedData/Expensio-futtgngxcysvvhcljmosbeftqmyc/Build/Intermediates.noindex/Pods.build/Debug-iphonesimulator/ReactCodegen.build/Objects-normal/arm64/82b82416624d2658e5098eb0a28c15c5-common-args.resp
    
    /Applications/Xcode.app/Contents/Developer/Toolchains/XcodeDefault.xctoolchain/usr/bin/clang -x c++ -ivfsstatcache /Users/sparkles/Library/Developer/Xcode/DerivedData/SDKStatCaches.noindex/iphonesimulator27.0-24A430-8dc58220667be655e1bcc261a7455254.sdkstatcache -target arm64-apple-ios17.0-simulator -fmessage-length\=0 -fdiagnostics-show-note-include-stack -fmacro-backtrace-limit\=0 -fno-color-diagnostics -fmodules-prune-interval\=86400 -fmodules-prune-after\=345600 -fbuild-session-file\=/Users/sparkles/Library/Developer/Xcode/DerivedData/ModuleCache.noindex/Session.modulevalidation -fmodules-validate-once-per-build-session -Wnon-modular-include-in-framework-module -Werror\=non-modular-include-in-framework-module -Wno-trigraphs -Wno-missing-field-initializers -Wno-missing-prototypes -Werror\=return-type -Wdocumentation -Wunreachable-code -Werror\=deprecated-objc-isa-usage -Werror\=objc-root-class -Wno-non-virtual-dtor -Wno-overloaded-virtual -Wno-exit-time-destructors -Wno-missing-braces -Wparentheses -Wswitch -Wunused-function -Wno-unused-label -Wno-unused-parameter -Wunused-variable -Wunused-value -Wempty-body -Wuninitialized -Wconditional-uninitialized -Wno-unknown-pragmas -Wno-shadow -Wno-four-char-constants -Wno-conversion -Wconstant-conversion -Wint-conversion -Wbool-conversion -Wenum-conversion -Wno-float-conversion -Wnon-literal-null-conversion -Wobjc-literal-conversion -Wshorten-64-to-32 -Wno-newline-eof -Wno-c++11-extensions -Wno-implicit-fallthrough -isysroot /Applications/Xcode.app/Contents/Developer/Platforms/iPhoneSimulator.platform/Developer/SDKs/iPhoneSimulator27.0.sdk -fstrict-aliasing -Wdeprecated-declarations -Winvalid-offsetof -Wno-sign-conversion -Winfinite-recursion -Wmove -Wcomma -Wblock-capture-autoreleasing -Wstrict-prototypes -Wrange-loop-analysis -Wno-semicolon-before-method-body -Wunguarded-availability -index-store-path /Users/sparkles/Library/Developer/Xcode/DerivedData/Expensio-futtgngxcysvvhcljmosbeftqmyc/Index.noindex/DataStore -Wno-comma -Wno-shorten-64-to-32 -Wno-documentation @/Users/sparkles/Library/Developer/Xcode/DerivedData/Expensio-futtgngxcysvvhcljmosbeftqmyc/Build/Intermediates.noindex/Pods.build/Debug-iphonesimulator/ReactCodegen.build/Objects-normal/arm64/82b82416624d2658e5098eb0a28c15c5-common-args.resp -DFOLLY_MOBILE\=1 -DFOLLY_USE_LIBCPP\=1 -DFOLLY_CFG_NO_COROUTINES\=1 -DFOLLY_HAVE_CLOCK_GETTIME\=1 -Wno-comma -Wno-shorten-64-to-32 -Wno-documentation -Wno-nullability-completeness -std\=c++20 -include /Users/sparkles/Documents/CodingFiles/FullStack/expensioApp/frontend/ios/Pods/Target\ Support\ Files/ReactCodegen/ReactCodegen-prefix.pch -MMD -MT dependencies -MF /Users/sparkles/Library/Developer/Xcode/DerivedData/Expensio-futtgngxcysvvhcljmosbeftqmyc/Build/Intermediates.noindex/Pods.build/Debug-iphonesimulator/ReactCodegen.build/Objects-normal/arm64/ComponentDescriptors-73f482015315999ae610e5491f0da706.d --serialize-diagnostics /Users/sparkles/Library/Developer/Xcode/DerivedData/Expensio-futtgngxcysvvhcljmosbeftqmyc/Build/Intermediates.noindex/Pods.build/Debug-iphonesimulator/ReactCodegen.build/Objects-normal/arm64/ComponentDescriptors-73f482015315999ae610e5491f0da706.dia -c /Users/sparkles/Documents/CodingFiles/FullStack/expensioApp/frontend/ios/build/generated/ios/ReactCodegen/react/renderer/components/rnsvg/ComponentDescriptors.cpp -o /Users/sparkles/Library/Developer/Xcode/DerivedData/Expensio-futtgngxcysvvhcljmosbeftqmyc/Build/Intermediates.noindex/Pods.build/Debug-iphonesimulator/ReactCodegen.build/Objects-normal/arm64/ComponentDescriptors-73f482015315999ae610e5491f0da706.o -index-unit-output-path /Pods.build/Debug-iphonesimulator/ReactCodegen.build/Objects-normal/arm64/ComponentDescriptors-73f482015315999ae610e5491f0da706.o

CompileC /Users/sparkles/Library/Developer/Xcode/DerivedData/Expensio-futtgngxcysvvhcljmosbeftqmyc/Build/Intermediates.noindex/Pods.build/Debug-iphonesimulator/ReactCodegen.build/Objects-normal/arm64/ComponentDescriptors-256a9393c2887f25062e89f4ee8fa3ba.o /Users/sparkles/Documents/CodingFiles/FullStack/expensioApp/frontend/ios/build/generated/ios/ReactCodegen/react/renderer/components/rnscreens/ComponentDescriptors.cpp normal arm64 c++ com.apple.compilers.llvm.clang.1_0.compiler (in target 'ReactCodegen' from project 'Pods')
    cd /Users/sparkles/Documents/CodingFiles/FullStack/expensioApp/frontend/ios/Pods
    
    Using response file: /Users/sparkles/Library/Developer/Xcode/DerivedData/Expensio-futtgngxcysvvhcljmosbeftqmyc/Build/Intermediates.noindex/Pods.build/Debug-iphonesimulator/ReactCodegen.build/Objects-normal/arm64/82b82416624d2658e5098eb0a28c15c5-common-args.resp
    
    /Applications/Xcode.app/Contents/Developer/Toolchains/XcodeDefault.xctoolchain/usr/bin/clang -x c++ -ivfsstatcache /Users/sparkles/Library/Developer/Xcode/DerivedData/SDKStatCaches.noindex/iphonesimulator27.0-24A430-8dc58220667be655e1bcc261a7455254.sdkstatcache -target arm64-apple-ios17.0-simulator -fmessage-length\=0 -fdiagnostics-show-note-include-stack -fmacro-backtrace-limit\=0 -fno-color-diagnostics -fmodules-prune-interval\=86400 -fmodules-prune-after\=345600 -fbuild-session-file\=/Users/sparkles/Library/Developer/Xcode/DerivedData/ModuleCache.noindex/Session.modulevalidation -fmodules-validate-once-per-build-session -Wnon-modular-include-in-framework-module -Werror\=non-modular-include-in-framework-module -Wno-trigraphs -Wno-missing-field-initializers -Wno-missing-prototypes -Werror\=return-type -Wdocumentation -Wunreachable-code -Werror\=deprecated-objc-isa-usage -Werror\=objc-root-class -Wno-non-virtual-dtor -Wno-overloaded-virtual -Wno-exit-time-destructors -Wno-missing-braces -Wparentheses -Wswitch -Wunused-function -Wno-unused-label -Wno-unused-parameter -Wunused-variable -Wunused-value -Wempty-body -Wuninitialized -Wconditional-uninitialized -Wno-unknown-pragmas -Wno-shadow -Wno-four-char-constants -Wno-conversion -Wconstant-conversion -Wint-conversion -Wbool-conversion -Wenum-conversion -Wno-float-conversion -Wnon-literal-null-conversion -Wobjc-literal-conversion -Wshorten-64-to-32 -Wno-newline-eof -Wno-c++11-extensions -Wno-implicit-fallthrough -isysroot /Applications/Xcode.app/Contents/Developer/Platforms/iPhoneSimulator.platform/Developer/SDKs/iPhoneSimulator27.0.sdk -fstrict-aliasing -Wdeprecated-declarations -Winvalid-offsetof -Wno-sign-conversion -Winfinite-recursion -Wmove -Wcomma -Wblock-capture-autoreleasing -Wstrict-prototypes -Wrange-loop-analysis -Wno-semicolon-before-method-body -Wunguarded-availability -index-store-path /Users/sparkles/Library/Developer/Xcode/DerivedData/Expensio-futtgngxcysvvhcljmosbeftqmyc/Index.noindex/DataStore -Wno-comma -Wno-shorten-64-to-32 -Wno-documentation @/Users/sparkles/Library/Developer/Xcode/DerivedData/Expensio-futtgngxcysvvhcljmosbeftqmyc/Build/Intermediates.noindex/Pods.build/Debug-iphonesimulator/ReactCodegen.build/Objects-normal/arm64/82b82416624d2658e5098eb0a28c15c5-common-args.resp -DFOLLY_MOBILE\=1 -DFOLLY_USE_LIBCPP\=1 -DFOLLY_CFG_NO_COROUTINES\=1 -DFOLLY_HAVE_CLOCK_GETTIME\=1 -Wno-comma -Wno-shorten-64-to-32 -Wno-documentation -Wno-nullability-completeness -std\=c++20 -include /Users/sparkles/Documents/CodingFiles/FullStack/expensioApp/frontend/ios/Pods/Target\ Support\ Files/ReactCodegen/ReactCodegen-prefix.pch -MMD -MT dependencies -MF /Users/sparkles/Library/Developer/Xcode/DerivedData/Expensio-futtgngxcysvvhcljmosbeftqmyc/Build/Intermediates.noindex/Pods.build/Debug-iphonesimulator/ReactCodegen.build/Objects-normal/arm64/ComponentDescriptors-256a9393c2887f25062e89f4ee8fa3ba.d --serialize-diagnostics /Users/sparkles/Library/Developer/Xcode/DerivedData/Expensio-futtgngxcysvvhcljmosbeftqmyc/Build/Intermediates.noindex/Pods.build/Debug-iphonesimulator/ReactCodegen.build/Objects-normal/arm64/ComponentDescriptors-256a9393c2887f25062e89f4ee8fa3ba.dia -c /Users/sparkles/Documents/CodingFiles/FullStack/expensioApp/frontend/ios/build/generated/ios/ReactCodegen/react/renderer/components/rnscreens/ComponentDescriptors.cpp -o /Users/sparkles/Library/Developer/Xcode/DerivedData/Expensio-futtgngxcysvvhcljmosbeftqmyc/Build/Intermediates.noindex/Pods.build/Debug-iphonesimulator/ReactCodegen.build/Objects-normal/arm64/ComponentDescriptors-256a9393c2887f25062e89f4ee8fa3ba.o -index-unit-output-path /Pods.build/Debug-iphonesimulator/ReactCodegen.build/Objects-normal/arm64/ComponentDescriptors-256a9393c2887f25062e89f4ee8fa3ba.o

CompileC /Users/sparkles/Library/Developer/Xcode/DerivedData/Expensio-futtgngxcysvvhcljmosbeftqmyc/Build/Intermediates.noindex/Pods.build/Debug-iphonesimulator/ReactCodegen.build/Objects-normal/arm64/ComponentDescriptors-153cd5e22ea2e4cd997ac42c421785da.o /Users/sparkles/Documents/CodingFiles/FullStack/expensioApp/frontend/ios/build/generated/ios/ReactCodegen/react/renderer/components/rnpicker/ComponentDescriptors.cpp normal arm64 c++ com.apple.compilers.llvm.clang.1_0.compiler (in target 'ReactCodegen' from project 'Pods')
    cd /Users/sparkles/Documents/CodingFiles/FullStack/expensioApp/frontend/ios/Pods
    
    Using response file: /Users/sparkles/Library/Developer/Xcode/DerivedData/Expensio-futtgngxcysvvhcljmosbeftqmyc/Build/Intermediates.noindex/Pods.build/Debug-iphonesimulator/ReactCodegen.build/Objects-normal/arm64/82b82416624d2658e5098eb0a28c15c5-common-args.resp
    
    /Applications/Xcode.app/Contents/Developer/Toolchains/XcodeDefault.xctoolchain/usr/bin/clang -x c++ -ivfsstatcache /Users/sparkles/Library/Developer/Xcode/DerivedData/SDKStatCaches.noindex/iphonesimulator27.0-24A430-8dc58220667be655e1bcc261a7455254.sdkstatcache -target arm64-apple-ios17.0-simulator -fmessage-length\=0 -fdiagnostics-show-note-include-stack -fmacro-backtrace-limit\=0 -fno-color-diagnostics -fmodules-prune-interval\=86400 -fmodules-prune-after\=345600 -fbuild-session-file\=/Users/sparkles/Library/Developer/Xcode/DerivedData/ModuleCache.noindex/Session.modulevalidation -fmodules-validate-once-per-build-session -Wnon-modular-include-in-framework-module -Werror\=non-modular-include-in-framework-module -Wno-trigraphs -Wno-missing-field-initializers -Wno-missing-prototypes -Werror\=return-type -Wdocumentation -Wunreachable-code -Werror\=deprecated-objc-isa-usage -Werror\=objc-root-class -Wno-non-virtual-dtor -Wno-overloaded-virtual -Wno-exit-time-destructors -Wno-missing-braces -Wparentheses -Wswitch -Wunused-function -Wno-unused-label -Wno-unused-parameter -Wunused-variable -Wunused-value -Wempty-body -Wuninitialized -Wconditional-uninitialized -Wno-unknown-pragmas -Wno-shadow -Wno-four-char-constants -Wno-conversion -Wconstant-conversion -Wint-conversion -Wbool-conversion -Wenum-conversion -Wno-float-conversion -Wnon-literal-null-conversion -Wobjc-literal-conversion -Wshorten-64-to-32 -Wno-newline-eof -Wno-c++11-extensions -Wno-implicit-fallthrough -isysroot /Applications/Xcode.app/Contents/Developer/Platforms/iPhoneSimulator.platform/Developer/SDKs/iPhoneSimulator27.0.sdk -fstrict-aliasing -Wdeprecated-declarations -Winvalid-offsetof -Wno-sign-conversion -Winfinite-recursion -Wmove -Wcomma -Wblock-capture-autoreleasing -Wstrict-prototypes -Wrange-loop-analysis -Wno-semicolon-before-method-body -Wunguarded-availability -index-store-path /Users/sparkles/Library/Developer/Xcode/DerivedData/Expensio-futtgngxcysvvhcljmosbeftqmyc/Index.noindex/DataStore -Wno-comma -Wno-shorten-64-to-32 -Wno-documentation @/Users/sparkles/Library/Developer/Xcode/DerivedData/Expensio-futtgngxcysvvhcljmosbeftqmyc/Build/Intermediates.noindex/Pods.build/Debug-iphonesimulator/ReactCodegen.build/Objects-normal/arm64/82b82416624d2658e5098eb0a28c15c5-common-args.resp -DFOLLY_MOBILE\=1 -DFOLLY_USE_LIBCPP\=1 -DFOLLY_CFG_NO_COROUTINES\=1 -DFOLLY_HAVE_CLOCK_GETTIME\=1 -Wno-comma -Wno-shorten-64-to-32 -Wno-documentation -Wno-nullability-completeness -std\=c++20 -include /Users/sparkles/Documents/CodingFiles/FullStack/expensioApp/frontend/ios/Pods/Target\ Support\ Files/ReactCodegen/ReactCodegen-prefix.pch -MMD -MT dependencies -MF /Users/sparkles/Library/Developer/Xcode/DerivedData/Expensio-futtgngxcysvvhcljmosbeftqmyc/Build/Intermediates.noindex/Pods.build/Debug-iphonesimulator/ReactCodegen.build/Objects-normal/arm64/ComponentDescriptors-153cd5e22ea2e4cd997ac42c421785da.d --serialize-diagnostics /Users/sparkles/Library/Developer/Xcode/DerivedData/Expensio-futtgngxcysvvhcljmosbeftqmyc/Build/Intermediates.noindex/Pods.build/Debug-iphonesimulator/ReactCodegen.build/Objects-normal/arm64/ComponentDescriptors-153cd5e22ea2e4cd997ac42c421785da.dia -c /Users/sparkles/Documents/CodingFiles/FullStack/expensioApp/frontend/ios/build/generated/ios/ReactCodegen/react/renderer/components/rnpicker/ComponentDescriptors.cpp -o /Users/sparkles/Library/Developer/Xcode/DerivedData/Expensio-futtgngxcysvvhcljmosbeftqmyc/Build/Intermediates.noindex/Pods.build/Debug-iphonesimulator/ReactCodegen.build/Objects-normal/arm64/ComponentDescriptors-153cd5e22ea2e4cd997ac42c421785da.o -index-unit-output-path /Pods.build/Debug-iphonesimulator/ReactCodegen.build/Objects-normal/arm64/ComponentDescriptors-153cd5e22ea2e4cd997ac42c421785da.o

CompileC /Users/sparkles/Library/Developer/Xcode/DerivedData/Expensio-futtgngxcysvvhcljmosbeftqmyc/Build/Intermediates.noindex/Pods.build/Debug-iphonesimulator/ReactCodegen.build/Objects-normal/arm64/AsyncStorageSpec-generated.o /Users/sparkles/Documents/CodingFiles/FullStack/expensioApp/frontend/ios/build/generated/ios/ReactCodegen/AsyncStorageSpec/AsyncStorageSpec-generated.mm normal arm64 objective-c++ com.apple.compilers.llvm.clang.1_0.compiler (in target 'ReactCodegen' from project 'Pods')
    cd /Users/sparkles/Documents/CodingFiles/FullStack/expensioApp/frontend/ios/Pods
    
    Using response file: /Users/sparkles/Library/Developer/Xcode/DerivedData/Expensio-futtgngxcysvvhcljmosbeftqmyc/Build/Intermediates.noindex/Pods.build/Debug-iphonesimulator/ReactCodegen.build/Objects-normal/arm64/af3fcb34312c57c0f52879cdce924b91-common-args.resp
    
    /Applications/Xcode.app/Contents/Developer/Toolchains/XcodeDefault.xctoolchain/usr/bin/clang -x objective-c++ -ivfsstatcache /Users/sparkles/Library/Developer/Xcode/DerivedData/SDKStatCaches.noindex/iphonesimulator27.0-24A430-8dc58220667be655e1bcc261a7455254.sdkstatcache -target arm64-apple-ios17.0-simulator -fmessage-length\=0 -fdiagnostics-show-note-include-stack -fmacro-backtrace-limit\=0 -fno-color-diagnostics -fmodules-prune-interval\=86400 -fmodules-prune-after\=345600 -fbuild-session-file\=/Users/sparkles/Library/Developer/Xcode/DerivedData/ModuleCache.noindex/Session.modulevalidation -fmodules-validate-once-per-build-session -Wnon-modular-include-in-framework-module -Werror\=non-modular-include-in-framework-module -Wno-trigraphs -Wno-missing-field-initializers -Wno-missing-prototypes -Werror\=return-type -Wdocumentation -Wunreachable-code -Wno-implicit-atomic-properties -Werror\=deprecated-objc-isa-usage -Wno-objc-interface-ivars -Werror\=objc-root-class -Wno-arc-repeated-use-of-weak -Wimplicit-retain-self -Wno-non-virtual-dtor -Wno-overloaded-virtual -Wno-exit-time-destructors -Wduplicate-method-match -Wno-missing-braces -Wparentheses -Wswitch -Wunused-function -Wno-unused-label -Wno-unused-parameter -Wunused-variable -Wunused-value -Wempty-body -Wuninitialized -Wconditional-uninitialized -Wno-unknown-pragmas -Wno-shadow -Wno-four-char-constants -Wno-conversion -Wconstant-conversion -Wint-conversion -Wbool-conversion -Wenum-conversion -Wno-float-conversion -Wnon-literal-null-conversion -Wobjc-literal-conversion -Wshorten-64-to-32 -Wno-newline-eof -Wno-selector -Wno-strict-selector-match -Wundeclared-selector -Wdeprecated-implementations -Wno-c++11-extensions -Wno-implicit-fallthrough -isysroot /Applications/Xcode.app/Contents/Developer/Platforms/iPhoneSimulator.platform/Developer/SDKs/iPhoneSimulator27.0.sdk -fstrict-aliasing -Wprotocol -Wdeprecated-declarations -Winvalid-offsetof -Wno-sign-conversion -Winfinite-recursion -Wmove -Wcomma -Wblock-capture-autoreleasing -Wstrict-prototypes -Wrange-loop-analysis -Wno-semicolon-before-method-body -Wunguarded-availability -index-store-path /Users/sparkles/Library/Developer/Xcode/DerivedData/Expensio-futtgngxcysvvhcljmosbeftqmyc/Index.noindex/DataStore -Wno-comma -Wno-shorten-64-to-32 -Wno-documentation @/Users/sparkles/Library/Developer/Xcode/DerivedData/Expensio-futtgngxcysvvhcljmosbeftqmyc/Build/Intermediates.noindex/Pods.build/Debug-iphonesimulator/ReactCodegen.build/Objects-normal/arm64/af3fcb34312c57c0f52879cdce924b91-common-args.resp -DFOLLY_MOBILE\=1 -DFOLLY_USE_LIBCPP\=1 -DFOLLY_CFG_NO_COROUTINES\=1 -DFOLLY_HAVE_CLOCK_GETTIME\=1 -Wno-comma -Wno-shorten-64-to-32 -Wno-documentation -Wno-nullability-completeness -std\=c++20 -include /Users/sparkles/Documents/CodingFiles/FullStack/expensioApp/frontend/ios/Pods/Target\ Support\ Files/ReactCodegen/ReactCodegen-prefix.pch -MMD -MT dependencies -MF /Users/sparkles/Library/Developer/Xcode/DerivedData/Expensio-futtgngxcysvvhcljmosbeftqmyc/Build/Intermediates.noindex/Pods.build/Debug-iphonesimulator/ReactCodegen.build/Objects-normal/arm64/AsyncStorageSpec-generated.d --serialize-diagnostics /Users/sparkles/Library/Developer/Xcode/DerivedData/Expensio-futtgngxcysvvhcljmosbeftqmyc/Build/Intermediates.noindex/Pods.build/Debug-iphonesimulator/ReactCodegen.build/Objects-normal/arm64/AsyncStorageSpec-generated.dia -c /Users/sparkles/Documents/CodingFiles/FullStack/expensioApp/frontend/ios/build/generated/ios/ReactCodegen/AsyncStorageSpec/AsyncStorageSpec-generated.mm -o /Users/sparkles/Library/Developer/Xcode/DerivedData/Expensio-futtgngxcysvvhcljmosbeftqmyc/Build/Intermediates.noindex/Pods.build/Debug-iphonesimulator/ReactCodegen.build/Objects-normal/arm64/AsyncStorageSpec-generated.o -index-unit-output-path /Pods.build/Debug-iphonesimulator/ReactCodegen.build/Objects-normal/arm64/AsyncStorageSpec-generated.o

PrecompileModule /Users/sparkles/Library/Developer/Xcode/DerivedData/Expensio-futtgngxcysvvhcljmosbeftqmyc/Build/Intermediates.noindex/ExplicitPrecompiledModules/ptrauth-9R4JIW47CNKCZ6G7KX4X6C5JT.scan
    cd /
    builtin-precompileModule /Users/sparkles/Library/Developer/Xcode/DerivedData/Expensio-futtgngxcysvvhcljmosbeftqmyc/Build/Intermediates.noindex/ExplicitPrecompiledModules/ptrauth-9R4JIW47CNKCZ6G7KX4X6C5JT.scan

PrecompileModule /Users/sparkles/Library/Developer/Xcode/DerivedData/Expensio-futtgngxcysvvhcljmosbeftqmyc/Build/Intermediates.noindex/ExplicitPrecompiledModules/FileProvider-6AZ4VY006KCPKUTQ1NX01BCR2.scan
    cd /
    builtin-precompileModule /Users/sparkles/Library/Developer/Xcode/DerivedData/Expensio-futtgngxcysvvhcljmosbeftqmyc/Build/Intermediates.noindex/ExplicitPrecompiledModules/FileProvider-6AZ4VY006KCPKUTQ1NX01BCR2.scan

PrecompileModule /Users/sparkles/Library/Developer/Xcode/DerivedData/Expensio-futtgngxcysvvhcljmosbeftqmyc/Build/Intermediates.noindex/ExplicitPrecompiledModules/UIUtilities-CAJGOCJO9J93W2Q48X60NYCHD.scan
    cd /
    builtin-precompileModule /Users/sparkles/Library/Developer/Xcode/DerivedData/Expensio-futtgngxcysvvhcljmosbeftqmyc/Build/Intermediates.noindex/ExplicitPrecompiledModules/UIUtilities-CAJGOCJO9J93W2Q48X60NYCHD.scan

PrecompileModule /Users/sparkles/Library/Developer/Xcode/DerivedData/Expensio-futtgngxcysvvhcljmosbeftqmyc/Build/Intermediates.noindex/ExplicitPrecompiledModules/Symbols-9TKT74GHGZCC573578OF0XP2Q.scan
    cd /
    builtin-precompileModule /Users/sparkles/Library/Developer/Xcode/DerivedData/Expensio-futtgngxcysvvhcljmosbeftqmyc/Build/Intermediates.noindex/ExplicitPrecompiledModules/Symbols-9TKT74GHGZCC573578OF0XP2Q.scan

PrecompileModule /Users/sparkles/Library/Developer/Xcode/DerivedData/Expensio-futtgngxcysvvhcljmosbeftqmyc/Build/Intermediates.noindex/ExplicitPrecompiledModules/IOSurface-4WPVLDLIHIR68DK4YEM089OC3.scan
    cd /
    builtin-precompileModule /Users/sparkles/Library/Developer/Xcode/DerivedData/Expensio-futtgngxcysvvhcljmosbeftqmyc/Build/Intermediates.noindex/ExplicitPrecompiledModules/IOSurface-4WPVLDLIHIR68DK4YEM089OC3.scan

PrecompileModule /Users/sparkles/Library/Developer/Xcode/DerivedData/Expensio-futtgngxcysvvhcljmosbeftqmyc/Build/Intermediates.noindex/ExplicitPrecompiledModules/_AvailabilityInternal-15S1EBVNC27FMN1SFJZHN8L5K.scan
    cd /
    builtin-precompileModule /Users/sparkles/Library/Developer/Xcode/DerivedData/Expensio-futtgngxcysvvhcljmosbeftqmyc/Build/Intermediates.noindex/ExplicitPrecompiledModules/_AvailabilityInternal-15S1EBVNC27FMN1SFJZHN8L5K.scan

PrecompileModule /Users/sparkles/Library/Developer/Xcode/DerivedData/Expensio-futtgngxcysvvhcljmosbeftqmyc/Build/Intermediates.noindex/ExplicitPrecompiledModules/ptrcheck-DB8ICQUSJP7MQSOFOEC1OULJG.scan
    cd /
    builtin-precompileModule /Users/sparkles/Library/Developer/Xcode/DerivedData/Expensio-futtgngxcysvvhcljmosbeftqmyc/Build/Intermediates.noindex/ExplicitPrecompiledModules/ptrcheck-DB8ICQUSJP7MQSOFOEC1OULJG.scan

PrecompileModule /Users/sparkles/Library/Developer/Xcode/DerivedData/Expensio-futtgngxcysvvhcljmosbeftqmyc/Build/Intermediates.noindex/ExplicitPrecompiledModules/_Builtin_stdarg-BS7OSTY055AL6NK5QHPPJXX2O.scan
    cd /
    builtin-precompileModule /Users/sparkles/Library/Developer/Xcode/DerivedData/Expensio-futtgngxcysvvhcljmosbeftqmyc/Build/Intermediates.noindex/ExplicitPrecompiledModules/_Builtin_stdarg-BS7OSTY055AL6NK5QHPPJXX2O.scan

PrecompileModule /Users/sparkles/Library/Developer/Xcode/DerivedData/Expensio-futtgngxcysvvhcljmosbeftqmyc/Build/Intermediates.noindex/ExplicitPrecompiledModules/_Builtin_stdbool-4SZ1DNTRSVT9ZPIIAQ94GCSVX.scan
    cd /
    builtin-precompileModule /Users/sparkles/Library/Developer/Xcode/DerivedData/Expensio-futtgngxcysvvhcljmosbeftqmyc/Build/Intermediates.noindex/ExplicitPrecompiledModules/_Builtin_stdbool-4SZ1DNTRSVT9ZPIIAQ94GCSVX.scan

PrecompileModule /Users/sparkles/Library/Developer/Xcode/DerivedData/Expensio-futtgngxcysvvhcljmosbeftqmyc/Build/Intermediates.noindex/ExplicitPrecompiledModules/Metal-6OTKM2M7SJHM8OOWR805PO7JF.scan
    cd /
    builtin-precompileModule /Users/sparkles/Library/Developer/Xcode/DerivedData/Expensio-futtgngxcysvvhcljmosbeftqmyc/Build/Intermediates.noindex/ExplicitPrecompiledModules/Metal-6OTKM2M7SJHM8OOWR805PO7JF.scan

PrecompileModule /Users/sparkles/Library/Developer/Xcode/DerivedData/Expensio-futtgngxcysvvhcljmosbeftqmyc/Build/Intermediates.noindex/ExplicitPrecompiledModules/_LocationEssentials-AWFYYK24F4ISJPZJRMA7SD2MG.scan
    cd /
    builtin-precompileModule /Users/sparkles/Library/Developer/Xcode/DerivedData/Expensio-futtgngxcysvvhcljmosbeftqmyc/Build/Intermediates.noindex/ExplicitPrecompiledModules/_LocationEssentials-AWFYYK24F4ISJPZJRMA7SD2MG.scan

PrecompileModule /Users/sparkles/Library/Developer/Xcode/DerivedData/Expensio-futtgngxcysvvhcljmosbeftqmyc/Build/Intermediates.noindex/ExplicitPrecompiledModules/UserNotifications-D052OKAP66C7343T0Q1A1L158.scan
    cd /
    builtin-precompileModule /Users/sparkles/Library/Developer/Xcode/DerivedData/Expensio-futtgngxcysvvhcljmosbeftqmyc/Build/Intermediates.noindex/ExplicitPrecompiledModules/UserNotifications-D052OKAP66C7343T0Q1A1L158.scan

PrecompileModule /Users/sparkles/Library/Developer/Xcode/DerivedData/Expensio-futtgngxcysvvhcljmosbeftqmyc/Build/Intermediates.noindex/ExplicitPrecompiledModules/_Builtin_stddef-9L9LKF5TF9FIACS8J1HUUHTRR.scan
    cd /
    builtin-precompileModule /Users/sparkles/Library/Developer/Xcode/DerivedData/Expensio-futtgngxcysvvhcljmosbeftqmyc/Build/Intermediates.noindex/ExplicitPrecompiledModules/_Builtin_stddef-9L9LKF5TF9FIACS8J1HUUHTRR.scan

PrecompileModule /Users/sparkles/Library/Developer/Xcode/DerivedData/Expensio-futtgngxcysvvhcljmosbeftqmyc/Build/Intermediates.noindex/ExplicitPrecompiledModules/CoreLocation-ATYLNV3ZHBUQA9TG51820TEHZ.scan
    cd /
    builtin-precompileModule /Users/sparkles/Library/Developer/Xcode/DerivedData/Expensio-futtgngxcysvvhcljmosbeftqmyc/Build/Intermediates.noindex/ExplicitPrecompiledModules/CoreLocation-ATYLNV3ZHBUQA9TG51820TEHZ.scan

PrecompileModule /Users/sparkles/Library/Developer/Xcode/DerivedData/Expensio-futtgngxcysvvhcljmosbeftqmyc/Build/Intermediates.noindex/ExplicitPrecompiledModules/_Builtin_float-1D4FI1XVACQ733S3ZFYP5DEI3.scan
    cd /
    builtin-precompileModule /Users/sparkles/Library/Developer/Xcode/DerivedData/Expensio-futtgngxcysvvhcljmosbeftqmyc/Build/Intermediates.noindex/ExplicitPrecompiledModules/_Builtin_float-1D4FI1XVACQ733S3ZFYP5DEI3.scan

PrecompileModule /Users/sparkles/Library/Developer/Xcode/DerivedData/Expensio-futtgngxcysvvhcljmosbeftqmyc/Build/Intermediates.noindex/ExplicitPrecompiledModules/OpenGLES-AWS7C0ZT8R1GFLQCOH6ECGAOU.scan
    cd /
    builtin-precompileModule /Users/sparkles/Library/Developer/Xcode/DerivedData/Expensio-futtgngxcysvvhcljmosbeftqmyc/Build/Intermediates.noindex/ExplicitPrecompiledModules/OpenGLES-AWS7C0ZT8R1GFLQCOH6ECGAOU.scan

PrecompileModule /Users/sparkles/Library/Developer/Xcode/DerivedData/Expensio-futtgngxcysvvhcljmosbeftqmyc/Build/Intermediates.noindex/ExplicitPrecompiledModules/_DarwinFoundation1-1LT8CVHIZHAYE5SR76I0ZW5S4.scan
    cd /
    builtin-precompileModule /Users/sparkles/Library/Developer/Xcode/DerivedData/Expensio-futtgngxcysvvhcljmosbeftqmyc/Build/Intermediates.noindex/ExplicitPrecompiledModules/_DarwinFoundation1-1LT8CVHIZHAYE5SR76I0ZW5S4.scan

PrecompileModule /Users/sparkles/Library/Developer/Xcode/DerivedData/Expensio-futtgngxcysvvhcljmosbeftqmyc/Build/Intermediates.noindex/ExplicitPrecompiledModules/CoreMotion-3HWEQJNJNLUCQAY3ADW8EWCIP.scan
    cd /
    builtin-precompileModule /Users/sparkles/Library/Developer/Xcode/DerivedData/Expensio-futtgngxcysvvhcljmosbeftqmyc/Build/Intermediates.noindex/ExplicitPrecompiledModules/CoreMotion-3HWEQJNJNLUCQAY3ADW8EWCIP.scan

PrecompileModule /Users/sparkles/Library/Developer/Xcode/DerivedData/Expensio-futtgngxcysvvhcljmosbeftqmyc/Build/Intermediates.noindex/ExplicitPrecompiledModules/CoreVideo-1XRJ7VQFYYVONLA0AWS2WIS6E.scan
    cd /
    builtin-precompileModule /Users/sparkles/Library/Developer/Xcode/DerivedData/Expensio-futtgngxcysvvhcljmosbeftqmyc/Build/Intermediates.noindex/ExplicitPrecompiledModules/CoreVideo-1XRJ7VQFYYVONLA0AWS2WIS6E.scan

PrecompileModule /Users/sparkles/Library/Developer/Xcode/DerivedData/Expensio-futtgngxcysvvhcljmosbeftqmyc/Build/Intermediates.noindex/ExplicitPrecompiledModules/_Builtin_limits-E53X1A1R41NNI1OKSODK6FJ7X.scan
    cd /
    builtin-precompileModule /Users/sparkles/Library/Developer/Xcode/DerivedData/Expensio-futtgngxcysvvhcljmosbeftqmyc/Build/Intermediates.noindex/ExplicitPrecompiledModules/_Builtin_limits-E53X1A1R41NNI1OKSODK6FJ7X.scan

PrecompileModule /Users/sparkles/Library/Developer/Xcode/DerivedData/Expensio-futtgngxcysvvhcljmosbeftqmyc/Build/Intermediates.noindex/ExplicitPrecompiledModules/CoreImage-EHFYU3KMT034D21ZMHHDV7B0F.scan
    cd /
    builtin-precompileModule /Users/sparkles/Library/Developer/Xcode/DerivedData/Expensio-futtgngxcysvvhcljmosbeftqmyc/Build/Intermediates.noindex/ExplicitPrecompiledModules/CoreImage-EHFYU3KMT034D21ZMHHDV7B0F.scan

PrecompileModule /Users/sparkles/Library/Developer/Xcode/DerivedData/Expensio-futtgngxcysvvhcljmosbeftqmyc/Build/Intermediates.noindex/ExplicitPrecompiledModules/QuartzCore-ENNOJPGTDJ4DS30R0WIUESPMT.scan
    cd /
    builtin-precompileModule /Users/sparkles/Library/Developer/Xcode/DerivedData/Expensio-futtgngxcysvvhcljmosbeftqmyc/Build/Intermediates.noindex/ExplicitPrecompiledModules/QuartzCore-ENNOJPGTDJ4DS30R0WIUESPMT.scan

PrecompileModule /Users/sparkles/Library/Developer/Xcode/DerivedData/Expensio-futtgngxcysvvhcljmosbeftqmyc/Build/Intermediates.noindex/ExplicitPrecompiledModules/_DarwinFoundation2-6EOTOWFZHCSULPU1OO85KRA6D.scan
    cd /
    builtin-precompileModule /Users/sparkles/Library/Developer/Xcode/DerivedData/Expensio-futtgngxcysvvhcljmosbeftqmyc/Build/Intermediates.noindex/ExplicitPrecompiledModules/_DarwinFoundation2-6EOTOWFZHCSULPU1OO85KRA6D.scan

PrecompileModule /Users/sparkles/Library/Developer/Xcode/DerivedData/Expensio-futtgngxcysvvhcljmosbeftqmyc/Build/Intermediates.noindex/ExplicitPrecompiledModules/UIKit-8L15Q2LSKZBQ7WII1RVJW6ZOX.scan
    cd /
    builtin-precompileModule /Users/sparkles/Library/Developer/Xcode/DerivedData/Expensio-futtgngxcysvvhcljmosbeftqmyc/Build/Intermediates.noindex/ExplicitPrecompiledModules/UIKit-8L15Q2LSKZBQ7WII1RVJW6ZOX.scan

PrecompileModule /Users/sparkles/Library/Developer/Xcode/DerivedData/Expensio-futtgngxcysvvhcljmosbeftqmyc/Build/Intermediates.noindex/ExplicitPrecompiledModules/_Builtin_stdint-5LS6P24VIKE7NBGMG7OVYRRG4.scan
    cd /
    builtin-precompileModule /Users/sparkles/Library/Developer/Xcode/DerivedData/Expensio-futtgngxcysvvhcljmosbeftqmyc/Build/Intermediates.noindex/ExplicitPrecompiledModules/_Builtin_stdint-5LS6P24VIKE7NBGMG7OVYRRG4.scan

ScanDependencies /Users/sparkles/Library/Developer/Xcode/DerivedData/Expensio-futtgngxcysvvhcljmosbeftqmyc/Build/Intermediates.noindex/Pods.build/Debug-iphonesimulator/ReactCodegen.build/Objects-normal/x86_64/ReactCodegen-dummy.o /Users/sparkles/Documents/CodingFiles/FullStack/expensioApp/frontend/ios/Pods/Target\ Support\ Files/ReactCodegen/ReactCodegen-dummy.m normal x86_64 objective-c com.apple.compilers.llvm.clang.1_0.compiler (in target 'ReactCodegen' from project 'Pods')
    cd /Users/sparkles/Documents/CodingFiles/FullStack/expensioApp/frontend/ios/Pods
    
    Using response file: /Users/sparkles/Library/Developer/Xcode/DerivedData/Expensio-futtgngxcysvvhcljmosbeftqmyc/Build/Intermediates.noindex/Pods.build/Debug-iphonesimulator/ReactCodegen.build/Objects-normal/x86_64/e6072d4f65d7061329687fe24e3d63a7-common-args.resp
    
    builtin-ScanDependencies -o /Users/sparkles/Library/Developer/Xcode/DerivedData/Expensio-futtgngxcysvvhcljmosbeftqmyc/Build/Intermediates.noindex/Pods.build/Debug-iphonesimulator/ReactCodegen.build/Objects-normal/x86_64/ReactCodegen-dummy.o.scan -- /Applications/Xcode.app/Contents/Developer/Toolchains/XcodeDefault.xctoolchain/usr/bin/clang -x objective-c -ivfsstatcache /Users/sparkles/Library/Developer/Xcode/DerivedData/SDKStatCaches.noindex/iphonesimulator27.0-24A430-8dc58220667be655e1bcc261a7455254.sdkstatcache -target x86_64-apple-ios17.0-simulator -fmessage-length\=0 -fdiagnostics-show-note-include-stack -fmacro-backtrace-limit\=0 -fno-color-diagnostics -fmodules-prune-interval\=86400 -fmodules-prune-after\=345600 -fbuild-session-file\=/Users/sparkles/Library/Developer/Xcode/DerivedData/ModuleCache.noindex/Session.modulevalidation -fmodules-validate-once-per-build-session -Wnon-modular-include-in-framework-module -Werror\=non-modular-include-in-framework-module -Wno-trigraphs -Wno-missing-field-initializers -Wno-missing-prototypes -Werror\=return-type -Wdocumentation -Wunreachable-code -Wno-implicit-atomic-properties -Werror\=deprecated-objc-isa-usage -Wno-objc-interface-ivars -Werror\=objc-root-class -Wno-arc-repeated-use-of-weak -Wimplicit-retain-self -Wduplicate-method-match -Wno-missing-braces -Wparentheses -Wswitch -Wunused-function -Wno-unused-label -Wno-unused-parameter -Wunused-variable -Wunused-value -Wempty-body -Wuninitialized -Wconditional-uninitialized -Wno-unknown-pragmas -Wno-shadow -Wno-four-char-constants -Wno-conversion -Wconstant-conversion -Wint-conversion -Wbool-conversion -Wenum-conversion -Wno-float-conversion -Wnon-literal-null-conversion -Wobjc-literal-conversion -Wshorten-64-to-32 -Wpointer-sign -Wno-newline-eof -Wno-selector -Wno-strict-selector-match -Wundeclared-selector -Wdeprecated-implementations -Wno-implicit-fallthrough -isysroot /Applications/Xcode.app/Contents/Developer/Platforms/iPhoneSimulator.platform/Developer/SDKs/iPhoneSimulator27.0.sdk -fstrict-aliasing -Wprotocol -Wdeprecated-declarations -Wno-sign-conversion -Winfinite-recursion -Wcomma -Wblock-capture-autoreleasing -Wstrict-prototypes -Wno-semicolon-before-method-body -Wunguarded-availability -index-store-path /Users/sparkles/Library/Developer/Xcode/DerivedData/Expensio-futtgngxcysvvhcljmosbeftqmyc/Index.noindex/DataStore @/Users/sparkles/Library/Developer/Xcode/DerivedData/Expensio-futtgngxcysvvhcljmosbeftqmyc/Build/Intermediates.noindex/Pods.build/Debug-iphonesimulator/ReactCodegen.build/Objects-normal/x86_64/e6072d4f65d7061329687fe24e3d63a7-common-args.resp -include /Users/sparkles/Documents/CodingFiles/FullStack/expensioApp/frontend/ios/Pods/Target\ Support\ Files/ReactCodegen/ReactCodegen-prefix.pch -MMD -MT dependencies -MF /Users/sparkles/Library/Developer/Xcode/DerivedData/Expensio-futtgngxcysvvhcljmosbeftqmyc/Build/Intermediates.noindex/Pods.build/Debug-iphonesimulator/ReactCodegen.build/Objects-normal/x86_64/ReactCodegen-dummy.d --serialize-diagnostics /Users/sparkles/Library/Developer/Xcode/DerivedData/Expensio-futtgngxcysvvhcljmosbeftqmyc/Build/Intermediates.noindex/Pods.build/Debug-iphonesimulator/ReactCodegen.build/Objects-normal/x86_64/ReactCodegen-dummy.dia -c /Users/sparkles/Documents/CodingFiles/FullStack/expensioApp/frontend/ios/Pods/Target\ Support\ Files/ReactCodegen/ReactCodegen-dummy.m -o /Users/sparkles/Library/Developer/Xcode/DerivedData/Expensio-futtgngxcysvvhcljmosbeftqmyc/Build/Intermediates.noindex/Pods.build/Debug-iphonesimulator/ReactCodegen.build/Objects-normal/x86_64/ReactCodegen-dummy.o -index-unit-output-path /Pods.build/Debug-iphonesimulator/ReactCodegen.build/Objects-normal/x86_64/ReactCodegen-dummy.o

PrecompileModule /Users/sparkles/Library/Developer/Xcode/DerivedData/Expensio-futtgngxcysvvhcljmosbeftqmyc/Build/Intermediates.noindex/ExplicitPrecompiledModules/_DarwinFoundation3-1IMJWS72Q67X2WZ390N4B9SR9.scan
    cd /
    builtin-precompileModule /Users/sparkles/Library/Developer/Xcode/DerivedData/Expensio-futtgngxcysvvhcljmosbeftqmyc/Build/Intermediates.noindex/ExplicitPrecompiledModules/_DarwinFoundation3-1IMJWS72Q67X2WZ390N4B9SR9.scan

ScanDependencies /Users/sparkles/Library/Developer/Xcode/DerivedData/Expensio-futtgngxcysvvhcljmosbeftqmyc/Build/Intermediates.noindex/Pods.build/Debug-iphonesimulator/ReactCodegen.build/Objects-normal/arm64/ReactCodegen-dummy.o /Users/sparkles/Documents/CodingFiles/FullStack/expensioApp/frontend/ios/Pods/Target\ Support\ Files/ReactCodegen/ReactCodegen-dummy.m normal arm64 objective-c com.apple.compilers.llvm.clang.1_0.compiler (in target 'ReactCodegen' from project 'Pods')
    cd /Users/sparkles/Documents/CodingFiles/FullStack/expensioApp/frontend/ios/Pods
    
    Using response file: /Users/sparkles/Library/Developer/Xcode/DerivedData/Expensio-futtgngxcysvvhcljmosbeftqmyc/Build/Intermediates.noindex/Pods.build/Debug-iphonesimulator/ReactCodegen.build/Objects-normal/arm64/e6072d4f65d7061329687fe24e3d63a7-common-args.resp
    
    builtin-ScanDependencies -o /Users/sparkles/Library/Developer/Xcode/DerivedData/Expensio-futtgngxcysvvhcljmosbeftqmyc/Build/Intermediates.noindex/Pods.build/Debug-iphonesimulator/ReactCodegen.build/Objects-normal/arm64/ReactCodegen-dummy.o.scan -- /Applications/Xcode.app/Contents/Developer/Toolchains/XcodeDefault.xctoolchain/usr/bin/clang -x objective-c -ivfsstatcache /Users/sparkles/Library/Developer/Xcode/DerivedData/SDKStatCaches.noindex/iphonesimulator27.0-24A430-8dc58220667be655e1bcc261a7455254.sdkstatcache -target arm64-apple-ios17.0-simulator -fmessage-length\=0 -fdiagnostics-show-note-include-stack -fmacro-backtrace-limit\=0 -fno-color-diagnostics -fmodules-prune-interval\=86400 -fmodules-prune-after\=345600 -fbuild-session-file\=/Users/sparkles/Library/Developer/Xcode/DerivedData/ModuleCache.noindex/Session.modulevalidation -fmodules-validate-once-per-build-session -Wnon-modular-include-in-framework-module -Werror\=non-modular-include-in-framework-module -Wno-trigraphs -Wno-missing-field-initializers -Wno-missing-prototypes -Werror\=return-type -Wdocumentation -Wunreachable-code -Wno-implicit-atomic-properties -Werror\=deprecated-objc-isa-usage -Wno-objc-interface-ivars -Werror\=objc-root-class -Wno-arc-repeated-use-of-weak -Wimplicit-retain-self -Wduplicate-method-match -Wno-missing-braces -Wparentheses -Wswitch -Wunused-function -Wno-unused-label -Wno-unused-parameter -Wunused-variable -Wunused-value -Wempty-body -Wuninitialized -Wconditional-uninitialized -Wno-unknown-pragmas -Wno-shadow -Wno-four-char-constants -Wno-conversion -Wconstant-conversion -Wint-conversion -Wbool-conversion -Wenum-conversion -Wno-float-conversion -Wnon-literal-null-conversion -Wobjc-literal-conversion -Wshorten-64-to-32 -Wpointer-sign -Wno-newline-eof -Wno-selector -Wno-strict-selector-match -Wundeclared-selector -Wdeprecated-implementations -Wno-implicit-fallthrough -isysroot /Applications/Xcode.app/Contents/Developer/Platforms/iPhoneSimulator.platform/Developer/SDKs/iPhoneSimulator27.0.sdk -fstrict-aliasing -Wprotocol -Wdeprecated-declarations -Wno-sign-conversion -Winfinite-recursion -Wcomma -Wblock-capture-autoreleasing -Wstrict-prototypes -Wno-semicolon-before-method-body -Wunguarded-availability -index-store-path /Users/sparkles/Library/Developer/Xcode/DerivedData/Expensio-futtgngxcysvvhcljmosbeftqmyc/Index.noindex/DataStore @/Users/sparkles/Library/Developer/Xcode/DerivedData/Expensio-futtgngxcysvvhcljmosbeftqmyc/Build/Intermediates.noindex/Pods.build/Debug-iphonesimulator/ReactCodegen.build/Objects-normal/arm64/e6072d4f65d7061329687fe24e3d63a7-common-args.resp -include /Users/sparkles/Documents/CodingFiles/FullStack/expensioApp/frontend/ios/Pods/Target\ Support\ Files/ReactCodegen/ReactCodegen-prefix.pch -MMD -MT dependencies -MF /Users/sparkles/Library/Developer/Xcode/DerivedData/Expensio-futtgngxcysvvhcljmosbeftqmyc/Build/Intermediates.noindex/Pods.build/Debug-iphonesimulator/ReactCodegen.build/Objects-normal/arm64/ReactCodegen-dummy.d --serialize-diagnostics /Users/sparkles/Library/Developer/Xcode/DerivedData/Expensio-futtgngxcysvvhcljmosbeftqmyc/Build/Intermediates.noindex/Pods.build/Debug-iphonesimulator/ReactCodegen.build/Objects-normal/arm64/ReactCodegen-dummy.dia -c /Users/sparkles/Documents/CodingFiles/FullStack/expensioApp/frontend/ios/Pods/Target\ Support\ Files/ReactCodegen/ReactCodegen-dummy.m -o /Users/sparkles/Library/Developer/Xcode/DerivedData/Expensio-futtgngxcysvvhcljmosbeftqmyc/Build/Intermediates.noindex/Pods.build/Debug-iphonesimulator/ReactCodegen.build/Objects-normal/arm64/ReactCodegen-dummy.o -index-unit-output-path /Pods.build/Debug-iphonesimulator/ReactCodegen.build/Objects-normal/arm64/ReactCodegen-dummy.o

PrecompileModule /Users/sparkles/Library/Developer/Xcode/DerivedData/Expensio-futtgngxcysvvhcljmosbeftqmyc/Build/Intermediates.noindex/ExplicitPrecompiledModules/_Builtin_inttypes-EOTPBYMHEFHYUY4B4CF3RTGXK.scan
    cd /
    builtin-precompileModule /Users/sparkles/Library/Developer/Xcode/DerivedData/Expensio-futtgngxcysvvhcljmosbeftqmyc/Build/Intermediates.noindex/ExplicitPrecompiledModules/_Builtin_inttypes-EOTPBYMHEFHYUY4B4CF3RTGXK.scan

PrecompileModule /Users/sparkles/Library/Developer/Xcode/DerivedData/Expensio-futtgngxcysvvhcljmosbeftqmyc/Build/Intermediates.noindex/ExplicitPrecompiledModules/Darwin-58M9SBFUTL3TV20NW86F5FUKP.scan
    cd /
    builtin-precompileModule /Users/sparkles/Library/Developer/Xcode/DerivedData/Expensio-futtgngxcysvvhcljmosbeftqmyc/Build/Intermediates.noindex/ExplicitPrecompiledModules/Darwin-58M9SBFUTL3TV20NW86F5FUKP.scan

CompileC /Users/sparkles/Library/Developer/Xcode/DerivedData/Expensio-futtgngxcysvvhcljmosbeftqmyc/Build/Intermediates.noindex/Pods.build/Debug-iphonesimulator/react-native-safe-area-context.build/Objects-normal/x86_64/RNCSafeAreaViewState.o /Users/sparkles/Documents/CodingFiles/FullStack/expensioApp/frontend/node_modules/react-native-safe-area-context/common/cpp/react/renderer/components/safeareacontext/RNCSafeAreaViewState.cpp normal x86_64 c++ com.apple.compilers.llvm.clang.1_0.compiler (in target 'react-native-safe-area-context' from project 'Pods')
    cd /Users/sparkles/Documents/CodingFiles/FullStack/expensioApp/frontend/ios/Pods
    
    Using response file: /Users/sparkles/Library/Developer/Xcode/DerivedData/Expensio-futtgngxcysvvhcljmosbeftqmyc/Build/Intermediates.noindex/Pods.build/Debug-iphonesimulator/react-native-safe-area-context.build/Objects-normal/x86_64/82b82416624d2658e5098eb0a28c15c5-common-args.resp
    
    /Applications/Xcode.app/Contents/Developer/Toolchains/XcodeDefault.xctoolchain/usr/bin/clang -x c++ -ivfsstatcache /Users/sparkles/Library/Developer/Xcode/DerivedData/SDKStatCaches.noindex/iphonesimulator27.0-24A430-8dc58220667be655e1bcc261a7455254.sdkstatcache -target x86_64-apple-ios17.0-simulator -fmessage-length\=0 -fdiagnostics-show-note-include-stack -fmacro-backtrace-limit\=0 -fno-color-diagnostics -fmodules-prune-interval\=86400 -fmodules-prune-after\=345600 -fbuild-session-file\=/Users/sparkles/Library/Developer/Xcode/DerivedData/ModuleCache.noindex/Session.modulevalidation -fmodules-validate-once-per-build-session -Wnon-modular-include-in-framework-module -Werror\=non-modular-include-in-framework-module -Wno-trigraphs -Wno-missing-field-initializers -Wno-missing-prototypes -Werror\=return-type -Wdocumentation -Wunreachable-code -Werror\=deprecated-objc-isa-usage -Werror\=objc-root-class -Wno-non-virtual-dtor -Wno-overloaded-virtual -Wno-exit-time-destructors -Wno-missing-braces -Wparentheses -Wswitch -Wunused-function -Wno-unused-label -Wno-unused-parameter -Wunused-variable -Wunused-value -Wempty-body -Wuninitialized -Wconditional-uninitialized -Wno-unknown-pragmas -Wno-shadow -Wno-four-char-constants -Wno-conversion -Wconstant-conversion -Wint-conversion -Wbool-conversion -Wenum-conversion -Wno-float-conversion -Wnon-literal-null-conversion -Wobjc-literal-conversion -Wshorten-64-to-32 -Wno-newline-eof -Wno-c++11-extensions -Wno-implicit-fallthrough -isysroot /Applications/Xcode.app/Contents/Developer/Platforms/iPhoneSimulator.platform/Developer/SDKs/iPhoneSimulator27.0.sdk -fstrict-aliasing -Wdeprecated-declarations -Winvalid-offsetof -Wno-sign-conversion -Winfinite-recursion -Wmove -Wcomma -Wblock-capture-autoreleasing -Wstrict-prototypes -Wrange-loop-analysis -Wno-semicolon-before-method-body -Wunguarded-availability -index-store-path /Users/sparkles/Library/Developer/Xcode/DerivedData/Expensio-futtgngxcysvvhcljmosbeftqmyc/Index.noindex/DataStore @/Users/sparkles/Library/Developer/Xcode/DerivedData/Expensio-futtgngxcysvvhcljmosbeftqmyc/Build/Intermediates.noindex/Pods.build/Debug-iphonesimulator/react-native-safe-area-context.build/Objects-normal/x86_64/82b82416624d2658e5098eb0a28c15c5-common-args.resp -DRCT_NEW_ARCH_ENABLED\=1 -include /Users/sparkles/Documents/CodingFiles/FullStack/expensioApp/frontend/ios/Pods/Target\ Support\ Files/react-native-safe-area-context/react-native-safe-area-context-prefix.pch -MMD -MT dependencies -MF /Users/sparkles/Library/Developer/Xcode/DerivedData/Expensio-futtgngxcysvvhcljmosbeftqmyc/Build/Intermediates.noindex/Pods.build/Debug-iphonesimulator/react-native-safe-area-context.build/Objects-normal/x86_64/RNCSafeAreaViewState.d --serialize-diagnostics /Users/sparkles/Library/Developer/Xcode/DerivedData/Expensio-futtgngxcysvvhcljmosbeftqmyc/Build/Intermediates.noindex/Pods.build/Debug-iphonesimulator/react-native-safe-area-context.build/Objects-normal/x86_64/RNCSafeAreaViewState.dia -c /Users/sparkles/Documents/CodingFiles/FullStack/expensioApp/frontend/node_modules/react-native-safe-area-context/common/cpp/react/renderer/components/safeareacontext/RNCSafeAreaViewState.cpp -o /Users/sparkles/Library/Developer/Xcode/DerivedData/Expensio-futtgngxcysvvhcljmosbeftqmyc/Build/Intermediates.noindex/Pods.build/Debug-iphonesimulator/react-native-safe-area-context.build/Objects-normal/x86_64/RNCSafeAreaViewState.o -index-unit-output-path /Pods.build/Debug-iphonesimulator/react-native-safe-area-context.build/Objects-normal/x86_64/RNCSafeAreaViewState.o

CompileC /Users/sparkles/Library/Developer/Xcode/DerivedData/Expensio-futtgngxcysvvhcljmosbeftqmyc/Build/Intermediates.noindex/Pods.build/Debug-iphonesimulator/react-native-safe-area-context.build/Objects-normal/x86_64/RNCSafeAreaViewShadowNode.o /Users/sparkles/Documents/CodingFiles/FullStack/expensioApp/frontend/node_modules/react-native-safe-area-context/common/cpp/react/renderer/components/safeareacontext/RNCSafeAreaViewShadowNode.cpp normal x86_64 c++ com.apple.compilers.llvm.clang.1_0.compiler (in target 'react-native-safe-area-context' from project 'Pods')
    cd /Users/sparkles/Documents/CodingFiles/FullStack/expensioApp/frontend/ios/Pods
    
    Using response file: /Users/sparkles/Library/Developer/Xcode/DerivedData/Expensio-futtgngxcysvvhcljmosbeftqmyc/Build/Intermediates.noindex/Pods.build/Debug-iphonesimulator/react-native-safe-area-context.build/Objects-normal/x86_64/82b82416624d2658e5098eb0a28c15c5-common-args.resp
    
    /Applications/Xcode.app/Contents/Developer/Toolchains/XcodeDefault.xctoolchain/usr/bin/clang -x c++ -ivfsstatcache /Users/sparkles/Library/Developer/Xcode/DerivedData/SDKStatCaches.noindex/iphonesimulator27.0-24A430-8dc58220667be655e1bcc261a7455254.sdkstatcache -target x86_64-apple-ios17.0-simulator -fmessage-length\=0 -fdiagnostics-show-note-include-stack -fmacro-backtrace-limit\=0 -fno-color-diagnostics -fmodules-prune-interval\=86400 -fmodules-prune-after\=345600 -fbuild-session-file\=/Users/sparkles/Library/Developer/Xcode/DerivedData/ModuleCache.noindex/Session.modulevalidation -fmodules-validate-once-per-build-session -Wnon-modular-include-in-framework-module -Werror\=non-modular-include-in-framework-module -Wno-trigraphs -Wno-missing-field-initializers -Wno-missing-prototypes -Werror\=return-type -Wdocumentation -Wunreachable-code -Werror\=deprecated-objc-isa-usage -Werror\=objc-root-class -Wno-non-virtual-dtor -Wno-overloaded-virtual -Wno-exit-time-destructors -Wno-missing-braces -Wparentheses -Wswitch -Wunused-function -Wno-unused-label -Wno-unused-parameter -Wunused-variable -Wunused-value -Wempty-body -Wuninitialized -Wconditional-uninitialized -Wno-unknown-pragmas -Wno-shadow -Wno-four-char-constants -Wno-conversion -Wconstant-conversion -Wint-conversion -Wbool-conversion -Wenum-conversion -Wno-float-conversion -Wnon-literal-null-conversion -Wobjc-literal-conversion -Wshorten-64-to-32 -Wno-newline-eof -Wno-c++11-extensions -Wno-implicit-fallthrough -isysroot /Applications/Xcode.app/Contents/Developer/Platforms/iPhoneSimulator.platform/Developer/SDKs/iPhoneSimulator27.0.sdk -fstrict-aliasing -Wdeprecated-declarations -Winvalid-offsetof -Wno-sign-conversion -Winfinite-recursion -Wmove -Wcomma -Wblock-capture-autoreleasing -Wstrict-prototypes -Wrange-loop-analysis -Wno-semicolon-before-method-body -Wunguarded-availability -index-store-path /Users/sparkles/Library/Developer/Xcode/DerivedData/Expensio-futtgngxcysvvhcljmosbeftqmyc/Index.noindex/DataStore @/Users/sparkles/Library/Developer/Xcode/DerivedData/Expensio-futtgngxcysvvhcljmosbeftqmyc/Build/Intermediates.noindex/Pods.build/Debug-iphonesimulator/react-native-safe-area-context.build/Objects-normal/x86_64/82b82416624d2658e5098eb0a28c15c5-common-args.resp -DRCT_NEW_ARCH_ENABLED\=1 -include /Users/sparkles/Documents/CodingFiles/FullStack/expensioApp/frontend/ios/Pods/Target\ Support\ Files/react-native-safe-area-context/react-native-safe-area-context-prefix.pch -MMD -MT dependencies -MF /Users/sparkles/Library/Developer/Xcode/DerivedData/Expensio-futtgngxcysvvhcljmosbeftqmyc/Build/Intermediates.noindex/Pods.build/Debug-iphonesimulator/react-native-safe-area-context.build/Objects-normal/x86_64/RNCSafeAreaViewShadowNode.d --serialize-diagnostics /Users/sparkles/Library/Developer/Xcode/DerivedData/Expensio-futtgngxcysvvhcljmosbeftqmyc/Build/Intermediates.noindex/Pods.build/Debug-iphonesimulator/react-native-safe-area-context.build/Objects-normal/x86_64/RNCSafeAreaViewShadowNode.dia -c /Users/sparkles/Documents/CodingFiles/FullStack/expensioApp/frontend/node_modules/react-native-safe-area-context/common/cpp/react/renderer/components/safeareacontext/RNCSafeAreaViewShadowNode.cpp -o /Users/sparkles/Library/Developer/Xcode/DerivedData/Expensio-futtgngxcysvvhcljmosbeftqmyc/Build/Intermediates.noindex/Pods.build/Debug-iphonesimulator/react-native-safe-area-context.build/Objects-normal/x86_64/RNCSafeAreaViewShadowNode.o -index-unit-output-path /Pods.build/Debug-iphonesimulator/react-native-safe-area-context.build/Objects-normal/x86_64/RNCSafeAreaViewShadowNode.o

CompileC /Users/sparkles/Library/Developer/Xcode/DerivedData/Expensio-futtgngxcysvvhcljmosbeftqmyc/Build/Intermediates.noindex/Pods.build/Debug-iphonesimulator/react-native-safe-area-context.build/Objects-normal/x86_64/RNCSafeAreaViewComponentView.o /Users/sparkles/Documents/CodingFiles/FullStack/expensioApp/frontend/node_modules/react-native-safe-area-context/ios/Fabric/RNCSafeAreaViewComponentView.mm normal x86_64 objective-c++ com.apple.compilers.llvm.clang.1_0.compiler (in target 'react-native-safe-area-context' from project 'Pods')
    cd /Users/sparkles/Documents/CodingFiles/FullStack/expensioApp/frontend/ios/Pods
    
    Using response file: /Users/sparkles/Library/Developer/Xcode/DerivedData/Expensio-futtgngxcysvvhcljmosbeftqmyc/Build/Intermediates.noindex/Pods.build/Debug-iphonesimulator/react-native-safe-area-context.build/Objects-normal/x86_64/af3fcb34312c57c0f52879cdce924b91-common-args.resp
    
    /Applications/Xcode.app/Contents/Developer/Toolchains/XcodeDefault.xctoolchain/usr/bin/clang -x objective-c++ -ivfsstatcache /Users/sparkles/Library/Developer/Xcode/DerivedData/SDKStatCaches.noindex/iphonesimulator27.0-24A430-8dc58220667be655e1bcc261a7455254.sdkstatcache -target x86_64-apple-ios17.0-simulator -fmessage-length\=0 -fdiagnostics-show-note-include-stack -fmacro-backtrace-limit\=0 -fno-color-diagnostics -fmodules-prune-interval\=86400 -fmodules-prune-after\=345600 -fbuild-session-file\=/Users/sparkles/Library/Developer/Xcode/DerivedData/ModuleCache.noindex/Session.modulevalidation -fmodules-validate-once-per-build-session -Wnon-modular-include-in-framework-module -Werror\=non-modular-include-in-framework-module -Wno-trigraphs -Wno-missing-field-initializers -Wno-missing-prototypes -Werror\=return-type -Wdocumentation -Wunreachable-code -Wno-implicit-atomic-properties -Werror\=deprecated-objc-isa-usage -Wno-objc-interface-ivars -Werror\=objc-root-class -Wno-arc-repeated-use-of-weak -Wimplicit-retain-self -Wno-non-virtual-dtor -Wno-overloaded-virtual -Wno-exit-time-destructors -Wduplicate-method-match -Wno-missing-braces -Wparentheses -Wswitch -Wunused-function -Wno-unused-label -Wno-unused-parameter -Wunused-variable -Wunused-value -Wempty-body -Wuninitialized -Wconditional-uninitialized -Wno-unknown-pragmas -Wno-shadow -Wno-four-char-constants -Wno-conversion -Wconstant-conversion -Wint-conversion -Wbool-conversion -Wenum-conversion -Wno-float-conversion -Wnon-literal-null-conversion -Wobjc-literal-conversion -Wshorten-64-to-32 -Wno-newline-eof -Wno-selector -Wno-strict-selector-match -Wundeclared-selector -Wdeprecated-implementations -Wno-c++11-extensions -Wno-implicit-fallthrough -isysroot /Applications/Xcode.app/Contents/Developer/Platforms/iPhoneSimulator.platform/Developer/SDKs/iPhoneSimulator27.0.sdk -fstrict-aliasing -Wprotocol -Wdeprecated-declarations -Winvalid-offsetof -Wno-sign-conversion -Winfinite-recursion -Wmove -Wcomma -Wblock-capture-autoreleasing -Wstrict-prototypes -Wrange-loop-analysis -Wno-semicolon-before-method-body -Wunguarded-availability -index-store-path /Users/sparkles/Library/Developer/Xcode/DerivedData/Expensio-futtgngxcysvvhcljmosbeftqmyc/Index.noindex/DataStore @/Users/sparkles/Library/Developer/Xcode/DerivedData/Expensio-futtgngxcysvvhcljmosbeftqmyc/Build/Intermediates.noindex/Pods.build/Debug-iphonesimulator/react-native-safe-area-context.build/Objects-normal/x86_64/af3fcb34312c57c0f52879cdce924b91-common-args.resp -DRCT_NEW_ARCH_ENABLED\=1 -include /Users/sparkles/Documents/CodingFiles/FullStack/expensioApp/frontend/ios/Pods/Target\ Support\ Files/react-native-safe-area-context/react-native-safe-area-context-prefix.pch -MMD -MT dependencies -MF /Users/sparkles/Library/Developer/Xcode/DerivedData/Expensio-futtgngxcysvvhcljmosbeftqmyc/Build/Intermediates.noindex/Pods.build/Debug-iphonesimulator/react-native-safe-area-context.build/Objects-normal/x86_64/RNCSafeAreaViewComponentView.d --serialize-diagnostics /Users/sparkles/Library/Developer/Xcode/DerivedData/Expensio-futtgngxcysvvhcljmosbeftqmyc/Build/Intermediates.noindex/Pods.build/Debug-iphonesimulator/react-native-safe-area-context.build/Objects-normal/x86_64/RNCSafeAreaViewComponentView.dia -c /Users/sparkles/Documents/CodingFiles/FullStack/expensioApp/frontend/node_modules/react-native-safe-area-context/ios/Fabric/RNCSafeAreaViewComponentView.mm -o /Users/sparkles/Library/Developer/Xcode/DerivedData/Expensio-futtgngxcysvvhcljmosbeftqmyc/Build/Intermediates.noindex/Pods.build/Debug-iphonesimulator/react-native-safe-area-context.build/Objects-normal/x86_64/RNCSafeAreaViewComponentView.o -index-unit-output-path /Pods.build/Debug-iphonesimulator/react-native-safe-area-context.build/Objects-normal/x86_64/RNCSafeAreaViewComponentView.o

CompileC /Users/sparkles/Library/Developer/Xcode/DerivedData/Expensio-futtgngxcysvvhcljmosbeftqmyc/Build/Intermediates.noindex/Pods.build/Debug-iphonesimulator/react-native-safe-area-context.build/Objects-normal/x86_64/RNCSafeAreaProviderComponentView.o /Users/sparkles/Documents/CodingFiles/FullStack/expensioApp/frontend/node_modules/react-native-safe-area-context/ios/Fabric/RNCSafeAreaProviderComponentView.mm normal x86_64 objective-c++ com.apple.compilers.llvm.clang.1_0.compiler (in target 'react-native-safe-area-context' from project 'Pods')
    cd /Users/sparkles/Documents/CodingFiles/FullStack/expensioApp/frontend/ios/Pods
    
    Using response file: /Users/sparkles/Library/Developer/Xcode/DerivedData/Expensio-futtgngxcysvvhcljmosbeftqmyc/Build/Intermediates.noindex/Pods.build/Debug-iphonesimulator/react-native-safe-area-context.build/Objects-normal/x86_64/af3fcb34312c57c0f52879cdce924b91-common-args.resp
    
    /Applications/Xcode.app/Contents/Developer/Toolchains/XcodeDefault.xctoolchain/usr/bin/clang -x objective-c++ -ivfsstatcache /Users/sparkles/Library/Developer/Xcode/DerivedData/SDKStatCaches.noindex/iphonesimulator27.0-24A430-8dc58220667be655e1bcc261a7455254.sdkstatcache -target x86_64-apple-ios17.0-simulator -fmessage-length\=0 -fdiagnostics-show-note-include-stack -fmacro-backtrace-limit\=0 -fno-color-diagnostics -fmodules-prune-interval\=86400 -fmodules-prune-after\=345600 -fbuild-session-file\=/Users/sparkles/Library/Developer/Xcode/DerivedData/ModuleCache.noindex/Session.modulevalidation -fmodules-validate-once-per-build-session -Wnon-modular-include-in-framework-module -Werror\=non-modular-include-in-framework-module -Wno-trigraphs -Wno-missing-field-initializers -Wno-missing-prototypes -Werror\=return-type -Wdocumentation -Wunreachable-code -Wno-implicit-atomic-properties -Werror\=deprecated-objc-isa-usage -Wno-objc-interface-ivars -Werror\=objc-root-class -Wno-arc-repeated-use-of-weak -Wimplicit-retain-self -Wno-non-virtual-dtor -Wno-overloaded-virtual -Wno-exit-time-destructors -Wduplicate-method-match -Wno-missing-braces -Wparentheses -Wswitch -Wunused-function -Wno-unused-label -Wno-unused-parameter -Wunused-variable -Wunused-value -Wempty-body -Wuninitialized -Wconditional-uninitialized -Wno-unknown-pragmas -Wno-shadow -Wno-four-char-constants -Wno-conversion -Wconstant-conversion -Wint-conversion -Wbool-conversion -Wenum-conversion -Wno-float-conversion -Wnon-literal-null-conversion -Wobjc-literal-conversion -Wshorten-64-to-32 -Wno-newline-eof -Wno-selector -Wno-strict-selector-match -Wundeclared-selector -Wdeprecated-implementations -Wno-c++11-extensions -Wno-implicit-fallthrough -isysroot /Applications/Xcode.app/Contents/Developer/Platforms/iPhoneSimulator.platform/Developer/SDKs/iPhoneSimulator27.0.sdk -fstrict-aliasing -Wprotocol -Wdeprecated-declarations -Winvalid-offsetof -Wno-sign-conversion -Winfinite-recursion -Wmove -Wcomma -Wblock-capture-autoreleasing -Wstrict-prototypes -Wrange-loop-analysis -Wno-semicolon-before-method-body -Wunguarded-availability -index-store-path /Users/sparkles/Library/Developer/Xcode/DerivedData/Expensio-futtgngxcysvvhcljmosbeftqmyc/Index.noindex/DataStore @/Users/sparkles/Library/Developer/Xcode/DerivedData/Expensio-futtgngxcysvvhcljmosbeftqmyc/Build/Intermediates.noindex/Pods.build/Debug-iphonesimulator/react-native-safe-area-context.build/Objects-normal/x86_64/af3fcb34312c57c0f52879cdce924b91-common-args.resp -DRCT_NEW_ARCH_ENABLED\=1 -include /Users/sparkles/Documents/CodingFiles/FullStack/expensioApp/frontend/ios/Pods/Target\ Support\ Files/react-native-safe-area-context/react-native-safe-area-context-prefix.pch -MMD -MT dependencies -MF /Users/sparkles/Library/Developer/Xcode/DerivedData/Expensio-futtgngxcysvvhcljmosbeftqmyc/Build/Intermediates.noindex/Pods.build/Debug-iphonesimulator/react-native-safe-area-context.build/Objects-normal/x86_64/RNCSafeAreaProviderComponentView.d --serialize-diagnostics /Users/sparkles/Library/Developer/Xcode/DerivedData/Expensio-futtgngxcysvvhcljmosbeftqmyc/Build/Intermediates.noindex/Pods.build/Debug-iphonesimulator/react-native-safe-area-context.build/Objects-normal/x86_64/RNCSafeAreaProviderComponentView.dia -c /Users/sparkles/Documents/CodingFiles/FullStack/expensioApp/frontend/node_modules/react-native-safe-area-context/ios/Fabric/RNCSafeAreaProviderComponentView.mm -o /Users/sparkles/Library/Developer/Xcode/DerivedData/Expensio-futtgngxcysvvhcljmosbeftqmyc/Build/Intermediates.noindex/Pods.build/Debug-iphonesimulator/react-native-safe-area-context.build/Objects-normal/x86_64/RNCSafeAreaProviderComponentView.o -index-unit-output-path /Pods.build/Debug-iphonesimulator/react-native-safe-area-context.build/Objects-normal/x86_64/RNCSafeAreaProviderComponentView.o
/Users/sparkles/Documents/CodingFiles/FullStack/expensioApp/frontend/node_modules/react-native-safe-area-context/ios/Fabric/RNCSafeAreaProviderComponentView.mm:110:27: warning: ISO C++ requires field designators to be specified in declaration order; field 'left' will be initialized after field 'bottom' [-Wreorder-init-list]
  110 |                 .bottom = safeAreaInsets.bottom,
      |                 ~~~~~~~~~~^~~~~~~~~~~~~~~~~~~~~
/Users/sparkles/Documents/CodingFiles/FullStack/expensioApp/frontend/node_modules/react-native-safe-area-context/ios/Fabric/RNCSafeAreaProviderComponentView.mm:109:25: note: previous initialization for field 'left' is here
  109 |                 .left = safeAreaInsets.left,
      |                         ^~~~~~~~~~~~~~~~~~~
/Users/sparkles/Documents/CodingFiles/FullStack/expensioApp/frontend/node_modules/react-native-safe-area-context/ios/Fabric/RNCSafeAreaProviderComponentView.mm:111:26: warning: ISO C++ requires field designators to be specified in declaration order; field 'bottom' will be initialized after field 'right' [-Wreorder-init-list]
  111 |                 .right = safeAreaInsets.right,
      |                 ~~~~~~~~~^~~~~~~~~~~~~~~~~~~~
/Users/sparkles/Documents/CodingFiles/FullStack/expensioApp/frontend/node_modules/react-native-safe-area-context/ios/Fabric/RNCSafeAreaProviderComponentView.mm:110:27: note: previous initialization for field 'bottom' is here
  110 |                 .bottom = safeAreaInsets.bottom,
      |                           ^~~~~~~~~~~~~~~~~~~~~
2 warnings generated.

CompileC /Users/sparkles/Library/Developer/Xcode/DerivedData/Expensio-futtgngxcysvvhcljmosbeftqmyc/Build/Intermediates.noindex/Pods.build/Debug-iphonesimulator/react-native-safe-area-context.build/Objects-normal/x86_64/RNCSafeAreaContext.o /Users/sparkles/Documents/CodingFiles/FullStack/expensioApp/frontend/node_modules/react-native-safe-area-context/ios/RNCSafeAreaContext.mm normal x86_64 objective-c++ com.apple.compilers.llvm.clang.1_0.compiler (in target 'react-native-safe-area-context' from project 'Pods')
    cd /Users/sparkles/Documents/CodingFiles/FullStack/expensioApp/frontend/ios/Pods
    
    Using response file: /Users/sparkles/Library/Developer/Xcode/DerivedData/Expensio-futtgngxcysvvhcljmosbeftqmyc/Build/Intermediates.noindex/Pods.build/Debug-iphonesimulator/react-native-safe-area-context.build/Objects-normal/x86_64/af3fcb34312c57c0f52879cdce924b91-common-args.resp
    
    /Applications/Xcode.app/Contents/Developer/Toolchains/XcodeDefault.xctoolchain/usr/bin/clang -x objective-c++ -ivfsstatcache /Users/sparkles/Library/Developer/Xcode/DerivedData/SDKStatCaches.noindex/iphonesimulator27.0-24A430-8dc58220667be655e1bcc261a7455254.sdkstatcache -target x86_64-apple-ios17.0-simulator -fmessage-length\=0 -fdiagnostics-show-note-include-stack -fmacro-backtrace-limit\=0 -fno-color-diagnostics -fmodules-prune-interval\=86400 -fmodules-prune-after\=345600 -fbuild-session-file\=/Users/sparkles/Library/Developer/Xcode/DerivedData/ModuleCache.noindex/Session.modulevalidation -fmodules-validate-once-per-build-session -Wnon-modular-include-in-framework-module -Werror\=non-modular-include-in-framework-module -Wno-trigraphs -Wno-missing-field-initializers -Wno-missing-prototypes -Werror\=return-type -Wdocumentation -Wunreachable-code -Wno-implicit-atomic-properties -Werror\=deprecated-objc-isa-usage -Wno-objc-interface-ivars -Werror\=objc-root-class -Wno-arc-repeated-use-of-weak -Wimplicit-retain-self -Wno-non-virtual-dtor -Wno-overloaded-virtual -Wno-exit-time-destructors -Wduplicate-method-match -Wno-missing-braces -Wparentheses -Wswitch -Wunused-function -Wno-unused-label -Wno-unused-parameter -Wunused-variable -Wunused-value -Wempty-body -Wuninitialized -Wconditional-uninitialized -Wno-unknown-pragmas -Wno-shadow -Wno-four-char-constants -Wno-conversion -Wconstant-conversion -Wint-conversion -Wbool-conversion -Wenum-conversion -Wno-float-conversion -Wnon-literal-null-conversion -Wobjc-literal-conversion -Wshorten-64-to-32 -Wno-newline-eof -Wno-selector -Wno-strict-selector-match -Wundeclared-selector -Wdeprecated-implementations -Wno-c++11-extensions -Wno-implicit-fallthrough -isysroot /Applications/Xcode.app/Contents/Developer/Platforms/iPhoneSimulator.platform/Developer/SDKs/iPhoneSimulator27.0.sdk -fstrict-aliasing -Wprotocol -Wdeprecated-declarations -Winvalid-offsetof -Wno-sign-conversion -Winfinite-recursion -Wmove -Wcomma -Wblock-capture-autoreleasing -Wstrict-prototypes -Wrange-loop-analysis -Wno-semicolon-before-method-body -Wunguarded-availability -index-store-path /Users/sparkles/Library/Developer/Xcode/DerivedData/Expensio-futtgngxcysvvhcljmosbeftqmyc/Index.noindex/DataStore @/Users/sparkles/Library/Developer/Xcode/DerivedData/Expensio-futtgngxcysvvhcljmosbeftqmyc/Build/Intermediates.noindex/Pods.build/Debug-iphonesimulator/react-native-safe-area-context.build/Objects-normal/x86_64/af3fcb34312c57c0f52879cdce924b91-common-args.resp -DRCT_NEW_ARCH_ENABLED\=1 -include /Users/sparkles/Documents/CodingFiles/FullStack/expensioApp/frontend/ios/Pods/Target\ Support\ Files/react-native-safe-area-context/react-native-safe-area-context-prefix.pch -MMD -MT dependencies -MF /Users/sparkles/Library/Developer/Xcode/DerivedData/Expensio-futtgngxcysvvhcljmosbeftqmyc/Build/Intermediates.noindex/Pods.build/Debug-iphonesimulator/react-native-safe-area-context.build/Objects-normal/x86_64/RNCSafeAreaContext.d --serialize-diagnostics /Users/sparkles/Library/Developer/Xcode/DerivedData/Expensio-futtgngxcysvvhcljmosbeftqmyc/Build/Intermediates.noindex/Pods.build/Debug-iphonesimulator/react-native-safe-area-context.build/Objects-normal/x86_64/RNCSafeAreaContext.dia -c /Users/sparkles/Documents/CodingFiles/FullStack/expensioApp/frontend/node_modules/react-native-safe-area-context/ios/RNCSafeAreaContext.mm -o /Users/sparkles/Library/Developer/Xcode/DerivedData/Expensio-futtgngxcysvvhcljmosbeftqmyc/Build/Intermediates.noindex/Pods.build/Debug-iphonesimulator/react-native-safe-area-context.build/Objects-normal/x86_64/RNCSafeAreaContext.o -index-unit-output-path /Pods.build/Debug-iphonesimulator/react-native-safe-area-context.build/Objects-normal/x86_64/RNCSafeAreaContext.o

CompileC /Users/sparkles/Library/Developer/Xcode/DerivedData/Expensio-futtgngxcysvvhcljmosbeftqmyc/Build/Intermediates.noindex/Pods.build/Debug-iphonesimulator/react-native-safe-area-context.build/Objects-normal/arm64/RNCSafeAreaViewState.o /Users/sparkles/Documents/CodingFiles/FullStack/expensioApp/frontend/node_modules/react-native-safe-area-context/common/cpp/react/renderer/components/safeareacontext/RNCSafeAreaViewState.cpp normal arm64 c++ com.apple.compilers.llvm.clang.1_0.compiler (in target 'react-native-safe-area-context' from project 'Pods')
    cd /Users/sparkles/Documents/CodingFiles/FullStack/expensioApp/frontend/ios/Pods
    
    Using response file: /Users/sparkles/Library/Developer/Xcode/DerivedData/Expensio-futtgngxcysvvhcljmosbeftqmyc/Build/Intermediates.noindex/Pods.build/Debug-iphonesimulator/react-native-safe-area-context.build/Objects-normal/arm64/82b82416624d2658e5098eb0a28c15c5-common-args.resp
    
    /Applications/Xcode.app/Contents/Developer/Toolchains/XcodeDefault.xctoolchain/usr/bin/clang -x c++ -ivfsstatcache /Users/sparkles/Library/Developer/Xcode/DerivedData/SDKStatCaches.noindex/iphonesimulator27.0-24A430-8dc58220667be655e1bcc261a7455254.sdkstatcache -target arm64-apple-ios17.0-simulator -fmessage-length\=0 -fdiagnostics-show-note-include-stack -fmacro-backtrace-limit\=0 -fno-color-diagnostics -fmodules-prune-interval\=86400 -fmodules-prune-after\=345600 -fbuild-session-file\=/Users/sparkles/Library/Developer/Xcode/DerivedData/ModuleCache.noindex/Session.modulevalidation -fmodules-validate-once-per-build-session -Wnon-modular-include-in-framework-module -Werror\=non-modular-include-in-framework-module -Wno-trigraphs -Wno-missing-field-initializers -Wno-missing-prototypes -Werror\=return-type -Wdocumentation -Wunreachable-code -Werror\=deprecated-objc-isa-usage -Werror\=objc-root-class -Wno-non-virtual-dtor -Wno-overloaded-virtual -Wno-exit-time-destructors -Wno-missing-braces -Wparentheses -Wswitch -Wunused-function -Wno-unused-label -Wno-unused-parameter -Wunused-variable -Wunused-value -Wempty-body -Wuninitialized -Wconditional-uninitialized -Wno-unknown-pragmas -Wno-shadow -Wno-four-char-constants -Wno-conversion -Wconstant-conversion -Wint-conversion -Wbool-conversion -Wenum-conversion -Wno-float-conversion -Wnon-literal-null-conversion -Wobjc-literal-conversion -Wshorten-64-to-32 -Wno-newline-eof -Wno-c++11-extensions -Wno-implicit-fallthrough -isysroot /Applications/Xcode.app/Contents/Developer/Platforms/iPhoneSimulator.platform/Developer/SDKs/iPhoneSimulator27.0.sdk -fstrict-aliasing -Wdeprecated-declarations -Winvalid-offsetof -Wno-sign-conversion -Winfinite-recursion -Wmove -Wcomma -Wblock-capture-autoreleasing -Wstrict-prototypes -Wrange-loop-analysis -Wno-semicolon-before-method-body -Wunguarded-availability -index-store-path /Users/sparkles/Library/Developer/Xcode/DerivedData/Expensio-futtgngxcysvvhcljmosbeftqmyc/Index.noindex/DataStore @/Users/sparkles/Library/Developer/Xcode/DerivedData/Expensio-futtgngxcysvvhcljmosbeftqmyc/Build/Intermediates.noindex/Pods.build/Debug-iphonesimulator/react-native-safe-area-context.build/Objects-normal/arm64/82b82416624d2658e5098eb0a28c15c5-common-args.resp -DRCT_NEW_ARCH_ENABLED\=1 -include /Users/sparkles/Documents/CodingFiles/FullStack/expensioApp/frontend/ios/Pods/Target\ Support\ Files/react-native-safe-area-context/react-native-safe-area-context-prefix.pch -MMD -MT dependencies -MF /Users/sparkles/Library/Developer/Xcode/DerivedData/Expensio-futtgngxcysvvhcljmosbeftqmyc/Build/Intermediates.noindex/Pods.build/Debug-iphonesimulator/react-native-safe-area-context.build/Objects-normal/arm64/RNCSafeAreaViewState.d --serialize-diagnostics /Users/sparkles/Library/Developer/Xcode/DerivedData/Expensio-futtgngxcysvvhcljmosbeftqmyc/Build/Intermediates.noindex/Pods.build/Debug-iphonesimulator/react-native-safe-area-context.build/Objects-normal/arm64/RNCSafeAreaViewState.dia -c /Users/sparkles/Documents/CodingFiles/FullStack/expensioApp/frontend/node_modules/react-native-safe-area-context/common/cpp/react/renderer/components/safeareacontext/RNCSafeAreaViewState.cpp -o /Users/sparkles/Library/Developer/Xcode/DerivedData/Expensio-futtgngxcysvvhcljmosbeftqmyc/Build/Intermediates.noindex/Pods.build/Debug-iphonesimulator/react-native-safe-area-context.build/Objects-normal/arm64/RNCSafeAreaViewState.o -index-unit-output-path /Pods.build/Debug-iphonesimulator/react-native-safe-area-context.build/Objects-normal/arm64/RNCSafeAreaViewState.o

CompileC /Users/sparkles/Library/Developer/Xcode/DerivedData/Expensio-futtgngxcysvvhcljmosbeftqmyc/Build/Intermediates.noindex/Pods.build/Debug-iphonesimulator/react-native-safe-area-context.build/Objects-normal/arm64/RNCSafeAreaViewShadowNode.o /Users/sparkles/Documents/CodingFiles/FullStack/expensioApp/frontend/node_modules/react-native-safe-area-context/common/cpp/react/renderer/components/safeareacontext/RNCSafeAreaViewShadowNode.cpp normal arm64 c++ com.apple.compilers.llvm.clang.1_0.compiler (in target 'react-native-safe-area-context' from project 'Pods')
    cd /Users/sparkles/Documents/CodingFiles/FullStack/expensioApp/frontend/ios/Pods
    
    Using response file: /Users/sparkles/Library/Developer/Xcode/DerivedData/Expensio-futtgngxcysvvhcljmosbeftqmyc/Build/Intermediates.noindex/Pods.build/Debug-iphonesimulator/react-native-safe-area-context.build/Objects-normal/arm64/82b82416624d2658e5098eb0a28c15c5-common-args.resp
    
    /Applications/Xcode.app/Contents/Developer/Toolchains/XcodeDefault.xctoolchain/usr/bin/clang -x c++ -ivfsstatcache /Users/sparkles/Library/Developer/Xcode/DerivedData/SDKStatCaches.noindex/iphonesimulator27.0-24A430-8dc58220667be655e1bcc261a7455254.sdkstatcache -target arm64-apple-ios17.0-simulator -fmessage-length\=0 -fdiagnostics-show-note-include-stack -fmacro-backtrace-limit\=0 -fno-color-diagnostics -fmodules-prune-interval\=86400 -fmodules-prune-after\=345600 -fbuild-session-file\=/Users/sparkles/Library/Developer/Xcode/DerivedData/ModuleCache.noindex/Session.modulevalidation -fmodules-validate-once-per-build-session -Wnon-modular-include-in-framework-module -Werror\=non-modular-include-in-framework-module -Wno-trigraphs -Wno-missing-field-initializers -Wno-missing-prototypes -Werror\=return-type -Wdocumentation -Wunreachable-code -Werror\=deprecated-objc-isa-usage -Werror\=objc-root-class -Wno-non-virtual-dtor -Wno-overloaded-virtual -Wno-exit-time-destructors -Wno-missing-braces -Wparentheses -Wswitch -Wunused-function -Wno-unused-label -Wno-unused-parameter -Wunused-variable -Wunused-value -Wempty-body -Wuninitialized -Wconditional-uninitialized -Wno-unknown-pragmas -Wno-shadow -Wno-four-char-constants -Wno-conversion -Wconstant-conversion -Wint-conversion -Wbool-conversion -Wenum-conversion -Wno-float-conversion -Wnon-literal-null-conversion -Wobjc-literal-conversion -Wshorten-64-to-32 -Wno-newline-eof -Wno-c++11-extensions -Wno-implicit-fallthrough -isysroot /Applications/Xcode.app/Contents/Developer/Platforms/iPhoneSimulator.platform/Developer/SDKs/iPhoneSimulator27.0.sdk -fstrict-aliasing -Wdeprecated-declarations -Winvalid-offsetof -Wno-sign-conversion -Winfinite-recursion -Wmove -Wcomma -Wblock-capture-autoreleasing -Wstrict-prototypes -Wrange-loop-analysis -Wno-semicolon-before-method-body -Wunguarded-availability -index-store-path /Users/sparkles/Library/Developer/Xcode/DerivedData/Expensio-futtgngxcysvvhcljmosbeftqmyc/Index.noindex/DataStore @/Users/sparkles/Library/Developer/Xcode/DerivedData/Expensio-futtgngxcysvvhcljmosbeftqmyc/Build/Intermediates.noindex/Pods.build/Debug-iphonesimulator/react-native-safe-area-context.build/Objects-normal/arm64/82b82416624d2658e5098eb0a28c15c5-common-args.resp -DRCT_NEW_ARCH_ENABLED\=1 -include /Users/sparkles/Documents/CodingFiles/FullStack/expensioApp/frontend/ios/Pods/Target\ Support\ Files/react-native-safe-area-context/react-native-safe-area-context-prefix.pch -MMD -MT dependencies -MF /Users/sparkles/Library/Developer/Xcode/DerivedData/Expensio-futtgngxcysvvhcljmosbeftqmyc/Build/Intermediates.noindex/Pods.build/Debug-iphonesimulator/react-native-safe-area-context.build/Objects-normal/arm64/RNCSafeAreaViewShadowNode.d --serialize-diagnostics /Users/sparkles/Library/Developer/Xcode/DerivedData/Expensio-futtgngxcysvvhcljmosbeftqmyc/Build/Intermediates.noindex/Pods.build/Debug-iphonesimulator/react-native-safe-area-context.build/Objects-normal/arm64/RNCSafeAreaViewShadowNode.dia -c /Users/sparkles/Documents/CodingFiles/FullStack/expensioApp/frontend/node_modules/react-native-safe-area-context/common/cpp/react/renderer/components/safeareacontext/RNCSafeAreaViewShadowNode.cpp -o /Users/sparkles/Library/Developer/Xcode/DerivedData/Expensio-futtgngxcysvvhcljmosbeftqmyc/Build/Intermediates.noindex/Pods.build/Debug-iphonesimulator/react-native-safe-area-context.build/Objects-normal/arm64/RNCSafeAreaViewShadowNode.o -index-unit-output-path /Pods.build/Debug-iphonesimulator/react-native-safe-area-context.build/Objects-normal/arm64/RNCSafeAreaViewShadowNode.o

CompileC /Users/sparkles/Library/Developer/Xcode/DerivedData/Expensio-futtgngxcysvvhcljmosbeftqmyc/Build/Intermediates.noindex/Pods.build/Debug-iphonesimulator/react-native-safe-area-context.build/Objects-normal/arm64/RNCSafeAreaViewComponentView.o /Users/sparkles/Documents/CodingFiles/FullStack/expensioApp/frontend/node_modules/react-native-safe-area-context/ios/Fabric/RNCSafeAreaViewComponentView.mm normal arm64 objective-c++ com.apple.compilers.llvm.clang.1_0.compiler (in target 'react-native-safe-area-context' from project 'Pods')
    cd /Users/sparkles/Documents/CodingFiles/FullStack/expensioApp/frontend/ios/Pods
    
    Using response file: /Users/sparkles/Library/Developer/Xcode/DerivedData/Expensio-futtgngxcysvvhcljmosbeftqmyc/Build/Intermediates.noindex/Pods.build/Debug-iphonesimulator/react-native-safe-area-context.build/Objects-normal/arm64/af3fcb34312c57c0f52879cdce924b91-common-args.resp
    
    /Applications/Xcode.app/Contents/Developer/Toolchains/XcodeDefault.xctoolchain/usr/bin/clang -x objective-c++ -ivfsstatcache /Users/sparkles/Library/Developer/Xcode/DerivedData/SDKStatCaches.noindex/iphonesimulator27.0-24A430-8dc58220667be655e1bcc261a7455254.sdkstatcache -target arm64-apple-ios17.0-simulator -fmessage-length\=0 -fdiagnostics-show-note-include-stack -fmacro-backtrace-limit\=0 -fno-color-diagnostics -fmodules-prune-interval\=86400 -fmodules-prune-after\=345600 -fbuild-session-file\=/Users/sparkles/Library/Developer/Xcode/DerivedData/ModuleCache.noindex/Session.modulevalidation -fmodules-validate-once-per-build-session -Wnon-modular-include-in-framework-module -Werror\=non-modular-include-in-framework-module -Wno-trigraphs -Wno-missing-field-initializers -Wno-missing-prototypes -Werror\=return-type -Wdocumentation -Wunreachable-code -Wno-implicit-atomic-properties -Werror\=deprecated-objc-isa-usage -Wno-objc-interface-ivars -Werror\=objc-root-class -Wno-arc-repeated-use-of-weak -Wimplicit-retain-self -Wno-non-virtual-dtor -Wno-overloaded-virtual -Wno-exit-time-destructors -Wduplicate-method-match -Wno-missing-braces -Wparentheses -Wswitch -Wunused-function -Wno-unused-label -Wno-unused-parameter -Wunused-variable -Wunused-value -Wempty-body -Wuninitialized -Wconditional-uninitialized -Wno-unknown-pragmas -Wno-shadow -Wno-four-char-constants -Wno-conversion -Wconstant-conversion -Wint-conversion -Wbool-conversion -Wenum-conversion -Wno-float-conversion -Wnon-literal-null-conversion -Wobjc-literal-conversion -Wshorten-64-to-32 -Wno-newline-eof -Wno-selector -Wno-strict-selector-match -Wundeclared-selector -Wdeprecated-implementations -Wno-c++11-extensions -Wno-implicit-fallthrough -isysroot /Applications/Xcode.app/Contents/Developer/Platforms/iPhoneSimulator.platform/Developer/SDKs/iPhoneSimulator27.0.sdk -fstrict-aliasing -Wprotocol -Wdeprecated-declarations -Winvalid-offsetof -Wno-sign-conversion -Winfinite-recursion -Wmove -Wcomma -Wblock-capture-autoreleasing -Wstrict-prototypes -Wrange-loop-analysis -Wno-semicolon-before-method-body -Wunguarded-availability -index-store-path /Users/sparkles/Library/Developer/Xcode/DerivedData/Expensio-futtgngxcysvvhcljmosbeftqmyc/Index.noindex/DataStore @/Users/sparkles/Library/Developer/Xcode/DerivedData/Expensio-futtgngxcysvvhcljmosbeftqmyc/Build/Intermediates.noindex/Pods.build/Debug-iphonesimulator/react-native-safe-area-context.build/Objects-normal/arm64/af3fcb34312c57c0f52879cdce924b91-common-args.resp -DRCT_NEW_ARCH_ENABLED\=1 -include /Users/sparkles/Documents/CodingFiles/FullStack/expensioApp/frontend/ios/Pods/Target\ Support\ Files/react-native-safe-area-context/react-native-safe-area-context-prefix.pch -MMD -MT dependencies -MF /Users/sparkles/Library/Developer/Xcode/DerivedData/Expensio-futtgngxcysvvhcljmosbeftqmyc/Build/Intermediates.noindex/Pods.build/Debug-iphonesimulator/react-native-safe-area-context.build/Objects-normal/arm64/RNCSafeAreaViewComponentView.d --serialize-diagnostics /Users/sparkles/Library/Developer/Xcode/DerivedData/Expensio-futtgngxcysvvhcljmosbeftqmyc/Build/Intermediates.noindex/Pods.build/Debug-iphonesimulator/react-native-safe-area-context.build/Objects-normal/arm64/RNCSafeAreaViewComponentView.dia -c /Users/sparkles/Documents/CodingFiles/FullStack/expensioApp/frontend/node_modules/react-native-safe-area-context/ios/Fabric/RNCSafeAreaViewComponentView.mm -o /Users/sparkles/Library/Developer/Xcode/DerivedData/Expensio-futtgngxcysvvhcljmosbeftqmyc/Build/Intermediates.noindex/Pods.build/Debug-iphonesimulator/react-native-safe-area-context.build/Objects-normal/arm64/RNCSafeAreaViewComponentView.o -index-unit-output-path /Pods.build/Debug-iphonesimulator/react-native-safe-area-context.build/Objects-normal/arm64/RNCSafeAreaViewComponentView.o

CompileC /Users/sparkles/Library/Developer/Xcode/DerivedData/Expensio-futtgngxcysvvhcljmosbeftqmyc/Build/Intermediates.noindex/Pods.build/Debug-iphonesimulator/react-native-safe-area-context.build/Objects-normal/arm64/RNCSafeAreaProviderComponentView.o /Users/sparkles/Documents/CodingFiles/FullStack/expensioApp/frontend/node_modules/react-native-safe-area-context/ios/Fabric/RNCSafeAreaProviderComponentView.mm normal arm64 objective-c++ com.apple.compilers.llvm.clang.1_0.compiler (in target 'react-native-safe-area-context' from project 'Pods')
    cd /Users/sparkles/Documents/CodingFiles/FullStack/expensioApp/frontend/ios/Pods
    
    Using response file: /Users/sparkles/Library/Developer/Xcode/DerivedData/Expensio-futtgngxcysvvhcljmosbeftqmyc/Build/Intermediates.noindex/Pods.build/Debug-iphonesimulator/react-native-safe-area-context.build/Objects-normal/arm64/af3fcb34312c57c0f52879cdce924b91-common-args.resp
    
    /Applications/Xcode.app/Contents/Developer/Toolchains/XcodeDefault.xctoolchain/usr/bin/clang -x objective-c++ -ivfsstatcache /Users/sparkles/Library/Developer/Xcode/DerivedData/SDKStatCaches.noindex/iphonesimulator27.0-24A430-8dc58220667be655e1bcc261a7455254.sdkstatcache -target arm64-apple-ios17.0-simulator -fmessage-length\=0 -fdiagnostics-show-note-include-stack -fmacro-backtrace-limit\=0 -fno-color-diagnostics -fmodules-prune-interval\=86400 -fmodules-prune-after\=345600 -fbuild-session-file\=/Users/sparkles/Library/Developer/Xcode/DerivedData/ModuleCache.noindex/Session.modulevalidation -fmodules-validate-once-per-build-session -Wnon-modular-include-in-framework-module -Werror\=non-modular-include-in-framework-module -Wno-trigraphs -Wno-missing-field-initializers -Wno-missing-prototypes -Werror\=return-type -Wdocumentation -Wunreachable-code -Wno-implicit-atomic-properties -Werror\=deprecated-objc-isa-usage -Wno-objc-interface-ivars -Werror\=objc-root-class -Wno-arc-repeated-use-of-weak -Wimplicit-retain-self -Wno-non-virtual-dtor -Wno-overloaded-virtual -Wno-exit-time-destructors -Wduplicate-method-match -Wno-missing-braces -Wparentheses -Wswitch -Wunused-function -Wno-unused-label -Wno-unused-parameter -Wunused-variable -Wunused-value -Wempty-body -Wuninitialized -Wconditional-uninitialized -Wno-unknown-pragmas -Wno-shadow -Wno-four-char-constants -Wno-conversion -Wconstant-conversion -Wint-conversion -Wbool-conversion -Wenum-conversion -Wno-float-conversion -Wnon-literal-null-conversion -Wobjc-literal-conversion -Wshorten-64-to-32 -Wno-newline-eof -Wno-selector -Wno-strict-selector-match -Wundeclared-selector -Wdeprecated-implementations -Wno-c++11-extensions -Wno-implicit-fallthrough -isysroot /Applications/Xcode.app/Contents/Developer/Platforms/iPhoneSimulator.platform/Developer/SDKs/iPhoneSimulator27.0.sdk -fstrict-aliasing -Wprotocol -Wdeprecated-declarations -Winvalid-offsetof -Wno-sign-conversion -Winfinite-recursion -Wmove -Wcomma -Wblock-capture-autoreleasing -Wstrict-prototypes -Wrange-loop-analysis -Wno-semicolon-before-method-body -Wunguarded-availability -index-store-path /Users/sparkles/Library/Developer/Xcode/DerivedData/Expensio-futtgngxcysvvhcljmosbeftqmyc/Index.noindex/DataStore @/Users/sparkles/Library/Developer/Xcode/DerivedData/Expensio-futtgngxcysvvhcljmosbeftqmyc/Build/Intermediates.noindex/Pods.build/Debug-iphonesimulator/react-native-safe-area-context.build/Objects-normal/arm64/af3fcb34312c57c0f52879cdce924b91-common-args.resp -DRCT_NEW_ARCH_ENABLED\=1 -include /Users/sparkles/Documents/CodingFiles/FullStack/expensioApp/frontend/ios/Pods/Target\ Support\ Files/react-native-safe-area-context/react-native-safe-area-context-prefix.pch -MMD -MT dependencies -MF /Users/sparkles/Library/Developer/Xcode/DerivedData/Expensio-futtgngxcysvvhcljmosbeftqmyc/Build/Intermediates.noindex/Pods.build/Debug-iphonesimulator/react-native-safe-area-context.build/Objects-normal/arm64/RNCSafeAreaProviderComponentView.d --serialize-diagnostics /Users/sparkles/Library/Developer/Xcode/DerivedData/Expensio-futtgngxcysvvhcljmosbeftqmyc/Build/Intermediates.noindex/Pods.build/Debug-iphonesimulator/react-native-safe-area-context.build/Objects-normal/arm64/RNCSafeAreaProviderComponentView.dia -c /Users/sparkles/Documents/CodingFiles/FullStack/expensioApp/frontend/node_modules/react-native-safe-area-context/ios/Fabric/RNCSafeAreaProviderComponentView.mm -o /Users/sparkles/Library/Developer/Xcode/DerivedData/Expensio-futtgngxcysvvhcljmosbeftqmyc/Build/Intermediates.noindex/Pods.build/Debug-iphonesimulator/react-native-safe-area-context.build/Objects-normal/arm64/RNCSafeAreaProviderComponentView.o -index-unit-output-path /Pods.build/Debug-iphonesimulator/react-native-safe-area-context.build/Objects-normal/arm64/RNCSafeAreaProviderComponentView.o
/Users/sparkles/Documents/CodingFiles/FullStack/expensioApp/frontend/node_modules/react-native-safe-area-context/ios/Fabric/RNCSafeAreaProviderComponentView.mm:110:27: warning: ISO C++ requires field designators to be specified in declaration order; field 'left' will be initialized after field 'bottom' [-Wreorder-init-list]
  110 |                 .bottom = safeAreaInsets.bottom,
      |                 ~~~~~~~~~~^~~~~~~~~~~~~~~~~~~~~
/Users/sparkles/Documents/CodingFiles/FullStack/expensioApp/frontend/node_modules/react-native-safe-area-context/ios/Fabric/RNCSafeAreaProviderComponentView.mm:109:25: note: previous initialization for field 'left' is here
  109 |                 .left = safeAreaInsets.left,
      |                         ^~~~~~~~~~~~~~~~~~~
/Users/sparkles/Documents/CodingFiles/FullStack/expensioApp/frontend/node_modules/react-native-safe-area-context/ios/Fabric/RNCSafeAreaProviderComponentView.mm:111:26: warning: ISO C++ requires field designators to be specified in declaration order; field 'bottom' will be initialized after field 'right' [-Wreorder-init-list]
  111 |                 .right = safeAreaInsets.right,
      |                 ~~~~~~~~~^~~~~~~~~~~~~~~~~~~~
/Users/sparkles/Documents/CodingFiles/FullStack/expensioApp/frontend/node_modules/react-native-safe-area-context/ios/Fabric/RNCSafeAreaProviderComponentView.mm:110:27: note: previous initialization for field 'bottom' is here
  110 |                 .bottom = safeAreaInsets.bottom,
      |                           ^~~~~~~~~~~~~~~~~~~~~
2 warnings generated.

CompileC /Users/sparkles/Library/Developer/Xcode/DerivedData/Expensio-futtgngxcysvvhcljmosbeftqmyc/Build/Intermediates.noindex/Pods.build/Debug-iphonesimulator/react-native-safe-area-context.build/Objects-normal/arm64/RNCSafeAreaContext.o /Users/sparkles/Documents/CodingFiles/FullStack/expensioApp/frontend/node_modules/react-native-safe-area-context/ios/RNCSafeAreaContext.mm normal arm64 objective-c++ com.apple.compilers.llvm.clang.1_0.compiler (in target 'react-native-safe-area-context' from project 'Pods')
    cd /Users/sparkles/Documents/CodingFiles/FullStack/expensioApp/frontend/ios/Pods
    
    Using response file: /Users/sparkles/Library/Developer/Xcode/DerivedData/Expensio-futtgngxcysvvhcljmosbeftqmyc/Build/Intermediates.noindex/Pods.build/Debug-iphonesimulator/react-native-safe-area-context.build/Objects-normal/arm64/af3fcb34312c57c0f52879cdce924b91-common-args.resp
    
    /Applications/Xcode.app/Contents/Developer/Toolchains/XcodeDefault.xctoolchain/usr/bin/clang -x objective-c++ -ivfsstatcache /Users/sparkles/Library/Developer/Xcode/DerivedData/SDKStatCaches.noindex/iphonesimulator27.0-24A430-8dc58220667be655e1bcc261a7455254.sdkstatcache -target arm64-apple-ios17.0-simulator -fmessage-length\=0 -fdiagnostics-show-note-include-stack -fmacro-backtrace-limit\=0 -fno-color-diagnostics -fmodules-prune-interval\=86400 -fmodules-prune-after\=345600 -fbuild-session-file\=/Users/sparkles/Library/Developer/Xcode/DerivedData/ModuleCache.noindex/Session.modulevalidation -fmodules-validate-once-per-build-session -Wnon-modular-include-in-framework-module -Werror\=non-modular-include-in-framework-module -Wno-trigraphs -Wno-missing-field-initializers -Wno-missing-prototypes -Werror\=return-type -Wdocumentation -Wunreachable-code -Wno-implicit-atomic-properties -Werror\=deprecated-objc-isa-usage -Wno-objc-interface-ivars -Werror\=objc-root-class -Wno-arc-repeated-use-of-weak -Wimplicit-retain-self -Wno-non-virtual-dtor -Wno-overloaded-virtual -Wno-exit-time-destructors -Wduplicate-method-match -Wno-missing-braces -Wparentheses -Wswitch -Wunused-function -Wno-unused-label -Wno-unused-parameter -Wunused-variable -Wunused-value -Wempty-body -Wuninitialized -Wconditional-uninitialized -Wno-unknown-pragmas -Wno-shadow -Wno-four-char-constants -Wno-conversion -Wconstant-conversion -Wint-conversion -Wbool-conversion -Wenum-conversion -Wno-float-conversion -Wnon-literal-null-conversion -Wobjc-literal-conversion -Wshorten-64-to-32 -Wno-newline-eof -Wno-selector -Wno-strict-selector-match -Wundeclared-selector -Wdeprecated-implementations -Wno-c++11-extensions -Wno-implicit-fallthrough -isysroot /Applications/Xcode.app/Contents/Developer/Platforms/iPhoneSimulator.platform/Developer/SDKs/iPhoneSimulator27.0.sdk -fstrict-aliasing -Wprotocol -Wdeprecated-declarations -Winvalid-offsetof -Wno-sign-conversion -Winfinite-recursion -Wmove -Wcomma -Wblock-capture-autoreleasing -Wstrict-prototypes -Wrange-loop-analysis -Wno-semicolon-before-method-body -Wunguarded-availability -index-store-path /Users/sparkles/Library/Developer/Xcode/DerivedData/Expensio-futtgngxcysvvhcljmosbeftqmyc/Index.noindex/DataStore @/Users/sparkles/Library/Developer/Xcode/DerivedData/Expensio-futtgngxcysvvhcljmosbeftqmyc/Build/Intermediates.noindex/Pods.build/Debug-iphonesimulator/react-native-safe-area-context.build/Objects-normal/arm64/af3fcb34312c57c0f52879cdce924b91-common-args.resp -DRCT_NEW_ARCH_ENABLED\=1 -include /Users/sparkles/Documents/CodingFiles/FullStack/expensioApp/frontend/ios/Pods/Target\ Support\ Files/react-native-safe-area-context/react-native-safe-area-context-prefix.pch -MMD -MT dependencies -MF /Users/sparkles/Library/Developer/Xcode/DerivedData/Expensio-futtgngxcysvvhcljmosbeftqmyc/Build/Intermediates.noindex/Pods.build/Debug-iphonesimulator/react-native-safe-area-context.build/Objects-normal/arm64/RNCSafeAreaContext.d --serialize-diagnostics /Users/sparkles/Library/Developer/Xcode/DerivedData/Expensio-futtgngxcysvvhcljmosbeftqmyc/Build/Intermediates.noindex/Pods.build/Debug-iphonesimulator/react-native-safe-area-context.build/Objects-normal/arm64/RNCSafeAreaContext.dia -c /Users/sparkles/Documents/CodingFiles/FullStack/expensioApp/frontend/node_modules/react-native-safe-area-context/ios/RNCSafeAreaContext.mm -o /Users/sparkles/Library/Developer/Xcode/DerivedData/Expensio-futtgngxcysvvhcljmosbeftqmyc/Build/Intermediates.noindex/Pods.build/Debug-iphonesimulator/react-native-safe-area-context.build/Objects-normal/arm64/RNCSafeAreaContext.o -index-unit-output-path /Pods.build/Debug-iphonesimulator/react-native-safe-area-context.build/Objects-normal/arm64/RNCSafeAreaContext.o

CompileC /Users/sparkles/Library/Developer/Xcode/DerivedData/Expensio-futtgngxcysvvhcljmosbeftqmyc/Build/Intermediates.noindex/Pods.build/Debug-iphonesimulator/ReactCodegen.build/Objects-normal/arm64/ReactCodegen-dummy.o /Users/sparkles/Documents/CodingFiles/FullStack/expensioApp/frontend/ios/Pods/Target\ Support\ Files/ReactCodegen/ReactCodegen-dummy.m normal arm64 objective-c com.apple.compilers.llvm.clang.1_0.compiler (in target 'ReactCodegen' from project 'Pods')
    cd /Users/sparkles/Documents/CodingFiles/FullStack/expensioApp/frontend/ios/Pods
    
    Using response file: /Users/sparkles/Library/Developer/Xcode/DerivedData/Expensio-futtgngxcysvvhcljmosbeftqmyc/Build/Intermediates.noindex/Pods.build/Debug-iphonesimulator/ReactCodegen.build/Objects-normal/arm64/e6072d4f65d7061329687fe24e3d63a7-common-args.resp
    
    /Applications/Xcode.app/Contents/Developer/Toolchains/XcodeDefault.xctoolchain/usr/bin/clang -x objective-c -ivfsstatcache /Users/sparkles/Library/Developer/Xcode/DerivedData/SDKStatCaches.noindex/iphonesimulator27.0-24A430-8dc58220667be655e1bcc261a7455254.sdkstatcache -target arm64-apple-ios17.0-simulator -fmessage-length\=0 -fdiagnostics-show-note-include-stack -fmacro-backtrace-limit\=0 -fno-color-diagnostics -fmodules-prune-interval\=86400 -fmodules-prune-after\=345600 -fbuild-session-file\=/Users/sparkles/Library/Developer/Xcode/DerivedData/ModuleCache.noindex/Session.modulevalidation -fmodules-validate-once-per-build-session -Wnon-modular-include-in-framework-module -Werror\=non-modular-include-in-framework-module -Wno-trigraphs -Wno-missing-field-initializers -Wno-missing-prototypes -Werror\=return-type -Wdocumentation -Wunreachable-code -Wno-implicit-atomic-properties -Werror\=deprecated-objc-isa-usage -Wno-objc-interface-ivars -Werror\=objc-root-class -Wno-arc-repeated-use-of-weak -Wimplicit-retain-self -Wduplicate-method-match -Wno-missing-braces -Wparentheses -Wswitch -Wunused-function -Wno-unused-label -Wno-unused-parameter -Wunused-variable -Wunused-value -Wempty-body -Wuninitialized -Wconditional-uninitialized -Wno-unknown-pragmas -Wno-shadow -Wno-four-char-constants -Wno-conversion -Wconstant-conversion -Wint-conversion -Wbool-conversion -Wenum-conversion -Wno-float-conversion -Wnon-literal-null-conversion -Wobjc-literal-conversion -Wshorten-64-to-32 -Wpointer-sign -Wno-newline-eof -Wno-selector -Wno-strict-selector-match -Wundeclared-selector -Wdeprecated-implementations -Wno-implicit-fallthrough -isysroot /Applications/Xcode.app/Contents/Developer/Platforms/iPhoneSimulator.platform/Developer/SDKs/iPhoneSimulator27.0.sdk -fstrict-aliasing -Wprotocol -Wdeprecated-declarations -Wno-sign-conversion -Winfinite-recursion -Wcomma -Wblock-capture-autoreleasing -Wstrict-prototypes -Wno-semicolon-before-method-body -Wunguarded-availability -index-store-path /Users/sparkles/Library/Developer/Xcode/DerivedData/Expensio-futtgngxcysvvhcljmosbeftqmyc/Index.noindex/DataStore @/Users/sparkles/Library/Developer/Xcode/DerivedData/Expensio-futtgngxcysvvhcljmosbeftqmyc/Build/Intermediates.noindex/Pods.build/Debug-iphonesimulator/ReactCodegen.build/Objects-normal/arm64/e6072d4f65d7061329687fe24e3d63a7-common-args.resp -include /Users/sparkles/Documents/CodingFiles/FullStack/expensioApp/frontend/ios/Pods/Target\ Support\ Files/ReactCodegen/ReactCodegen-prefix.pch -MMD -MT dependencies -MF /Users/sparkles/Library/Developer/Xcode/DerivedData/Expensio-futtgngxcysvvhcljmosbeftqmyc/Build/Intermediates.noindex/Pods.build/Debug-iphonesimulator/ReactCodegen.build/Objects-normal/arm64/ReactCodegen-dummy.d --serialize-diagnostics /Users/sparkles/Library/Developer/Xcode/DerivedData/Expensio-futtgngxcysvvhcljmosbeftqmyc/Build/Intermediates.noindex/Pods.build/Debug-iphonesimulator/ReactCodegen.build/Objects-normal/arm64/ReactCodegen-dummy.dia -c /Users/sparkles/Documents/CodingFiles/FullStack/expensioApp/frontend/ios/Pods/Target\ Support\ Files/ReactCodegen/ReactCodegen-dummy.m -o /Users/sparkles/Library/Developer/Xcode/DerivedData/Expensio-futtgngxcysvvhcljmosbeftqmyc/Build/Intermediates.noindex/Pods.build/Debug-iphonesimulator/ReactCodegen.build/Objects-normal/arm64/ReactCodegen-dummy.o -index-unit-output-path /Pods.build/Debug-iphonesimulator/ReactCodegen.build/Objects-normal/arm64/ReactCodegen-dummy.o

CompileC /Users/sparkles/Library/Developer/Xcode/DerivedData/Expensio-futtgngxcysvvhcljmosbeftqmyc/Build/Intermediates.noindex/Pods.build/Debug-iphonesimulator/ExpoLogBox.build/Objects-normal/arm64/ExpoLogBox-dummy.o /Users/sparkles/Documents/CodingFiles/FullStack/expensioApp/frontend/ios/Pods/Target\ Support\ Files/ExpoLogBox/ExpoLogBox-dummy.m normal arm64 objective-c com.apple.compilers.llvm.clang.1_0.compiler (in target 'ExpoLogBox' from project 'Pods')
    cd /Users/sparkles/Documents/CodingFiles/FullStack/expensioApp/frontend/ios/Pods
    
    Using response file: /Users/sparkles/Library/Developer/Xcode/DerivedData/Expensio-futtgngxcysvvhcljmosbeftqmyc/Build/Intermediates.noindex/Pods.build/Debug-iphonesimulator/ExpoLogBox.build/Objects-normal/arm64/e6072d4f65d7061329687fe24e3d63a7-common-args.resp
    
    /Applications/Xcode.app/Contents/Developer/Toolchains/XcodeDefault.xctoolchain/usr/bin/clang -x objective-c -ivfsstatcache /Users/sparkles/Library/Developer/Xcode/DerivedData/SDKStatCaches.noindex/iphonesimulator27.0-24A430-8dc58220667be655e1bcc261a7455254.sdkstatcache -target arm64-apple-ios17.0-simulator -fmessage-length\=0 -fdiagnostics-show-note-include-stack -fmacro-backtrace-limit\=0 -fno-color-diagnostics -fmodules-prune-interval\=86400 -fmodules-prune-after\=345600 -fbuild-session-file\=/Users/sparkles/Library/Developer/Xcode/DerivedData/ModuleCache.noindex/Session.modulevalidation -fmodules-validate-once-per-build-session -Wnon-modular-include-in-framework-module -Werror\=non-modular-include-in-framework-module -Wno-trigraphs -Wno-missing-field-initializers -Wno-missing-prototypes -Werror\=return-type -Wdocumentation -Wunreachable-code -Wno-implicit-atomic-properties -Werror\=deprecated-objc-isa-usage -Wno-objc-interface-ivars -Werror\=objc-root-class -Wno-arc-repeated-use-of-weak -Wimplicit-retain-self -Wduplicate-method-match -Wno-missing-braces -Wparentheses -Wswitch -Wunused-function -Wno-unused-label -Wno-unused-parameter -Wunused-variable -Wunused-value -Wempty-body -Wuninitialized -Wconditional-uninitialized -Wno-unknown-pragmas -Wno-shadow -Wno-four-char-constants -Wno-conversion -Wconstant-conversion -Wint-conversion -Wbool-conversion -Wenum-conversion -Wno-float-conversion -Wnon-literal-null-conversion -Wobjc-literal-conversion -Wshorten-64-to-32 -Wpointer-sign -Wno-newline-eof -Wno-selector -Wno-strict-selector-match -Wundeclared-selector -Wdeprecated-implementations -Wno-implicit-fallthrough -isysroot /Applications/Xcode.app/Contents/Developer/Platforms/iPhoneSimulator.platform/Developer/SDKs/iPhoneSimulator27.0.sdk -fstrict-aliasing -Wprotocol -Wdeprecated-declarations -Wno-sign-conversion -Winfinite-recursion -Wcomma -Wblock-capture-autoreleasing -Wstrict-prototypes -Wno-semicolon-before-method-body -Wunguarded-availability -index-store-path /Users/sparkles/Library/Developer/Xcode/DerivedData/Expensio-futtgngxcysvvhcljmosbeftqmyc/Index.noindex/DataStore @/Users/sparkles/Library/Developer/Xcode/DerivedData/Expensio-futtgngxcysvvhcljmosbeftqmyc/Build/Intermediates.noindex/Pods.build/Debug-iphonesimulator/ExpoLogBox.build/Objects-normal/arm64/e6072d4f65d7061329687fe24e3d63a7-common-args.resp -include /Users/sparkles/Documents/CodingFiles/FullStack/expensioApp/frontend/ios/Pods/Target\ Support\ Files/ExpoLogBox/ExpoLogBox-prefix.pch -MMD -MT dependencies -MF /Users/sparkles/Library/Developer/Xcode/DerivedData/Expensio-futtgngxcysvvhcljmosbeftqmyc/Build/Intermediates.noindex/Pods.build/Debug-iphonesimulator/ExpoLogBox.build/Objects-normal/arm64/ExpoLogBox-dummy.d --serialize-diagnostics /Users/sparkles/Library/Developer/Xcode/DerivedData/Expensio-futtgngxcysvvhcljmosbeftqmyc/Build/Intermediates.noindex/Pods.build/Debug-iphonesimulator/ExpoLogBox.build/Objects-normal/arm64/ExpoLogBox-dummy.dia -c /Users/sparkles/Documents/CodingFiles/FullStack/expensioApp/frontend/ios/Pods/Target\ Support\ Files/ExpoLogBox/ExpoLogBox-dummy.m -o /Users/sparkles/Library/Developer/Xcode/DerivedData/Expensio-futtgngxcysvvhcljmosbeftqmyc/Build/Intermediates.noindex/Pods.build/Debug-iphonesimulator/ExpoLogBox.build/Objects-normal/arm64/ExpoLogBox-dummy.o -index-unit-output-path /Pods.build/Debug-iphonesimulator/ExpoLogBox.build/Objects-normal/arm64/ExpoLogBox-dummy.o

Libtool /Users/sparkles/Library/Developer/Xcode/DerivedData/Expensio-futtgngxcysvvhcljmosbeftqmyc/Build/Intermediates.noindex/Pods.build/Debug-iphonesimulator/ReactCodegen.build/Objects-normal/arm64/Binary/libReactCodegen.a normal arm64 (in target 'ReactCodegen' from project 'Pods')
    cd /Users/sparkles/Documents/CodingFiles/FullStack/expensioApp/frontend/ios/Pods
    /Applications/Xcode.app/Contents/Developer/Toolchains/XcodeDefault.xctoolchain/usr/bin/libtool -static -arch_only arm64 -D -syslibroot /Applications/Xcode.app/Contents/Developer/Platforms/iPhoneSimulator.platform/Developer/SDKs/iPhoneSimulator27.0.sdk -L/Users/sparkles/Library/Developer/Xcode/DerivedData/Expensio-futtgngxcysvvhcljmosbeftqmyc/Build/Products/Debug-iphonesimulator/ReactCodegen -filelist /Users/sparkles/Library/Developer/Xcode/DerivedData/Expensio-futtgngxcysvvhcljmosbeftqmyc/Build/Intermediates.noindex/Pods.build/Debug-iphonesimulator/ReactCodegen.build/Objects-normal/arm64/ReactCodegen.LinkFileList -dependency_info /Users/sparkles/Library/Developer/Xcode/DerivedData/Expensio-futtgngxcysvvhcljmosbeftqmyc/Build/Intermediates.noindex/Pods.build/Debug-iphonesimulator/ReactCodegen.build/Objects-normal/arm64/ReactCodegen_libtool_dependency_info.dat -o /Users/sparkles/Library/Developer/Xcode/DerivedData/Expensio-futtgngxcysvvhcljmosbeftqmyc/Build/Intermediates.noindex/Pods.build/Debug-iphonesimulator/ReactCodegen.build/Objects-normal/arm64/Binary/libReactCodegen.a
libtool: warning: 'States-5cf51be180c87a71fc8581d295f81820.o' has no symbols
libtool: warning: 'States-62eeb055a41ae30a3af2a50abbabc384.o' has no symbols
libtool: warning: 'States-1622a9a72b00f2fdea4f1030a8018d16.o' has no symbols
libtool: warning: 'States-68925216a545081d5fb8998fe855a677.o' has no symbols

PrecompileModule /Users/sparkles/Library/Developer/Xcode/DerivedData/Expensio-futtgngxcysvvhcljmosbeftqmyc/Build/Intermediates.noindex/ExplicitPrecompiledModules/ObjectiveC-E673DW5SDZVNX4PA2B7QA4FMU.scan
    cd /
    builtin-precompileModule /Users/sparkles/Library/Developer/Xcode/DerivedData/Expensio-futtgngxcysvvhcljmosbeftqmyc/Build/Intermediates.noindex/ExplicitPrecompiledModules/ObjectiveC-E673DW5SDZVNX4PA2B7QA4FMU.scan

Libtool /Users/sparkles/Library/Developer/Xcode/DerivedData/Expensio-futtgngxcysvvhcljmosbeftqmyc/Build/Intermediates.noindex/Pods.build/Debug-iphonesimulator/ExpoLogBox.build/Objects-normal/arm64/Binary/libExpoLogBox.a normal arm64 (in target 'ExpoLogBox' from project 'Pods')
    cd /Users/sparkles/Documents/CodingFiles/FullStack/expensioApp/frontend/ios/Pods
    /Applications/Xcode.app/Contents/Developer/Toolchains/XcodeDefault.xctoolchain/usr/bin/libtool -static -arch_only arm64 -D -syslibroot /Applications/Xcode.app/Contents/Developer/Platforms/iPhoneSimulator.platform/Developer/SDKs/iPhoneSimulator27.0.sdk -L/Users/sparkles/Library/Developer/Xcode/DerivedData/Expensio-futtgngxcysvvhcljmosbeftqmyc/Build/Products/Debug-iphonesimulator/ExpoLogBox -filelist /Users/sparkles/Library/Developer/Xcode/DerivedData/Expensio-futtgngxcysvvhcljmosbeftqmyc/Build/Intermediates.noindex/Pods.build/Debug-iphonesimulator/ExpoLogBox.build/Objects-normal/arm64/ExpoLogBox.LinkFileList -dependency_info /Users/sparkles/Library/Developer/Xcode/DerivedData/Expensio-futtgngxcysvvhcljmosbeftqmyc/Build/Intermediates.noindex/Pods.build/Debug-iphonesimulator/ExpoLogBox.build/Objects-normal/arm64/ExpoLogBox_libtool_dependency_info.dat -o /Users/sparkles/Library/Developer/Xcode/DerivedData/Expensio-futtgngxcysvvhcljmosbeftqmyc/Build/Intermediates.noindex/Pods.build/Debug-iphonesimulator/ExpoLogBox.build/Objects-normal/arm64/Binary/libExpoLogBox.a
libtool: warning: 'ExpoRedBoxSwap.o' has no symbols

PrecompileModule /Users/sparkles/Library/Developer/Xcode/DerivedData/Expensio-futtgngxcysvvhcljmosbeftqmyc/Build/Intermediates.noindex/ExplicitPrecompiledModules/os_object-BI3O4POLAU49SMWB1FMOP6A0Q.scan
    cd /
    builtin-precompileModule /Users/sparkles/Library/Developer/Xcode/DerivedData/Expensio-futtgngxcysvvhcljmosbeftqmyc/Build/Intermediates.noindex/ExplicitPrecompiledModules/os_object-BI3O4POLAU49SMWB1FMOP6A0Q.scan

ScanDependencies /Users/sparkles/Library/Developer/Xcode/DerivedData/Expensio-futtgngxcysvvhcljmosbeftqmyc/Build/Intermediates.noindex/Pods.build/Debug-iphonesimulator/react-native-safe-area-context.build/Objects-normal/x86_64/react-native-safe-area-context-dummy.o /Users/sparkles/Documents/CodingFiles/FullStack/expensioApp/frontend/ios/Pods/Target\ Support\ Files/react-native-safe-area-context/react-native-safe-area-context-dummy.m normal x86_64 objective-c com.apple.compilers.llvm.clang.1_0.compiler (in target 'react-native-safe-area-context' from project 'Pods')
    cd /Users/sparkles/Documents/CodingFiles/FullStack/expensioApp/frontend/ios/Pods
    
    Using response file: /Users/sparkles/Library/Developer/Xcode/DerivedData/Expensio-futtgngxcysvvhcljmosbeftqmyc/Build/Intermediates.noindex/Pods.build/Debug-iphonesimulator/react-native-safe-area-context.build/Objects-normal/x86_64/e6072d4f65d7061329687fe24e3d63a7-common-args.resp
    
    builtin-ScanDependencies -o /Users/sparkles/Library/Developer/Xcode/DerivedData/Expensio-futtgngxcysvvhcljmosbeftqmyc/Build/Intermediates.noindex/Pods.build/Debug-iphonesimulator/react-native-safe-area-context.build/Objects-normal/x86_64/react-native-safe-area-context-dummy.o.scan -- /Applications/Xcode.app/Contents/Developer/Toolchains/XcodeDefault.xctoolchain/usr/bin/clang -x objective-c -ivfsstatcache /Users/sparkles/Library/Developer/Xcode/DerivedData/SDKStatCaches.noindex/iphonesimulator27.0-24A430-8dc58220667be655e1bcc261a7455254.sdkstatcache -target x86_64-apple-ios17.0-simulator -fmessage-length\=0 -fdiagnostics-show-note-include-stack -fmacro-backtrace-limit\=0 -fno-color-diagnostics -fmodules-prune-interval\=86400 -fmodules-prune-after\=345600 -fbuild-session-file\=/Users/sparkles/Library/Developer/Xcode/DerivedData/ModuleCache.noindex/Session.modulevalidation -fmodules-validate-once-per-build-session -Wnon-modular-include-in-framework-module -Werror\=non-modular-include-in-framework-module -Wno-trigraphs -Wno-missing-field-initializers -Wno-missing-prototypes -Werror\=return-type -Wdocumentation -Wunreachable-code -Wno-implicit-atomic-properties -Werror\=deprecated-objc-isa-usage -Wno-objc-interface-ivars -Werror\=objc-root-class -Wno-arc-repeated-use-of-weak -Wimplicit-retain-self -Wduplicate-method-match -Wno-missing-braces -Wparentheses -Wswitch -Wunused-function -Wno-unused-label -Wno-unused-parameter -Wunused-variable -Wunused-value -Wempty-body -Wuninitialized -Wconditional-uninitialized -Wno-unknown-pragmas -Wno-shadow -Wno-four-char-constants -Wno-conversion -Wconstant-conversion -Wint-conversion -Wbool-conversion -Wenum-conversion -Wno-float-conversion -Wnon-literal-null-conversion -Wobjc-literal-conversion -Wshorten-64-to-32 -Wpointer-sign -Wno-newline-eof -Wno-selector -Wno-strict-selector-match -Wundeclared-selector -Wdeprecated-implementations -Wno-implicit-fallthrough -isysroot /Applications/Xcode.app/Contents/Developer/Platforms/iPhoneSimulator.platform/Developer/SDKs/iPhoneSimulator27.0.sdk -fstrict-aliasing -Wprotocol -Wdeprecated-declarations -Wno-sign-conversion -Winfinite-recursion -Wcomma -Wblock-capture-autoreleasing -Wstrict-prototypes -Wno-semicolon-before-method-body -Wunguarded-availability -index-store-path /Users/sparkles/Library/Developer/Xcode/DerivedData/Expensio-futtgngxcysvvhcljmosbeftqmyc/Index.noindex/DataStore @/Users/sparkles/Library/Developer/Xcode/DerivedData/Expensio-futtgngxcysvvhcljmosbeftqmyc/Build/Intermediates.noindex/Pods.build/Debug-iphonesimulator/react-native-safe-area-context.build/Objects-normal/x86_64/e6072d4f65d7061329687fe24e3d63a7-common-args.resp -include /Users/sparkles/Documents/CodingFiles/FullStack/expensioApp/frontend/ios/Pods/Target\ Support\ Files/react-native-safe-area-context/react-native-safe-area-context-prefix.pch -MMD -MT dependencies -MF /Users/sparkles/Library/Developer/Xcode/DerivedData/Expensio-futtgngxcysvvhcljmosbeftqmyc/Build/Intermediates.noindex/Pods.build/Debug-iphonesimulator/react-native-safe-area-context.build/Objects-normal/x86_64/react-native-safe-area-context-dummy.d --serialize-diagnostics /Users/sparkles/Library/Developer/Xcode/DerivedData/Expensio-futtgngxcysvvhcljmosbeftqmyc/Build/Intermediates.noindex/Pods.build/Debug-iphonesimulator/react-native-safe-area-context.build/Objects-normal/x86_64/react-native-safe-area-context-dummy.dia -c /Users/sparkles/Documents/CodingFiles/FullStack/expensioApp/frontend/ios/Pods/Target\ Support\ Files/react-native-safe-area-context/react-native-safe-area-context-dummy.m -o /Users/sparkles/Library/Developer/Xcode/DerivedData/Expensio-futtgngxcysvvhcljmosbeftqmyc/Build/Intermediates.noindex/Pods.build/Debug-iphonesimulator/react-native-safe-area-context.build/Objects-normal/x86_64/react-native-safe-area-context-dummy.o -index-unit-output-path /Pods.build/Debug-iphonesimulator/react-native-safe-area-context.build/Objects-normal/x86_64/react-native-safe-area-context-dummy.o

ScanDependencies /Users/sparkles/Library/Developer/Xcode/DerivedData/Expensio-futtgngxcysvvhcljmosbeftqmyc/Build/Intermediates.noindex/Pods.build/Debug-iphonesimulator/react-native-safe-area-context.build/Objects-normal/x86_64/RNCSafeAreaViewMode.o /Users/sparkles/Documents/CodingFiles/FullStack/expensioApp/frontend/node_modules/react-native-safe-area-context/ios/RNCSafeAreaViewMode.m normal x86_64 objective-c com.apple.compilers.llvm.clang.1_0.compiler (in target 'react-native-safe-area-context' from project 'Pods')
    cd /Users/sparkles/Documents/CodingFiles/FullStack/expensioApp/frontend/ios/Pods
    
    Using response file: /Users/sparkles/Library/Developer/Xcode/DerivedData/Expensio-futtgngxcysvvhcljmosbeftqmyc/Build/Intermediates.noindex/Pods.build/Debug-iphonesimulator/react-native-safe-area-context.build/Objects-normal/x86_64/e6072d4f65d7061329687fe24e3d63a7-common-args.resp
    
    builtin-ScanDependencies -o /Users/sparkles/Library/Developer/Xcode/DerivedData/Expensio-futtgngxcysvvhcljmosbeftqmyc/Build/Intermediates.noindex/Pods.build/Debug-iphonesimulator/react-native-safe-area-context.build/Objects-normal/x86_64/RNCSafeAreaViewMode.o.scan -- /Applications/Xcode.app/Contents/Developer/Toolchains/XcodeDefault.xctoolchain/usr/bin/clang -x objective-c -ivfsstatcache /Users/sparkles/Library/Developer/Xcode/DerivedData/SDKStatCaches.noindex/iphonesimulator27.0-24A430-8dc58220667be655e1bcc261a7455254.sdkstatcache -target x86_64-apple-ios17.0-simulator -fmessage-length\=0 -fdiagnostics-show-note-include-stack -fmacro-backtrace-limit\=0 -fno-color-diagnostics -fmodules-prune-interval\=86400 -fmodules-prune-after\=345600 -fbuild-session-file\=/Users/sparkles/Library/Developer/Xcode/DerivedData/ModuleCache.noindex/Session.modulevalidation -fmodules-validate-once-per-build-session -Wnon-modular-include-in-framework-module -Werror\=non-modular-include-in-framework-module -Wno-trigraphs -Wno-missing-field-initializers -Wno-missing-prototypes -Werror\=return-type -Wdocumentation -Wunreachable-code -Wno-implicit-atomic-properties -Werror\=deprecated-objc-isa-usage -Wno-objc-interface-ivars -Werror\=objc-root-class -Wno-arc-repeated-use-of-weak -Wimplicit-retain-self -Wduplicate-method-match -Wno-missing-braces -Wparentheses -Wswitch -Wunused-function -Wno-unused-label -Wno-unused-parameter -Wunused-variable -Wunused-value -Wempty-body -Wuninitialized -Wconditional-uninitialized -Wno-unknown-pragmas -Wno-shadow -Wno-four-char-constants -Wno-conversion -Wconstant-conversion -Wint-conversion -Wbool-conversion -Wenum-conversion -Wno-float-conversion -Wnon-literal-null-conversion -Wobjc-literal-conversion -Wshorten-64-to-32 -Wpointer-sign -Wno-newline-eof -Wno-selector -Wno-strict-selector-match -Wundeclared-selector -Wdeprecated-implementations -Wno-implicit-fallthrough -isysroot /Applications/Xcode.app/Contents/Developer/Platforms/iPhoneSimulator.platform/Developer/SDKs/iPhoneSimulator27.0.sdk -fstrict-aliasing -Wprotocol -Wdeprecated-declarations -Wno-sign-conversion -Winfinite-recursion -Wcomma -Wblock-capture-autoreleasing -Wstrict-prototypes -Wno-semicolon-before-method-body -Wunguarded-availability -index-store-path /Users/sparkles/Library/Developer/Xcode/DerivedData/Expensio-futtgngxcysvvhcljmosbeftqmyc/Index.noindex/DataStore @/Users/sparkles/Library/Developer/Xcode/DerivedData/Expensio-futtgngxcysvvhcljmosbeftqmyc/Build/Intermediates.noindex/Pods.build/Debug-iphonesimulator/react-native-safe-area-context.build/Objects-normal/x86_64/e6072d4f65d7061329687fe24e3d63a7-common-args.resp -DRCT_NEW_ARCH_ENABLED\=1 -include /Users/sparkles/Documents/CodingFiles/FullStack/expensioApp/frontend/ios/Pods/Target\ Support\ Files/react-native-safe-area-context/react-native-safe-area-context-prefix.pch -MMD -MT dependencies -MF /Users/sparkles/Library/Developer/Xcode/DerivedData/Expensio-futtgngxcysvvhcljmosbeftqmyc/Build/Intermediates.noindex/Pods.build/Debug-iphonesimulator/react-native-safe-area-context.build/Objects-normal/x86_64/RNCSafeAreaViewMode.d --serialize-diagnostics /Users/sparkles/Library/Developer/Xcode/DerivedData/Expensio-futtgngxcysvvhcljmosbeftqmyc/Build/Intermediates.noindex/Pods.build/Debug-iphonesimulator/react-native-safe-area-context.build/Objects-normal/x86_64/RNCSafeAreaViewMode.dia -c /Users/sparkles/Documents/CodingFiles/FullStack/expensioApp/frontend/node_modules/react-native-safe-area-context/ios/RNCSafeAreaViewMode.m -o /Users/sparkles/Library/Developer/Xcode/DerivedData/Expensio-futtgngxcysvvhcljmosbeftqmyc/Build/Intermediates.noindex/Pods.build/Debug-iphonesimulator/react-native-safe-area-context.build/Objects-normal/x86_64/RNCSafeAreaViewMode.o -index-unit-output-path /Pods.build/Debug-iphonesimulator/react-native-safe-area-context.build/Objects-normal/x86_64/RNCSafeAreaViewMode.o

PrecompileModule /Users/sparkles/Library/Developer/Xcode/DerivedData/Expensio-futtgngxcysvvhcljmosbeftqmyc/Build/Intermediates.noindex/ExplicitPrecompiledModules/os_workgroup-73YJ0WOBC0ZCNM0BJ5YFTW2B4.scan
    cd /
    builtin-precompileModule /Users/sparkles/Library/Developer/Xcode/DerivedData/Expensio-futtgngxcysvvhcljmosbeftqmyc/Build/Intermediates.noindex/ExplicitPrecompiledModules/os_workgroup-73YJ0WOBC0ZCNM0BJ5YFTW2B4.scan

ScanDependencies /Users/sparkles/Library/Developer/Xcode/DerivedData/Expensio-futtgngxcysvvhcljmosbeftqmyc/Build/Intermediates.noindex/Pods.build/Debug-iphonesimulator/react-native-safe-area-context.build/Objects-normal/x86_64/RNCSafeAreaViewManager.o /Users/sparkles/Documents/CodingFiles/FullStack/expensioApp/frontend/node_modules/react-native-safe-area-context/ios/RNCSafeAreaViewManager.m normal x86_64 objective-c com.apple.compilers.llvm.clang.1_0.compiler (in target 'react-native-safe-area-context' from project 'Pods')
    cd /Users/sparkles/Documents/CodingFiles/FullStack/expensioApp/frontend/ios/Pods
    
    Using response file: /Users/sparkles/Library/Developer/Xcode/DerivedData/Expensio-futtgngxcysvvhcljmosbeftqmyc/Build/Intermediates.noindex/Pods.build/Debug-iphonesimulator/react-native-safe-area-context.build/Objects-normal/x86_64/e6072d4f65d7061329687fe24e3d63a7-common-args.resp
    
    builtin-ScanDependencies -o /Users/sparkles/Library/Developer/Xcode/DerivedData/Expensio-futtgngxcysvvhcljmosbeftqmyc/Build/Intermediates.noindex/Pods.build/Debug-iphonesimulator/react-native-safe-area-context.build/Objects-normal/x86_64/RNCSafeAreaViewManager.o.scan -- /Applications/Xcode.app/Contents/Developer/Toolchains/XcodeDefault.xctoolchain/usr/bin/clang -x objective-c -ivfsstatcache /Users/sparkles/Library/Developer/Xcode/DerivedData/SDKStatCaches.noindex/iphonesimulator27.0-24A430-8dc58220667be655e1bcc261a7455254.sdkstatcache -target x86_64-apple-ios17.0-simulator -fmessage-length\=0 -fdiagnostics-show-note-include-stack -fmacro-backtrace-limit\=0 -fno-color-diagnostics -fmodules-prune-interval\=86400 -fmodules-prune-after\=345600 -fbuild-session-file\=/Users/sparkles/Library/Developer/Xcode/DerivedData/ModuleCache.noindex/Session.modulevalidation -fmodules-validate-once-per-build-session -Wnon-modular-include-in-framework-module -Werror\=non-modular-include-in-framework-module -Wno-trigraphs -Wno-missing-field-initializers -Wno-missing-prototypes -Werror\=return-type -Wdocumentation -Wunreachable-code -Wno-implicit-atomic-properties -Werror\=deprecated-objc-isa-usage -Wno-objc-interface-ivars -Werror\=objc-root-class -Wno-arc-repeated-use-of-weak -Wimplicit-retain-self -Wduplicate-method-match -Wno-missing-braces -Wparentheses -Wswitch -Wunused-function -Wno-unused-label -Wno-unused-parameter -Wunused-variable -Wunused-value -Wempty-body -Wuninitialized -Wconditional-uninitialized -Wno-unknown-pragmas -Wno-shadow -Wno-four-char-constants -Wno-conversion -Wconstant-conversion -Wint-conversion -Wbool-conversion -Wenum-conversion -Wno-float-conversion -Wnon-literal-null-conversion -Wobjc-literal-conversion -Wshorten-64-to-32 -Wpointer-sign -Wno-newline-eof -Wno-selector -Wno-strict-selector-match -Wundeclared-selector -Wdeprecated-implementations -Wno-implicit-fallthrough -isysroot /Applications/Xcode.app/Contents/Developer/Platforms/iPhoneSimulator.platform/Developer/SDKs/iPhoneSimulator27.0.sdk -fstrict-aliasing -Wprotocol -Wdeprecated-declarations -Wno-sign-conversion -Winfinite-recursion -Wcomma -Wblock-capture-autoreleasing -Wstrict-prototypes -Wno-semicolon-before-method-body -Wunguarded-availability -index-store-path /Users/sparkles/Library/Developer/Xcode/DerivedData/Expensio-futtgngxcysvvhcljmosbeftqmyc/Index.noindex/DataStore @/Users/sparkles/Library/Developer/Xcode/DerivedData/Expensio-futtgngxcysvvhcljmosbeftqmyc/Build/Intermediates.noindex/Pods.build/Debug-iphonesimulator/react-native-safe-area-context.build/Objects-normal/x86_64/e6072d4f65d7061329687fe24e3d63a7-common-args.resp -DRCT_NEW_ARCH_ENABLED\=1 -include /Users/sparkles/Documents/CodingFiles/FullStack/expensioApp/frontend/ios/Pods/Target\ Support\ Files/react-native-safe-area-context/react-native-safe-area-context-prefix.pch -MMD -MT dependencies -MF /Users/sparkles/Library/Developer/Xcode/DerivedData/Expensio-futtgngxcysvvhcljmosbeftqmyc/Build/Intermediates.noindex/Pods.build/Debug-iphonesimulator/react-native-safe-area-context.build/Objects-normal/x86_64/RNCSafeAreaViewManager.d --serialize-diagnostics /Users/sparkles/Library/Developer/Xcode/DerivedData/Expensio-futtgngxcysvvhcljmosbeftqmyc/Build/Intermediates.noindex/Pods.build/Debug-iphonesimulator/react-native-safe-area-context.build/Objects-normal/x86_64/RNCSafeAreaViewManager.dia -c /Users/sparkles/Documents/CodingFiles/FullStack/expensioApp/frontend/node_modules/react-native-safe-area-context/ios/RNCSafeAreaViewManager.m -o /Users/sparkles/Library/Developer/Xcode/DerivedData/Expensio-futtgngxcysvvhcljmosbeftqmyc/Build/Intermediates.noindex/Pods.build/Debug-iphonesimulator/react-native-safe-area-context.build/Objects-normal/x86_64/RNCSafeAreaViewManager.o -index-unit-output-path /Pods.build/Debug-iphonesimulator/react-native-safe-area-context.build/Objects-normal/x86_64/RNCSafeAreaViewManager.o

PrecompileModule /Users/sparkles/Library/Developer/Xcode/DerivedData/Expensio-futtgngxcysvvhcljmosbeftqmyc/Build/Intermediates.noindex/ExplicitPrecompiledModules/Dispatch-9UM1QKS7M8LJMIQJLO0T5UEIX.scan
    cd /
    builtin-precompileModule /Users/sparkles/Library/Developer/Xcode/DerivedData/Expensio-futtgngxcysvvhcljmosbeftqmyc/Build/Intermediates.noindex/ExplicitPrecompiledModules/Dispatch-9UM1QKS7M8LJMIQJLO0T5UEIX.scan

PrecompileModule /Users/sparkles/Library/Developer/Xcode/DerivedData/Expensio-futtgngxcysvvhcljmosbeftqmyc/Build/Intermediates.noindex/ExplicitPrecompiledModules/ptrauth-49E7DJKKO58S2Q7KOPKANZL78.scan
    cd /
    builtin-precompileModule /Users/sparkles/Library/Developer/Xcode/DerivedData/Expensio-futtgngxcysvvhcljmosbeftqmyc/Build/Intermediates.noindex/ExplicitPrecompiledModules/ptrauth-49E7DJKKO58S2Q7KOPKANZL78.scan

PrecompileModule /Users/sparkles/Library/Developer/Xcode/DerivedData/Expensio-futtgngxcysvvhcljmosbeftqmyc/Build/Intermediates.noindex/ExplicitPrecompiledModules/CoreFoundation-E3AOZL77SVD3HXY2ZJOLIA184.scan
    cd /
    builtin-precompileModule /Users/sparkles/Library/Developer/Xcode/DerivedData/Expensio-futtgngxcysvvhcljmosbeftqmyc/Build/Intermediates.noindex/ExplicitPrecompiledModules/CoreFoundation-E3AOZL77SVD3HXY2ZJOLIA184.scan

PrecompileModule /Users/sparkles/Library/Developer/Xcode/DerivedData/Expensio-futtgngxcysvvhcljmosbeftqmyc/Build/Intermediates.noindex/ExplicitPrecompiledModules/_Builtin_float-4KHSUY5TIYW8NR82HP4CA5XX6.scan
    cd /
    builtin-precompileModule /Users/sparkles/Library/Developer/Xcode/DerivedData/Expensio-futtgngxcysvvhcljmosbeftqmyc/Build/Intermediates.noindex/ExplicitPrecompiledModules/_Builtin_float-4KHSUY5TIYW8NR82HP4CA5XX6.scan

PrecompileModule /Users/sparkles/Library/Developer/Xcode/DerivedData/Expensio-futtgngxcysvvhcljmosbeftqmyc/Build/Intermediates.noindex/ExplicitPrecompiledModules/XPC-1YY3VPVPH9O29GQUG6KSXAYWM.scan
    cd /
    builtin-precompileModule /Users/sparkles/Library/Developer/Xcode/DerivedData/Expensio-futtgngxcysvvhcljmosbeftqmyc/Build/Intermediates.noindex/ExplicitPrecompiledModules/XPC-1YY3VPVPH9O29GQUG6KSXAYWM.scan

PrecompileModule /Users/sparkles/Library/Developer/Xcode/DerivedData/Expensio-futtgngxcysvvhcljmosbeftqmyc/Build/Intermediates.noindex/ExplicitPrecompiledModules/_Builtin_stdbool-B870M3GE4JYCHX7FT3YPPE9KJ.scan
    cd /
    builtin-precompileModule /Users/sparkles/Library/Developer/Xcode/DerivedData/Expensio-futtgngxcysvvhcljmosbeftqmyc/Build/Intermediates.noindex/ExplicitPrecompiledModules/_Builtin_stdbool-B870M3GE4JYCHX7FT3YPPE9KJ.scan

PrecompileModule /Users/sparkles/Library/Developer/Xcode/DerivedData/Expensio-futtgngxcysvvhcljmosbeftqmyc/Build/Intermediates.noindex/ExplicitPrecompiledModules/_Builtin_stddef-ASIPM34OW4XF0395YSH6UO9E.scan
    cd /
    builtin-precompileModule /Users/sparkles/Library/Developer/Xcode/DerivedData/Expensio-futtgngxcysvvhcljmosbeftqmyc/Build/Intermediates.noindex/ExplicitPrecompiledModules/_Builtin_stddef-ASIPM34OW4XF0395YSH6UO9E.scan

PrecompileModule /Users/sparkles/Library/Developer/Xcode/DerivedData/Expensio-futtgngxcysvvhcljmosbeftqmyc/Build/Intermediates.noindex/ExplicitPrecompiledModules/Security-EUXN3NNXMRAH91CQCQVZEN35C.scan
    cd /
    builtin-precompileModule /Users/sparkles/Library/Developer/Xcode/DerivedData/Expensio-futtgngxcysvvhcljmosbeftqmyc/Build/Intermediates.noindex/ExplicitPrecompiledModules/Security-EUXN3NNXMRAH91CQCQVZEN35C.scan

PrecompileModule /Users/sparkles/Library/Developer/Xcode/DerivedData/Expensio-futtgngxcysvvhcljmosbeftqmyc/Build/Intermediates.noindex/ExplicitPrecompiledModules/CFNetwork-55Z65WEUQZ9AO528BLLXQZ104.scan
    cd /
    builtin-precompileModule /Users/sparkles/Library/Developer/Xcode/DerivedData/Expensio-futtgngxcysvvhcljmosbeftqmyc/Build/Intermediates.noindex/ExplicitPrecompiledModules/CFNetwork-55Z65WEUQZ9AO528BLLXQZ104.scan

PrecompileModule /Users/sparkles/Library/Developer/Xcode/DerivedData/Expensio-futtgngxcysvvhcljmosbeftqmyc/Build/Intermediates.noindex/ExplicitPrecompiledModules/_AvailabilityInternal-D6AR55WBOD5I58BP4S9QM6WJ8.scan
    cd /
    builtin-precompileModule /Users/sparkles/Library/Developer/Xcode/DerivedData/Expensio-futtgngxcysvvhcljmosbeftqmyc/Build/Intermediates.noindex/ExplicitPrecompiledModules/_AvailabilityInternal-D6AR55WBOD5I58BP4S9QM6WJ8.scan

PrecompileModule /Users/sparkles/Library/Developer/Xcode/DerivedData/Expensio-futtgngxcysvvhcljmosbeftqmyc/Build/Intermediates.noindex/ExplicitPrecompiledModules/CoreGraphics-AV50XEFQZCTHAFMQMCRNN9Q8B.scan
    cd /
    builtin-precompileModule /Users/sparkles/Library/Developer/Xcode/DerivedData/Expensio-futtgngxcysvvhcljmosbeftqmyc/Build/Intermediates.noindex/ExplicitPrecompiledModules/CoreGraphics-AV50XEFQZCTHAFMQMCRNN9Q8B.scan

PrecompileModule /Users/sparkles/Library/Developer/Xcode/DerivedData/Expensio-futtgngxcysvvhcljmosbeftqmyc/Build/Intermediates.noindex/ExplicitPrecompiledModules/Foundation-EPHQMHFRX8BJYE5UL5D2OI699.scan
    cd /
    builtin-precompileModule /Users/sparkles/Library/Developer/Xcode/DerivedData/Expensio-futtgngxcysvvhcljmosbeftqmyc/Build/Intermediates.noindex/ExplicitPrecompiledModules/Foundation-EPHQMHFRX8BJYE5UL5D2OI699.scan

PrecompileModule /Users/sparkles/Library/Developer/Xcode/DerivedData/Expensio-futtgngxcysvvhcljmosbeftqmyc/Build/Intermediates.noindex/ExplicitPrecompiledModules/ptrcheck-D2XJDEC299KH7A505MCN967UP.scan
    cd /
    builtin-precompileModule /Users/sparkles/Library/Developer/Xcode/DerivedData/Expensio-futtgngxcysvvhcljmosbeftqmyc/Build/Intermediates.noindex/ExplicitPrecompiledModules/ptrcheck-D2XJDEC299KH7A505MCN967UP.scan

PrecompileModule /Users/sparkles/Library/Developer/Xcode/DerivedData/Expensio-futtgngxcysvvhcljmosbeftqmyc/Build/Intermediates.noindex/ExplicitPrecompiledModules/ImageIO-5REVBB6KZKK71KP7E3VDYDE04.scan
    cd /
    builtin-precompileModule /Users/sparkles/Library/Developer/Xcode/DerivedData/Expensio-futtgngxcysvvhcljmosbeftqmyc/Build/Intermediates.noindex/ExplicitPrecompiledModules/ImageIO-5REVBB6KZKK71KP7E3VDYDE04.scan

PrecompileModule /Users/sparkles/Library/Developer/Xcode/DerivedData/Expensio-futtgngxcysvvhcljmosbeftqmyc/Build/Intermediates.noindex/ExplicitPrecompiledModules/_DarwinFoundation1-25YZZM1TQBU25JWFVZGZQAPZP.scan
    cd /
    builtin-precompileModule /Users/sparkles/Library/Developer/Xcode/DerivedData/Expensio-futtgngxcysvvhcljmosbeftqmyc/Build/Intermediates.noindex/ExplicitPrecompiledModules/_DarwinFoundation1-25YZZM1TQBU25JWFVZGZQAPZP.scan

PrecompileModule /Users/sparkles/Library/Developer/Xcode/DerivedData/Expensio-futtgngxcysvvhcljmosbeftqmyc/Build/Intermediates.noindex/ExplicitPrecompiledModules/CoreText-5MPQ5XAQJD3E10BPSX9X4WY3E.scan
    cd /
    builtin-precompileModule /Users/sparkles/Library/Developer/Xcode/DerivedData/Expensio-futtgngxcysvvhcljmosbeftqmyc/Build/Intermediates.noindex/ExplicitPrecompiledModules/CoreText-5MPQ5XAQJD3E10BPSX9X4WY3E.scan

PrecompileModule /Users/sparkles/Library/Developer/Xcode/DerivedData/Expensio-futtgngxcysvvhcljmosbeftqmyc/Build/Intermediates.noindex/ExplicitPrecompiledModules/_Builtin_limits-7NS80XOEN9ZB7I1KV9N1FWT1W.scan
    cd /
    builtin-precompileModule /Users/sparkles/Library/Developer/Xcode/DerivedData/Expensio-futtgngxcysvvhcljmosbeftqmyc/Build/Intermediates.noindex/ExplicitPrecompiledModules/_Builtin_limits-7NS80XOEN9ZB7I1KV9N1FWT1W.scan

PrecompileModule /Users/sparkles/Library/Developer/Xcode/DerivedData/Expensio-futtgngxcysvvhcljmosbeftqmyc/Build/Intermediates.noindex/ExplicitPrecompiledModules/FileProvider-PH52BXSW3E5DSOF5U2HIYYZ5.scan
    cd /
    builtin-precompileModule /Users/sparkles/Library/Developer/Xcode/DerivedData/Expensio-futtgngxcysvvhcljmosbeftqmyc/Build/Intermediates.noindex/ExplicitPrecompiledModules/FileProvider-PH52BXSW3E5DSOF5U2HIYYZ5.scan

PrecompileModule /Users/sparkles/Library/Developer/Xcode/DerivedData/Expensio-futtgngxcysvvhcljmosbeftqmyc/Build/Intermediates.noindex/ExplicitPrecompiledModules/UserNotifications-7HQ53V0JLH581AQZY1OF7C2W4.scan
    cd /
    builtin-precompileModule /Users/sparkles/Library/Developer/Xcode/DerivedData/Expensio-futtgngxcysvvhcljmosbeftqmyc/Build/Intermediates.noindex/ExplicitPrecompiledModules/UserNotifications-7HQ53V0JLH581AQZY1OF7C2W4.scan

PrecompileModule /Users/sparkles/Library/Developer/Xcode/DerivedData/Expensio-futtgngxcysvvhcljmosbeftqmyc/Build/Intermediates.noindex/ExplicitPrecompiledModules/IOSurface-2E9FKHFNQXIPRHXPNGT34OATT.scan
    cd /
    builtin-precompileModule /Users/sparkles/Library/Developer/Xcode/DerivedData/Expensio-futtgngxcysvvhcljmosbeftqmyc/Build/Intermediates.noindex/ExplicitPrecompiledModules/IOSurface-2E9FKHFNQXIPRHXPNGT34OATT.scan

PrecompileModule /Users/sparkles/Library/Developer/Xcode/DerivedData/Expensio-futtgngxcysvvhcljmosbeftqmyc/Build/Intermediates.noindex/ExplicitPrecompiledModules/OpenGLES-3XPKKW0UGLO3ARTLZF9M11V9F.scan
    cd /
    builtin-precompileModule /Users/sparkles/Library/Developer/Xcode/DerivedData/Expensio-futtgngxcysvvhcljmosbeftqmyc/Build/Intermediates.noindex/ExplicitPrecompiledModules/OpenGLES-3XPKKW0UGLO3ARTLZF9M11V9F.scan

PrecompileModule /Users/sparkles/Library/Developer/Xcode/DerivedData/Expensio-futtgngxcysvvhcljmosbeftqmyc/Build/Intermediates.noindex/ExplicitPrecompiledModules/UIUtilities-PVNUZ1DEFJ6HGLFWTI7WO34W.scan
    cd /
    builtin-precompileModule /Users/sparkles/Library/Developer/Xcode/DerivedData/Expensio-futtgngxcysvvhcljmosbeftqmyc/Build/Intermediates.noindex/ExplicitPrecompiledModules/UIUtilities-PVNUZ1DEFJ6HGLFWTI7WO34W.scan

PrecompileModule /Users/sparkles/Library/Developer/Xcode/DerivedData/Expensio-futtgngxcysvvhcljmosbeftqmyc/Build/Intermediates.noindex/ExplicitPrecompiledModules/Symbols-CUCOOQZVAFXT8JAIBRQ521TP8.scan
    cd /
    builtin-precompileModule /Users/sparkles/Library/Developer/Xcode/DerivedData/Expensio-futtgngxcysvvhcljmosbeftqmyc/Build/Intermediates.noindex/ExplicitPrecompiledModules/Symbols-CUCOOQZVAFXT8JAIBRQ521TP8.scan

PrecompileModule /Users/sparkles/Library/Developer/Xcode/DerivedData/Expensio-futtgngxcysvvhcljmosbeftqmyc/Build/Intermediates.noindex/ExplicitPrecompiledModules/Metal-83O2BFQBC6DBKW9ZA76Z0ELS2.scan
    cd /
    builtin-precompileModule /Users/sparkles/Library/Developer/Xcode/DerivedData/Expensio-futtgngxcysvvhcljmosbeftqmyc/Build/Intermediates.noindex/ExplicitPrecompiledModules/Metal-83O2BFQBC6DBKW9ZA76Z0ELS2.scan

PrecompileModule /Users/sparkles/Library/Developer/Xcode/DerivedData/Expensio-futtgngxcysvvhcljmosbeftqmyc/Build/Intermediates.noindex/ExplicitPrecompiledModules/_LocationEssentials-HAU22MZVL0PJ20J9IP1RTPA0.scan
    cd /
    builtin-precompileModule /Users/sparkles/Library/Developer/Xcode/DerivedData/Expensio-futtgngxcysvvhcljmosbeftqmyc/Build/Intermediates.noindex/ExplicitPrecompiledModules/_LocationEssentials-HAU22MZVL0PJ20J9IP1RTPA0.scan

PrecompileModule /Users/sparkles/Library/Developer/Xcode/DerivedData/Expensio-futtgngxcysvvhcljmosbeftqmyc/Build/Intermediates.noindex/ExplicitPrecompiledModules/_Builtin_stdarg-BL3QLF03FL0AEHA2XQS57RSLR.scan
    cd /
    builtin-precompileModule /Users/sparkles/Library/Developer/Xcode/DerivedData/Expensio-futtgngxcysvvhcljmosbeftqmyc/Build/Intermediates.noindex/ExplicitPrecompiledModules/_Builtin_stdarg-BL3QLF03FL0AEHA2XQS57RSLR.scan

ScanDependencies /Users/sparkles/Library/Developer/Xcode/DerivedData/Expensio-futtgngxcysvvhcljmosbeftqmyc/Build/Intermediates.noindex/Pods.build/Debug-iphonesimulator/react-native-safe-area-context.build/Objects-normal/x86_64/RNCSafeAreaViewLocalData.o /Users/sparkles/Documents/CodingFiles/FullStack/expensioApp/frontend/node_modules/react-native-safe-area-context/ios/RNCSafeAreaViewLocalData.m normal x86_64 objective-c com.apple.compilers.llvm.clang.1_0.compiler (in target 'react-native-safe-area-context' from project 'Pods')
    cd /Users/sparkles/Documents/CodingFiles/FullStack/expensioApp/frontend/ios/Pods
    
    Using response file: /Users/sparkles/Library/Developer/Xcode/DerivedData/Expensio-futtgngxcysvvhcljmosbeftqmyc/Build/Intermediates.noindex/Pods.build/Debug-iphonesimulator/react-native-safe-area-context.build/Objects-normal/x86_64/e6072d4f65d7061329687fe24e3d63a7-common-args.resp
    
    builtin-ScanDependencies -o /Users/sparkles/Library/Developer/Xcode/DerivedData/Expensio-futtgngxcysvvhcljmosbeftqmyc/Build/Intermediates.noindex/Pods.build/Debug-iphonesimulator/react-native-safe-area-context.build/Objects-normal/x86_64/RNCSafeAreaViewLocalData.o.scan -- /Applications/Xcode.app/Contents/Developer/Toolchains/XcodeDefault.xctoolchain/usr/bin/clang -x objective-c -ivfsstatcache /Users/sparkles/Library/Developer/Xcode/DerivedData/SDKStatCaches.noindex/iphonesimulator27.0-24A430-8dc58220667be655e1bcc261a7455254.sdkstatcache -target x86_64-apple-ios17.0-simulator -fmessage-length\=0 -fdiagnostics-show-note-include-stack -fmacro-backtrace-limit\=0 -fno-color-diagnostics -fmodules-prune-interval\=86400 -fmodules-prune-after\=345600 -fbuild-session-file\=/Users/sparkles/Library/Developer/Xcode/DerivedData/ModuleCache.noindex/Session.modulevalidation -fmodules-validate-once-per-build-session -Wnon-modular-include-in-framework-module -Werror\=non-modular-include-in-framework-module -Wno-trigraphs -Wno-missing-field-initializers -Wno-missing-prototypes -Werror\=return-type -Wdocumentation -Wunreachable-code -Wno-implicit-atomic-properties -Werror\=deprecated-objc-isa-usage -Wno-objc-interface-ivars -Werror\=objc-root-class -Wno-arc-repeated-use-of-weak -Wimplicit-retain-self -Wduplicate-method-match -Wno-missing-braces -Wparentheses -Wswitch -Wunused-function -Wno-unused-label -Wno-unused-parameter -Wunused-variable -Wunused-value -Wempty-body -Wuninitialized -Wconditional-uninitialized -Wno-unknown-pragmas -Wno-shadow -Wno-four-char-constants -Wno-conversion -Wconstant-conversion -Wint-conversion -Wbool-conversion -Wenum-conversion -Wno-float-conversion -Wnon-literal-null-conversion -Wobjc-literal-conversion -Wshorten-64-to-32 -Wpointer-sign -Wno-newline-eof -Wno-selector -Wno-strict-selector-match -Wundeclared-selector -Wdeprecated-implementations -Wno-implicit-fallthrough -isysroot /Applications/Xcode.app/Contents/Developer/Platforms/iPhoneSimulator.platform/Developer/SDKs/iPhoneSimulator27.0.sdk -fstrict-aliasing -Wprotocol -Wdeprecated-declarations -Wno-sign-conversion -Winfinite-recursion -Wcomma -Wblock-capture-autoreleasing -Wstrict-prototypes -Wno-semicolon-before-method-body -Wunguarded-availability -index-store-path /Users/sparkles/Library/Developer/Xcode/DerivedData/Expensio-futtgngxcysvvhcljmosbeftqmyc/Index.noindex/DataStore @/Users/sparkles/Library/Developer/Xcode/DerivedData/Expensio-futtgngxcysvvhcljmosbeftqmyc/Build/Intermediates.noindex/Pods.build/Debug-iphonesimulator/react-native-safe-area-context.build/Objects-normal/x86_64/e6072d4f65d7061329687fe24e3d63a7-common-args.resp -DRCT_NEW_ARCH_ENABLED\=1 -include /Users/sparkles/Documents/CodingFiles/FullStack/expensioApp/frontend/ios/Pods/Target\ Support\ Files/react-native-safe-area-context/react-native-safe-area-context-prefix.pch -MMD -MT dependencies -MF /Users/sparkles/Library/Developer/Xcode/DerivedData/Expensio-futtgngxcysvvhcljmosbeftqmyc/Build/Intermediates.noindex/Pods.build/Debug-iphonesimulator/react-native-safe-area-context.build/Objects-normal/x86_64/RNCSafeAreaViewLocalData.d --serialize-diagnostics /Users/sparkles/Library/Developer/Xcode/DerivedData/Expensio-futtgngxcysvvhcljmosbeftqmyc/Build/Intermediates.noindex/Pods.build/Debug-iphonesimulator/react-native-safe-area-context.build/Objects-normal/x86_64/RNCSafeAreaViewLocalData.dia -c /Users/sparkles/Documents/CodingFiles/FullStack/expensioApp/frontend/node_modules/react-native-safe-area-context/ios/RNCSafeAreaViewLocalData.m -o /Users/sparkles/Library/Developer/Xcode/DerivedData/Expensio-futtgngxcysvvhcljmosbeftqmyc/Build/Intermediates.noindex/Pods.build/Debug-iphonesimulator/react-native-safe-area-context.build/Objects-normal/x86_64/RNCSafeAreaViewLocalData.o -index-unit-output-path /Pods.build/Debug-iphonesimulator/react-native-safe-area-context.build/Objects-normal/x86_64/RNCSafeAreaViewLocalData.o

PrecompileModule /Users/sparkles/Library/Developer/Xcode/DerivedData/Expensio-futtgngxcysvvhcljmosbeftqmyc/Build/Intermediates.noindex/ExplicitPrecompiledModules/CoreLocation-BEIL4UH5IFVS810ADF0NXZYQM.scan
    cd /
    builtin-precompileModule /Users/sparkles/Library/Developer/Xcode/DerivedData/Expensio-futtgngxcysvvhcljmosbeftqmyc/Build/Intermediates.noindex/ExplicitPrecompiledModules/CoreLocation-BEIL4UH5IFVS810ADF0NXZYQM.scan

PrecompileModule /Users/sparkles/Library/Developer/Xcode/DerivedData/Expensio-futtgngxcysvvhcljmosbeftqmyc/Build/Intermediates.noindex/ExplicitPrecompiledModules/_DarwinFoundation2-EO6ARNLSHVDOA7VKH3DRZXGQS.scan
    cd /
    builtin-precompileModule /Users/sparkles/Library/Developer/Xcode/DerivedData/Expensio-futtgngxcysvvhcljmosbeftqmyc/Build/Intermediates.noindex/ExplicitPrecompiledModules/_DarwinFoundation2-EO6ARNLSHVDOA7VKH3DRZXGQS.scan

ScanDependencies /Users/sparkles/Library/Developer/Xcode/DerivedData/Expensio-futtgngxcysvvhcljmosbeftqmyc/Build/Intermediates.noindex/Pods.build/Debug-iphonesimulator/react-native-safe-area-context.build/Objects-normal/x86_64/RNCSafeAreaViewEdges.o /Users/sparkles/Documents/CodingFiles/FullStack/expensioApp/frontend/node_modules/react-native-safe-area-context/ios/RNCSafeAreaViewEdges.m normal x86_64 objective-c com.apple.compilers.llvm.clang.1_0.compiler (in target 'react-native-safe-area-context' from project 'Pods')
    cd /Users/sparkles/Documents/CodingFiles/FullStack/expensioApp/frontend/ios/Pods
    
    Using response file: /Users/sparkles/Library/Developer/Xcode/DerivedData/Expensio-futtgngxcysvvhcljmosbeftqmyc/Build/Intermediates.noindex/Pods.build/Debug-iphonesimulator/react-native-safe-area-context.build/Objects-normal/x86_64/e6072d4f65d7061329687fe24e3d63a7-common-args.resp
    
    builtin-ScanDependencies -o /Users/sparkles/Library/Developer/Xcode/DerivedData/Expensio-futtgngxcysvvhcljmosbeftqmyc/Build/Intermediates.noindex/Pods.build/Debug-iphonesimulator/react-native-safe-area-context.build/Objects-normal/x86_64/RNCSafeAreaViewEdges.o.scan -- /Applications/Xcode.app/Contents/Developer/Toolchains/XcodeDefault.xctoolchain/usr/bin/clang -x objective-c -ivfsstatcache /Users/sparkles/Library/Developer/Xcode/DerivedData/SDKStatCaches.noindex/iphonesimulator27.0-24A430-8dc58220667be655e1bcc261a7455254.sdkstatcache -target x86_64-apple-ios17.0-simulator -fmessage-length\=0 -fdiagnostics-show-note-include-stack -fmacro-backtrace-limit\=0 -fno-color-diagnostics -fmodules-prune-interval\=86400 -fmodules-prune-after\=345600 -fbuild-session-file\=/Users/sparkles/Library/Developer/Xcode/DerivedData/ModuleCache.noindex/Session.modulevalidation -fmodules-validate-once-per-build-session -Wnon-modular-include-in-framework-module -Werror\=non-modular-include-in-framework-module -Wno-trigraphs -Wno-missing-field-initializers -Wno-missing-prototypes -Werror\=return-type -Wdocumentation -Wunreachable-code -Wno-implicit-atomic-properties -Werror\=deprecated-objc-isa-usage -Wno-objc-interface-ivars -Werror\=objc-root-class -Wno-arc-repeated-use-of-weak -Wimplicit-retain-self -Wduplicate-method-match -Wno-missing-braces -Wparentheses -Wswitch -Wunused-function -Wno-unused-label -Wno-unused-parameter -Wunused-variable -Wunused-value -Wempty-body -Wuninitialized -Wconditional-uninitialized -Wno-unknown-pragmas -Wno-shadow -Wno-four-char-constants -Wno-conversion -Wconstant-conversion -Wint-conversion -Wbool-conversion -Wenum-conversion -Wno-float-conversion -Wnon-literal-null-conversion -Wobjc-literal-conversion -Wshorten-64-to-32 -Wpointer-sign -Wno-newline-eof -Wno-selector -Wno-strict-selector-match -Wundeclared-selector -Wdeprecated-implementations -Wno-implicit-fallthrough -isysroot /Applications/Xcode.app/Contents/Developer/Platforms/iPhoneSimulator.platform/Developer/SDKs/iPhoneSimulator27.0.sdk -fstrict-aliasing -Wprotocol -Wdeprecated-declarations -Wno-sign-conversion -Winfinite-recursion -Wcomma -Wblock-capture-autoreleasing -Wstrict-prototypes -Wno-semicolon-before-method-body -Wunguarded-availability -index-store-path /Users/sparkles/Library/Developer/Xcode/DerivedData/Expensio-futtgngxcysvvhcljmosbeftqmyc/Index.noindex/DataStore @/Users/sparkles/Library/Developer/Xcode/DerivedData/Expensio-futtgngxcysvvhcljmosbeftqmyc/Build/Intermediates.noindex/Pods.build/Debug-iphonesimulator/react-native-safe-area-context.build/Objects-normal/x86_64/e6072d4f65d7061329687fe24e3d63a7-common-args.resp -DRCT_NEW_ARCH_ENABLED\=1 -include /Users/sparkles/Documents/CodingFiles/FullStack/expensioApp/frontend/ios/Pods/Target\ Support\ Files/react-native-safe-area-context/react-native-safe-area-context-prefix.pch -MMD -MT dependencies -MF /Users/sparkles/Library/Developer/Xcode/DerivedData/Expensio-futtgngxcysvvhcljmosbeftqmyc/Build/Intermediates.noindex/Pods.build/Debug-iphonesimulator/react-native-safe-area-context.build/Objects-normal/x86_64/RNCSafeAreaViewEdges.d --serialize-diagnostics /Users/sparkles/Library/Developer/Xcode/DerivedData/Expensio-futtgngxcysvvhcljmosbeftqmyc/Build/Intermediates.noindex/Pods.build/Debug-iphonesimulator/react-native-safe-area-context.build/Objects-normal/x86_64/RNCSafeAreaViewEdges.dia -c /Users/sparkles/Documents/CodingFiles/FullStack/expensioApp/frontend/node_modules/react-native-safe-area-context/ios/RNCSafeAreaViewEdges.m -o /Users/sparkles/Library/Developer/Xcode/DerivedData/Expensio-futtgngxcysvvhcljmosbeftqmyc/Build/Intermediates.noindex/Pods.build/Debug-iphonesimulator/react-native-safe-area-context.build/Objects-normal/x86_64/RNCSafeAreaViewEdges.o -index-unit-output-path /Pods.build/Debug-iphonesimulator/react-native-safe-area-context.build/Objects-normal/x86_64/RNCSafeAreaViewEdges.o

PrecompileModule /Users/sparkles/Library/Developer/Xcode/DerivedData/Expensio-futtgngxcysvvhcljmosbeftqmyc/Build/Intermediates.noindex/ExplicitPrecompiledModules/CoreMotion-33SBGBZHZNBTP1BCDLKNMRYD7.scan
    cd /
    builtin-precompileModule /Users/sparkles/Library/Developer/Xcode/DerivedData/Expensio-futtgngxcysvvhcljmosbeftqmyc/Build/Intermediates.noindex/ExplicitPrecompiledModules/CoreMotion-33SBGBZHZNBTP1BCDLKNMRYD7.scan

PrecompileModule /Users/sparkles/Library/Developer/Xcode/DerivedData/Expensio-futtgngxcysvvhcljmosbeftqmyc/Build/Intermediates.noindex/ExplicitPrecompiledModules/CoreVideo-CG7NDJC9YPYQECUTVU9G2016J.scan
    cd /
    builtin-precompileModule /Users/sparkles/Library/Developer/Xcode/DerivedData/Expensio-futtgngxcysvvhcljmosbeftqmyc/Build/Intermediates.noindex/ExplicitPrecompiledModules/CoreVideo-CG7NDJC9YPYQECUTVU9G2016J.scan

PrecompileModule /Users/sparkles/Library/Developer/Xcode/DerivedData/Expensio-futtgngxcysvvhcljmosbeftqmyc/Build/Intermediates.noindex/ExplicitPrecompiledModules/_Builtin_stdint-CPV90KWTOIT4CBHNHNGLEBD6T.scan
    cd /
    builtin-precompileModule /Users/sparkles/Library/Developer/Xcode/DerivedData/Expensio-futtgngxcysvvhcljmosbeftqmyc/Build/Intermediates.noindex/ExplicitPrecompiledModules/_Builtin_stdint-CPV90KWTOIT4CBHNHNGLEBD6T.scan

ScanDependencies /Users/sparkles/Library/Developer/Xcode/DerivedData/Expensio-futtgngxcysvvhcljmosbeftqmyc/Build/Intermediates.noindex/Pods.build/Debug-iphonesimulator/react-native-safe-area-context.build/Objects-normal/x86_64/RNCSafeAreaViewEdgeMode.o /Users/sparkles/Documents/CodingFiles/FullStack/expensioApp/frontend/node_modules/react-native-safe-area-context/ios/RNCSafeAreaViewEdgeMode.m normal x86_64 objective-c com.apple.compilers.llvm.clang.1_0.compiler (in target 'react-native-safe-area-context' from project 'Pods')
    cd /Users/sparkles/Documents/CodingFiles/FullStack/expensioApp/frontend/ios/Pods
    
    Using response file: /Users/sparkles/Library/Developer/Xcode/DerivedData/Expensio-futtgngxcysvvhcljmosbeftqmyc/Build/Intermediates.noindex/Pods.build/Debug-iphonesimulator/react-native-safe-area-context.build/Objects-normal/x86_64/e6072d4f65d7061329687fe24e3d63a7-common-args.resp
    
    builtin-ScanDependencies -o /Users/sparkles/Library/Developer/Xcode/DerivedData/Expensio-futtgngxcysvvhcljmosbeftqmyc/Build/Intermediates.noindex/Pods.build/Debug-iphonesimulator/react-native-safe-area-context.build/Objects-normal/x86_64/RNCSafeAreaViewEdgeMode.o.scan -- /Applications/Xcode.app/Contents/Developer/Toolchains/XcodeDefault.xctoolchain/usr/bin/clang -x objective-c -ivfsstatcache /Users/sparkles/Library/Developer/Xcode/DerivedData/SDKStatCaches.noindex/iphonesimulator27.0-24A430-8dc58220667be655e1bcc261a7455254.sdkstatcache -target x86_64-apple-ios17.0-simulator -fmessage-length\=0 -fdiagnostics-show-note-include-stack -fmacro-backtrace-limit\=0 -fno-color-diagnostics -fmodules-prune-interval\=86400 -fmodules-prune-after\=345600 -fbuild-session-file\=/Users/sparkles/Library/Developer/Xcode/DerivedData/ModuleCache.noindex/Session.modulevalidation -fmodules-validate-once-per-build-session -Wnon-modular-include-in-framework-module -Werror\=non-modular-include-in-framework-module -Wno-trigraphs -Wno-missing-field-initializers -Wno-missing-prototypes -Werror\=return-type -Wdocumentation -Wunreachable-code -Wno-implicit-atomic-properties -Werror\=deprecated-objc-isa-usage -Wno-objc-interface-ivars -Werror\=objc-root-class -Wno-arc-repeated-use-of-weak -Wimplicit-retain-self -Wduplicate-method-match -Wno-missing-braces -Wparentheses -Wswitch -Wunused-function -Wno-unused-label -Wno-unused-parameter -Wunused-variable -Wunused-value -Wempty-body -Wuninitialized -Wconditional-uninitialized -Wno-unknown-pragmas -Wno-shadow -Wno-four-char-constants -Wno-conversion -Wconstant-conversion -Wint-conversion -Wbool-conversion -Wenum-conversion -Wno-float-conversion -Wnon-literal-null-conversion -Wobjc-literal-conversion -Wshorten-64-to-32 -Wpointer-sign -Wno-newline-eof -Wno-selector -Wno-strict-selector-match -Wundeclared-selector -Wdeprecated-implementations -Wno-implicit-fallthrough -isysroot /Applications/Xcode.app/Contents/Developer/Platforms/iPhoneSimulator.platform/Developer/SDKs/iPhoneSimulator27.0.sdk -fstrict-aliasing -Wprotocol -Wdeprecated-declarations -Wno-sign-conversion -Winfinite-recursion -Wcomma -Wblock-capture-autoreleasing -Wstrict-prototypes -Wno-semicolon-before-method-body -Wunguarded-availability -index-store-path /Users/sparkles/Library/Developer/Xcode/DerivedData/Expensio-futtgngxcysvvhcljmosbeftqmyc/Index.noindex/DataStore @/Users/sparkles/Library/Developer/Xcode/DerivedData/Expensio-futtgngxcysvvhcljmosbeftqmyc/Build/Intermediates.noindex/Pods.build/Debug-iphonesimulator/react-native-safe-area-context.build/Objects-normal/x86_64/e6072d4f65d7061329687fe24e3d63a7-common-args.resp -DRCT_NEW_ARCH_ENABLED\=1 -include /Users/sparkles/Documents/CodingFiles/FullStack/expensioApp/frontend/ios/Pods/Target\ Support\ Files/react-native-safe-area-context/react-native-safe-area-context-prefix.pch -MMD -MT dependencies -MF /Users/sparkles/Library/Developer/Xcode/DerivedData/Expensio-futtgngxcysvvhcljmosbeftqmyc/Build/Intermediates.noindex/Pods.build/Debug-iphonesimulator/react-native-safe-area-context.build/Objects-normal/x86_64/RNCSafeAreaViewEdgeMode.d --serialize-diagnostics /Users/sparkles/Library/Developer/Xcode/DerivedData/Expensio-futtgngxcysvvhcljmosbeftqmyc/Build/Intermediates.noindex/Pods.build/Debug-iphonesimulator/react-native-safe-area-context.build/Objects-normal/x86_64/RNCSafeAreaViewEdgeMode.dia -c /Users/sparkles/Documents/CodingFiles/FullStack/expensioApp/frontend/node_modules/react-native-safe-area-context/ios/RNCSafeAreaViewEdgeMode.m -o /Users/sparkles/Library/Developer/Xcode/DerivedData/Expensio-futtgngxcysvvhcljmosbeftqmyc/Build/Intermediates.noindex/Pods.build/Debug-iphonesimulator/react-native-safe-area-context.build/Objects-normal/x86_64/RNCSafeAreaViewEdgeMode.o -index-unit-output-path /Pods.build/Debug-iphonesimulator/react-native-safe-area-context.build/Objects-normal/x86_64/RNCSafeAreaViewEdgeMode.o

ScanDependencies /Users/sparkles/Library/Developer/Xcode/DerivedData/Expensio-futtgngxcysvvhcljmosbeftqmyc/Build/Intermediates.noindex/Pods.build/Debug-iphonesimulator/react-native-safe-area-context.build/Objects-normal/x86_64/RNCSafeAreaView.o /Users/sparkles/Documents/CodingFiles/FullStack/expensioApp/frontend/node_modules/react-native-safe-area-context/ios/RNCSafeAreaView.m normal x86_64 objective-c com.apple.compilers.llvm.clang.1_0.compiler (in target 'react-native-safe-area-context' from project 'Pods')
    cd /Users/sparkles/Documents/CodingFiles/FullStack/expensioApp/frontend/ios/Pods
    
    Using response file: /Users/sparkles/Library/Developer/Xcode/DerivedData/Expensio-futtgngxcysvvhcljmosbeftqmyc/Build/Intermediates.noindex/Pods.build/Debug-iphonesimulator/react-native-safe-area-context.build/Objects-normal/x86_64/e6072d4f65d7061329687fe24e3d63a7-common-args.resp
    
    builtin-ScanDependencies -o /Users/sparkles/Library/Developer/Xcode/DerivedData/Expensio-futtgngxcysvvhcljmosbeftqmyc/Build/Intermediates.noindex/Pods.build/Debug-iphonesimulator/react-native-safe-area-context.build/Objects-normal/x86_64/RNCSafeAreaView.o.scan -- /Applications/Xcode.app/Contents/Developer/Toolchains/XcodeDefault.xctoolchain/usr/bin/clang -x objective-c -ivfsstatcache /Users/sparkles/Library/Developer/Xcode/DerivedData/SDKStatCaches.noindex/iphonesimulator27.0-24A430-8dc58220667be655e1bcc261a7455254.sdkstatcache -target x86_64-apple-ios17.0-simulator -fmessage-length\=0 -fdiagnostics-show-note-include-stack -fmacro-backtrace-limit\=0 -fno-color-diagnostics -fmodules-prune-interval\=86400 -fmodules-prune-after\=345600 -fbuild-session-file\=/Users/sparkles/Library/Developer/Xcode/DerivedData/ModuleCache.noindex/Session.modulevalidation -fmodules-validate-once-per-build-session -Wnon-modular-include-in-framework-module -Werror\=non-modular-include-in-framework-module -Wno-trigraphs -Wno-missing-field-initializers -Wno-missing-prototypes -Werror\=return-type -Wdocumentation -Wunreachable-code -Wno-implicit-atomic-properties -Werror\=deprecated-objc-isa-usage -Wno-objc-interface-ivars -Werror\=objc-root-class -Wno-arc-repeated-use-of-weak -Wimplicit-retain-self -Wduplicate-method-match -Wno-missing-braces -Wparentheses -Wswitch -Wunused-function -Wno-unused-label -Wno-unused-parameter -Wunused-variable -Wunused-value -Wempty-body -Wuninitialized -Wconditional-uninitialized -Wno-unknown-pragmas -Wno-shadow -Wno-four-char-constants -Wno-conversion -Wconstant-conversion -Wint-conversion -Wbool-conversion -Wenum-conversion -Wno-float-conversion -Wnon-literal-null-conversion -Wobjc-literal-conversion -Wshorten-64-to-32 -Wpointer-sign -Wno-newline-eof -Wno-selector -Wno-strict-selector-match -Wundeclared-selector -Wdeprecated-implementations -Wno-implicit-fallthrough -isysroot /Applications/Xcode.app/Contents/Developer/Platforms/iPhoneSimulator.platform/Developer/SDKs/iPhoneSimulator27.0.sdk -fstrict-aliasing -Wprotocol -Wdeprecated-declarations -Wno-sign-conversion -Winfinite-recursion -Wcomma -Wblock-capture-autoreleasing -Wstrict-prototypes -Wno-semicolon-before-method-body -Wunguarded-availability -index-store-path /Users/sparkles/Library/Developer/Xcode/DerivedData/Expensio-futtgngxcysvvhcljmosbeftqmyc/Index.noindex/DataStore @/Users/sparkles/Library/Developer/Xcode/DerivedData/Expensio-futtgngxcysvvhcljmosbeftqmyc/Build/Intermediates.noindex/Pods.build/Debug-iphonesimulator/react-native-safe-area-context.build/Objects-normal/x86_64/e6072d4f65d7061329687fe24e3d63a7-common-args.resp -DRCT_NEW_ARCH_ENABLED\=1 -include /Users/sparkles/Documents/CodingFiles/FullStack/expensioApp/frontend/ios/Pods/Target\ Support\ Files/react-native-safe-area-context/react-native-safe-area-context-prefix.pch -MMD -MT dependencies -MF /Users/sparkles/Library/Developer/Xcode/DerivedData/Expensio-futtgngxcysvvhcljmosbeftqmyc/Build/Intermediates.noindex/Pods.build/Debug-iphonesimulator/react-native-safe-area-context.build/Objects-normal/x86_64/RNCSafeAreaView.d --serialize-diagnostics /Users/sparkles/Library/Developer/Xcode/DerivedData/Expensio-futtgngxcysvvhcljmosbeftqmyc/Build/Intermediates.noindex/Pods.build/Debug-iphonesimulator/react-native-safe-area-context.build/Objects-normal/x86_64/RNCSafeAreaView.dia -c /Users/sparkles/Documents/CodingFiles/FullStack/expensioApp/frontend/node_modules/react-native-safe-area-context/ios/RNCSafeAreaView.m -o /Users/sparkles/Library/Developer/Xcode/DerivedData/Expensio-futtgngxcysvvhcljmosbeftqmyc/Build/Intermediates.noindex/Pods.build/Debug-iphonesimulator/react-native-safe-area-context.build/Objects-normal/x86_64/RNCSafeAreaView.o -index-unit-output-path /Pods.build/Debug-iphonesimulator/react-native-safe-area-context.build/Objects-normal/x86_64/RNCSafeAreaView.o

PrecompileModule /Users/sparkles/Library/Developer/Xcode/DerivedData/Expensio-futtgngxcysvvhcljmosbeftqmyc/Build/Intermediates.noindex/ExplicitPrecompiledModules/_DarwinFoundation3-L0STFZQK0UNJC9FHFXW996M3.scan
    cd /
    builtin-precompileModule /Users/sparkles/Library/Developer/Xcode/DerivedData/Expensio-futtgngxcysvvhcljmosbeftqmyc/Build/Intermediates.noindex/ExplicitPrecompiledModules/_DarwinFoundation3-L0STFZQK0UNJC9FHFXW996M3.scan

PrecompileModule /Users/sparkles/Library/Developer/Xcode/DerivedData/Expensio-futtgngxcysvvhcljmosbeftqmyc/Build/Intermediates.noindex/ExplicitPrecompiledModules/QuartzCore-48997YFSF6PAE44JVU7BPYX6F.scan
    cd /
    builtin-precompileModule /Users/sparkles/Library/Developer/Xcode/DerivedData/Expensio-futtgngxcysvvhcljmosbeftqmyc/Build/Intermediates.noindex/ExplicitPrecompiledModules/QuartzCore-48997YFSF6PAE44JVU7BPYX6F.scan

PrecompileModule /Users/sparkles/Library/Developer/Xcode/DerivedData/Expensio-futtgngxcysvvhcljmosbeftqmyc/Build/Intermediates.noindex/ExplicitPrecompiledModules/CoreImage-1RB61L61CKUUJNS6YB2N9C9RI.scan
    cd /
    builtin-precompileModule /Users/sparkles/Library/Developer/Xcode/DerivedData/Expensio-futtgngxcysvvhcljmosbeftqmyc/Build/Intermediates.noindex/ExplicitPrecompiledModules/CoreImage-1RB61L61CKUUJNS6YB2N9C9RI.scan

ScanDependencies /Users/sparkles/Library/Developer/Xcode/DerivedData/Expensio-futtgngxcysvvhcljmosbeftqmyc/Build/Intermediates.noindex/Pods.build/Debug-iphonesimulator/react-native-safe-area-context.build/Objects-normal/x86_64/RNCSafeAreaUtils.o /Users/sparkles/Documents/CodingFiles/FullStack/expensioApp/frontend/node_modules/react-native-safe-area-context/ios/RNCSafeAreaUtils.m normal x86_64 objective-c com.apple.compilers.llvm.clang.1_0.compiler (in target 'react-native-safe-area-context' from project 'Pods')
    cd /Users/sparkles/Documents/CodingFiles/FullStack/expensioApp/frontend/ios/Pods
    
    Using response file: /Users/sparkles/Library/Developer/Xcode/DerivedData/Expensio-futtgngxcysvvhcljmosbeftqmyc/Build/Intermediates.noindex/Pods.build/Debug-iphonesimulator/react-native-safe-area-context.build/Objects-normal/x86_64/e6072d4f65d7061329687fe24e3d63a7-common-args.resp
    
    builtin-ScanDependencies -o /Users/sparkles/Library/Developer/Xcode/DerivedData/Expensio-futtgngxcysvvhcljmosbeftqmyc/Build/Intermediates.noindex/Pods.build/Debug-iphonesimulator/react-native-safe-area-context.build/Objects-normal/x86_64/RNCSafeAreaUtils.o.scan -- /Applications/Xcode.app/Contents/Developer/Toolchains/XcodeDefault.xctoolchain/usr/bin/clang -x objective-c -ivfsstatcache /Users/sparkles/Library/Developer/Xcode/DerivedData/SDKStatCaches.noindex/iphonesimulator27.0-24A430-8dc58220667be655e1bcc261a7455254.sdkstatcache -target x86_64-apple-ios17.0-simulator -fmessage-length\=0 -fdiagnostics-show-note-include-stack -fmacro-backtrace-limit\=0 -fno-color-diagnostics -fmodules-prune-interval\=86400 -fmodules-prune-after\=345600 -fbuild-session-file\=/Users/sparkles/Library/Developer/Xcode/DerivedData/ModuleCache.noindex/Session.modulevalidation -fmodules-validate-once-per-build-session -Wnon-modular-include-in-framework-module -Werror\=non-modular-include-in-framework-module -Wno-trigraphs -Wno-missing-field-initializers -Wno-missing-prototypes -Werror\=return-type -Wdocumentation -Wunreachable-code -Wno-implicit-atomic-properties -Werror\=deprecated-objc-isa-usage -Wno-objc-interface-ivars -Werror\=objc-root-class -Wno-arc-repeated-use-of-weak -Wimplicit-retain-self -Wduplicate-method-match -Wno-missing-braces -Wparentheses -Wswitch -Wunused-function -Wno-unused-label -Wno-unused-parameter -Wunused-variable -Wunused-value -Wempty-body -Wuninitialized -Wconditional-uninitialized -Wno-unknown-pragmas -Wno-shadow -Wno-four-char-constants -Wno-conversion -Wconstant-conversion -Wint-conversion -Wbool-conversion -Wenum-conversion -Wno-float-conversion -Wnon-literal-null-conversion -Wobjc-literal-conversion -Wshorten-64-to-32 -Wpointer-sign -Wno-newline-eof -Wno-selector -Wno-strict-selector-match -Wundeclared-selector -Wdeprecated-implementations -Wno-implicit-fallthrough -isysroot /Applications/Xcode.app/Contents/Developer/Platforms/iPhoneSimulator.platform/Developer/SDKs/iPhoneSimulator27.0.sdk -fstrict-aliasing -Wprotocol -Wdeprecated-declarations -Wno-sign-conversion -Winfinite-recursion -Wcomma -Wblock-capture-autoreleasing -Wstrict-prototypes -Wno-semicolon-before-method-body -Wunguarded-availability -index-store-path /Users/sparkles/Library/Developer/Xcode/DerivedData/Expensio-futtgngxcysvvhcljmosbeftqmyc/Index.noindex/DataStore @/Users/sparkles/Library/Developer/Xcode/DerivedData/Expensio-futtgngxcysvvhcljmosbeftqmyc/Build/Intermediates.noindex/Pods.build/Debug-iphonesimulator/react-native-safe-area-context.build/Objects-normal/x86_64/e6072d4f65d7061329687fe24e3d63a7-common-args.resp -DRCT_NEW_ARCH_ENABLED\=1 -include /Users/sparkles/Documents/CodingFiles/FullStack/expensioApp/frontend/ios/Pods/Target\ Support\ Files/react-native-safe-area-context/react-native-safe-area-context-prefix.pch -MMD -MT dependencies -MF /Users/sparkles/Library/Developer/Xcode/DerivedData/Expensio-futtgngxcysvvhcljmosbeftqmyc/Build/Intermediates.noindex/Pods.build/Debug-iphonesimulator/react-native-safe-area-context.build/Objects-normal/x86_64/RNCSafeAreaUtils.d --serialize-diagnostics /Users/sparkles/Library/Developer/Xcode/DerivedData/Expensio-futtgngxcysvvhcljmosbeftqmyc/Build/Intermediates.noindex/Pods.build/Debug-iphonesimulator/react-native-safe-area-context.build/Objects-normal/x86_64/RNCSafeAreaUtils.dia -c /Users/sparkles/Documents/CodingFiles/FullStack/expensioApp/frontend/node_modules/react-native-safe-area-context/ios/RNCSafeAreaUtils.m -o /Users/sparkles/Library/Developer/Xcode/DerivedData/Expensio-futtgngxcysvvhcljmosbeftqmyc/Build/Intermediates.noindex/Pods.build/Debug-iphonesimulator/react-native-safe-area-context.build/Objects-normal/x86_64/RNCSafeAreaUtils.o -index-unit-output-path /Pods.build/Debug-iphonesimulator/react-native-safe-area-context.build/Objects-normal/x86_64/RNCSafeAreaUtils.o

PrecompileModule /Users/sparkles/Library/Developer/Xcode/DerivedData/Expensio-futtgngxcysvvhcljmosbeftqmyc/Build/Intermediates.noindex/ExplicitPrecompiledModules/_Builtin_inttypes-9HL5VMOWF21Z1AD1ID467E1S7.scan
    cd /
    builtin-precompileModule /Users/sparkles/Library/Developer/Xcode/DerivedData/Expensio-futtgngxcysvvhcljmosbeftqmyc/Build/Intermediates.noindex/ExplicitPrecompiledModules/_Builtin_inttypes-9HL5VMOWF21Z1AD1ID467E1S7.scan

ScanDependencies /Users/sparkles/Library/Developer/Xcode/DerivedData/Expensio-futtgngxcysvvhcljmosbeftqmyc/Build/Intermediates.noindex/Pods.build/Debug-iphonesimulator/react-native-safe-area-context.build/Objects-normal/x86_64/RNCSafeAreaShadowView.o /Users/sparkles/Documents/CodingFiles/FullStack/expensioApp/frontend/node_modules/react-native-safe-area-context/ios/RNCSafeAreaShadowView.m normal x86_64 objective-c com.apple.compilers.llvm.clang.1_0.compiler (in target 'react-native-safe-area-context' from project 'Pods')
    cd /Users/sparkles/Documents/CodingFiles/FullStack/expensioApp/frontend/ios/Pods
    
    Using response file: /Users/sparkles/Library/Developer/Xcode/DerivedData/Expensio-futtgngxcysvvhcljmosbeftqmyc/Build/Intermediates.noindex/Pods.build/Debug-iphonesimulator/react-native-safe-area-context.build/Objects-normal/x86_64/e6072d4f65d7061329687fe24e3d63a7-common-args.resp
    
    builtin-ScanDependencies -o /Users/sparkles/Library/Developer/Xcode/DerivedData/Expensio-futtgngxcysvvhcljmosbeftqmyc/Build/Intermediates.noindex/Pods.build/Debug-iphonesimulator/react-native-safe-area-context.build/Objects-normal/x86_64/RNCSafeAreaShadowView.o.scan -- /Applications/Xcode.app/Contents/Developer/Toolchains/XcodeDefault.xctoolchain/usr/bin/clang -x objective-c -ivfsstatcache /Users/sparkles/Library/Developer/Xcode/DerivedData/SDKStatCaches.noindex/iphonesimulator27.0-24A430-8dc58220667be655e1bcc261a7455254.sdkstatcache -target x86_64-apple-ios17.0-simulator -fmessage-length\=0 -fdiagnostics-show-note-include-stack -fmacro-backtrace-limit\=0 -fno-color-diagnostics -fmodules-prune-interval\=86400 -fmodules-prune-after\=345600 -fbuild-session-file\=/Users/sparkles/Library/Developer/Xcode/DerivedData/ModuleCache.noindex/Session.modulevalidation -fmodules-validate-once-per-build-session -Wnon-modular-include-in-framework-module -Werror\=non-modular-include-in-framework-module -Wno-trigraphs -Wno-missing-field-initializers -Wno-missing-prototypes -Werror\=return-type -Wdocumentation -Wunreachable-code -Wno-implicit-atomic-properties -Werror\=deprecated-objc-isa-usage -Wno-objc-interface-ivars -Werror\=objc-root-class -Wno-arc-repeated-use-of-weak -Wimplicit-retain-self -Wduplicate-method-match -Wno-missing-braces -Wparentheses -Wswitch -Wunused-function -Wno-unused-label -Wno-unused-parameter -Wunused-variable -Wunused-value -Wempty-body -Wuninitialized -Wconditional-uninitialized -Wno-unknown-pragmas -Wno-shadow -Wno-four-char-constants -Wno-conversion -Wconstant-conversion -Wint-conversion -Wbool-conversion -Wenum-conversion -Wno-float-conversion -Wnon-literal-null-conversion -Wobjc-literal-conversion -Wshorten-64-to-32 -Wpointer-sign -Wno-newline-eof -Wno-selector -Wno-strict-selector-match -Wundeclared-selector -Wdeprecated-implementations -Wno-implicit-fallthrough -isysroot /Applications/Xcode.app/Contents/Developer/Platforms/iPhoneSimulator.platform/Developer/SDKs/iPhoneSimulator27.0.sdk -fstrict-aliasing -Wprotocol -Wdeprecated-declarations -Wno-sign-conversion -Winfinite-recursion -Wcomma -Wblock-capture-autoreleasing -Wstrict-prototypes -Wno-semicolon-before-method-body -Wunguarded-availability -index-store-path /Users/sparkles/Library/Developer/Xcode/DerivedData/Expensio-futtgngxcysvvhcljmosbeftqmyc/Index.noindex/DataStore @/Users/sparkles/Library/Developer/Xcode/DerivedData/Expensio-futtgngxcysvvhcljmosbeftqmyc/Build/Intermediates.noindex/Pods.build/Debug-iphonesimulator/react-native-safe-area-context.build/Objects-normal/x86_64/e6072d4f65d7061329687fe24e3d63a7-common-args.resp -DRCT_NEW_ARCH_ENABLED\=1 -include /Users/sparkles/Documents/CodingFiles/FullStack/expensioApp/frontend/ios/Pods/Target\ Support\ Files/react-native-safe-area-context/react-native-safe-area-context-prefix.pch -MMD -MT dependencies -MF /Users/sparkles/Library/Developer/Xcode/DerivedData/Expensio-futtgngxcysvvhcljmosbeftqmyc/Build/Intermediates.noindex/Pods.build/Debug-iphonesimulator/react-native-safe-area-context.build/Objects-normal/x86_64/RNCSafeAreaShadowView.d --serialize-diagnostics /Users/sparkles/Library/Developer/Xcode/DerivedData/Expensio-futtgngxcysvvhcljmosbeftqmyc/Build/Intermediates.noindex/Pods.build/Debug-iphonesimulator/react-native-safe-area-context.build/Objects-normal/x86_64/RNCSafeAreaShadowView.dia -c /Users/sparkles/Documents/CodingFiles/FullStack/expensioApp/frontend/node_modules/react-native-safe-area-context/ios/RNCSafeAreaShadowView.m -o /Users/sparkles/Library/Developer/Xcode/DerivedData/Expensio-futtgngxcysvvhcljmosbeftqmyc/Build/Intermediates.noindex/Pods.build/Debug-iphonesimulator/react-native-safe-area-context.build/Objects-normal/x86_64/RNCSafeAreaShadowView.o -index-unit-output-path /Pods.build/Debug-iphonesimulator/react-native-safe-area-context.build/Objects-normal/x86_64/RNCSafeAreaShadowView.o

ScanDependencies /Users/sparkles/Library/Developer/Xcode/DerivedData/Expensio-futtgngxcysvvhcljmosbeftqmyc/Build/Intermediates.noindex/Pods.build/Debug-iphonesimulator/react-native-safe-area-context.build/Objects-normal/x86_64/RNCSafeAreaProviderManager.o /Users/sparkles/Documents/CodingFiles/FullStack/expensioApp/frontend/node_modules/react-native-safe-area-context/ios/RNCSafeAreaProviderManager.m normal x86_64 objective-c com.apple.compilers.llvm.clang.1_0.compiler (in target 'react-native-safe-area-context' from project 'Pods')
    cd /Users/sparkles/Documents/CodingFiles/FullStack/expensioApp/frontend/ios/Pods
    
    Using response file: /Users/sparkles/Library/Developer/Xcode/DerivedData/Expensio-futtgngxcysvvhcljmosbeftqmyc/Build/Intermediates.noindex/Pods.build/Debug-iphonesimulator/react-native-safe-area-context.build/Objects-normal/x86_64/e6072d4f65d7061329687fe24e3d63a7-common-args.resp
    
    builtin-ScanDependencies -o /Users/sparkles/Library/Developer/Xcode/DerivedData/Expensio-futtgngxcysvvhcljmosbeftqmyc/Build/Intermediates.noindex/Pods.build/Debug-iphonesimulator/react-native-safe-area-context.build/Objects-normal/x86_64/RNCSafeAreaProviderManager.o.scan -- /Applications/Xcode.app/Contents/Developer/Toolchains/XcodeDefault.xctoolchain/usr/bin/clang -x objective-c -ivfsstatcache /Users/sparkles/Library/Developer/Xcode/DerivedData/SDKStatCaches.noindex/iphonesimulator27.0-24A430-8dc58220667be655e1bcc261a7455254.sdkstatcache -target x86_64-apple-ios17.0-simulator -fmessage-length\=0 -fdiagnostics-show-note-include-stack -fmacro-backtrace-limit\=0 -fno-color-diagnostics -fmodules-prune-interval\=86400 -fmodules-prune-after\=345600 -fbuild-session-file\=/Users/sparkles/Library/Developer/Xcode/DerivedData/ModuleCache.noindex/Session.modulevalidation -fmodules-validate-once-per-build-session -Wnon-modular-include-in-framework-module -Werror\=non-modular-include-in-framework-module -Wno-trigraphs -Wno-missing-field-initializers -Wno-missing-prototypes -Werror\=return-type -Wdocumentation -Wunreachable-code -Wno-implicit-atomic-properties -Werror\=deprecated-objc-isa-usage -Wno-objc-interface-ivars -Werror\=objc-root-class -Wno-arc-repeated-use-of-weak -Wimplicit-retain-self -Wduplicate-method-match -Wno-missing-braces -Wparentheses -Wswitch -Wunused-function -Wno-unused-label -Wno-unused-parameter -Wunused-variable -Wunused-value -Wempty-body -Wuninitialized -Wconditional-uninitialized -Wno-unknown-pragmas -Wno-shadow -Wno-four-char-constants -Wno-conversion -Wconstant-conversion -Wint-conversion -Wbool-conversion -Wenum-conversion -Wno-float-conversion -Wnon-literal-null-conversion -Wobjc-literal-conversion -Wshorten-64-to-32 -Wpointer-sign -Wno-newline-eof -Wno-selector -Wno-strict-selector-match -Wundeclared-selector -Wdeprecated-implementations -Wno-implicit-fallthrough -isysroot /Applications/Xcode.app/Contents/Developer/Platforms/iPhoneSimulator.platform/Developer/SDKs/iPhoneSimulator27.0.sdk -fstrict-aliasing -Wprotocol -Wdeprecated-declarations -Wno-sign-conversion -Winfinite-recursion -Wcomma -Wblock-capture-autoreleasing -Wstrict-prototypes -Wno-semicolon-before-method-body -Wunguarded-availability -index-store-path /Users/sparkles/Library/Developer/Xcode/DerivedData/Expensio-futtgngxcysvvhcljmosbeftqmyc/Index.noindex/DataStore @/Users/sparkles/Library/Developer/Xcode/DerivedData/Expensio-futtgngxcysvvhcljmosbeftqmyc/Build/Intermediates.noindex/Pods.build/Debug-iphonesimulator/react-native-safe-area-context.build/Objects-normal/x86_64/e6072d4f65d7061329687fe24e3d63a7-common-args.resp -DRCT_NEW_ARCH_ENABLED\=1 -include /Users/sparkles/Documents/CodingFiles/FullStack/expensioApp/frontend/ios/Pods/Target\ Support\ Files/react-native-safe-area-context/react-native-safe-area-context-prefix.pch -MMD -MT dependencies -MF /Users/sparkles/Library/Developer/Xcode/DerivedData/Expensio-futtgngxcysvvhcljmosbeftqmyc/Build/Intermediates.noindex/Pods.build/Debug-iphonesimulator/react-native-safe-area-context.build/Objects-normal/x86_64/RNCSafeAreaProviderManager.d --serialize-diagnostics /Users/sparkles/Library/Developer/Xcode/DerivedData/Expensio-futtgngxcysvvhcljmosbeftqmyc/Build/Intermediates.noindex/Pods.build/Debug-iphonesimulator/react-native-safe-area-context.build/Objects-normal/x86_64/RNCSafeAreaProviderManager.dia -c /Users/sparkles/Documents/CodingFiles/FullStack/expensioApp/frontend/node_modules/react-native-safe-area-context/ios/RNCSafeAreaProviderManager.m -o /Users/sparkles/Library/Developer/Xcode/DerivedData/Expensio-futtgngxcysvvhcljmosbeftqmyc/Build/Intermediates.noindex/Pods.build/Debug-iphonesimulator/react-native-safe-area-context.build/Objects-normal/x86_64/RNCSafeAreaProviderManager.o -index-unit-output-path /Pods.build/Debug-iphonesimulator/react-native-safe-area-context.build/Objects-normal/x86_64/RNCSafeAreaProviderManager.o

PrecompileModule /Users/sparkles/Library/Developer/Xcode/DerivedData/Expensio-futtgngxcysvvhcljmosbeftqmyc/Build/Intermediates.noindex/ExplicitPrecompiledModules/Darwin-5BFZCHMKJQQN3R1O0S31CREKI.scan
    cd /
    builtin-precompileModule /Users/sparkles/Library/Developer/Xcode/DerivedData/Expensio-futtgngxcysvvhcljmosbeftqmyc/Build/Intermediates.noindex/ExplicitPrecompiledModules/Darwin-5BFZCHMKJQQN3R1O0S31CREKI.scan

PrecompileModule /Users/sparkles/Library/Developer/Xcode/DerivedData/Expensio-futtgngxcysvvhcljmosbeftqmyc/Build/Intermediates.noindex/ExplicitPrecompiledModules/UIKit-CTAL4MLKOYFIV3JIFLXUUWQ83.scan
    cd /
    builtin-precompileModule /Users/sparkles/Library/Developer/Xcode/DerivedData/Expensio-futtgngxcysvvhcljmosbeftqmyc/Build/Intermediates.noindex/ExplicitPrecompiledModules/UIKit-CTAL4MLKOYFIV3JIFLXUUWQ83.scan

ScanDependencies /Users/sparkles/Library/Developer/Xcode/DerivedData/Expensio-futtgngxcysvvhcljmosbeftqmyc/Build/Intermediates.noindex/Pods.build/Debug-iphonesimulator/react-native-safe-area-context.build/Objects-normal/x86_64/RNCSafeAreaProvider.o /Users/sparkles/Documents/CodingFiles/FullStack/expensioApp/frontend/node_modules/react-native-safe-area-context/ios/RNCSafeAreaProvider.m normal x86_64 objective-c com.apple.compilers.llvm.clang.1_0.compiler (in target 'react-native-safe-area-context' from project 'Pods')
    cd /Users/sparkles/Documents/CodingFiles/FullStack/expensioApp/frontend/ios/Pods
    
    Using response file: /Users/sparkles/Library/Developer/Xcode/DerivedData/Expensio-futtgngxcysvvhcljmosbeftqmyc/Build/Intermediates.noindex/Pods.build/Debug-iphonesimulator/react-native-safe-area-context.build/Objects-normal/x86_64/e6072d4f65d7061329687fe24e3d63a7-common-args.resp
    
    builtin-ScanDependencies -o /Users/sparkles/Library/Developer/Xcode/DerivedData/Expensio-futtgngxcysvvhcljmosbeftqmyc/Build/Intermediates.noindex/Pods.build/Debug-iphonesimulator/react-native-safe-area-context.build/Objects-normal/x86_64/RNCSafeAreaProvider.o.scan -- /Applications/Xcode.app/Contents/Developer/Toolchains/XcodeDefault.xctoolchain/usr/bin/clang -x objective-c -ivfsstatcache /Users/sparkles/Library/Developer/Xcode/DerivedData/SDKStatCaches.noindex/iphonesimulator27.0-24A430-8dc58220667be655e1bcc261a7455254.sdkstatcache -target x86_64-apple-ios17.0-simulator -fmessage-length\=0 -fdiagnostics-show-note-include-stack -fmacro-backtrace-limit\=0 -fno-color-diagnostics -fmodules-prune-interval\=86400 -fmodules-prune-after\=345600 -fbuild-session-file\=/Users/sparkles/Library/Developer/Xcode/DerivedData/ModuleCache.noindex/Session.modulevalidation -fmodules-validate-once-per-build-session -Wnon-modular-include-in-framework-module -Werror\=non-modular-include-in-framework-module -Wno-trigraphs -Wno-missing-field-initializers -Wno-missing-prototypes -Werror\=return-type -Wdocumentation -Wunreachable-code -Wno-implicit-atomic-properties -Werror\=deprecated-objc-isa-usage -Wno-objc-interface-ivars -Werror\=objc-root-class -Wno-arc-repeated-use-of-weak -Wimplicit-retain-self -Wduplicate-method-match -Wno-missing-braces -Wparentheses -Wswitch -Wunused-function -Wno-unused-label -Wno-unused-parameter -Wunused-variable -Wunused-value -Wempty-body -Wuninitialized -Wconditional-uninitialized -Wno-unknown-pragmas -Wno-shadow -Wno-four-char-constants -Wno-conversion -Wconstant-conversion -Wint-conversion -Wbool-conversion -Wenum-conversion -Wno-float-conversion -Wnon-literal-null-conversion -Wobjc-literal-conversion -Wshorten-64-to-32 -Wpointer-sign -Wno-newline-eof -Wno-selector -Wno-strict-selector-match -Wundeclared-selector -Wdeprecated-implementations -Wno-implicit-fallthrough -isysroot /Applications/Xcode.app/Contents/Developer/Platforms/iPhoneSimulator.platform/Developer/SDKs/iPhoneSimulator27.0.sdk -fstrict-aliasing -Wprotocol -Wdeprecated-declarations -Wno-sign-conversion -Winfinite-recursion -Wcomma -Wblock-capture-autoreleasing -Wstrict-prototypes -Wno-semicolon-before-method-body -Wunguarded-availability -index-store-path /Users/sparkles/Library/Developer/Xcode/DerivedData/Expensio-futtgngxcysvvhcljmosbeftqmyc/Index.noindex/DataStore @/Users/sparkles/Library/Developer/Xcode/DerivedData/Expensio-futtgngxcysvvhcljmosbeftqmyc/Build/Intermediates.noindex/Pods.build/Debug-iphonesimulator/react-native-safe-area-context.build/Objects-normal/x86_64/e6072d4f65d7061329687fe24e3d63a7-common-args.resp -DRCT_NEW_ARCH_ENABLED\=1 -include /Users/sparkles/Documents/CodingFiles/FullStack/expensioApp/frontend/ios/Pods/Target\ Support\ Files/react-native-safe-area-context/react-native-safe-area-context-prefix.pch -MMD -MT dependencies -MF /Users/sparkles/Library/Developer/Xcode/DerivedData/Expensio-futtgngxcysvvhcljmosbeftqmyc/Build/Intermediates.noindex/Pods.build/Debug-iphonesimulator/react-native-safe-area-context.build/Objects-normal/x86_64/RNCSafeAreaProvider.d --serialize-diagnostics /Users/sparkles/Library/Developer/Xcode/DerivedData/Expensio-futtgngxcysvvhcljmosbeftqmyc/Build/Intermediates.noindex/Pods.build/Debug-iphonesimulator/react-native-safe-area-context.build/Objects-normal/x86_64/RNCSafeAreaProvider.dia -c /Users/sparkles/Documents/CodingFiles/FullStack/expensioApp/frontend/node_modules/react-native-safe-area-context/ios/RNCSafeAreaProvider.m -o /Users/sparkles/Library/Developer/Xcode/DerivedData/Expensio-futtgngxcysvvhcljmosbeftqmyc/Build/Intermediates.noindex/Pods.build/Debug-iphonesimulator/react-native-safe-area-context.build/Objects-normal/x86_64/RNCSafeAreaProvider.o -index-unit-output-path /Pods.build/Debug-iphonesimulator/react-native-safe-area-context.build/Objects-normal/x86_64/RNCSafeAreaProvider.o

ScanDependencies /Users/sparkles/Library/Developer/Xcode/DerivedData/Expensio-futtgngxcysvvhcljmosbeftqmyc/Build/Intermediates.noindex/Pods.build/Debug-iphonesimulator/react-native-safe-area-context.build/Objects-normal/x86_64/RNCOnInsetsChangeEvent.o /Users/sparkles/Documents/CodingFiles/FullStack/expensioApp/frontend/node_modules/react-native-safe-area-context/ios/RNCOnInsetsChangeEvent.m normal x86_64 objective-c com.apple.compilers.llvm.clang.1_0.compiler (in target 'react-native-safe-area-context' from project 'Pods')
    cd /Users/sparkles/Documents/CodingFiles/FullStack/expensioApp/frontend/ios/Pods
    
    Using response file: /Users/sparkles/Library/Developer/Xcode/DerivedData/Expensio-futtgngxcysvvhcljmosbeftqmyc/Build/Intermediates.noindex/Pods.build/Debug-iphonesimulator/react-native-safe-area-context.build/Objects-normal/x86_64/e6072d4f65d7061329687fe24e3d63a7-common-args.resp
    
    builtin-ScanDependencies -o /Users/sparkles/Library/Developer/Xcode/DerivedData/Expensio-futtgngxcysvvhcljmosbeftqmyc/Build/Intermediates.noindex/Pods.build/Debug-iphonesimulator/react-native-safe-area-context.build/Objects-normal/x86_64/RNCOnInsetsChangeEvent.o.scan -- /Applications/Xcode.app/Contents/Developer/Toolchains/XcodeDefault.xctoolchain/usr/bin/clang -x objective-c -ivfsstatcache /Users/sparkles/Library/Developer/Xcode/DerivedData/SDKStatCaches.noindex/iphonesimulator27.0-24A430-8dc58220667be655e1bcc261a7455254.sdkstatcache -target x86_64-apple-ios17.0-simulator -fmessage-length\=0 -fdiagnostics-show-note-include-stack -fmacro-backtrace-limit\=0 -fno-color-diagnostics -fmodules-prune-interval\=86400 -fmodules-prune-after\=345600 -fbuild-session-file\=/Users/sparkles/Library/Developer/Xcode/DerivedData/ModuleCache.noindex/Session.modulevalidation -fmodules-validate-once-per-build-session -Wnon-modular-include-in-framework-module -Werror\=non-modular-include-in-framework-module -Wno-trigraphs -Wno-missing-field-initializers -Wno-missing-prototypes -Werror\=return-type -Wdocumentation -Wunreachable-code -Wno-implicit-atomic-properties -Werror\=deprecated-objc-isa-usage -Wno-objc-interface-ivars -Werror\=objc-root-class -Wno-arc-repeated-use-of-weak -Wimplicit-retain-self -Wduplicate-method-match -Wno-missing-braces -Wparentheses -Wswitch -Wunused-function -Wno-unused-label -Wno-unused-parameter -Wunused-variable -Wunused-value -Wempty-body -Wuninitialized -Wconditional-uninitialized -Wno-unknown-pragmas -Wno-shadow -Wno-four-char-constants -Wno-conversion -Wconstant-conversion -Wint-conversion -Wbool-conversion -Wenum-conversion -Wno-float-conversion -Wnon-literal-null-conversion -Wobjc-literal-conversion -Wshorten-64-to-32 -Wpointer-sign -Wno-newline-eof -Wno-selector -Wno-strict-selector-match -Wundeclared-selector -Wdeprecated-implementations -Wno-implicit-fallthrough -isysroot /Applications/Xcode.app/Contents/Developer/Platforms/iPhoneSimulator.platform/Developer/SDKs/iPhoneSimulator27.0.sdk -fstrict-aliasing -Wprotocol -Wdeprecated-declarations -Wno-sign-conversion -Winfinite-recursion -Wcomma -Wblock-capture-autoreleasing -Wstrict-prototypes -Wno-semicolon-before-method-body -Wunguarded-availability -index-store-path /Users/sparkles/Library/Developer/Xcode/DerivedData/Expensio-futtgngxcysvvhcljmosbeftqmyc/Index.noindex/DataStore @/Users/sparkles/Library/Developer/Xcode/DerivedData/Expensio-futtgngxcysvvhcljmosbeftqmyc/Build/Intermediates.noindex/Pods.build/Debug-iphonesimulator/react-native-safe-area-context.build/Objects-normal/x86_64/e6072d4f65d7061329687fe24e3d63a7-common-args.resp -DRCT_NEW_ARCH_ENABLED\=1 -include /Users/sparkles/Documents/CodingFiles/FullStack/expensioApp/frontend/ios/Pods/Target\ Support\ Files/react-native-safe-area-context/react-native-safe-area-context-prefix.pch -MMD -MT dependencies -MF /Users/sparkles/Library/Developer/Xcode/DerivedData/Expensio-futtgngxcysvvhcljmosbeftqmyc/Build/Intermediates.noindex/Pods.build/Debug-iphonesimulator/react-native-safe-area-context.build/Objects-normal/x86_64/RNCOnInsetsChangeEvent.d --serialize-diagnostics /Users/sparkles/Library/Developer/Xcode/DerivedData/Expensio-futtgngxcysvvhcljmosbeftqmyc/Build/Intermediates.noindex/Pods.build/Debug-iphonesimulator/react-native-safe-area-context.build/Objects-normal/x86_64/RNCOnInsetsChangeEvent.dia -c /Users/sparkles/Documents/CodingFiles/FullStack/expensioApp/frontend/node_modules/react-native-safe-area-context/ios/RNCOnInsetsChangeEvent.m -o /Users/sparkles/Library/Developer/Xcode/DerivedData/Expensio-futtgngxcysvvhcljmosbeftqmyc/Build/Intermediates.noindex/Pods.build/Debug-iphonesimulator/react-native-safe-area-context.build/Objects-normal/x86_64/RNCOnInsetsChangeEvent.o -index-unit-output-path /Pods.build/Debug-iphonesimulator/react-native-safe-area-context.build/Objects-normal/x86_64/RNCOnInsetsChangeEvent.o

ScanDependencies /Users/sparkles/Library/Developer/Xcode/DerivedData/Expensio-futtgngxcysvvhcljmosbeftqmyc/Build/Intermediates.noindex/Pods.build/Debug-iphonesimulator/react-native-safe-area-context.build/Objects-normal/arm64/react-native-safe-area-context-dummy.o /Users/sparkles/Documents/CodingFiles/FullStack/expensioApp/frontend/ios/Pods/Target\ Support\ Files/react-native-safe-area-context/react-native-safe-area-context-dummy.m normal arm64 objective-c com.apple.compilers.llvm.clang.1_0.compiler (in target 'react-native-safe-area-context' from project 'Pods')
    cd /Users/sparkles/Documents/CodingFiles/FullStack/expensioApp/frontend/ios/Pods
    
    Using response file: /Users/sparkles/Library/Developer/Xcode/DerivedData/Expensio-futtgngxcysvvhcljmosbeftqmyc/Build/Intermediates.noindex/Pods.build/Debug-iphonesimulator/react-native-safe-area-context.build/Objects-normal/arm64/e6072d4f65d7061329687fe24e3d63a7-common-args.resp
    
    builtin-ScanDependencies -o /Users/sparkles/Library/Developer/Xcode/DerivedData/Expensio-futtgngxcysvvhcljmosbeftqmyc/Build/Intermediates.noindex/Pods.build/Debug-iphonesimulator/react-native-safe-area-context.build/Objects-normal/arm64/react-native-safe-area-context-dummy.o.scan -- /Applications/Xcode.app/Contents/Developer/Toolchains/XcodeDefault.xctoolchain/usr/bin/clang -x objective-c -ivfsstatcache /Users/sparkles/Library/Developer/Xcode/DerivedData/SDKStatCaches.noindex/iphonesimulator27.0-24A430-8dc58220667be655e1bcc261a7455254.sdkstatcache -target arm64-apple-ios17.0-simulator -fmessage-length\=0 -fdiagnostics-show-note-include-stack -fmacro-backtrace-limit\=0 -fno-color-diagnostics -fmodules-prune-interval\=86400 -fmodules-prune-after\=345600 -fbuild-session-file\=/Users/sparkles/Library/Developer/Xcode/DerivedData/ModuleCache.noindex/Session.modulevalidation -fmodules-validate-once-per-build-session -Wnon-modular-include-in-framework-module -Werror\=non-modular-include-in-framework-module -Wno-trigraphs -Wno-missing-field-initializers -Wno-missing-prototypes -Werror\=return-type -Wdocumentation -Wunreachable-code -Wno-implicit-atomic-properties -Werror\=deprecated-objc-isa-usage -Wno-objc-interface-ivars -Werror\=objc-root-class -Wno-arc-repeated-use-of-weak -Wimplicit-retain-self -Wduplicate-method-match -Wno-missing-braces -Wparentheses -Wswitch -Wunused-function -Wno-unused-label -Wno-unused-parameter -Wunused-variable -Wunused-value -Wempty-body -Wuninitialized -Wconditional-uninitialized -Wno-unknown-pragmas -Wno-shadow -Wno-four-char-constants -Wno-conversion -Wconstant-conversion -Wint-conversion -Wbool-conversion -Wenum-conversion -Wno-float-conversion -Wnon-literal-null-conversion -Wobjc-literal-conversion -Wshorten-64-to-32 -Wpointer-sign -Wno-newline-eof -Wno-selector -Wno-strict-selector-match -Wundeclared-selector -Wdeprecated-implementations -Wno-implicit-fallthrough -isysroot /Applications/Xcode.app/Contents/Developer/Platforms/iPhoneSimulator.platform/Developer/SDKs/iPhoneSimulator27.0.sdk -fstrict-aliasing -Wprotocol -Wdeprecated-declarations -Wno-sign-conversion -Winfinite-recursion -Wcomma -Wblock-capture-autoreleasing -Wstrict-prototypes -Wno-semicolon-before-method-body -Wunguarded-availability -index-store-path /Users/sparkles/Library/Developer/Xcode/DerivedData/Expensio-futtgngxcysvvhcljmosbeftqmyc/Index.noindex/DataStore @/Users/sparkles/Library/Developer/Xcode/DerivedData/Expensio-futtgngxcysvvhcljmosbeftqmyc/Build/Intermediates.noindex/Pods.build/Debug-iphonesimulator/react-native-safe-area-context.build/Objects-normal/arm64/e6072d4f65d7061329687fe24e3d63a7-common-args.resp -include /Users/sparkles/Documents/CodingFiles/FullStack/expensioApp/frontend/ios/Pods/Target\ Support\ Files/react-native-safe-area-context/react-native-safe-area-context-prefix.pch -MMD -MT dependencies -MF /Users/sparkles/Library/Developer/Xcode/DerivedData/Expensio-futtgngxcysvvhcljmosbeftqmyc/Build/Intermediates.noindex/Pods.build/Debug-iphonesimulator/react-native-safe-area-context.build/Objects-normal/arm64/react-native-safe-area-context-dummy.d --serialize-diagnostics /Users/sparkles/Library/Developer/Xcode/DerivedData/Expensio-futtgngxcysvvhcljmosbeftqmyc/Build/Intermediates.noindex/Pods.build/Debug-iphonesimulator/react-native-safe-area-context.build/Objects-normal/arm64/react-native-safe-area-context-dummy.dia -c /Users/sparkles/Documents/CodingFiles/FullStack/expensioApp/frontend/ios/Pods/Target\ Support\ Files/react-native-safe-area-context/react-native-safe-area-context-dummy.m -o /Users/sparkles/Library/Developer/Xcode/DerivedData/Expensio-futtgngxcysvvhcljmosbeftqmyc/Build/Intermediates.noindex/Pods.build/Debug-iphonesimulator/react-native-safe-area-context.build/Objects-normal/arm64/react-native-safe-area-context-dummy.o -index-unit-output-path /Pods.build/Debug-iphonesimulator/react-native-safe-area-context.build/Objects-normal/arm64/react-native-safe-area-context-dummy.o

ScanDependencies /Users/sparkles/Library/Developer/Xcode/DerivedData/Expensio-futtgngxcysvvhcljmosbeftqmyc/Build/Intermediates.noindex/Pods.build/Debug-iphonesimulator/react-native-safe-area-context.build/Objects-normal/arm64/RNCSafeAreaViewMode.o /Users/sparkles/Documents/CodingFiles/FullStack/expensioApp/frontend/node_modules/react-native-safe-area-context/ios/RNCSafeAreaViewMode.m normal arm64 objective-c com.apple.compilers.llvm.clang.1_0.compiler (in target 'react-native-safe-area-context' from project 'Pods')
    cd /Users/sparkles/Documents/CodingFiles/FullStack/expensioApp/frontend/ios/Pods
    
    Using response file: /Users/sparkles/Library/Developer/Xcode/DerivedData/Expensio-futtgngxcysvvhcljmosbeftqmyc/Build/Intermediates.noindex/Pods.build/Debug-iphonesimulator/react-native-safe-area-context.build/Objects-normal/arm64/e6072d4f65d7061329687fe24e3d63a7-common-args.resp
    
    builtin-ScanDependencies -o /Users/sparkles/Library/Developer/Xcode/DerivedData/Expensio-futtgngxcysvvhcljmosbeftqmyc/Build/Intermediates.noindex/Pods.build/Debug-iphonesimulator/react-native-safe-area-context.build/Objects-normal/arm64/RNCSafeAreaViewMode.o.scan -- /Applications/Xcode.app/Contents/Developer/Toolchains/XcodeDefault.xctoolchain/usr/bin/clang -x objective-c -ivfsstatcache /Users/sparkles/Library/Developer/Xcode/DerivedData/SDKStatCaches.noindex/iphonesimulator27.0-24A430-8dc58220667be655e1bcc261a7455254.sdkstatcache -target arm64-apple-ios17.0-simulator -fmessage-length\=0 -fdiagnostics-show-note-include-stack -fmacro-backtrace-limit\=0 -fno-color-diagnostics -fmodules-prune-interval\=86400 -fmodules-prune-after\=345600 -fbuild-session-file\=/Users/sparkles/Library/Developer/Xcode/DerivedData/ModuleCache.noindex/Session.modulevalidation -fmodules-validate-once-per-build-session -Wnon-modular-include-in-framework-module -Werror\=non-modular-include-in-framework-module -Wno-trigraphs -Wno-missing-field-initializers -Wno-missing-prototypes -Werror\=return-type -Wdocumentation -Wunreachable-code -Wno-implicit-atomic-properties -Werror\=deprecated-objc-isa-usage -Wno-objc-interface-ivars -Werror\=objc-root-class -Wno-arc-repeated-use-of-weak -Wimplicit-retain-self -Wduplicate-method-match -Wno-missing-braces -Wparentheses -Wswitch -Wunused-function -Wno-unused-label -Wno-unused-parameter -Wunused-variable -Wunused-value -Wempty-body -Wuninitialized -Wconditional-uninitialized -Wno-unknown-pragmas -Wno-shadow -Wno-four-char-constants -Wno-conversion -Wconstant-conversion -Wint-conversion -Wbool-conversion -Wenum-conversion -Wno-float-conversion -Wnon-literal-null-conversion -Wobjc-literal-conversion -Wshorten-64-to-32 -Wpointer-sign -Wno-newline-eof -Wno-selector -Wno-strict-selector-match -Wundeclared-selector -Wdeprecated-implementations -Wno-implicit-fallthrough -isysroot /Applications/Xcode.app/Contents/Developer/Platforms/iPhoneSimulator.platform/Developer/SDKs/iPhoneSimulator27.0.sdk -fstrict-aliasing -Wprotocol -Wdeprecated-declarations -Wno-sign-conversion -Winfinite-recursion -Wcomma -Wblock-capture-autoreleasing -Wstrict-prototypes -Wno-semicolon-before-method-body -Wunguarded-availability -index-store-path /Users/sparkles/Library/Developer/Xcode/DerivedData/Expensio-futtgngxcysvvhcljmosbeftqmyc/Index.noindex/DataStore @/Users/sparkles/Library/Developer/Xcode/DerivedData/Expensio-futtgngxcysvvhcljmosbeftqmyc/Build/Intermediates.noindex/Pods.build/Debug-iphonesimulator/react-native-safe-area-context.build/Objects-normal/arm64/e6072d4f65d7061329687fe24e3d63a7-common-args.resp -DRCT_NEW_ARCH_ENABLED\=1 -include /Users/sparkles/Documents/CodingFiles/FullStack/expensioApp/frontend/ios/Pods/Target\ Support\ Files/react-native-safe-area-context/react-native-safe-area-context-prefix.pch -MMD -MT dependencies -MF /Users/sparkles/Library/Developer/Xcode/DerivedData/Expensio-futtgngxcysvvhcljmosbeftqmyc/Build/Intermediates.noindex/Pods.build/Debug-iphonesimulator/react-native-safe-area-context.build/Objects-normal/arm64/RNCSafeAreaViewMode.d --serialize-diagnostics /Users/sparkles/Library/Developer/Xcode/DerivedData/Expensio-futtgngxcysvvhcljmosbeftqmyc/Build/Intermediates.noindex/Pods.build/Debug-iphonesimulator/react-native-safe-area-context.build/Objects-normal/arm64/RNCSafeAreaViewMode.dia -c /Users/sparkles/Documents/CodingFiles/FullStack/expensioApp/frontend/node_modules/react-native-safe-area-context/ios/RNCSafeAreaViewMode.m -o /Users/sparkles/Library/Developer/Xcode/DerivedData/Expensio-futtgngxcysvvhcljmosbeftqmyc/Build/Intermediates.noindex/Pods.build/Debug-iphonesimulator/react-native-safe-area-context.build/Objects-normal/arm64/RNCSafeAreaViewMode.o -index-unit-output-path /Pods.build/Debug-iphonesimulator/react-native-safe-area-context.build/Objects-normal/arm64/RNCSafeAreaViewMode.o

PrecompileModule /Users/sparkles/Library/Developer/Xcode/DerivedData/Expensio-futtgngxcysvvhcljmosbeftqmyc/Build/Intermediates.noindex/ExplicitPrecompiledModules/ObjectiveC-11B4ARF8PSTYSGHKQGFC09GDP.scan
    cd /
    builtin-precompileModule /Users/sparkles/Library/Developer/Xcode/DerivedData/Expensio-futtgngxcysvvhcljmosbeftqmyc/Build/Intermediates.noindex/ExplicitPrecompiledModules/ObjectiveC-11B4ARF8PSTYSGHKQGFC09GDP.scan

CompileC /Users/sparkles/Library/Developer/Xcode/DerivedData/Expensio-futtgngxcysvvhcljmosbeftqmyc/Build/Intermediates.noindex/Pods.build/Debug-iphonesimulator/react-native-safe-area-context.build/Objects-normal/arm64/react-native-safe-area-context-dummy.o /Users/sparkles/Documents/CodingFiles/FullStack/expensioApp/frontend/ios/Pods/Target\ Support\ Files/react-native-safe-area-context/react-native-safe-area-context-dummy.m normal arm64 objective-c com.apple.compilers.llvm.clang.1_0.compiler (in target 'react-native-safe-area-context' from project 'Pods')
    cd /Users/sparkles/Documents/CodingFiles/FullStack/expensioApp/frontend/ios/Pods
    
    Using response file: /Users/sparkles/Library/Developer/Xcode/DerivedData/Expensio-futtgngxcysvvhcljmosbeftqmyc/Build/Intermediates.noindex/Pods.build/Debug-iphonesimulator/react-native-safe-area-context.build/Objects-normal/arm64/e6072d4f65d7061329687fe24e3d63a7-common-args.resp
    
    /Applications/Xcode.app/Contents/Developer/Toolchains/XcodeDefault.xctoolchain/usr/bin/clang -x objective-c -ivfsstatcache /Users/sparkles/Library/Developer/Xcode/DerivedData/SDKStatCaches.noindex/iphonesimulator27.0-24A430-8dc58220667be655e1bcc261a7455254.sdkstatcache -target arm64-apple-ios17.0-simulator -fmessage-length\=0 -fdiagnostics-show-note-include-stack -fmacro-backtrace-limit\=0 -fno-color-diagnostics -fmodules-prune-interval\=86400 -fmodules-prune-after\=345600 -fbuild-session-file\=/Users/sparkles/Library/Developer/Xcode/DerivedData/ModuleCache.noindex/Session.modulevalidation -fmodules-validate-once-per-build-session -Wnon-modular-include-in-framework-module -Werror\=non-modular-include-in-framework-module -Wno-trigraphs -Wno-missing-field-initializers -Wno-missing-prototypes -Werror\=return-type -Wdocumentation -Wunreachable-code -Wno-implicit-atomic-properties -Werror\=deprecated-objc-isa-usage -Wno-objc-interface-ivars -Werror\=objc-root-class -Wno-arc-repeated-use-of-weak -Wimplicit-retain-self -Wduplicate-method-match -Wno-missing-braces -Wparentheses -Wswitch -Wunused-function -Wno-unused-label -Wno-unused-parameter -Wunused-variable -Wunused-value -Wempty-body -Wuninitialized -Wconditional-uninitialized -Wno-unknown-pragmas -Wno-shadow -Wno-four-char-constants -Wno-conversion -Wconstant-conversion -Wint-conversion -Wbool-conversion -Wenum-conversion -Wno-float-conversion -Wnon-literal-null-conversion -Wobjc-literal-conversion -Wshorten-64-to-32 -Wpointer-sign -Wno-newline-eof -Wno-selector -Wno-strict-selector-match -Wundeclared-selector -Wdeprecated-implementations -Wno-implicit-fallthrough -isysroot /Applications/Xcode.app/Contents/Developer/Platforms/iPhoneSimulator.platform/Developer/SDKs/iPhoneSimulator27.0.sdk -fstrict-aliasing -Wprotocol -Wdeprecated-declarations -Wno-sign-conversion -Winfinite-recursion -Wcomma -Wblock-capture-autoreleasing -Wstrict-prototypes -Wno-semicolon-before-method-body -Wunguarded-availability -index-store-path /Users/sparkles/Library/Developer/Xcode/DerivedData/Expensio-futtgngxcysvvhcljmosbeftqmyc/Index.noindex/DataStore @/Users/sparkles/Library/Developer/Xcode/DerivedData/Expensio-futtgngxcysvvhcljmosbeftqmyc/Build/Intermediates.noindex/Pods.build/Debug-iphonesimulator/react-native-safe-area-context.build/Objects-normal/arm64/e6072d4f65d7061329687fe24e3d63a7-common-args.resp -include /Users/sparkles/Documents/CodingFiles/FullStack/expensioApp/frontend/ios/Pods/Target\ Support\ Files/react-native-safe-area-context/react-native-safe-area-context-prefix.pch -MMD -MT dependencies -MF /Users/sparkles/Library/Developer/Xcode/DerivedData/Expensio-futtgngxcysvvhcljmosbeftqmyc/Build/Intermediates.noindex/Pods.build/Debug-iphonesimulator/react-native-safe-area-context.build/Objects-normal/arm64/react-native-safe-area-context-dummy.d --serialize-diagnostics /Users/sparkles/Library/Developer/Xcode/DerivedData/Expensio-futtgngxcysvvhcljmosbeftqmyc/Build/Intermediates.noindex/Pods.build/Debug-iphonesimulator/react-native-safe-area-context.build/Objects-normal/arm64/react-native-safe-area-context-dummy.dia -c /Users/sparkles/Documents/CodingFiles/FullStack/expensioApp/frontend/ios/Pods/Target\ Support\ Files/react-native-safe-area-context/react-native-safe-area-context-dummy.m -o /Users/sparkles/Library/Developer/Xcode/DerivedData/Expensio-futtgngxcysvvhcljmosbeftqmyc/Build/Intermediates.noindex/Pods.build/Debug-iphonesimulator/react-native-safe-area-context.build/Objects-normal/arm64/react-native-safe-area-context-dummy.o -index-unit-output-path /Pods.build/Debug-iphonesimulator/react-native-safe-area-context.build/Objects-normal/arm64/react-native-safe-area-context-dummy.o

PrecompileModule /Users/sparkles/Library/Developer/Xcode/DerivedData/Expensio-futtgngxcysvvhcljmosbeftqmyc/Build/Intermediates.noindex/ExplicitPrecompiledModules/os_object-BQB6WDUTBFYLGSJRFB4Y0XACJ.scan
    cd /
    builtin-precompileModule /Users/sparkles/Library/Developer/Xcode/DerivedData/Expensio-futtgngxcysvvhcljmosbeftqmyc/Build/Intermediates.noindex/ExplicitPrecompiledModules/os_object-BQB6WDUTBFYLGSJRFB4Y0XACJ.scan

PrecompileModule /Users/sparkles/Library/Developer/Xcode/DerivedData/Expensio-futtgngxcysvvhcljmosbeftqmyc/Build/Intermediates.noindex/ExplicitPrecompiledModules/_Builtin_stdarg-1ICY6HJFO8J6D4A02FEQNOO9U.scan
    cd /
    builtin-precompileModule /Users/sparkles/Library/Developer/Xcode/DerivedData/Expensio-futtgngxcysvvhcljmosbeftqmyc/Build/Intermediates.noindex/ExplicitPrecompiledModules/_Builtin_stdarg-1ICY6HJFO8J6D4A02FEQNOO9U.scan

PrecompileModule /Users/sparkles/Library/Developer/Xcode/DerivedData/Expensio-futtgngxcysvvhcljmosbeftqmyc/Build/Intermediates.noindex/ExplicitPrecompiledModules/ptrcheck-8ZVXHO8APM2IPFSR6K6NFW79O.scan
    cd /
    builtin-precompileModule /Users/sparkles/Library/Developer/Xcode/DerivedData/Expensio-futtgngxcysvvhcljmosbeftqmyc/Build/Intermediates.noindex/ExplicitPrecompiledModules/ptrcheck-8ZVXHO8APM2IPFSR6K6NFW79O.scan

PrecompileModule /Users/sparkles/Library/Developer/Xcode/DerivedData/Expensio-futtgngxcysvvhcljmosbeftqmyc/Build/Intermediates.noindex/ExplicitPrecompiledModules/_Builtin_stdbool-7H5X3ZJPUJROMQ2DUAJJR7AIX.scan
    cd /
    builtin-precompileModule /Users/sparkles/Library/Developer/Xcode/DerivedData/Expensio-futtgngxcysvvhcljmosbeftqmyc/Build/Intermediates.noindex/ExplicitPrecompiledModules/_Builtin_stdbool-7H5X3ZJPUJROMQ2DUAJJR7AIX.scan

PrecompileModule /Users/sparkles/Library/Developer/Xcode/DerivedData/Expensio-futtgngxcysvvhcljmosbeftqmyc/Build/Intermediates.noindex/ExplicitPrecompiledModules/ptrauth-9HCWHQ9J7Z7S8XQ03L5S8P7IO.scan
    cd /
    builtin-precompileModule /Users/sparkles/Library/Developer/Xcode/DerivedData/Expensio-futtgngxcysvvhcljmosbeftqmyc/Build/Intermediates.noindex/ExplicitPrecompiledModules/ptrauth-9HCWHQ9J7Z7S8XQ03L5S8P7IO.scan

PrecompileModule /Users/sparkles/Library/Developer/Xcode/DerivedData/Expensio-futtgngxcysvvhcljmosbeftqmyc/Build/Intermediates.noindex/ExplicitPrecompiledModules/os_workgroup-6446LW9MYW6RKFFCEC3WY7U8O.scan
    cd /
    builtin-precompileModule /Users/sparkles/Library/Developer/Xcode/DerivedData/Expensio-futtgngxcysvvhcljmosbeftqmyc/Build/Intermediates.noindex/ExplicitPrecompiledModules/os_workgroup-6446LW9MYW6RKFFCEC3WY7U8O.scan

PrecompileModule /Users/sparkles/Library/Developer/Xcode/DerivedData/Expensio-futtgngxcysvvhcljmosbeftqmyc/Build/Intermediates.noindex/ExplicitPrecompiledModules/_Builtin_stddef-ATK6XR3RC0HJ6JAV5CS6RD0L3.scan
    cd /
    builtin-precompileModule /Users/sparkles/Library/Developer/Xcode/DerivedData/Expensio-futtgngxcysvvhcljmosbeftqmyc/Build/Intermediates.noindex/ExplicitPrecompiledModules/_Builtin_stddef-ATK6XR3RC0HJ6JAV5CS6RD0L3.scan

PrecompileModule /Users/sparkles/Library/Developer/Xcode/DerivedData/Expensio-futtgngxcysvvhcljmosbeftqmyc/Build/Intermediates.noindex/ExplicitPrecompiledModules/_AvailabilityInternal-2TAGIYVWUZ120796M52LB6HIQ.scan
    cd /
    builtin-precompileModule /Users/sparkles/Library/Developer/Xcode/DerivedData/Expensio-futtgngxcysvvhcljmosbeftqmyc/Build/Intermediates.noindex/ExplicitPrecompiledModules/_AvailabilityInternal-2TAGIYVWUZ120796M52LB6HIQ.scan

PrecompileModule /Users/sparkles/Library/Developer/Xcode/DerivedData/Expensio-futtgngxcysvvhcljmosbeftqmyc/Build/Intermediates.noindex/ExplicitPrecompiledModules/_Builtin_float-YYDCG2XIF3DXYVWBAGCIIS0Y.scan
    cd /
    builtin-precompileModule /Users/sparkles/Library/Developer/Xcode/DerivedData/Expensio-futtgngxcysvvhcljmosbeftqmyc/Build/Intermediates.noindex/ExplicitPrecompiledModules/_Builtin_float-YYDCG2XIF3DXYVWBAGCIIS0Y.scan

PrecompileModule /Users/sparkles/Library/Developer/Xcode/DerivedData/Expensio-futtgngxcysvvhcljmosbeftqmyc/Build/Intermediates.noindex/ExplicitPrecompiledModules/Dispatch-E04SYI7HNO132ELH0R180XRKZ.scan
    cd /
    builtin-precompileModule /Users/sparkles/Library/Developer/Xcode/DerivedData/Expensio-futtgngxcysvvhcljmosbeftqmyc/Build/Intermediates.noindex/ExplicitPrecompiledModules/Dispatch-E04SYI7HNO132ELH0R180XRKZ.scan

ScanDependencies /Users/sparkles/Library/Developer/Xcode/DerivedData/Expensio-futtgngxcysvvhcljmosbeftqmyc/Build/Intermediates.noindex/Pods.build/Debug-iphonesimulator/react-native-safe-area-context.build/Objects-normal/arm64/RNCSafeAreaViewManager.o /Users/sparkles/Documents/CodingFiles/FullStack/expensioApp/frontend/node_modules/react-native-safe-area-context/ios/RNCSafeAreaViewManager.m normal arm64 objective-c com.apple.compilers.llvm.clang.1_0.compiler (in target 'react-native-safe-area-context' from project 'Pods')
    cd /Users/sparkles/Documents/CodingFiles/FullStack/expensioApp/frontend/ios/Pods
    
    Using response file: /Users/sparkles/Library/Developer/Xcode/DerivedData/Expensio-futtgngxcysvvhcljmosbeftqmyc/Build/Intermediates.noindex/Pods.build/Debug-iphonesimulator/react-native-safe-area-context.build/Objects-normal/arm64/e6072d4f65d7061329687fe24e3d63a7-common-args.resp
    
    builtin-ScanDependencies -o /Users/sparkles/Library/Developer/Xcode/DerivedData/Expensio-futtgngxcysvvhcljmosbeftqmyc/Build/Intermediates.noindex/Pods.build/Debug-iphonesimulator/react-native-safe-area-context.build/Objects-normal/arm64/RNCSafeAreaViewManager.o.scan -- /Applications/Xcode.app/Contents/Developer/Toolchains/XcodeDefault.xctoolchain/usr/bin/clang -x objective-c -ivfsstatcache /Users/sparkles/Library/Developer/Xcode/DerivedData/SDKStatCaches.noindex/iphonesimulator27.0-24A430-8dc58220667be655e1bcc261a7455254.sdkstatcache -target arm64-apple-ios17.0-simulator -fmessage-length\=0 -fdiagnostics-show-note-include-stack -fmacro-backtrace-limit\=0 -fno-color-diagnostics -fmodules-prune-interval\=86400 -fmodules-prune-after\=345600 -fbuild-session-file\=/Users/sparkles/Library/Developer/Xcode/DerivedData/ModuleCache.noindex/Session.modulevalidation -fmodules-validate-once-per-build-session -Wnon-modular-include-in-framework-module -Werror\=non-modular-include-in-framework-module -Wno-trigraphs -Wno-missing-field-initializers -Wno-missing-prototypes -Werror\=return-type -Wdocumentation -Wunreachable-code -Wno-implicit-atomic-properties -Werror\=deprecated-objc-isa-usage -Wno-objc-interface-ivars -Werror\=objc-root-class -Wno-arc-repeated-use-of-weak -Wimplicit-retain-self -Wduplicate-method-match -Wno-missing-braces -Wparentheses -Wswitch -Wunused-function -Wno-unused-label -Wno-unused-parameter -Wunused-variable -Wunused-value -Wempty-body -Wuninitialized -Wconditional-uninitialized -Wno-unknown-pragmas -Wno-shadow -Wno-four-char-constants -Wno-conversion -Wconstant-conversion -Wint-conversion -Wbool-conversion -Wenum-conversion -Wno-float-conversion -Wnon-literal-null-conversion -Wobjc-literal-conversion -Wshorten-64-to-32 -Wpointer-sign -Wno-newline-eof -Wno-selector -Wno-strict-selector-match -Wundeclared-selector -Wdeprecated-implementations -Wno-implicit-fallthrough -isysroot /Applications/Xcode.app/Contents/Developer/Platforms/iPhoneSimulator.platform/Developer/SDKs/iPhoneSimulator27.0.sdk -fstrict-aliasing -Wprotocol -Wdeprecated-declarations -Wno-sign-conversion -Winfinite-recursion -Wcomma -Wblock-capture-autoreleasing -Wstrict-prototypes -Wno-semicolon-before-method-body -Wunguarded-availability -index-store-path /Users/sparkles/Library/Developer/Xcode/DerivedData/Expensio-futtgngxcysvvhcljmosbeftqmyc/Index.noindex/DataStore @/Users/sparkles/Library/Developer/Xcode/DerivedData/Expensio-futtgngxcysvvhcljmosbeftqmyc/Build/Intermediates.noindex/Pods.build/Debug-iphonesimulator/react-native-safe-area-context.build/Objects-normal/arm64/e6072d4f65d7061329687fe24e3d63a7-common-args.resp -DRCT_NEW_ARCH_ENABLED\=1 -include /Users/sparkles/Documents/CodingFiles/FullStack/expensioApp/frontend/ios/Pods/Target\ Support\ Files/react-native-safe-area-context/react-native-safe-area-context-prefix.pch -MMD -MT dependencies -MF /Users/sparkles/Library/Developer/Xcode/DerivedData/Expensio-futtgngxcysvvhcljmosbeftqmyc/Build/Intermediates.noindex/Pods.build/Debug-iphonesimulator/react-native-safe-area-context.build/Objects-normal/arm64/RNCSafeAreaViewManager.d --serialize-diagnostics /Users/sparkles/Library/Developer/Xcode/DerivedData/Expensio-futtgngxcysvvhcljmosbeftqmyc/Build/Intermediates.noindex/Pods.build/Debug-iphonesimulator/react-native-safe-area-context.build/Objects-normal/arm64/RNCSafeAreaViewManager.dia -c /Users/sparkles/Documents/CodingFiles/FullStack/expensioApp/frontend/node_modules/react-native-safe-area-context/ios/RNCSafeAreaViewManager.m -o /Users/sparkles/Library/Developer/Xcode/DerivedData/Expensio-futtgngxcysvvhcljmosbeftqmyc/Build/Intermediates.noindex/Pods.build/Debug-iphonesimulator/react-native-safe-area-context.build/Objects-normal/arm64/RNCSafeAreaViewManager.o -index-unit-output-path /Pods.build/Debug-iphonesimulator/react-native-safe-area-context.build/Objects-normal/arm64/RNCSafeAreaViewManager.o

PrecompileModule /Users/sparkles/Library/Developer/Xcode/DerivedData/Expensio-futtgngxcysvvhcljmosbeftqmyc/Build/Intermediates.noindex/ExplicitPrecompiledModules/_DarwinFoundation1-569CFOX7VG91DNXVQN8I7Z7YY.scan
    cd /
    builtin-precompileModule /Users/sparkles/Library/Developer/Xcode/DerivedData/Expensio-futtgngxcysvvhcljmosbeftqmyc/Build/Intermediates.noindex/ExplicitPrecompiledModules/_DarwinFoundation1-569CFOX7VG91DNXVQN8I7Z7YY.scan

PrecompileModule /Users/sparkles/Library/Developer/Xcode/DerivedData/Expensio-futtgngxcysvvhcljmosbeftqmyc/Build/Intermediates.noindex/ExplicitPrecompiledModules/XPC-1XLX1YMNQCKWTGXEBLB1GQWIH.scan
    cd /
    builtin-precompileModule /Users/sparkles/Library/Developer/Xcode/DerivedData/Expensio-futtgngxcysvvhcljmosbeftqmyc/Build/Intermediates.noindex/ExplicitPrecompiledModules/XPC-1XLX1YMNQCKWTGXEBLB1GQWIH.scan

PrecompileModule /Users/sparkles/Library/Developer/Xcode/DerivedData/Expensio-futtgngxcysvvhcljmosbeftqmyc/Build/Intermediates.noindex/ExplicitPrecompiledModules/CoreFoundation-7K2Q1PNBZ3WQLMVZ0UGV1L9LB.scan
    cd /
    builtin-precompileModule /Users/sparkles/Library/Developer/Xcode/DerivedData/Expensio-futtgngxcysvvhcljmosbeftqmyc/Build/Intermediates.noindex/ExplicitPrecompiledModules/CoreFoundation-7K2Q1PNBZ3WQLMVZ0UGV1L9LB.scan

PrecompileModule /Users/sparkles/Library/Developer/Xcode/DerivedData/Expensio-futtgngxcysvvhcljmosbeftqmyc/Build/Intermediates.noindex/ExplicitPrecompiledModules/_Builtin_limits-AJ4Q0DSLWQ5N5WB4DDQVZRE9F.scan
    cd /
    builtin-precompileModule /Users/sparkles/Library/Developer/Xcode/DerivedData/Expensio-futtgngxcysvvhcljmosbeftqmyc/Build/Intermediates.noindex/ExplicitPrecompiledModules/_Builtin_limits-AJ4Q0DSLWQ5N5WB4DDQVZRE9F.scan

PrecompileModule /Users/sparkles/Library/Developer/Xcode/DerivedData/Expensio-futtgngxcysvvhcljmosbeftqmyc/Build/Intermediates.noindex/ExplicitPrecompiledModules/_DarwinFoundation2-CK3DV326MEPBSIF9ZDM24HIDA.scan
    cd /
    builtin-precompileModule /Users/sparkles/Library/Developer/Xcode/DerivedData/Expensio-futtgngxcysvvhcljmosbeftqmyc/Build/Intermediates.noindex/ExplicitPrecompiledModules/_DarwinFoundation2-CK3DV326MEPBSIF9ZDM24HIDA.scan

ScanDependencies /Users/sparkles/Library/Developer/Xcode/DerivedData/Expensio-futtgngxcysvvhcljmosbeftqmyc/Build/Intermediates.noindex/Pods.build/Debug-iphonesimulator/react-native-safe-area-context.build/Objects-normal/arm64/RNCSafeAreaViewLocalData.o /Users/sparkles/Documents/CodingFiles/FullStack/expensioApp/frontend/node_modules/react-native-safe-area-context/ios/RNCSafeAreaViewLocalData.m normal arm64 objective-c com.apple.compilers.llvm.clang.1_0.compiler (in target 'react-native-safe-area-context' from project 'Pods')
    cd /Users/sparkles/Documents/CodingFiles/FullStack/expensioApp/frontend/ios/Pods
    
    Using response file: /Users/sparkles/Library/Developer/Xcode/DerivedData/Expensio-futtgngxcysvvhcljmosbeftqmyc/Build/Intermediates.noindex/Pods.build/Debug-iphonesimulator/react-native-safe-area-context.build/Objects-normal/arm64/e6072d4f65d7061329687fe24e3d63a7-common-args.resp
    
    builtin-ScanDependencies -o /Users/sparkles/Library/Developer/Xcode/DerivedData/Expensio-futtgngxcysvvhcljmosbeftqmyc/Build/Intermediates.noindex/Pods.build/Debug-iphonesimulator/react-native-safe-area-context.build/Objects-normal/arm64/RNCSafeAreaViewLocalData.o.scan -- /Applications/Xcode.app/Contents/Developer/Toolchains/XcodeDefault.xctoolchain/usr/bin/clang -x objective-c -ivfsstatcache /Users/sparkles/Library/Developer/Xcode/DerivedData/SDKStatCaches.noindex/iphonesimulator27.0-24A430-8dc58220667be655e1bcc261a7455254.sdkstatcache -target arm64-apple-ios17.0-simulator -fmessage-length\=0 -fdiagnostics-show-note-include-stack -fmacro-backtrace-limit\=0 -fno-color-diagnostics -fmodules-prune-interval\=86400 -fmodules-prune-after\=345600 -fbuild-session-file\=/Users/sparkles/Library/Developer/Xcode/DerivedData/ModuleCache.noindex/Session.modulevalidation -fmodules-validate-once-per-build-session -Wnon-modular-include-in-framework-module -Werror\=non-modular-include-in-framework-module -Wno-trigraphs -Wno-missing-field-initializers -Wno-missing-prototypes -Werror\=return-type -Wdocumentation -Wunreachable-code -Wno-implicit-atomic-properties -Werror\=deprecated-objc-isa-usage -Wno-objc-interface-ivars -Werror\=objc-root-class -Wno-arc-repeated-use-of-weak -Wimplicit-retain-self -Wduplicate-method-match -Wno-missing-braces -Wparentheses -Wswitch -Wunused-function -Wno-unused-label -Wno-unused-parameter -Wunused-variable -Wunused-value -Wempty-body -Wuninitialized -Wconditional-uninitialized -Wno-unknown-pragmas -Wno-shadow -Wno-four-char-constants -Wno-conversion -Wconstant-conversion -Wint-conversion -Wbool-conversion -Wenum-conversion -Wno-float-conversion -Wnon-literal-null-conversion -Wobjc-literal-conversion -Wshorten-64-to-32 -Wpointer-sign -Wno-newline-eof -Wno-selector -Wno-strict-selector-match -Wundeclared-selector -Wdeprecated-implementations -Wno-implicit-fallthrough -isysroot /Applications/Xcode.app/Contents/Developer/Platforms/iPhoneSimulator.platform/Developer/SDKs/iPhoneSimulator27.0.sdk -fstrict-aliasing -Wprotocol -Wdeprecated-declarations -Wno-sign-conversion -Winfinite-recursion -Wcomma -Wblock-capture-autoreleasing -Wstrict-prototypes -Wno-semicolon-before-method-body -Wunguarded-availability -index-store-path /Users/sparkles/Library/Developer/Xcode/DerivedData/Expensio-futtgngxcysvvhcljmosbeftqmyc/Index.noindex/DataStore @/Users/sparkles/Library/Developer/Xcode/DerivedData/Expensio-futtgngxcysvvhcljmosbeftqmyc/Build/Intermediates.noindex/Pods.build/Debug-iphonesimulator/react-native-safe-area-context.build/Objects-normal/arm64/e6072d4f65d7061329687fe24e3d63a7-common-args.resp -DRCT_NEW_ARCH_ENABLED\=1 -include /Users/sparkles/Documents/CodingFiles/FullStack/expensioApp/frontend/ios/Pods/Target\ Support\ Files/react-native-safe-area-context/react-native-safe-area-context-prefix.pch -MMD -MT dependencies -MF /Users/sparkles/Library/Developer/Xcode/DerivedData/Expensio-futtgngxcysvvhcljmosbeftqmyc/Build/Intermediates.noindex/Pods.build/Debug-iphonesimulator/react-native-safe-area-context.build/Objects-normal/arm64/RNCSafeAreaViewLocalData.d --serialize-diagnostics /Users/sparkles/Library/Developer/Xcode/DerivedData/Expensio-futtgngxcysvvhcljmosbeftqmyc/Build/Intermediates.noindex/Pods.build/Debug-iphonesimulator/react-native-safe-area-context.build/Objects-normal/arm64/RNCSafeAreaViewLocalData.dia -c /Users/sparkles/Documents/CodingFiles/FullStack/expensioApp/frontend/node_modules/react-native-safe-area-context/ios/RNCSafeAreaViewLocalData.m -o /Users/sparkles/Library/Developer/Xcode/DerivedData/Expensio-futtgngxcysvvhcljmosbeftqmyc/Build/Intermediates.noindex/Pods.build/Debug-iphonesimulator/react-native-safe-area-context.build/Objects-normal/arm64/RNCSafeAreaViewLocalData.o -index-unit-output-path /Pods.build/Debug-iphonesimulator/react-native-safe-area-context.build/Objects-normal/arm64/RNCSafeAreaViewLocalData.o

ScanDependencies /Users/sparkles/Library/Developer/Xcode/DerivedData/Expensio-futtgngxcysvvhcljmosbeftqmyc/Build/Intermediates.noindex/Pods.build/Debug-iphonesimulator/react-native-safe-area-context.build/Objects-normal/arm64/RNCSafeAreaViewEdges.o /Users/sparkles/Documents/CodingFiles/FullStack/expensioApp/frontend/node_modules/react-native-safe-area-context/ios/RNCSafeAreaViewEdges.m normal arm64 objective-c com.apple.compilers.llvm.clang.1_0.compiler (in target 'react-native-safe-area-context' from project 'Pods')
    cd /Users/sparkles/Documents/CodingFiles/FullStack/expensioApp/frontend/ios/Pods
    
    Using response file: /Users/sparkles/Library/Developer/Xcode/DerivedData/Expensio-futtgngxcysvvhcljmosbeftqmyc/Build/Intermediates.noindex/Pods.build/Debug-iphonesimulator/react-native-safe-area-context.build/Objects-normal/arm64/e6072d4f65d7061329687fe24e3d63a7-common-args.resp
    
    builtin-ScanDependencies -o /Users/sparkles/Library/Developer/Xcode/DerivedData/Expensio-futtgngxcysvvhcljmosbeftqmyc/Build/Intermediates.noindex/Pods.build/Debug-iphonesimulator/react-native-safe-area-context.build/Objects-normal/arm64/RNCSafeAreaViewEdges.o.scan -- /Applications/Xcode.app/Contents/Developer/Toolchains/XcodeDefault.xctoolchain/usr/bin/clang -x objective-c -ivfsstatcache /Users/sparkles/Library/Developer/Xcode/DerivedData/SDKStatCaches.noindex/iphonesimulator27.0-24A430-8dc58220667be655e1bcc261a7455254.sdkstatcache -target arm64-apple-ios17.0-simulator -fmessage-length\=0 -fdiagnostics-show-note-include-stack -fmacro-backtrace-limit\=0 -fno-color-diagnostics -fmodules-prune-interval\=86400 -fmodules-prune-after\=345600 -fbuild-session-file\=/Users/sparkles/Library/Developer/Xcode/DerivedData/ModuleCache.noindex/Session.modulevalidation -fmodules-validate-once-per-build-session -Wnon-modular-include-in-framework-module -Werror\=non-modular-include-in-framework-module -Wno-trigraphs -Wno-missing-field-initializers -Wno-missing-prototypes -Werror\=return-type -Wdocumentation -Wunreachable-code -Wno-implicit-atomic-properties -Werror\=deprecated-objc-isa-usage -Wno-objc-interface-ivars -Werror\=objc-root-class -Wno-arc-repeated-use-of-weak -Wimplicit-retain-self -Wduplicate-method-match -Wno-missing-braces -Wparentheses -Wswitch -Wunused-function -Wno-unused-label -Wno-unused-parameter -Wunused-variable -Wunused-value -Wempty-body -Wuninitialized -Wconditional-uninitialized -Wno-unknown-pragmas -Wno-shadow -Wno-four-char-constants -Wno-conversion -Wconstant-conversion -Wint-conversion -Wbool-conversion -Wenum-conversion -Wno-float-conversion -Wnon-literal-null-conversion -Wobjc-literal-conversion -Wshorten-64-to-32 -Wpointer-sign -Wno-newline-eof -Wno-selector -Wno-strict-selector-match -Wundeclared-selector -Wdeprecated-implementations -Wno-implicit-fallthrough -isysroot /Applications/Xcode.app/Contents/Developer/Platforms/iPhoneSimulator.platform/Developer/SDKs/iPhoneSimulator27.0.sdk -fstrict-aliasing -Wprotocol -Wdeprecated-declarations -Wno-sign-conversion -Winfinite-recursion -Wcomma -Wblock-capture-autoreleasing -Wstrict-prototypes -Wno-semicolon-before-method-body -Wunguarded-availability -index-store-path /Users/sparkles/Library/Developer/Xcode/DerivedData/Expensio-futtgngxcysvvhcljmosbeftqmyc/Index.noindex/DataStore @/Users/sparkles/Library/Developer/Xcode/DerivedData/Expensio-futtgngxcysvvhcljmosbeftqmyc/Build/Intermediates.noindex/Pods.build/Debug-iphonesimulator/react-native-safe-area-context.build/Objects-normal/arm64/e6072d4f65d7061329687fe24e3d63a7-common-args.resp -DRCT_NEW_ARCH_ENABLED\=1 -include /Users/sparkles/Documents/CodingFiles/FullStack/expensioApp/frontend/ios/Pods/Target\ Support\ Files/react-native-safe-area-context/react-native-safe-area-context-prefix.pch -MMD -MT dependencies -MF /Users/sparkles/Library/Developer/Xcode/DerivedData/Expensio-futtgngxcysvvhcljmosbeftqmyc/Build/Intermediates.noindex/Pods.build/Debug-iphonesimulator/react-native-safe-area-context.build/Objects-normal/arm64/RNCSafeAreaViewEdges.d --serialize-diagnostics /Users/sparkles/Library/Developer/Xcode/DerivedData/Expensio-futtgngxcysvvhcljmosbeftqmyc/Build/Intermediates.noindex/Pods.build/Debug-iphonesimulator/react-native-safe-area-context.build/Objects-normal/arm64/RNCSafeAreaViewEdges.dia -c /Users/sparkles/Documents/CodingFiles/FullStack/expensioApp/frontend/node_modules/react-native-safe-area-context/ios/RNCSafeAreaViewEdges.m -o /Users/sparkles/Library/Developer/Xcode/DerivedData/Expensio-futtgngxcysvvhcljmosbeftqmyc/Build/Intermediates.noindex/Pods.build/Debug-iphonesimulator/react-native-safe-area-context.build/Objects-normal/arm64/RNCSafeAreaViewEdges.o -index-unit-output-path /Pods.build/Debug-iphonesimulator/react-native-safe-area-context.build/Objects-normal/arm64/RNCSafeAreaViewEdges.o

CompileC /Users/sparkles/Library/Developer/Xcode/DerivedData/Expensio-futtgngxcysvvhcljmosbeftqmyc/Build/Intermediates.noindex/Pods.build/Debug-iphonesimulator/react-native-safe-area-context.build/Objects-normal/x86_64/react-native-safe-area-context-dummy.o /Users/sparkles/Documents/CodingFiles/FullStack/expensioApp/frontend/ios/Pods/Target\ Support\ Files/react-native-safe-area-context/react-native-safe-area-context-dummy.m normal x86_64 objective-c com.apple.compilers.llvm.clang.1_0.compiler (in target 'react-native-safe-area-context' from project 'Pods')
    cd /Users/sparkles/Documents/CodingFiles/FullStack/expensioApp/frontend/ios/Pods
    
    Using response file: /Users/sparkles/Library/Developer/Xcode/DerivedData/Expensio-futtgngxcysvvhcljmosbeftqmyc/Build/Intermediates.noindex/Pods.build/Debug-iphonesimulator/react-native-safe-area-context.build/Objects-normal/x86_64/e6072d4f65d7061329687fe24e3d63a7-common-args.resp
    
    /Applications/Xcode.app/Contents/Developer/Toolchains/XcodeDefault.xctoolchain/usr/bin/clang -x objective-c -ivfsstatcache /Users/sparkles/Library/Developer/Xcode/DerivedData/SDKStatCaches.noindex/iphonesimulator27.0-24A430-8dc58220667be655e1bcc261a7455254.sdkstatcache -target x86_64-apple-ios17.0-simulator -fmessage-length\=0 -fdiagnostics-show-note-include-stack -fmacro-backtrace-limit\=0 -fno-color-diagnostics -fmodules-prune-interval\=86400 -fmodules-prune-after\=345600 -fbuild-session-file\=/Users/sparkles/Library/Developer/Xcode/DerivedData/ModuleCache.noindex/Session.modulevalidation -fmodules-validate-once-per-build-session -Wnon-modular-include-in-framework-module -Werror\=non-modular-include-in-framework-module -Wno-trigraphs -Wno-missing-field-initializers -Wno-missing-prototypes -Werror\=return-type -Wdocumentation -Wunreachable-code -Wno-implicit-atomic-properties -Werror\=deprecated-objc-isa-usage -Wno-objc-interface-ivars -Werror\=objc-root-class -Wno-arc-repeated-use-of-weak -Wimplicit-retain-self -Wduplicate-method-match -Wno-missing-braces -Wparentheses -Wswitch -Wunused-function -Wno-unused-label -Wno-unused-parameter -Wunused-variable -Wunused-value -Wempty-body -Wuninitialized -Wconditional-uninitialized -Wno-unknown-pragmas -Wno-shadow -Wno-four-char-constants -Wno-conversion -Wconstant-conversion -Wint-conversion -Wbool-conversion -Wenum-conversion -Wno-float-conversion -Wnon-literal-null-conversion -Wobjc-literal-conversion -Wshorten-64-to-32 -Wpointer-sign -Wno-newline-eof -Wno-selector -Wno-strict-selector-match -Wundeclared-selector -Wdeprecated-implementations -Wno-implicit-fallthrough -isysroot /Applications/Xcode.app/Contents/Developer/Platforms/iPhoneSimulator.platform/Developer/SDKs/iPhoneSimulator27.0.sdk -fstrict-aliasing -Wprotocol -Wdeprecated-declarations -Wno-sign-conversion -Winfinite-recursion -Wcomma -Wblock-capture-autoreleasing -Wstrict-prototypes -Wno-semicolon-before-method-body -Wunguarded-availability -index-store-path /Users/sparkles/Library/Developer/Xcode/DerivedData/Expensio-futtgngxcysvvhcljmosbeftqmyc/Index.noindex/DataStore @/Users/sparkles/Library/Developer/Xcode/DerivedData/Expensio-futtgngxcysvvhcljmosbeftqmyc/Build/Intermediates.noindex/Pods.build/Debug-iphonesimulator/react-native-safe-area-context.build/Objects-normal/x86_64/e6072d4f65d7061329687fe24e3d63a7-common-args.resp -include /Users/sparkles/Documents/CodingFiles/FullStack/expensioApp/frontend/ios/Pods/Target\ Support\ Files/react-native-safe-area-context/react-native-safe-area-context-prefix.pch -MMD -MT dependencies -MF /Users/sparkles/Library/Developer/Xcode/DerivedData/Expensio-futtgngxcysvvhcljmosbeftqmyc/Build/Intermediates.noindex/Pods.build/Debug-iphonesimulator/react-native-safe-area-context.build/Objects-normal/x86_64/react-native-safe-area-context-dummy.d --serialize-diagnostics /Users/sparkles/Library/Developer/Xcode/DerivedData/Expensio-futtgngxcysvvhcljmosbeftqmyc/Build/Intermediates.noindex/Pods.build/Debug-iphonesimulator/react-native-safe-area-context.build/Objects-normal/x86_64/react-native-safe-area-context-dummy.dia -c /Users/sparkles/Documents/CodingFiles/FullStack/expensioApp/frontend/ios/Pods/Target\ Support\ Files/react-native-safe-area-context/react-native-safe-area-context-dummy.m -o /Users/sparkles/Library/Developer/Xcode/DerivedData/Expensio-futtgngxcysvvhcljmosbeftqmyc/Build/Intermediates.noindex/Pods.build/Debug-iphonesimulator/react-native-safe-area-context.build/Objects-normal/x86_64/react-native-safe-area-context-dummy.o -index-unit-output-path /Pods.build/Debug-iphonesimulator/react-native-safe-area-context.build/Objects-normal/x86_64/react-native-safe-area-context-dummy.o

CompileC /Users/sparkles/Library/Developer/Xcode/DerivedData/Expensio-futtgngxcysvvhcljmosbeftqmyc/Build/Intermediates.noindex/Pods.build/Debug-iphonesimulator/ReactCodegen.build/Objects-normal/x86_64/ReactCodegen-dummy.o /Users/sparkles/Documents/CodingFiles/FullStack/expensioApp/frontend/ios/Pods/Target\ Support\ Files/ReactCodegen/ReactCodegen-dummy.m normal x86_64 objective-c com.apple.compilers.llvm.clang.1_0.compiler (in target 'ReactCodegen' from project 'Pods')
    cd /Users/sparkles/Documents/CodingFiles/FullStack/expensioApp/frontend/ios/Pods
    
    Using response file: /Users/sparkles/Library/Developer/Xcode/DerivedData/Expensio-futtgngxcysvvhcljmosbeftqmyc/Build/Intermediates.noindex/Pods.build/Debug-iphonesimulator/ReactCodegen.build/Objects-normal/x86_64/e6072d4f65d7061329687fe24e3d63a7-common-args.resp
    
    /Applications/Xcode.app/Contents/Developer/Toolchains/XcodeDefault.xctoolchain/usr/bin/clang -x objective-c -ivfsstatcache /Users/sparkles/Library/Developer/Xcode/DerivedData/SDKStatCaches.noindex/iphonesimulator27.0-24A430-8dc58220667be655e1bcc261a7455254.sdkstatcache -target x86_64-apple-ios17.0-simulator -fmessage-length\=0 -fdiagnostics-show-note-include-stack -fmacro-backtrace-limit\=0 -fno-color-diagnostics -fmodules-prune-interval\=86400 -fmodules-prune-after\=345600 -fbuild-session-file\=/Users/sparkles/Library/Developer/Xcode/DerivedData/ModuleCache.noindex/Session.modulevalidation -fmodules-validate-once-per-build-session -Wnon-modular-include-in-framework-module -Werror\=non-modular-include-in-framework-module -Wno-trigraphs -Wno-missing-field-initializers -Wno-missing-prototypes -Werror\=return-type -Wdocumentation -Wunreachable-code -Wno-implicit-atomic-properties -Werror\=deprecated-objc-isa-usage -Wno-objc-interface-ivars -Werror\=objc-root-class -Wno-arc-repeated-use-of-weak -Wimplicit-retain-self -Wduplicate-method-match -Wno-missing-braces -Wparentheses -Wswitch -Wunused-function -Wno-unused-label -Wno-unused-parameter -Wunused-variable -Wunused-value -Wempty-body -Wuninitialized -Wconditional-uninitialized -Wno-unknown-pragmas -Wno-shadow -Wno-four-char-constants -Wno-conversion -Wconstant-conversion -Wint-conversion -Wbool-conversion -Wenum-conversion -Wno-float-conversion -Wnon-literal-null-conversion -Wobjc-literal-conversion -Wshorten-64-to-32 -Wpointer-sign -Wno-newline-eof -Wno-selector -Wno-strict-selector-match -Wundeclared-selector -Wdeprecated-implementations -Wno-implicit-fallthrough -isysroot /Applications/Xcode.app/Contents/Developer/Platforms/iPhoneSimulator.platform/Developer/SDKs/iPhoneSimulator27.0.sdk -fstrict-aliasing -Wprotocol -Wdeprecated-declarations -Wno-sign-conversion -Winfinite-recursion -Wcomma -Wblock-capture-autoreleasing -Wstrict-prototypes -Wno-semicolon-before-method-body -Wunguarded-availability -index-store-path /Users/sparkles/Library/Developer/Xcode/DerivedData/Expensio-futtgngxcysvvhcljmosbeftqmyc/Index.noindex/DataStore @/Users/sparkles/Library/Developer/Xcode/DerivedData/Expensio-futtgngxcysvvhcljmosbeftqmyc/Build/Intermediates.noindex/Pods.build/Debug-iphonesimulator/ReactCodegen.build/Objects-normal/x86_64/e6072d4f65d7061329687fe24e3d63a7-common-args.resp -include /Users/sparkles/Documents/CodingFiles/FullStack/expensioApp/frontend/ios/Pods/Target\ Support\ Files/ReactCodegen/ReactCodegen-prefix.pch -MMD -MT dependencies -MF /Users/sparkles/Library/Developer/Xcode/DerivedData/Expensio-futtgngxcysvvhcljmosbeftqmyc/Build/Intermediates.noindex/Pods.build/Debug-iphonesimulator/ReactCodegen.build/Objects-normal/x86_64/ReactCodegen-dummy.d --serialize-diagnostics /Users/sparkles/Library/Developer/Xcode/DerivedData/Expensio-futtgngxcysvvhcljmosbeftqmyc/Build/Intermediates.noindex/Pods.build/Debug-iphonesimulator/ReactCodegen.build/Objects-normal/x86_64/ReactCodegen-dummy.dia -c /Users/sparkles/Documents/CodingFiles/FullStack/expensioApp/frontend/ios/Pods/Target\ Support\ Files/ReactCodegen/ReactCodegen-dummy.m -o /Users/sparkles/Library/Developer/Xcode/DerivedData/Expensio-futtgngxcysvvhcljmosbeftqmyc/Build/Intermediates.noindex/Pods.build/Debug-iphonesimulator/ReactCodegen.build/Objects-normal/x86_64/ReactCodegen-dummy.o -index-unit-output-path /Pods.build/Debug-iphonesimulator/ReactCodegen.build/Objects-normal/x86_64/ReactCodegen-dummy.o

CompileC /Users/sparkles/Library/Developer/Xcode/DerivedData/Expensio-futtgngxcysvvhcljmosbeftqmyc/Build/Intermediates.noindex/Pods.build/Debug-iphonesimulator/ExpoLogBox.build/Objects-normal/x86_64/ExpoLogBox-dummy.o /Users/sparkles/Documents/CodingFiles/FullStack/expensioApp/frontend/ios/Pods/Target\ Support\ Files/ExpoLogBox/ExpoLogBox-dummy.m normal x86_64 objective-c com.apple.compilers.llvm.clang.1_0.compiler (in target 'ExpoLogBox' from project 'Pods')
    cd /Users/sparkles/Documents/CodingFiles/FullStack/expensioApp/frontend/ios/Pods
    
    Using response file: /Users/sparkles/Library/Developer/Xcode/DerivedData/Expensio-futtgngxcysvvhcljmosbeftqmyc/Build/Intermediates.noindex/Pods.build/Debug-iphonesimulator/ExpoLogBox.build/Objects-normal/x86_64/e6072d4f65d7061329687fe24e3d63a7-common-args.resp
    
    /Applications/Xcode.app/Contents/Developer/Toolchains/XcodeDefault.xctoolchain/usr/bin/clang -x objective-c -ivfsstatcache /Users/sparkles/Library/Developer/Xcode/DerivedData/SDKStatCaches.noindex/iphonesimulator27.0-24A430-8dc58220667be655e1bcc261a7455254.sdkstatcache -target x86_64-apple-ios17.0-simulator -fmessage-length\=0 -fdiagnostics-show-note-include-stack -fmacro-backtrace-limit\=0 -fno-color-diagnostics -fmodules-prune-interval\=86400 -fmodules-prune-after\=345600 -fbuild-session-file\=/Users/sparkles/Library/Developer/Xcode/DerivedData/ModuleCache.noindex/Session.modulevalidation -fmodules-validate-once-per-build-session -Wnon-modular-include-in-framework-module -Werror\=non-modular-include-in-framework-module -Wno-trigraphs -Wno-missing-field-initializers -Wno-missing-prototypes -Werror\=return-type -Wdocumentation -Wunreachable-code -Wno-implicit-atomic-properties -Werror\=deprecated-objc-isa-usage -Wno-objc-interface-ivars -Werror\=objc-root-class -Wno-arc-repeated-use-of-weak -Wimplicit-retain-self -Wduplicate-method-match -Wno-missing-braces -Wparentheses -Wswitch -Wunused-function -Wno-unused-label -Wno-unused-parameter -Wunused-variable -Wunused-value -Wempty-body -Wuninitialized -Wconditional-uninitialized -Wno-unknown-pragmas -Wno-shadow -Wno-four-char-constants -Wno-conversion -Wconstant-conversion -Wint-conversion -Wbool-conversion -Wenum-conversion -Wno-float-conversion -Wnon-literal-null-conversion -Wobjc-literal-conversion -Wshorten-64-to-32 -Wpointer-sign -Wno-newline-eof -Wno-selector -Wno-strict-selector-match -Wundeclared-selector -Wdeprecated-implementations -Wno-implicit-fallthrough -isysroot /Applications/Xcode.app/Contents/Developer/Platforms/iPhoneSimulator.platform/Developer/SDKs/iPhoneSimulator27.0.sdk -fstrict-aliasing -Wprotocol -Wdeprecated-declarations -Wno-sign-conversion -Winfinite-recursion -Wcomma -Wblock-capture-autoreleasing -Wstrict-prototypes -Wno-semicolon-before-method-body -Wunguarded-availability -index-store-path /Users/sparkles/Library/Developer/Xcode/DerivedData/Expensio-futtgngxcysvvhcljmosbeftqmyc/Index.noindex/DataStore @/Users/sparkles/Library/Developer/Xcode/DerivedData/Expensio-futtgngxcysvvhcljmosbeftqmyc/Build/Intermediates.noindex/Pods.build/Debug-iphonesimulator/ExpoLogBox.build/Objects-normal/x86_64/e6072d4f65d7061329687fe24e3d63a7-common-args.resp -include /Users/sparkles/Documents/CodingFiles/FullStack/expensioApp/frontend/ios/Pods/Target\ Support\ Files/ExpoLogBox/ExpoLogBox-prefix.pch -MMD -MT dependencies -MF /Users/sparkles/Library/Developer/Xcode/DerivedData/Expensio-futtgngxcysvvhcljmosbeftqmyc/Build/Intermediates.noindex/Pods.build/Debug-iphonesimulator/ExpoLogBox.build/Objects-normal/x86_64/ExpoLogBox-dummy.d --serialize-diagnostics /Users/sparkles/Library/Developer/Xcode/DerivedData/Expensio-futtgngxcysvvhcljmosbeftqmyc/Build/Intermediates.noindex/Pods.build/Debug-iphonesimulator/ExpoLogBox.build/Objects-normal/x86_64/ExpoLogBox-dummy.dia -c /Users/sparkles/Documents/CodingFiles/FullStack/expensioApp/frontend/ios/Pods/Target\ Support\ Files/ExpoLogBox/ExpoLogBox-dummy.m -o /Users/sparkles/Library/Developer/Xcode/DerivedData/Expensio-futtgngxcysvvhcljmosbeftqmyc/Build/Intermediates.noindex/Pods.build/Debug-iphonesimulator/ExpoLogBox.build/Objects-normal/x86_64/ExpoLogBox-dummy.o -index-unit-output-path /Pods.build/Debug-iphonesimulator/ExpoLogBox.build/Objects-normal/x86_64/ExpoLogBox-dummy.o

PrecompileModule /Users/sparkles/Library/Developer/Xcode/DerivedData/Expensio-futtgngxcysvvhcljmosbeftqmyc/Build/Intermediates.noindex/ExplicitPrecompiledModules/_Builtin_stdint-1K8RSKTEFXNFX85RLJRRW6OYP.scan
    cd /
    builtin-precompileModule /Users/sparkles/Library/Developer/Xcode/DerivedData/Expensio-futtgngxcysvvhcljmosbeftqmyc/Build/Intermediates.noindex/ExplicitPrecompiledModules/_Builtin_stdint-1K8RSKTEFXNFX85RLJRRW6OYP.scan

PrecompileModule /Users/sparkles/Library/Developer/Xcode/DerivedData/Expensio-futtgngxcysvvhcljmosbeftqmyc/Build/Intermediates.noindex/ExplicitPrecompiledModules/Security-4CQMHEE5UCH6Y02J8MCD3COBM.scan
    cd /
    builtin-precompileModule /Users/sparkles/Library/Developer/Xcode/DerivedData/Expensio-futtgngxcysvvhcljmosbeftqmyc/Build/Intermediates.noindex/ExplicitPrecompiledModules/Security-4CQMHEE5UCH6Y02J8MCD3COBM.scan

PrecompileModule /Users/sparkles/Library/Developer/Xcode/DerivedData/Expensio-futtgngxcysvvhcljmosbeftqmyc/Build/Intermediates.noindex/ExplicitPrecompiledModules/CoreGraphics-C717JR8E75FEDWI8POXFC5RKI.scan
    cd /
    builtin-precompileModule /Users/sparkles/Library/Developer/Xcode/DerivedData/Expensio-futtgngxcysvvhcljmosbeftqmyc/Build/Intermediates.noindex/ExplicitPrecompiledModules/CoreGraphics-C717JR8E75FEDWI8POXFC5RKI.scan

Libtool /Users/sparkles/Library/Developer/Xcode/DerivedData/Expensio-futtgngxcysvvhcljmosbeftqmyc/Build/Intermediates.noindex/Pods.build/Debug-iphonesimulator/ReactCodegen.build/Objects-normal/x86_64/Binary/libReactCodegen.a normal x86_64 (in target 'ReactCodegen' from project 'Pods')
    cd /Users/sparkles/Documents/CodingFiles/FullStack/expensioApp/frontend/ios/Pods
    /Applications/Xcode.app/Contents/Developer/Toolchains/XcodeDefault.xctoolchain/usr/bin/libtool -static -arch_only x86_64 -D -syslibroot /Applications/Xcode.app/Contents/Developer/Platforms/iPhoneSimulator.platform/Developer/SDKs/iPhoneSimulator27.0.sdk -L/Users/sparkles/Library/Developer/Xcode/DerivedData/Expensio-futtgngxcysvvhcljmosbeftqmyc/Build/Products/Debug-iphonesimulator/ReactCodegen -filelist /Users/sparkles/Library/Developer/Xcode/DerivedData/Expensio-futtgngxcysvvhcljmosbeftqmyc/Build/Intermediates.noindex/Pods.build/Debug-iphonesimulator/ReactCodegen.build/Objects-normal/x86_64/ReactCodegen.LinkFileList -dependency_info /Users/sparkles/Library/Developer/Xcode/DerivedData/Expensio-futtgngxcysvvhcljmosbeftqmyc/Build/Intermediates.noindex/Pods.build/Debug-iphonesimulator/ReactCodegen.build/Objects-normal/x86_64/ReactCodegen_libtool_dependency_info.dat -o /Users/sparkles/Library/Developer/Xcode/DerivedData/Expensio-futtgngxcysvvhcljmosbeftqmyc/Build/Intermediates.noindex/Pods.build/Debug-iphonesimulator/ReactCodegen.build/Objects-normal/x86_64/Binary/libReactCodegen.a
libtool: warning: 'States-5cf51be180c87a71fc8581d295f81820.o' has no symbols
libtool: warning: 'States-62eeb055a41ae30a3af2a50abbabc384.o' has no symbols
libtool: warning: 'States-1622a9a72b00f2fdea4f1030a8018d16.o' has no symbols
libtool: warning: 'States-68925216a545081d5fb8998fe855a677.o' has no symbols

PrecompileModule /Users/sparkles/Library/Developer/Xcode/DerivedData/Expensio-futtgngxcysvvhcljmosbeftqmyc/Build/Intermediates.noindex/ExplicitPrecompiledModules/_DarwinFoundation3-8F3NRPJX7FZHTZARF1GIITQTK.scan
    cd /
    builtin-precompileModule /Users/sparkles/Library/Developer/Xcode/DerivedData/Expensio-futtgngxcysvvhcljmosbeftqmyc/Build/Intermediates.noindex/ExplicitPrecompiledModules/_DarwinFoundation3-8F3NRPJX7FZHTZARF1GIITQTK.scan

Libtool /Users/sparkles/Library/Developer/Xcode/DerivedData/Expensio-futtgngxcysvvhcljmosbeftqmyc/Build/Intermediates.noindex/Pods.build/Debug-iphonesimulator/ExpoLogBox.build/Objects-normal/x86_64/Binary/libExpoLogBox.a normal x86_64 (in target 'ExpoLogBox' from project 'Pods')
    cd /Users/sparkles/Documents/CodingFiles/FullStack/expensioApp/frontend/ios/Pods
    /Applications/Xcode.app/Contents/Developer/Toolchains/XcodeDefault.xctoolchain/usr/bin/libtool -static -arch_only x86_64 -D -syslibroot /Applications/Xcode.app/Contents/Developer/Platforms/iPhoneSimulator.platform/Developer/SDKs/iPhoneSimulator27.0.sdk -L/Users/sparkles/Library/Developer/Xcode/DerivedData/Expensio-futtgngxcysvvhcljmosbeftqmyc/Build/Products/Debug-iphonesimulator/ExpoLogBox -filelist /Users/sparkles/Library/Developer/Xcode/DerivedData/Expensio-futtgngxcysvvhcljmosbeftqmyc/Build/Intermediates.noindex/Pods.build/Debug-iphonesimulator/ExpoLogBox.build/Objects-normal/x86_64/ExpoLogBox.LinkFileList -dependency_info /Users/sparkles/Library/Developer/Xcode/DerivedData/Expensio-futtgngxcysvvhcljmosbeftqmyc/Build/Intermediates.noindex/Pods.build/Debug-iphonesimulator/ExpoLogBox.build/Objects-normal/x86_64/ExpoLogBox_libtool_dependency_info.dat -o /Users/sparkles/Library/Developer/Xcode/DerivedData/Expensio-futtgngxcysvvhcljmosbeftqmyc/Build/Intermediates.noindex/Pods.build/Debug-iphonesimulator/ExpoLogBox.build/Objects-normal/x86_64/Binary/libExpoLogBox.a
libtool: warning: 'ExpoRedBoxSwap.o' has no symbols

PrecompileModule /Users/sparkles/Library/Developer/Xcode/DerivedData/Expensio-futtgngxcysvvhcljmosbeftqmyc/Build/Intermediates.noindex/ExplicitPrecompiledModules/CFNetwork-6BCSBF47KXINVX92HL0NO1X5N.scan
    cd /
    builtin-precompileModule /Users/sparkles/Library/Developer/Xcode/DerivedData/Expensio-futtgngxcysvvhcljmosbeftqmyc/Build/Intermediates.noindex/ExplicitPrecompiledModules/CFNetwork-6BCSBF47KXINVX92HL0NO1X5N.scan

CreateUniversalBinary /Users/sparkles/Library/Developer/Xcode/DerivedData/Expensio-futtgngxcysvvhcljmosbeftqmyc/Build/Products/Debug-iphonesimulator/ExpoLogBox/libExpoLogBox.a normal arm64\ x86_64 (in target 'ExpoLogBox' from project 'Pods')
    cd /Users/sparkles/Documents/CodingFiles/FullStack/expensioApp/frontend/ios/Pods
    /Applications/Xcode.app/Contents/Developer/Toolchains/XcodeDefault.xctoolchain/usr/bin/lipo -create /Users/sparkles/Library/Developer/Xcode/DerivedData/Expensio-futtgngxcysvvhcljmosbeftqmyc/Build/Intermediates.noindex/Pods.build/Debug-iphonesimulator/ExpoLogBox.build/Objects-normal/arm64/Binary/libExpoLogBox.a /Users/sparkles/Library/Developer/Xcode/DerivedData/Expensio-futtgngxcysvvhcljmosbeftqmyc/Build/Intermediates.noindex/Pods.build/Debug-iphonesimulator/ExpoLogBox.build/Objects-normal/x86_64/Binary/libExpoLogBox.a -output /Users/sparkles/Library/Developer/Xcode/DerivedData/Expensio-futtgngxcysvvhcljmosbeftqmyc/Build/Products/Debug-iphonesimulator/ExpoLogBox/libExpoLogBox.a

PrecompileModule /Users/sparkles/Library/Developer/Xcode/DerivedData/Expensio-futtgngxcysvvhcljmosbeftqmyc/Build/Intermediates.noindex/ExplicitPrecompiledModules/CoreText-9UKGXDOJ0YAHU7UGV5DCRRPPC.scan
    cd /
    builtin-precompileModule /Users/sparkles/Library/Developer/Xcode/DerivedData/Expensio-futtgngxcysvvhcljmosbeftqmyc/Build/Intermediates.noindex/ExplicitPrecompiledModules/CoreText-9UKGXDOJ0YAHU7UGV5DCRRPPC.scan

PrecompileModule /Users/sparkles/Library/Developer/Xcode/DerivedData/Expensio-futtgngxcysvvhcljmosbeftqmyc/Build/Intermediates.noindex/ExplicitPrecompiledModules/_Builtin_inttypes-5FNBNHVIAGU2KV04A58N26Y62.scan
    cd /
    builtin-precompileModule /Users/sparkles/Library/Developer/Xcode/DerivedData/Expensio-futtgngxcysvvhcljmosbeftqmyc/Build/Intermediates.noindex/ExplicitPrecompiledModules/_Builtin_inttypes-5FNBNHVIAGU2KV04A58N26Y62.scan

PrecompileModule /Users/sparkles/Library/Developer/Xcode/DerivedData/Expensio-futtgngxcysvvhcljmosbeftqmyc/Build/Intermediates.noindex/ExplicitPrecompiledModules/ImageIO-31HAQVYOV04GBPVC1T1Q3GYRJ.scan
    cd /
    builtin-precompileModule /Users/sparkles/Library/Developer/Xcode/DerivedData/Expensio-futtgngxcysvvhcljmosbeftqmyc/Build/Intermediates.noindex/ExplicitPrecompiledModules/ImageIO-31HAQVYOV04GBPVC1T1Q3GYRJ.scan

PrecompileModule /Users/sparkles/Library/Developer/Xcode/DerivedData/Expensio-futtgngxcysvvhcljmosbeftqmyc/Build/Intermediates.noindex/ExplicitPrecompiledModules/Darwin-LH5180XGAPXBSMJ7HRAOOAQQ.scan
    cd /
    builtin-precompileModule /Users/sparkles/Library/Developer/Xcode/DerivedData/Expensio-futtgngxcysvvhcljmosbeftqmyc/Build/Intermediates.noindex/ExplicitPrecompiledModules/Darwin-LH5180XGAPXBSMJ7HRAOOAQQ.scan

CreateUniversalBinary /Users/sparkles/Library/Developer/Xcode/DerivedData/Expensio-futtgngxcysvvhcljmosbeftqmyc/Build/Products/Debug-iphonesimulator/ReactCodegen/libReactCodegen.a normal arm64\ x86_64 (in target 'ReactCodegen' from project 'Pods')
    cd /Users/sparkles/Documents/CodingFiles/FullStack/expensioApp/frontend/ios/Pods
    /Applications/Xcode.app/Contents/Developer/Toolchains/XcodeDefault.xctoolchain/usr/bin/lipo -create /Users/sparkles/Library/Developer/Xcode/DerivedData/Expensio-futtgngxcysvvhcljmosbeftqmyc/Build/Intermediates.noindex/Pods.build/Debug-iphonesimulator/ReactCodegen.build/Objects-normal/arm64/Binary/libReactCodegen.a /Users/sparkles/Library/Developer/Xcode/DerivedData/Expensio-futtgngxcysvvhcljmosbeftqmyc/Build/Intermediates.noindex/Pods.build/Debug-iphonesimulator/ReactCodegen.build/Objects-normal/x86_64/Binary/libReactCodegen.a -output /Users/sparkles/Library/Developer/Xcode/DerivedData/Expensio-futtgngxcysvvhcljmosbeftqmyc/Build/Products/Debug-iphonesimulator/ReactCodegen/libReactCodegen.a

ScanDependencies /Users/sparkles/Library/Developer/Xcode/DerivedData/Expensio-futtgngxcysvvhcljmosbeftqmyc/Build/Intermediates.noindex/Pods.build/Debug-iphonesimulator/react-native-safe-area-context.build/Objects-normal/arm64/RNCSafeAreaViewEdgeMode.o /Users/sparkles/Documents/CodingFiles/FullStack/expensioApp/frontend/node_modules/react-native-safe-area-context/ios/RNCSafeAreaViewEdgeMode.m normal arm64 objective-c com.apple.compilers.llvm.clang.1_0.compiler (in target 'react-native-safe-area-context' from project 'Pods')
    cd /Users/sparkles/Documents/CodingFiles/FullStack/expensioApp/frontend/ios/Pods
    
    Using response file: /Users/sparkles/Library/Developer/Xcode/DerivedData/Expensio-futtgngxcysvvhcljmosbeftqmyc/Build/Intermediates.noindex/Pods.build/Debug-iphonesimulator/react-native-safe-area-context.build/Objects-normal/arm64/e6072d4f65d7061329687fe24e3d63a7-common-args.resp
    
    builtin-ScanDependencies -o /Users/sparkles/Library/Developer/Xcode/DerivedData/Expensio-futtgngxcysvvhcljmosbeftqmyc/Build/Intermediates.noindex/Pods.build/Debug-iphonesimulator/react-native-safe-area-context.build/Objects-normal/arm64/RNCSafeAreaViewEdgeMode.o.scan -- /Applications/Xcode.app/Contents/Developer/Toolchains/XcodeDefault.xctoolchain/usr/bin/clang -x objective-c -ivfsstatcache /Users/sparkles/Library/Developer/Xcode/DerivedData/SDKStatCaches.noindex/iphonesimulator27.0-24A430-8dc58220667be655e1bcc261a7455254.sdkstatcache -target arm64-apple-ios17.0-simulator -fmessage-length\=0 -fdiagnostics-show-note-include-stack -fmacro-backtrace-limit\=0 -fno-color-diagnostics -fmodules-prune-interval\=86400 -fmodules-prune-after\=345600 -fbuild-session-file\=/Users/sparkles/Library/Developer/Xcode/DerivedData/ModuleCache.noindex/Session.modulevalidation -fmodules-validate-once-per-build-session -Wnon-modular-include-in-framework-module -Werror\=non-modular-include-in-framework-module -Wno-trigraphs -Wno-missing-field-initializers -Wno-missing-prototypes -Werror\=return-type -Wdocumentation -Wunreachable-code -Wno-implicit-atomic-properties -Werror\=deprecated-objc-isa-usage -Wno-objc-interface-ivars -Werror\=objc-root-class -Wno-arc-repeated-use-of-weak -Wimplicit-retain-self -Wduplicate-method-match -Wno-missing-braces -Wparentheses -Wswitch -Wunused-function -Wno-unused-label -Wno-unused-parameter -Wunused-variable -Wunused-value -Wempty-body -Wuninitialized -Wconditional-uninitialized -Wno-unknown-pragmas -Wno-shadow -Wno-four-char-constants -Wno-conversion -Wconstant-conversion -Wint-conversion -Wbool-conversion -Wenum-conversion -Wno-float-conversion -Wnon-literal-null-conversion -Wobjc-literal-conversion -Wshorten-64-to-32 -Wpointer-sign -Wno-newline-eof -Wno-selector -Wno-strict-selector-match -Wundeclared-selector -Wdeprecated-implementations -Wno-implicit-fallthrough -isysroot /Applications/Xcode.app/Contents/Developer/Platforms/iPhoneSimulator.platform/Developer/SDKs/iPhoneSimulator27.0.sdk -fstrict-aliasing -Wprotocol -Wdeprecated-declarations -Wno-sign-conversion -Winfinite-recursion -Wcomma -Wblock-capture-autoreleasing -Wstrict-prototypes -Wno-semicolon-before-method-body -Wunguarded-availability -index-store-path /Users/sparkles/Library/Developer/Xcode/DerivedData/Expensio-futtgngxcysvvhcljmosbeftqmyc/Index.noindex/DataStore @/Users/sparkles/Library/Developer/Xcode/DerivedData/Expensio-futtgngxcysvvhcljmosbeftqmyc/Build/Intermediates.noindex/Pods.build/Debug-iphonesimulator/react-native-safe-area-context.build/Objects-normal/arm64/e6072d4f65d7061329687fe24e3d63a7-common-args.resp -DRCT_NEW_ARCH_ENABLED\=1 -include /Users/sparkles/Documents/CodingFiles/FullStack/expensioApp/frontend/ios/Pods/Target\ Support\ Files/react-native-safe-area-context/react-native-safe-area-context-prefix.pch -MMD -MT dependencies -MF /Users/sparkles/Library/Developer/Xcode/DerivedData/Expensio-futtgngxcysvvhcljmosbeftqmyc/Build/Intermediates.noindex/Pods.build/Debug-iphonesimulator/react-native-safe-area-context.build/Objects-normal/arm64/RNCSafeAreaViewEdgeMode.d --serialize-diagnostics /Users/sparkles/Library/Developer/Xcode/DerivedData/Expensio-futtgngxcysvvhcljmosbeftqmyc/Build/Intermediates.noindex/Pods.build/Debug-iphonesimulator/react-native-safe-area-context.build/Objects-normal/arm64/RNCSafeAreaViewEdgeMode.dia -c /Users/sparkles/Documents/CodingFiles/FullStack/expensioApp/frontend/node_modules/react-native-safe-area-context/ios/RNCSafeAreaViewEdgeMode.m -o /Users/sparkles/Library/Developer/Xcode/DerivedData/Expensio-futtgngxcysvvhcljmosbeftqmyc/Build/Intermediates.noindex/Pods.build/Debug-iphonesimulator/react-native-safe-area-context.build/Objects-normal/arm64/RNCSafeAreaViewEdgeMode.o -index-unit-output-path /Pods.build/Debug-iphonesimulator/react-native-safe-area-context.build/Objects-normal/arm64/RNCSafeAreaViewEdgeMode.o

PrecompileModule /Users/sparkles/Library/Developer/Xcode/DerivedData/Expensio-futtgngxcysvvhcljmosbeftqmyc/Build/Intermediates.noindex/ExplicitPrecompiledModules/Foundation-9TF9CDHM4IQAKL9277PKYPQ7W.scan
    cd /
    builtin-precompileModule /Users/sparkles/Library/Developer/Xcode/DerivedData/Expensio-futtgngxcysvvhcljmosbeftqmyc/Build/Intermediates.noindex/ExplicitPrecompiledModules/Foundation-9TF9CDHM4IQAKL9277PKYPQ7W.scan

ScanDependencies /Users/sparkles/Library/Developer/Xcode/DerivedData/Expensio-futtgngxcysvvhcljmosbeftqmyc/Build/Intermediates.noindex/Pods.build/Debug-iphonesimulator/react-native-safe-area-context.build/Objects-normal/arm64/RNCSafeAreaView.o /Users/sparkles/Documents/CodingFiles/FullStack/expensioApp/frontend/node_modules/react-native-safe-area-context/ios/RNCSafeAreaView.m normal arm64 objective-c com.apple.compilers.llvm.clang.1_0.compiler (in target 'react-native-safe-area-context' from project 'Pods')
    cd /Users/sparkles/Documents/CodingFiles/FullStack/expensioApp/frontend/ios/Pods
    
    Using response file: /Users/sparkles/Library/Developer/Xcode/DerivedData/Expensio-futtgngxcysvvhcljmosbeftqmyc/Build/Intermediates.noindex/Pods.build/Debug-iphonesimulator/react-native-safe-area-context.build/Objects-normal/arm64/e6072d4f65d7061329687fe24e3d63a7-common-args.resp
    
    builtin-ScanDependencies -o /Users/sparkles/Library/Developer/Xcode/DerivedData/Expensio-futtgngxcysvvhcljmosbeftqmyc/Build/Intermediates.noindex/Pods.build/Debug-iphonesimulator/react-native-safe-area-context.build/Objects-normal/arm64/RNCSafeAreaView.o.scan -- /Applications/Xcode.app/Contents/Developer/Toolchains/XcodeDefault.xctoolchain/usr/bin/clang -x objective-c -ivfsstatcache /Users/sparkles/Library/Developer/Xcode/DerivedData/SDKStatCaches.noindex/iphonesimulator27.0-24A430-8dc58220667be655e1bcc261a7455254.sdkstatcache -target arm64-apple-ios17.0-simulator -fmessage-length\=0 -fdiagnostics-show-note-include-stack -fmacro-backtrace-limit\=0 -fno-color-diagnostics -fmodules-prune-interval\=86400 -fmodules-prune-after\=345600 -fbuild-session-file\=/Users/sparkles/Library/Developer/Xcode/DerivedData/ModuleCache.noindex/Session.modulevalidation -fmodules-validate-once-per-build-session -Wnon-modular-include-in-framework-module -Werror\=non-modular-include-in-framework-module -Wno-trigraphs -Wno-missing-field-initializers -Wno-missing-prototypes -Werror\=return-type -Wdocumentation -Wunreachable-code -Wno-implicit-atomic-properties -Werror\=deprecated-objc-isa-usage -Wno-objc-interface-ivars -Werror\=objc-root-class -Wno-arc-repeated-use-of-weak -Wimplicit-retain-self -Wduplicate-method-match -Wno-missing-braces -Wparentheses -Wswitch -Wunused-function -Wno-unused-label -Wno-unused-parameter -Wunused-variable -Wunused-value -Wempty-body -Wuninitialized -Wconditional-uninitialized -Wno-unknown-pragmas -Wno-shadow -Wno-four-char-constants -Wno-conversion -Wconstant-conversion -Wint-conversion -Wbool-conversion -Wenum-conversion -Wno-float-conversion -Wnon-literal-null-conversion -Wobjc-literal-conversion -Wshorten-64-to-32 -Wpointer-sign -Wno-newline-eof -Wno-selector -Wno-strict-selector-match -Wundeclared-selector -Wdeprecated-implementations -Wno-implicit-fallthrough -isysroot /Applications/Xcode.app/Contents/Developer/Platforms/iPhoneSimulator.platform/Developer/SDKs/iPhoneSimulator27.0.sdk -fstrict-aliasing -Wprotocol -Wdeprecated-declarations -Wno-sign-conversion -Winfinite-recursion -Wcomma -Wblock-capture-autoreleasing -Wstrict-prototypes -Wno-semicolon-before-method-body -Wunguarded-availability -index-store-path /Users/sparkles/Library/Developer/Xcode/DerivedData/Expensio-futtgngxcysvvhcljmosbeftqmyc/Index.noindex/DataStore @/Users/sparkles/Library/Developer/Xcode/DerivedData/Expensio-futtgngxcysvvhcljmosbeftqmyc/Build/Intermediates.noindex/Pods.build/Debug-iphonesimulator/react-native-safe-area-context.build/Objects-normal/arm64/e6072d4f65d7061329687fe24e3d63a7-common-args.resp -DRCT_NEW_ARCH_ENABLED\=1 -include /Users/sparkles/Documents/CodingFiles/FullStack/expensioApp/frontend/ios/Pods/Target\ Support\ Files/react-native-safe-area-context/react-native-safe-area-context-prefix.pch -MMD -MT dependencies -MF /Users/sparkles/Library/Developer/Xcode/DerivedData/Expensio-futtgngxcysvvhcljmosbeftqmyc/Build/Intermediates.noindex/Pods.build/Debug-iphonesimulator/react-native-safe-area-context.build/Objects-normal/arm64/RNCSafeAreaView.d --serialize-diagnostics /Users/sparkles/Library/Developer/Xcode/DerivedData/Expensio-futtgngxcysvvhcljmosbeftqmyc/Build/Intermediates.noindex/Pods.build/Debug-iphonesimulator/react-native-safe-area-context.build/Objects-normal/arm64/RNCSafeAreaView.dia -c /Users/sparkles/Documents/CodingFiles/FullStack/expensioApp/frontend/node_modules/react-native-safe-area-context/ios/RNCSafeAreaView.m -o /Users/sparkles/Library/Developer/Xcode/DerivedData/Expensio-futtgngxcysvvhcljmosbeftqmyc/Build/Intermediates.noindex/Pods.build/Debug-iphonesimulator/react-native-safe-area-context.build/Objects-normal/arm64/RNCSafeAreaView.o -index-unit-output-path /Pods.build/Debug-iphonesimulator/react-native-safe-area-context.build/Objects-normal/arm64/RNCSafeAreaView.o

ScanDependencies /Users/sparkles/Library/Developer/Xcode/DerivedData/Expensio-futtgngxcysvvhcljmosbeftqmyc/Build/Intermediates.noindex/Pods.build/Debug-iphonesimulator/react-native-safe-area-context.build/Objects-normal/arm64/RNCSafeAreaUtils.o /Users/sparkles/Documents/CodingFiles/FullStack/expensioApp/frontend/node_modules/react-native-safe-area-context/ios/RNCSafeAreaUtils.m normal arm64 objective-c com.apple.compilers.llvm.clang.1_0.compiler (in target 'react-native-safe-area-context' from project 'Pods')
    cd /Users/sparkles/Documents/CodingFiles/FullStack/expensioApp/frontend/ios/Pods
    
    Using response file: /Users/sparkles/Library/Developer/Xcode/DerivedData/Expensio-futtgngxcysvvhcljmosbeftqmyc/Build/Intermediates.noindex/Pods.build/Debug-iphonesimulator/react-native-safe-area-context.build/Objects-normal/arm64/e6072d4f65d7061329687fe24e3d63a7-common-args.resp
    
    builtin-ScanDependencies -o /Users/sparkles/Library/Developer/Xcode/DerivedData/Expensio-futtgngxcysvvhcljmosbeftqmyc/Build/Intermediates.noindex/Pods.build/Debug-iphonesimulator/react-native-safe-area-context.build/Objects-normal/arm64/RNCSafeAreaUtils.o.scan -- /Applications/Xcode.app/Contents/Developer/Toolchains/XcodeDefault.xctoolchain/usr/bin/clang -x objective-c -ivfsstatcache /Users/sparkles/Library/Developer/Xcode/DerivedData/SDKStatCaches.noindex/iphonesimulator27.0-24A430-8dc58220667be655e1bcc261a7455254.sdkstatcache -target arm64-apple-ios17.0-simulator -fmessage-length\=0 -fdiagnostics-show-note-include-stack -fmacro-backtrace-limit\=0 -fno-color-diagnostics -fmodules-prune-interval\=86400 -fmodules-prune-after\=345600 -fbuild-session-file\=/Users/sparkles/Library/Developer/Xcode/DerivedData/ModuleCache.noindex/Session.modulevalidation -fmodules-validate-once-per-build-session -Wnon-modular-include-in-framework-module -Werror\=non-modular-include-in-framework-module -Wno-trigraphs -Wno-missing-field-initializers -Wno-missing-prototypes -Werror\=return-type -Wdocumentation -Wunreachable-code -Wno-implicit-atomic-properties -Werror\=deprecated-objc-isa-usage -Wno-objc-interface-ivars -Werror\=objc-root-class -Wno-arc-repeated-use-of-weak -Wimplicit-retain-self -Wduplicate-method-match -Wno-missing-braces -Wparentheses -Wswitch -Wunused-function -Wno-unused-label -Wno-unused-parameter -Wunused-variable -Wunused-value -Wempty-body -Wuninitialized -Wconditional-uninitialized -Wno-unknown-pragmas -Wno-shadow -Wno-four-char-constants -Wno-conversion -Wconstant-conversion -Wint-conversion -Wbool-conversion -Wenum-conversion -Wno-float-conversion -Wnon-literal-null-conversion -Wobjc-literal-conversion -Wshorten-64-to-32 -Wpointer-sign -Wno-newline-eof -Wno-selector -Wno-strict-selector-match -Wundeclared-selector -Wdeprecated-implementations -Wno-implicit-fallthrough -isysroot /Applications/Xcode.app/Contents/Developer/Platforms/iPhoneSimulator.platform/Developer/SDKs/iPhoneSimulator27.0.sdk -fstrict-aliasing -Wprotocol -Wdeprecated-declarations -Wno-sign-conversion -Winfinite-recursion -Wcomma -Wblock-capture-autoreleasing -Wstrict-prototypes -Wno-semicolon-before-method-body -Wunguarded-availability -index-store-path /Users/sparkles/Library/Developer/Xcode/DerivedData/Expensio-futtgngxcysvvhcljmosbeftqmyc/Index.noindex/DataStore @/Users/sparkles/Library/Developer/Xcode/DerivedData/Expensio-futtgngxcysvvhcljmosbeftqmyc/Build/Intermediates.noindex/Pods.build/Debug-iphonesimulator/react-native-safe-area-context.build/Objects-normal/arm64/e6072d4f65d7061329687fe24e3d63a7-common-args.resp -DRCT_NEW_ARCH_ENABLED\=1 -include /Users/sparkles/Documents/CodingFiles/FullStack/expensioApp/frontend/ios/Pods/Target\ Support\ Files/react-native-safe-area-context/react-native-safe-area-context-prefix.pch -MMD -MT dependencies -MF /Users/sparkles/Library/Developer/Xcode/DerivedData/Expensio-futtgngxcysvvhcljmosbeftqmyc/Build/Intermediates.noindex/Pods.build/Debug-iphonesimulator/react-native-safe-area-context.build/Objects-normal/arm64/RNCSafeAreaUtils.d --serialize-diagnostics /Users/sparkles/Library/Developer/Xcode/DerivedData/Expensio-futtgngxcysvvhcljmosbeftqmyc/Build/Intermediates.noindex/Pods.build/Debug-iphonesimulator/react-native-safe-area-context.build/Objects-normal/arm64/RNCSafeAreaUtils.dia -c /Users/sparkles/Documents/CodingFiles/FullStack/expensioApp/frontend/node_modules/react-native-safe-area-context/ios/RNCSafeAreaUtils.m -o /Users/sparkles/Library/Developer/Xcode/DerivedData/Expensio-futtgngxcysvvhcljmosbeftqmyc/Build/Intermediates.noindex/Pods.build/Debug-iphonesimulator/react-native-safe-area-context.build/Objects-normal/arm64/RNCSafeAreaUtils.o -index-unit-output-path /Pods.build/Debug-iphonesimulator/react-native-safe-area-context.build/Objects-normal/arm64/RNCSafeAreaUtils.o

ScanDependencies /Users/sparkles/Library/Developer/Xcode/DerivedData/Expensio-futtgngxcysvvhcljmosbeftqmyc/Build/Intermediates.noindex/Pods.build/Debug-iphonesimulator/react-native-safe-area-context.build/Objects-normal/arm64/RNCSafeAreaShadowView.o /Users/sparkles/Documents/CodingFiles/FullStack/expensioApp/frontend/node_modules/react-native-safe-area-context/ios/RNCSafeAreaShadowView.m normal arm64 objective-c com.apple.compilers.llvm.clang.1_0.compiler (in target 'react-native-safe-area-context' from project 'Pods')
    cd /Users/sparkles/Documents/CodingFiles/FullStack/expensioApp/frontend/ios/Pods
    
    Using response file: /Users/sparkles/Library/Developer/Xcode/DerivedData/Expensio-futtgngxcysvvhcljmosbeftqmyc/Build/Intermediates.noindex/Pods.build/Debug-iphonesimulator/react-native-safe-area-context.build/Objects-normal/arm64/e6072d4f65d7061329687fe24e3d63a7-common-args.resp
    
    builtin-ScanDependencies -o /Users/sparkles/Library/Developer/Xcode/DerivedData/Expensio-futtgngxcysvvhcljmosbeftqmyc/Build/Intermediates.noindex/Pods.build/Debug-iphonesimulator/react-native-safe-area-context.build/Objects-normal/arm64/RNCSafeAreaShadowView.o.scan -- /Applications/Xcode.app/Contents/Developer/Toolchains/XcodeDefault.xctoolchain/usr/bin/clang -x objective-c -ivfsstatcache /Users/sparkles/Library/Developer/Xcode/DerivedData/SDKStatCaches.noindex/iphonesimulator27.0-24A430-8dc58220667be655e1bcc261a7455254.sdkstatcache -target arm64-apple-ios17.0-simulator -fmessage-length\=0 -fdiagnostics-show-note-include-stack -fmacro-backtrace-limit\=0 -fno-color-diagnostics -fmodules-prune-interval\=86400 -fmodules-prune-after\=345600 -fbuild-session-file\=/Users/sparkles/Library/Developer/Xcode/DerivedData/ModuleCache.noindex/Session.modulevalidation -fmodules-validate-once-per-build-session -Wnon-modular-include-in-framework-module -Werror\=non-modular-include-in-framework-module -Wno-trigraphs -Wno-missing-field-initializers -Wno-missing-prototypes -Werror\=return-type -Wdocumentation -Wunreachable-code -Wno-implicit-atomic-properties -Werror\=deprecated-objc-isa-usage -Wno-objc-interface-ivars -Werror\=objc-root-class -Wno-arc-repeated-use-of-weak -Wimplicit-retain-self -Wduplicate-method-match -Wno-missing-braces -Wparentheses -Wswitch -Wunused-function -Wno-unused-label -Wno-unused-parameter -Wunused-variable -Wunused-value -Wempty-body -Wuninitialized -Wconditional-uninitialized -Wno-unknown-pragmas -Wno-shadow -Wno-four-char-constants -Wno-conversion -Wconstant-conversion -Wint-conversion -Wbool-conversion -Wenum-conversion -Wno-float-conversion -Wnon-literal-null-conversion -Wobjc-literal-conversion -Wshorten-64-to-32 -Wpointer-sign -Wno-newline-eof -Wno-selector -Wno-strict-selector-match -Wundeclared-selector -Wdeprecated-implementations -Wno-implicit-fallthrough -isysroot /Applications/Xcode.app/Contents/Developer/Platforms/iPhoneSimulator.platform/Developer/SDKs/iPhoneSimulator27.0.sdk -fstrict-aliasing -Wprotocol -Wdeprecated-declarations -Wno-sign-conversion -Winfinite-recursion -Wcomma -Wblock-capture-autoreleasing -Wstrict-prototypes -Wno-semicolon-before-method-body -Wunguarded-availability -index-store-path /Users/sparkles/Library/Developer/Xcode/DerivedData/Expensio-futtgngxcysvvhcljmosbeftqmyc/Index.noindex/DataStore @/Users/sparkles/Library/Developer/Xcode/DerivedData/Expensio-futtgngxcysvvhcljmosbeftqmyc/Build/Intermediates.noindex/Pods.build/Debug-iphonesimulator/react-native-safe-area-context.build/Objects-normal/arm64/e6072d4f65d7061329687fe24e3d63a7-common-args.resp -DRCT_NEW_ARCH_ENABLED\=1 -include /Users/sparkles/Documents/CodingFiles/FullStack/expensioApp/frontend/ios/Pods/Target\ Support\ Files/react-native-safe-area-context/react-native-safe-area-context-prefix.pch -MMD -MT dependencies -MF /Users/sparkles/Library/Developer/Xcode/DerivedData/Expensio-futtgngxcysvvhcljmosbeftqmyc/Build/Intermediates.noindex/Pods.build/Debug-iphonesimulator/react-native-safe-area-context.build/Objects-normal/arm64/RNCSafeAreaShadowView.d --serialize-diagnostics /Users/sparkles/Library/Developer/Xcode/DerivedData/Expensio-futtgngxcysvvhcljmosbeftqmyc/Build/Intermediates.noindex/Pods.build/Debug-iphonesimulator/react-native-safe-area-context.build/Objects-normal/arm64/RNCSafeAreaShadowView.dia -c /Users/sparkles/Documents/CodingFiles/FullStack/expensioApp/frontend/node_modules/react-native-safe-area-context/ios/RNCSafeAreaShadowView.m -o /Users/sparkles/Library/Developer/Xcode/DerivedData/Expensio-futtgngxcysvvhcljmosbeftqmyc/Build/Intermediates.noindex/Pods.build/Debug-iphonesimulator/react-native-safe-area-context.build/Objects-normal/arm64/RNCSafeAreaShadowView.o -index-unit-output-path /Pods.build/Debug-iphonesimulator/react-native-safe-area-context.build/Objects-normal/arm64/RNCSafeAreaShadowView.o

ScanDependencies /Users/sparkles/Library/Developer/Xcode/DerivedData/Expensio-futtgngxcysvvhcljmosbeftqmyc/Build/Intermediates.noindex/Pods.build/Debug-iphonesimulator/react-native-safe-area-context.build/Objects-normal/arm64/RNCSafeAreaProviderManager.o /Users/sparkles/Documents/CodingFiles/FullStack/expensioApp/frontend/node_modules/react-native-safe-area-context/ios/RNCSafeAreaProviderManager.m normal arm64 objective-c com.apple.compilers.llvm.clang.1_0.compiler (in target 'react-native-safe-area-context' from project 'Pods')
    cd /Users/sparkles/Documents/CodingFiles/FullStack/expensioApp/frontend/ios/Pods
    
    Using response file: /Users/sparkles/Library/Developer/Xcode/DerivedData/Expensio-futtgngxcysvvhcljmosbeftqmyc/Build/Intermediates.noindex/Pods.build/Debug-iphonesimulator/react-native-safe-area-context.build/Objects-normal/arm64/e6072d4f65d7061329687fe24e3d63a7-common-args.resp
    
    builtin-ScanDependencies -o /Users/sparkles/Library/Developer/Xcode/DerivedData/Expensio-futtgngxcysvvhcljmosbeftqmyc/Build/Intermediates.noindex/Pods.build/Debug-iphonesimulator/react-native-safe-area-context.build/Objects-normal/arm64/RNCSafeAreaProviderManager.o.scan -- /Applications/Xcode.app/Contents/Developer/Toolchains/XcodeDefault.xctoolchain/usr/bin/clang -x objective-c -ivfsstatcache /Users/sparkles/Library/Developer/Xcode/DerivedData/SDKStatCaches.noindex/iphonesimulator27.0-24A430-8dc58220667be655e1bcc261a7455254.sdkstatcache -target arm64-apple-ios17.0-simulator -fmessage-length\=0 -fdiagnostics-show-note-include-stack -fmacro-backtrace-limit\=0 -fno-color-diagnostics -fmodules-prune-interval\=86400 -fmodules-prune-after\=345600 -fbuild-session-file\=/Users/sparkles/Library/Developer/Xcode/DerivedData/ModuleCache.noindex/Session.modulevalidation -fmodules-validate-once-per-build-session -Wnon-modular-include-in-framework-module -Werror\=non-modular-include-in-framework-module -Wno-trigraphs -Wno-missing-field-initializers -Wno-missing-prototypes -Werror\=return-type -Wdocumentation -Wunreachable-code -Wno-implicit-atomic-properties -Werror\=deprecated-objc-isa-usage -Wno-objc-interface-ivars -Werror\=objc-root-class -Wno-arc-repeated-use-of-weak -Wimplicit-retain-self -Wduplicate-method-match -Wno-missing-braces -Wparentheses -Wswitch -Wunused-function -Wno-unused-label -Wno-unused-parameter -Wunused-variable -Wunused-value -Wempty-body -Wuninitialized -Wconditional-uninitialized -Wno-unknown-pragmas -Wno-shadow -Wno-four-char-constants -Wno-conversion -Wconstant-conversion -Wint-conversion -Wbool-conversion -Wenum-conversion -Wno-float-conversion -Wnon-literal-null-conversion -Wobjc-literal-conversion -Wshorten-64-to-32 -Wpointer-sign -Wno-newline-eof -Wno-selector -Wno-strict-selector-match -Wundeclared-selector -Wdeprecated-implementations -Wno-implicit-fallthrough -isysroot /Applications/Xcode.app/Contents/Developer/Platforms/iPhoneSimulator.platform/Developer/SDKs/iPhoneSimulator27.0.sdk -fstrict-aliasing -Wprotocol -Wdeprecated-declarations -Wno-sign-conversion -Winfinite-recursion -Wcomma -Wblock-capture-autoreleasing -Wstrict-prototypes -Wno-semicolon-before-method-body -Wunguarded-availability -index-store-path /Users/sparkles/Library/Developer/Xcode/DerivedData/Expensio-futtgngxcysvvhcljmosbeftqmyc/Index.noindex/DataStore @/Users/sparkles/Library/Developer/Xcode/DerivedData/Expensio-futtgngxcysvvhcljmosbeftqmyc/Build/Intermediates.noindex/Pods.build/Debug-iphonesimulator/react-native-safe-area-context.build/Objects-normal/arm64/e6072d4f65d7061329687fe24e3d63a7-common-args.resp -DRCT_NEW_ARCH_ENABLED\=1 -include /Users/sparkles/Documents/CodingFiles/FullStack/expensioApp/frontend/ios/Pods/Target\ Support\ Files/react-native-safe-area-context/react-native-safe-area-context-prefix.pch -MMD -MT dependencies -MF /Users/sparkles/Library/Developer/Xcode/DerivedData/Expensio-futtgngxcysvvhcljmosbeftqmyc/Build/Intermediates.noindex/Pods.build/Debug-iphonesimulator/react-native-safe-area-context.build/Objects-normal/arm64/RNCSafeAreaProviderManager.d --serialize-diagnostics /Users/sparkles/Library/Developer/Xcode/DerivedData/Expensio-futtgngxcysvvhcljmosbeftqmyc/Build/Intermediates.noindex/Pods.build/Debug-iphonesimulator/react-native-safe-area-context.build/Objects-normal/arm64/RNCSafeAreaProviderManager.dia -c /Users/sparkles/Documents/CodingFiles/FullStack/expensioApp/frontend/node_modules/react-native-safe-area-context/ios/RNCSafeAreaProviderManager.m -o /Users/sparkles/Library/Developer/Xcode/DerivedData/Expensio-futtgngxcysvvhcljmosbeftqmyc/Build/Intermediates.noindex/Pods.build/Debug-iphonesimulator/react-native-safe-area-context.build/Objects-normal/arm64/RNCSafeAreaProviderManager.o -index-unit-output-path /Pods.build/Debug-iphonesimulator/react-native-safe-area-context.build/Objects-normal/arm64/RNCSafeAreaProviderManager.o

ScanDependencies /Users/sparkles/Library/Developer/Xcode/DerivedData/Expensio-futtgngxcysvvhcljmosbeftqmyc/Build/Intermediates.noindex/Pods.build/Debug-iphonesimulator/react-native-safe-area-context.build/Objects-normal/arm64/RNCSafeAreaProvider.o /Users/sparkles/Documents/CodingFiles/FullStack/expensioApp/frontend/node_modules/react-native-safe-area-context/ios/RNCSafeAreaProvider.m normal arm64 objective-c com.apple.compilers.llvm.clang.1_0.compiler (in target 'react-native-safe-area-context' from project 'Pods')
    cd /Users/sparkles/Documents/CodingFiles/FullStack/expensioApp/frontend/ios/Pods
    
    Using response file: /Users/sparkles/Library/Developer/Xcode/DerivedData/Expensio-futtgngxcysvvhcljmosbeftqmyc/Build/Intermediates.noindex/Pods.build/Debug-iphonesimulator/react-native-safe-area-context.build/Objects-normal/arm64/e6072d4f65d7061329687fe24e3d63a7-common-args.resp
    
    builtin-ScanDependencies -o /Users/sparkles/Library/Developer/Xcode/DerivedData/Expensio-futtgngxcysvvhcljmosbeftqmyc/Build/Intermediates.noindex/Pods.build/Debug-iphonesimulator/react-native-safe-area-context.build/Objects-normal/arm64/RNCSafeAreaProvider.o.scan -- /Applications/Xcode.app/Contents/Developer/Toolchains/XcodeDefault.xctoolchain/usr/bin/clang -x objective-c -ivfsstatcache /Users/sparkles/Library/Developer/Xcode/DerivedData/SDKStatCaches.noindex/iphonesimulator27.0-24A430-8dc58220667be655e1bcc261a7455254.sdkstatcache -target arm64-apple-ios17.0-simulator -fmessage-length\=0 -fdiagnostics-show-note-include-stack -fmacro-backtrace-limit\=0 -fno-color-diagnostics -fmodules-prune-interval\=86400 -fmodules-prune-after\=345600 -fbuild-session-file\=/Users/sparkles/Library/Developer/Xcode/DerivedData/ModuleCache.noindex/Session.modulevalidation -fmodules-validate-once-per-build-session -Wnon-modular-include-in-framework-module -Werror\=non-modular-include-in-framework-module -Wno-trigraphs -Wno-missing-field-initializers -Wno-missing-prototypes -Werror\=return-type -Wdocumentation -Wunreachable-code -Wno-implicit-atomic-properties -Werror\=deprecated-objc-isa-usage -Wno-objc-interface-ivars -Werror\=objc-root-class -Wno-arc-repeated-use-of-weak -Wimplicit-retain-self -Wduplicate-method-match -Wno-missing-braces -Wparentheses -Wswitch -Wunused-function -Wno-unused-label -Wno-unused-parameter -Wunused-variable -Wunused-value -Wempty-body -Wuninitialized -Wconditional-uninitialized -Wno-unknown-pragmas -Wno-shadow -Wno-four-char-constants -Wno-conversion -Wconstant-conversion -Wint-conversion -Wbool-conversion -Wenum-conversion -Wno-float-conversion -Wnon-literal-null-conversion -Wobjc-literal-conversion -Wshorten-64-to-32 -Wpointer-sign -Wno-newline-eof -Wno-selector -Wno-strict-selector-match -Wundeclared-selector -Wdeprecated-implementations -Wno-implicit-fallthrough -isysroot /Applications/Xcode.app/Contents/Developer/Platforms/iPhoneSimulator.platform/Developer/SDKs/iPhoneSimulator27.0.sdk -fstrict-aliasing -Wprotocol -Wdeprecated-declarations -Wno-sign-conversion -Winfinite-recursion -Wcomma -Wblock-capture-autoreleasing -Wstrict-prototypes -Wno-semicolon-before-method-body -Wunguarded-availability -index-store-path /Users/sparkles/Library/Developer/Xcode/DerivedData/Expensio-futtgngxcysvvhcljmosbeftqmyc/Index.noindex/DataStore @/Users/sparkles/Library/Developer/Xcode/DerivedData/Expensio-futtgngxcysvvhcljmosbeftqmyc/Build/Intermediates.noindex/Pods.build/Debug-iphonesimulator/react-native-safe-area-context.build/Objects-normal/arm64/e6072d4f65d7061329687fe24e3d63a7-common-args.resp -DRCT_NEW_ARCH_ENABLED\=1 -include /Users/sparkles/Documents/CodingFiles/FullStack/expensioApp/frontend/ios/Pods/Target\ Support\ Files/react-native-safe-area-context/react-native-safe-area-context-prefix.pch -MMD -MT dependencies -MF /Users/sparkles/Library/Developer/Xcode/DerivedData/Expensio-futtgngxcysvvhcljmosbeftqmyc/Build/Intermediates.noindex/Pods.build/Debug-iphonesimulator/react-native-safe-area-context.build/Objects-normal/arm64/RNCSafeAreaProvider.d --serialize-diagnostics /Users/sparkles/Library/Developer/Xcode/DerivedData/Expensio-futtgngxcysvvhcljmosbeftqmyc/Build/Intermediates.noindex/Pods.build/Debug-iphonesimulator/react-native-safe-area-context.build/Objects-normal/arm64/RNCSafeAreaProvider.dia -c /Users/sparkles/Documents/CodingFiles/FullStack/expensioApp/frontend/node_modules/react-native-safe-area-context/ios/RNCSafeAreaProvider.m -o /Users/sparkles/Library/Developer/Xcode/DerivedData/Expensio-futtgngxcysvvhcljmosbeftqmyc/Build/Intermediates.noindex/Pods.build/Debug-iphonesimulator/react-native-safe-area-context.build/Objects-normal/arm64/RNCSafeAreaProvider.o -index-unit-output-path /Pods.build/Debug-iphonesimulator/react-native-safe-area-context.build/Objects-normal/arm64/RNCSafeAreaProvider.o

PrecompileModule /Users/sparkles/Library/Developer/Xcode/DerivedData/Expensio-futtgngxcysvvhcljmosbeftqmyc/Build/Intermediates.noindex/ExplicitPrecompiledModules/ObjectiveC-A79UM9VN3IQHCLVJUU3TXKX6K.scan
    cd /
    builtin-precompileModule /Users/sparkles/Library/Developer/Xcode/DerivedData/Expensio-futtgngxcysvvhcljmosbeftqmyc/Build/Intermediates.noindex/ExplicitPrecompiledModules/ObjectiveC-A79UM9VN3IQHCLVJUU3TXKX6K.scan

ScanDependencies /Users/sparkles/Library/Developer/Xcode/DerivedData/Expensio-futtgngxcysvvhcljmosbeftqmyc/Build/Intermediates.noindex/Pods.build/Debug-iphonesimulator/react-native-safe-area-context.build/Objects-normal/arm64/RNCOnInsetsChangeEvent.o /Users/sparkles/Documents/CodingFiles/FullStack/expensioApp/frontend/node_modules/react-native-safe-area-context/ios/RNCOnInsetsChangeEvent.m normal arm64 objective-c com.apple.compilers.llvm.clang.1_0.compiler (in target 'react-native-safe-area-context' from project 'Pods')
    cd /Users/sparkles/Documents/CodingFiles/FullStack/expensioApp/frontend/ios/Pods
    
    Using response file: /Users/sparkles/Library/Developer/Xcode/DerivedData/Expensio-futtgngxcysvvhcljmosbeftqmyc/Build/Intermediates.noindex/Pods.build/Debug-iphonesimulator/react-native-safe-area-context.build/Objects-normal/arm64/e6072d4f65d7061329687fe24e3d63a7-common-args.resp
    
    builtin-ScanDependencies -o /Users/sparkles/Library/Developer/Xcode/DerivedData/Expensio-futtgngxcysvvhcljmosbeftqmyc/Build/Intermediates.noindex/Pods.build/Debug-iphonesimulator/react-native-safe-area-context.build/Objects-normal/arm64/RNCOnInsetsChangeEvent.o.scan -- /Applications/Xcode.app/Contents/Developer/Toolchains/XcodeDefault.xctoolchain/usr/bin/clang -x objective-c -ivfsstatcache /Users/sparkles/Library/Developer/Xcode/DerivedData/SDKStatCaches.noindex/iphonesimulator27.0-24A430-8dc58220667be655e1bcc261a7455254.sdkstatcache -target arm64-apple-ios17.0-simulator -fmessage-length\=0 -fdiagnostics-show-note-include-stack -fmacro-backtrace-limit\=0 -fno-color-diagnostics -fmodules-prune-interval\=86400 -fmodules-prune-after\=345600 -fbuild-session-file\=/Users/sparkles/Library/Developer/Xcode/DerivedData/ModuleCache.noindex/Session.modulevalidation -fmodules-validate-once-per-build-session -Wnon-modular-include-in-framework-module -Werror\=non-modular-include-in-framework-module -Wno-trigraphs -Wno-missing-field-initializers -Wno-missing-prototypes -Werror\=return-type -Wdocumentation -Wunreachable-code -Wno-implicit-atomic-properties -Werror\=deprecated-objc-isa-usage -Wno-objc-interface-ivars -Werror\=objc-root-class -Wno-arc-repeated-use-of-weak -Wimplicit-retain-self -Wduplicate-method-match -Wno-missing-braces -Wparentheses -Wswitch -Wunused-function -Wno-unused-label -Wno-unused-parameter -Wunused-variable -Wunused-value -Wempty-body -Wuninitialized -Wconditional-uninitialized -Wno-unknown-pragmas -Wno-shadow -Wno-four-char-constants -Wno-conversion -Wconstant-conversion -Wint-conversion -Wbool-conversion -Wenum-conversion -Wno-float-conversion -Wnon-literal-null-conversion -Wobjc-literal-conversion -Wshorten-64-to-32 -Wpointer-sign -Wno-newline-eof -Wno-selector -Wno-strict-selector-match -Wundeclared-selector -Wdeprecated-implementations -Wno-implicit-fallthrough -isysroot /Applications/Xcode.app/Contents/Developer/Platforms/iPhoneSimulator.platform/Developer/SDKs/iPhoneSimulator27.0.sdk -fstrict-aliasing -Wprotocol -Wdeprecated-declarations -Wno-sign-conversion -Winfinite-recursion -Wcomma -Wblock-capture-autoreleasing -Wstrict-prototypes -Wno-semicolon-before-method-body -Wunguarded-availability -index-store-path /Users/sparkles/Library/Developer/Xcode/DerivedData/Expensio-futtgngxcysvvhcljmosbeftqmyc/Index.noindex/DataStore @/Users/sparkles/Library/Developer/Xcode/DerivedData/Expensio-futtgngxcysvvhcljmosbeftqmyc/Build/Intermediates.noindex/Pods.build/Debug-iphonesimulator/react-native-safe-area-context.build/Objects-normal/arm64/e6072d4f65d7061329687fe24e3d63a7-common-args.resp -DRCT_NEW_ARCH_ENABLED\=1 -include /Users/sparkles/Documents/CodingFiles/FullStack/expensioApp/frontend/ios/Pods/Target\ Support\ Files/react-native-safe-area-context/react-native-safe-area-context-prefix.pch -MMD -MT dependencies -MF /Users/sparkles/Library/Developer/Xcode/DerivedData/Expensio-futtgngxcysvvhcljmosbeftqmyc/Build/Intermediates.noindex/Pods.build/Debug-iphonesimulator/react-native-safe-area-context.build/Objects-normal/arm64/RNCOnInsetsChangeEvent.d --serialize-diagnostics /Users/sparkles/Library/Developer/Xcode/DerivedData/Expensio-futtgngxcysvvhcljmosbeftqmyc/Build/Intermediates.noindex/Pods.build/Debug-iphonesimulator/react-native-safe-area-context.build/Objects-normal/arm64/RNCOnInsetsChangeEvent.dia -c /Users/sparkles/Documents/CodingFiles/FullStack/expensioApp/frontend/node_modules/react-native-safe-area-context/ios/RNCOnInsetsChangeEvent.m -o /Users/sparkles/Library/Developer/Xcode/DerivedData/Expensio-futtgngxcysvvhcljmosbeftqmyc/Build/Intermediates.noindex/Pods.build/Debug-iphonesimulator/react-native-safe-area-context.build/Objects-normal/arm64/RNCOnInsetsChangeEvent.o -index-unit-output-path /Pods.build/Debug-iphonesimulator/react-native-safe-area-context.build/Objects-normal/arm64/RNCOnInsetsChangeEvent.o

CompileC /Users/sparkles/Library/Developer/Xcode/DerivedData/Expensio-futtgngxcysvvhcljmosbeftqmyc/Build/Intermediates.noindex/Pods.build/Debug-iphonesimulator/ReactAppDependencyProvider.build/Objects-normal/x86_64/RCTAppDependencyProvider.o /Users/sparkles/Documents/CodingFiles/FullStack/expensioApp/frontend/ios/build/generated/ios/ReactAppDependencyProvider/RCTAppDependencyProvider.mm normal x86_64 objective-c++ com.apple.compilers.llvm.clang.1_0.compiler (in target 'ReactAppDependencyProvider' from project 'Pods')
    cd /Users/sparkles/Documents/CodingFiles/FullStack/expensioApp/frontend/ios/Pods
    
    Using response file: /Users/sparkles/Library/Developer/Xcode/DerivedData/Expensio-futtgngxcysvvhcljmosbeftqmyc/Build/Intermediates.noindex/Pods.build/Debug-iphonesimulator/ReactAppDependencyProvider.build/Objects-normal/x86_64/af3fcb34312c57c0f52879cdce924b91-common-args.resp
    
    /Applications/Xcode.app/Contents/Developer/Toolchains/XcodeDefault.xctoolchain/usr/bin/clang -x objective-c++ -ivfsstatcache /Users/sparkles/Library/Developer/Xcode/DerivedData/SDKStatCaches.noindex/iphonesimulator27.0-24A430-8dc58220667be655e1bcc261a7455254.sdkstatcache -target x86_64-apple-ios17.0-simulator -fmessage-length\=0 -fdiagnostics-show-note-include-stack -fmacro-backtrace-limit\=0 -fno-color-diagnostics -fmodules-prune-interval\=86400 -fmodules-prune-after\=345600 -fbuild-session-file\=/Users/sparkles/Library/Developer/Xcode/DerivedData/ModuleCache.noindex/Session.modulevalidation -fmodules-validate-once-per-build-session -Wnon-modular-include-in-framework-module -Werror\=non-modular-include-in-framework-module -Wno-trigraphs -Wno-missing-field-initializers -Wno-missing-prototypes -Werror\=return-type -Wdocumentation -Wunreachable-code -Wno-implicit-atomic-properties -Werror\=deprecated-objc-isa-usage -Wno-objc-interface-ivars -Werror\=objc-root-class -Wno-arc-repeated-use-of-weak -Wimplicit-retain-self -Wno-non-virtual-dtor -Wno-overloaded-virtual -Wno-exit-time-destructors -Wduplicate-method-match -Wno-missing-braces -Wparentheses -Wswitch -Wunused-function -Wno-unused-label -Wno-unused-parameter -Wunused-variable -Wunused-value -Wempty-body -Wuninitialized -Wconditional-uninitialized -Wno-unknown-pragmas -Wno-shadow -Wno-four-char-constants -Wno-conversion -Wconstant-conversion -Wint-conversion -Wbool-conversion -Wenum-conversion -Wno-float-conversion -Wnon-literal-null-conversion -Wobjc-literal-conversion -Wshorten-64-to-32 -Wno-newline-eof -Wno-selector -Wno-strict-selector-match -Wundeclared-selector -Wdeprecated-implementations -Wno-c++11-extensions -Wno-implicit-fallthrough -isysroot /Applications/Xcode.app/Contents/Developer/Platforms/iPhoneSimulator.platform/Developer/SDKs/iPhoneSimulator27.0.sdk -fstrict-aliasing -Wprotocol -Wdeprecated-declarations -Winvalid-offsetof -Wno-sign-conversion -Winfinite-recursion -Wmove -Wcomma -Wblock-capture-autoreleasing -Wstrict-prototypes -Wrange-loop-analysis -Wno-semicolon-before-method-body -Wunguarded-availability -index-store-path /Users/sparkles/Library/Developer/Xcode/DerivedData/Expensio-futtgngxcysvvhcljmosbeftqmyc/Index.noindex/DataStore @/Users/sparkles/Library/Developer/Xcode/DerivedData/Expensio-futtgngxcysvvhcljmosbeftqmyc/Build/Intermediates.noindex/Pods.build/Debug-iphonesimulator/ReactAppDependencyProvider.build/Objects-normal/x86_64/af3fcb34312c57c0f52879cdce924b91-common-args.resp -include /Users/sparkles/Documents/CodingFiles/FullStack/expensioApp/frontend/ios/Pods/Target\ Support\ Files/ReactAppDependencyProvider/ReactAppDependencyProvider-prefix.pch -MMD -MT dependencies -MF /Users/sparkles/Library/Developer/Xcode/DerivedData/Expensio-futtgngxcysvvhcljmosbeftqmyc/Build/Intermediates.noindex/Pods.build/Debug-iphonesimulator/ReactAppDependencyProvider.build/Objects-normal/x86_64/RCTAppDependencyProvider.d --serialize-diagnostics /Users/sparkles/Library/Developer/Xcode/DerivedData/Expensio-futtgngxcysvvhcljmosbeftqmyc/Build/Intermediates.noindex/Pods.build/Debug-iphonesimulator/ReactAppDependencyProvider.build/Objects-normal/x86_64/RCTAppDependencyProvider.dia -c /Users/sparkles/Documents/CodingFiles/FullStack/expensioApp/frontend/ios/build/generated/ios/ReactAppDependencyProvider/RCTAppDependencyProvider.mm -o /Users/sparkles/Library/Developer/Xcode/DerivedData/Expensio-futtgngxcysvvhcljmosbeftqmyc/Build/Intermediates.noindex/Pods.build/Debug-iphonesimulator/ReactAppDependencyProvider.build/Objects-normal/x86_64/RCTAppDependencyProvider.o -index-unit-output-path /Pods.build/Debug-iphonesimulator/ReactAppDependencyProvider.build/Objects-normal/x86_64/RCTAppDependencyProvider.o

CompileC /Users/sparkles/Library/Developer/Xcode/DerivedData/Expensio-futtgngxcysvvhcljmosbeftqmyc/Build/Intermediates.noindex/Pods.build/Debug-iphonesimulator/ReactAppDependencyProvider.build/Objects-normal/arm64/RCTAppDependencyProvider.o /Users/sparkles/Documents/CodingFiles/FullStack/expensioApp/frontend/ios/build/generated/ios/ReactAppDependencyProvider/RCTAppDependencyProvider.mm normal arm64 objective-c++ com.apple.compilers.llvm.clang.1_0.compiler (in target 'ReactAppDependencyProvider' from project 'Pods')
    cd /Users/sparkles/Documents/CodingFiles/FullStack/expensioApp/frontend/ios/Pods
    
    Using response file: /Users/sparkles/Library/Developer/Xcode/DerivedData/Expensio-futtgngxcysvvhcljmosbeftqmyc/Build/Intermediates.noindex/Pods.build/Debug-iphonesimulator/ReactAppDependencyProvider.build/Objects-normal/arm64/af3fcb34312c57c0f52879cdce924b91-common-args.resp
    
    /Applications/Xcode.app/Contents/Developer/Toolchains/XcodeDefault.xctoolchain/usr/bin/clang -x objective-c++ -ivfsstatcache /Users/sparkles/Library/Developer/Xcode/DerivedData/SDKStatCaches.noindex/iphonesimulator27.0-24A430-8dc58220667be655e1bcc261a7455254.sdkstatcache -target arm64-apple-ios17.0-simulator -fmessage-length\=0 -fdiagnostics-show-note-include-stack -fmacro-backtrace-limit\=0 -fno-color-diagnostics -fmodules-prune-interval\=86400 -fmodules-prune-after\=345600 -fbuild-session-file\=/Users/sparkles/Library/Developer/Xcode/DerivedData/ModuleCache.noindex/Session.modulevalidation -fmodules-validate-once-per-build-session -Wnon-modular-include-in-framework-module -Werror\=non-modular-include-in-framework-module -Wno-trigraphs -Wno-missing-field-initializers -Wno-missing-prototypes -Werror\=return-type -Wdocumentation -Wunreachable-code -Wno-implicit-atomic-properties -Werror\=deprecated-objc-isa-usage -Wno-objc-interface-ivars -Werror\=objc-root-class -Wno-arc-repeated-use-of-weak -Wimplicit-retain-self -Wno-non-virtual-dtor -Wno-overloaded-virtual -Wno-exit-time-destructors -Wduplicate-method-match -Wno-missing-braces -Wparentheses -Wswitch -Wunused-function -Wno-unused-label -Wno-unused-parameter -Wunused-variable -Wunused-value -Wempty-body -Wuninitialized -Wconditional-uninitialized -Wno-unknown-pragmas -Wno-shadow -Wno-four-char-constants -Wno-conversion -Wconstant-conversion -Wint-conversion -Wbool-conversion -Wenum-conversion -Wno-float-conversion -Wnon-literal-null-conversion -Wobjc-literal-conversion -Wshorten-64-to-32 -Wno-newline-eof -Wno-selector -Wno-strict-selector-match -Wundeclared-selector -Wdeprecated-implementations -Wno-c++11-extensions -Wno-implicit-fallthrough -isysroot /Applications/Xcode.app/Contents/Developer/Platforms/iPhoneSimulator.platform/Developer/SDKs/iPhoneSimulator27.0.sdk -fstrict-aliasing -Wprotocol -Wdeprecated-declarations -Winvalid-offsetof -Wno-sign-conversion -Winfinite-recursion -Wmove -Wcomma -Wblock-capture-autoreleasing -Wstrict-prototypes -Wrange-loop-analysis -Wno-semicolon-before-method-body -Wunguarded-availability -index-store-path /Users/sparkles/Library/Developer/Xcode/DerivedData/Expensio-futtgngxcysvvhcljmosbeftqmyc/Index.noindex/DataStore @/Users/sparkles/Library/Developer/Xcode/DerivedData/Expensio-futtgngxcysvvhcljmosbeftqmyc/Build/Intermediates.noindex/Pods.build/Debug-iphonesimulator/ReactAppDependencyProvider.build/Objects-normal/arm64/af3fcb34312c57c0f52879cdce924b91-common-args.resp -include /Users/sparkles/Documents/CodingFiles/FullStack/expensioApp/frontend/ios/Pods/Target\ Support\ Files/ReactAppDependencyProvider/ReactAppDependencyProvider-prefix.pch -MMD -MT dependencies -MF /Users/sparkles/Library/Developer/Xcode/DerivedData/Expensio-futtgngxcysvvhcljmosbeftqmyc/Build/Intermediates.noindex/Pods.build/Debug-iphonesimulator/ReactAppDependencyProvider.build/Objects-normal/arm64/RCTAppDependencyProvider.d --serialize-diagnostics /Users/sparkles/Library/Developer/Xcode/DerivedData/Expensio-futtgngxcysvvhcljmosbeftqmyc/Build/Intermediates.noindex/Pods.build/Debug-iphonesimulator/ReactAppDependencyProvider.build/Objects-normal/arm64/RCTAppDependencyProvider.dia -c /Users/sparkles/Documents/CodingFiles/FullStack/expensioApp/frontend/ios/build/generated/ios/ReactAppDependencyProvider/RCTAppDependencyProvider.mm -o /Users/sparkles/Library/Developer/Xcode/DerivedData/Expensio-futtgngxcysvvhcljmosbeftqmyc/Build/Intermediates.noindex/Pods.build/Debug-iphonesimulator/ReactAppDependencyProvider.build/Objects-normal/arm64/RCTAppDependencyProvider.o -index-unit-output-path /Pods.build/Debug-iphonesimulator/ReactAppDependencyProvider.build/Objects-normal/arm64/RCTAppDependencyProvider.o

ScanDependencies /Users/sparkles/Library/Developer/Xcode/DerivedData/Expensio-futtgngxcysvvhcljmosbeftqmyc/Build/Intermediates.noindex/Pods.build/Debug-iphonesimulator/ReactAppDependencyProvider.build/Objects-normal/x86_64/ReactAppDependencyProvider-dummy.o /Users/sparkles/Documents/CodingFiles/FullStack/expensioApp/frontend/ios/Pods/Target\ Support\ Files/ReactAppDependencyProvider/ReactAppDependencyProvider-dummy.m normal x86_64 objective-c com.apple.compilers.llvm.clang.1_0.compiler (in target 'ReactAppDependencyProvider' from project 'Pods')
    cd /Users/sparkles/Documents/CodingFiles/FullStack/expensioApp/frontend/ios/Pods
    
    Using response file: /Users/sparkles/Library/Developer/Xcode/DerivedData/Expensio-futtgngxcysvvhcljmosbeftqmyc/Build/Intermediates.noindex/Pods.build/Debug-iphonesimulator/ReactAppDependencyProvider.build/Objects-normal/x86_64/e6072d4f65d7061329687fe24e3d63a7-common-args.resp
    
    builtin-ScanDependencies -o /Users/sparkles/Library/Developer/Xcode/DerivedData/Expensio-futtgngxcysvvhcljmosbeftqmyc/Build/Intermediates.noindex/Pods.build/Debug-iphonesimulator/ReactAppDependencyProvider.build/Objects-normal/x86_64/ReactAppDependencyProvider-dummy.o.scan -- /Applications/Xcode.app/Contents/Developer/Toolchains/XcodeDefault.xctoolchain/usr/bin/clang -x objective-c -ivfsstatcache /Users/sparkles/Library/Developer/Xcode/DerivedData/SDKStatCaches.noindex/iphonesimulator27.0-24A430-8dc58220667be655e1bcc261a7455254.sdkstatcache -target x86_64-apple-ios17.0-simulator -fmessage-length\=0 -fdiagnostics-show-note-include-stack -fmacro-backtrace-limit\=0 -fno-color-diagnostics -fmodules-prune-interval\=86400 -fmodules-prune-after\=345600 -fbuild-session-file\=/Users/sparkles/Library/Developer/Xcode/DerivedData/ModuleCache.noindex/Session.modulevalidation -fmodules-validate-once-per-build-session -Wnon-modular-include-in-framework-module -Werror\=non-modular-include-in-framework-module -Wno-trigraphs -Wno-missing-field-initializers -Wno-missing-prototypes -Werror\=return-type -Wdocumentation -Wunreachable-code -Wno-implicit-atomic-properties -Werror\=deprecated-objc-isa-usage -Wno-objc-interface-ivars -Werror\=objc-root-class -Wno-arc-repeated-use-of-weak -Wimplicit-retain-self -Wduplicate-method-match -Wno-missing-braces -Wparentheses -Wswitch -Wunused-function -Wno-unused-label -Wno-unused-parameter -Wunused-variable -Wunused-value -Wempty-body -Wuninitialized -Wconditional-uninitialized -Wno-unknown-pragmas -Wno-shadow -Wno-four-char-constants -Wno-conversion -Wconstant-conversion -Wint-conversion -Wbool-conversion -Wenum-conversion -Wno-float-conversion -Wnon-literal-null-conversion -Wobjc-literal-conversion -Wshorten-64-to-32 -Wpointer-sign -Wno-newline-eof -Wno-selector -Wno-strict-selector-match -Wundeclared-selector -Wdeprecated-implementations -Wno-implicit-fallthrough -isysroot /Applications/Xcode.app/Contents/Developer/Platforms/iPhoneSimulator.platform/Developer/SDKs/iPhoneSimulator27.0.sdk -fstrict-aliasing -Wprotocol -Wdeprecated-declarations -Wno-sign-conversion -Winfinite-recursion -Wcomma -Wblock-capture-autoreleasing -Wstrict-prototypes -Wno-semicolon-before-method-body -Wunguarded-availability -index-store-path /Users/sparkles/Library/Developer/Xcode/DerivedData/Expensio-futtgngxcysvvhcljmosbeftqmyc/Index.noindex/DataStore @/Users/sparkles/Library/Developer/Xcode/DerivedData/Expensio-futtgngxcysvvhcljmosbeftqmyc/Build/Intermediates.noindex/Pods.build/Debug-iphonesimulator/ReactAppDependencyProvider.build/Objects-normal/x86_64/e6072d4f65d7061329687fe24e3d63a7-common-args.resp -include /Users/sparkles/Documents/CodingFiles/FullStack/expensioApp/frontend/ios/Pods/Target\ Support\ Files/ReactAppDependencyProvider/ReactAppDependencyProvider-prefix.pch -MMD -MT dependencies -MF /Users/sparkles/Library/Developer/Xcode/DerivedData/Expensio-futtgngxcysvvhcljmosbeftqmyc/Build/Intermediates.noindex/Pods.build/Debug-iphonesimulator/ReactAppDependencyProvider.build/Objects-normal/x86_64/ReactAppDependencyProvider-dummy.d --serialize-diagnostics /Users/sparkles/Library/Developer/Xcode/DerivedData/Expensio-futtgngxcysvvhcljmosbeftqmyc/Build/Intermediates.noindex/Pods.build/Debug-iphonesimulator/ReactAppDependencyProvider.build/Objects-normal/x86_64/ReactAppDependencyProvider-dummy.dia -c /Users/sparkles/Documents/CodingFiles/FullStack/expensioApp/frontend/ios/Pods/Target\ Support\ Files/ReactAppDependencyProvider/ReactAppDependencyProvider-dummy.m -o /Users/sparkles/Library/Developer/Xcode/DerivedData/Expensio-futtgngxcysvvhcljmosbeftqmyc/Build/Intermediates.noindex/Pods.build/Debug-iphonesimulator/ReactAppDependencyProvider.build/Objects-normal/x86_64/ReactAppDependencyProvider-dummy.o -index-unit-output-path /Pods.build/Debug-iphonesimulator/ReactAppDependencyProvider.build/Objects-normal/x86_64/ReactAppDependencyProvider-dummy.o

PrecompileModule /Users/sparkles/Library/Developer/Xcode/DerivedData/Expensio-futtgngxcysvvhcljmosbeftqmyc/Build/Intermediates.noindex/ExplicitPrecompiledModules/os_object-EQD7CV0N4WI44UO0XJGG15NSD.scan
    cd /
    builtin-precompileModule /Users/sparkles/Library/Developer/Xcode/DerivedData/Expensio-futtgngxcysvvhcljmosbeftqmyc/Build/Intermediates.noindex/ExplicitPrecompiledModules/os_object-EQD7CV0N4WI44UO0XJGG15NSD.scan

ScanDependencies /Users/sparkles/Library/Developer/Xcode/DerivedData/Expensio-futtgngxcysvvhcljmosbeftqmyc/Build/Intermediates.noindex/Pods.build/Debug-iphonesimulator/ReactAppDependencyProvider.build/Objects-normal/arm64/ReactAppDependencyProvider-dummy.o /Users/sparkles/Documents/CodingFiles/FullStack/expensioApp/frontend/ios/Pods/Target\ Support\ Files/ReactAppDependencyProvider/ReactAppDependencyProvider-dummy.m normal arm64 objective-c com.apple.compilers.llvm.clang.1_0.compiler (in target 'ReactAppDependencyProvider' from project 'Pods')
    cd /Users/sparkles/Documents/CodingFiles/FullStack/expensioApp/frontend/ios/Pods
    
    Using response file: /Users/sparkles/Library/Developer/Xcode/DerivedData/Expensio-futtgngxcysvvhcljmosbeftqmyc/Build/Intermediates.noindex/Pods.build/Debug-iphonesimulator/ReactAppDependencyProvider.build/Objects-normal/arm64/e6072d4f65d7061329687fe24e3d63a7-common-args.resp
    
    builtin-ScanDependencies -o /Users/sparkles/Library/Developer/Xcode/DerivedData/Expensio-futtgngxcysvvhcljmosbeftqmyc/Build/Intermediates.noindex/Pods.build/Debug-iphonesimulator/ReactAppDependencyProvider.build/Objects-normal/arm64/ReactAppDependencyProvider-dummy.o.scan -- /Applications/Xcode.app/Contents/Developer/Toolchains/XcodeDefault.xctoolchain/usr/bin/clang -x objective-c -ivfsstatcache /Users/sparkles/Library/Developer/Xcode/DerivedData/SDKStatCaches.noindex/iphonesimulator27.0-24A430-8dc58220667be655e1bcc261a7455254.sdkstatcache -target arm64-apple-ios17.0-simulator -fmessage-length\=0 -fdiagnostics-show-note-include-stack -fmacro-backtrace-limit\=0 -fno-color-diagnostics -fmodules-prune-interval\=86400 -fmodules-prune-after\=345600 -fbuild-session-file\=/Users/sparkles/Library/Developer/Xcode/DerivedData/ModuleCache.noindex/Session.modulevalidation -fmodules-validate-once-per-build-session -Wnon-modular-include-in-framework-module -Werror\=non-modular-include-in-framework-module -Wno-trigraphs -Wno-missing-field-initializers -Wno-missing-prototypes -Werror\=return-type -Wdocumentation -Wunreachable-code -Wno-implicit-atomic-properties -Werror\=deprecated-objc-isa-usage -Wno-objc-interface-ivars -Werror\=objc-root-class -Wno-arc-repeated-use-of-weak -Wimplicit-retain-self -Wduplicate-method-match -Wno-missing-braces -Wparentheses -Wswitch -Wunused-function -Wno-unused-label -Wno-unused-parameter -Wunused-variable -Wunused-value -Wempty-body -Wuninitialized -Wconditional-uninitialized -Wno-unknown-pragmas -Wno-shadow -Wno-four-char-constants -Wno-conversion -Wconstant-conversion -Wint-conversion -Wbool-conversion -Wenum-conversion -Wno-float-conversion -Wnon-literal-null-conversion -Wobjc-literal-conversion -Wshorten-64-to-32 -Wpointer-sign -Wno-newline-eof -Wno-selector -Wno-strict-selector-match -Wundeclared-selector -Wdeprecated-implementations -Wno-implicit-fallthrough -isysroot /Applications/Xcode.app/Contents/Developer/Platforms/iPhoneSimulator.platform/Developer/SDKs/iPhoneSimulator27.0.sdk -fstrict-aliasing -Wprotocol -Wdeprecated-declarations -Wno-sign-conversion -Winfinite-recursion -Wcomma -Wblock-capture-autoreleasing -Wstrict-prototypes -Wno-semicolon-before-method-body -Wunguarded-availability -index-store-path /Users/sparkles/Library/Developer/Xcode/DerivedData/Expensio-futtgngxcysvvhcljmosbeftqmyc/Index.noindex/DataStore @/Users/sparkles/Library/Developer/Xcode/DerivedData/Expensio-futtgngxcysvvhcljmosbeftqmyc/Build/Intermediates.noindex/Pods.build/Debug-iphonesimulator/ReactAppDependencyProvider.build/Objects-normal/arm64/e6072d4f65d7061329687fe24e3d63a7-common-args.resp -include /Users/sparkles/Documents/CodingFiles/FullStack/expensioApp/frontend/ios/Pods/Target\ Support\ Files/ReactAppDependencyProvider/ReactAppDependencyProvider-prefix.pch -MMD -MT dependencies -MF /Users/sparkles/Library/Developer/Xcode/DerivedData/Expensio-futtgngxcysvvhcljmosbeftqmyc/Build/Intermediates.noindex/Pods.build/Debug-iphonesimulator/ReactAppDependencyProvider.build/Objects-normal/arm64/ReactAppDependencyProvider-dummy.d --serialize-diagnostics /Users/sparkles/Library/Developer/Xcode/DerivedData/Expensio-futtgngxcysvvhcljmosbeftqmyc/Build/Intermediates.noindex/Pods.build/Debug-iphonesimulator/ReactAppDependencyProvider.build/Objects-normal/arm64/ReactAppDependencyProvider-dummy.dia -c /Users/sparkles/Documents/CodingFiles/FullStack/expensioApp/frontend/ios/Pods/Target\ Support\ Files/ReactAppDependencyProvider/ReactAppDependencyProvider-dummy.m -o /Users/sparkles/Library/Developer/Xcode/DerivedData/Expensio-futtgngxcysvvhcljmosbeftqmyc/Build/Intermediates.noindex/Pods.build/Debug-iphonesimulator/ReactAppDependencyProvider.build/Objects-normal/arm64/ReactAppDependencyProvider-dummy.o -index-unit-output-path /Pods.build/Debug-iphonesimulator/ReactAppDependencyProvider.build/Objects-normal/arm64/ReactAppDependencyProvider-dummy.o

PrecompileModule /Users/sparkles/Library/Developer/Xcode/DerivedData/Expensio-futtgngxcysvvhcljmosbeftqmyc/Build/Intermediates.noindex/ExplicitPrecompiledModules/IOSurface-8T63UN7FR8917CXAL61NAR34G.scan
    cd /
    builtin-precompileModule /Users/sparkles/Library/Developer/Xcode/DerivedData/Expensio-futtgngxcysvvhcljmosbeftqmyc/Build/Intermediates.noindex/ExplicitPrecompiledModules/IOSurface-8T63UN7FR8917CXAL61NAR34G.scan

PrecompileModule /Users/sparkles/Library/Developer/Xcode/DerivedData/Expensio-futtgngxcysvvhcljmosbeftqmyc/Build/Intermediates.noindex/ExplicitPrecompiledModules/UIUtilities-9544DM1WECETNR2S3NGTQUFS4.scan
    cd /
    builtin-precompileModule /Users/sparkles/Library/Developer/Xcode/DerivedData/Expensio-futtgngxcysvvhcljmosbeftqmyc/Build/Intermediates.noindex/ExplicitPrecompiledModules/UIUtilities-9544DM1WECETNR2S3NGTQUFS4.scan

PrecompileModule /Users/sparkles/Library/Developer/Xcode/DerivedData/Expensio-futtgngxcysvvhcljmosbeftqmyc/Build/Intermediates.noindex/ExplicitPrecompiledModules/FileProvider-6YOF51V461HSCCKC286YYE27V.scan
    cd /
    builtin-precompileModule /Users/sparkles/Library/Developer/Xcode/DerivedData/Expensio-futtgngxcysvvhcljmosbeftqmyc/Build/Intermediates.noindex/ExplicitPrecompiledModules/FileProvider-6YOF51V461HSCCKC286YYE27V.scan

PrecompileModule /Users/sparkles/Library/Developer/Xcode/DerivedData/Expensio-futtgngxcysvvhcljmosbeftqmyc/Build/Intermediates.noindex/ExplicitPrecompiledModules/Metal-AWF6TBRV6EBIQR30NUMJ1Z0QG.scan
    cd /
    builtin-precompileModule /Users/sparkles/Library/Developer/Xcode/DerivedData/Expensio-futtgngxcysvvhcljmosbeftqmyc/Build/Intermediates.noindex/ExplicitPrecompiledModules/Metal-AWF6TBRV6EBIQR30NUMJ1Z0QG.scan

CompileC /Users/sparkles/Library/Developer/Xcode/DerivedData/Expensio-futtgngxcysvvhcljmosbeftqmyc/Build/Intermediates.noindex/Pods.build/Debug-iphonesimulator/ReactAppDependencyProvider.build/Objects-normal/arm64/ReactAppDependencyProvider-dummy.o /Users/sparkles/Documents/CodingFiles/FullStack/expensioApp/frontend/ios/Pods/Target\ Support\ Files/ReactAppDependencyProvider/ReactAppDependencyProvider-dummy.m normal arm64 objective-c com.apple.compilers.llvm.clang.1_0.compiler (in target 'ReactAppDependencyProvider' from project 'Pods')
    cd /Users/sparkles/Documents/CodingFiles/FullStack/expensioApp/frontend/ios/Pods
    
    Using response file: /Users/sparkles/Library/Developer/Xcode/DerivedData/Expensio-futtgngxcysvvhcljmosbeftqmyc/Build/Intermediates.noindex/Pods.build/Debug-iphonesimulator/ReactAppDependencyProvider.build/Objects-normal/arm64/e6072d4f65d7061329687fe24e3d63a7-common-args.resp
    
    /Applications/Xcode.app/Contents/Developer/Toolchains/XcodeDefault.xctoolchain/usr/bin/clang -x objective-c -ivfsstatcache /Users/sparkles/Library/Developer/Xcode/DerivedData/SDKStatCaches.noindex/iphonesimulator27.0-24A430-8dc58220667be655e1bcc261a7455254.sdkstatcache -target arm64-apple-ios17.0-simulator -fmessage-length\=0 -fdiagnostics-show-note-include-stack -fmacro-backtrace-limit\=0 -fno-color-diagnostics -fmodules-prune-interval\=86400 -fmodules-prune-after\=345600 -fbuild-session-file\=/Users/sparkles/Library/Developer/Xcode/DerivedData/ModuleCache.noindex/Session.modulevalidation -fmodules-validate-once-per-build-session -Wnon-modular-include-in-framework-module -Werror\=non-modular-include-in-framework-module -Wno-trigraphs -Wno-missing-field-initializers -Wno-missing-prototypes -Werror\=return-type -Wdocumentation -Wunreachable-code -Wno-implicit-atomic-properties -Werror\=deprecated-objc-isa-usage -Wno-objc-interface-ivars -Werror\=objc-root-class -Wno-arc-repeated-use-of-weak -Wimplicit-retain-self -Wduplicate-method-match -Wno-missing-braces -Wparentheses -Wswitch -Wunused-function -Wno-unused-label -Wno-unused-parameter -Wunused-variable -Wunused-value -Wempty-body -Wuninitialized -Wconditional-uninitialized -Wno-unknown-pragmas -Wno-shadow -Wno-four-char-constants -Wno-conversion -Wconstant-conversion -Wint-conversion -Wbool-conversion -Wenum-conversion -Wno-float-conversion -Wnon-literal-null-conversion -Wobjc-literal-conversion -Wshorten-64-to-32 -Wpointer-sign -Wno-newline-eof -Wno-selector -Wno-strict-selector-match -Wundeclared-selector -Wdeprecated-implementations -Wno-implicit-fallthrough -isysroot /Applications/Xcode.app/Contents/Developer/Platforms/iPhoneSimulator.platform/Developer/SDKs/iPhoneSimulator27.0.sdk -fstrict-aliasing -Wprotocol -Wdeprecated-declarations -Wno-sign-conversion -Winfinite-recursion -Wcomma -Wblock-capture-autoreleasing -Wstrict-prototypes -Wno-semicolon-before-method-body -Wunguarded-availability -index-store-path /Users/sparkles/Library/Developer/Xcode/DerivedData/Expensio-futtgngxcysvvhcljmosbeftqmyc/Index.noindex/DataStore @/Users/sparkles/Library/Developer/Xcode/DerivedData/Expensio-futtgngxcysvvhcljmosbeftqmyc/Build/Intermediates.noindex/Pods.build/Debug-iphonesimulator/ReactAppDependencyProvider.build/Objects-normal/arm64/e6072d4f65d7061329687fe24e3d63a7-common-args.resp -include /Users/sparkles/Documents/CodingFiles/FullStack/expensioApp/frontend/ios/Pods/Target\ Support\ Files/ReactAppDependencyProvider/ReactAppDependencyProvider-prefix.pch -MMD -MT dependencies -MF /Users/sparkles/Library/Developer/Xcode/DerivedData/Expensio-futtgngxcysvvhcljmosbeftqmyc/Build/Intermediates.noindex/Pods.build/Debug-iphonesimulator/ReactAppDependencyProvider.build/Objects-normal/arm64/ReactAppDependencyProvider-dummy.d --serialize-diagnostics /Users/sparkles/Library/Developer/Xcode/DerivedData/Expensio-futtgngxcysvvhcljmosbeftqmyc/Build/Intermediates.noindex/Pods.build/Debug-iphonesimulator/ReactAppDependencyProvider.build/Objects-normal/arm64/ReactAppDependencyProvider-dummy.dia -c /Users/sparkles/Documents/CodingFiles/FullStack/expensioApp/frontend/ios/Pods/Target\ Support\ Files/ReactAppDependencyProvider/ReactAppDependencyProvider-dummy.m -o /Users/sparkles/Library/Developer/Xcode/DerivedData/Expensio-futtgngxcysvvhcljmosbeftqmyc/Build/Intermediates.noindex/Pods.build/Debug-iphonesimulator/ReactAppDependencyProvider.build/Objects-normal/arm64/ReactAppDependencyProvider-dummy.o -index-unit-output-path /Pods.build/Debug-iphonesimulator/ReactAppDependencyProvider.build/Objects-normal/arm64/ReactAppDependencyProvider-dummy.o

PrecompileModule /Users/sparkles/Library/Developer/Xcode/DerivedData/Expensio-futtgngxcysvvhcljmosbeftqmyc/Build/Intermediates.noindex/ExplicitPrecompiledModules/os_workgroup-2Q0XHYJVBSLRSQXWVUOXIO9Z.scan
    cd /
    builtin-precompileModule /Users/sparkles/Library/Developer/Xcode/DerivedData/Expensio-futtgngxcysvvhcljmosbeftqmyc/Build/Intermediates.noindex/ExplicitPrecompiledModules/os_workgroup-2Q0XHYJVBSLRSQXWVUOXIO9Z.scan

PrecompileModule /Users/sparkles/Library/Developer/Xcode/DerivedData/Expensio-futtgngxcysvvhcljmosbeftqmyc/Build/Intermediates.noindex/ExplicitPrecompiledModules/_LocationEssentials-8DQOZP7Y25ABD0ZTMVJKS71QP.scan
    cd /
    builtin-precompileModule /Users/sparkles/Library/Developer/Xcode/DerivedData/Expensio-futtgngxcysvvhcljmosbeftqmyc/Build/Intermediates.noindex/ExplicitPrecompiledModules/_LocationEssentials-8DQOZP7Y25ABD0ZTMVJKS71QP.scan

PrecompileModule /Users/sparkles/Library/Developer/Xcode/DerivedData/Expensio-futtgngxcysvvhcljmosbeftqmyc/Build/Intermediates.noindex/ExplicitPrecompiledModules/UserNotifications-E3858ENVZ3KF5PUE7JM7TNKDW.scan
    cd /
    builtin-precompileModule /Users/sparkles/Library/Developer/Xcode/DerivedData/Expensio-futtgngxcysvvhcljmosbeftqmyc/Build/Intermediates.noindex/ExplicitPrecompiledModules/UserNotifications-E3858ENVZ3KF5PUE7JM7TNKDW.scan

PrecompileModule /Users/sparkles/Library/Developer/Xcode/DerivedData/Expensio-futtgngxcysvvhcljmosbeftqmyc/Build/Intermediates.noindex/ExplicitPrecompiledModules/Dispatch-DR9PQRQC70D2T2OM53276WH6N.scan
    cd /
    builtin-precompileModule /Users/sparkles/Library/Developer/Xcode/DerivedData/Expensio-futtgngxcysvvhcljmosbeftqmyc/Build/Intermediates.noindex/ExplicitPrecompiledModules/Dispatch-DR9PQRQC70D2T2OM53276WH6N.scan

PrecompileModule /Users/sparkles/Library/Developer/Xcode/DerivedData/Expensio-futtgngxcysvvhcljmosbeftqmyc/Build/Intermediates.noindex/ExplicitPrecompiledModules/CoreLocation-DPKTR39QZOTGOQEDBTURQ0G93.scan
    cd /
    builtin-precompileModule /Users/sparkles/Library/Developer/Xcode/DerivedData/Expensio-futtgngxcysvvhcljmosbeftqmyc/Build/Intermediates.noindex/ExplicitPrecompiledModules/CoreLocation-DPKTR39QZOTGOQEDBTURQ0G93.scan

PrecompileModule /Users/sparkles/Library/Developer/Xcode/DerivedData/Expensio-futtgngxcysvvhcljmosbeftqmyc/Build/Intermediates.noindex/ExplicitPrecompiledModules/Symbols-PSTK3Y0DVS8OCODFUO9IIPEJ.scan
    cd /
    builtin-precompileModule /Users/sparkles/Library/Developer/Xcode/DerivedData/Expensio-futtgngxcysvvhcljmosbeftqmyc/Build/Intermediates.noindex/ExplicitPrecompiledModules/Symbols-PSTK3Y0DVS8OCODFUO9IIPEJ.scan

PrecompileModule /Users/sparkles/Library/Developer/Xcode/DerivedData/Expensio-futtgngxcysvvhcljmosbeftqmyc/Build/Intermediates.noindex/ExplicitPrecompiledModules/OpenGLES-8K36UOCE7HG7KCUR5C5K3YMJR.scan
    cd /
    builtin-precompileModule /Users/sparkles/Library/Developer/Xcode/DerivedData/Expensio-futtgngxcysvvhcljmosbeftqmyc/Build/Intermediates.noindex/ExplicitPrecompiledModules/OpenGLES-8K36UOCE7HG7KCUR5C5K3YMJR.scan

PrecompileModule /Users/sparkles/Library/Developer/Xcode/DerivedData/Expensio-futtgngxcysvvhcljmosbeftqmyc/Build/Intermediates.noindex/ExplicitPrecompiledModules/CoreMotion-3SINDSYU4XZ4NG5AYBAIECR0X.scan
    cd /
    builtin-precompileModule /Users/sparkles/Library/Developer/Xcode/DerivedData/Expensio-futtgngxcysvvhcljmosbeftqmyc/Build/Intermediates.noindex/ExplicitPrecompiledModules/CoreMotion-3SINDSYU4XZ4NG5AYBAIECR0X.scan

PrecompileModule /Users/sparkles/Library/Developer/Xcode/DerivedData/Expensio-futtgngxcysvvhcljmosbeftqmyc/Build/Intermediates.noindex/ExplicitPrecompiledModules/XPC-96H2ML08AH15C71JGREM6H9AB.scan
    cd /
    builtin-precompileModule /Users/sparkles/Library/Developer/Xcode/DerivedData/Expensio-futtgngxcysvvhcljmosbeftqmyc/Build/Intermediates.noindex/ExplicitPrecompiledModules/XPC-96H2ML08AH15C71JGREM6H9AB.scan

PrecompileModule /Users/sparkles/Library/Developer/Xcode/DerivedData/Expensio-futtgngxcysvvhcljmosbeftqmyc/Build/Intermediates.noindex/ExplicitPrecompiledModules/CoreFoundation-4LQAC5TFLNFJBOL0C06XH8U8O.scan
    cd /
    builtin-precompileModule /Users/sparkles/Library/Developer/Xcode/DerivedData/Expensio-futtgngxcysvvhcljmosbeftqmyc/Build/Intermediates.noindex/ExplicitPrecompiledModules/CoreFoundation-4LQAC5TFLNFJBOL0C06XH8U8O.scan

PrecompileModule /Users/sparkles/Library/Developer/Xcode/DerivedData/Expensio-futtgngxcysvvhcljmosbeftqmyc/Build/Intermediates.noindex/ExplicitPrecompiledModules/CoreVideo-1LA6I8KDB048YBE5WACD5CEW0.scan
    cd /
    builtin-precompileModule /Users/sparkles/Library/Developer/Xcode/DerivedData/Expensio-futtgngxcysvvhcljmosbeftqmyc/Build/Intermediates.noindex/ExplicitPrecompiledModules/CoreVideo-1LA6I8KDB048YBE5WACD5CEW0.scan

PrecompileModule /Users/sparkles/Library/Developer/Xcode/DerivedData/Expensio-futtgngxcysvvhcljmosbeftqmyc/Build/Intermediates.noindex/ExplicitPrecompiledModules/QuartzCore-BQL2W4UOLZ42APWYD3FSDC23O.scan
    cd /
    builtin-precompileModule /Users/sparkles/Library/Developer/Xcode/DerivedData/Expensio-futtgngxcysvvhcljmosbeftqmyc/Build/Intermediates.noindex/ExplicitPrecompiledModules/QuartzCore-BQL2W4UOLZ42APWYD3FSDC23O.scan

PrecompileModule /Users/sparkles/Library/Developer/Xcode/DerivedData/Expensio-futtgngxcysvvhcljmosbeftqmyc/Build/Intermediates.noindex/ExplicitPrecompiledModules/CoreImage-B6TR5EDIESV4M1LY561LNUGO6.scan
    cd /
    builtin-precompileModule /Users/sparkles/Library/Developer/Xcode/DerivedData/Expensio-futtgngxcysvvhcljmosbeftqmyc/Build/Intermediates.noindex/ExplicitPrecompiledModules/CoreImage-B6TR5EDIESV4M1LY561LNUGO6.scan

PrecompileModule /Users/sparkles/Library/Developer/Xcode/DerivedData/Expensio-futtgngxcysvvhcljmosbeftqmyc/Build/Intermediates.noindex/ExplicitPrecompiledModules/CFNetwork-20YADTRHUZ9RGFKYPH1N1YX55.scan
    cd /
    builtin-precompileModule /Users/sparkles/Library/Developer/Xcode/DerivedData/Expensio-futtgngxcysvvhcljmosbeftqmyc/Build/Intermediates.noindex/ExplicitPrecompiledModules/CFNetwork-20YADTRHUZ9RGFKYPH1N1YX55.scan

PrecompileModule /Users/sparkles/Library/Developer/Xcode/DerivedData/Expensio-futtgngxcysvvhcljmosbeftqmyc/Build/Intermediates.noindex/ExplicitPrecompiledModules/CoreGraphics-31ZZ1DRZ6VJREEM594LPEOVXC.scan
    cd /
    builtin-precompileModule /Users/sparkles/Library/Developer/Xcode/DerivedData/Expensio-futtgngxcysvvhcljmosbeftqmyc/Build/Intermediates.noindex/ExplicitPrecompiledModules/CoreGraphics-31ZZ1DRZ6VJREEM594LPEOVXC.scan

PrecompileModule /Users/sparkles/Library/Developer/Xcode/DerivedData/Expensio-futtgngxcysvvhcljmosbeftqmyc/Build/Intermediates.noindex/ExplicitPrecompiledModules/UIKit-691EUO6UKGY183CTBKG512L6W.scan
    cd /
    builtin-precompileModule /Users/sparkles/Library/Developer/Xcode/DerivedData/Expensio-futtgngxcysvvhcljmosbeftqmyc/Build/Intermediates.noindex/ExplicitPrecompiledModules/UIKit-691EUO6UKGY183CTBKG512L6W.scan

PrecompileModule /Users/sparkles/Library/Developer/Xcode/DerivedData/Expensio-futtgngxcysvvhcljmosbeftqmyc/Build/Intermediates.noindex/ExplicitPrecompiledModules/Security-3A26TR7EOVMVH9YKYYYQS3QVB.scan
    cd /
    builtin-precompileModule /Users/sparkles/Library/Developer/Xcode/DerivedData/Expensio-futtgngxcysvvhcljmosbeftqmyc/Build/Intermediates.noindex/ExplicitPrecompiledModules/Security-3A26TR7EOVMVH9YKYYYQS3QVB.scan

PrecompileModule /Users/sparkles/Library/Developer/Xcode/DerivedData/Expensio-futtgngxcysvvhcljmosbeftqmyc/Build/Intermediates.noindex/ExplicitPrecompiledModules/ImageIO-ABT4X08Q6ZOLMQ9DZ9TJ3TWBZ.scan
    cd /
    builtin-precompileModule /Users/sparkles/Library/Developer/Xcode/DerivedData/Expensio-futtgngxcysvvhcljmosbeftqmyc/Build/Intermediates.noindex/ExplicitPrecompiledModules/ImageIO-ABT4X08Q6ZOLMQ9DZ9TJ3TWBZ.scan

PrecompileModule /Users/sparkles/Library/Developer/Xcode/DerivedData/Expensio-futtgngxcysvvhcljmosbeftqmyc/Build/Intermediates.noindex/ExplicitPrecompiledModules/CoreText-EBXREWW0YOYNTHM5BWCICZ859.scan
    cd /
    builtin-precompileModule /Users/sparkles/Library/Developer/Xcode/DerivedData/Expensio-futtgngxcysvvhcljmosbeftqmyc/Build/Intermediates.noindex/ExplicitPrecompiledModules/CoreText-EBXREWW0YOYNTHM5BWCICZ859.scan

PrecompileModule /Users/sparkles/Library/Developer/Xcode/DerivedData/Expensio-futtgngxcysvvhcljmosbeftqmyc/Build/Intermediates.noindex/ExplicitPrecompiledModules/Foundation-21LA6UECIF81ZF0712QOTM73B.scan
    cd /
    builtin-precompileModule /Users/sparkles/Library/Developer/Xcode/DerivedData/Expensio-futtgngxcysvvhcljmosbeftqmyc/Build/Intermediates.noindex/ExplicitPrecompiledModules/Foundation-21LA6UECIF81ZF0712QOTM73B.scan

CompileC /Users/sparkles/Library/Developer/Xcode/DerivedData/Expensio-futtgngxcysvvhcljmosbeftqmyc/Build/Intermediates.noindex/Pods.build/Debug-iphonesimulator/ReactAppDependencyProvider.build/Objects-normal/x86_64/ReactAppDependencyProvider-dummy.o /Users/sparkles/Documents/CodingFiles/FullStack/expensioApp/frontend/ios/Pods/Target\ Support\ Files/ReactAppDependencyProvider/ReactAppDependencyProvider-dummy.m normal x86_64 objective-c com.apple.compilers.llvm.clang.1_0.compiler (in target 'ReactAppDependencyProvider' from project 'Pods')
    cd /Users/sparkles/Documents/CodingFiles/FullStack/expensioApp/frontend/ios/Pods
    
    Using response file: /Users/sparkles/Library/Developer/Xcode/DerivedData/Expensio-futtgngxcysvvhcljmosbeftqmyc/Build/Intermediates.noindex/Pods.build/Debug-iphonesimulator/ReactAppDependencyProvider.build/Objects-normal/x86_64/e6072d4f65d7061329687fe24e3d63a7-common-args.resp
    
    /Applications/Xcode.app/Contents/Developer/Toolchains/XcodeDefault.xctoolchain/usr/bin/clang -x objective-c -ivfsstatcache /Users/sparkles/Library/Developer/Xcode/DerivedData/SDKStatCaches.noindex/iphonesimulator27.0-24A430-8dc58220667be655e1bcc261a7455254.sdkstatcache -target x86_64-apple-ios17.0-simulator -fmessage-length\=0 -fdiagnostics-show-note-include-stack -fmacro-backtrace-limit\=0 -fno-color-diagnostics -fmodules-prune-interval\=86400 -fmodules-prune-after\=345600 -fbuild-session-file\=/Users/sparkles/Library/Developer/Xcode/DerivedData/ModuleCache.noindex/Session.modulevalidation -fmodules-validate-once-per-build-session -Wnon-modular-include-in-framework-module -Werror\=non-modular-include-in-framework-module -Wno-trigraphs -Wno-missing-field-initializers -Wno-missing-prototypes -Werror\=return-type -Wdocumentation -Wunreachable-code -Wno-implicit-atomic-properties -Werror\=deprecated-objc-isa-usage -Wno-objc-interface-ivars -Werror\=objc-root-class -Wno-arc-repeated-use-of-weak -Wimplicit-retain-self -Wduplicate-method-match -Wno-missing-braces -Wparentheses -Wswitch -Wunused-function -Wno-unused-label -Wno-unused-parameter -Wunused-variable -Wunused-value -Wempty-body -Wuninitialized -Wconditional-uninitialized -Wno-unknown-pragmas -Wno-shadow -Wno-four-char-constants -Wno-conversion -Wconstant-conversion -Wint-conversion -Wbool-conversion -Wenum-conversion -Wno-float-conversion -Wnon-literal-null-conversion -Wobjc-literal-conversion -Wshorten-64-to-32 -Wpointer-sign -Wno-newline-eof -Wno-selector -Wno-strict-selector-match -Wundeclared-selector -Wdeprecated-implementations -Wno-implicit-fallthrough -isysroot /Applications/Xcode.app/Contents/Developer/Platforms/iPhoneSimulator.platform/Developer/SDKs/iPhoneSimulator27.0.sdk -fstrict-aliasing -Wprotocol -Wdeprecated-declarations -Wno-sign-conversion -Winfinite-recursion -Wcomma -Wblock-capture-autoreleasing -Wstrict-prototypes -Wno-semicolon-before-method-body -Wunguarded-availability -index-store-path /Users/sparkles/Library/Developer/Xcode/DerivedData/Expensio-futtgngxcysvvhcljmosbeftqmyc/Index.noindex/DataStore @/Users/sparkles/Library/Developer/Xcode/DerivedData/Expensio-futtgngxcysvvhcljmosbeftqmyc/Build/Intermediates.noindex/Pods.build/Debug-iphonesimulator/ReactAppDependencyProvider.build/Objects-normal/x86_64/e6072d4f65d7061329687fe24e3d63a7-common-args.resp -include /Users/sparkles/Documents/CodingFiles/FullStack/expensioApp/frontend/ios/Pods/Target\ Support\ Files/ReactAppDependencyProvider/ReactAppDependencyProvider-prefix.pch -MMD -MT dependencies -MF /Users/sparkles/Library/Developer/Xcode/DerivedData/Expensio-futtgngxcysvvhcljmosbeftqmyc/Build/Intermediates.noindex/Pods.build/Debug-iphonesimulator/ReactAppDependencyProvider.build/Objects-normal/x86_64/ReactAppDependencyProvider-dummy.d --serialize-diagnostics /Users/sparkles/Library/Developer/Xcode/DerivedData/Expensio-futtgngxcysvvhcljmosbeftqmyc/Build/Intermediates.noindex/Pods.build/Debug-iphonesimulator/ReactAppDependencyProvider.build/Objects-normal/x86_64/ReactAppDependencyProvider-dummy.dia -c /Users/sparkles/Documents/CodingFiles/FullStack/expensioApp/frontend/ios/Pods/Target\ Support\ Files/ReactAppDependencyProvider/ReactAppDependencyProvider-dummy.m -o /Users/sparkles/Library/Developer/Xcode/DerivedData/Expensio-futtgngxcysvvhcljmosbeftqmyc/Build/Intermediates.noindex/Pods.build/Debug-iphonesimulator/ReactAppDependencyProvider.build/Objects-normal/x86_64/ReactAppDependencyProvider-dummy.o -index-unit-output-path /Pods.build/Debug-iphonesimulator/ReactAppDependencyProvider.build/Objects-normal/x86_64/ReactAppDependencyProvider-dummy.o

PhaseScriptExecution [CP-User]\ [Expo]\ Resolve\ ExpoModulesCore\ dSYM\ source\ maps /Users/sparkles/Library/Developer/Xcode/DerivedData/Expensio-futtgngxcysvvhcljmosbeftqmyc/Build/Intermediates.noindex/Pods.build/Debug-iphonesimulator/ExpoModulesCore.build/Script-46EB2E0001AA30.sh (in target 'ExpoModulesCore' from project 'Pods')
    cd /Users/sparkles/Documents/CodingFiles/FullStack/expensioApp/frontend/ios/Pods
    export ACTION\=build
    export AD_HOC_CODE_SIGNING_ALLOWED\=YES
    export ALLOW_BUILD_REQUEST_OVERRIDES\=NO
    export ALLOW_TARGET_PLATFORM_SPECIALIZATION\=NO
    export ALTERNATE_GROUP\=staff
    export ALTERNATE_MODE\=u+w,go-w,a+rX
    export ALTERNATE_OWNER\=sparkles
    export ALTERNATIVE_DISTRIBUTION_WEB\=NO
    export ALWAYS_EMBED_SWIFT_STANDARD_LIBRARIES\=NO
    export ALWAYS_SEARCH_USER_PATHS\=NO
    export ALWAYS_USE_SEPARATE_HEADERMAPS\=NO
    export APPLICATION_EXTENSION_API_ONLY\=NO
    export APPLY_RULES_IN_COPY_FILES\=NO
    export APPLY_RULES_IN_COPY_HEADERS\=NO
    export APP_SHORTCUTS_ENABLE_FLEXIBLE_MATCHING\=YES
    export ARCHS\=arm64\ x86_64
    export ARCHS_BASE\=arm64\ x86_64
    export ARCHS_STANDARD\=arm64\ x86_64
    export ARCHS_STANDARD_32_64_BIT\=arm64\ x86_64
    export ARCHS_STANDARD_64_BIT\=arm64\ x86_64
    export ARCHS_STANDARD_INCLUDING_64_BIT\=arm64\ x86_64
    export ARCHS_UNIVERSAL_IPHONE_OS\=arm64\ x86_64
    export ASSETCATALOG_COMPILER_APPICON_NAME\=AppIcon
    export ASSETCATALOG_COMPILER_GLOBAL_ACCENT_COLOR_NAME\=AccentColor
    export AUTOMATICALLY_MERGE_DEPENDENCIES\=NO
    export AUTOMATION_APPLE_EVENTS\=NO
    export AVAILABLE_PLATFORMS\=android\ appletvos\ appletvsimulator\ driverkit\ freebsd\ iphoneos\ iphonesimulator\ linux\ macosx\ none\ openbsd\ qnx\ staticlinux\ watchos\ watchsimulator\ webassembly\ xros\ xrsimulator
    export BUILD_ACTIVE_RESOURCES_ONLY\=NO
    export BUILD_COMPONENTS\=headers\ build
    export BUILD_DIR\=/Users/sparkles/Library/Developer/Xcode/DerivedData/Expensio-futtgngxcysvvhcljmosbeftqmyc/Build/Products
    export BUILD_LIBRARY_FOR_DISTRIBUTION\=NO
    export BUILD_ONLY_KNOWN_LOCALIZATIONS\=NO
    export BUILD_ROOT\=/Users/sparkles/Library/Developer/Xcode/DerivedData/Expensio-futtgngxcysvvhcljmosbeftqmyc/Build/Products
    export BUILD_STYLE\=
    export BUILD_VARIANTS\=normal
    export BUILT_PRODUCTS_DIR\=/Users/sparkles/Library/Developer/Xcode/DerivedData/Expensio-futtgngxcysvvhcljmosbeftqmyc/Build/Products/Debug-iphonesimulator/ExpoModulesCore
    export BUNDLE_CONTENTS_FOLDER_PATH_deep\=Contents/
    export BUNDLE_EXECUTABLE_FOLDER_NAME_deep\=MacOS
    export BUNDLE_EXTENSIONS_FOLDER_PATH\=Extensions
    export BUNDLE_FORMAT\=shallow
    export BUNDLE_FRAMEWORKS_FOLDER_PATH\=Frameworks
    export BUNDLE_PLUGINS_FOLDER_PATH\=PlugIns
    export BUNDLE_PRIVATE_HEADERS_FOLDER_PATH\=PrivateHeaders
    export BUNDLE_PUBLIC_HEADERS_FOLDER_PATH\=Headers
    export CACHE_ROOT\=/var/folders/2z/d087lq6n4d1_lvddlb12y_9r0000gn/C/com.apple.DeveloperTools/27.0-27A266a/Xcode
    export CCHROOT\=/var/folders/2z/d087lq6n4d1_lvddlb12y_9r0000gn/C/com.apple.DeveloperTools/27.0-27A266a/Xcode
    export CHMOD\=/bin/chmod
    export CHOWN\=chown
    export CLANG_ANALYZER_LOCALIZABILITY_NONLOCALIZED\=YES
    export CLANG_ANALYZER_NONNULL\=YES
    export CLANG_ANALYZER_NUMBER_OBJECT_CONVERSION\=YES_AGGRESSIVE
    export CLANG_CACHE_FINE_GRAINED_OUTPUTS\=YES
    export CLANG_CXX_LANGUAGE_STANDARD\=c++20
    export CLANG_CXX_LIBRARY\=libc++
    export CLANG_ENABLE_EXPLICIT_MODULES\=YES
    export CLANG_ENABLE_MODULES\=YES
    export CLANG_ENABLE_OBJC_ARC\=YES
    export CLANG_ENABLE_OBJC_WEAK\=NO
    export CLANG_MODULES_BUILD_SESSION_FILE\=/Users/sparkles/Library/Developer/Xcode/DerivedData/ModuleCache.noindex/Session.modulevalidation
    export CLANG_WARN_BLOCK_CAPTURE_AUTORELEASING\=YES
    export CLANG_WARN_BOOL_CONVERSION\=YES
    export CLANG_WARN_COMMA\=YES
    export CLANG_WARN_CONSTANT_CONVERSION\=YES
    export CLANG_WARN_DEPRECATED_OBJC_IMPLEMENTATIONS\=YES
    export CLANG_WARN_DIRECT_OBJC_ISA_USAGE\=YES_ERROR
    export CLANG_WARN_DOCUMENTATION_COMMENTS\=YES
    export CLANG_WARN_EMPTY_BODY\=YES
    export CLANG_WARN_ENUM_CONVERSION\=YES
    export CLANG_WARN_INFINITE_RECURSION\=YES
    export CLANG_WARN_INT_CONVERSION\=YES
    export CLANG_WARN_NON_LITERAL_NULL_CONVERSION\=YES
    export CLANG_WARN_OBJC_IMPLICIT_RETAIN_SELF\=YES
    export CLANG_WARN_OBJC_LITERAL_CONVERSION\=YES
    export CLANG_WARN_OBJC_ROOT_CLASS\=YES_ERROR
    export CLANG_WARN_QUOTED_INCLUDE_IN_FRAMEWORK_HEADER\=NO
    export CLANG_WARN_RANGE_LOOP_ANALYSIS\=YES
    export CLANG_WARN_STRICT_PROTOTYPES\=YES
    export CLANG_WARN_SUSPICIOUS_MOVE\=YES
    export CLANG_WARN_UNGUARDED_AVAILABILITY\=YES_AGGRESSIVE
    export CLANG_WARN_UNREACHABLE_CODE\=YES
    export CLANG_WARN__DUPLICATE_METHOD_MATCH\=YES
    export CLASS_FILE_DIR\=/Users/sparkles/Library/Developer/Xcode/DerivedData/Expensio-futtgngxcysvvhcljmosbeftqmyc/Build/Intermediates.noindex/Pods.build/Debug-iphonesimulator/ExpoModulesCore.build/JavaClasses
    export CLEAN_PRECOMPS\=YES
    export CLONE_HEADERS\=NO
    export CODESIGNING_FOLDER_PATH\=/Users/sparkles/Library/Developer/Xcode/DerivedData/Expensio-futtgngxcysvvhcljmosbeftqmyc/Build/Products/Debug-iphonesimulator/ExpoModulesCore/
    export CODE_SIGNING_ALLOWED\=NO
    export CODE_SIGNING_REQUIRED\=YES
    export CODE_SIGN_CONTEXT_CLASS\=XCiPhoneSimulatorCodeSignContext
    export CODE_SIGN_IDENTITY\=-
    export CODE_SIGN_INJECT_BASE_ENTITLEMENTS\=YES
    export COLOR_DIAGNOSTICS\=NO
    export COMBINE_HIDPI_IMAGES\=NO
    export COMPILATION_CACHE_CAS_PATH\=/Users/sparkles/Library/Developer/Xcode/DerivedData/CompilationCache.noindex
    export COMPILATION_CACHE_KEEP_CAS_DIRECTORY\=YES
    export COMPILER_INDEX_STORE_ENABLE\=Default
    export COMPOSITE_SDK_DIRS\=/Users/sparkles/Library/Developer/Xcode/DerivedData/Expensio-futtgngxcysvvhcljmosbeftqmyc/Build/Intermediates.noindex/CompositeSDKs
    export COMPRESS_PNG_FILES\=YES
    export CONFIGURATION\=Debug
    export CONFIGURATION_BUILD_DIR\=/Users/sparkles/Library/Developer/Xcode/DerivedData/Expensio-futtgngxcysvvhcljmosbeftqmyc/Build/Products/Debug-iphonesimulator/ExpoModulesCore
    export CONFIGURATION_TEMP_DIR\=/Users/sparkles/Library/Developer/Xcode/DerivedData/Expensio-futtgngxcysvvhcljmosbeftqmyc/Build/Intermediates.noindex/Pods.build/Debug-iphonesimulator
    export COPYING_PRESERVES_HFS_DATA\=NO
    export COPY_HEADERS_RUN_UNIFDEF\=NO
    export COPY_PHASE_STRIP\=NO
    export CORRESPONDING_DEVICE_PLATFORM_DIR\=/Applications/Xcode.app/Contents/Developer/Platforms/iPhoneOS.platform
    export CORRESPONDING_DEVICE_PLATFORM_NAME\=iphoneos
    export CORRESPONDING_DEVICE_SDK_DIR\=/Applications/Xcode.app/Contents/Developer/Platforms/iPhoneOS.platform/Developer/SDKs/iPhoneOS27.0.sdk
    export CORRESPONDING_DEVICE_SDK_NAME\=iphoneos27.0
    export CP\=/bin/cp
    export CREATE_INFOPLIST_SECTION_IN_BINARY\=NO
    export CURRENT_ARCH\=undefined_arch
    export CURRENT_VARIANT\=normal
    export DEAD_CODE_STRIPPING\=YES
    export DEBUGGING_SYMBOLS\=YES
    export DEBUG_INFORMATION_FORMAT\=dwarf
    export DEBUG_INFORMATION_VERSION\=compiler-default
    export DEFAULT_COMPILER\=com.apple.compilers.llvm.clang.1_0
    export DEFAULT_DEXT_INSTALL_PATH\=/System/Library/DriverExtensions
    export DEFAULT_KEXT_INSTALL_PATH\=/System/Library/Extensions
    export DEFINES_MODULE\=YES
    export DEPLOYMENT_LOCATION\=NO
    export DEPLOYMENT_POSTPROCESSING\=NO
    export DEPLOYMENT_TARGET_SETTING_NAME\=IPHONEOS_DEPLOYMENT_TARGET
    export DEPLOYMENT_TARGET_SUGGESTED_VALUES\=15.0\ 15.1\ 15.2\ 15.3\ 15.4\ 15.5\ 15.6\ 16.0\ 16.1\ 16.2\ 16.3\ 16.4\ 16.5\ 16.6\ 17.0\ 17.1\ 17.2\ 17.3\ 17.4\ 17.5\ 17.6\ 18.0\ 18.1\ 18.2\ 18.3\ 18.4\ 18.5\ 18.6\ 26.0\ 26.2\ 26.3\ 26.4\ 26.5\ 26.6\ 27.0
    export DERIVED_FILES_DIR\=/Users/sparkles/Library/Developer/Xcode/DerivedData/Expensio-futtgngxcysvvhcljmosbeftqmyc/Build/Intermediates.noindex/Pods.build/Debug-iphonesimulator/ExpoModulesCore.build/DerivedSources
    export DERIVED_FILE_DIR\=/Users/sparkles/Library/Developer/Xcode/DerivedData/Expensio-futtgngxcysvvhcljmosbeftqmyc/Build/Intermediates.noindex/Pods.build/Debug-iphonesimulator/ExpoModulesCore.build/DerivedSources
    export DERIVED_SOURCES_DIR\=/Users/sparkles/Library/Developer/Xcode/DerivedData/Expensio-futtgngxcysvvhcljmosbeftqmyc/Build/Intermediates.noindex/Pods.build/Debug-iphonesimulator/ExpoModulesCore.build/DerivedSources
    export DEVELOPER_APPLICATIONS_DIR\=/Applications/Xcode.app/Contents/Developer/Applications
    export DEVELOPER_BIN_DIR\=/Applications/Xcode.app/Contents/Developer/usr/bin
    export DEVELOPER_DIR\=/Applications/Xcode.app/Contents/Developer
    export DEVELOPER_FRAMEWORKS_DIR\=/Applications/Xcode.app/Contents/Developer/Library/Frameworks
    export DEVELOPER_FRAMEWORKS_DIR_QUOTED\=/Applications/Xcode.app/Contents/Developer/Library/Frameworks
    export DEVELOPER_LIBRARY_DIR\=/Applications/Xcode.app/Contents/Developer/Library
    export DEVELOPER_SDK_DIR\=/Applications/Xcode.app/Contents/Developer/Platforms/MacOSX.platform/Developer/SDKs
    export DEVELOPER_TOOLS_DIR\=/Applications/Xcode.app/Contents/Developer/Tools
    export DEVELOPER_USR_DIR\=/Applications/Xcode.app/Contents/Developer/usr
    export DEVELOPMENT_LANGUAGE\=en
    export DIAGNOSE_MISSING_TARGET_DEPENDENCIES\=YES
    export DIFF\=/usr/bin/diff
    export DONT_GENERATE_INFOPLIST_FILE\=NO
    export DSTROOT\=/tmp/Pods.dst
    export DT_TOOLCHAIN_DIR\=/Applications/Xcode.app/Contents/Developer/Toolchains/XcodeDefault.xctoolchain
    export DWARF_DSYM_FILE_NAME\=.dSYM
    export DWARF_DSYM_FILE_SHOULD_ACCOMPANY_PRODUCT\=NO
    export DWARF_DSYM_FOLDER_PATH\=/Users/sparkles/Library/Developer/Xcode/DerivedData/Expensio-futtgngxcysvvhcljmosbeftqmyc/Build/Products/Debug-iphonesimulator/ExpoModulesCore
    export DYNAMIC_LIBRARY_EXTENSION\=dylib
    export EAGER_COMPILATION_ALLOW_SCRIPTS\=NO
    export EAGER_LINKING\=NO
    export EFFECTIVE_PLATFORM_NAME\=-iphonesimulator
    export EFFECTIVE_SWIFT_VERSION\=5
    export EMBEDDED_CONTENT_CONTAINS_SWIFT\=NO
    export EMBED_ASSET_PACKS_IN_PRODUCT_BUNDLE\=NO
    export ENABLE_APP_SANDBOX\=NO
    export ENABLE_CODE_COVERAGE\=YES
    export ENABLE_COHORT_ARCHS\=YES
    export ENABLE_CPLUSPLUS_BOUNDS_SAFE_BUFFERS\=NO
    export ENABLE_C_BOUNDS_SAFETY\=NO
    export ENABLE_DEFAULT_HEADER_SEARCH_PATHS\=YES
    export ENABLE_DEFAULT_SEARCH_PATHS\=YES
    export ENABLE_ENHANCED_SECURITY\=NO
    export ENABLE_HARDENED_RUNTIME\=NO
    export ENABLE_HARDWARE_CHECKED_POINTER_ARITHMETIC_SLICE\=NO
    export ENABLE_HEADER_DEPENDENCIES\=YES
    export ENABLE_INCOMING_NETWORK_CONNECTIONS\=NO
    export ENABLE_MODULE_VERIFIER\=YES
    export ENABLE_ON_DEMAND_RESOURCES\=NO
    export ENABLE_OUTGOING_NETWORK_CONNECTIONS\=NO
    export ENABLE_POINTER_AUTHENTICATION\=NO
    export ENABLE_PREVIEWS\=NO
    export ENABLE_RESOURCE_ACCESS_AUDIO_INPUT\=NO
    export ENABLE_RESOURCE_ACCESS_BLUETOOTH\=NO
    export ENABLE_RESOURCE_ACCESS_CALENDARS\=NO
    export ENABLE_RESOURCE_ACCESS_CAMERA\=NO
    export ENABLE_RESOURCE_ACCESS_CONTACTS\=NO
    export ENABLE_RESOURCE_ACCESS_LOCATION\=NO
    export ENABLE_RESOURCE_ACCESS_PHOTO_LIBRARY\=NO
    export ENABLE_RESOURCE_ACCESS_PRINTING\=NO
    export ENABLE_RESOURCE_ACCESS_USB\=NO
    export ENABLE_SDK_IMPORTS\=NO
    export ENABLE_SECURITY_COMPILER_WARNINGS\=NO
    export ENABLE_STRICT_OBJC_MSGSEND\=YES
    export ENABLE_TESTABILITY\=YES
    export ENABLE_TESTING_SEARCH_PATHS\=NO
    export ENABLE_USER_SCRIPT_SANDBOXING\=NO
    export ENABLE_XOJIT_PREVIEWS\=YES
    export ENFORCE_VALID_ARCHS\=YES
    export ENTITLEMENTS_DESTINATION\=__entitlements
    export ENTITLEMENTS_REQUIRED\=YES
    export EXCLUDED_INSTALLSRC_SUBDIRECTORY_PATTERNS\=.DS_Store\ .svn\ .git\ .hg\ CVS
    export EXCLUDED_RECURSIVE_SEARCH_PATH_SUBDIRECTORIES\=\*.nib\ \*.lproj\ \*.framework\ \*.gch\ \*.xcode\*\ \*.xcassets\ \*.icon\ \(\*\)\ .DS_Store\ CVS\ .svn\ .git\ .hg\ \*.pbproj\ \*.pbxproj
    export FILE_LIST\=/Users/sparkles/Library/Developer/Xcode/DerivedData/Expensio-futtgngxcysvvhcljmosbeftqmyc/Build/Intermediates.noindex/Pods.build/Debug-iphonesimulator/ExpoModulesCore.build/Objects/LinkFileList
    export FIXED_FILES_DIR\=/Users/sparkles/Library/Developer/Xcode/DerivedData/Expensio-futtgngxcysvvhcljmosbeftqmyc/Build/Intermediates.noindex/Pods.build/Debug-iphonesimulator/ExpoModulesCore.build/FixedFiles
    export FRAMEWORK_SEARCH_PATHS\=\ \"/Users/sparkles/Documents/CodingFiles/FullStack/expensioApp/frontend/ios/Pods/../../node_modules/expo-modules-jsi/apple/Products\"\ \"/Users/sparkles/Documents/CodingFiles/FullStack/expensioApp/frontend/ios/Pods/ExpoModulesCore\"\ \"/Users/sparkles/Documents/CodingFiles/FullStack/expensioApp/frontend/ios/Pods/React-Core-prebuilt\"\ \"/Users/sparkles/Documents/CodingFiles/FullStack/expensioApp/frontend/ios/Pods/ReactNativeDependencies/framework/packages/react-native\"\ \"/Users/sparkles/Documents/CodingFiles/FullStack/expensioApp/frontend/ios/Pods/hermes-engine/destroot/Library/Frameworks/universal\"\ \"/Users/sparkles/Library/Developer/Xcode/DerivedData/Expensio-futtgngxcysvvhcljmosbeftqmyc/Build/Products/Debug-iphonesimulator/XCFrameworkIntermediates/ExpoModulesCore\"\ \"/Users/sparkles/Library/Developer/Xcode/DerivedData/Expensio-futtgngxcysvvhcljmosbeftqmyc/Build/Products/Debug-iphonesimulator/XCFrameworkIntermediates/ExpoModulesJSI\"\ \"/Users/sparkles/Library/Developer/Xcode/DerivedData/Expensio-futtgngxcysvvhcljmosbeftqmyc/Build/Products/Debug-iphonesimulator/XCFrameworkIntermediates/React-Core-prebuilt\"\ \"/Users/sparkles/Library/Developer/Xcode/DerivedData/Expensio-futtgngxcysvvhcljmosbeftqmyc/Build/Products/Debug-iphonesimulator/XCFrameworkIntermediates/ReactNativeDependencies\"\ \"/Users/sparkles/Library/Developer/Xcode/DerivedData/Expensio-futtgngxcysvvhcljmosbeftqmyc/Build/Products/Debug-iphonesimulator/XCFrameworkIntermediates/hermes-engine/Pre-built\"
    export FRAMEWORK_VERSION\=A
    export FUSE_BUILD_PHASES\=YES
    export FUSE_BUILD_SCRIPT_PHASES\=NO
    export GCC3_VERSION\=3.3
    export GCC_C_LANGUAGE_STANDARD\=gnu11
    export GCC_DYNAMIC_NO_PIC\=NO
    export GCC_NO_COMMON_BLOCKS\=YES
    export GCC_OBJC_LEGACY_DISPATCH\=YES
    export GCC_OPTIMIZATION_LEVEL\=0
    export GCC_PFE_FILE_C_DIALECTS\=c\ objective-c\ c++\ objective-c++
    export GCC_PREPROCESSOR_DEFINITIONS\=POD_CONFIGURATION_DEBUG\=1\ DEBUG\=1\ \ COCOAPODS\=1\ POD_CONFIGURATION_DEBUG\=1\ DEBUG\=1\ \ EXPO_MODULES_CORE_VERSION\=57.0.19
    export GCC_SYMBOLS_PRIVATE_EXTERN\=NO
    export GCC_TREAT_WARNINGS_AS_ERRORS\=NO
    export GCC_VERSION\=com.apple.compilers.llvm.clang.1_0
    export GCC_VERSION_IDENTIFIER\=com_apple_compilers_llvm_clang_1_0
    export GCC_WARN_64_TO_32_BIT_CONVERSION\=YES
    export GCC_WARN_ABOUT_RETURN_TYPE\=YES_ERROR
    export GCC_WARN_UNDECLARED_SELECTOR\=YES
    export GCC_WARN_UNINITIALIZED_AUTOS\=YES_AGGRESSIVE
    export GCC_WARN_UNUSED_FUNCTION\=YES
    export GCC_WARN_UNUSED_VARIABLE\=YES
    export GENERATED_MODULEMAP_DIR\=/Users/sparkles/Library/Developer/Xcode/DerivedData/Expensio-futtgngxcysvvhcljmosbeftqmyc/Build/Intermediates.noindex/GeneratedModuleMaps-iphonesimulator
    export GENERATE_INFOPLIST_FILE\=NO
    export GENERATE_INTERMEDIATE_TEXT_BASED_STUBS\=YES
    export GENERATE_PKGINFO_FILE\=NO
    export GENERATE_PRELINK_OBJECT_FILE\=NO
    export GENERATE_PROFILING_CODE\=NO
    export GENERATE_TEXT_BASED_STUBS\=NO
    export GID\=20
    export GROUP\=staff
    export HEADERMAP_INCLUDES_FLAT_ENTRIES_FOR_TARGET_BEING_BUILT\=YES
    export HEADERMAP_INCLUDES_FRAMEWORK_ENTRIES_FOR_ALL_PRODUCT_TYPES\=YES
    export HEADERMAP_INCLUDES_FRAMEWORK_ENTRIES_FOR_TARGETS_NOT_BEING_BUILT\=YES
    export HEADERMAP_INCLUDES_NONPUBLIC_NONPRIVATE_HEADERS\=YES
    export HEADERMAP_INCLUDES_PROJECT_HEADERS\=YES
    export HEADERMAP_USES_FRAMEWORK_PREFIX_ENTRIES\=YES
    export HEADERMAP_USES_VFS\=YES
    export HEADER_SEARCH_PATHS\=\ \"/Users/sparkles/Documents/CodingFiles/FullStack/expensioApp/frontend/ios/Pods/Headers/Public\"\ \"/Users/sparkles/Documents/CodingFiles/FullStack/expensioApp/frontend/ios/Pods/Headers/Public/FBLazyVector\"\ \"/Users/sparkles/Documents/CodingFiles/FullStack/expensioApp/frontend/ios/Pods/Headers/Public/RCTRequired\"\ \"/Users/sparkles/Documents/CodingFiles/FullStack/expensioApp/frontend/ios/Pods/Headers/Public/RCTSwiftUIWrapper\"\ \"/Users/sparkles/Documents/CodingFiles/FullStack/expensioApp/frontend/ios/Pods/Headers/Public/RCTTypeSafety\"\ \"/Users/sparkles/Documents/CodingFiles/FullStack/expensioApp/frontend/ios/Pods/Headers/Public/React-Core\"\ \"/Users/sparkles/Documents/CodingFiles/FullStack/expensioApp/frontend/ios/Pods/Headers/Public/React-Core-prebuilt\"\ \"/Users/sparkles/Documents/CodingFiles/FullStack/expensioApp/frontend/ios/Pods/Headers/Public/React-CoreModules\"\ \"/Users/sparkles/Documents/CodingFiles/FullStack/expensioApp/frontend/ios/Pods/Headers/Public/React-Fabric\"\ \"/Users/sparkles/Documents/CodingFiles/FullStack/expensioApp/frontend/ios/Pods/Headers/Public/React-FabricComponents\"\ \"/Users/sparkles/Documents/CodingFiles/FullStack/expensioApp/frontend/ios/Pods/Headers/Public/React-FabricImage\"\ \"/Users/sparkles/Documents/CodingFiles/FullStack/expensioApp/frontend/ios/Pods/Headers/Public/React-ImageManager\"\ \"/Users/sparkles/Documents/CodingFiles/FullStack/expensioApp/frontend/ios/Pods/Headers/Public/React-Mapbuffer\"\ \"/Users/sparkles/Documents/CodingFiles/FullStack/expensioApp/frontend/ios/Pods/Headers/Public/React-NativeModulesApple\"\ \"/Users/sparkles/Documents/CodingFiles/FullStack/expensioApp/frontend/ios/Pods/Headers/Public/React-RCTAnimation\"\ \"/Users/sparkles/Documents/CodingFiles/FullStack/expensioApp/frontend/ios/Pods/Headers/Public/React-RCTBlob\"\ \"/Users/sparkles/Documents/CodingFiles/FullStack/expensioApp/frontend/ios/Pods/Headers/Public/React-RCTFBReactNativeSpec\"\ \"/Users/sparkles/Documents/CodingFiles/FullStack/expensioApp/frontend/ios/Pods/Headers/Public/React-RCTFabric\"\ \"/Users/sparkles/Documents/CodingFiles/FullStack/expensioApp/frontend/ios/Pods/Headers/Public/React-RCTImage\"\ \"/Users/sparkles/Documents/CodingFiles/FullStack/expensioApp/frontend/ios/Pods/Headers/Public/React-RCTRuntime\"\ \"/Users/sparkles/Documents/CodingFiles/FullStack/expensioApp/frontend/ios/Pods/Headers/Public/React-RCTText\"\ \"/Users/sparkles/Documents/CodingFiles/FullStack/expensioApp/frontend/ios/Pods/Headers/Public/React-RuntimeApple\"\ \"/Users/sparkles/Documents/CodingFiles/FullStack/expensioApp/frontend/ios/Pods/Headers/Public/React-RuntimeCore\"\ \"/Users/sparkles/Documents/CodingFiles/FullStack/expensioApp/frontend/ios/Pods/Headers/Public/React-RuntimeHermes\"\ \"/Users/sparkles/Documents/CodingFiles/FullStack/expensioApp/frontend/ios/Pods/Headers/Public/React-callinvoker\"\ \"/Users/sparkles/Documents/CodingFiles/FullStack/expensioApp/frontend/ios/Pods/Headers/Public/React-cxxreact\"\ \"/Users/sparkles/Documents/CodingFiles/FullStack/expensioApp/frontend/ios/Pods/Headers/Public/React-debug\"\ \"/Users/sparkles/Documents/CodingFiles/FullStack/expensioApp/frontend/ios/Pods/Headers/Public/React-defaultsnativemodule\"\ \"/Users/sparkles/Documents/CodingFiles/FullStack/expensioApp/frontend/ios/Pods/Headers/Public/React-domnativemodule\"\ \"/Users/sparkles/Documents/CodingFiles/FullStack/expensioApp/frontend/ios/Pods/Headers/Public/React-featureflags\"\ \"/Users/sparkles/Documents/CodingFiles/FullStack/expensioApp/frontend/ios/Pods/Headers/Public/React-featureflagsnativemodule\"\ \"/Users/sparkles/Documents/CodingFiles/FullStack/expensioApp/frontend/ios/Pods/Headers/Public/React-graphics\"\ \"/Users/sparkles/Documents/CodingFiles/FullStack/expensioApp/frontend/ios/Pods/Headers/Public/React-hermes\"\ \"/Users/sparkles/Documents/CodingFiles/FullStack/expensioApp/frontend/ios/Pods/Headers/Public/React-idlecallbacksnativemodule\"\ \"/Users/sparkles/Documents/CodingFiles/FullStack/expensioApp/frontend/ios/Pods/Headers/Public/React-intersectionobservernativemodule\"\ \"/Users/sparkles/Documents/CodingFiles/FullStack/expensioApp/frontend/ios/Pods/Headers/Public/React-jserrorhandler\"\ \"/Users/sparkles/Documents/CodingFiles/FullStack/expensioApp/frontend/ios/Pods/Headers/Public/React-jsi\"\ \"/Users/sparkles/Documents/CodingFiles/FullStack/expensioApp/frontend/ios/Pods/Headers/Public/React-jsiexecutor\"\ \"/Users/sparkles/Documents/CodingFiles/FullStack/expensioApp/frontend/ios/Pods/Headers/Public/React-jsinspector\"\ \"/Users/sparkles/Documents/CodingFiles/FullStack/expensioApp/frontend/ios/Pods/Headers/Public/React-jsinspectorcdp\"\ \"/Users/sparkles/Documents/CodingFiles/FullStack/expensioApp/frontend/ios/Pods/Headers/Public/React-jsinspectornetwork\"\ \"/Users/sparkles/Documents/CodingFiles/FullStack/expensioApp/frontend/ios/Pods/Headers/Public/React-jsinspectortracing\"\ \"/Users/sparkles/Documents/CodingFiles/FullStack/expensioApp/frontend/ios/Pods/Headers/Public/React-jsitooling\"\ \"/Users/sparkles/Documents/CodingFiles/FullStack/expensioApp/frontend/ios/Pods/Headers/Public/React-logger\"\ \"/Users/sparkles/Documents/CodingFiles/FullStack/expensioApp/frontend/ios/Pods/Headers/Public/React-microtasksnativemodule\"\ \"/Users/sparkles/Documents/CodingFiles/FullStack/expensioApp/frontend/ios/Pods/Headers/Public/React-mutationobservernativemodule\"\ \"/Users/sparkles/Documents/CodingFiles/FullStack/expensioApp/frontend/ios/Pods/Headers/Public/React-networking\"\ \"/Users/sparkles/Documents/CodingFiles/FullStack/expensioApp/frontend/ios/Pods/Headers/Public/React-oscompat\"\ \"/Users/sparkles/Documents/CodingFiles/FullStack/expensioApp/frontend/ios/Pods/Headers/Public/React-perflogger\"\ \"/Users/sparkles/Documents/CodingFiles/FullStack/expensioApp/frontend/ios/Pods/Headers/Public/React-performancecdpmetrics\"\ \"/Users/sparkles/Documents/CodingFiles/FullStack/expensioApp/frontend/ios/Pods/Headers/Public/React-performancetimeline\"\ \"/Users/sparkles/Documents/CodingFiles/FullStack/expensioApp/frontend/ios/Pods/Headers/Public/React-rendererconsistency\"\ \"/Users/sparkles/Documents/CodingFiles/FullStack/expensioApp/frontend/ios/Pods/Headers/Public/React-renderercss\"\ \"/Users/sparkles/Documents/CodingFiles/FullStack/expensioApp/frontend/ios/Pods/Headers/Public/React-rendererdebug\"\ \"/Users/sparkles/Documents/CodingFiles/FullStack/expensioApp/frontend/ios/Pods/Headers/Public/React-runtimeexecutor\"\ \"/Users/sparkles/Documents/CodingFiles/FullStack/expensioApp/frontend/ios/Pods/Headers/Public/React-runtimescheduler\"\ \"/Users/sparkles/Documents/CodingFiles/FullStack/expensioApp/frontend/ios/Pods/Headers/Public/React-timing\"\ \"/Users/sparkles/Documents/CodingFiles/FullStack/expensioApp/frontend/ios/Pods/Headers/Public/React-utils\"\ \"/Users/sparkles/Documents/CodingFiles/FullStack/expensioApp/frontend/ios/Pods/Headers/Public/React-viewtransitionnativemodule\"\ \"/Users/sparkles/Documents/CodingFiles/FullStack/expensioApp/frontend/ios/Pods/Headers/Public/React-webperformancenativemodule\"\ \"/Users/sparkles/Documents/CodingFiles/FullStack/expensioApp/frontend/ios/Pods/Headers/Public/ReactCodegen\"\ \"/Users/sparkles/Documents/CodingFiles/FullStack/expensioApp/frontend/ios/Pods/Headers/Public/ReactCommon\"\ \"/Users/sparkles/Documents/CodingFiles/FullStack/expensioApp/frontend/ios/Pods/Headers/Public/ReactNativeDependencies\"\ \"/Users/sparkles/Documents/CodingFiles/FullStack/expensioApp/frontend/ios/Pods/Headers/Public/Yoga\"\ \"/Users/sparkles/Documents/CodingFiles/FullStack/expensioApp/frontend/ios/Pods/Headers/Public/hermes-engine\"\ \"/Users/sparkles/Documents/CodingFiles/FullStack/expensioApp/frontend/ios/Pods/React-jsinspector\"\ \"/Users/sparkles/Documents/CodingFiles/FullStack/expensioApp/frontend/ios/Pods/Headers/Private/Yoga\"\ \"/Users/sparkles/Documents/CodingFiles/FullStack/expensioApp/frontend/ios/Pods/ExpoModulesCore/ExpoModulesCore.xcframework/ios-arm64_x86_64-simulator/ExpoModulesCore.framework/Headers\"\ \"/Users/sparkles/Documents/CodingFiles/FullStack/expensioApp/frontend/ios/Pods/ExpoModulesCore/ExpoModulesCore.xcframework/ios-arm64/ExpoModulesCore.framework/Headers\"\ \"/Users/sparkles/Documents/CodingFiles/FullStack/expensioApp/frontend/ios/Pods/ExpoModulesCore/ExpoModulesCore.xcframework/ios-arm64_x86_64-simulator/ExpoModulesCore.framework/Headers\"\ \"/Users/sparkles/Documents/CodingFiles/FullStack/expensioApp/frontend/ios/Pods/ExpoModulesCore/ExpoModulesCore.xcframework/ios-arm64/ExpoModulesCore.framework/Headers\"
    export HOME\=/Users/sparkles
    export HOST_ARCH\=arm64
    export HOST_PLATFORM\=macosx
    export ICONV\=/usr/bin/iconv
    export IMPLICIT_DEPENDENCY_DOMAIN\=default
    export INDEX_ENABLE_OPTIMIZATION_LEVEL_OVERRIDE\=YES
    export INDEX_STORE_COMPRESS\=NO
    export INDEX_STORE_ONLY_PROJECT_FILES\=NO
    export INFOPLIST_ENABLE_CFBUNDLEICONS_MERGE\=YES
    export INFOPLIST_EXPAND_BUILD_SETTINGS\=YES
    export INFOPLIST_OUTPUT_FORMAT\=binary
    export INFOPLIST_PREPROCESS\=NO
    export INLINE_PRIVATE_FRAMEWORKS\=NO
    export INSTALLAPI_IGNORE_SKIP_INSTALL\=YES
    export INSTALLHDRS_COPY_PHASE\=NO
    export INSTALLHDRS_SCRIPT_PHASE\=NO
    export INSTALL_DIR\=/tmp/Pods.dst
    export INSTALL_GROUP\=staff
    export INSTALL_MODE_FLAG\=u+w,go-w,a+rX
    export INSTALL_OWNER\=sparkles
    export INSTALL_ROOT\=/tmp/Pods.dst
    export IPHONEOS_DEPLOYMENT_TARGET\=17.0
    export IS_UNOPTIMIZED_BUILD\=YES
    export JAVAC_DEFAULT_FLAGS\=-J-Xms64m\ -J-XX:NewSize\=4M\ -J-Dfile.encoding\=UTF8
    export JAVA_APP_STUB\=/System/Library/Frameworks/JavaVM.framework/Resources/MacOS/JavaApplicationStub
    export JAVA_ARCHIVE_CLASSES\=YES
    export JAVA_ARCHIVE_TYPE\=JAR
    export JAVA_COMPILER\=/usr/bin/javac
    export JAVA_FRAMEWORK_RESOURCES_DIRS\=Resources
    export JAVA_JAR_FLAGS\=cv
    export JAVA_SOURCE_SUBDIR\=.
    export JAVA_USE_DEPENDENCIES\=YES
    export JAVA_ZIP_FLAGS\=-urg
    export JIKES_DEFAULT_FLAGS\=+E\ +OLDCSO
    export KEEP_PRIVATE_EXTERNS\=NO
    export LD_DEPENDENCY_INFO_FILE\=/Users/sparkles/Library/Developer/Xcode/DerivedData/Expensio-futtgngxcysvvhcljmosbeftqmyc/Build/Intermediates.noindex/Pods.build/Debug-iphonesimulator/ExpoModulesCore.build/Objects-normal/undefined_arch/ExpoModulesCore_dependency_info.dat
    export LD_EXPORT_GLOBAL_SYMBOLS\=YES
    export LD_EXPORT_SYMBOLS\=YES
    export LD_GENERATE_MAP_FILE\=NO
    export LD_MAP_FILE_PATH\=/Users/sparkles/Library/Developer/Xcode/DerivedData/Expensio-futtgngxcysvvhcljmosbeftqmyc/Build/Intermediates.noindex/Pods.build/Debug-iphonesimulator/ExpoModulesCore.build/ExpoModulesCore-LinkMap-normal-undefined_arch.txt
    export LD_NO_PIE\=NO
    export LD_QUOTE_LINKER_ARGUMENTS_FOR_COMPILER_DRIVER\=YES
    export LD_RUNPATH_SEARCH_PATHS\=\ @executable_path/Frameworks
    export LD_SHARED_CACHE_ELIGIBLE\=Automatic
    export LD_WARN_DUPLICATE_LIBRARIES\=NO
    export LD_WARN_UNUSED_DYLIBS\=NO
    export LEGACY_DEVELOPER_DIR\=/Applications/Xcode.app/Contents/PlugIns/Xcode3Core.ideplugin/Contents/SharedSupport/Developer
    export LEX\=lex
    export LIBRARY_DEXT_INSTALL_PATH\=/Library/DriverExtensions
    export LIBRARY_FLAG_NOSPACE\=YES
    export LIBRARY_KEXT_INSTALL_PATH\=/Library/Extensions
    export LINKER_DISPLAYS_MANGLED_NAMES\=NO
    export LINK_FILE_LIST_normal_arm64\=/Users/sparkles/Library/Developer/Xcode/DerivedData/Expensio-futtgngxcysvvhcljmosbeftqmyc/Build/Intermediates.noindex/Pods.build/Debug-iphonesimulator/ExpoModulesCore.build/Objects-normal/arm64/ExpoModulesCore.LinkFileList
    export LINK_FILE_LIST_normal_x86_64\=/Users/sparkles/Library/Developer/Xcode/DerivedData/Expensio-futtgngxcysvvhcljmosbeftqmyc/Build/Intermediates.noindex/Pods.build/Debug-iphonesimulator/ExpoModulesCore.build/Objects-normal/x86_64/ExpoModulesCore.LinkFileList
    export LINK_OBJC_RUNTIME\=YES
    export LINK_WITH_STANDARD_LIBRARIES\=YES
    export LLVM_TARGET_TRIPLE_OS_VERSION\=ios17.0
    export LLVM_TARGET_TRIPLE_SUFFIX\=-simulator
    export LLVM_TARGET_TRIPLE_VENDOR\=apple
    export LM_AUX_CONST_METADATA_LIST_PATH_normal_arm64\=/Users/sparkles/Library/Developer/Xcode/DerivedData/Expensio-futtgngxcysvvhcljmosbeftqmyc/Build/Intermediates.noindex/Pods.build/Debug-iphonesimulator/ExpoModulesCore.build/Objects-normal/arm64/ExpoModulesCore.SwiftConstValuesFileList
    export LM_AUX_CONST_METADATA_LIST_PATH_normal_x86_64\=/Users/sparkles/Library/Developer/Xcode/DerivedData/Expensio-futtgngxcysvvhcljmosbeftqmyc/Build/Intermediates.noindex/Pods.build/Debug-iphonesimulator/ExpoModulesCore.build/Objects-normal/x86_64/ExpoModulesCore.SwiftConstValuesFileList
    export LOCALIZATION_EXPORT_SUPPORTED\=YES
    export LOCALIZATION_PREFERS_STRING_CATALOGS\=NO
    export LOCALIZED_STRING_CODE_COMMENTS\=NO
    export LOCALIZED_STRING_MACRO_NAMES\=NSLocalizedString\ CFCopyLocalizedString
    export LOCALIZED_STRING_SWIFTUI_SUPPORT\=YES
    export LOCAL_ADMIN_APPS_DIR\=/Applications/Utilities
    export LOCAL_APPS_DIR\=/Applications
    export LOCAL_DEVELOPER_DIR\=/Library/Developer
    export LOCAL_LIBRARY_DIR\=/Library
    export LOCROOT\=/Users/sparkles/Documents/CodingFiles/FullStack/expensioApp/frontend/ios/Pods
    export LOCSYMROOT\=/Users/sparkles/Documents/CodingFiles/FullStack/expensioApp/frontend/ios/Pods
    export MAC_OS_X_PRODUCT_BUILD_VERSION\=26A428
    export MAC_OS_X_VERSION_ACTUAL\=270000
    export MAC_OS_X_VERSION_MAJOR\=270000
    export MAC_OS_X_VERSION_MINOR\=270000
    export MAKE_MERGEABLE\=NO
    export MERGEABLE_LIBRARY\=NO
    export MERGED_BINARY_TYPE\=none
    export MERGE_LINKED_LIBRARIES\=NO
    export METAL_LIBRARY_FILE_BASE\=default
    export METAL_LIBRARY_OUTPUT_DIR\=/Users/sparkles/Library/Developer/Xcode/DerivedData/Expensio-futtgngxcysvvhcljmosbeftqmyc/Build/Products/Debug-iphonesimulator/ExpoModulesCore/
    export MODULE_CACHE_DIR\=/Users/sparkles/Library/Developer/Xcode/DerivedData/ModuleCache.noindex
    export MODULE_VERIFIER_SUPPORTED_LANGUAGE_STANDARDS\=gnu11\ c++20
    export MTL_ENABLE_DEBUG_INFO\=INCLUDE_SOURCE
    export MTL_FAST_MATH\=YES
    export NATIVE_ARCH\=arm64
    export NATIVE_ARCH_32_BIT\=arm
    export NATIVE_ARCH_64_BIT\=arm64
    export NATIVE_ARCH_ACTUAL\=arm64
    export NO_COMMON\=YES
    export OBJC_ABI_VERSION\=2
    export OBJECT_FILE_DIR\=/Users/sparkles/Library/Developer/Xcode/DerivedData/Expensio-futtgngxcysvvhcljmosbeftqmyc/Build/Intermediates.noindex/Pods.build/Debug-iphonesimulator/ExpoModulesCore.build/Objects
    export OBJECT_FILE_DIR_normal\=/Users/sparkles/Library/Developer/Xcode/DerivedData/Expensio-futtgngxcysvvhcljmosbeftqmyc/Build/Intermediates.noindex/Pods.build/Debug-iphonesimulator/ExpoModulesCore.build/Objects-normal
    export OBJROOT\=/Users/sparkles/Library/Developer/Xcode/DerivedData/Expensio-futtgngxcysvvhcljmosbeftqmyc/Build/Intermediates.noindex
    export ONLY_ACTIVE_ARCH\=NO
    export ONLY_ARCH\=multiple_archs
    export OS\=MACOS
    export OSAC\=/usr/bin/osacompile
    export OTHER_CFLAGS\=\ -DRCT_REMOVE_LEGACY_ARCH\=1\ -fmodule-map-file\=\"/Users/sparkles/Documents/CodingFiles/FullStack/expensioApp/frontend/ios/Pods/Headers/Public/ReactCodegen/ReactCodegen.modulemap\"\ \ -DRCT_REMOVE_LEGACY_ARCH\=1\ -ivfsoverlay\ /Users/sparkles/Documents/CodingFiles/FullStack/expensioApp/frontend/ios/Pods/React-Core-prebuilt/React-VFS.yaml
    export OTHER_CPLUSPLUSFLAGS\=\ -DRCT_REMOVE_LEGACY_ARCH\=1\ -fmodule-map-file\=\"/Users/sparkles/Documents/CodingFiles/FullStack/expensioApp/frontend/ios/Pods/Headers/Public/ReactCodegen/ReactCodegen.modulemap\"\ \ -DRCT_REMOVE_LEGACY_ARCH\=1\ -ivfsoverlay\ /Users/sparkles/Documents/CodingFiles/FullStack/expensioApp/frontend/ios/Pods/React-Core-prebuilt/React-VFS.yaml\ -DRCT_REMOVE_LEGACY_ARCH\=1\ -DRCT_NEW_ARCH_ENABLED\=1\ \ -ivfsoverlay\ /Users/sparkles/Documents/CodingFiles/FullStack/expensioApp/frontend/ios/Pods/React-Core-prebuilt/React-VFS.yaml
    export OTHER_SWIFT_FLAGS\=\ -D\ COCOAPODS\ -Xcc\ -fmodule-map-file\=\"/Users/sparkles/Documents/CodingFiles/FullStack/expensioApp/frontend/ios/Pods/Headers/Public/ReactCodegen/ReactCodegen.modulemap\"\ -import-underlying-module\ -Xcc\ -fmodule-map-file\=\"/Users/sparkles/Documents/CodingFiles/FullStack/expensioApp/frontend/ios/Pods/\"\ \ -DRCT_NEW_ARCH_ENABLED\ -Xcc\ -ivfsoverlay\ -Xcc\ /Users/sparkles/Documents/CodingFiles/FullStack/expensioApp/frontend/ios/Pods/React-Core-prebuilt/React-VFS.yaml\ -Xfrontend\ -load-plugin-executable\ -Xfrontend\ \"/Users/sparkles/Documents/CodingFiles/FullStack/expensioApp/frontend/node_modules/@expo/expo-modules-macros-plugin/apple/ExpoModulesMacros-tool\#ExpoModulesMacros\"
    export PASCAL_STRINGS\=YES
    export PATH\=/Applications/Xcode.app/Contents/SharedFrameworks/SwiftBuild.framework/Versions/A/PlugIns/SWBBuildService.bundle/Contents/PlugIns/SWBUniversalPlatformPlugin.bundle/Contents/Frameworks/SWBUniversalPlatform.framework/Resources:/Applications/Xcode.app/Contents/Developer/Toolchains/XcodeDefault.xctoolchain/usr/bin:/Applications/Xcode.app/Contents/Developer/Toolchains/XcodeDefault.xctoolchain/usr/local/bin:/Applications/Xcode.app/Contents/Developer/Toolchains/XcodeDefault.xctoolchain/usr/libexec:/Applications/Xcode.app/Contents/Developer/Platforms/iPhoneSimulator.platform/usr/bin:/Applications/Xcode.app/Contents/Developer/Platforms/iPhoneSimulator.platform/usr/local/bin:/Applications/Xcode.app/Contents/Developer/Platforms/iPhoneSimulator.platform/Developer/usr/bin:/Applications/Xcode.app/Contents/Developer/Platforms/iPhoneSimulator.platform/Developer/usr/local/bin:/Applications/Xcode.app/Contents/Developer/usr/bin:/Applications/Xcode.app/Contents/Developer/usr/local/bin:/Users/sparkles/.gemini/antigravity-ide/bin:/Users/sparkles/.antigravity-ide/antigravity-ide/bin:/opt/homebrew/bin:/opt/homebrew/sbin:/usr/local/bin:/System/Cryptexes/App/usr/bin:/usr/bin:/bin:/usr/sbin:/sbin:/var/run/com.apple.security.cryptexd/codex.system/bootstrap/usr/local/bin:/var/run/com.apple.security.cryptexd/codex.system/bootstrap/usr/bin:/var/run/com.apple.security.cryptexd/codex.system/bootstrap/usr/appleinternal/bin:/pkg/env/global/bin
    export PATH_PREFIXES_EXCLUDED_FROM_HEADER_DEPENDENCIES\=/usr/include\ /usr/local/include\ /System/Library/Frameworks\ /System/Library/PrivateFrameworks\ /Applications/Xcode.app/Contents/Developer/Headers\ /Applications/Xcode.app/Contents/Developer/SDKs\ /Applications/Xcode.app/Contents/Developer/Platforms
    export PER_ARCH_MODULE_FILE_DIR\=/Users/sparkles/Library/Developer/Xcode/DerivedData/Expensio-futtgngxcysvvhcljmosbeftqmyc/Build/Intermediates.noindex/Pods.build/Debug-iphonesimulator/ExpoModulesCore.build/Objects-normal/undefined_arch
    export PER_ARCH_OBJECT_FILE_DIR\=/Users/sparkles/Library/Developer/Xcode/DerivedData/Expensio-futtgngxcysvvhcljmosbeftqmyc/Build/Intermediates.noindex/Pods.build/Debug-iphonesimulator/ExpoModulesCore.build/Objects-normal/undefined_arch
    export PER_VARIANT_OBJECT_FILE_DIR\=/Users/sparkles/Library/Developer/Xcode/DerivedData/Expensio-futtgngxcysvvhcljmosbeftqmyc/Build/Intermediates.noindex/Pods.build/Debug-iphonesimulator/ExpoModulesCore.build/Objects-normal
    export PKGINFO_FILE_PATH\=/Users/sparkles/Library/Developer/Xcode/DerivedData/Expensio-futtgngxcysvvhcljmosbeftqmyc/Build/Intermediates.noindex/Pods.build/Debug-iphonesimulator/ExpoModulesCore.build/PkgInfo
    export PLATFORM_DEVELOPER_APPLICATIONS_DIR\=/Applications/Xcode.app/Contents/Developer/Platforms/iPhoneSimulator.platform/Developer/Applications
    export PLATFORM_DEVELOPER_BIN_DIR\=/Applications/Xcode.app/Contents/Developer/Platforms/iPhoneSimulator.platform/Developer/usr/bin
    export PLATFORM_DEVELOPER_LIBRARY_DIR\=/Applications/Xcode.app/Contents/Developer/Platforms/iPhoneSimulator.platform/Developer/Library
    export PLATFORM_DEVELOPER_SDK_DIR\=/Applications/Xcode.app/Contents/Developer/Platforms/iPhoneSimulator.platform/Developer/SDKs
    export PLATFORM_DEVELOPER_TOOLS_DIR\=/Applications/Xcode.app/Contents/Developer/Platforms/iPhoneSimulator.platform/Developer/Tools
    export PLATFORM_DEVELOPER_USR_DIR\=/Applications/Xcode.app/Contents/Developer/Platforms/iPhoneSimulator.platform/Developer/usr
    export PLATFORM_DIR\=/Applications/Xcode.app/Contents/Developer/Platforms/iPhoneSimulator.platform
    export PLATFORM_DISPLAY_NAME\=iOS\ Simulator
    export PLATFORM_FAMILY_NAME\=iOS
    export PLATFORM_NAME\=iphonesimulator
    export PLATFORM_PREFERRED_ARCH\=x86_64
    export PLATFORM_PRODUCT_BUILD_VERSION\=24A430
    export PLATFORM_REQUIRES_SWIFT_AUTOLINK_EXTRACT\=NO
    export PLATFORM_REQUIRES_SWIFT_MODULEWRAP\=NO
    export PLATFORM_USES_DSYMS\=YES
    export PLIST_FILE_OUTPUT_FORMAT\=binary
    export PODFILE_DIR\=/Users/sparkles/Documents/CodingFiles/FullStack/expensioApp/frontend/ios/Pods/..
    export PODS_BUILD_DIR\=/Users/sparkles/Library/Developer/Xcode/DerivedData/Expensio-futtgngxcysvvhcljmosbeftqmyc/Build/Products
    export PODS_CONFIGURATION_BUILD_DIR\=/Users/sparkles/Library/Developer/Xcode/DerivedData/Expensio-futtgngxcysvvhcljmosbeftqmyc/Build/Products/Debug-iphonesimulator
    export PODS_DEVELOPMENT_LANGUAGE\=en
    export PODS_ROOT\=/Users/sparkles/Documents/CodingFiles/FullStack/expensioApp/frontend/ios/Pods
    export PODS_TARGET_SRCROOT\=/Users/sparkles/Documents/CodingFiles/FullStack/expensioApp/frontend/ios/Pods/ExpoModulesCore
    export PODS_XCFRAMEWORKS_BUILD_DIR\=/Users/sparkles/Library/Developer/Xcode/DerivedData/Expensio-futtgngxcysvvhcljmosbeftqmyc/Build/Products/Debug-iphonesimulator/XCFrameworkIntermediates
    export PRECOMPS_INCLUDE_HEADERS_FROM_BUILT_PRODUCTS_DIR\=YES
    export PRECOMP_DESTINATION_DIR\=/Users/sparkles/Library/Developer/Xcode/DerivedData/Expensio-futtgngxcysvvhcljmosbeftqmyc/Build/Intermediates.noindex/Pods.build/Debug-iphonesimulator/ExpoModulesCore.build/PrefixHeaders
    export PRELINK_DEPENDENCY_INFO_FILE\=/Users/sparkles/Library/Developer/Xcode/DerivedData/Expensio-futtgngxcysvvhcljmosbeftqmyc/Build/Intermediates.noindex/Pods.build/Debug-iphonesimulator/ExpoModulesCore.build/Objects-normal/undefined_arch/ExpoModulesCore_prelink_dependency_info.dat
    export PROCESSED_INFOPLIST_PATH\=/Users/sparkles/Library/Developer/Xcode/DerivedData/Expensio-futtgngxcysvvhcljmosbeftqmyc/Build/Intermediates.noindex/Pods.build/Debug-iphonesimulator/ExpoModulesCore.build/Objects-normal/undefined_arch/Processed-Info.plist
    export PRODUCT_BUNDLE_IDENTIFIER\=org.cocoapods.ExpoModulesCore
    export PRODUCT_MODULE_NAME\=ExpoModulesCore
    export PRODUCT_NAME\=ExpoModulesCore
    export PRODUCT_SETTINGS_PATH\=
    export PROFILING_CODE\=NO
    export PROJECT\=Pods
    export PROJECT_DERIVED_FILE_DIR\=/Users/sparkles/Library/Developer/Xcode/DerivedData/Expensio-futtgngxcysvvhcljmosbeftqmyc/Build/Intermediates.noindex/Pods.build/DerivedSources
    export PROJECT_DIR\=/Users/sparkles/Documents/CodingFiles/FullStack/expensioApp/frontend/ios/Pods
    export PROJECT_FILE_PATH\=/Users/sparkles/Documents/CodingFiles/FullStack/expensioApp/frontend/ios/Pods/Pods.xcodeproj
    export PROJECT_GUID\=8699adb1dd336b26511df848a716bd42
    export PROJECT_NAME\=Pods
    export PROJECT_TEMP_DIR\=/Users/sparkles/Library/Developer/Xcode/DerivedData/Expensio-futtgngxcysvvhcljmosbeftqmyc/Build/Intermediates.noindex/Pods.build
    export PROJECT_TEMP_ROOT\=/Users/sparkles/Library/Developer/Xcode/DerivedData/Expensio-futtgngxcysvvhcljmosbeftqmyc/Build/Intermediates.noindex
    export REACT_NATIVE_PATH\=/Users/sparkles/Documents/CodingFiles/FullStack/expensioApp/frontend/ios/Pods/../../node_modules/react-native
    export RECOMMENDED_IPHONEOS_DEPLOYMENT_TARGET\=17.0
    export RECURSIVE_SEARCH_PATHS_FOLLOW_SYMLINKS\=YES
    export REMOVE_CVS_FROM_RESOURCES\=YES
    export REMOVE_GIT_FROM_RESOURCES\=YES
    export REMOVE_HEADERS_FROM_EMBEDDED_BUNDLES\=YES
    export REMOVE_HG_FROM_RESOURCES\=YES
    export REMOVE_STATIC_EXECUTABLES_FROM_EMBEDDED_BUNDLES\=YES
    export REMOVE_SVN_FROM_RESOURCES\=YES
    export RESCHEDULE_INDEPENDENT_HEADERS_PHASES\=YES
    export REZ_COLLECTOR_DIR\=/Users/sparkles/Library/Developer/Xcode/DerivedData/Expensio-futtgngxcysvvhcljmosbeftqmyc/Build/Intermediates.noindex/Pods.build/Debug-iphonesimulator/ExpoModulesCore.build/ResourceManagerResources
    export REZ_OBJECTS_DIR\=/Users/sparkles/Library/Developer/Xcode/DerivedData/Expensio-futtgngxcysvvhcljmosbeftqmyc/Build/Intermediates.noindex/Pods.build/Debug-iphonesimulator/ExpoModulesCore.build/ResourceManagerResources/Objects
    export RPATH_ORIGIN\=@loader_path
    export RUNTIME_EXCEPTION_ALLOW_DYLD_ENVIRONMENT_VARIABLES\=NO
    export RUNTIME_EXCEPTION_ALLOW_JIT\=NO
    export RUNTIME_EXCEPTION_ALLOW_UNSIGNED_EXECUTABLE_MEMORY\=NO
    export RUNTIME_EXCEPTION_DEBUGGING_TOOL\=NO
    export RUNTIME_EXCEPTION_DISABLE_EXECUTABLE_PAGE_PROTECTION\=NO
    export RUNTIME_EXCEPTION_DISABLE_LIBRARY_VALIDATION\=NO
    export SCANNING_PCM_KEEP_CACHE_DIRECTORY\=YES
    export SCAN_ALL_SOURCE_FILES_FOR_INCLUDES\=NO
    export SCRIPT_INPUT_FILE_0\=/Users/sparkles/Documents/CodingFiles/FullStack/expensioApp/frontend/node_modules/expo-modules-autolinking/scripts/ios/resolve-dsym-sourcemaps.js
    export SCRIPT_INPUT_FILE_COUNT\=1
    export SCRIPT_INPUT_FILE_LIST_COUNT\=0
    export SCRIPT_OUTPUT_FILE_0\=/Users/sparkles/Library/Developer/Xcode/DerivedData/Expensio-futtgngxcysvvhcljmosbeftqmyc/Build/Intermediates.noindex/Pods.build/Debug-iphonesimulator/ExpoModulesCore.build/DerivedSources/expo-dsym-resolve-ExpoModulesCore-Debug.stamp
    export SCRIPT_OUTPUT_FILE_COUNT\=1
    export SCRIPT_OUTPUT_FILE_LIST_COUNT\=0
    export SDKROOT\=/Applications/Xcode.app/Contents/Developer/Platforms/iPhoneSimulator.platform/Developer/SDKs/iPhoneSimulator27.0.sdk
    export SDK_DIR\=/Applications/Xcode.app/Contents/Developer/Platforms/iPhoneSimulator.platform/Developer/SDKs/iPhoneSimulator27.0.sdk
    export SDK_DIR_iphonesimulator\=/Applications/Xcode.app/Contents/Developer/Platforms/iPhoneSimulator.platform/Developer/SDKs/iPhoneSimulator27.0.sdk
    export SDK_DIR_iphonesimulator27_0\=/Applications/Xcode.app/Contents/Developer/Platforms/iPhoneSimulator.platform/Developer/SDKs/iPhoneSimulator27.0.sdk
    export SDK_NAME\=iphonesimulator27.0
    export SDK_NAMES\=iphonesimulator27.0
    export SDK_PRODUCT_BUILD_VERSION\=24A430
    export SDK_STAT_CACHE_DIR\=/Users/sparkles/Library/Developer/Xcode/DerivedData
    export SDK_STAT_CACHE_ENABLE\=YES
    export SDK_STAT_CACHE_PATH\=/Users/sparkles/Library/Developer/Xcode/DerivedData/SDKStatCaches.noindex/iphonesimulator27.0-24A430-8dc58220667be655e1bcc261a7455254.sdkstatcache
    export SDK_VERSION\=27.0
    export SDK_VERSION_ACTUAL\=270000
    export SDK_VERSION_MAJOR\=270000
    export SDK_VERSION_MINOR\=270000
    export SED\=/usr/bin/sed
    export SEPARATE_STRIP\=NO
    export SEPARATE_SYMBOL_EDIT\=NO
    export SET_DIR_MODE_OWNER_GROUP\=YES
    export SET_FILE_MODE_OWNER_GROUP\=NO
    export SHALLOW_BUNDLE\=NO
    export SHARED_DERIVED_FILE_DIR\=/Users/sparkles/Library/Developer/Xcode/DerivedData/Expensio-futtgngxcysvvhcljmosbeftqmyc/Build/Products/Debug-iphonesimulator/ExpoModulesCore/DerivedSources
    export SHARED_PRECOMPS_DIR\=/Users/sparkles/Library/Developer/Xcode/DerivedData/Expensio-futtgngxcysvvhcljmosbeftqmyc/Build/Intermediates.noindex/PrecompiledHeaders
    export SKIP_COPYING_TEST_FRAMEWORKS\=YES
    export SKIP_INSTALL\=YES
    export SKIP_MERGEABLE_LIBRARY_BUNDLE_HOOK\=NO
    export SOURCE_ROOT\=/Users/sparkles/Documents/CodingFiles/FullStack/expensioApp/frontend/ios/Pods
    export SRCROOT\=/Users/sparkles/Documents/CodingFiles/FullStack/expensioApp/frontend/ios/Pods
    export STRINGSDATA_DIR\=/Users/sparkles/Library/Developer/Xcode/DerivedData/Expensio-futtgngxcysvvhcljmosbeftqmyc/Build/Intermediates.noindex/Pods.build/Debug-iphonesimulator/ExpoModulesCore.build/Objects-normal/undefined_arch
    export STRINGSDATA_ROOT\=/Users/sparkles/Library/Developer/Xcode/DerivedData/Expensio-futtgngxcysvvhcljmosbeftqmyc/Build/Intermediates.noindex/Pods.build/Debug-iphonesimulator/ExpoModulesCore.build
    export STRINGS_FILE_INFOPLIST_RENAME\=YES
    export STRINGS_FILE_OUTPUT_ENCODING\=binary
    export STRING_CATALOG_GENERATE_SYMBOLS\=YES
    export STRIP_BITCODE_FROM_COPIED_FILES\=NO
    export STRIP_INSTALLED_PRODUCT\=NO
    export STRIP_STYLE\=all
    export STRIP_SWIFT_SYMBOLS\=YES
    export SUPPORTED_DEVICE_FAMILIES\=1,2
    export SUPPORTED_PLATFORMS\=iphoneos\ iphonesimulator
    export SUPPORTS_TEXT_BASED_API\=NO
    export SUPPRESS_WARNINGS\=NO
    export SWIFTC_PASS_SDKROOT\=YES
    export SWIFTC_PASS_SYSROOT\=NO
    export SWIFT_ACTIVE_COMPILATION_CONDITIONS\=\ DEBUG
    export SWIFT_COLOR_DIAGNOSTICS\=NO
    export SWIFT_COMPILATION_MODE\=wholemodule
    export SWIFT_EMIT_CONST_VALUE_PROTOCOLS\=AnyResolverProviding\ AppEntity\ AppEnum\ AppExtension\ AppIntent\ AppIntentsPackage\ AppShortcutProviding\ AppShortcutsProvider\ AppUnionValue\ AppUnionValueCasesProviding\ DynamicOptionsProvider\ EntityQuery\ ExtensionPointDefining\ IntentValueQuery\ Resolver\ TransientEntity\ _AssistantIntentsProvider\ _GenerativeFunctionExtractable\ _IntentValueRepresentable
    export SWIFT_EMIT_LOC_STRINGS\=NO
    export SWIFT_EMIT_MODULE_INTERFACE\=NO
    export SWIFT_ENABLE_EXPLICIT_MODULES\=NO
    export SWIFT_ENABLE_TESTABILITY\=YES
    export SWIFT_INCLUDE_PATHS\=\ \"/Users/sparkles/Library/Developer/Xcode/DerivedData/Expensio-futtgngxcysvvhcljmosbeftqmyc/Build/Products/Debug-iphonesimulator/ExpoModulesJSI\"
    export SWIFT_OPTIMIZATION_LEVEL\=-Onone
    export SWIFT_PLATFORM_TARGET_PREFIX\=ios
    export SWIFT_RESPONSE_FILE_PATH_normal_arm64\=/Users/sparkles/Library/Developer/Xcode/DerivedData/Expensio-futtgngxcysvvhcljmosbeftqmyc/Build/Intermediates.noindex/Pods.build/Debug-iphonesimulator/ExpoModulesCore.build/Objects-normal/arm64/ExpoModulesCore.SwiftFileList
    export SWIFT_RESPONSE_FILE_PATH_normal_x86_64\=/Users/sparkles/Library/Developer/Xcode/DerivedData/Expensio-futtgngxcysvvhcljmosbeftqmyc/Build/Intermediates.noindex/Pods.build/Debug-iphonesimulator/ExpoModulesCore.build/Objects-normal/x86_64/ExpoModulesCore.SwiftFileList
    export SWIFT_VERSION\=5.0
    export SYMROOT\=/Users/sparkles/Library/Developer/Xcode/DerivedData/Expensio-futtgngxcysvvhcljmosbeftqmyc/Build/Products
    export SYSROOT\=/Applications/Xcode.app/Contents/Developer/Platforms/iPhoneSimulator.platform/Developer/SDKs/iPhoneSimulator27.0.sdk
    export SYSTEM_ADMIN_APPS_DIR\=/Applications/Utilities
    export SYSTEM_APPS_DIR\=/Applications
    export SYSTEM_CORE_SERVICES_DIR\=/System/Library/CoreServices
    export SYSTEM_DEMOS_DIR\=/Applications/Extras
    export SYSTEM_DEVELOPER_APPS_DIR\=/Applications/Xcode.app/Contents/Developer/Applications
    export SYSTEM_DEVELOPER_BIN_DIR\=/Applications/Xcode.app/Contents/Developer/usr/bin
    export SYSTEM_DEVELOPER_DEMOS_DIR\=/Applications/Xcode.app/Contents/Developer/Applications/Utilities/Built\ Examples
    export SYSTEM_DEVELOPER_DIR\=/Applications/Xcode.app/Contents/Developer
    export SYSTEM_DEVELOPER_DOC_DIR\=/Applications/Xcode.app/Contents/Developer/ADC\ Reference\ Library
    export SYSTEM_DEVELOPER_GRAPHICS_TOOLS_DIR\=/Applications/Xcode.app/Contents/Developer/Applications/Graphics\ Tools
    export SYSTEM_DEVELOPER_JAVA_TOOLS_DIR\=/Applications/Xcode.app/Contents/Developer/Applications/Java\ Tools
    export SYSTEM_DEVELOPER_PERFORMANCE_TOOLS_DIR\=/Applications/Xcode.app/Contents/Developer/Applications/Performance\ Tools
    export SYSTEM_DEVELOPER_RELEASENOTES_DIR\=/Applications/Xcode.app/Contents/Developer/ADC\ Reference\ Library/releasenotes
    export SYSTEM_DEVELOPER_TOOLS\=/Applications/Xcode.app/Contents/Developer/Tools
    export SYSTEM_DEVELOPER_TOOLS_DOC_DIR\=/Applications/Xcode.app/Contents/Developer/ADC\ Reference\ Library/documentation/DeveloperTools
    export SYSTEM_DEVELOPER_TOOLS_RELEASENOTES_DIR\=/Applications/Xcode.app/Contents/Developer/ADC\ Reference\ Library/releasenotes/DeveloperTools
    export SYSTEM_DEVELOPER_USR_DIR\=/Applications/Xcode.app/Contents/Developer/usr
    export SYSTEM_DEVELOPER_UTILITIES_DIR\=/Applications/Xcode.app/Contents/Developer/Applications/Utilities
    export SYSTEM_DEXT_INSTALL_PATH\=/System/Library/DriverExtensions
    export SYSTEM_DOCUMENTATION_DIR\=/Library/Documentation
    export SYSTEM_KEXT_INSTALL_PATH\=/System/Library/Extensions
    export SYSTEM_LIBRARY_DIR\=/System/Library
    export TAPI_DEMANGLE\=YES
    export TAPI_ENABLE_PROJECT_HEADERS\=NO
    export TAPI_LANGUAGE\=objective-c
    export TAPI_LANGUAGE_STANDARD\=compiler-default
    export TAPI_USE_SRCROOT\=YES
    export TAPI_VERIFY_MODE\=Pedantic
    export TARGETED_DEVICE_FAMILY\=1,2
    export TARGETNAME\=ExpoModulesCore
    export TARGET_BUILD_DIR\=/Users/sparkles/Library/Developer/Xcode/DerivedData/Expensio-futtgngxcysvvhcljmosbeftqmyc/Build/Products/Debug-iphonesimulator/ExpoModulesCore
    export TARGET_NAME\=ExpoModulesCore
    export TARGET_TEMP_DIR\=/Users/sparkles/Library/Developer/Xcode/DerivedData/Expensio-futtgngxcysvvhcljmosbeftqmyc/Build/Intermediates.noindex/Pods.build/Debug-iphonesimulator/ExpoModulesCore.build
    export TEMP_DIR\=/Users/sparkles/Library/Developer/Xcode/DerivedData/Expensio-futtgngxcysvvhcljmosbeftqmyc/Build/Intermediates.noindex/Pods.build/Debug-iphonesimulator/ExpoModulesCore.build
    export TEMP_FILES_DIR\=/Users/sparkles/Library/Developer/Xcode/DerivedData/Expensio-futtgngxcysvvhcljmosbeftqmyc/Build/Intermediates.noindex/Pods.build/Debug-iphonesimulator/ExpoModulesCore.build
    export TEMP_FILE_DIR\=/Users/sparkles/Library/Developer/Xcode/DerivedData/Expensio-futtgngxcysvvhcljmosbeftqmyc/Build/Intermediates.noindex/Pods.build/Debug-iphonesimulator/ExpoModulesCore.build
    export TEMP_ROOT\=/Users/sparkles/Library/Developer/Xcode/DerivedData/Expensio-futtgngxcysvvhcljmosbeftqmyc/Build/Intermediates.noindex
    export TEMP_SANDBOX_DIR\=/Users/sparkles/Library/Developer/Xcode/DerivedData/Expensio-futtgngxcysvvhcljmosbeftqmyc/Build/Intermediates.noindex/TemporaryTaskSandboxes
    export TEST_FRAMEWORK_SEARCH_PATHS\=\ /Applications/Xcode.app/Contents/Developer/Platforms/iPhoneSimulator.platform/Developer/Library/Frameworks\ /Applications/Xcode.app/Contents/Developer/Platforms/iPhoneSimulator.platform/Developer/SDKs/iPhoneSimulator27.0.sdk/Developer/Library/Frameworks
    export TEST_LIBRARY_SEARCH_PATHS\=\ /Applications/Xcode.app/Contents/Developer/Platforms/iPhoneSimulator.platform/Developer/usr/lib
    export TOOLCHAINS\=com.apple.dt.toolchain.XcodeDefault
    export TOOLCHAIN_DIR\=/Applications/Xcode.app/Contents/Developer/Toolchains/XcodeDefault.xctoolchain
    export TREAT_MISSING_BASELINES_AS_TEST_FAILURES\=NO
    export TREAT_MISSING_SCRIPT_PHASE_OUTPUTS_AS_ERRORS\=NO
    export UID\=501
    export UNINSTALLED_PRODUCTS_DIR\=/Users/sparkles/Library/Developer/Xcode/DerivedData/Expensio-futtgngxcysvvhcljmosbeftqmyc/Build/Intermediates.noindex/UninstalledProducts
    export UNSTRIPPED_PRODUCT\=NO
    export USER\=sparkles
    export USER_APPS_DIR\=/Users/sparkles/Applications
    export USER_LIBRARY_DIR\=/Users/sparkles/Library
    export USE_DYNAMIC_NO_PIC\=YES
    export USE_HEADERMAP\=YES
    export USE_HEADER_SYMLINKS\=NO
    export USE_HERMES\=true
    export USE_RECURSIVE_SCRIPT_INPUTS_IN_SCRIPT_PHASES\=YES
    export VALIDATE_DEVELOPMENT_ASSET_PATHS\=YES_ERROR
    export VALIDATE_PRODUCT\=NO
    export VALID_ARCHS\=arm64\ x86_64
    export VERBOSE_PBXCP\=NO
    export VERSION_INFO_BUILDER\=sparkles
    export VERSION_INFO_FILE\=ExpoModulesCore_vers.c
    export VERSION_INFO_STRING\=\"@\(\#\)PROGRAM:ExpoModulesCore\ \ PROJECT:Pods-\"
    export WORKSPACE_DIR\=/Users/sparkles/Documents/CodingFiles/FullStack/expensioApp/frontend/ios
    export WRAP_ASSET_PACKS_IN_SEPARATE_DIRECTORIES\=NO
    export XCODE_APP_SUPPORT_DIR\=/Applications/Xcode.app/Contents/Developer/Library/Xcode
    export XCODE_PRODUCT_BUILD_VERSION\=27A266a
    export XCODE_VERSION_ACTUAL\=2700
    export XCODE_VERSION_MAJOR\=2700
    export XCODE_VERSION_MINOR\=2700
    export XPCSERVICES_FOLDER_PATH\=/XPCServices
    export YACC\=yacc
    export _DISCOVER_COMMAND_LINE_LINKER_INPUTS\=YES
    export _DISCOVER_COMMAND_LINE_LINKER_INPUTS_INCLUDE_WL\=YES
    export _LD_MULTIARCH\=YES
    export _SWIFT_EXPLICIT_MODULES_ALLOW_CXX_INTEROP\=NO
    export __ARCHS__\=arm64\ x86_64
    export __DIAGNOSE_DEPRECATED_ARCHS\=YES
    export __DIAGNOSE_INVALID_DEPLOYMENT_TARGET_AS_ERROR\=YES
    export __ORIGINAL_SDK_DEFINED_LLVM_TARGET_TRIPLE_SYS\=ios
    export arch\=undefined_arch
    export variant\=normal
    /bin/sh -c /Users/sparkles/Library/Developer/Xcode/DerivedData/Expensio-futtgngxcysvvhcljmosbeftqmyc/Build/Intermediates.noindex/Pods.build/Debug-iphonesimulator/ExpoModulesCore.build/Script-46EB2E0001AA30.sh
Node found at: /opt/homebrew/Cellar/node/26.10.0_1/bin/node
[Expo dSYM] ExpoModulesCore: Wrote source path mappings for 1 UUID(s).
[Expo dSYM] ExpoModulesCore: Wrote source path mappings for 2 UUID(s).

Libtool /Users/sparkles/Library/Developer/Xcode/DerivedData/Expensio-futtgngxcysvvhcljmosbeftqmyc/Build/Intermediates.noindex/Pods.build/Debug-iphonesimulator/ReactAppDependencyProvider.build/Objects-normal/x86_64/Binary/libReactAppDependencyProvider.a normal x86_64 (in target 'ReactAppDependencyProvider' from project 'Pods')
    cd /Users/sparkles/Documents/CodingFiles/FullStack/expensioApp/frontend/ios/Pods
    /Applications/Xcode.app/Contents/Developer/Toolchains/XcodeDefault.xctoolchain/usr/bin/libtool -static -arch_only x86_64 -D -syslibroot /Applications/Xcode.app/Contents/Developer/Platforms/iPhoneSimulator.platform/Developer/SDKs/iPhoneSimulator27.0.sdk -L/Users/sparkles/Library/Developer/Xcode/DerivedData/Expensio-futtgngxcysvvhcljmosbeftqmyc/Build/Products/Debug-iphonesimulator/ReactAppDependencyProvider -filelist /Users/sparkles/Library/Developer/Xcode/DerivedData/Expensio-futtgngxcysvvhcljmosbeftqmyc/Build/Intermediates.noindex/Pods.build/Debug-iphonesimulator/ReactAppDependencyProvider.build/Objects-normal/x86_64/ReactAppDependencyProvider.LinkFileList -dependency_info /Users/sparkles/Library/Developer/Xcode/DerivedData/Expensio-futtgngxcysvvhcljmosbeftqmyc/Build/Intermediates.noindex/Pods.build/Debug-iphonesimulator/ReactAppDependencyProvider.build/Objects-normal/x86_64/ReactAppDependencyProvider_libtool_dependency_info.dat -o /Users/sparkles/Library/Developer/Xcode/DerivedData/Expensio-futtgngxcysvvhcljmosbeftqmyc/Build/Intermediates.noindex/Pods.build/Debug-iphonesimulator/ReactAppDependencyProvider.build/Objects-normal/x86_64/Binary/libReactAppDependencyProvider.a

Libtool /Users/sparkles/Library/Developer/Xcode/DerivedData/Expensio-futtgngxcysvvhcljmosbeftqmyc/Build/Intermediates.noindex/Pods.build/Debug-iphonesimulator/ReactAppDependencyProvider.build/Objects-normal/arm64/Binary/libReactAppDependencyProvider.a normal arm64 (in target 'ReactAppDependencyProvider' from project 'Pods')
    cd /Users/sparkles/Documents/CodingFiles/FullStack/expensioApp/frontend/ios/Pods
    /Applications/Xcode.app/Contents/Developer/Toolchains/XcodeDefault.xctoolchain/usr/bin/libtool -static -arch_only arm64 -D -syslibroot /Applications/Xcode.app/Contents/Developer/Platforms/iPhoneSimulator.platform/Developer/SDKs/iPhoneSimulator27.0.sdk -L/Users/sparkles/Library/Developer/Xcode/DerivedData/Expensio-futtgngxcysvvhcljmosbeftqmyc/Build/Products/Debug-iphonesimulator/ReactAppDependencyProvider -filelist /Users/sparkles/Library/Developer/Xcode/DerivedData/Expensio-futtgngxcysvvhcljmosbeftqmyc/Build/Intermediates.noindex/Pods.build/Debug-iphonesimulator/ReactAppDependencyProvider.build/Objects-normal/arm64/ReactAppDependencyProvider.LinkFileList -dependency_info /Users/sparkles/Library/Developer/Xcode/DerivedData/Expensio-futtgngxcysvvhcljmosbeftqmyc/Build/Intermediates.noindex/Pods.build/Debug-iphonesimulator/ReactAppDependencyProvider.build/Objects-normal/arm64/ReactAppDependencyProvider_libtool_dependency_info.dat -o /Users/sparkles/Library/Developer/Xcode/DerivedData/Expensio-futtgngxcysvvhcljmosbeftqmyc/Build/Intermediates.noindex/Pods.build/Debug-iphonesimulator/ReactAppDependencyProvider.build/Objects-normal/arm64/Binary/libReactAppDependencyProvider.a

SwiftDriver RNScreens normal arm64 com.apple.xcode.tools.swift.compiler (in target 'RNScreens' from project 'Pods')
    cd /Users/sparkles/Documents/CodingFiles/FullStack/expensioApp/frontend/ios/Pods
    builtin-SwiftDriver -- /Applications/Xcode.app/Contents/Developer/Toolchains/XcodeDefault.xctoolchain/usr/bin/swiftc -module-name RNScreens -Onone @/Users/sparkles/Library/Developer/Xcode/DerivedData/Expensio-futtgngxcysvvhcljmosbeftqmyc/Build/Intermediates.noindex/Pods.build/Debug-iphonesimulator/RNScreens.build/Objects-normal/arm64/RNScreens.SwiftFileList -DDEBUG -D COCOAPODS -Xcc -fmodule-map-file\=/Users/sparkles/Documents/CodingFiles/FullStack/expensioApp/frontend/ios/Pods/Headers/Public/ReactCodegen/ReactCodegen.modulemap -import-underlying-module -Xcc -fmodule-map-file\=/Users/sparkles/Documents/CodingFiles/FullStack/expensioApp/frontend/ios/Pods/Headers/Public/RNScreens/RNScreens.modulemap -DRCT_NEW_ARCH_ENABLED -Xcc -ivfsoverlay -Xcc /Users/sparkles/Documents/CodingFiles/FullStack/expensioApp/frontend/ios/Pods/React-Core-prebuilt/React-VFS.yaml -enable-bare-slash-regex -enable-experimental-feature DebugDescriptionMacro -sdk /Applications/Xcode.app/Contents/Developer/Platforms/iPhoneSimulator.platform/Developer/SDKs/iPhoneSimulator27.0.sdk -target arm64-apple-ios17.0-simulator -g -module-cache-path /Users/sparkles/Library/Developer/Xcode/DerivedData/ModuleCache.noindex -Xfrontend -serialize-debugging-options -enable-testing -index-store-path /Users/sparkles/Library/Developer/Xcode/DerivedData/Expensio-futtgngxcysvvhcljmosbeftqmyc/Index.noindex/DataStore -Xcc -D_LIBCPP_HARDENING_MODE\=_LIBCPP_HARDENING_MODE_DEBUG -swift-version 5 -I /Users/sparkles/Library/Developer/Xcode/DerivedData/Expensio-futtgngxcysvvhcljmosbeftqmyc/Build/Products/Debug-iphonesimulator/RNScreens -F /Users/sparkles/Library/Developer/Xcode/DerivedData/Expensio-futtgngxcysvvhcljmosbeftqmyc/Build/Products/Debug-iphonesimulator/RNScreens -F /Users/sparkles/Documents/CodingFiles/FullStack/expensioApp/frontend/ios/Pods/React-Core-prebuilt -F /Users/sparkles/Documents/CodingFiles/FullStack/expensioApp/frontend/ios/Pods/ReactNativeDependencies/framework/packages/react-native -F /Users/sparkles/Documents/CodingFiles/FullStack/expensioApp/frontend/ios/Pods/hermes-engine/destroot/Library/Frameworks/universal -F /Users/sparkles/Library/Developer/Xcode/DerivedData/Expensio-futtgngxcysvvhcljmosbeftqmyc/Build/Products/Debug-iphonesimulator/XCFrameworkIntermediates/React-Core-prebuilt -F /Users/sparkles/Library/Developer/Xcode/DerivedData/Expensio-futtgngxcysvvhcljmosbeftqmyc/Build/Products/Debug-iphonesimulator/XCFrameworkIntermediates/ReactNativeDependencies -F /Users/sparkles/Library/Developer/Xcode/DerivedData/Expensio-futtgngxcysvvhcljmosbeftqmyc/Build/Products/Debug-iphonesimulator/XCFrameworkIntermediates/hermes-engine/Pre-built -parse-as-library -c -j8 -enable-batch-mode -incremental -Xcc -ivfsstatcache -Xcc /Users/sparkles/Library/Developer/Xcode/DerivedData/SDKStatCaches.noindex/iphonesimulator27.0-24A430-8dc58220667be655e1bcc261a7455254.sdkstatcache -output-file-map /Users/sparkles/Library/Developer/Xcode/DerivedData/Expensio-futtgngxcysvvhcljmosbeftqmyc/Build/Intermediates.noindex/Pods.build/Debug-iphonesimulator/RNScreens.build/Objects-normal/arm64/RNScreens-OutputFileMap.json -save-temps -no-color-diagnostics -emit-dependencies -emit-module -emit-module-path /Users/sparkles/Library/Developer/Xcode/DerivedData/Expensio-futtgngxcysvvhcljmosbeftqmyc/Build/Intermediates.noindex/Pods.build/Debug-iphonesimulator/RNScreens.build/Objects-normal/arm64/RNScreens.swiftmodule -serialize-diagnostics -validate-clang-modules-once -clang-build-session-file /Users/sparkles/Library/Developer/Xcode/DerivedData/ModuleCache.noindex/Session.modulevalidation -Xcc -fmodules-prune-interval\=86400 -Xcc -fmodules-prune-after\=345600 -emit-const-values -const-gather-protocols-list /Users/sparkles/Library/Developer/Xcode/DerivedData/Expensio-futtgngxcysvvhcljmosbeftqmyc/Build/Intermediates.noindex/Pods.build/Debug-iphonesimulator/RNScreens.build/Objects-normal/arm64/RNScreens_const_extract_protocols.json -Xcc -iquote -Xcc /Users/sparkles/Library/Developer/Xcode/DerivedData/Expensio-futtgngxcysvvhcljmosbeftqmyc/Build/Intermediates.noindex/Pods.build/Debug-iphonesimulator/RNScreens.build/RNScreens-generated-files.hmap -Xcc -I/Users/sparkles/Library/Developer/Xcode/DerivedData/Expensio-futtgngxcysvvhcljmosbeftqmyc/Build/Intermediates.noindex/Pods.build/Debug-iphonesimulator/RNScreens.build/RNScreens-own-target-headers.hmap -Xcc -I/Users/sparkles/Library/Developer/Xcode/DerivedData/Expensio-futtgngxcysvvhcljmosbeftqmyc/Build/Intermediates.noindex/Pods.build/Debug-iphonesimulator/RNScreens.build/RNScreens-all-non-framework-target-headers.hmap -Xcc -ivfsoverlay -Xcc /Users/sparkles/Library/Developer/Xcode/DerivedData/Expensio-futtgngxcysvvhcljmosbeftqmyc/Build/Intermediates.noindex/Pods.build/Debug-iphonesimulator/Pods-8699adb1dd336b26511df848a716bd42-VFS-iphonesimulator/all-product-headers.yaml -Xcc -iquote -Xcc /Users/sparkles/Library/Developer/Xcode/DerivedData/Expensio-futtgngxcysvvhcljmosbeftqmyc/Build/Intermediates.noindex/Pods.build/Debug-iphonesimulator/RNScreens.build/RNScreens-project-headers.hmap -Xcc -I/Users/sparkles/Library/Developer/Xcode/DerivedData/Expensio-futtgngxcysvvhcljmosbeftqmyc/Build/Products/Debug-iphonesimulator/RNScreens/include -Xcc -I/Users/sparkles/Documents/CodingFiles/FullStack/expensioApp/frontend/ios/Pods/Headers/Private -Xcc -I/Users/sparkles/Documents/CodingFiles/FullStack/expensioApp/frontend/ios/Pods/Headers/Private/RNScreens -Xcc -I/Users/sparkles/Documents/CodingFiles/FullStack/expensioApp/frontend/ios/Pods/Headers/Public -Xcc -I/Users/sparkles/Documents/CodingFiles/FullStack/expensioApp/frontend/ios/Pods/Headers/Public/FBLazyVector -Xcc -I/Users/sparkles/Documents/CodingFiles/FullStack/expensioApp/frontend/ios/Pods/Headers/Public/RCTRequired -Xcc -I/Users/sparkles/Documents/CodingFiles/FullStack/expensioApp/frontend/ios/Pods/Headers/Public/RCTSwiftUIWrapper -Xcc -I/Users/sparkles/Documents/CodingFiles/FullStack/expensioApp/frontend/ios/Pods/Headers/Public/RCTTypeSafety -Xcc -I/Users/sparkles/Documents/CodingFiles/FullStack/expensioApp/frontend/ios/Pods/Headers/Public/RNScreens -Xcc -I/Users/sparkles/Documents/CodingFiles/FullStack/expensioApp/frontend/ios/Pods/Headers/Public/React-Core -Xcc -I/Users/sparkles/Documents/CodingFiles/FullStack/expensioApp/frontend/ios/Pods/Headers/Public/React-Core-prebuilt -Xcc -I/Users/sparkles/Documents/CodingFiles/FullStack/expensioApp/frontend/ios/Pods/Headers/Public/React-CoreModules -Xcc -I/Users/sparkles/Documents/CodingFiles/FullStack/expensioApp/frontend/ios/Pods/Headers/Public/React-Fabric -Xcc -I/Users/sparkles/Documents/CodingFiles/FullStack/expensioApp/frontend/ios/Pods/Headers/Public/React-FabricComponents -Xcc -I/Users/sparkles/Documents/CodingFiles/FullStack/expensioApp/frontend/ios/Pods/Headers/Public/React-FabricImage -Xcc -I/Users/sparkles/Documents/CodingFiles/FullStack/expensioApp/frontend/ios/Pods/Headers/Public/React-ImageManager -Xcc -I/Users/sparkles/Documents/CodingFiles/FullStack/expensioApp/frontend/ios/Pods/Headers/Public/React-Mapbuffer -Xcc -I/Users/sparkles/Documents/CodingFiles/FullStack/expensioApp/frontend/ios/Pods/Headers/Public/React-NativeModulesApple -Xcc -I/Users/sparkles/Documents/CodingFiles/FullStack/expensioApp/frontend/ios/Pods/Headers/Public/React-RCTAnimation -Xcc -I/Users/sparkles/Documents/CodingFiles/FullStack/expensioApp/frontend/ios/Pods/Headers/Public/React-RCTBlob -Xcc -I/Users/sparkles/Documents/CodingFiles/FullStack/expensioApp/frontend/ios/Pods/Headers/Public/React-RCTFBReactNativeSpec -Xcc -I/Users/sparkles/Documents/CodingFiles/FullStack/expensioApp/frontend/ios/Pods/Headers/Public/React-RCTFabric -Xcc -I/Users/sparkles/Documents/CodingFiles/FullStack/expensioApp/frontend/ios/Pods/Headers/Public/React-RCTImage -Xcc -I/Users/sparkles/Documents/CodingFiles/FullStack/expensioApp/frontend/ios/Pods/Headers/Public/React-RCTRuntime -Xcc -I/Users/sparkles/Documents/CodingFiles/FullStack/expensioApp/frontend/ios/Pods/Headers/Public/React-RCTText -Xcc -I/Users/sparkles/Documents/CodingFiles/FullStack/expensioApp/frontend/ios/Pods/Headers/Public/React-RuntimeApple -Xcc -I/Users/sparkles/Documents/CodingFiles/FullStack/expensioApp/frontend/ios/Pods/Headers/Public/React-RuntimeCore -Xcc -I/Users/sparkles/Documents/CodingFiles/FullStack/expensioApp/frontend/ios/Pods/Headers/Public/React-RuntimeHermes -Xcc -I/Users/sparkles/Documents/CodingFiles/FullStack/expensioApp/frontend/ios/Pods/Headers/Public/React-callinvoker -Xcc -I/Users/sparkles/Documents/CodingFiles/FullStack/expensioApp/frontend/ios/Pods/Headers/Public/React-cxxreact -Xcc -I/Users/sparkles/Documents/CodingFiles/FullStack/expensioApp/frontend/ios/Pods/Headers/Public/React-debug -Xcc -I/Users/sparkles/Documents/CodingFiles/FullStack/expensioApp/frontend/ios/Pods/Headers/Public/React-defaultsnativemodule -Xcc -I/Users/sparkles/Documents/CodingFiles/FullStack/expensioApp/frontend/ios/Pods/Headers/Public/React-domnativemodule -Xcc -I/Users/sparkles/Documents/CodingFiles/FullStack/expensioApp/frontend/ios/Pods/Headers/Public/React-featureflags -Xcc -I/Users/sparkles/Documents/CodingFiles/FullStack/expensioApp/frontend/ios/Pods/Headers/Public/React-featureflagsnativemodule -Xcc -I/Users/sparkles/Documents/CodingFiles/FullStack/expensioApp/frontend/ios/Pods/Headers/Public/React-graphics -Xcc -I/Users/sparkles/Documents/CodingFiles/FullStack/expensioApp/frontend/ios/Pods/Headers/Public/React-hermes -Xcc -I/Users/sparkles/Documents/CodingFiles/FullStack/expensioApp/frontend/ios/Pods/Headers/Public/React-idlecallbacksnativemodule -Xcc -I/Users/sparkles/Documents/CodingFiles/FullStack/expensioApp/frontend/ios/Pods/Headers/Public/React-intersectionobservernativemodule -Xcc -I/Users/sparkles/Documents/CodingFiles/FullStack/expensioApp/frontend/ios/Pods/Headers/Public/React-jserrorhandler -Xcc -I/Users/sparkles/Documents/CodingFiles/FullStack/expensioApp/frontend/ios/Pods/Headers/Public/React-jsi -Xcc -I/Users/sparkles/Documents/CodingFiles/FullStack/expensioApp/frontend/ios/Pods/Headers/Public/React-jsiexecutor -Xcc -I/Users/sparkles/Documents/CodingFiles/FullStack/expensioApp/frontend/ios/Pods/Headers/Public/React-jsinspector -Xcc -I/Users/sparkles/Documents/CodingFiles/FullStack/expensioApp/frontend/ios/Pods/Headers/Public/React-jsinspectorcdp -Xcc -I/Users/sparkles/Documents/CodingFiles/FullStack/expensioApp/frontend/ios/Pods/Headers/Public/React-jsinspectornetwork -Xcc -I/Users/sparkles/Documents/CodingFiles/FullStack/expensioApp/frontend/ios/Pods/Headers/Public/React-jsinspectortracing -Xcc -I/Users/sparkles/Documents/CodingFiles/FullStack/expensioApp/frontend/ios/Pods/Headers/Public/React-jsitooling -Xcc -I/Users/sparkles/Documents/CodingFiles/FullStack/expensioApp/frontend/ios/Pods/Headers/Public/React-logger -Xcc -I/Users/sparkles/Documents/CodingFiles/FullStack/expensioApp/frontend/ios/Pods/Headers/Public/React-microtasksnativemodule -Xcc -I/Users/sparkles/Documents/CodingFiles/FullStack/expensioApp/frontend/ios/Pods/Headers/Public/React-mutationobservernativemodule -Xcc -I/Users/sparkles/Documents/CodingFiles/FullStack/expensioApp/frontend/ios/Pods/Headers/Public/React-networking -Xcc -I/Users/sparkles/Documents/CodingFiles/FullStack/expensioApp/frontend/ios/Pods/Headers/Public/React-oscompat -Xcc -I/Users/sparkles/Documents/CodingFiles/FullStack/expensioApp/frontend/ios/Pods/Headers/Public/React-perflogger -Xcc -I/Users/sparkles/Documents/CodingFiles/FullStack/expensioApp/frontend/ios/Pods/Headers/Public/React-performancecdpmetrics -Xcc -I/Users/sparkles/Documents/CodingFiles/FullStack/expensioApp/frontend/ios/Pods/Headers/Public/React-performancetimeline -Xcc -I/Users/sparkles/Documents/CodingFiles/FullStack/expensioApp/frontend/ios/Pods/Headers/Public/React-rendererconsistency -Xcc -I/Users/sparkles/Documents/CodingFiles/FullStack/expensioApp/frontend/ios/Pods/Headers/Public/React-renderercss -Xcc -I/Users/sparkles/Documents/CodingFiles/FullStack/expensioApp/frontend/ios/Pods/Headers/Public/React-rendererdebug -Xcc -I/Users/sparkles/Documents/CodingFiles/FullStack/expensioApp/frontend/ios/Pods/Headers/Public/React-runtimeexecutor -Xcc -I/Users/sparkles/Documents/CodingFiles/FullStack/expensioApp/frontend/ios/Pods/Headers/Public/React-runtimescheduler -Xcc -I/Users/sparkles/Documents/CodingFiles/FullStack/expensioApp/frontend/ios/Pods/Headers/Public/React-timing -Xcc -I/Users/sparkles/Documents/CodingFiles/FullStack/expensioApp/frontend/ios/Pods/Headers/Public/React-utils -Xcc -I/Users/sparkles/Documents/CodingFiles/FullStack/expensioApp/frontend/ios/Pods/Headers/Public/React-viewtransitionnativemodule -Xcc -I/Users/sparkles/Documents/CodingFiles/FullStack/expensioApp/frontend/ios/Pods/Headers/Public/React-webperformancenativemodule -Xcc -I/Users/sparkles/Documents/CodingFiles/FullStack/expensioApp/frontend/ios/Pods/Headers/Public/ReactCodegen -Xcc -I/Users/sparkles/Documents/CodingFiles/FullStack/expensioApp/frontend/ios/Pods/Headers/Public/ReactCommon -Xcc -I/Users/sparkles/Documents/CodingFiles/FullStack/expensioApp/frontend/ios/Pods/Headers/Public/ReactNativeDependencies -Xcc -I/Users/sparkles/Documents/CodingFiles/FullStack/expensioApp/frontend/ios/Pods/Headers/Public/Yoga -Xcc -I/Users/sparkles/Documents/CodingFiles/FullStack/expensioApp/frontend/ios/Pods/Headers/Public/hermes-engine -Xcc -I/Users/sparkles/Documents/CodingFiles/FullStack/expensioApp/frontend/ios/Pods/Headers/Private/Yoga -Xcc -I/Users/sparkles/Documents/CodingFiles/FullStack/expensioApp/frontend/ios/Pods/Headers/Private/Yoga -Xcc -I/Users/sparkles/Documents/CodingFiles/FullStack/expensioApp/frontend/node_modules/react-native-screens/common/cpp -Xcc -I/Users/sparkles/Documents/CodingFiles/FullStack/expensioApp/frontend/ios/Pods/ExpoModulesCore/ExpoModulesCore.xcframework/ios-arm64_x86_64-simulator/ExpoModulesCore.framework/Headers -Xcc -I/Users/sparkles/Documents/CodingFiles/FullStack/expensioApp/frontend/ios/Pods/ExpoModulesCore/ExpoModulesCore.xcframework/ios-arm64/ExpoModulesCore.framework/Headers -Xcc -I/Users/sparkles/Documents/CodingFiles/FullStack/expensioApp/frontend/ios/Pods/ExpoModulesCore/ExpoModulesCore.xcframework/ios-arm64_x86_64-simulator/ExpoModulesCore.framework/Headers -Xcc -I/Users/sparkles/Documents/CodingFiles/FullStack/expensioApp/frontend/ios/Pods/ExpoModulesCore/ExpoModulesCore.xcframework/ios-arm64/ExpoModulesCore.framework/Headers -Xcc -I/Users/sparkles/Library/Developer/Xcode/DerivedData/Expensio-futtgngxcysvvhcljmosbeftqmyc/Build/Intermediates.noindex/Pods.build/Debug-iphonesimulator/RNScreens.build/DerivedSources-normal/arm64 -Xcc -I/Users/sparkles/Library/Developer/Xcode/DerivedData/Expensio-futtgngxcysvvhcljmosbeftqmyc/Build/Intermediates.noindex/Pods.build/Debug-iphonesimulator/RNScreens.build/DerivedSources/arm64 -Xcc -I/Users/sparkles/Library/Developer/Xcode/DerivedData/Expensio-futtgngxcysvvhcljmosbeftqmyc/Build/Intermediates.noindex/Pods.build/Debug-iphonesimulator/RNScreens.build/DerivedSources -Xcc -DPOD_CONFIGURATION_DEBUG\=1 -Xcc -DDEBUG\=1 -Xcc -DCOCOAPODS\=1 -emit-objc-header -emit-objc-header-path /Users/sparkles/Library/Developer/Xcode/DerivedData/Expensio-futtgngxcysvvhcljmosbeftqmyc/Build/Intermediates.noindex/Pods.build/Debug-iphonesimulator/RNScreens.build/Objects-normal/arm64/RNScreens-Swift.h -working-directory /Users/sparkles/Documents/CodingFiles/FullStack/expensioApp/frontend/ios/Pods -experimental-emit-module-separately -disable-cmo

SwiftDriver RNScreens normal x86_64 com.apple.xcode.tools.swift.compiler (in target 'RNScreens' from project 'Pods')
    cd /Users/sparkles/Documents/CodingFiles/FullStack/expensioApp/frontend/ios/Pods
    builtin-SwiftDriver -- /Applications/Xcode.app/Contents/Developer/Toolchains/XcodeDefault.xctoolchain/usr/bin/swiftc -module-name RNScreens -Onone @/Users/sparkles/Library/Developer/Xcode/DerivedData/Expensio-futtgngxcysvvhcljmosbeftqmyc/Build/Intermediates.noindex/Pods.build/Debug-iphonesimulator/RNScreens.build/Objects-normal/x86_64/RNScreens.SwiftFileList -DDEBUG -D COCOAPODS -Xcc -fmodule-map-file\=/Users/sparkles/Documents/CodingFiles/FullStack/expensioApp/frontend/ios/Pods/Headers/Public/ReactCodegen/ReactCodegen.modulemap -import-underlying-module -Xcc -fmodule-map-file\=/Users/sparkles/Documents/CodingFiles/FullStack/expensioApp/frontend/ios/Pods/Headers/Public/RNScreens/RNScreens.modulemap -DRCT_NEW_ARCH_ENABLED -Xcc -ivfsoverlay -Xcc /Users/sparkles/Documents/CodingFiles/FullStack/expensioApp/frontend/ios/Pods/React-Core-prebuilt/React-VFS.yaml -enable-bare-slash-regex -enable-experimental-feature DebugDescriptionMacro -sdk /Applications/Xcode.app/Contents/Developer/Platforms/iPhoneSimulator.platform/Developer/SDKs/iPhoneSimulator27.0.sdk -target x86_64-apple-ios17.0-simulator -g -module-cache-path /Users/sparkles/Library/Developer/Xcode/DerivedData/ModuleCache.noindex -Xfrontend -serialize-debugging-options -enable-testing -index-store-path /Users/sparkles/Library/Developer/Xcode/DerivedData/Expensio-futtgngxcysvvhcljmosbeftqmyc/Index.noindex/DataStore -Xcc -D_LIBCPP_HARDENING_MODE\=_LIBCPP_HARDENING_MODE_DEBUG -swift-version 5 -I /Users/sparkles/Library/Developer/Xcode/DerivedData/Expensio-futtgngxcysvvhcljmosbeftqmyc/Build/Products/Debug-iphonesimulator/RNScreens -F /Users/sparkles/Library/Developer/Xcode/DerivedData/Expensio-futtgngxcysvvhcljmosbeftqmyc/Build/Products/Debug-iphonesimulator/RNScreens -F /Users/sparkles/Documents/CodingFiles/FullStack/expensioApp/frontend/ios/Pods/React-Core-prebuilt -F /Users/sparkles/Documents/CodingFiles/FullStack/expensioApp/frontend/ios/Pods/ReactNativeDependencies/framework/packages/react-native -F /Users/sparkles/Documents/CodingFiles/FullStack/expensioApp/frontend/ios/Pods/hermes-engine/destroot/Library/Frameworks/universal -F /Users/sparkles/Library/Developer/Xcode/DerivedData/Expensio-futtgngxcysvvhcljmosbeftqmyc/Build/Products/Debug-iphonesimulator/XCFrameworkIntermediates/React-Core-prebuilt -F /Users/sparkles/Library/Developer/Xcode/DerivedData/Expensio-futtgngxcysvvhcljmosbeftqmyc/Build/Products/Debug-iphonesimulator/XCFrameworkIntermediates/ReactNativeDependencies -F /Users/sparkles/Library/Developer/Xcode/DerivedData/Expensio-futtgngxcysvvhcljmosbeftqmyc/Build/Products/Debug-iphonesimulator/XCFrameworkIntermediates/hermes-engine/Pre-built -parse-as-library -c -j8 -enable-batch-mode -incremental -Xcc -ivfsstatcache -Xcc /Users/sparkles/Library/Developer/Xcode/DerivedData/SDKStatCaches.noindex/iphonesimulator27.0-24A430-8dc58220667be655e1bcc261a7455254.sdkstatcache -output-file-map /Users/sparkles/Library/Developer/Xcode/DerivedData/Expensio-futtgngxcysvvhcljmosbeftqmyc/Build/Intermediates.noindex/Pods.build/Debug-iphonesimulator/RNScreens.build/Objects-normal/x86_64/RNScreens-OutputFileMap.json -save-temps -no-color-diagnostics -emit-dependencies -emit-module -emit-module-path /Users/sparkles/Library/Developer/Xcode/DerivedData/Expensio-futtgngxcysvvhcljmosbeftqmyc/Build/Intermediates.noindex/Pods.build/Debug-iphonesimulator/RNScreens.build/Objects-normal/x86_64/RNScreens.swiftmodule -serialize-diagnostics -validate-clang-modules-once -clang-build-session-file /Users/sparkles/Library/Developer/Xcode/DerivedData/ModuleCache.noindex/Session.modulevalidation -Xcc -fmodules-prune-interval\=86400 -Xcc -fmodules-prune-after\=345600 -emit-const-values -const-gather-protocols-list /Users/sparkles/Library/Developer/Xcode/DerivedData/Expensio-futtgngxcysvvhcljmosbeftqmyc/Build/Intermediates.noindex/Pods.build/Debug-iphonesimulator/RNScreens.build/Objects-normal/x86_64/RNScreens_const_extract_protocols.json -Xcc -iquote -Xcc /Users/sparkles/Library/Developer/Xcode/DerivedData/Expensio-futtgngxcysvvhcljmosbeftqmyc/Build/Intermediates.noindex/Pods.build/Debug-iphonesimulator/RNScreens.build/RNScreens-generated-files.hmap -Xcc -I/Users/sparkles/Library/Developer/Xcode/DerivedData/Expensio-futtgngxcysvvhcljmosbeftqmyc/Build/Intermediates.noindex/Pods.build/Debug-iphonesimulator/RNScreens.build/RNScreens-own-target-headers.hmap -Xcc -I/Users/sparkles/Library/Developer/Xcode/DerivedData/Expensio-futtgngxcysvvhcljmosbeftqmyc/Build/Intermediates.noindex/Pods.build/Debug-iphonesimulator/RNScreens.build/RNScreens-all-non-framework-target-headers.hmap -Xcc -ivfsoverlay -Xcc /Users/sparkles/Library/Developer/Xcode/DerivedData/Expensio-futtgngxcysvvhcljmosbeftqmyc/Build/Intermediates.noindex/Pods.build/Debug-iphonesimulator/Pods-8699adb1dd336b26511df848a716bd42-VFS-iphonesimulator/all-product-headers.yaml -Xcc -iquote -Xcc /Users/sparkles/Library/Developer/Xcode/DerivedData/Expensio-futtgngxcysvvhcljmosbeftqmyc/Build/Intermediates.noindex/Pods.build/Debug-iphonesimulator/RNScreens.build/RNScreens-project-headers.hmap -Xcc -I/Users/sparkles/Library/Developer/Xcode/DerivedData/Expensio-futtgngxcysvvhcljmosbeftqmyc/Build/Products/Debug-iphonesimulator/RNScreens/include -Xcc -I/Users/sparkles/Documents/CodingFiles/FullStack/expensioApp/frontend/ios/Pods/Headers/Private -Xcc -I/Users/sparkles/Documents/CodingFiles/FullStack/expensioApp/frontend/ios/Pods/Headers/Private/RNScreens -Xcc -I/Users/sparkles/Documents/CodingFiles/FullStack/expensioApp/frontend/ios/Pods/Headers/Public -Xcc -I/Users/sparkles/Documents/CodingFiles/FullStack/expensioApp/frontend/ios/Pods/Headers/Public/FBLazyVector -Xcc -I/Users/sparkles/Documents/CodingFiles/FullStack/expensioApp/frontend/ios/Pods/Headers/Public/RCTRequired -Xcc -I/Users/sparkles/Documents/CodingFiles/FullStack/expensioApp/frontend/ios/Pods/Headers/Public/RCTSwiftUIWrapper -Xcc -I/Users/sparkles/Documents/CodingFiles/FullStack/expensioApp/frontend/ios/Pods/Headers/Public/RCTTypeSafety -Xcc -I/Users/sparkles/Documents/CodingFiles/FullStack/expensioApp/frontend/ios/Pods/Headers/Public/RNScreens -Xcc -I/Users/sparkles/Documents/CodingFiles/FullStack/expensioApp/frontend/ios/Pods/Headers/Public/React-Core -Xcc -I/Users/sparkles/Documents/CodingFiles/FullStack/expensioApp/frontend/ios/Pods/Headers/Public/React-Core-prebuilt -Xcc -I/Users/sparkles/Documents/CodingFiles/FullStack/expensioApp/frontend/ios/Pods/Headers/Public/React-CoreModules -Xcc -I/Users/sparkles/Documents/CodingFiles/FullStack/expensioApp/frontend/ios/Pods/Headers/Public/React-Fabric -Xcc -I/Users/sparkles/Documents/CodingFiles/FullStack/expensioApp/frontend/ios/Pods/Headers/Public/React-FabricComponents -Xcc -I/Users/sparkles/Documents/CodingFiles/FullStack/expensioApp/frontend/ios/Pods/Headers/Public/React-FabricImage -Xcc -I/Users/sparkles/Documents/CodingFiles/FullStack/expensioApp/frontend/ios/Pods/Headers/Public/React-ImageManager -Xcc -I/Users/sparkles/Documents/CodingFiles/FullStack/expensioApp/frontend/ios/Pods/Headers/Public/React-Mapbuffer -Xcc -I/Users/sparkles/Documents/CodingFiles/FullStack/expensioApp/frontend/ios/Pods/Headers/Public/React-NativeModulesApple -Xcc -I/Users/sparkles/Documents/CodingFiles/FullStack/expensioApp/frontend/ios/Pods/Headers/Public/React-RCTAnimation -Xcc -I/Users/sparkles/Documents/CodingFiles/FullStack/expensioApp/frontend/ios/Pods/Headers/Public/React-RCTBlob -Xcc -I/Users/sparkles/Documents/CodingFiles/FullStack/expensioApp/frontend/ios/Pods/Headers/Public/React-RCTFBReactNativeSpec -Xcc -I/Users/sparkles/Documents/CodingFiles/FullStack/expensioApp/frontend/ios/Pods/Headers/Public/React-RCTFabric -Xcc -I/Users/sparkles/Documents/CodingFiles/FullStack/expensioApp/frontend/ios/Pods/Headers/Public/React-RCTImage -Xcc -I/Users/sparkles/Documents/CodingFiles/FullStack/expensioApp/frontend/ios/Pods/Headers/Public/React-RCTRuntime -Xcc -I/Users/sparkles/Documents/CodingFiles/FullStack/expensioApp/frontend/ios/Pods/Headers/Public/React-RCTText -Xcc -I/Users/sparkles/Documents/CodingFiles/FullStack/expensioApp/frontend/ios/Pods/Headers/Public/React-RuntimeApple -Xcc -I/Users/sparkles/Documents/CodingFiles/FullStack/expensioApp/frontend/ios/Pods/Headers/Public/React-RuntimeCore -Xcc -I/Users/sparkles/Documents/CodingFiles/FullStack/expensioApp/frontend/ios/Pods/Headers/Public/React-RuntimeHermes -Xcc -I/Users/sparkles/Documents/CodingFiles/FullStack/expensioApp/frontend/ios/Pods/Headers/Public/React-callinvoker -Xcc -I/Users/sparkles/Documents/CodingFiles/FullStack/expensioApp/frontend/ios/Pods/Headers/Public/React-cxxreact -Xcc -I/Users/sparkles/Documents/CodingFiles/FullStack/expensioApp/frontend/ios/Pods/Headers/Public/React-debug -Xcc -I/Users/sparkles/Documents/CodingFiles/FullStack/expensioApp/frontend/ios/Pods/Headers/Public/React-defaultsnativemodule -Xcc -I/Users/sparkles/Documents/CodingFiles/FullStack/expensioApp/frontend/ios/Pods/Headers/Public/React-domnativemodule -Xcc -I/Users/sparkles/Documents/CodingFiles/FullStack/expensioApp/frontend/ios/Pods/Headers/Public/React-featureflags -Xcc -I/Users/sparkles/Documents/CodingFiles/FullStack/expensioApp/frontend/ios/Pods/Headers/Public/React-featureflagsnativemodule -Xcc -I/Users/sparkles/Documents/CodingFiles/FullStack/expensioApp/frontend/ios/Pods/Headers/Public/React-graphics -Xcc -I/Users/sparkles/Documents/CodingFiles/FullStack/expensioApp/frontend/ios/Pods/Headers/Public/React-hermes -Xcc -I/Users/sparkles/Documents/CodingFiles/FullStack/expensioApp/frontend/ios/Pods/Headers/Public/React-idlecallbacksnativemodule -Xcc -I/Users/sparkles/Documents/CodingFiles/FullStack/expensioApp/frontend/ios/Pods/Headers/Public/React-intersectionobservernativemodule -Xcc -I/Users/sparkles/Documents/CodingFiles/FullStack/expensioApp/frontend/ios/Pods/Headers/Public/React-jserrorhandler -Xcc -I/Users/sparkles/Documents/CodingFiles/FullStack/expensioApp/frontend/ios/Pods/Headers/Public/React-jsi -Xcc -I/Users/sparkles/Documents/CodingFiles/FullStack/expensioApp/frontend/ios/Pods/Headers/Public/React-jsiexecutor -Xcc -I/Users/sparkles/Documents/CodingFiles/FullStack/expensioApp/frontend/ios/Pods/Headers/Public/React-jsinspector -Xcc -I/Users/sparkles/Documents/CodingFiles/FullStack/expensioApp/frontend/ios/Pods/Headers/Public/React-jsinspectorcdp -Xcc -I/Users/sparkles/Documents/CodingFiles/FullStack/expensioApp/frontend/ios/Pods/Headers/Public/React-jsinspectornetwork -Xcc -I/Users/sparkles/Documents/CodingFiles/FullStack/expensioApp/frontend/ios/Pods/Headers/Public/React-jsinspectortracing -Xcc -I/Users/sparkles/Documents/CodingFiles/FullStack/expensioApp/frontend/ios/Pods/Headers/Public/React-jsitooling -Xcc -I/Users/sparkles/Documents/CodingFiles/FullStack/expensioApp/frontend/ios/Pods/Headers/Public/React-logger -Xcc -I/Users/sparkles/Documents/CodingFiles/FullStack/expensioApp/frontend/ios/Pods/Headers/Public/React-microtasksnativemodule -Xcc -I/Users/sparkles/Documents/CodingFiles/FullStack/expensioApp/frontend/ios/Pods/Headers/Public/React-mutationobservernativemodule -Xcc -I/Users/sparkles/Documents/CodingFiles/FullStack/expensioApp/frontend/ios/Pods/Headers/Public/React-networking -Xcc -I/Users/sparkles/Documents/CodingFiles/FullStack/expensioApp/frontend/ios/Pods/Headers/Public/React-oscompat -Xcc -I/Users/sparkles/Documents/CodingFiles/FullStack/expensioApp/frontend/ios/Pods/Headers/Public/React-perflogger -Xcc -I/Users/sparkles/Documents/CodingFiles/FullStack/expensioApp/frontend/ios/Pods/Headers/Public/React-performancecdpmetrics -Xcc -I/Users/sparkles/Documents/CodingFiles/FullStack/expensioApp/frontend/ios/Pods/Headers/Public/React-performancetimeline -Xcc -I/Users/sparkles/Documents/CodingFiles/FullStack/expensioApp/frontend/ios/Pods/Headers/Public/React-rendererconsistency -Xcc -I/Users/sparkles/Documents/CodingFiles/FullStack/expensioApp/frontend/ios/Pods/Headers/Public/React-renderercss -Xcc -I/Users/sparkles/Documents/CodingFiles/FullStack/expensioApp/frontend/ios/Pods/Headers/Public/React-rendererdebug -Xcc -I/Users/sparkles/Documents/CodingFiles/FullStack/expensioApp/frontend/ios/Pods/Headers/Public/React-runtimeexecutor -Xcc -I/Users/sparkles/Documents/CodingFiles/FullStack/expensioApp/frontend/ios/Pods/Headers/Public/React-runtimescheduler -Xcc -I/Users/sparkles/Documents/CodingFiles/FullStack/expensioApp/frontend/ios/Pods/Headers/Public/React-timing -Xcc -I/Users/sparkles/Documents/CodingFiles/FullStack/expensioApp/frontend/ios/Pods/Headers/Public/React-utils -Xcc -I/Users/sparkles/Documents/CodingFiles/FullStack/expensioApp/frontend/ios/Pods/Headers/Public/React-viewtransitionnativemodule -Xcc -I/Users/sparkles/Documents/CodingFiles/FullStack/expensioApp/frontend/ios/Pods/Headers/Public/React-webperformancenativemodule -Xcc -I/Users/sparkles/Documents/CodingFiles/FullStack/expensioApp/frontend/ios/Pods/Headers/Public/ReactCodegen -Xcc -I/Users/sparkles/Documents/CodingFiles/FullStack/expensioApp/frontend/ios/Pods/Headers/Public/ReactCommon -Xcc -I/Users/sparkles/Documents/CodingFiles/FullStack/expensioApp/frontend/ios/Pods/Headers/Public/ReactNativeDependencies -Xcc -I/Users/sparkles/Documents/CodingFiles/FullStack/expensioApp/frontend/ios/Pods/Headers/Public/Yoga -Xcc -I/Users/sparkles/Documents/CodingFiles/FullStack/expensioApp/frontend/ios/Pods/Headers/Public/hermes-engine -Xcc -I/Users/sparkles/Documents/CodingFiles/FullStack/expensioApp/frontend/ios/Pods/Headers/Private/Yoga -Xcc -I/Users/sparkles/Documents/CodingFiles/FullStack/expensioApp/frontend/ios/Pods/Headers/Private/Yoga -Xcc -I/Users/sparkles/Documents/CodingFiles/FullStack/expensioApp/frontend/node_modules/react-native-screens/common/cpp -Xcc -I/Users/sparkles/Documents/CodingFiles/FullStack/expensioApp/frontend/ios/Pods/ExpoModulesCore/ExpoModulesCore.xcframework/ios-arm64_x86_64-simulator/ExpoModulesCore.framework/Headers -Xcc -I/Users/sparkles/Documents/CodingFiles/FullStack/expensioApp/frontend/ios/Pods/ExpoModulesCore/ExpoModulesCore.xcframework/ios-arm64/ExpoModulesCore.framework/Headers -Xcc -I/Users/sparkles/Documents/CodingFiles/FullStack/expensioApp/frontend/ios/Pods/ExpoModulesCore/ExpoModulesCore.xcframework/ios-arm64_x86_64-simulator/ExpoModulesCore.framework/Headers -Xcc -I/Users/sparkles/Documents/CodingFiles/FullStack/expensioApp/frontend/ios/Pods/ExpoModulesCore/ExpoModulesCore.xcframework/ios-arm64/ExpoModulesCore.framework/Headers -Xcc -I/Users/sparkles/Library/Developer/Xcode/DerivedData/Expensio-futtgngxcysvvhcljmosbeftqmyc/Build/Intermediates.noindex/Pods.build/Debug-iphonesimulator/RNScreens.build/DerivedSources-normal/x86_64 -Xcc -I/Users/sparkles/Library/Developer/Xcode/DerivedData/Expensio-futtgngxcysvvhcljmosbeftqmyc/Build/Intermediates.noindex/Pods.build/Debug-iphonesimulator/RNScreens.build/DerivedSources/x86_64 -Xcc -I/Users/sparkles/Library/Developer/Xcode/DerivedData/Expensio-futtgngxcysvvhcljmosbeftqmyc/Build/Intermediates.noindex/Pods.build/Debug-iphonesimulator/RNScreens.build/DerivedSources -Xcc -DPOD_CONFIGURATION_DEBUG\=1 -Xcc -DDEBUG\=1 -Xcc -DCOCOAPODS\=1 -emit-objc-header -emit-objc-header-path /Users/sparkles/Library/Developer/Xcode/DerivedData/Expensio-futtgngxcysvvhcljmosbeftqmyc/Build/Intermediates.noindex/Pods.build/Debug-iphonesimulator/RNScreens.build/Objects-normal/x86_64/RNScreens-Swift.h -working-directory /Users/sparkles/Documents/CodingFiles/FullStack/expensioApp/frontend/ios/Pods -experimental-emit-module-separately -disable-cmo

CreateUniversalBinary /Users/sparkles/Library/Developer/Xcode/DerivedData/Expensio-futtgngxcysvvhcljmosbeftqmyc/Build/Products/Debug-iphonesimulator/ReactAppDependencyProvider/libReactAppDependencyProvider.a normal arm64\ x86_64 (in target 'ReactAppDependencyProvider' from project 'Pods')
    cd /Users/sparkles/Documents/CodingFiles/FullStack/expensioApp/frontend/ios/Pods
    /Applications/Xcode.app/Contents/Developer/Toolchains/XcodeDefault.xctoolchain/usr/bin/lipo -create /Users/sparkles/Library/Developer/Xcode/DerivedData/Expensio-futtgngxcysvvhcljmosbeftqmyc/Build/Intermediates.noindex/Pods.build/Debug-iphonesimulator/ReactAppDependencyProvider.build/Objects-normal/arm64/Binary/libReactAppDependencyProvider.a /Users/sparkles/Library/Developer/Xcode/DerivedData/Expensio-futtgngxcysvvhcljmosbeftqmyc/Build/Intermediates.noindex/Pods.build/Debug-iphonesimulator/ReactAppDependencyProvider.build/Objects-normal/x86_64/Binary/libReactAppDependencyProvider.a -output /Users/sparkles/Library/Developer/Xcode/DerivedData/Expensio-futtgngxcysvvhcljmosbeftqmyc/Build/Products/Debug-iphonesimulator/ReactAppDependencyProvider/libReactAppDependencyProvider.a

PhaseScriptExecution Copy\ generated\ compatibility\ header /Users/sparkles/Library/Developer/Xcode/DerivedData/Expensio-futtgngxcysvvhcljmosbeftqmyc/Build/Intermediates.noindex/Pods.build/Debug-iphonesimulator/ExpoLogBox.build/Script-46EB2E000157E0.sh (in target 'ExpoLogBox' from project 'Pods')
    cd /Users/sparkles/Documents/CodingFiles/FullStack/expensioApp/frontend/ios/Pods
    export ACTION\=build
    export AD_HOC_CODE_SIGNING_ALLOWED\=YES
    export ALLOW_BUILD_REQUEST_OVERRIDES\=NO
    export ALLOW_TARGET_PLATFORM_SPECIALIZATION\=NO
    export ALTERNATE_GROUP\=staff
    export ALTERNATE_MODE\=u+w,go-w,a+rX
    export ALTERNATE_OWNER\=sparkles
    export ALTERNATIVE_DISTRIBUTION_WEB\=NO
    export ALWAYS_EMBED_SWIFT_STANDARD_LIBRARIES\=NO
    export ALWAYS_SEARCH_USER_PATHS\=NO
    export ALWAYS_USE_SEPARATE_HEADERMAPS\=NO
    export APPLICATION_EXTENSION_API_ONLY\=NO
    export APPLY_RULES_IN_COPY_FILES\=NO
    export APPLY_RULES_IN_COPY_HEADERS\=NO
    export APP_SHORTCUTS_ENABLE_FLEXIBLE_MATCHING\=YES
    export ARCHS\=arm64\ x86_64
    export ARCHS_BASE\=arm64\ x86_64
    export ARCHS_STANDARD\=arm64\ x86_64
    export ARCHS_STANDARD_32_64_BIT\=arm64\ x86_64
    export ARCHS_STANDARD_64_BIT\=arm64\ x86_64
    export ARCHS_STANDARD_INCLUDING_64_BIT\=arm64\ x86_64
    export ARCHS_UNIVERSAL_IPHONE_OS\=arm64\ x86_64
    export AUTOMATICALLY_MERGE_DEPENDENCIES\=NO
    export AUTOMATION_APPLE_EVENTS\=NO
    export AVAILABLE_PLATFORMS\=android\ appletvos\ appletvsimulator\ driverkit\ freebsd\ iphoneos\ iphonesimulator\ linux\ macosx\ none\ openbsd\ qnx\ staticlinux\ watchos\ watchsimulator\ webassembly\ xros\ xrsimulator
    export BUILD_ACTIVE_RESOURCES_ONLY\=NO
    export BUILD_COMPONENTS\=headers\ build
    export BUILD_DIR\=/Users/sparkles/Library/Developer/Xcode/DerivedData/Expensio-futtgngxcysvvhcljmosbeftqmyc/Build/Products
    export BUILD_LIBRARY_FOR_DISTRIBUTION\=NO
    export BUILD_ONLY_KNOWN_LOCALIZATIONS\=NO
    export BUILD_ROOT\=/Users/sparkles/Library/Developer/Xcode/DerivedData/Expensio-futtgngxcysvvhcljmosbeftqmyc/Build/Products
    export BUILD_STYLE\=
    export BUILD_VARIANTS\=normal
    export BUILT_PRODUCTS_DIR\=/Users/sparkles/Library/Developer/Xcode/DerivedData/Expensio-futtgngxcysvvhcljmosbeftqmyc/Build/Products/Debug-iphonesimulator/ExpoLogBox
    export BUNDLE_CONTENTS_FOLDER_PATH_deep\=Contents/
    export BUNDLE_EXECUTABLE_FOLDER_NAME_deep\=MacOS
    export BUNDLE_EXTENSIONS_FOLDER_PATH\=Extensions
    export BUNDLE_FORMAT\=shallow
    export BUNDLE_FRAMEWORKS_FOLDER_PATH\=Frameworks
    export BUNDLE_PLUGINS_FOLDER_PATH\=PlugIns
    export BUNDLE_PRIVATE_HEADERS_FOLDER_PATH\=PrivateHeaders
    export BUNDLE_PUBLIC_HEADERS_FOLDER_PATH\=Headers
    export CACHE_ROOT\=/var/folders/2z/d087lq6n4d1_lvddlb12y_9r0000gn/C/com.apple.DeveloperTools/27.0-27A266a/Xcode
    export CCHROOT\=/var/folders/2z/d087lq6n4d1_lvddlb12y_9r0000gn/C/com.apple.DeveloperTools/27.0-27A266a/Xcode
    export CHMOD\=/bin/chmod
    export CHOWN\=chown
    export CLANG_ANALYZER_LOCALIZABILITY_NONLOCALIZED\=YES
    export CLANG_ANALYZER_NONNULL\=YES
    export CLANG_ANALYZER_NUMBER_OBJECT_CONVERSION\=YES_AGGRESSIVE
    export CLANG_CACHE_FINE_GRAINED_OUTPUTS\=YES
    export CLANG_CXX_LANGUAGE_STANDARD\=c++20
    export CLANG_CXX_LIBRARY\=libc++
    export CLANG_ENABLE_EXPLICIT_MODULES\=YES
    export CLANG_ENABLE_MODULES\=YES
    export CLANG_ENABLE_MODULE_DEBUGGING\=NO
    export CLANG_ENABLE_OBJC_ARC\=YES
    export CLANG_ENABLE_OBJC_WEAK\=NO
    export CLANG_MODULES_BUILD_SESSION_FILE\=/Users/sparkles/Library/Developer/Xcode/DerivedData/ModuleCache.noindex/Session.modulevalidation
    export CLANG_WARN_BLOCK_CAPTURE_AUTORELEASING\=YES
    export CLANG_WARN_BOOL_CONVERSION\=YES
    export CLANG_WARN_COMMA\=YES
    export CLANG_WARN_CONSTANT_CONVERSION\=YES
    export CLANG_WARN_DEPRECATED_OBJC_IMPLEMENTATIONS\=YES
    export CLANG_WARN_DIRECT_OBJC_ISA_USAGE\=YES_ERROR
    export CLANG_WARN_DOCUMENTATION_COMMENTS\=YES
    export CLANG_WARN_EMPTY_BODY\=YES
    export CLANG_WARN_ENUM_CONVERSION\=YES
    export CLANG_WARN_INFINITE_RECURSION\=YES
    export CLANG_WARN_INT_CONVERSION\=YES
    export CLANG_WARN_NON_LITERAL_NULL_CONVERSION\=YES
    export CLANG_WARN_OBJC_IMPLICIT_RETAIN_SELF\=YES
    export CLANG_WARN_OBJC_LITERAL_CONVERSION\=YES
    export CLANG_WARN_OBJC_ROOT_CLASS\=YES_ERROR
    export CLANG_WARN_QUOTED_INCLUDE_IN_FRAMEWORK_HEADER\=NO
    export CLANG_WARN_RANGE_LOOP_ANALYSIS\=YES
    export CLANG_WARN_STRICT_PROTOTYPES\=YES
    export CLANG_WARN_SUSPICIOUS_MOVE\=YES
    export CLANG_WARN_UNGUARDED_AVAILABILITY\=YES_AGGRESSIVE
    export CLANG_WARN_UNREACHABLE_CODE\=YES
    export CLANG_WARN__DUPLICATE_METHOD_MATCH\=YES
    export CLASS_FILE_DIR\=/Users/sparkles/Library/Developer/Xcode/DerivedData/Expensio-futtgngxcysvvhcljmosbeftqmyc/Build/Intermediates.noindex/Pods.build/Debug-iphonesimulator/ExpoLogBox.build/JavaClasses
    export CLEAN_PRECOMPS\=YES
    export CLONE_HEADERS\=NO
    export CODESIGNING_FOLDER_PATH\=/Users/sparkles/Library/Developer/Xcode/DerivedData/Expensio-futtgngxcysvvhcljmosbeftqmyc/Build/Products/Debug-iphonesimulator/ExpoLogBox/libExpoLogBox.a
    export CODE_SIGNING_ALLOWED\=NO
    export CODE_SIGNING_REQUIRED\=YES
    export CODE_SIGN_CONTEXT_CLASS\=XCiPhoneSimulatorCodeSignContext
    export CODE_SIGN_IDENTITY\=-
    export CODE_SIGN_INJECT_BASE_ENTITLEMENTS\=YES
    export COLOR_DIAGNOSTICS\=NO
    export COMBINE_HIDPI_IMAGES\=NO
    export COMPILATION_CACHE_CAS_PATH\=/Users/sparkles/Library/Developer/Xcode/DerivedData/CompilationCache.noindex
    export COMPILATION_CACHE_KEEP_CAS_DIRECTORY\=YES
    export COMPILER_INDEX_STORE_ENABLE\=Default
    export COMPOSITE_SDK_DIRS\=/Users/sparkles/Library/Developer/Xcode/DerivedData/Expensio-futtgngxcysvvhcljmosbeftqmyc/Build/Intermediates.noindex/CompositeSDKs
    export COMPRESS_PNG_FILES\=YES
    export CONFIGURATION\=Debug
    export CONFIGURATION_BUILD_DIR\=/Users/sparkles/Library/Developer/Xcode/DerivedData/Expensio-futtgngxcysvvhcljmosbeftqmyc/Build/Products/Debug-iphonesimulator/ExpoLogBox
    export CONFIGURATION_TEMP_DIR\=/Users/sparkles/Library/Developer/Xcode/DerivedData/Expensio-futtgngxcysvvhcljmosbeftqmyc/Build/Intermediates.noindex/Pods.build/Debug-iphonesimulator
    export COPYING_PRESERVES_HFS_DATA\=NO
    export COPY_HEADERS_RUN_UNIFDEF\=NO
    export COPY_PHASE_STRIP\=NO
    export CORRESPONDING_DEVICE_PLATFORM_DIR\=/Applications/Xcode.app/Contents/Developer/Platforms/iPhoneOS.platform
    export CORRESPONDING_DEVICE_PLATFORM_NAME\=iphoneos
    export CORRESPONDING_DEVICE_SDK_DIR\=/Applications/Xcode.app/Contents/Developer/Platforms/iPhoneOS.platform/Developer/SDKs/iPhoneOS27.0.sdk
    export CORRESPONDING_DEVICE_SDK_NAME\=iphoneos27.0
    export CP\=/bin/cp
    export CREATE_INFOPLIST_SECTION_IN_BINARY\=NO
    export CURRENT_ARCH\=undefined_arch
    export CURRENT_VARIANT\=normal
    export DEAD_CODE_STRIPPING\=YES
    export DEBUGGING_SYMBOLS\=YES
    export DEBUG_INFORMATION_FORMAT\=dwarf
    export DEBUG_INFORMATION_VERSION\=compiler-default
    export DEFAULT_COMPILER\=com.apple.compilers.llvm.clang.1_0
    export DEFAULT_DEXT_INSTALL_PATH\=/System/Library/DriverExtensions
    export DEFAULT_KEXT_INSTALL_PATH\=/System/Library/Extensions
    export DEFINES_MODULE\=NO
    export DEPLOYMENT_LOCATION\=NO
    export DEPLOYMENT_POSTPROCESSING\=NO
    export DEPLOYMENT_TARGET_SETTING_NAME\=IPHONEOS_DEPLOYMENT_TARGET
    export DEPLOYMENT_TARGET_SUGGESTED_VALUES\=15.0\ 15.1\ 15.2\ 15.3\ 15.4\ 15.5\ 15.6\ 16.0\ 16.1\ 16.2\ 16.3\ 16.4\ 16.5\ 16.6\ 17.0\ 17.1\ 17.2\ 17.3\ 17.4\ 17.5\ 17.6\ 18.0\ 18.1\ 18.2\ 18.3\ 18.4\ 18.5\ 18.6\ 26.0\ 26.2\ 26.3\ 26.4\ 26.5\ 26.6\ 27.0
    export DERIVED_FILES_DIR\=/Users/sparkles/Library/Developer/Xcode/DerivedData/Expensio-futtgngxcysvvhcljmosbeftqmyc/Build/Intermediates.noindex/Pods.build/Debug-iphonesimulator/ExpoLogBox.build/DerivedSources
    export DERIVED_FILE_DIR\=/Users/sparkles/Library/Developer/Xcode/DerivedData/Expensio-futtgngxcysvvhcljmosbeftqmyc/Build/Intermediates.noindex/Pods.build/Debug-iphonesimulator/ExpoLogBox.build/DerivedSources
    export DERIVED_SOURCES_DIR\=/Users/sparkles/Library/Developer/Xcode/DerivedData/Expensio-futtgngxcysvvhcljmosbeftqmyc/Build/Intermediates.noindex/Pods.build/Debug-iphonesimulator/ExpoLogBox.build/DerivedSources
    export DEVELOPER_APPLICATIONS_DIR\=/Applications/Xcode.app/Contents/Developer/Applications
    export DEVELOPER_BIN_DIR\=/Applications/Xcode.app/Contents/Developer/usr/bin
    export DEVELOPER_DIR\=/Applications/Xcode.app/Contents/Developer
    export DEVELOPER_FRAMEWORKS_DIR\=/Applications/Xcode.app/Contents/Developer/Library/Frameworks
    export DEVELOPER_FRAMEWORKS_DIR_QUOTED\=/Applications/Xcode.app/Contents/Developer/Library/Frameworks
    export DEVELOPER_LIBRARY_DIR\=/Applications/Xcode.app/Contents/Developer/Library
    export DEVELOPER_SDK_DIR\=/Applications/Xcode.app/Contents/Developer/Platforms/MacOSX.platform/Developer/SDKs
    export DEVELOPER_TOOLS_DIR\=/Applications/Xcode.app/Contents/Developer/Tools
    export DEVELOPER_USR_DIR\=/Applications/Xcode.app/Contents/Developer/usr
    export DEVELOPMENT_LANGUAGE\=en
    export DIAGNOSE_MISSING_TARGET_DEPENDENCIES\=YES
    export DIFF\=/usr/bin/diff
    export DONT_GENERATE_INFOPLIST_FILE\=NO
    export DSTROOT\=/tmp/Pods.dst
    export DT_TOOLCHAIN_DIR\=/Applications/Xcode.app/Contents/Developer/Toolchains/XcodeDefault.xctoolchain
    export DWARF_DSYM_FILE_NAME\=libExpoLogBox.a.dSYM
    export DWARF_DSYM_FILE_SHOULD_ACCOMPANY_PRODUCT\=NO
    export DWARF_DSYM_FOLDER_PATH\=/Users/sparkles/Library/Developer/Xcode/DerivedData/Expensio-futtgngxcysvvhcljmosbeftqmyc/Build/Products/Debug-iphonesimulator/ExpoLogBox
    export DYNAMIC_LIBRARY_EXTENSION\=dylib
    export EAGER_COMPILATION_ALLOW_SCRIPTS\=NO
    export EAGER_LINKING\=NO
    export EFFECTIVE_PLATFORM_NAME\=-iphonesimulator
    export EFFECTIVE_SWIFT_VERSION\=5
    export EMBEDDED_CONTENT_CONTAINS_SWIFT\=NO
    export EMBED_ASSET_PACKS_IN_PRODUCT_BUNDLE\=NO
    export ENABLE_APP_SANDBOX\=NO
    export ENABLE_CODE_COVERAGE\=YES
    export ENABLE_COHORT_ARCHS\=YES
    export ENABLE_CPLUSPLUS_BOUNDS_SAFE_BUFFERS\=NO
    export ENABLE_C_BOUNDS_SAFETY\=NO
    export ENABLE_DEFAULT_HEADER_SEARCH_PATHS\=YES
    export ENABLE_DEFAULT_SEARCH_PATHS\=YES
    export ENABLE_ENHANCED_SECURITY\=NO
    export ENABLE_HARDENED_RUNTIME\=NO
    export ENABLE_HARDWARE_CHECKED_POINTER_ARITHMETIC_SLICE\=NO
    export ENABLE_HEADER_DEPENDENCIES\=YES
    export ENABLE_INCOMING_NETWORK_CONNECTIONS\=NO
    export ENABLE_MODULE_VERIFIER\=NO
    export ENABLE_ON_DEMAND_RESOURCES\=NO
    export ENABLE_OUTGOING_NETWORK_CONNECTIONS\=NO
    export ENABLE_POINTER_AUTHENTICATION\=NO
    export ENABLE_PREVIEWS\=NO
    export ENABLE_RESOURCE_ACCESS_AUDIO_INPUT\=NO
    export ENABLE_RESOURCE_ACCESS_BLUETOOTH\=NO
    export ENABLE_RESOURCE_ACCESS_CALENDARS\=NO
    export ENABLE_RESOURCE_ACCESS_CAMERA\=NO
    export ENABLE_RESOURCE_ACCESS_CONTACTS\=NO
    export ENABLE_RESOURCE_ACCESS_LOCATION\=NO
    export ENABLE_RESOURCE_ACCESS_PHOTO_LIBRARY\=NO
    export ENABLE_RESOURCE_ACCESS_PRINTING\=NO
    export ENABLE_RESOURCE_ACCESS_USB\=NO
    export ENABLE_SDK_IMPORTS\=NO
    export ENABLE_SECURITY_COMPILER_WARNINGS\=NO
    export ENABLE_STRICT_OBJC_MSGSEND\=YES
    export ENABLE_TESTABILITY\=YES
    export ENABLE_TESTING_SEARCH_PATHS\=NO
    export ENABLE_USER_SCRIPT_SANDBOXING\=NO
    export ENABLE_XOJIT_PREVIEWS\=YES
    export ENFORCE_VALID_ARCHS\=YES
    export ENTITLEMENTS_DESTINATION\=__entitlements
    export ENTITLEMENTS_REQUIRED\=YES
    export EXCLUDED_INSTALLSRC_SUBDIRECTORY_PATTERNS\=.DS_Store\ .svn\ .git\ .hg\ CVS
    export EXCLUDED_RECURSIVE_SEARCH_PATH_SUBDIRECTORIES\=\*.nib\ \*.lproj\ \*.framework\ \*.gch\ \*.xcode\*\ \*.xcassets\ \*.icon\ \(\*\)\ .DS_Store\ CVS\ .svn\ .git\ .hg\ \*.pbproj\ \*.pbxproj
    export EXECUTABLE_EXTENSION\=a
    export EXECUTABLE_NAME\=libExpoLogBox.a
    export EXECUTABLE_PATH\=libExpoLogBox.a
    export EXECUTABLE_PREFIX\=lib
    export EXECUTABLE_SUFFIX\=.a
    export FILE_LIST\=/Users/sparkles/Library/Developer/Xcode/DerivedData/Expensio-futtgngxcysvvhcljmosbeftqmyc/Build/Intermediates.noindex/Pods.build/Debug-iphonesimulator/ExpoLogBox.build/Objects/LinkFileList
    export FIXED_FILES_DIR\=/Users/sparkles/Library/Developer/Xcode/DerivedData/Expensio-futtgngxcysvvhcljmosbeftqmyc/Build/Intermediates.noindex/Pods.build/Debug-iphonesimulator/ExpoLogBox.build/FixedFiles
    export FRAMEWORK_FLAG_PREFIX\=-framework
    export FRAMEWORK_SEARCH_PATHS\=/Users/sparkles/Library/Developer/Xcode/DerivedData/Expensio-futtgngxcysvvhcljmosbeftqmyc/Build/Products/Debug-iphonesimulator/ExpoLogBox\ \ \"/Users/sparkles/Documents/CodingFiles/FullStack/expensioApp/frontend/ios/Pods/React-Core-prebuilt\"\ \"/Users/sparkles/Documents/CodingFiles/FullStack/expensioApp/frontend/ios/Pods/ReactNativeDependencies/framework/packages/react-native\"\ \"/Users/sparkles/Documents/CodingFiles/FullStack/expensioApp/frontend/ios/Pods/hermes-engine/destroot/Library/Frameworks/universal\"\ \"/Users/sparkles/Library/Developer/Xcode/DerivedData/Expensio-futtgngxcysvvhcljmosbeftqmyc/Build/Products/Debug-iphonesimulator/XCFrameworkIntermediates/React-Core-prebuilt\"\ \"/Users/sparkles/Library/Developer/Xcode/DerivedData/Expensio-futtgngxcysvvhcljmosbeftqmyc/Build/Products/Debug-iphonesimulator/XCFrameworkIntermediates/ReactNativeDependencies\"\ \"/Users/sparkles/Library/Developer/Xcode/DerivedData/Expensio-futtgngxcysvvhcljmosbeftqmyc/Build/Products/Debug-iphonesimulator/XCFrameworkIntermediates/hermes-engine/Pre-built\"
    export FRAMEWORK_VERSION\=A
    export FULL_PRODUCT_NAME\=libExpoLogBox.a
    export FUSE_BUILD_PHASES\=YES
    export FUSE_BUILD_SCRIPT_PHASES\=NO
    export GCC3_VERSION\=3.3
    export GCC_C_LANGUAGE_STANDARD\=gnu11
    export GCC_DYNAMIC_NO_PIC\=NO
    export GCC_NO_COMMON_BLOCKS\=YES
    export GCC_OBJC_LEGACY_DISPATCH\=YES
    export GCC_OPTIMIZATION_LEVEL\=0
    export GCC_PFE_FILE_C_DIALECTS\=c\ objective-c\ c++\ objective-c++
    export GCC_PREFIX_HEADER\=Target\ Support\ Files/ExpoLogBox/ExpoLogBox-prefix.pch
    export GCC_PREPROCESSOR_DEFINITIONS\=POD_CONFIGURATION_DEBUG\=1\ DEBUG\=1\ \ COCOAPODS\=1
    export GCC_SYMBOLS_PRIVATE_EXTERN\=NO
    export GCC_TREAT_WARNINGS_AS_ERRORS\=NO
    export GCC_VERSION\=com.apple.compilers.llvm.clang.1_0
    export GCC_VERSION_IDENTIFIER\=com_apple_compilers_llvm_clang_1_0
    export GCC_WARN_64_TO_32_BIT_CONVERSION\=YES
    export GCC_WARN_ABOUT_RETURN_TYPE\=YES_ERROR
    export GCC_WARN_UNDECLARED_SELECTOR\=YES
    export GCC_WARN_UNINITIALIZED_AUTOS\=YES_AGGRESSIVE
    export GCC_WARN_UNUSED_FUNCTION\=YES
    export GCC_WARN_UNUSED_VARIABLE\=YES
    export GENERATED_MODULEMAP_DIR\=/Users/sparkles/Library/Developer/Xcode/DerivedData/Expensio-futtgngxcysvvhcljmosbeftqmyc/Build/Intermediates.noindex/GeneratedModuleMaps-iphonesimulator
    export GENERATE_INFOPLIST_FILE\=NO
    export GENERATE_INTERMEDIATE_TEXT_BASED_STUBS\=YES
    export GENERATE_PKGINFO_FILE\=NO
    export GENERATE_PRELINK_OBJECT_FILE\=NO
    export GENERATE_PROFILING_CODE\=NO
    export GENERATE_TEXT_BASED_STUBS\=NO
    export GID\=20
    export GROUP\=staff
    export HEADERMAP_INCLUDES_FLAT_ENTRIES_FOR_TARGET_BEING_BUILT\=YES
    export HEADERMAP_INCLUDES_FRAMEWORK_ENTRIES_FOR_ALL_PRODUCT_TYPES\=YES
    export HEADERMAP_INCLUDES_FRAMEWORK_ENTRIES_FOR_TARGETS_NOT_BEING_BUILT\=YES
    export HEADERMAP_INCLUDES_NONPUBLIC_NONPRIVATE_HEADERS\=YES
    export HEADERMAP_INCLUDES_PROJECT_HEADERS\=YES
    export HEADERMAP_USES_FRAMEWORK_PREFIX_ENTRIES\=YES
    export HEADERMAP_USES_VFS\=NO
    export HEADER_SEARCH_PATHS\=/Users/sparkles/Library/Developer/Xcode/DerivedData/Expensio-futtgngxcysvvhcljmosbeftqmyc/Build/Products/Debug-iphonesimulator/ExpoLogBox/include\ \ \"/Users/sparkles/Documents/CodingFiles/FullStack/expensioApp/frontend/ios/Pods/Headers/Public\"\ \"/Users/sparkles/Documents/CodingFiles/FullStack/expensioApp/frontend/ios/Pods/Headers/Public/React-Core\"\ \"/Users/sparkles/Documents/CodingFiles/FullStack/expensioApp/frontend/ios/Pods/Headers/Public/React-Core-prebuilt\"\ \"/Users/sparkles/Documents/CodingFiles/FullStack/expensioApp/frontend/ios/Pods/Headers/Public/React-callinvoker\"\ \"/Users/sparkles/Documents/CodingFiles/FullStack/expensioApp/frontend/ios/Pods/Headers/Public/React-cxxreact\"\ \"/Users/sparkles/Documents/CodingFiles/FullStack/expensioApp/frontend/ios/Pods/Headers/Public/React-debug\"\ \"/Users/sparkles/Documents/CodingFiles/FullStack/expensioApp/frontend/ios/Pods/Headers/Public/React-featureflags\"\ \"/Users/sparkles/Documents/CodingFiles/FullStack/expensioApp/frontend/ios/Pods/Headers/Public/React-hermes\"\ \"/Users/sparkles/Documents/CodingFiles/FullStack/expensioApp/frontend/ios/Pods/Headers/Public/React-jserrorhandler\"\ \"/Users/sparkles/Documents/CodingFiles/FullStack/expensioApp/frontend/ios/Pods/Headers/Public/React-jsi\"\ \"/Users/sparkles/Documents/CodingFiles/FullStack/expensioApp/frontend/ios/Pods/Headers/Public/React-jsiexecutor\"\ \"/Users/sparkles/Documents/CodingFiles/FullStack/expensioApp/frontend/ios/Pods/Headers/Public/React-jsinspector\"\ \"/Users/sparkles/Documents/CodingFiles/FullStack/expensioApp/frontend/ios/Pods/Headers/Public/React-jsinspectorcdp\"\ \"/Users/sparkles/Documents/CodingFiles/FullStack/expensioApp/frontend/ios/Pods/Headers/Public/React-jsinspectornetwork\"\ \"/Users/sparkles/Documents/CodingFiles/FullStack/expensioApp/frontend/ios/Pods/Headers/Public/React-jsinspectortracing\"\ \"/Users/sparkles/Documents/CodingFiles/FullStack/expensioApp/frontend/ios/Pods/Headers/Public/React-jsitooling\"\ \"/Users/sparkles/Documents/CodingFiles/FullStack/expensioApp/frontend/ios/Pods/Headers/Public/React-logger\"\ \"/Users/sparkles/Documents/CodingFiles/FullStack/expensioApp/frontend/ios/Pods/Headers/Public/React-oscompat\"\ \"/Users/sparkles/Documents/CodingFiles/FullStack/expensioApp/frontend/ios/Pods/Headers/Public/React-perflogger\"\ \"/Users/sparkles/Documents/CodingFiles/FullStack/expensioApp/frontend/ios/Pods/Headers/Public/React-performancetimeline\"\ \"/Users/sparkles/Documents/CodingFiles/FullStack/expensioApp/frontend/ios/Pods/Headers/Public/React-rendererconsistency\"\ \"/Users/sparkles/Documents/CodingFiles/FullStack/expensioApp/frontend/ios/Pods/Headers/Public/React-rendererdebug\"\ \"/Users/sparkles/Documents/CodingFiles/FullStack/expensioApp/frontend/ios/Pods/Headers/Public/React-runtimeexecutor\"\ \"/Users/sparkles/Documents/CodingFiles/FullStack/expensioApp/frontend/ios/Pods/Headers/Public/React-runtimescheduler\"\ \"/Users/sparkles/Documents/CodingFiles/FullStack/expensioApp/frontend/ios/Pods/Headers/Public/React-timing\"\ \"/Users/sparkles/Documents/CodingFiles/FullStack/expensioApp/frontend/ios/Pods/Headers/Public/React-utils\"\ \"/Users/sparkles/Documents/CodingFiles/FullStack/expensioApp/frontend/ios/Pods/Headers/Public/ReactCommon\"\ \"/Users/sparkles/Documents/CodingFiles/FullStack/expensioApp/frontend/ios/Pods/Headers/Public/ReactNativeDependencies\"\ \"/Users/sparkles/Documents/CodingFiles/FullStack/expensioApp/frontend/ios/Pods/Headers/Public/Yoga\"\ \"/Users/sparkles/Documents/CodingFiles/FullStack/expensioApp/frontend/ios/Pods/Headers/Public/hermes-engine\"\ \"/Users/sparkles/Documents/CodingFiles/FullStack/expensioApp/frontend/ios/Pods/ExpoModulesCore/ExpoModulesCore.xcframework/ios-arm64_x86_64-simulator/ExpoModulesCore.framework/Headers\"\ \"/Users/sparkles/Documents/CodingFiles/FullStack/expensioApp/frontend/ios/Pods/ExpoModulesCore/ExpoModulesCore.xcframework/ios-arm64/ExpoModulesCore.framework/Headers\"\ \"/Users/sparkles/Documents/CodingFiles/FullStack/expensioApp/frontend/ios/Pods/ExpoModulesCore/ExpoModulesCore.xcframework/ios-arm64_x86_64-simulator/ExpoModulesCore.framework/Headers\"\ \"/Users/sparkles/Documents/CodingFiles/FullStack/expensioApp/frontend/ios/Pods/ExpoModulesCore/ExpoModulesCore.xcframework/ios-arm64/ExpoModulesCore.framework/Headers\"
    export HOME\=/Users/sparkles
    export HOST_ARCH\=arm64
    export HOST_PLATFORM\=macosx
    export ICONV\=/usr/bin/iconv
    export IMPLICIT_DEPENDENCY_DOMAIN\=default
    export INDEX_ENABLE_OPTIMIZATION_LEVEL_OVERRIDE\=YES
    export INDEX_STORE_COMPRESS\=NO
    export INDEX_STORE_ONLY_PROJECT_FILES\=NO
    export INFOPLIST_ENABLE_CFBUNDLEICONS_MERGE\=YES
    export INFOPLIST_EXPAND_BUILD_SETTINGS\=YES
    export INFOPLIST_OUTPUT_FORMAT\=binary
    export INFOPLIST_PREPROCESS\=NO
    export INLINE_PRIVATE_FRAMEWORKS\=NO
    export INSTALLAPI_IGNORE_SKIP_INSTALL\=YES
    export INSTALLHDRS_COPY_PHASE\=NO
    export INSTALLHDRS_SCRIPT_PHASE\=NO
    export INSTALL_DIR\=/tmp/Pods.dst/usr/local/lib
    export INSTALL_GROUP\=staff
    export INSTALL_MODE_FLAG\=u+w,go-w,a+rX
    export INSTALL_OWNER\=sparkles
    export INSTALL_PATH\=/usr/local/lib
    export INSTALL_ROOT\=/tmp/Pods.dst
    export IPHONEOS_DEPLOYMENT_TARGET\=17.0
    export IS_UNOPTIMIZED_BUILD\=YES
    export JAVAC_DEFAULT_FLAGS\=-J-Xms64m\ -J-XX:NewSize\=4M\ -J-Dfile.encoding\=UTF8
    export JAVA_APP_STUB\=/System/Library/Frameworks/JavaVM.framework/Resources/MacOS/JavaApplicationStub
    export JAVA_ARCHIVE_CLASSES\=YES
    export JAVA_ARCHIVE_TYPE\=JAR
    export JAVA_COMPILER\=/usr/bin/javac
    export JAVA_FRAMEWORK_RESOURCES_DIRS\=Resources
    export JAVA_JAR_FLAGS\=cv
    export JAVA_SOURCE_SUBDIR\=.
    export JAVA_USE_DEPENDENCIES\=YES
    export JAVA_ZIP_FLAGS\=-urg
    export JIKES_DEFAULT_FLAGS\=+E\ +OLDCSO
    export KEEP_PRIVATE_EXTERNS\=NO
    export LD_DEPENDENCY_INFO_FILE\=/Users/sparkles/Library/Developer/Xcode/DerivedData/Expensio-futtgngxcysvvhcljmosbeftqmyc/Build/Intermediates.noindex/Pods.build/Debug-iphonesimulator/ExpoLogBox.build/Objects-normal/undefined_arch/ExpoLogBox_dependency_info.dat
    export LD_EXPORT_GLOBAL_SYMBOLS\=YES
    export LD_EXPORT_SYMBOLS\=YES
    export LD_GENERATE_MAP_FILE\=NO
    export LD_MAP_FILE_PATH\=/Users/sparkles/Library/Developer/Xcode/DerivedData/Expensio-futtgngxcysvvhcljmosbeftqmyc/Build/Intermediates.noindex/Pods.build/Debug-iphonesimulator/ExpoLogBox.build/ExpoLogBox-LinkMap-normal-undefined_arch.txt
    export LD_NO_PIE\=NO
    export LD_QUOTE_LINKER_ARGUMENTS_FOR_COMPILER_DRIVER\=YES
    export LD_SHARED_CACHE_ELIGIBLE\=Automatic
    export LD_WARN_DUPLICATE_LIBRARIES\=NO
    export LD_WARN_UNUSED_DYLIBS\=NO
    export LEGACY_DEVELOPER_DIR\=/Applications/Xcode.app/Contents/PlugIns/Xcode3Core.ideplugin/Contents/SharedSupport/Developer
    export LEX\=lex
    export LIBRARY_DEXT_INSTALL_PATH\=/Library/DriverExtensions
    export LIBRARY_FLAG_NOSPACE\=YES
    export LIBRARY_FLAG_PREFIX\=-l
    export LIBRARY_KEXT_INSTALL_PATH\=/Library/Extensions
    export LIBRARY_SEARCH_PATHS\=/Users/sparkles/Library/Developer/Xcode/DerivedData/Expensio-futtgngxcysvvhcljmosbeftqmyc/Build/Products/Debug-iphonesimulator/ExpoLogBox\ 
    export LINKER_DISPLAYS_MANGLED_NAMES\=NO
    export LINK_FILE_LIST_normal_arm64\=/Users/sparkles/Library/Developer/Xcode/DerivedData/Expensio-futtgngxcysvvhcljmosbeftqmyc/Build/Intermediates.noindex/Pods.build/Debug-iphonesimulator/ExpoLogBox.build/Objects-normal/arm64/ExpoLogBox.LinkFileList
    export LINK_FILE_LIST_normal_x86_64\=/Users/sparkles/Library/Developer/Xcode/DerivedData/Expensio-futtgngxcysvvhcljmosbeftqmyc/Build/Intermediates.noindex/Pods.build/Debug-iphonesimulator/ExpoLogBox.build/Objects-normal/x86_64/ExpoLogBox.LinkFileList
    export LINK_OBJC_RUNTIME\=YES
    export LINK_WITH_STANDARD_LIBRARIES\=YES
    export LLVM_TARGET_TRIPLE_OS_VERSION\=ios17.0
    export LLVM_TARGET_TRIPLE_SUFFIX\=-simulator
    export LLVM_TARGET_TRIPLE_VENDOR\=apple
    export LM_AUX_CONST_METADATA_LIST_PATH_normal_arm64\=/Users/sparkles/Library/Developer/Xcode/DerivedData/Expensio-futtgngxcysvvhcljmosbeftqmyc/Build/Intermediates.noindex/Pods.build/Debug-iphonesimulator/ExpoLogBox.build/Objects-normal/arm64/ExpoLogBox.SwiftConstValuesFileList
    export LM_AUX_CONST_METADATA_LIST_PATH_normal_x86_64\=/Users/sparkles/Library/Developer/Xcode/DerivedData/Expensio-futtgngxcysvvhcljmosbeftqmyc/Build/Intermediates.noindex/Pods.build/Debug-iphonesimulator/ExpoLogBox.build/Objects-normal/x86_64/ExpoLogBox.SwiftConstValuesFileList
    export LOCALIZATION_EXPORT_SUPPORTED\=YES
    export LOCALIZATION_PREFERS_STRING_CATALOGS\=NO
    export LOCALIZED_STRING_CODE_COMMENTS\=NO
    export LOCALIZED_STRING_MACRO_NAMES\=NSLocalizedString\ CFCopyLocalizedString
    export LOCALIZED_STRING_SWIFTUI_SUPPORT\=YES
    export LOCAL_ADMIN_APPS_DIR\=/Applications/Utilities
    export LOCAL_APPS_DIR\=/Applications
    export LOCAL_DEVELOPER_DIR\=/Library/Developer
    export LOCAL_LIBRARY_DIR\=/Library
    export LOCROOT\=/Users/sparkles/Documents/CodingFiles/FullStack/expensioApp/frontend/ios/Pods
    export LOCSYMROOT\=/Users/sparkles/Documents/CodingFiles/FullStack/expensioApp/frontend/ios/Pods
    export MACH_O_TYPE\=staticlib
    export MAC_OS_X_PRODUCT_BUILD_VERSION\=26A428
    export MAC_OS_X_VERSION_ACTUAL\=270000
    export MAC_OS_X_VERSION_MAJOR\=270000
    export MAC_OS_X_VERSION_MINOR\=270000
    export MAKE_MERGEABLE\=NO
    export MERGEABLE_LIBRARY\=NO
    export MERGED_BINARY_TYPE\=none
    export MERGE_LINKED_LIBRARIES\=NO
    export METAL_LIBRARY_FILE_BASE\=default
    export METAL_LIBRARY_OUTPUT_DIR\=/Users/sparkles/Library/Developer/Xcode/DerivedData/Expensio-futtgngxcysvvhcljmosbeftqmyc/Build/Products/Debug-iphonesimulator/ExpoLogBox/
    export MODULEMAP_FILE\=Headers/Public/ExpoLogBox/ExpoLogBox.modulemap
    export MODULE_CACHE_DIR\=/Users/sparkles/Library/Developer/Xcode/DerivedData/ModuleCache.noindex
    export MTL_ENABLE_DEBUG_INFO\=INCLUDE_SOURCE
    export MTL_FAST_MATH\=YES
    export NATIVE_ARCH\=arm64
    export NATIVE_ARCH_32_BIT\=arm
    export NATIVE_ARCH_64_BIT\=arm64
    export NATIVE_ARCH_ACTUAL\=arm64
    export NO_COMMON\=YES
    export OBJC_ABI_VERSION\=2
    export OBJECT_FILE_DIR\=/Users/sparkles/Library/Developer/Xcode/DerivedData/Expensio-futtgngxcysvvhcljmosbeftqmyc/Build/Intermediates.noindex/Pods.build/Debug-iphonesimulator/ExpoLogBox.build/Objects
    export OBJECT_FILE_DIR_normal\=/Users/sparkles/Library/Developer/Xcode/DerivedData/Expensio-futtgngxcysvvhcljmosbeftqmyc/Build/Intermediates.noindex/Pods.build/Debug-iphonesimulator/ExpoLogBox.build/Objects-normal
    export OBJROOT\=/Users/sparkles/Library/Developer/Xcode/DerivedData/Expensio-futtgngxcysvvhcljmosbeftqmyc/Build/Intermediates.noindex
    export ONLY_ACTIVE_ARCH\=NO
    export ONLY_ARCH\=multiple_archs
    export OS\=MACOS
    export OSAC\=/usr/bin/osacompile
    export OTHER_CFLAGS\=\ -DRCT_REMOVE_LEGACY_ARCH\=1\ -ivfsoverlay\ \"/Users/sparkles/Documents/CodingFiles/FullStack/expensioApp/frontend/ios/Pods/React-Core-prebuilt/React-VFS.yaml\"
    export OTHER_CPLUSPLUSFLAGS\=\ -DRCT_REMOVE_LEGACY_ARCH\=1\ -ivfsoverlay\ \"/Users/sparkles/Documents/CodingFiles/FullStack/expensioApp/frontend/ios/Pods/React-Core-prebuilt/React-VFS.yaml\"\ -DRCT_REMOVE_LEGACY_ARCH\=1\ -ivfsoverlay\ \"/Users/sparkles/Documents/CodingFiles/FullStack/expensioApp/frontend/ios/Pods/React-Core-prebuilt/React-VFS.yaml\"
    export OTHER_SWIFT_FLAGS\=\ -D\ COCOAPODS\ -import-underlying-module\ -Xcc\ -fmodule-map-file\=\"/Users/sparkles/Documents/CodingFiles/FullStack/expensioApp/frontend/ios/Pods/Headers/Public/ExpoLogBox/ExpoLogBox.modulemap\"\ -Xcc\ -ivfsoverlay\ -Xcc\ \"/Users/sparkles/Documents/CodingFiles/FullStack/expensioApp/frontend/ios/Pods/React-Core-prebuilt/React-VFS.yaml\"\ -Xcc\ -Wno-incomplete-umbrella
    export PACKAGE_TYPE\=com.apple.package-type.static-library
    export PASCAL_STRINGS\=YES
    export PATH\=/Applications/Xcode.app/Contents/SharedFrameworks/SwiftBuild.framework/Versions/A/PlugIns/SWBBuildService.bundle/Contents/PlugIns/SWBUniversalPlatformPlugin.bundle/Contents/Frameworks/SWBUniversalPlatform.framework/Resources:/Applications/Xcode.app/Contents/Developer/Toolchains/XcodeDefault.xctoolchain/usr/bin:/Applications/Xcode.app/Contents/Developer/Toolchains/XcodeDefault.xctoolchain/usr/local/bin:/Applications/Xcode.app/Contents/Developer/Toolchains/XcodeDefault.xctoolchain/usr/libexec:/Applications/Xcode.app/Contents/Developer/Platforms/iPhoneSimulator.platform/usr/bin:/Applications/Xcode.app/Contents/Developer/Platforms/iPhoneSimulator.platform/usr/local/bin:/Applications/Xcode.app/Contents/Developer/Platforms/iPhoneSimulator.platform/Developer/usr/bin:/Applications/Xcode.app/Contents/Developer/Platforms/iPhoneSimulator.platform/Developer/usr/local/bin:/Applications/Xcode.app/Contents/Developer/usr/bin:/Applications/Xcode.app/Contents/Developer/usr/local/bin:/Users/sparkles/.gemini/antigravity-ide/bin:/Users/sparkles/.antigravity-ide/antigravity-ide/bin:/opt/homebrew/bin:/opt/homebrew/sbin:/usr/local/bin:/System/Cryptexes/App/usr/bin:/usr/bin:/bin:/usr/sbin:/sbin:/var/run/com.apple.security.cryptexd/codex.system/bootstrap/usr/local/bin:/var/run/com.apple.security.cryptexd/codex.system/bootstrap/usr/bin:/var/run/com.apple.security.cryptexd/codex.system/bootstrap/usr/appleinternal/bin:/pkg/env/global/bin
    export PATH_PREFIXES_EXCLUDED_FROM_HEADER_DEPENDENCIES\=/usr/include\ /usr/local/include\ /System/Library/Frameworks\ /System/Library/PrivateFrameworks\ /Applications/Xcode.app/Contents/Developer/Headers\ /Applications/Xcode.app/Contents/Developer/SDKs\ /Applications/Xcode.app/Contents/Developer/Platforms
    export PER_ARCH_MODULE_FILE_DIR\=/Users/sparkles/Library/Developer/Xcode/DerivedData/Expensio-futtgngxcysvvhcljmosbeftqmyc/Build/Intermediates.noindex/Pods.build/Debug-iphonesimulator/ExpoLogBox.build/Objects-normal/undefined_arch
    export PER_ARCH_OBJECT_FILE_DIR\=/Users/sparkles/Library/Developer/Xcode/DerivedData/Expensio-futtgngxcysvvhcljmosbeftqmyc/Build/Intermediates.noindex/Pods.build/Debug-iphonesimulator/ExpoLogBox.build/Objects-normal/undefined_arch
    export PER_VARIANT_OBJECT_FILE_DIR\=/Users/sparkles/Library/Developer/Xcode/DerivedData/Expensio-futtgngxcysvvhcljmosbeftqmyc/Build/Intermediates.noindex/Pods.build/Debug-iphonesimulator/ExpoLogBox.build/Objects-normal
    export PKGINFO_FILE_PATH\=/Users/sparkles/Library/Developer/Xcode/DerivedData/Expensio-futtgngxcysvvhcljmosbeftqmyc/Build/Intermediates.noindex/Pods.build/Debug-iphonesimulator/ExpoLogBox.build/PkgInfo
    export PLATFORM_DEVELOPER_APPLICATIONS_DIR\=/Applications/Xcode.app/Contents/Developer/Platforms/iPhoneSimulator.platform/Developer/Applications
    export PLATFORM_DEVELOPER_BIN_DIR\=/Applications/Xcode.app/Contents/Developer/Platforms/iPhoneSimulator.platform/Developer/usr/bin
    export PLATFORM_DEVELOPER_LIBRARY_DIR\=/Applications/Xcode.app/Contents/Developer/Platforms/iPhoneSimulator.platform/Developer/Library
    export PLATFORM_DEVELOPER_SDK_DIR\=/Applications/Xcode.app/Contents/Developer/Platforms/iPhoneSimulator.platform/Developer/SDKs
    export PLATFORM_DEVELOPER_TOOLS_DIR\=/Applications/Xcode.app/Contents/Developer/Platforms/iPhoneSimulator.platform/Developer/Tools
    export PLATFORM_DEVELOPER_USR_DIR\=/Applications/Xcode.app/Contents/Developer/Platforms/iPhoneSimulator.platform/Developer/usr
    export PLATFORM_DIR\=/Applications/Xcode.app/Contents/Developer/Platforms/iPhoneSimulator.platform
    export PLATFORM_DISPLAY_NAME\=iOS\ Simulator
    export PLATFORM_FAMILY_NAME\=iOS
    export PLATFORM_NAME\=iphonesimulator
    export PLATFORM_PREFERRED_ARCH\=x86_64
    export PLATFORM_PRODUCT_BUILD_VERSION\=24A430
    export PLATFORM_REQUIRES_SWIFT_AUTOLINK_EXTRACT\=NO
    export PLATFORM_REQUIRES_SWIFT_MODULEWRAP\=NO
    export PLATFORM_USES_DSYMS\=YES
    export PLIST_FILE_OUTPUT_FORMAT\=binary
    export PODFILE_DIR\=/Users/sparkles/Documents/CodingFiles/FullStack/expensioApp/frontend/ios/Pods/..
    export PODS_BUILD_DIR\=/Users/sparkles/Library/Developer/Xcode/DerivedData/Expensio-futtgngxcysvvhcljmosbeftqmyc/Build/Products
    export PODS_CONFIGURATION_BUILD_DIR\=/Users/sparkles/Library/Developer/Xcode/DerivedData/Expensio-futtgngxcysvvhcljmosbeftqmyc/Build/Products/Debug-iphonesimulator
    export PODS_DEVELOPMENT_LANGUAGE\=en
    export PODS_ROOT\=/Users/sparkles/Documents/CodingFiles/FullStack/expensioApp/frontend/ios/Pods
    export PODS_TARGET_SRCROOT\=/Users/sparkles/Documents/CodingFiles/FullStack/expensioApp/frontend/ios/Pods/../../node_modules/@expo/log-box
    export PODS_XCFRAMEWORKS_BUILD_DIR\=/Users/sparkles/Library/Developer/Xcode/DerivedData/Expensio-futtgngxcysvvhcljmosbeftqmyc/Build/Products/Debug-iphonesimulator/XCFrameworkIntermediates
    export PRECOMPS_INCLUDE_HEADERS_FROM_BUILT_PRODUCTS_DIR\=YES
    export PRECOMP_DESTINATION_DIR\=/Users/sparkles/Library/Developer/Xcode/DerivedData/Expensio-futtgngxcysvvhcljmosbeftqmyc/Build/Intermediates.noindex/Pods.build/Debug-iphonesimulator/ExpoLogBox.build/PrefixHeaders
    export PRELINK_DEPENDENCY_INFO_FILE\=/Users/sparkles/Library/Developer/Xcode/DerivedData/Expensio-futtgngxcysvvhcljmosbeftqmyc/Build/Intermediates.noindex/Pods.build/Debug-iphonesimulator/ExpoLogBox.build/Objects-normal/undefined_arch/ExpoLogBox_prelink_dependency_info.dat
    export PROCESSED_INFOPLIST_PATH\=/Users/sparkles/Library/Developer/Xcode/DerivedData/Expensio-futtgngxcysvvhcljmosbeftqmyc/Build/Intermediates.noindex/Pods.build/Debug-iphonesimulator/ExpoLogBox.build/Objects-normal/undefined_arch/Processed-Info.plist
    export PRODUCT_BUNDLE_IDENTIFIER\=org.cocoapods.ExpoLogBox
    export PRODUCT_MODULE_NAME\=ExpoLogBox
    export PRODUCT_NAME\=ExpoLogBox
    export PRODUCT_SETTINGS_PATH\=
    export PRODUCT_TYPE\=com.apple.product-type.library.static
    export PROFILING_CODE\=NO
    export PROJECT\=Pods
    export PROJECT_DERIVED_FILE_DIR\=/Users/sparkles/Library/Developer/Xcode/DerivedData/Expensio-futtgngxcysvvhcljmosbeftqmyc/Build/Intermediates.noindex/Pods.build/DerivedSources
    export PROJECT_DIR\=/Users/sparkles/Documents/CodingFiles/FullStack/expensioApp/frontend/ios/Pods
    export PROJECT_FILE_PATH\=/Users/sparkles/Documents/CodingFiles/FullStack/expensioApp/frontend/ios/Pods/Pods.xcodeproj
    export PROJECT_GUID\=8699adb1dd336b26511df848a716bd42
    export PROJECT_NAME\=Pods
    export PROJECT_TEMP_DIR\=/Users/sparkles/Library/Developer/Xcode/DerivedData/Expensio-futtgngxcysvvhcljmosbeftqmyc/Build/Intermediates.noindex/Pods.build
    export PROJECT_TEMP_ROOT\=/Users/sparkles/Library/Developer/Xcode/DerivedData/Expensio-futtgngxcysvvhcljmosbeftqmyc/Build/Intermediates.noindex
    export REACT_NATIVE_PATH\=/Users/sparkles/Documents/CodingFiles/FullStack/expensioApp/frontend/ios/Pods/../../node_modules/react-native
    export RECOMMENDED_IPHONEOS_DEPLOYMENT_TARGET\=17.0
    export RECURSIVE_SEARCH_PATHS_FOLLOW_SYMLINKS\=YES
    export REMOVE_CVS_FROM_RESOURCES\=YES
    export REMOVE_GIT_FROM_RESOURCES\=YES
    export REMOVE_HEADERS_FROM_EMBEDDED_BUNDLES\=YES
    export REMOVE_HG_FROM_RESOURCES\=YES
    export REMOVE_STATIC_EXECUTABLES_FROM_EMBEDDED_BUNDLES\=YES
    export REMOVE_SVN_FROM_RESOURCES\=YES
    export RESCHEDULE_INDEPENDENT_HEADERS_PHASES\=YES
    export REZ_COLLECTOR_DIR\=/Users/sparkles/Library/Developer/Xcode/DerivedData/Expensio-futtgngxcysvvhcljmosbeftqmyc/Build/Intermediates.noindex/Pods.build/Debug-iphonesimulator/ExpoLogBox.build/ResourceManagerResources
    export REZ_EXECUTABLE\=YES
    export REZ_OBJECTS_DIR\=/Users/sparkles/Library/Developer/Xcode/DerivedData/Expensio-futtgngxcysvvhcljmosbeftqmyc/Build/Intermediates.noindex/Pods.build/Debug-iphonesimulator/ExpoLogBox.build/ResourceManagerResources/Objects
    export REZ_SEARCH_PATHS\=/Users/sparkles/Library/Developer/Xcode/DerivedData/Expensio-futtgngxcysvvhcljmosbeftqmyc/Build/Products/Debug-iphonesimulator/ExpoLogBox\ 
    export RPATH_ORIGIN\=@loader_path
    export RUNTIME_EXCEPTION_ALLOW_DYLD_ENVIRONMENT_VARIABLES\=NO
    export RUNTIME_EXCEPTION_ALLOW_JIT\=NO
    export RUNTIME_EXCEPTION_ALLOW_UNSIGNED_EXECUTABLE_MEMORY\=NO
    export RUNTIME_EXCEPTION_DEBUGGING_TOOL\=NO
    export RUNTIME_EXCEPTION_DISABLE_EXECUTABLE_PAGE_PROTECTION\=NO
    export RUNTIME_EXCEPTION_DISABLE_LIBRARY_VALIDATION\=NO
    export SCANNING_PCM_KEEP_CACHE_DIRECTORY\=YES
    export SCAN_ALL_SOURCE_FILES_FOR_INCLUDES\=NO
    export SCRIPT_INPUT_FILE_0\=/Users/sparkles/Library/Developer/Xcode/DerivedData/Expensio-futtgngxcysvvhcljmosbeftqmyc/Build/Intermediates.noindex/Pods.build/Debug-iphonesimulator/ExpoLogBox.build/DerivedSources/ExpoLogBox-Swift.h
    export SCRIPT_INPUT_FILE_1\=/Users/sparkles/Documents/CodingFiles/FullStack/expensioApp/frontend/ios/Pods/Headers/Public/ExpoLogBox/ExpoLogBox.modulemap
    export SCRIPT_INPUT_FILE_2\=/Users/sparkles/Documents/CodingFiles/FullStack/expensioApp/frontend/ios/Pods/Headers/Public/ExpoLogBox/ExpoLogBox-umbrella.h
    export SCRIPT_INPUT_FILE_COUNT\=3
    export SCRIPT_INPUT_FILE_LIST_COUNT\=0
    export SCRIPT_OUTPUT_FILE_0\=/Users/sparkles/Library/Developer/Xcode/DerivedData/Expensio-futtgngxcysvvhcljmosbeftqmyc/Build/Products/Debug-iphonesimulator/ExpoLogBox/ExpoLogBox.modulemap
    export SCRIPT_OUTPUT_FILE_1\=/Users/sparkles/Library/Developer/Xcode/DerivedData/Expensio-futtgngxcysvvhcljmosbeftqmyc/Build/Products/Debug-iphonesimulator/ExpoLogBox/ExpoLogBox-umbrella.h
    export SCRIPT_OUTPUT_FILE_2\=/Users/sparkles/Library/Developer/Xcode/DerivedData/Expensio-futtgngxcysvvhcljmosbeftqmyc/Build/Products/Debug-iphonesimulator/ExpoLogBox/Swift\ Compatibility\ Header/ExpoLogBox-Swift.h
    export SCRIPT_OUTPUT_FILE_COUNT\=3
    export SCRIPT_OUTPUT_FILE_LIST_COUNT\=0
    export SDKROOT\=/Applications/Xcode.app/Contents/Developer/Platforms/iPhoneSimulator.platform/Developer/SDKs/iPhoneSimulator27.0.sdk
    export SDK_DIR\=/Applications/Xcode.app/Contents/Developer/Platforms/iPhoneSimulator.platform/Developer/SDKs/iPhoneSimulator27.0.sdk
    export SDK_DIR_iphonesimulator\=/Applications/Xcode.app/Contents/Developer/Platforms/iPhoneSimulator.platform/Developer/SDKs/iPhoneSimulator27.0.sdk
    export SDK_DIR_iphonesimulator27_0\=/Applications/Xcode.app/Contents/Developer/Platforms/iPhoneSimulator.platform/Developer/SDKs/iPhoneSimulator27.0.sdk
    export SDK_NAME\=iphonesimulator27.0
    export SDK_NAMES\=iphonesimulator27.0
    export SDK_PRODUCT_BUILD_VERSION\=24A430
    export SDK_STAT_CACHE_DIR\=/Users/sparkles/Library/Developer/Xcode/DerivedData
    export SDK_STAT_CACHE_ENABLE\=YES
    export SDK_STAT_CACHE_PATH\=/Users/sparkles/Library/Developer/Xcode/DerivedData/SDKStatCaches.noindex/iphonesimulator27.0-24A430-8dc58220667be655e1bcc261a7455254.sdkstatcache
    export SDK_VERSION\=27.0
    export SDK_VERSION_ACTUAL\=270000
    export SDK_VERSION_MAJOR\=270000
    export SDK_VERSION_MINOR\=270000
    export SED\=/usr/bin/sed
    export SEPARATE_STRIP\=NO
    export SEPARATE_SYMBOL_EDIT\=NO
    export SET_DIR_MODE_OWNER_GROUP\=YES
    export SET_FILE_MODE_OWNER_GROUP\=NO
    export SHALLOW_BUNDLE\=NO
    export SHARED_DERIVED_FILE_DIR\=/Users/sparkles/Library/Developer/Xcode/DerivedData/Expensio-futtgngxcysvvhcljmosbeftqmyc/Build/Products/Debug-iphonesimulator/ExpoLogBox/DerivedSources
    export SHARED_PRECOMPS_DIR\=/Users/sparkles/Library/Developer/Xcode/DerivedData/Expensio-futtgngxcysvvhcljmosbeftqmyc/Build/Intermediates.noindex/PrecompiledHeaders
    export SKIP_COPYING_TEST_FRAMEWORKS\=YES
    export SKIP_INSTALL\=YES
    export SKIP_MERGEABLE_LIBRARY_BUNDLE_HOOK\=NO
    export SOURCE_ROOT\=/Users/sparkles/Documents/CodingFiles/FullStack/expensioApp/frontend/ios/Pods
    export SRCROOT\=/Users/sparkles/Documents/CodingFiles/FullStack/expensioApp/frontend/ios/Pods
    export STRINGSDATA_DIR\=/Users/sparkles/Library/Developer/Xcode/DerivedData/Expensio-futtgngxcysvvhcljmosbeftqmyc/Build/Intermediates.noindex/Pods.build/Debug-iphonesimulator/ExpoLogBox.build/Objects-normal/undefined_arch
    export STRINGSDATA_ROOT\=/Users/sparkles/Library/Developer/Xcode/DerivedData/Expensio-futtgngxcysvvhcljmosbeftqmyc/Build/Intermediates.noindex/Pods.build/Debug-iphonesimulator/ExpoLogBox.build
    export STRINGS_FILE_INFOPLIST_RENAME\=YES
    export STRINGS_FILE_OUTPUT_ENCODING\=binary
    export STRING_CATALOG_GENERATE_SYMBOLS\=YES
    export STRIP_BITCODE_FROM_COPIED_FILES\=NO
    export STRIP_INSTALLED_PRODUCT\=NO
    export STRIP_STYLE\=debugging
    export STRIP_SWIFT_SYMBOLS\=YES
    export SUPPORTED_DEVICE_FAMILIES\=1,2
    export SUPPORTED_PLATFORMS\=iphoneos\ iphonesimulator
    export SUPPORTS_TEXT_BASED_API\=NO
    export SUPPRESS_WARNINGS\=NO
    export SWIFTC_PASS_SDKROOT\=YES
    export SWIFTC_PASS_SYSROOT\=NO
    export SWIFT_ACTIVE_COMPILATION_CONDITIONS\=\ DEBUG\ 
    export SWIFT_COLOR_DIAGNOSTICS\=NO
    export SWIFT_COMPILE_FOR_STATIC_LINKING\=YES
    export SWIFT_EMIT_CONST_VALUE_PROTOCOLS\=AnyResolverProviding\ AppEntity\ AppEnum\ AppExtension\ AppIntent\ AppIntentsPackage\ AppShortcutProviding\ AppShortcutsProvider\ AppUnionValue\ AppUnionValueCasesProviding\ DynamicOptionsProvider\ EntityQuery\ ExtensionPointDefining\ IntentValueQuery\ Resolver\ TransientEntity\ _AssistantIntentsProvider\ _GenerativeFunctionExtractable\ _IntentValueRepresentable
    export SWIFT_EMIT_LOC_STRINGS\=NO
    export SWIFT_EMIT_MODULE_INTERFACE\=NO
    export SWIFT_ENABLE_EXPLICIT_MODULES\=NO
    export SWIFT_ENABLE_TESTABILITY\=YES
    export SWIFT_INSTALL_OBJC_HEADER\=YES
    export SWIFT_OPTIMIZATION_LEVEL\=-Onone
    export SWIFT_PLATFORM_TARGET_PREFIX\=ios
    export SWIFT_RESPONSE_FILE_PATH_normal_arm64\=/Users/sparkles/Library/Developer/Xcode/DerivedData/Expensio-futtgngxcysvvhcljmosbeftqmyc/Build/Intermediates.noindex/Pods.build/Debug-iphonesimulator/ExpoLogBox.build/Objects-normal/arm64/ExpoLogBox.SwiftFileList
    export SWIFT_RESPONSE_FILE_PATH_normal_x86_64\=/Users/sparkles/Library/Developer/Xcode/DerivedData/Expensio-futtgngxcysvvhcljmosbeftqmyc/Build/Intermediates.noindex/Pods.build/Debug-iphonesimulator/ExpoLogBox.build/Objects-normal/x86_64/ExpoLogBox.SwiftFileList
    export SWIFT_VERSION\=5.0
    export SYMROOT\=/Users/sparkles/Library/Developer/Xcode/DerivedData/Expensio-futtgngxcysvvhcljmosbeftqmyc/Build/Products
    export SYSROOT\=/Applications/Xcode.app/Contents/Developer/Platforms/iPhoneSimulator.platform/Developer/SDKs/iPhoneSimulator27.0.sdk
    export SYSTEM_ADMIN_APPS_DIR\=/Applications/Utilities
    export SYSTEM_APPS_DIR\=/Applications
    export SYSTEM_CORE_SERVICES_DIR\=/System/Library/CoreServices
    export SYSTEM_DEMOS_DIR\=/Applications/Extras
    export SYSTEM_DEVELOPER_APPS_DIR\=/Applications/Xcode.app/Contents/Developer/Applications
    export SYSTEM_DEVELOPER_BIN_DIR\=/Applications/Xcode.app/Contents/Developer/usr/bin
    export SYSTEM_DEVELOPER_DEMOS_DIR\=/Applications/Xcode.app/Contents/Developer/Applications/Utilities/Built\ Examples
    export SYSTEM_DEVELOPER_DIR\=/Applications/Xcode.app/Contents/Developer
    export SYSTEM_DEVELOPER_DOC_DIR\=/Applications/Xcode.app/Contents/Developer/ADC\ Reference\ Library
    export SYSTEM_DEVELOPER_GRAPHICS_TOOLS_DIR\=/Applications/Xcode.app/Contents/Developer/Applications/Graphics\ Tools
    export SYSTEM_DEVELOPER_JAVA_TOOLS_DIR\=/Applications/Xcode.app/Contents/Developer/Applications/Java\ Tools
    export SYSTEM_DEVELOPER_PERFORMANCE_TOOLS_DIR\=/Applications/Xcode.app/Contents/Developer/Applications/Performance\ Tools
    export SYSTEM_DEVELOPER_RELEASENOTES_DIR\=/Applications/Xcode.app/Contents/Developer/ADC\ Reference\ Library/releasenotes
    export SYSTEM_DEVELOPER_TOOLS\=/Applications/Xcode.app/Contents/Developer/Tools
    export SYSTEM_DEVELOPER_TOOLS_DOC_DIR\=/Applications/Xcode.app/Contents/Developer/ADC\ Reference\ Library/documentation/DeveloperTools
    export SYSTEM_DEVELOPER_TOOLS_RELEASENOTES_DIR\=/Applications/Xcode.app/Contents/Developer/ADC\ Reference\ Library/releasenotes/DeveloperTools
    export SYSTEM_DEVELOPER_USR_DIR\=/Applications/Xcode.app/Contents/Developer/usr
    export SYSTEM_DEVELOPER_UTILITIES_DIR\=/Applications/Xcode.app/Contents/Developer/Applications/Utilities
    export SYSTEM_DEXT_INSTALL_PATH\=/System/Library/DriverExtensions
    export SYSTEM_DOCUMENTATION_DIR\=/Library/Documentation
    export SYSTEM_KEXT_INSTALL_PATH\=/System/Library/Extensions
    export SYSTEM_LIBRARY_DIR\=/System/Library
    export TAPI_DEMANGLE\=YES
    export TAPI_ENABLE_PROJECT_HEADERS\=NO
    export TAPI_LANGUAGE\=objective-c
    export TAPI_LANGUAGE_STANDARD\=compiler-default
    export TAPI_USE_SRCROOT\=YES
    export TAPI_VERIFY_MODE\=Pedantic
    export TARGETED_DEVICE_FAMILY\=1,2
    export TARGETNAME\=ExpoLogBox
    export TARGET_BUILD_DIR\=/Users/sparkles/Library/Developer/Xcode/DerivedData/Expensio-futtgngxcysvvhcljmosbeftqmyc/Build/Products/Debug-iphonesimulator/ExpoLogBox
    export TARGET_NAME\=ExpoLogBox
    export TARGET_TEMP_DIR\=/Users/sparkles/Library/Developer/Xcode/DerivedData/Expensio-futtgngxcysvvhcljmosbeftqmyc/Build/Intermediates.noindex/Pods.build/Debug-iphonesimulator/ExpoLogBox.build
    export TEMP_DIR\=/Users/sparkles/Library/Developer/Xcode/DerivedData/Expensio-futtgngxcysvvhcljmosbeftqmyc/Build/Intermediates.noindex/Pods.build/Debug-iphonesimulator/ExpoLogBox.build
    export TEMP_FILES_DIR\=/Users/sparkles/Library/Developer/Xcode/DerivedData/Expensio-futtgngxcysvvhcljmosbeftqmyc/Build/Intermediates.noindex/Pods.build/Debug-iphonesimulator/ExpoLogBox.build
    export TEMP_FILE_DIR\=/Users/sparkles/Library/Developer/Xcode/DerivedData/Expensio-futtgngxcysvvhcljmosbeftqmyc/Build/Intermediates.noindex/Pods.build/Debug-iphonesimulator/ExpoLogBox.build
    export TEMP_ROOT\=/Users/sparkles/Library/Developer/Xcode/DerivedData/Expensio-futtgngxcysvvhcljmosbeftqmyc/Build/Intermediates.noindex
    export TEMP_SANDBOX_DIR\=/Users/sparkles/Library/Developer/Xcode/DerivedData/Expensio-futtgngxcysvvhcljmosbeftqmyc/Build/Intermediates.noindex/TemporaryTaskSandboxes
    export TEST_FRAMEWORK_SEARCH_PATHS\=\ /Applications/Xcode.app/Contents/Developer/Platforms/iPhoneSimulator.platform/Developer/Library/Frameworks\ /Applications/Xcode.app/Contents/Developer/Platforms/iPhoneSimulator.platform/Developer/SDKs/iPhoneSimulator27.0.sdk/Developer/Library/Frameworks
    export TEST_LIBRARY_SEARCH_PATHS\=\ /Applications/Xcode.app/Contents/Developer/Platforms/iPhoneSimulator.platform/Developer/usr/lib
    export TOOLCHAINS\=com.apple.dt.toolchain.XcodeDefault
    export TOOLCHAIN_DIR\=/Applications/Xcode.app/Contents/Developer/Toolchains/XcodeDefault.xctoolchain
    export TREAT_MISSING_BASELINES_AS_TEST_FAILURES\=NO
    export TREAT_MISSING_SCRIPT_PHASE_OUTPUTS_AS_ERRORS\=NO
    export UID\=501
    export UNINSTALLED_PRODUCTS_DIR\=/Users/sparkles/Library/Developer/Xcode/DerivedData/Expensio-futtgngxcysvvhcljmosbeftqmyc/Build/Intermediates.noindex/UninstalledProducts
    export UNSTRIPPED_PRODUCT\=NO
    export USER\=sparkles
    export USER_APPS_DIR\=/Users/sparkles/Applications
    export USER_LIBRARY_DIR\=/Users/sparkles/Library
    export USE_DYNAMIC_NO_PIC\=YES
    export USE_HEADERMAP\=YES
    export USE_HEADER_SYMLINKS\=NO
    export USE_HERMES\=true
    export USE_RECURSIVE_SCRIPT_INPUTS_IN_SCRIPT_PHASES\=YES
    export VALIDATE_DEVELOPMENT_ASSET_PATHS\=YES_ERROR
    export VALIDATE_PRODUCT\=NO
    export VALID_ARCHS\=arm64\ x86_64
    export VERBOSE_PBXCP\=NO
    export VERSION_INFO_BUILDER\=sparkles
    export VERSION_INFO_FILE\=ExpoLogBox_vers.c
    export VERSION_INFO_STRING\=\"@\(\#\)PROGRAM:ExpoLogBox\ \ PROJECT:Pods-\"
    export WORKSPACE_DIR\=/Users/sparkles/Documents/CodingFiles/FullStack/expensioApp/frontend/ios
    export WRAP_ASSET_PACKS_IN_SEPARATE_DIRECTORIES\=NO
    export XCODE_APP_SUPPORT_DIR\=/Applications/Xcode.app/Contents/Developer/Library/Xcode
    export XCODE_PRODUCT_BUILD_VERSION\=27A266a
    export XCODE_VERSION_ACTUAL\=2700
    export XCODE_VERSION_MAJOR\=2700
    export XCODE_VERSION_MINOR\=2700
    export XPCSERVICES_FOLDER_PATH\=/XPCServices
    export YACC\=yacc
    export _DISCOVER_COMMAND_LINE_LINKER_INPUTS\=YES
    export _DISCOVER_COMMAND_LINE_LINKER_INPUTS_INCLUDE_WL\=YES
    export _LD_MULTIARCH\=YES
    export _SWIFT_EXPLICIT_MODULES_ALLOW_CXX_INTEROP\=NO
    export __ARCHS__\=arm64\ x86_64
    export __DIAGNOSE_DEPRECATED_ARCHS\=YES
    export __DIAGNOSE_INVALID_DEPLOYMENT_TARGET_AS_ERROR\=YES
    export __ORIGINAL_SDK_DEFINED_LLVM_TARGET_TRIPLE_SYS\=ios
    export arch\=undefined_arch
    export variant\=normal
    /bin/sh -c /Users/sparkles/Library/Developer/Xcode/DerivedData/Expensio-futtgngxcysvvhcljmosbeftqmyc/Build/Intermediates.noindex/Pods.build/Debug-iphonesimulator/ExpoLogBox.build/Script-46EB2E000157E0.sh

PrecompileModule /Users/sparkles/Library/Developer/Xcode/DerivedData/Expensio-futtgngxcysvvhcljmosbeftqmyc/Build/Intermediates.noindex/ExplicitPrecompiledModules/UIUtilities-8JIB7QIAZD8FK6J0U1M053AFG.scan
    cd /
    builtin-precompileModule /Users/sparkles/Library/Developer/Xcode/DerivedData/Expensio-futtgngxcysvvhcljmosbeftqmyc/Build/Intermediates.noindex/ExplicitPrecompiledModules/UIUtilities-8JIB7QIAZD8FK6J0U1M053AFG.scan

CompileC /Users/sparkles/Library/Developer/Xcode/DerivedData/Expensio-futtgngxcysvvhcljmosbeftqmyc/Build/Intermediates.noindex/Pods.build/Debug-iphonesimulator/react-native-safe-area-context.build/Objects-normal/x86_64/RNCSafeAreaViewMode.o /Users/sparkles/Documents/CodingFiles/FullStack/expensioApp/frontend/node_modules/react-native-safe-area-context/ios/RNCSafeAreaViewMode.m normal x86_64 objective-c com.apple.compilers.llvm.clang.1_0.compiler (in target 'react-native-safe-area-context' from project 'Pods')
    cd /Users/sparkles/Documents/CodingFiles/FullStack/expensioApp/frontend/ios/Pods
    
    Using response file: /Users/sparkles/Library/Developer/Xcode/DerivedData/Expensio-futtgngxcysvvhcljmosbeftqmyc/Build/Intermediates.noindex/Pods.build/Debug-iphonesimulator/react-native-safe-area-context.build/Objects-normal/x86_64/e6072d4f65d7061329687fe24e3d63a7-common-args.resp
    
    /Applications/Xcode.app/Contents/Developer/Toolchains/XcodeDefault.xctoolchain/usr/bin/clang -x objective-c -ivfsstatcache /Users/sparkles/Library/Developer/Xcode/DerivedData/SDKStatCaches.noindex/iphonesimulator27.0-24A430-8dc58220667be655e1bcc261a7455254.sdkstatcache -target x86_64-apple-ios17.0-simulator -fmessage-length\=0 -fdiagnostics-show-note-include-stack -fmacro-backtrace-limit\=0 -fno-color-diagnostics -fmodules-prune-interval\=86400 -fmodules-prune-after\=345600 -fbuild-session-file\=/Users/sparkles/Library/Developer/Xcode/DerivedData/ModuleCache.noindex/Session.modulevalidation -fmodules-validate-once-per-build-session -Wnon-modular-include-in-framework-module -Werror\=non-modular-include-in-framework-module -Wno-trigraphs -Wno-missing-field-initializers -Wno-missing-prototypes -Werror\=return-type -Wdocumentation -Wunreachable-code -Wno-implicit-atomic-properties -Werror\=deprecated-objc-isa-usage -Wno-objc-interface-ivars -Werror\=objc-root-class -Wno-arc-repeated-use-of-weak -Wimplicit-retain-self -Wduplicate-method-match -Wno-missing-braces -Wparentheses -Wswitch -Wunused-function -Wno-unused-label -Wno-unused-parameter -Wunused-variable -Wunused-value -Wempty-body -Wuninitialized -Wconditional-uninitialized -Wno-unknown-pragmas -Wno-shadow -Wno-four-char-constants -Wno-conversion -Wconstant-conversion -Wint-conversion -Wbool-conversion -Wenum-conversion -Wno-float-conversion -Wnon-literal-null-conversion -Wobjc-literal-conversion -Wshorten-64-to-32 -Wpointer-sign -Wno-newline-eof -Wno-selector -Wno-strict-selector-match -Wundeclared-selector -Wdeprecated-implementations -Wno-implicit-fallthrough -isysroot /Applications/Xcode.app/Contents/Developer/Platforms/iPhoneSimulator.platform/Developer/SDKs/iPhoneSimulator27.0.sdk -fstrict-aliasing -Wprotocol -Wdeprecated-declarations -Wno-sign-conversion -Winfinite-recursion -Wcomma -Wblock-capture-autoreleasing -Wstrict-prototypes -Wno-semicolon-before-method-body -Wunguarded-availability -index-store-path /Users/sparkles/Library/Developer/Xcode/DerivedData/Expensio-futtgngxcysvvhcljmosbeftqmyc/Index.noindex/DataStore @/Users/sparkles/Library/Developer/Xcode/DerivedData/Expensio-futtgngxcysvvhcljmosbeftqmyc/Build/Intermediates.noindex/Pods.build/Debug-iphonesimulator/react-native-safe-area-context.build/Objects-normal/x86_64/e6072d4f65d7061329687fe24e3d63a7-common-args.resp -DRCT_NEW_ARCH_ENABLED\=1 -include /Users/sparkles/Documents/CodingFiles/FullStack/expensioApp/frontend/ios/Pods/Target\ Support\ Files/react-native-safe-area-context/react-native-safe-area-context-prefix.pch -MMD -MT dependencies -MF /Users/sparkles/Library/Developer/Xcode/DerivedData/Expensio-futtgngxcysvvhcljmosbeftqmyc/Build/Intermediates.noindex/Pods.build/Debug-iphonesimulator/react-native-safe-area-context.build/Objects-normal/x86_64/RNCSafeAreaViewMode.d --serialize-diagnostics /Users/sparkles/Library/Developer/Xcode/DerivedData/Expensio-futtgngxcysvvhcljmosbeftqmyc/Build/Intermediates.noindex/Pods.build/Debug-iphonesimulator/react-native-safe-area-context.build/Objects-normal/x86_64/RNCSafeAreaViewMode.dia -c /Users/sparkles/Documents/CodingFiles/FullStack/expensioApp/frontend/node_modules/react-native-safe-area-context/ios/RNCSafeAreaViewMode.m -o /Users/sparkles/Library/Developer/Xcode/DerivedData/Expensio-futtgngxcysvvhcljmosbeftqmyc/Build/Intermediates.noindex/Pods.build/Debug-iphonesimulator/react-native-safe-area-context.build/Objects-normal/x86_64/RNCSafeAreaViewMode.o -index-unit-output-path /Pods.build/Debug-iphonesimulator/react-native-safe-area-context.build/Objects-normal/x86_64/RNCSafeAreaViewMode.o

CompileC /Users/sparkles/Library/Developer/Xcode/DerivedData/Expensio-futtgngxcysvvhcljmosbeftqmyc/Build/Intermediates.noindex/Pods.build/Debug-iphonesimulator/react-native-safe-area-context.build/Objects-normal/x86_64/RNCSafeAreaViewManager.o /Users/sparkles/Documents/CodingFiles/FullStack/expensioApp/frontend/node_modules/react-native-safe-area-context/ios/RNCSafeAreaViewManager.m normal x86_64 objective-c com.apple.compilers.llvm.clang.1_0.compiler (in target 'react-native-safe-area-context' from project 'Pods')
    cd /Users/sparkles/Documents/CodingFiles/FullStack/expensioApp/frontend/ios/Pods
    
    Using response file: /Users/sparkles/Library/Developer/Xcode/DerivedData/Expensio-futtgngxcysvvhcljmosbeftqmyc/Build/Intermediates.noindex/Pods.build/Debug-iphonesimulator/react-native-safe-area-context.build/Objects-normal/x86_64/e6072d4f65d7061329687fe24e3d63a7-common-args.resp
    
    /Applications/Xcode.app/Contents/Developer/Toolchains/XcodeDefault.xctoolchain/usr/bin/clang -x objective-c -ivfsstatcache /Users/sparkles/Library/Developer/Xcode/DerivedData/SDKStatCaches.noindex/iphonesimulator27.0-24A430-8dc58220667be655e1bcc261a7455254.sdkstatcache -target x86_64-apple-ios17.0-simulator -fmessage-length\=0 -fdiagnostics-show-note-include-stack -fmacro-backtrace-limit\=0 -fno-color-diagnostics -fmodules-prune-interval\=86400 -fmodules-prune-after\=345600 -fbuild-session-file\=/Users/sparkles/Library/Developer/Xcode/DerivedData/ModuleCache.noindex/Session.modulevalidation -fmodules-validate-once-per-build-session -Wnon-modular-include-in-framework-module -Werror\=non-modular-include-in-framework-module -Wno-trigraphs -Wno-missing-field-initializers -Wno-missing-prototypes -Werror\=return-type -Wdocumentation -Wunreachable-code -Wno-implicit-atomic-properties -Werror\=deprecated-objc-isa-usage -Wno-objc-interface-ivars -Werror\=objc-root-class -Wno-arc-repeated-use-of-weak -Wimplicit-retain-self -Wduplicate-method-match -Wno-missing-braces -Wparentheses -Wswitch -Wunused-function -Wno-unused-label -Wno-unused-parameter -Wunused-variable -Wunused-value -Wempty-body -Wuninitialized -Wconditional-uninitialized -Wno-unknown-pragmas -Wno-shadow -Wno-four-char-constants -Wno-conversion -Wconstant-conversion -Wint-conversion -Wbool-conversion -Wenum-conversion -Wno-float-conversion -Wnon-literal-null-conversion -Wobjc-literal-conversion -Wshorten-64-to-32 -Wpointer-sign -Wno-newline-eof -Wno-selector -Wno-strict-selector-match -Wundeclared-selector -Wdeprecated-implementations -Wno-implicit-fallthrough -isysroot /Applications/Xcode.app/Contents/Developer/Platforms/iPhoneSimulator.platform/Developer/SDKs/iPhoneSimulator27.0.sdk -fstrict-aliasing -Wprotocol -Wdeprecated-declarations -Wno-sign-conversion -Winfinite-recursion -Wcomma -Wblock-capture-autoreleasing -Wstrict-prototypes -Wno-semicolon-before-method-body -Wunguarded-availability -index-store-path /Users/sparkles/Library/Developer/Xcode/DerivedData/Expensio-futtgngxcysvvhcljmosbeftqmyc/Index.noindex/DataStore @/Users/sparkles/Library/Developer/Xcode/DerivedData/Expensio-futtgngxcysvvhcljmosbeftqmyc/Build/Intermediates.noindex/Pods.build/Debug-iphonesimulator/react-native-safe-area-context.build/Objects-normal/x86_64/e6072d4f65d7061329687fe24e3d63a7-common-args.resp -DRCT_NEW_ARCH_ENABLED\=1 -include /Users/sparkles/Documents/CodingFiles/FullStack/expensioApp/frontend/ios/Pods/Target\ Support\ Files/react-native-safe-area-context/react-native-safe-area-context-prefix.pch -MMD -MT dependencies -MF /Users/sparkles/Library/Developer/Xcode/DerivedData/Expensio-futtgngxcysvvhcljmosbeftqmyc/Build/Intermediates.noindex/Pods.build/Debug-iphonesimulator/react-native-safe-area-context.build/Objects-normal/x86_64/RNCSafeAreaViewManager.d --serialize-diagnostics /Users/sparkles/Library/Developer/Xcode/DerivedData/Expensio-futtgngxcysvvhcljmosbeftqmyc/Build/Intermediates.noindex/Pods.build/Debug-iphonesimulator/react-native-safe-area-context.build/Objects-normal/x86_64/RNCSafeAreaViewManager.dia -c /Users/sparkles/Documents/CodingFiles/FullStack/expensioApp/frontend/node_modules/react-native-safe-area-context/ios/RNCSafeAreaViewManager.m -o /Users/sparkles/Library/Developer/Xcode/DerivedData/Expensio-futtgngxcysvvhcljmosbeftqmyc/Build/Intermediates.noindex/Pods.build/Debug-iphonesimulator/react-native-safe-area-context.build/Objects-normal/x86_64/RNCSafeAreaViewManager.o -index-unit-output-path /Pods.build/Debug-iphonesimulator/react-native-safe-area-context.build/Objects-normal/x86_64/RNCSafeAreaViewManager.o

SwiftEmitModule normal x86_64 Emitting\ module\ for\ RNScreens (in target 'RNScreens' from project 'Pods')

SwiftCompile normal x86_64 (in target 'RNScreens' from project 'Pods')
    cd /Users/sparkles/Documents/CodingFiles/FullStack/expensioApp/frontend/ios/Pods
    

SwiftEmitModule normal arm64 Emitting\ module\ for\ RNScreens (in target 'RNScreens' from project 'Pods')

SwiftCompile normal arm64 (in target 'RNScreens' from project 'Pods')
    cd /Users/sparkles/Documents/CodingFiles/FullStack/expensioApp/frontend/ios/Pods
    

CompileC /Users/sparkles/Library/Developer/Xcode/DerivedData/Expensio-futtgngxcysvvhcljmosbeftqmyc/Build/Intermediates.noindex/Pods.build/Debug-iphonesimulator/react-native-safe-area-context.build/Objects-normal/x86_64/RNCSafeAreaViewLocalData.o /Users/sparkles/Documents/CodingFiles/FullStack/expensioApp/frontend/node_modules/react-native-safe-area-context/ios/RNCSafeAreaViewLocalData.m normal x86_64 objective-c com.apple.compilers.llvm.clang.1_0.compiler (in target 'react-native-safe-area-context' from project 'Pods')
    cd /Users/sparkles/Documents/CodingFiles/FullStack/expensioApp/frontend/ios/Pods
    
    Using response file: /Users/sparkles/Library/Developer/Xcode/DerivedData/Expensio-futtgngxcysvvhcljmosbeftqmyc/Build/Intermediates.noindex/Pods.build/Debug-iphonesimulator/react-native-safe-area-context.build/Objects-normal/x86_64/e6072d4f65d7061329687fe24e3d63a7-common-args.resp
    
    /Applications/Xcode.app/Contents/Developer/Toolchains/XcodeDefault.xctoolchain/usr/bin/clang -x objective-c -ivfsstatcache /Users/sparkles/Library/Developer/Xcode/DerivedData/SDKStatCaches.noindex/iphonesimulator27.0-24A430-8dc58220667be655e1bcc261a7455254.sdkstatcache -target x86_64-apple-ios17.0-simulator -fmessage-length\=0 -fdiagnostics-show-note-include-stack -fmacro-backtrace-limit\=0 -fno-color-diagnostics -fmodules-prune-interval\=86400 -fmodules-prune-after\=345600 -fbuild-session-file\=/Users/sparkles/Library/Developer/Xcode/DerivedData/ModuleCache.noindex/Session.modulevalidation -fmodules-validate-once-per-build-session -Wnon-modular-include-in-framework-module -Werror\=non-modular-include-in-framework-module -Wno-trigraphs -Wno-missing-field-initializers -Wno-missing-prototypes -Werror\=return-type -Wdocumentation -Wunreachable-code -Wno-implicit-atomic-properties -Werror\=deprecated-objc-isa-usage -Wno-objc-interface-ivars -Werror\=objc-root-class -Wno-arc-repeated-use-of-weak -Wimplicit-retain-self -Wduplicate-method-match -Wno-missing-braces -Wparentheses -Wswitch -Wunused-function -Wno-unused-label -Wno-unused-parameter -Wunused-variable -Wunused-value -Wempty-body -Wuninitialized -Wconditional-uninitialized -Wno-unknown-pragmas -Wno-shadow -Wno-four-char-constants -Wno-conversion -Wconstant-conversion -Wint-conversion -Wbool-conversion -Wenum-conversion -Wno-float-conversion -Wnon-literal-null-conversion -Wobjc-literal-conversion -Wshorten-64-to-32 -Wpointer-sign -Wno-newline-eof -Wno-selector -Wno-strict-selector-match -Wundeclared-selector -Wdeprecated-implementations -Wno-implicit-fallthrough -isysroot /Applications/Xcode.app/Contents/Developer/Platforms/iPhoneSimulator.platform/Developer/SDKs/iPhoneSimulator27.0.sdk -fstrict-aliasing -Wprotocol -Wdeprecated-declarations -Wno-sign-conversion -Winfinite-recursion -Wcomma -Wblock-capture-autoreleasing -Wstrict-prototypes -Wno-semicolon-before-method-body -Wunguarded-availability -index-store-path /Users/sparkles/Library/Developer/Xcode/DerivedData/Expensio-futtgngxcysvvhcljmosbeftqmyc/Index.noindex/DataStore @/Users/sparkles/Library/Developer/Xcode/DerivedData/Expensio-futtgngxcysvvhcljmosbeftqmyc/Build/Intermediates.noindex/Pods.build/Debug-iphonesimulator/react-native-safe-area-context.build/Objects-normal/x86_64/e6072d4f65d7061329687fe24e3d63a7-common-args.resp -DRCT_NEW_ARCH_ENABLED\=1 -include /Users/sparkles/Documents/CodingFiles/FullStack/expensioApp/frontend/ios/Pods/Target\ Support\ Files/react-native-safe-area-context/react-native-safe-area-context-prefix.pch -MMD -MT dependencies -MF /Users/sparkles/Library/Developer/Xcode/DerivedData/Expensio-futtgngxcysvvhcljmosbeftqmyc/Build/Intermediates.noindex/Pods.build/Debug-iphonesimulator/react-native-safe-area-context.build/Objects-normal/x86_64/RNCSafeAreaViewLocalData.d --serialize-diagnostics /Users/sparkles/Library/Developer/Xcode/DerivedData/Expensio-futtgngxcysvvhcljmosbeftqmyc/Build/Intermediates.noindex/Pods.build/Debug-iphonesimulator/react-native-safe-area-context.build/Objects-normal/x86_64/RNCSafeAreaViewLocalData.dia -c /Users/sparkles/Documents/CodingFiles/FullStack/expensioApp/frontend/node_modules/react-native-safe-area-context/ios/RNCSafeAreaViewLocalData.m -o /Users/sparkles/Library/Developer/Xcode/DerivedData/Expensio-futtgngxcysvvhcljmosbeftqmyc/Build/Intermediates.noindex/Pods.build/Debug-iphonesimulator/react-native-safe-area-context.build/Objects-normal/x86_64/RNCSafeAreaViewLocalData.o -index-unit-output-path /Pods.build/Debug-iphonesimulator/react-native-safe-area-context.build/Objects-normal/x86_64/RNCSafeAreaViewLocalData.o

CompileC /Users/sparkles/Library/Developer/Xcode/DerivedData/Expensio-futtgngxcysvvhcljmosbeftqmyc/Build/Intermediates.noindex/Pods.build/Debug-iphonesimulator/react-native-safe-area-context.build/Objects-normal/x86_64/RNCSafeAreaViewEdges.o /Users/sparkles/Documents/CodingFiles/FullStack/expensioApp/frontend/node_modules/react-native-safe-area-context/ios/RNCSafeAreaViewEdges.m normal x86_64 objective-c com.apple.compilers.llvm.clang.1_0.compiler (in target 'react-native-safe-area-context' from project 'Pods')
    cd /Users/sparkles/Documents/CodingFiles/FullStack/expensioApp/frontend/ios/Pods
    
    Using response file: /Users/sparkles/Library/Developer/Xcode/DerivedData/Expensio-futtgngxcysvvhcljmosbeftqmyc/Build/Intermediates.noindex/Pods.build/Debug-iphonesimulator/react-native-safe-area-context.build/Objects-normal/x86_64/e6072d4f65d7061329687fe24e3d63a7-common-args.resp
    
    /Applications/Xcode.app/Contents/Developer/Toolchains/XcodeDefault.xctoolchain/usr/bin/clang -x objective-c -ivfsstatcache /Users/sparkles/Library/Developer/Xcode/DerivedData/SDKStatCaches.noindex/iphonesimulator27.0-24A430-8dc58220667be655e1bcc261a7455254.sdkstatcache -target x86_64-apple-ios17.0-simulator -fmessage-length\=0 -fdiagnostics-show-note-include-stack -fmacro-backtrace-limit\=0 -fno-color-diagnostics -fmodules-prune-interval\=86400 -fmodules-prune-after\=345600 -fbuild-session-file\=/Users/sparkles/Library/Developer/Xcode/DerivedData/ModuleCache.noindex/Session.modulevalidation -fmodules-validate-once-per-build-session -Wnon-modular-include-in-framework-module -Werror\=non-modular-include-in-framework-module -Wno-trigraphs -Wno-missing-field-initializers -Wno-missing-prototypes -Werror\=return-type -Wdocumentation -Wunreachable-code -Wno-implicit-atomic-properties -Werror\=deprecated-objc-isa-usage -Wno-objc-interface-ivars -Werror\=objc-root-class -Wno-arc-repeated-use-of-weak -Wimplicit-retain-self -Wduplicate-method-match -Wno-missing-braces -Wparentheses -Wswitch -Wunused-function -Wno-unused-label -Wno-unused-parameter -Wunused-variable -Wunused-value -Wempty-body -Wuninitialized -Wconditional-uninitialized -Wno-unknown-pragmas -Wno-shadow -Wno-four-char-constants -Wno-conversion -Wconstant-conversion -Wint-conversion -Wbool-conversion -Wenum-conversion -Wno-float-conversion -Wnon-literal-null-conversion -Wobjc-literal-conversion -Wshorten-64-to-32 -Wpointer-sign -Wno-newline-eof -Wno-selector -Wno-strict-selector-match -Wundeclared-selector -Wdeprecated-implementations -Wno-implicit-fallthrough -isysroot /Applications/Xcode.app/Contents/Developer/Platforms/iPhoneSimulator.platform/Developer/SDKs/iPhoneSimulator27.0.sdk -fstrict-aliasing -Wprotocol -Wdeprecated-declarations -Wno-sign-conversion -Winfinite-recursion -Wcomma -Wblock-capture-autoreleasing -Wstrict-prototypes -Wno-semicolon-before-method-body -Wunguarded-availability -index-store-path /Users/sparkles/Library/Developer/Xcode/DerivedData/Expensio-futtgngxcysvvhcljmosbeftqmyc/Index.noindex/DataStore @/Users/sparkles/Library/Developer/Xcode/DerivedData/Expensio-futtgngxcysvvhcljmosbeftqmyc/Build/Intermediates.noindex/Pods.build/Debug-iphonesimulator/react-native-safe-area-context.build/Objects-normal/x86_64/e6072d4f65d7061329687fe24e3d63a7-common-args.resp -DRCT_NEW_ARCH_ENABLED\=1 -include /Users/sparkles/Documents/CodingFiles/FullStack/expensioApp/frontend/ios/Pods/Target\ Support\ Files/react-native-safe-area-context/react-native-safe-area-context-prefix.pch -MMD -MT dependencies -MF /Users/sparkles/Library/Developer/Xcode/DerivedData/Expensio-futtgngxcysvvhcljmosbeftqmyc/Build/Intermediates.noindex/Pods.build/Debug-iphonesimulator/react-native-safe-area-context.build/Objects-normal/x86_64/RNCSafeAreaViewEdges.d --serialize-diagnostics /Users/sparkles/Library/Developer/Xcode/DerivedData/Expensio-futtgngxcysvvhcljmosbeftqmyc/Build/Intermediates.noindex/Pods.build/Debug-iphonesimulator/react-native-safe-area-context.build/Objects-normal/x86_64/RNCSafeAreaViewEdges.dia -c /Users/sparkles/Documents/CodingFiles/FullStack/expensioApp/frontend/node_modules/react-native-safe-area-context/ios/RNCSafeAreaViewEdges.m -o /Users/sparkles/Library/Developer/Xcode/DerivedData/Expensio-futtgngxcysvvhcljmosbeftqmyc/Build/Intermediates.noindex/Pods.build/Debug-iphonesimulator/react-native-safe-area-context.build/Objects-normal/x86_64/RNCSafeAreaViewEdges.o -index-unit-output-path /Pods.build/Debug-iphonesimulator/react-native-safe-area-context.build/Objects-normal/x86_64/RNCSafeAreaViewEdges.o

CompileC /Users/sparkles/Library/Developer/Xcode/DerivedData/Expensio-futtgngxcysvvhcljmosbeftqmyc/Build/Intermediates.noindex/Pods.build/Debug-iphonesimulator/react-native-safe-area-context.build/Objects-normal/x86_64/RNCSafeAreaViewEdgeMode.o /Users/sparkles/Documents/CodingFiles/FullStack/expensioApp/frontend/node_modules/react-native-safe-area-context/ios/RNCSafeAreaViewEdgeMode.m normal x86_64 objective-c com.apple.compilers.llvm.clang.1_0.compiler (in target 'react-native-safe-area-context' from project 'Pods')
    cd /Users/sparkles/Documents/CodingFiles/FullStack/expensioApp/frontend/ios/Pods
    
    Using response file: /Users/sparkles/Library/Developer/Xcode/DerivedData/Expensio-futtgngxcysvvhcljmosbeftqmyc/Build/Intermediates.noindex/Pods.build/Debug-iphonesimulator/react-native-safe-area-context.build/Objects-normal/x86_64/e6072d4f65d7061329687fe24e3d63a7-common-args.resp
    
    /Applications/Xcode.app/Contents/Developer/Toolchains/XcodeDefault.xctoolchain/usr/bin/clang -x objective-c -ivfsstatcache /Users/sparkles/Library/Developer/Xcode/DerivedData/SDKStatCaches.noindex/iphonesimulator27.0-24A430-8dc58220667be655e1bcc261a7455254.sdkstatcache -target x86_64-apple-ios17.0-simulator -fmessage-length\=0 -fdiagnostics-show-note-include-stack -fmacro-backtrace-limit\=0 -fno-color-diagnostics -fmodules-prune-interval\=86400 -fmodules-prune-after\=345600 -fbuild-session-file\=/Users/sparkles/Library/Developer/Xcode/DerivedData/ModuleCache.noindex/Session.modulevalidation -fmodules-validate-once-per-build-session -Wnon-modular-include-in-framework-module -Werror\=non-modular-include-in-framework-module -Wno-trigraphs -Wno-missing-field-initializers -Wno-missing-prototypes -Werror\=return-type -Wdocumentation -Wunreachable-code -Wno-implicit-atomic-properties -Werror\=deprecated-objc-isa-usage -Wno-objc-interface-ivars -Werror\=objc-root-class -Wno-arc-repeated-use-of-weak -Wimplicit-retain-self -Wduplicate-method-match -Wno-missing-braces -Wparentheses -Wswitch -Wunused-function -Wno-unused-label -Wno-unused-parameter -Wunused-variable -Wunused-value -Wempty-body -Wuninitialized -Wconditional-uninitialized -Wno-unknown-pragmas -Wno-shadow -Wno-four-char-constants -Wno-conversion -Wconstant-conversion -Wint-conversion -Wbool-conversion -Wenum-conversion -Wno-float-conversion -Wnon-literal-null-conversion -Wobjc-literal-conversion -Wshorten-64-to-32 -Wpointer-sign -Wno-newline-eof -Wno-selector -Wno-strict-selector-match -Wundeclared-selector -Wdeprecated-implementations -Wno-implicit-fallthrough -isysroot /Applications/Xcode.app/Contents/Developer/Platforms/iPhoneSimulator.platform/Developer/SDKs/iPhoneSimulator27.0.sdk -fstrict-aliasing -Wprotocol -Wdeprecated-declarations -Wno-sign-conversion -Winfinite-recursion -Wcomma -Wblock-capture-autoreleasing -Wstrict-prototypes -Wno-semicolon-before-method-body -Wunguarded-availability -index-store-path /Users/sparkles/Library/Developer/Xcode/DerivedData/Expensio-futtgngxcysvvhcljmosbeftqmyc/Index.noindex/DataStore @/Users/sparkles/Library/Developer/Xcode/DerivedData/Expensio-futtgngxcysvvhcljmosbeftqmyc/Build/Intermediates.noindex/Pods.build/Debug-iphonesimulator/react-native-safe-area-context.build/Objects-normal/x86_64/e6072d4f65d7061329687fe24e3d63a7-common-args.resp -DRCT_NEW_ARCH_ENABLED\=1 -include /Users/sparkles/Documents/CodingFiles/FullStack/expensioApp/frontend/ios/Pods/Target\ Support\ Files/react-native-safe-area-context/react-native-safe-area-context-prefix.pch -MMD -MT dependencies -MF /Users/sparkles/Library/Developer/Xcode/DerivedData/Expensio-futtgngxcysvvhcljmosbeftqmyc/Build/Intermediates.noindex/Pods.build/Debug-iphonesimulator/react-native-safe-area-context.build/Objects-normal/x86_64/RNCSafeAreaViewEdgeMode.d --serialize-diagnostics /Users/sparkles/Library/Developer/Xcode/DerivedData/Expensio-futtgngxcysvvhcljmosbeftqmyc/Build/Intermediates.noindex/Pods.build/Debug-iphonesimulator/react-native-safe-area-context.build/Objects-normal/x86_64/RNCSafeAreaViewEdgeMode.dia -c /Users/sparkles/Documents/CodingFiles/FullStack/expensioApp/frontend/node_modules/react-native-safe-area-context/ios/RNCSafeAreaViewEdgeMode.m -o /Users/sparkles/Library/Developer/Xcode/DerivedData/Expensio-futtgngxcysvvhcljmosbeftqmyc/Build/Intermediates.noindex/Pods.build/Debug-iphonesimulator/react-native-safe-area-context.build/Objects-normal/x86_64/RNCSafeAreaViewEdgeMode.o -index-unit-output-path /Pods.build/Debug-iphonesimulator/react-native-safe-area-context.build/Objects-normal/x86_64/RNCSafeAreaViewEdgeMode.o

CompileC /Users/sparkles/Library/Developer/Xcode/DerivedData/Expensio-futtgngxcysvvhcljmosbeftqmyc/Build/Intermediates.noindex/Pods.build/Debug-iphonesimulator/react-native-safe-area-context.build/Objects-normal/x86_64/RNCSafeAreaView.o /Users/sparkles/Documents/CodingFiles/FullStack/expensioApp/frontend/node_modules/react-native-safe-area-context/ios/RNCSafeAreaView.m normal x86_64 objective-c com.apple.compilers.llvm.clang.1_0.compiler (in target 'react-native-safe-area-context' from project 'Pods')
    cd /Users/sparkles/Documents/CodingFiles/FullStack/expensioApp/frontend/ios/Pods
    
    Using response file: /Users/sparkles/Library/Developer/Xcode/DerivedData/Expensio-futtgngxcysvvhcljmosbeftqmyc/Build/Intermediates.noindex/Pods.build/Debug-iphonesimulator/react-native-safe-area-context.build/Objects-normal/x86_64/e6072d4f65d7061329687fe24e3d63a7-common-args.resp
    
    /Applications/Xcode.app/Contents/Developer/Toolchains/XcodeDefault.xctoolchain/usr/bin/clang -x objective-c -ivfsstatcache /Users/sparkles/Library/Developer/Xcode/DerivedData/SDKStatCaches.noindex/iphonesimulator27.0-24A430-8dc58220667be655e1bcc261a7455254.sdkstatcache -target x86_64-apple-ios17.0-simulator -fmessage-length\=0 -fdiagnostics-show-note-include-stack -fmacro-backtrace-limit\=0 -fno-color-diagnostics -fmodules-prune-interval\=86400 -fmodules-prune-after\=345600 -fbuild-session-file\=/Users/sparkles/Library/Developer/Xcode/DerivedData/ModuleCache.noindex/Session.modulevalidation -fmodules-validate-once-per-build-session -Wnon-modular-include-in-framework-module -Werror\=non-modular-include-in-framework-module -Wno-trigraphs -Wno-missing-field-initializers -Wno-missing-prototypes -Werror\=return-type -Wdocumentation -Wunreachable-code -Wno-implicit-atomic-properties -Werror\=deprecated-objc-isa-usage -Wno-objc-interface-ivars -Werror\=objc-root-class -Wno-arc-repeated-use-of-weak -Wimplicit-retain-self -Wduplicate-method-match -Wno-missing-braces -Wparentheses -Wswitch -Wunused-function -Wno-unused-label -Wno-unused-parameter -Wunused-variable -Wunused-value -Wempty-body -Wuninitialized -Wconditional-uninitialized -Wno-unknown-pragmas -Wno-shadow -Wno-four-char-constants -Wno-conversion -Wconstant-conversion -Wint-conversion -Wbool-conversion -Wenum-conversion -Wno-float-conversion -Wnon-literal-null-conversion -Wobjc-literal-conversion -Wshorten-64-to-32 -Wpointer-sign -Wno-newline-eof -Wno-selector -Wno-strict-selector-match -Wundeclared-selector -Wdeprecated-implementations -Wno-implicit-fallthrough -isysroot /Applications/Xcode.app/Contents/Developer/Platforms/iPhoneSimulator.platform/Developer/SDKs/iPhoneSimulator27.0.sdk -fstrict-aliasing -Wprotocol -Wdeprecated-declarations -Wno-sign-conversion -Winfinite-recursion -Wcomma -Wblock-capture-autoreleasing -Wstrict-prototypes -Wno-semicolon-before-method-body -Wunguarded-availability -index-store-path /Users/sparkles/Library/Developer/Xcode/DerivedData/Expensio-futtgngxcysvvhcljmosbeftqmyc/Index.noindex/DataStore @/Users/sparkles/Library/Developer/Xcode/DerivedData/Expensio-futtgngxcysvvhcljmosbeftqmyc/Build/Intermediates.noindex/Pods.build/Debug-iphonesimulator/react-native-safe-area-context.build/Objects-normal/x86_64/e6072d4f65d7061329687fe24e3d63a7-common-args.resp -DRCT_NEW_ARCH_ENABLED\=1 -include /Users/sparkles/Documents/CodingFiles/FullStack/expensioApp/frontend/ios/Pods/Target\ Support\ Files/react-native-safe-area-context/react-native-safe-area-context-prefix.pch -MMD -MT dependencies -MF /Users/sparkles/Library/Developer/Xcode/DerivedData/Expensio-futtgngxcysvvhcljmosbeftqmyc/Build/Intermediates.noindex/Pods.build/Debug-iphonesimulator/react-native-safe-area-context.build/Objects-normal/x86_64/RNCSafeAreaView.d --serialize-diagnostics /Users/sparkles/Library/Developer/Xcode/DerivedData/Expensio-futtgngxcysvvhcljmosbeftqmyc/Build/Intermediates.noindex/Pods.build/Debug-iphonesimulator/react-native-safe-area-context.build/Objects-normal/x86_64/RNCSafeAreaView.dia -c /Users/sparkles/Documents/CodingFiles/FullStack/expensioApp/frontend/node_modules/react-native-safe-area-context/ios/RNCSafeAreaView.m -o /Users/sparkles/Library/Developer/Xcode/DerivedData/Expensio-futtgngxcysvvhcljmosbeftqmyc/Build/Intermediates.noindex/Pods.build/Debug-iphonesimulator/react-native-safe-area-context.build/Objects-normal/x86_64/RNCSafeAreaView.o -index-unit-output-path /Pods.build/Debug-iphonesimulator/react-native-safe-area-context.build/Objects-normal/x86_64/RNCSafeAreaView.o

CompileC /Users/sparkles/Library/Developer/Xcode/DerivedData/Expensio-futtgngxcysvvhcljmosbeftqmyc/Build/Intermediates.noindex/Pods.build/Debug-iphonesimulator/react-native-safe-area-context.build/Objects-normal/x86_64/RNCSafeAreaUtils.o /Users/sparkles/Documents/CodingFiles/FullStack/expensioApp/frontend/node_modules/react-native-safe-area-context/ios/RNCSafeAreaUtils.m normal x86_64 objective-c com.apple.compilers.llvm.clang.1_0.compiler (in target 'react-native-safe-area-context' from project 'Pods')
    cd /Users/sparkles/Documents/CodingFiles/FullStack/expensioApp/frontend/ios/Pods
    
    Using response file: /Users/sparkles/Library/Developer/Xcode/DerivedData/Expensio-futtgngxcysvvhcljmosbeftqmyc/Build/Intermediates.noindex/Pods.build/Debug-iphonesimulator/react-native-safe-area-context.build/Objects-normal/x86_64/e6072d4f65d7061329687fe24e3d63a7-common-args.resp
    
    /Applications/Xcode.app/Contents/Developer/Toolchains/XcodeDefault.xctoolchain/usr/bin/clang -x objective-c -ivfsstatcache /Users/sparkles/Library/Developer/Xcode/DerivedData/SDKStatCaches.noindex/iphonesimulator27.0-24A430-8dc58220667be655e1bcc261a7455254.sdkstatcache -target x86_64-apple-ios17.0-simulator -fmessage-length\=0 -fdiagnostics-show-note-include-stack -fmacro-backtrace-limit\=0 -fno-color-diagnostics -fmodules-prune-interval\=86400 -fmodules-prune-after\=345600 -fbuild-session-file\=/Users/sparkles/Library/Developer/Xcode/DerivedData/ModuleCache.noindex/Session.modulevalidation -fmodules-validate-once-per-build-session -Wnon-modular-include-in-framework-module -Werror\=non-modular-include-in-framework-module -Wno-trigraphs -Wno-missing-field-initializers -Wno-missing-prototypes -Werror\=return-type -Wdocumentation -Wunreachable-code -Wno-implicit-atomic-properties -Werror\=deprecated-objc-isa-usage -Wno-objc-interface-ivars -Werror\=objc-root-class -Wno-arc-repeated-use-of-weak -Wimplicit-retain-self -Wduplicate-method-match -Wno-missing-braces -Wparentheses -Wswitch -Wunused-function -Wno-unused-label -Wno-unused-parameter -Wunused-variable -Wunused-value -Wempty-body -Wuninitialized -Wconditional-uninitialized -Wno-unknown-pragmas -Wno-shadow -Wno-four-char-constants -Wno-conversion -Wconstant-conversion -Wint-conversion -Wbool-conversion -Wenum-conversion -Wno-float-conversion -Wnon-literal-null-conversion -Wobjc-literal-conversion -Wshorten-64-to-32 -Wpointer-sign -Wno-newline-eof -Wno-selector -Wno-strict-selector-match -Wundeclared-selector -Wdeprecated-implementations -Wno-implicit-fallthrough -isysroot /Applications/Xcode.app/Contents/Developer/Platforms/iPhoneSimulator.platform/Developer/SDKs/iPhoneSimulator27.0.sdk -fstrict-aliasing -Wprotocol -Wdeprecated-declarations -Wno-sign-conversion -Winfinite-recursion -Wcomma -Wblock-capture-autoreleasing -Wstrict-prototypes -Wno-semicolon-before-method-body -Wunguarded-availability -index-store-path /Users/sparkles/Library/Developer/Xcode/DerivedData/Expensio-futtgngxcysvvhcljmosbeftqmyc/Index.noindex/DataStore @/Users/sparkles/Library/Developer/Xcode/DerivedData/Expensio-futtgngxcysvvhcljmosbeftqmyc/Build/Intermediates.noindex/Pods.build/Debug-iphonesimulator/react-native-safe-area-context.build/Objects-normal/x86_64/e6072d4f65d7061329687fe24e3d63a7-common-args.resp -DRCT_NEW_ARCH_ENABLED\=1 -include /Users/sparkles/Documents/CodingFiles/FullStack/expensioApp/frontend/ios/Pods/Target\ Support\ Files/react-native-safe-area-context/react-native-safe-area-context-prefix.pch -MMD -MT dependencies -MF /Users/sparkles/Library/Developer/Xcode/DerivedData/Expensio-futtgngxcysvvhcljmosbeftqmyc/Build/Intermediates.noindex/Pods.build/Debug-iphonesimulator/react-native-safe-area-context.build/Objects-normal/x86_64/RNCSafeAreaUtils.d --serialize-diagnostics /Users/sparkles/Library/Developer/Xcode/DerivedData/Expensio-futtgngxcysvvhcljmosbeftqmyc/Build/Intermediates.noindex/Pods.build/Debug-iphonesimulator/react-native-safe-area-context.build/Objects-normal/x86_64/RNCSafeAreaUtils.dia -c /Users/sparkles/Documents/CodingFiles/FullStack/expensioApp/frontend/node_modules/react-native-safe-area-context/ios/RNCSafeAreaUtils.m -o /Users/sparkles/Library/Developer/Xcode/DerivedData/Expensio-futtgngxcysvvhcljmosbeftqmyc/Build/Intermediates.noindex/Pods.build/Debug-iphonesimulator/react-native-safe-area-context.build/Objects-normal/x86_64/RNCSafeAreaUtils.o -index-unit-output-path /Pods.build/Debug-iphonesimulator/react-native-safe-area-context.build/Objects-normal/x86_64/RNCSafeAreaUtils.o

CompileC /Users/sparkles/Library/Developer/Xcode/DerivedData/Expensio-futtgngxcysvvhcljmosbeftqmyc/Build/Intermediates.noindex/Pods.build/Debug-iphonesimulator/react-native-safe-area-context.build/Objects-normal/x86_64/RNCSafeAreaShadowView.o /Users/sparkles/Documents/CodingFiles/FullStack/expensioApp/frontend/node_modules/react-native-safe-area-context/ios/RNCSafeAreaShadowView.m normal x86_64 objective-c com.apple.compilers.llvm.clang.1_0.compiler (in target 'react-native-safe-area-context' from project 'Pods')
    cd /Users/sparkles/Documents/CodingFiles/FullStack/expensioApp/frontend/ios/Pods
    
    Using response file: /Users/sparkles/Library/Developer/Xcode/DerivedData/Expensio-futtgngxcysvvhcljmosbeftqmyc/Build/Intermediates.noindex/Pods.build/Debug-iphonesimulator/react-native-safe-area-context.build/Objects-normal/x86_64/e6072d4f65d7061329687fe24e3d63a7-common-args.resp
    
    /Applications/Xcode.app/Contents/Developer/Toolchains/XcodeDefault.xctoolchain/usr/bin/clang -x objective-c -ivfsstatcache /Users/sparkles/Library/Developer/Xcode/DerivedData/SDKStatCaches.noindex/iphonesimulator27.0-24A430-8dc58220667be655e1bcc261a7455254.sdkstatcache -target x86_64-apple-ios17.0-simulator -fmessage-length\=0 -fdiagnostics-show-note-include-stack -fmacro-backtrace-limit\=0 -fno-color-diagnostics -fmodules-prune-interval\=86400 -fmodules-prune-after\=345600 -fbuild-session-file\=/Users/sparkles/Library/Developer/Xcode/DerivedData/ModuleCache.noindex/Session.modulevalidation -fmodules-validate-once-per-build-session -Wnon-modular-include-in-framework-module -Werror\=non-modular-include-in-framework-module -Wno-trigraphs -Wno-missing-field-initializers -Wno-missing-prototypes -Werror\=return-type -Wdocumentation -Wunreachable-code -Wno-implicit-atomic-properties -Werror\=deprecated-objc-isa-usage -Wno-objc-interface-ivars -Werror\=objc-root-class -Wno-arc-repeated-use-of-weak -Wimplicit-retain-self -Wduplicate-method-match -Wno-missing-braces -Wparentheses -Wswitch -Wunused-function -Wno-unused-label -Wno-unused-parameter -Wunused-variable -Wunused-value -Wempty-body -Wuninitialized -Wconditional-uninitialized -Wno-unknown-pragmas -Wno-shadow -Wno-four-char-constants -Wno-conversion -Wconstant-conversion -Wint-conversion -Wbool-conversion -Wenum-conversion -Wno-float-conversion -Wnon-literal-null-conversion -Wobjc-literal-conversion -Wshorten-64-to-32 -Wpointer-sign -Wno-newline-eof -Wno-selector -Wno-strict-selector-match -Wundeclared-selector -Wdeprecated-implementations -Wno-implicit-fallthrough -isysroot /Applications/Xcode.app/Contents/Developer/Platforms/iPhoneSimulator.platform/Developer/SDKs/iPhoneSimulator27.0.sdk -fstrict-aliasing -Wprotocol -Wdeprecated-declarations -Wno-sign-conversion -Winfinite-recursion -Wcomma -Wblock-capture-autoreleasing -Wstrict-prototypes -Wno-semicolon-before-method-body -Wunguarded-availability -index-store-path /Users/sparkles/Library/Developer/Xcode/DerivedData/Expensio-futtgngxcysvvhcljmosbeftqmyc/Index.noindex/DataStore @/Users/sparkles/Library/Developer/Xcode/DerivedData/Expensio-futtgngxcysvvhcljmosbeftqmyc/Build/Intermediates.noindex/Pods.build/Debug-iphonesimulator/react-native-safe-area-context.build/Objects-normal/x86_64/e6072d4f65d7061329687fe24e3d63a7-common-args.resp -DRCT_NEW_ARCH_ENABLED\=1 -include /Users/sparkles/Documents/CodingFiles/FullStack/expensioApp/frontend/ios/Pods/Target\ Support\ Files/react-native-safe-area-context/react-native-safe-area-context-prefix.pch -MMD -MT dependencies -MF /Users/sparkles/Library/Developer/Xcode/DerivedData/Expensio-futtgngxcysvvhcljmosbeftqmyc/Build/Intermediates.noindex/Pods.build/Debug-iphonesimulator/react-native-safe-area-context.build/Objects-normal/x86_64/RNCSafeAreaShadowView.d --serialize-diagnostics /Users/sparkles/Library/Developer/Xcode/DerivedData/Expensio-futtgngxcysvvhcljmosbeftqmyc/Build/Intermediates.noindex/Pods.build/Debug-iphonesimulator/react-native-safe-area-context.build/Objects-normal/x86_64/RNCSafeAreaShadowView.dia -c /Users/sparkles/Documents/CodingFiles/FullStack/expensioApp/frontend/node_modules/react-native-safe-area-context/ios/RNCSafeAreaShadowView.m -o /Users/sparkles/Library/Developer/Xcode/DerivedData/Expensio-futtgngxcysvvhcljmosbeftqmyc/Build/Intermediates.noindex/Pods.build/Debug-iphonesimulator/react-native-safe-area-context.build/Objects-normal/x86_64/RNCSafeAreaShadowView.o -index-unit-output-path /Pods.build/Debug-iphonesimulator/react-native-safe-area-context.build/Objects-normal/x86_64/RNCSafeAreaShadowView.o

CompileC /Users/sparkles/Library/Developer/Xcode/DerivedData/Expensio-futtgngxcysvvhcljmosbeftqmyc/Build/Intermediates.noindex/Pods.build/Debug-iphonesimulator/react-native-safe-area-context.build/Objects-normal/x86_64/RNCSafeAreaProviderManager.o /Users/sparkles/Documents/CodingFiles/FullStack/expensioApp/frontend/node_modules/react-native-safe-area-context/ios/RNCSafeAreaProviderManager.m normal x86_64 objective-c com.apple.compilers.llvm.clang.1_0.compiler (in target 'react-native-safe-area-context' from project 'Pods')
    cd /Users/sparkles/Documents/CodingFiles/FullStack/expensioApp/frontend/ios/Pods
    
    Using response file: /Users/sparkles/Library/Developer/Xcode/DerivedData/Expensio-futtgngxcysvvhcljmosbeftqmyc/Build/Intermediates.noindex/Pods.build/Debug-iphonesimulator/react-native-safe-area-context.build/Objects-normal/x86_64/e6072d4f65d7061329687fe24e3d63a7-common-args.resp
    
    /Applications/Xcode.app/Contents/Developer/Toolchains/XcodeDefault.xctoolchain/usr/bin/clang -x objective-c -ivfsstatcache /Users/sparkles/Library/Developer/Xcode/DerivedData/SDKStatCaches.noindex/iphonesimulator27.0-24A430-8dc58220667be655e1bcc261a7455254.sdkstatcache -target x86_64-apple-ios17.0-simulator -fmessage-length\=0 -fdiagnostics-show-note-include-stack -fmacro-backtrace-limit\=0 -fno-color-diagnostics -fmodules-prune-interval\=86400 -fmodules-prune-after\=345600 -fbuild-session-file\=/Users/sparkles/Library/Developer/Xcode/DerivedData/ModuleCache.noindex/Session.modulevalidation -fmodules-validate-once-per-build-session -Wnon-modular-include-in-framework-module -Werror\=non-modular-include-in-framework-module -Wno-trigraphs -Wno-missing-field-initializers -Wno-missing-prototypes -Werror\=return-type -Wdocumentation -Wunreachable-code -Wno-implicit-atomic-properties -Werror\=deprecated-objc-isa-usage -Wno-objc-interface-ivars -Werror\=objc-root-class -Wno-arc-repeated-use-of-weak -Wimplicit-retain-self -Wduplicate-method-match -Wno-missing-braces -Wparentheses -Wswitch -Wunused-function -Wno-unused-label -Wno-unused-parameter -Wunused-variable -Wunused-value -Wempty-body -Wuninitialized -Wconditional-uninitialized -Wno-unknown-pragmas -Wno-shadow -Wno-four-char-constants -Wno-conversion -Wconstant-conversion -Wint-conversion -Wbool-conversion -Wenum-conversion -Wno-float-conversion -Wnon-literal-null-conversion -Wobjc-literal-conversion -Wshorten-64-to-32 -Wpointer-sign -Wno-newline-eof -Wno-selector -Wno-strict-selector-match -Wundeclared-selector -Wdeprecated-implementations -Wno-implicit-fallthrough -isysroot /Applications/Xcode.app/Contents/Developer/Platforms/iPhoneSimulator.platform/Developer/SDKs/iPhoneSimulator27.0.sdk -fstrict-aliasing -Wprotocol -Wdeprecated-declarations -Wno-sign-conversion -Winfinite-recursion -Wcomma -Wblock-capture-autoreleasing -Wstrict-prototypes -Wno-semicolon-before-method-body -Wunguarded-availability -index-store-path /Users/sparkles/Library/Developer/Xcode/DerivedData/Expensio-futtgngxcysvvhcljmosbeftqmyc/Index.noindex/DataStore @/Users/sparkles/Library/Developer/Xcode/DerivedData/Expensio-futtgngxcysvvhcljmosbeftqmyc/Build/Intermediates.noindex/Pods.build/Debug-iphonesimulator/react-native-safe-area-context.build/Objects-normal/x86_64/e6072d4f65d7061329687fe24e3d63a7-common-args.resp -DRCT_NEW_ARCH_ENABLED\=1 -include /Users/sparkles/Documents/CodingFiles/FullStack/expensioApp/frontend/ios/Pods/Target\ Support\ Files/react-native-safe-area-context/react-native-safe-area-context-prefix.pch -MMD -MT dependencies -MF /Users/sparkles/Library/Developer/Xcode/DerivedData/Expensio-futtgngxcysvvhcljmosbeftqmyc/Build/Intermediates.noindex/Pods.build/Debug-iphonesimulator/react-native-safe-area-context.build/Objects-normal/x86_64/RNCSafeAreaProviderManager.d --serialize-diagnostics /Users/sparkles/Library/Developer/Xcode/DerivedData/Expensio-futtgngxcysvvhcljmosbeftqmyc/Build/Intermediates.noindex/Pods.build/Debug-iphonesimulator/react-native-safe-area-context.build/Objects-normal/x86_64/RNCSafeAreaProviderManager.dia -c /Users/sparkles/Documents/CodingFiles/FullStack/expensioApp/frontend/node_modules/react-native-safe-area-context/ios/RNCSafeAreaProviderManager.m -o /Users/sparkles/Library/Developer/Xcode/DerivedData/Expensio-futtgngxcysvvhcljmosbeftqmyc/Build/Intermediates.noindex/Pods.build/Debug-iphonesimulator/react-native-safe-area-context.build/Objects-normal/x86_64/RNCSafeAreaProviderManager.o -index-unit-output-path /Pods.build/Debug-iphonesimulator/react-native-safe-area-context.build/Objects-normal/x86_64/RNCSafeAreaProviderManager.o

CompileC /Users/sparkles/Library/Developer/Xcode/DerivedData/Expensio-futtgngxcysvvhcljmosbeftqmyc/Build/Intermediates.noindex/Pods.build/Debug-iphonesimulator/react-native-safe-area-context.build/Objects-normal/x86_64/RNCSafeAreaProvider.o /Users/sparkles/Documents/CodingFiles/FullStack/expensioApp/frontend/node_modules/react-native-safe-area-context/ios/RNCSafeAreaProvider.m normal x86_64 objective-c com.apple.compilers.llvm.clang.1_0.compiler (in target 'react-native-safe-area-context' from project 'Pods')
    cd /Users/sparkles/Documents/CodingFiles/FullStack/expensioApp/frontend/ios/Pods
    
    Using response file: /Users/sparkles/Library/Developer/Xcode/DerivedData/Expensio-futtgngxcysvvhcljmosbeftqmyc/Build/Intermediates.noindex/Pods.build/Debug-iphonesimulator/react-native-safe-area-context.build/Objects-normal/x86_64/e6072d4f65d7061329687fe24e3d63a7-common-args.resp
    
    /Applications/Xcode.app/Contents/Developer/Toolchains/XcodeDefault.xctoolchain/usr/bin/clang -x objective-c -ivfsstatcache /Users/sparkles/Library/Developer/Xcode/DerivedData/SDKStatCaches.noindex/iphonesimulator27.0-24A430-8dc58220667be655e1bcc261a7455254.sdkstatcache -target x86_64-apple-ios17.0-simulator -fmessage-length\=0 -fdiagnostics-show-note-include-stack -fmacro-backtrace-limit\=0 -fno-color-diagnostics -fmodules-prune-interval\=86400 -fmodules-prune-after\=345600 -fbuild-session-file\=/Users/sparkles/Library/Developer/Xcode/DerivedData/ModuleCache.noindex/Session.modulevalidation -fmodules-validate-once-per-build-session -Wnon-modular-include-in-framework-module -Werror\=non-modular-include-in-framework-module -Wno-trigraphs -Wno-missing-field-initializers -Wno-missing-prototypes -Werror\=return-type -Wdocumentation -Wunreachable-code -Wno-implicit-atomic-properties -Werror\=deprecated-objc-isa-usage -Wno-objc-interface-ivars -Werror\=objc-root-class -Wno-arc-repeated-use-of-weak -Wimplicit-retain-self -Wduplicate-method-match -Wno-missing-braces -Wparentheses -Wswitch -Wunused-function -Wno-unused-label -Wno-unused-parameter -Wunused-variable -Wunused-value -Wempty-body -Wuninitialized -Wconditional-uninitialized -Wno-unknown-pragmas -Wno-shadow -Wno-four-char-constants -Wno-conversion -Wconstant-conversion -Wint-conversion -Wbool-conversion -Wenum-conversion -Wno-float-conversion -Wnon-literal-null-conversion -Wobjc-literal-conversion -Wshorten-64-to-32 -Wpointer-sign -Wno-newline-eof -Wno-selector -Wno-strict-selector-match -Wundeclared-selector -Wdeprecated-implementations -Wno-implicit-fallthrough -isysroot /Applications/Xcode.app/Contents/Developer/Platforms/iPhoneSimulator.platform/Developer/SDKs/iPhoneSimulator27.0.sdk -fstrict-aliasing -Wprotocol -Wdeprecated-declarations -Wno-sign-conversion -Winfinite-recursion -Wcomma -Wblock-capture-autoreleasing -Wstrict-prototypes -Wno-semicolon-before-method-body -Wunguarded-availability -index-store-path /Users/sparkles/Library/Developer/Xcode/DerivedData/Expensio-futtgngxcysvvhcljmosbeftqmyc/Index.noindex/DataStore @/Users/sparkles/Library/Developer/Xcode/DerivedData/Expensio-futtgngxcysvvhcljmosbeftqmyc/Build/Intermediates.noindex/Pods.build/Debug-iphonesimulator/react-native-safe-area-context.build/Objects-normal/x86_64/e6072d4f65d7061329687fe24e3d63a7-common-args.resp -DRCT_NEW_ARCH_ENABLED\=1 -include /Users/sparkles/Documents/CodingFiles/FullStack/expensioApp/frontend/ios/Pods/Target\ Support\ Files/react-native-safe-area-context/react-native-safe-area-context-prefix.pch -MMD -MT dependencies -MF /Users/sparkles/Library/Developer/Xcode/DerivedData/Expensio-futtgngxcysvvhcljmosbeftqmyc/Build/Intermediates.noindex/Pods.build/Debug-iphonesimulator/react-native-safe-area-context.build/Objects-normal/x86_64/RNCSafeAreaProvider.d --serialize-diagnostics /Users/sparkles/Library/Developer/Xcode/DerivedData/Expensio-futtgngxcysvvhcljmosbeftqmyc/Build/Intermediates.noindex/Pods.build/Debug-iphonesimulator/react-native-safe-area-context.build/Objects-normal/x86_64/RNCSafeAreaProvider.dia -c /Users/sparkles/Documents/CodingFiles/FullStack/expensioApp/frontend/node_modules/react-native-safe-area-context/ios/RNCSafeAreaProvider.m -o /Users/sparkles/Library/Developer/Xcode/DerivedData/Expensio-futtgngxcysvvhcljmosbeftqmyc/Build/Intermediates.noindex/Pods.build/Debug-iphonesimulator/react-native-safe-area-context.build/Objects-normal/x86_64/RNCSafeAreaProvider.o -index-unit-output-path /Pods.build/Debug-iphonesimulator/react-native-safe-area-context.build/Objects-normal/x86_64/RNCSafeAreaProvider.o

CompileC /Users/sparkles/Library/Developer/Xcode/DerivedData/Expensio-futtgngxcysvvhcljmosbeftqmyc/Build/Intermediates.noindex/Pods.build/Debug-iphonesimulator/react-native-safe-area-context.build/Objects-normal/x86_64/RNCOnInsetsChangeEvent.o /Users/sparkles/Documents/CodingFiles/FullStack/expensioApp/frontend/node_modules/react-native-safe-area-context/ios/RNCOnInsetsChangeEvent.m normal x86_64 objective-c com.apple.compilers.llvm.clang.1_0.compiler (in target 'react-native-safe-area-context' from project 'Pods')
    cd /Users/sparkles/Documents/CodingFiles/FullStack/expensioApp/frontend/ios/Pods
    
    Using response file: /Users/sparkles/Library/Developer/Xcode/DerivedData/Expensio-futtgngxcysvvhcljmosbeftqmyc/Build/Intermediates.noindex/Pods.build/Debug-iphonesimulator/react-native-safe-area-context.build/Objects-normal/x86_64/e6072d4f65d7061329687fe24e3d63a7-common-args.resp
    
    /Applications/Xcode.app/Contents/Developer/Toolchains/XcodeDefault.xctoolchain/usr/bin/clang -x objective-c -ivfsstatcache /Users/sparkles/Library/Developer/Xcode/DerivedData/SDKStatCaches.noindex/iphonesimulator27.0-24A430-8dc58220667be655e1bcc261a7455254.sdkstatcache -target x86_64-apple-ios17.0-simulator -fmessage-length\=0 -fdiagnostics-show-note-include-stack -fmacro-backtrace-limit\=0 -fno-color-diagnostics -fmodules-prune-interval\=86400 -fmodules-prune-after\=345600 -fbuild-session-file\=/Users/sparkles/Library/Developer/Xcode/DerivedData/ModuleCache.noindex/Session.modulevalidation -fmodules-validate-once-per-build-session -Wnon-modular-include-in-framework-module -Werror\=non-modular-include-in-framework-module -Wno-trigraphs -Wno-missing-field-initializers -Wno-missing-prototypes -Werror\=return-type -Wdocumentation -Wunreachable-code -Wno-implicit-atomic-properties -Werror\=deprecated-objc-isa-usage -Wno-objc-interface-ivars -Werror\=objc-root-class -Wno-arc-repeated-use-of-weak -Wimplicit-retain-self -Wduplicate-method-match -Wno-missing-braces -Wparentheses -Wswitch -Wunused-function -Wno-unused-label -Wno-unused-parameter -Wunused-variable -Wunused-value -Wempty-body -Wuninitialized -Wconditional-uninitialized -Wno-unknown-pragmas -Wno-shadow -Wno-four-char-constants -Wno-conversion -Wconstant-conversion -Wint-conversion -Wbool-conversion -Wenum-conversion -Wno-float-conversion -Wnon-literal-null-conversion -Wobjc-literal-conversion -Wshorten-64-to-32 -Wpointer-sign -Wno-newline-eof -Wno-selector -Wno-strict-selector-match -Wundeclared-selector -Wdeprecated-implementations -Wno-implicit-fallthrough -isysroot /Applications/Xcode.app/Contents/Developer/Platforms/iPhoneSimulator.platform/Developer/SDKs/iPhoneSimulator27.0.sdk -fstrict-aliasing -Wprotocol -Wdeprecated-declarations -Wno-sign-conversion -Winfinite-recursion -Wcomma -Wblock-capture-autoreleasing -Wstrict-prototypes -Wno-semicolon-before-method-body -Wunguarded-availability -index-store-path /Users/sparkles/Library/Developer/Xcode/DerivedData/Expensio-futtgngxcysvvhcljmosbeftqmyc/Index.noindex/DataStore @/Users/sparkles/Library/Developer/Xcode/DerivedData/Expensio-futtgngxcysvvhcljmosbeftqmyc/Build/Intermediates.noindex/Pods.build/Debug-iphonesimulator/react-native-safe-area-context.build/Objects-normal/x86_64/e6072d4f65d7061329687fe24e3d63a7-common-args.resp -DRCT_NEW_ARCH_ENABLED\=1 -include /Users/sparkles/Documents/CodingFiles/FullStack/expensioApp/frontend/ios/Pods/Target\ Support\ Files/react-native-safe-area-context/react-native-safe-area-context-prefix.pch -MMD -MT dependencies -MF /Users/sparkles/Library/Developer/Xcode/DerivedData/Expensio-futtgngxcysvvhcljmosbeftqmyc/Build/Intermediates.noindex/Pods.build/Debug-iphonesimulator/react-native-safe-area-context.build/Objects-normal/x86_64/RNCOnInsetsChangeEvent.d --serialize-diagnostics /Users/sparkles/Library/Developer/Xcode/DerivedData/Expensio-futtgngxcysvvhcljmosbeftqmyc/Build/Intermediates.noindex/Pods.build/Debug-iphonesimulator/react-native-safe-area-context.build/Objects-normal/x86_64/RNCOnInsetsChangeEvent.dia -c /Users/sparkles/Documents/CodingFiles/FullStack/expensioApp/frontend/node_modules/react-native-safe-area-context/ios/RNCOnInsetsChangeEvent.m -o /Users/sparkles/Library/Developer/Xcode/DerivedData/Expensio-futtgngxcysvvhcljmosbeftqmyc/Build/Intermediates.noindex/Pods.build/Debug-iphonesimulator/react-native-safe-area-context.build/Objects-normal/x86_64/RNCOnInsetsChangeEvent.o -index-unit-output-path /Pods.build/Debug-iphonesimulator/react-native-safe-area-context.build/Objects-normal/x86_64/RNCOnInsetsChangeEvent.o

PrecompileModule /Users/sparkles/Library/Developer/Xcode/DerivedData/Expensio-futtgngxcysvvhcljmosbeftqmyc/Build/Intermediates.noindex/ExplicitPrecompiledModules/IOSurface-AYBLP4I3GZPXTFO6I4GK0LR44.scan
    cd /
    builtin-precompileModule /Users/sparkles/Library/Developer/Xcode/DerivedData/Expensio-futtgngxcysvvhcljmosbeftqmyc/Build/Intermediates.noindex/ExplicitPrecompiledModules/IOSurface-AYBLP4I3GZPXTFO6I4GK0LR44.scan

PrecompileModule /Users/sparkles/Library/Developer/Xcode/DerivedData/Expensio-futtgngxcysvvhcljmosbeftqmyc/Build/Intermediates.noindex/ExplicitPrecompiledModules/FileProvider-EH38TVE7IRC5WTT3X48Y1EGWG.scan
    cd /
    builtin-precompileModule /Users/sparkles/Library/Developer/Xcode/DerivedData/Expensio-futtgngxcysvvhcljmosbeftqmyc/Build/Intermediates.noindex/ExplicitPrecompiledModules/FileProvider-EH38TVE7IRC5WTT3X48Y1EGWG.scan

PrecompileModule /Users/sparkles/Library/Developer/Xcode/DerivedData/Expensio-futtgngxcysvvhcljmosbeftqmyc/Build/Intermediates.noindex/ExplicitPrecompiledModules/Symbols-COLT9S9R0S32RKJAZV468N26O.scan
    cd /
    builtin-precompileModule /Users/sparkles/Library/Developer/Xcode/DerivedData/Expensio-futtgngxcysvvhcljmosbeftqmyc/Build/Intermediates.noindex/ExplicitPrecompiledModules/Symbols-COLT9S9R0S32RKJAZV468N26O.scan

PrecompileModule /Users/sparkles/Library/Developer/Xcode/DerivedData/Expensio-futtgngxcysvvhcljmosbeftqmyc/Build/Intermediates.noindex/ExplicitPrecompiledModules/UserNotifications-DTOQB7INCOWDL0W2PXW43P1PE.scan
    cd /
    builtin-precompileModule /Users/sparkles/Library/Developer/Xcode/DerivedData/Expensio-futtgngxcysvvhcljmosbeftqmyc/Build/Intermediates.noindex/ExplicitPrecompiledModules/UserNotifications-DTOQB7INCOWDL0W2PXW43P1PE.scan

Libtool /Users/sparkles/Library/Developer/Xcode/DerivedData/Expensio-futtgngxcysvvhcljmosbeftqmyc/Build/Intermediates.noindex/Pods.build/Debug-iphonesimulator/react-native-safe-area-context.build/Objects-normal/x86_64/Binary/libreact-native-safe-area-context.a normal x86_64 (in target 'react-native-safe-area-context' from project 'Pods')
    cd /Users/sparkles/Documents/CodingFiles/FullStack/expensioApp/frontend/ios/Pods
    /Applications/Xcode.app/Contents/Developer/Toolchains/XcodeDefault.xctoolchain/usr/bin/libtool -static -arch_only x86_64 -D -syslibroot /Applications/Xcode.app/Contents/Developer/Platforms/iPhoneSimulator.platform/Developer/SDKs/iPhoneSimulator27.0.sdk -L/Users/sparkles/Library/Developer/Xcode/DerivedData/Expensio-futtgngxcysvvhcljmosbeftqmyc/Build/Products/Debug-iphonesimulator/react-native-safe-area-context -filelist /Users/sparkles/Library/Developer/Xcode/DerivedData/Expensio-futtgngxcysvvhcljmosbeftqmyc/Build/Intermediates.noindex/Pods.build/Debug-iphonesimulator/react-native-safe-area-context.build/Objects-normal/x86_64/react-native-safe-area-context.LinkFileList -dependency_info /Users/sparkles/Library/Developer/Xcode/DerivedData/Expensio-futtgngxcysvvhcljmosbeftqmyc/Build/Intermediates.noindex/Pods.build/Debug-iphonesimulator/react-native-safe-area-context.build/Objects-normal/x86_64/react-native-safe-area-context_libtool_dependency_info.dat -o /Users/sparkles/Library/Developer/Xcode/DerivedData/Expensio-futtgngxcysvvhcljmosbeftqmyc/Build/Intermediates.noindex/Pods.build/Debug-iphonesimulator/react-native-safe-area-context.build/Objects-normal/x86_64/Binary/libreact-native-safe-area-context.a

PrecompileModule /Users/sparkles/Library/Developer/Xcode/DerivedData/Expensio-futtgngxcysvvhcljmosbeftqmyc/Build/Intermediates.noindex/ExplicitPrecompiledModules/Metal-ESJNVRFRU3IWNSU9VRQZW1PHX.scan
    cd /
    builtin-precompileModule /Users/sparkles/Library/Developer/Xcode/DerivedData/Expensio-futtgngxcysvvhcljmosbeftqmyc/Build/Intermediates.noindex/ExplicitPrecompiledModules/Metal-ESJNVRFRU3IWNSU9VRQZW1PHX.scan

PrecompileModule /Users/sparkles/Library/Developer/Xcode/DerivedData/Expensio-futtgngxcysvvhcljmosbeftqmyc/Build/Intermediates.noindex/ExplicitPrecompiledModules/OpenGLES-DNP9G80O3QEYFX1V4ZQWZVKXU.scan
    cd /
    builtin-precompileModule /Users/sparkles/Library/Developer/Xcode/DerivedData/Expensio-futtgngxcysvvhcljmosbeftqmyc/Build/Intermediates.noindex/ExplicitPrecompiledModules/OpenGLES-DNP9G80O3QEYFX1V4ZQWZVKXU.scan

PrecompileModule /Users/sparkles/Library/Developer/Xcode/DerivedData/Expensio-futtgngxcysvvhcljmosbeftqmyc/Build/Intermediates.noindex/ExplicitPrecompiledModules/_LocationEssentials-9LWHGN8KM7YFGIB5Z5BRO7JAC.scan
    cd /
    builtin-precompileModule /Users/sparkles/Library/Developer/Xcode/DerivedData/Expensio-futtgngxcysvvhcljmosbeftqmyc/Build/Intermediates.noindex/ExplicitPrecompiledModules/_LocationEssentials-9LWHGN8KM7YFGIB5Z5BRO7JAC.scan

SwiftCompile normal arm64 Compiling\ RNSLog.swift /Users/sparkles/Documents/CodingFiles/FullStack/expensioApp/frontend/node_modules/react-native-screens/ios/utils/RNSLog.swift (in target 'RNScreens' from project 'Pods')

SwiftCompile normal arm64 /Users/sparkles/Documents/CodingFiles/FullStack/expensioApp/frontend/node_modules/react-native-screens/ios/utils/RNSLog.swift (in target 'RNScreens' from project 'Pods')
    cd /Users/sparkles/Documents/CodingFiles/FullStack/expensioApp/frontend/ios/Pods
    builtin-SwiftPerFileCompile RNSLog.swift

SwiftCompile normal x86_64 Compiling\ RNSLog.swift /Users/sparkles/Documents/CodingFiles/FullStack/expensioApp/frontend/node_modules/react-native-screens/ios/utils/RNSLog.swift (in target 'RNScreens' from project 'Pods')

SwiftCompile normal x86_64 /Users/sparkles/Documents/CodingFiles/FullStack/expensioApp/frontend/node_modules/react-native-screens/ios/utils/RNSLog.swift (in target 'RNScreens' from project 'Pods')
    cd /Users/sparkles/Documents/CodingFiles/FullStack/expensioApp/frontend/ios/Pods
    builtin-SwiftPerFileCompile RNSLog.swift

PrecompileModule /Users/sparkles/Library/Developer/Xcode/DerivedData/Expensio-futtgngxcysvvhcljmosbeftqmyc/Build/Intermediates.noindex/ExplicitPrecompiledModules/CoreLocation-ANMDFOFON20I6UAG75G3OML9H.scan
    cd /
    builtin-precompileModule /Users/sparkles/Library/Developer/Xcode/DerivedData/Expensio-futtgngxcysvvhcljmosbeftqmyc/Build/Intermediates.noindex/ExplicitPrecompiledModules/CoreLocation-ANMDFOFON20I6UAG75G3OML9H.scan

PrecompileModule /Users/sparkles/Library/Developer/Xcode/DerivedData/Expensio-futtgngxcysvvhcljmosbeftqmyc/Build/Intermediates.noindex/ExplicitPrecompiledModules/CoreVideo-DERQEPQW7X43NF9DCYKHU13DC.scan
    cd /
    builtin-precompileModule /Users/sparkles/Library/Developer/Xcode/DerivedData/Expensio-futtgngxcysvvhcljmosbeftqmyc/Build/Intermediates.noindex/ExplicitPrecompiledModules/CoreVideo-DERQEPQW7X43NF9DCYKHU13DC.scan

PrecompileModule /Users/sparkles/Library/Developer/Xcode/DerivedData/Expensio-futtgngxcysvvhcljmosbeftqmyc/Build/Intermediates.noindex/ExplicitPrecompiledModules/CoreMotion-BLY1029IQE2DE80KKI4BPMNSB.scan
    cd /
    builtin-precompileModule /Users/sparkles/Library/Developer/Xcode/DerivedData/Expensio-futtgngxcysvvhcljmosbeftqmyc/Build/Intermediates.noindex/ExplicitPrecompiledModules/CoreMotion-BLY1029IQE2DE80KKI4BPMNSB.scan

PrecompileModule /Users/sparkles/Library/Developer/Xcode/DerivedData/Expensio-futtgngxcysvvhcljmosbeftqmyc/Build/Intermediates.noindex/ExplicitPrecompiledModules/QuartzCore-B7NDIWDW641TW6TCCMB91HZKC.scan
    cd /
    builtin-precompileModule /Users/sparkles/Library/Developer/Xcode/DerivedData/Expensio-futtgngxcysvvhcljmosbeftqmyc/Build/Intermediates.noindex/ExplicitPrecompiledModules/QuartzCore-B7NDIWDW641TW6TCCMB91HZKC.scan

PrecompileModule /Users/sparkles/Library/Developer/Xcode/DerivedData/Expensio-futtgngxcysvvhcljmosbeftqmyc/Build/Intermediates.noindex/ExplicitPrecompiledModules/CoreImage-90YWTV84IZYT2LWWAIOAAF04V.scan
    cd /
    builtin-precompileModule /Users/sparkles/Library/Developer/Xcode/DerivedData/Expensio-futtgngxcysvvhcljmosbeftqmyc/Build/Intermediates.noindex/ExplicitPrecompiledModules/CoreImage-90YWTV84IZYT2LWWAIOAAF04V.scan

PhaseScriptExecution [CP-User]\ [Expo]\ Switch\ ExpoModulesCore\ XCFramework\ for\ build\ configuration /Users/sparkles/Library/Developer/Xcode/DerivedData/Expensio-futtgngxcysvvhcljmosbeftqmyc/Build/Intermediates.noindex/Pods.build/Debug-iphonesimulator/ExpoModulesCore.build/Script-46EB2E0001AA20.sh (in target 'ExpoModulesCore' from project 'Pods')
    cd /Users/sparkles/Documents/CodingFiles/FullStack/expensioApp/frontend/ios/Pods
    export ACTION\=build
    export AD_HOC_CODE_SIGNING_ALLOWED\=YES
    export ALLOW_BUILD_REQUEST_OVERRIDES\=NO
    export ALLOW_TARGET_PLATFORM_SPECIALIZATION\=NO
    export ALTERNATE_GROUP\=staff
    export ALTERNATE_MODE\=u+w,go-w,a+rX
    export ALTERNATE_OWNER\=sparkles
    export ALTERNATIVE_DISTRIBUTION_WEB\=NO
    export ALWAYS_EMBED_SWIFT_STANDARD_LIBRARIES\=NO
    export ALWAYS_SEARCH_USER_PATHS\=NO
    export ALWAYS_USE_SEPARATE_HEADERMAPS\=NO
    export APPLICATION_EXTENSION_API_ONLY\=NO
    export APPLY_RULES_IN_COPY_FILES\=NO
    export APPLY_RULES_IN_COPY_HEADERS\=NO
    export APP_SHORTCUTS_ENABLE_FLEXIBLE_MATCHING\=YES
    export ARCHS\=arm64\ x86_64
    export ARCHS_BASE\=arm64\ x86_64
    export ARCHS_STANDARD\=arm64\ x86_64
    export ARCHS_STANDARD_32_64_BIT\=arm64\ x86_64
    export ARCHS_STANDARD_64_BIT\=arm64\ x86_64
    export ARCHS_STANDARD_INCLUDING_64_BIT\=arm64\ x86_64
    export ARCHS_UNIVERSAL_IPHONE_OS\=arm64\ x86_64
    export ASSETCATALOG_COMPILER_APPICON_NAME\=AppIcon
    export ASSETCATALOG_COMPILER_GLOBAL_ACCENT_COLOR_NAME\=AccentColor
    export AUTOMATICALLY_MERGE_DEPENDENCIES\=NO
    export AUTOMATION_APPLE_EVENTS\=NO
    export AVAILABLE_PLATFORMS\=android\ appletvos\ appletvsimulator\ driverkit\ freebsd\ iphoneos\ iphonesimulator\ linux\ macosx\ none\ openbsd\ qnx\ staticlinux\ watchos\ watchsimulator\ webassembly\ xros\ xrsimulator
    export BUILD_ACTIVE_RESOURCES_ONLY\=NO
    export BUILD_COMPONENTS\=headers\ build
    export BUILD_DIR\=/Users/sparkles/Library/Developer/Xcode/DerivedData/Expensio-futtgngxcysvvhcljmosbeftqmyc/Build/Products
    export BUILD_LIBRARY_FOR_DISTRIBUTION\=NO
    export BUILD_ONLY_KNOWN_LOCALIZATIONS\=NO
    export BUILD_ROOT\=/Users/sparkles/Library/Developer/Xcode/DerivedData/Expensio-futtgngxcysvvhcljmosbeftqmyc/Build/Products
    export BUILD_STYLE\=
    export BUILD_VARIANTS\=normal
    export BUILT_PRODUCTS_DIR\=/Users/sparkles/Library/Developer/Xcode/DerivedData/Expensio-futtgngxcysvvhcljmosbeftqmyc/Build/Products/Debug-iphonesimulator/ExpoModulesCore
    export BUNDLE_CONTENTS_FOLDER_PATH_deep\=Contents/
    export BUNDLE_EXECUTABLE_FOLDER_NAME_deep\=MacOS
    export BUNDLE_EXTENSIONS_FOLDER_PATH\=Extensions
    export BUNDLE_FORMAT\=shallow
    export BUNDLE_FRAMEWORKS_FOLDER_PATH\=Frameworks
    export BUNDLE_PLUGINS_FOLDER_PATH\=PlugIns
    export BUNDLE_PRIVATE_HEADERS_FOLDER_PATH\=PrivateHeaders
    export BUNDLE_PUBLIC_HEADERS_FOLDER_PATH\=Headers
    export CACHE_ROOT\=/var/folders/2z/d087lq6n4d1_lvddlb12y_9r0000gn/C/com.apple.DeveloperTools/27.0-27A266a/Xcode
    export CCHROOT\=/var/folders/2z/d087lq6n4d1_lvddlb12y_9r0000gn/C/com.apple.DeveloperTools/27.0-27A266a/Xcode
    export CHMOD\=/bin/chmod
    export CHOWN\=chown
    export CLANG_ANALYZER_LOCALIZABILITY_NONLOCALIZED\=YES
    export CLANG_ANALYZER_NONNULL\=YES
    export CLANG_ANALYZER_NUMBER_OBJECT_CONVERSION\=YES_AGGRESSIVE
    export CLANG_CACHE_FINE_GRAINED_OUTPUTS\=YES
    export CLANG_CXX_LANGUAGE_STANDARD\=c++20
    export CLANG_CXX_LIBRARY\=libc++
    export CLANG_ENABLE_EXPLICIT_MODULES\=YES
    export CLANG_ENABLE_MODULES\=YES
    export CLANG_ENABLE_OBJC_ARC\=YES
    export CLANG_ENABLE_OBJC_WEAK\=NO
    export CLANG_MODULES_BUILD_SESSION_FILE\=/Users/sparkles/Library/Developer/Xcode/DerivedData/ModuleCache.noindex/Session.modulevalidation
    export CLANG_WARN_BLOCK_CAPTURE_AUTORELEASING\=YES
    export CLANG_WARN_BOOL_CONVERSION\=YES
    export CLANG_WARN_COMMA\=YES
    export CLANG_WARN_CONSTANT_CONVERSION\=YES
    export CLANG_WARN_DEPRECATED_OBJC_IMPLEMENTATIONS\=YES
    export CLANG_WARN_DIRECT_OBJC_ISA_USAGE\=YES_ERROR
    export CLANG_WARN_DOCUMENTATION_COMMENTS\=YES
    export CLANG_WARN_EMPTY_BODY\=YES
    export CLANG_WARN_ENUM_CONVERSION\=YES
    export CLANG_WARN_INFINITE_RECURSION\=YES
    export CLANG_WARN_INT_CONVERSION\=YES
    export CLANG_WARN_NON_LITERAL_NULL_CONVERSION\=YES
    export CLANG_WARN_OBJC_IMPLICIT_RETAIN_SELF\=YES
    export CLANG_WARN_OBJC_LITERAL_CONVERSION\=YES
    export CLANG_WARN_OBJC_ROOT_CLASS\=YES_ERROR
    export CLANG_WARN_QUOTED_INCLUDE_IN_FRAMEWORK_HEADER\=NO
    export CLANG_WARN_RANGE_LOOP_ANALYSIS\=YES
    export CLANG_WARN_STRICT_PROTOTYPES\=YES
    export CLANG_WARN_SUSPICIOUS_MOVE\=YES
    export CLANG_WARN_UNGUARDED_AVAILABILITY\=YES_AGGRESSIVE
    export CLANG_WARN_UNREACHABLE_CODE\=YES
    export CLANG_WARN__DUPLICATE_METHOD_MATCH\=YES
    export CLASS_FILE_DIR\=/Users/sparkles/Library/Developer/Xcode/DerivedData/Expensio-futtgngxcysvvhcljmosbeftqmyc/Build/Intermediates.noindex/Pods.build/Debug-iphonesimulator/ExpoModulesCore.build/JavaClasses
    export CLEAN_PRECOMPS\=YES
    export CLONE_HEADERS\=NO
    export CODESIGNING_FOLDER_PATH\=/Users/sparkles/Library/Developer/Xcode/DerivedData/Expensio-futtgngxcysvvhcljmosbeftqmyc/Build/Products/Debug-iphonesimulator/ExpoModulesCore/
    export CODE_SIGNING_ALLOWED\=NO
    export CODE_SIGNING_REQUIRED\=YES
    export CODE_SIGN_CONTEXT_CLASS\=XCiPhoneSimulatorCodeSignContext
    export CODE_SIGN_IDENTITY\=-
    export CODE_SIGN_INJECT_BASE_ENTITLEMENTS\=YES
    export COLOR_DIAGNOSTICS\=NO
    export COMBINE_HIDPI_IMAGES\=NO
    export COMPILATION_CACHE_CAS_PATH\=/Users/sparkles/Library/Developer/Xcode/DerivedData/CompilationCache.noindex
    export COMPILATION_CACHE_KEEP_CAS_DIRECTORY\=YES
    export COMPILER_INDEX_STORE_ENABLE\=Default
    export COMPOSITE_SDK_DIRS\=/Users/sparkles/Library/Developer/Xcode/DerivedData/Expensio-futtgngxcysvvhcljmosbeftqmyc/Build/Intermediates.noindex/CompositeSDKs
    export COMPRESS_PNG_FILES\=YES
    export CONFIGURATION\=Debug
    export CONFIGURATION_BUILD_DIR\=/Users/sparkles/Library/Developer/Xcode/DerivedData/Expensio-futtgngxcysvvhcljmosbeftqmyc/Build/Products/Debug-iphonesimulator/ExpoModulesCore
    export CONFIGURATION_TEMP_DIR\=/Users/sparkles/Library/Developer/Xcode/DerivedData/Expensio-futtgngxcysvvhcljmosbeftqmyc/Build/Intermediates.noindex/Pods.build/Debug-iphonesimulator
    export COPYING_PRESERVES_HFS_DATA\=NO
    export COPY_HEADERS_RUN_UNIFDEF\=NO
    export COPY_PHASE_STRIP\=NO
    export CORRESPONDING_DEVICE_PLATFORM_DIR\=/Applications/Xcode.app/Contents/Developer/Platforms/iPhoneOS.platform
    export CORRESPONDING_DEVICE_PLATFORM_NAME\=iphoneos
    export CORRESPONDING_DEVICE_SDK_DIR\=/Applications/Xcode.app/Contents/Developer/Platforms/iPhoneOS.platform/Developer/SDKs/iPhoneOS27.0.sdk
    export CORRESPONDING_DEVICE_SDK_NAME\=iphoneos27.0
    export CP\=/bin/cp
    export CREATE_INFOPLIST_SECTION_IN_BINARY\=NO
    export CURRENT_ARCH\=undefined_arch
    export CURRENT_VARIANT\=normal
    export DEAD_CODE_STRIPPING\=YES
    export DEBUGGING_SYMBOLS\=YES
    export DEBUG_INFORMATION_FORMAT\=dwarf
    export DEBUG_INFORMATION_VERSION\=compiler-default
    export DEFAULT_COMPILER\=com.apple.compilers.llvm.clang.1_0
    export DEFAULT_DEXT_INSTALL_PATH\=/System/Library/DriverExtensions
    export DEFAULT_KEXT_INSTALL_PATH\=/System/Library/Extensions
    export DEFINES_MODULE\=YES
    export DEPLOYMENT_LOCATION\=NO
    export DEPLOYMENT_POSTPROCESSING\=NO
    export DEPLOYMENT_TARGET_SETTING_NAME\=IPHONEOS_DEPLOYMENT_TARGET
    export DEPLOYMENT_TARGET_SUGGESTED_VALUES\=15.0\ 15.1\ 15.2\ 15.3\ 15.4\ 15.5\ 15.6\ 16.0\ 16.1\ 16.2\ 16.3\ 16.4\ 16.5\ 16.6\ 17.0\ 17.1\ 17.2\ 17.3\ 17.4\ 17.5\ 17.6\ 18.0\ 18.1\ 18.2\ 18.3\ 18.4\ 18.5\ 18.6\ 26.0\ 26.2\ 26.3\ 26.4\ 26.5\ 26.6\ 27.0
    export DERIVED_FILES_DIR\=/Users/sparkles/Library/Developer/Xcode/DerivedData/Expensio-futtgngxcysvvhcljmosbeftqmyc/Build/Intermediates.noindex/Pods.build/Debug-iphonesimulator/ExpoModulesCore.build/DerivedSources
    export DERIVED_FILE_DIR\=/Users/sparkles/Library/Developer/Xcode/DerivedData/Expensio-futtgngxcysvvhcljmosbeftqmyc/Build/Intermediates.noindex/Pods.build/Debug-iphonesimulator/ExpoModulesCore.build/DerivedSources
    export DERIVED_SOURCES_DIR\=/Users/sparkles/Library/Developer/Xcode/DerivedData/Expensio-futtgngxcysvvhcljmosbeftqmyc/Build/Intermediates.noindex/Pods.build/Debug-iphonesimulator/ExpoModulesCore.build/DerivedSources
    export DEVELOPER_APPLICATIONS_DIR\=/Applications/Xcode.app/Contents/Developer/Applications
    export DEVELOPER_BIN_DIR\=/Applications/Xcode.app/Contents/Developer/usr/bin
    export DEVELOPER_DIR\=/Applications/Xcode.app/Contents/Developer
    export DEVELOPER_FRAMEWORKS_DIR\=/Applications/Xcode.app/Contents/Developer/Library/Frameworks
    export DEVELOPER_FRAMEWORKS_DIR_QUOTED\=/Applications/Xcode.app/Contents/Developer/Library/Frameworks
    export DEVELOPER_LIBRARY_DIR\=/Applications/Xcode.app/Contents/Developer/Library
    export DEVELOPER_SDK_DIR\=/Applications/Xcode.app/Contents/Developer/Platforms/MacOSX.platform/Developer/SDKs
    export DEVELOPER_TOOLS_DIR\=/Applications/Xcode.app/Contents/Developer/Tools
    export DEVELOPER_USR_DIR\=/Applications/Xcode.app/Contents/Developer/usr
    export DEVELOPMENT_LANGUAGE\=en
    export DIAGNOSE_MISSING_TARGET_DEPENDENCIES\=YES
    export DIFF\=/usr/bin/diff
    export DONT_GENERATE_INFOPLIST_FILE\=NO
    export DSTROOT\=/tmp/Pods.dst
    export DT_TOOLCHAIN_DIR\=/Applications/Xcode.app/Contents/Developer/Toolchains/XcodeDefault.xctoolchain
    export DWARF_DSYM_FILE_NAME\=.dSYM
    export DWARF_DSYM_FILE_SHOULD_ACCOMPANY_PRODUCT\=NO
    export DWARF_DSYM_FOLDER_PATH\=/Users/sparkles/Library/Developer/Xcode/DerivedData/Expensio-futtgngxcysvvhcljmosbeftqmyc/Build/Products/Debug-iphonesimulator/ExpoModulesCore
    export DYNAMIC_LIBRARY_EXTENSION\=dylib
    export EAGER_COMPILATION_ALLOW_SCRIPTS\=NO
    export EAGER_LINKING\=NO
    export EFFECTIVE_PLATFORM_NAME\=-iphonesimulator
    export EFFECTIVE_SWIFT_VERSION\=5
    export EMBEDDED_CONTENT_CONTAINS_SWIFT\=NO
    export EMBED_ASSET_PACKS_IN_PRODUCT_BUNDLE\=NO
    export ENABLE_APP_SANDBOX\=NO
    export ENABLE_CODE_COVERAGE\=YES
    export ENABLE_COHORT_ARCHS\=YES
    export ENABLE_CPLUSPLUS_BOUNDS_SAFE_BUFFERS\=NO
    export ENABLE_C_BOUNDS_SAFETY\=NO
    export ENABLE_DEFAULT_HEADER_SEARCH_PATHS\=YES
    export ENABLE_DEFAULT_SEARCH_PATHS\=YES
    export ENABLE_ENHANCED_SECURITY\=NO
    export ENABLE_HARDENED_RUNTIME\=NO
    export ENABLE_HARDWARE_CHECKED_POINTER_ARITHMETIC_SLICE\=NO
    export ENABLE_HEADER_DEPENDENCIES\=YES
    export ENABLE_INCOMING_NETWORK_CONNECTIONS\=NO
    export ENABLE_MODULE_VERIFIER\=YES
    export ENABLE_ON_DEMAND_RESOURCES\=NO
    export ENABLE_OUTGOING_NETWORK_CONNECTIONS\=NO
    export ENABLE_POINTER_AUTHENTICATION\=NO
    export ENABLE_PREVIEWS\=NO
    export ENABLE_RESOURCE_ACCESS_AUDIO_INPUT\=NO
    export ENABLE_RESOURCE_ACCESS_BLUETOOTH\=NO
    export ENABLE_RESOURCE_ACCESS_CALENDARS\=NO
    export ENABLE_RESOURCE_ACCESS_CAMERA\=NO
    export ENABLE_RESOURCE_ACCESS_CONTACTS\=NO
    export ENABLE_RESOURCE_ACCESS_LOCATION\=NO
    export ENABLE_RESOURCE_ACCESS_PHOTO_LIBRARY\=NO
    export ENABLE_RESOURCE_ACCESS_PRINTING\=NO
    export ENABLE_RESOURCE_ACCESS_USB\=NO
    export ENABLE_SDK_IMPORTS\=NO
    export ENABLE_SECURITY_COMPILER_WARNINGS\=NO
    export ENABLE_STRICT_OBJC_MSGSEND\=YES
    export ENABLE_TESTABILITY\=YES
    export ENABLE_TESTING_SEARCH_PATHS\=NO
    export ENABLE_USER_SCRIPT_SANDBOXING\=NO
    export ENABLE_XOJIT_PREVIEWS\=YES
    export ENFORCE_VALID_ARCHS\=YES
    export ENTITLEMENTS_DESTINATION\=__entitlements
    export ENTITLEMENTS_REQUIRED\=YES
    export EXCLUDED_INSTALLSRC_SUBDIRECTORY_PATTERNS\=.DS_Store\ .svn\ .git\ .hg\ CVS
    export EXCLUDED_RECURSIVE_SEARCH_PATH_SUBDIRECTORIES\=\*.nib\ \*.lproj\ \*.framework\ \*.gch\ \*.xcode\*\ \*.xcassets\ \*.icon\ \(\*\)\ .DS_Store\ CVS\ .svn\ .git\ .hg\ \*.pbproj\ \*.pbxproj
    export FILE_LIST\=/Users/sparkles/Library/Developer/Xcode/DerivedData/Expensio-futtgngxcysvvhcljmosbeftqmyc/Build/Intermediates.noindex/Pods.build/Debug-iphonesimulator/ExpoModulesCore.build/Objects/LinkFileList
    export FIXED_FILES_DIR\=/Users/sparkles/Library/Developer/Xcode/DerivedData/Expensio-futtgngxcysvvhcljmosbeftqmyc/Build/Intermediates.noindex/Pods.build/Debug-iphonesimulator/ExpoModulesCore.build/FixedFiles
    export FRAMEWORK_SEARCH_PATHS\=\ \"/Users/sparkles/Documents/CodingFiles/FullStack/expensioApp/frontend/ios/Pods/../../node_modules/expo-modules-jsi/apple/Products\"\ \"/Users/sparkles/Documents/CodingFiles/FullStack/expensioApp/frontend/ios/Pods/ExpoModulesCore\"\ \"/Users/sparkles/Documents/CodingFiles/FullStack/expensioApp/frontend/ios/Pods/React-Core-prebuilt\"\ \"/Users/sparkles/Documents/CodingFiles/FullStack/expensioApp/frontend/ios/Pods/ReactNativeDependencies/framework/packages/react-native\"\ \"/Users/sparkles/Documents/CodingFiles/FullStack/expensioApp/frontend/ios/Pods/hermes-engine/destroot/Library/Frameworks/universal\"\ \"/Users/sparkles/Library/Developer/Xcode/DerivedData/Expensio-futtgngxcysvvhcljmosbeftqmyc/Build/Products/Debug-iphonesimulator/XCFrameworkIntermediates/ExpoModulesCore\"\ \"/Users/sparkles/Library/Developer/Xcode/DerivedData/Expensio-futtgngxcysvvhcljmosbeftqmyc/Build/Products/Debug-iphonesimulator/XCFrameworkIntermediates/ExpoModulesJSI\"\ \"/Users/sparkles/Library/Developer/Xcode/DerivedData/Expensio-futtgngxcysvvhcljmosbeftqmyc/Build/Products/Debug-iphonesimulator/XCFrameworkIntermediates/React-Core-prebuilt\"\ \"/Users/sparkles/Library/Developer/Xcode/DerivedData/Expensio-futtgngxcysvvhcljmosbeftqmyc/Build/Products/Debug-iphonesimulator/XCFrameworkIntermediates/ReactNativeDependencies\"\ \"/Users/sparkles/Library/Developer/Xcode/DerivedData/Expensio-futtgngxcysvvhcljmosbeftqmyc/Build/Products/Debug-iphonesimulator/XCFrameworkIntermediates/hermes-engine/Pre-built\"
    export FRAMEWORK_VERSION\=A
    export FUSE_BUILD_PHASES\=YES
    export FUSE_BUILD_SCRIPT_PHASES\=NO
    export GCC3_VERSION\=3.3
    export GCC_C_LANGUAGE_STANDARD\=gnu11
    export GCC_DYNAMIC_NO_PIC\=NO
    export GCC_NO_COMMON_BLOCKS\=YES
    export GCC_OBJC_LEGACY_DISPATCH\=YES
    export GCC_OPTIMIZATION_LEVEL\=0
    export GCC_PFE_FILE_C_DIALECTS\=c\ objective-c\ c++\ objective-c++
    export GCC_PREPROCESSOR_DEFINITIONS\=POD_CONFIGURATION_DEBUG\=1\ DEBUG\=1\ \ COCOAPODS\=1\ POD_CONFIGURATION_DEBUG\=1\ DEBUG\=1\ \ EXPO_MODULES_CORE_VERSION\=57.0.19
    export GCC_SYMBOLS_PRIVATE_EXTERN\=NO
    export GCC_TREAT_WARNINGS_AS_ERRORS\=NO
    export GCC_VERSION\=com.apple.compilers.llvm.clang.1_0
    export GCC_VERSION_IDENTIFIER\=com_apple_compilers_llvm_clang_1_0
    export GCC_WARN_64_TO_32_BIT_CONVERSION\=YES
    export GCC_WARN_ABOUT_RETURN_TYPE\=YES_ERROR
    export GCC_WARN_UNDECLARED_SELECTOR\=YES
    export GCC_WARN_UNINITIALIZED_AUTOS\=YES_AGGRESSIVE
    export GCC_WARN_UNUSED_FUNCTION\=YES
    export GCC_WARN_UNUSED_VARIABLE\=YES
    export GENERATED_MODULEMAP_DIR\=/Users/sparkles/Library/Developer/Xcode/DerivedData/Expensio-futtgngxcysvvhcljmosbeftqmyc/Build/Intermediates.noindex/GeneratedModuleMaps-iphonesimulator
    export GENERATE_INFOPLIST_FILE\=NO
    export GENERATE_INTERMEDIATE_TEXT_BASED_STUBS\=YES
    export GENERATE_PKGINFO_FILE\=NO
    export GENERATE_PRELINK_OBJECT_FILE\=NO
    export GENERATE_PROFILING_CODE\=NO
    export GENERATE_TEXT_BASED_STUBS\=NO
    export GID\=20
    export GROUP\=staff
    export HEADERMAP_INCLUDES_FLAT_ENTRIES_FOR_TARGET_BEING_BUILT\=YES
    export HEADERMAP_INCLUDES_FRAMEWORK_ENTRIES_FOR_ALL_PRODUCT_TYPES\=YES
    export HEADERMAP_INCLUDES_FRAMEWORK_ENTRIES_FOR_TARGETS_NOT_BEING_BUILT\=YES
    export HEADERMAP_INCLUDES_NONPUBLIC_NONPRIVATE_HEADERS\=YES
    export HEADERMAP_INCLUDES_PROJECT_HEADERS\=YES
    export HEADERMAP_USES_FRAMEWORK_PREFIX_ENTRIES\=YES
    export HEADERMAP_USES_VFS\=YES
    export HEADER_SEARCH_PATHS\=\ \"/Users/sparkles/Documents/CodingFiles/FullStack/expensioApp/frontend/ios/Pods/Headers/Public\"\ \"/Users/sparkles/Documents/CodingFiles/FullStack/expensioApp/frontend/ios/Pods/Headers/Public/FBLazyVector\"\ \"/Users/sparkles/Documents/CodingFiles/FullStack/expensioApp/frontend/ios/Pods/Headers/Public/RCTRequired\"\ \"/Users/sparkles/Documents/CodingFiles/FullStack/expensioApp/frontend/ios/Pods/Headers/Public/RCTSwiftUIWrapper\"\ \"/Users/sparkles/Documents/CodingFiles/FullStack/expensioApp/frontend/ios/Pods/Headers/Public/RCTTypeSafety\"\ \"/Users/sparkles/Documents/CodingFiles/FullStack/expensioApp/frontend/ios/Pods/Headers/Public/React-Core\"\ \"/Users/sparkles/Documents/CodingFiles/FullStack/expensioApp/frontend/ios/Pods/Headers/Public/React-Core-prebuilt\"\ \"/Users/sparkles/Documents/CodingFiles/FullStack/expensioApp/frontend/ios/Pods/Headers/Public/React-CoreModules\"\ \"/Users/sparkles/Documents/CodingFiles/FullStack/expensioApp/frontend/ios/Pods/Headers/Public/React-Fabric\"\ \"/Users/sparkles/Documents/CodingFiles/FullStack/expensioApp/frontend/ios/Pods/Headers/Public/React-FabricComponents\"\ \"/Users/sparkles/Documents/CodingFiles/FullStack/expensioApp/frontend/ios/Pods/Headers/Public/React-FabricImage\"\ \"/Users/sparkles/Documents/CodingFiles/FullStack/expensioApp/frontend/ios/Pods/Headers/Public/React-ImageManager\"\ \"/Users/sparkles/Documents/CodingFiles/FullStack/expensioApp/frontend/ios/Pods/Headers/Public/React-Mapbuffer\"\ \"/Users/sparkles/Documents/CodingFiles/FullStack/expensioApp/frontend/ios/Pods/Headers/Public/React-NativeModulesApple\"\ \"/Users/sparkles/Documents/CodingFiles/FullStack/expensioApp/frontend/ios/Pods/Headers/Public/React-RCTAnimation\"\ \"/Users/sparkles/Documents/CodingFiles/FullStack/expensioApp/frontend/ios/Pods/Headers/Public/React-RCTBlob\"\ \"/Users/sparkles/Documents/CodingFiles/FullStack/expensioApp/frontend/ios/Pods/Headers/Public/React-RCTFBReactNativeSpec\"\ \"/Users/sparkles/Documents/CodingFiles/FullStack/expensioApp/frontend/ios/Pods/Headers/Public/React-RCTFabric\"\ \"/Users/sparkles/Documents/CodingFiles/FullStack/expensioApp/frontend/ios/Pods/Headers/Public/React-RCTImage\"\ \"/Users/sparkles/Documents/CodingFiles/FullStack/expensioApp/frontend/ios/Pods/Headers/Public/React-RCTRuntime\"\ \"/Users/sparkles/Documents/CodingFiles/FullStack/expensioApp/frontend/ios/Pods/Headers/Public/React-RCTText\"\ \"/Users/sparkles/Documents/CodingFiles/FullStack/expensioApp/frontend/ios/Pods/Headers/Public/React-RuntimeApple\"\ \"/Users/sparkles/Documents/CodingFiles/FullStack/expensioApp/frontend/ios/Pods/Headers/Public/React-RuntimeCore\"\ \"/Users/sparkles/Documents/CodingFiles/FullStack/expensioApp/frontend/ios/Pods/Headers/Public/React-RuntimeHermes\"\ \"/Users/sparkles/Documents/CodingFiles/FullStack/expensioApp/frontend/ios/Pods/Headers/Public/React-callinvoker\"\ \"/Users/sparkles/Documents/CodingFiles/FullStack/expensioApp/frontend/ios/Pods/Headers/Public/React-cxxreact\"\ \"/Users/sparkles/Documents/CodingFiles/FullStack/expensioApp/frontend/ios/Pods/Headers/Public/React-debug\"\ \"/Users/sparkles/Documents/CodingFiles/FullStack/expensioApp/frontend/ios/Pods/Headers/Public/React-defaultsnativemodule\"\ \"/Users/sparkles/Documents/CodingFiles/FullStack/expensioApp/frontend/ios/Pods/Headers/Public/React-domnativemodule\"\ \"/Users/sparkles/Documents/CodingFiles/FullStack/expensioApp/frontend/ios/Pods/Headers/Public/React-featureflags\"\ \"/Users/sparkles/Documents/CodingFiles/FullStack/expensioApp/frontend/ios/Pods/Headers/Public/React-featureflagsnativemodule\"\ \"/Users/sparkles/Documents/CodingFiles/FullStack/expensioApp/frontend/ios/Pods/Headers/Public/React-graphics\"\ \"/Users/sparkles/Documents/CodingFiles/FullStack/expensioApp/frontend/ios/Pods/Headers/Public/React-hermes\"\ \"/Users/sparkles/Documents/CodingFiles/FullStack/expensioApp/frontend/ios/Pods/Headers/Public/React-idlecallbacksnativemodule\"\ \"/Users/sparkles/Documents/CodingFiles/FullStack/expensioApp/frontend/ios/Pods/Headers/Public/React-intersectionobservernativemodule\"\ \"/Users/sparkles/Documents/CodingFiles/FullStack/expensioApp/frontend/ios/Pods/Headers/Public/React-jserrorhandler\"\ \"/Users/sparkles/Documents/CodingFiles/FullStack/expensioApp/frontend/ios/Pods/Headers/Public/React-jsi\"\ \"/Users/sparkles/Documents/CodingFiles/FullStack/expensioApp/frontend/ios/Pods/Headers/Public/React-jsiexecutor\"\ \"/Users/sparkles/Documents/CodingFiles/FullStack/expensioApp/frontend/ios/Pods/Headers/Public/React-jsinspector\"\ \"/Users/sparkles/Documents/CodingFiles/FullStack/expensioApp/frontend/ios/Pods/Headers/Public/React-jsinspectorcdp\"\ \"/Users/sparkles/Documents/CodingFiles/FullStack/expensioApp/frontend/ios/Pods/Headers/Public/React-jsinspectornetwork\"\ \"/Users/sparkles/Documents/CodingFiles/FullStack/expensioApp/frontend/ios/Pods/Headers/Public/React-jsinspectortracing\"\ \"/Users/sparkles/Documents/CodingFiles/FullStack/expensioApp/frontend/ios/Pods/Headers/Public/React-jsitooling\"\ \"/Users/sparkles/Documents/CodingFiles/FullStack/expensioApp/frontend/ios/Pods/Headers/Public/React-logger\"\ \"/Users/sparkles/Documents/CodingFiles/FullStack/expensioApp/frontend/ios/Pods/Headers/Public/React-microtasksnativemodule\"\ \"/Users/sparkles/Documents/CodingFiles/FullStack/expensioApp/frontend/ios/Pods/Headers/Public/React-mutationobservernativemodule\"\ \"/Users/sparkles/Documents/CodingFiles/FullStack/expensioApp/frontend/ios/Pods/Headers/Public/React-networking\"\ \"/Users/sparkles/Documents/CodingFiles/FullStack/expensioApp/frontend/ios/Pods/Headers/Public/React-oscompat\"\ \"/Users/sparkles/Documents/CodingFiles/FullStack/expensioApp/frontend/ios/Pods/Headers/Public/React-perflogger\"\ \"/Users/sparkles/Documents/CodingFiles/FullStack/expensioApp/frontend/ios/Pods/Headers/Public/React-performancecdpmetrics\"\ \"/Users/sparkles/Documents/CodingFiles/FullStack/expensioApp/frontend/ios/Pods/Headers/Public/React-performancetimeline\"\ \"/Users/sparkles/Documents/CodingFiles/FullStack/expensioApp/frontend/ios/Pods/Headers/Public/React-rendererconsistency\"\ \"/Users/sparkles/Documents/CodingFiles/FullStack/expensioApp/frontend/ios/Pods/Headers/Public/React-renderercss\"\ \"/Users/sparkles/Documents/CodingFiles/FullStack/expensioApp/frontend/ios/Pods/Headers/Public/React-rendererdebug\"\ \"/Users/sparkles/Documents/CodingFiles/FullStack/expensioApp/frontend/ios/Pods/Headers/Public/React-runtimeexecutor\"\ \"/Users/sparkles/Documents/CodingFiles/FullStack/expensioApp/frontend/ios/Pods/Headers/Public/React-runtimescheduler\"\ \"/Users/sparkles/Documents/CodingFiles/FullStack/expensioApp/frontend/ios/Pods/Headers/Public/React-timing\"\ \"/Users/sparkles/Documents/CodingFiles/FullStack/expensioApp/frontend/ios/Pods/Headers/Public/React-utils\"\ \"/Users/sparkles/Documents/CodingFiles/FullStack/expensioApp/frontend/ios/Pods/Headers/Public/React-viewtransitionnativemodule\"\ \"/Users/sparkles/Documents/CodingFiles/FullStack/expensioApp/frontend/ios/Pods/Headers/Public/React-webperformancenativemodule\"\ \"/Users/sparkles/Documents/CodingFiles/FullStack/expensioApp/frontend/ios/Pods/Headers/Public/ReactCodegen\"\ \"/Users/sparkles/Documents/CodingFiles/FullStack/expensioApp/frontend/ios/Pods/Headers/Public/ReactCommon\"\ \"/Users/sparkles/Documents/CodingFiles/FullStack/expensioApp/frontend/ios/Pods/Headers/Public/ReactNativeDependencies\"\ \"/Users/sparkles/Documents/CodingFiles/FullStack/expensioApp/frontend/ios/Pods/Headers/Public/Yoga\"\ \"/Users/sparkles/Documents/CodingFiles/FullStack/expensioApp/frontend/ios/Pods/Headers/Public/hermes-engine\"\ \"/Users/sparkles/Documents/CodingFiles/FullStack/expensioApp/frontend/ios/Pods/React-jsinspector\"\ \"/Users/sparkles/Documents/CodingFiles/FullStack/expensioApp/frontend/ios/Pods/Headers/Private/Yoga\"\ \"/Users/sparkles/Documents/CodingFiles/FullStack/expensioApp/frontend/ios/Pods/ExpoModulesCore/ExpoModulesCore.xcframework/ios-arm64_x86_64-simulator/ExpoModulesCore.framework/Headers\"\ \"/Users/sparkles/Documents/CodingFiles/FullStack/expensioApp/frontend/ios/Pods/ExpoModulesCore/ExpoModulesCore.xcframework/ios-arm64/ExpoModulesCore.framework/Headers\"\ \"/Users/sparkles/Documents/CodingFiles/FullStack/expensioApp/frontend/ios/Pods/ExpoModulesCore/ExpoModulesCore.xcframework/ios-arm64_x86_64-simulator/ExpoModulesCore.framework/Headers\"\ \"/Users/sparkles/Documents/CodingFiles/FullStack/expensioApp/frontend/ios/Pods/ExpoModulesCore/ExpoModulesCore.xcframework/ios-arm64/ExpoModulesCore.framework/Headers\"
    export HOME\=/Users/sparkles
    export HOST_ARCH\=arm64
    export HOST_PLATFORM\=macosx
    export ICONV\=/usr/bin/iconv
    export IMPLICIT_DEPENDENCY_DOMAIN\=default
    export INDEX_ENABLE_OPTIMIZATION_LEVEL_OVERRIDE\=YES
    export INDEX_STORE_COMPRESS\=NO
    export INDEX_STORE_ONLY_PROJECT_FILES\=NO
    export INFOPLIST_ENABLE_CFBUNDLEICONS_MERGE\=YES
    export INFOPLIST_EXPAND_BUILD_SETTINGS\=YES
    export INFOPLIST_OUTPUT_FORMAT\=binary
    export INFOPLIST_PREPROCESS\=NO
    export INLINE_PRIVATE_FRAMEWORKS\=NO
    export INSTALLAPI_IGNORE_SKIP_INSTALL\=YES
    export INSTALLHDRS_COPY_PHASE\=NO
    export INSTALLHDRS_SCRIPT_PHASE\=NO
    export INSTALL_DIR\=/tmp/Pods.dst
    export INSTALL_GROUP\=staff
    export INSTALL_MODE_FLAG\=u+w,go-w,a+rX
    export INSTALL_OWNER\=sparkles
    export INSTALL_ROOT\=/tmp/Pods.dst
    export IPHONEOS_DEPLOYMENT_TARGET\=17.0
    export IS_UNOPTIMIZED_BUILD\=YES
    export JAVAC_DEFAULT_FLAGS\=-J-Xms64m\ -J-XX:NewSize\=4M\ -J-Dfile.encoding\=UTF8
    export JAVA_APP_STUB\=/System/Library/Frameworks/JavaVM.framework/Resources/MacOS/JavaApplicationStub
    export JAVA_ARCHIVE_CLASSES\=YES
    export JAVA_ARCHIVE_TYPE\=JAR
    export JAVA_COMPILER\=/usr/bin/javac
    export JAVA_FRAMEWORK_RESOURCES_DIRS\=Resources
    export JAVA_JAR_FLAGS\=cv
    export JAVA_SOURCE_SUBDIR\=.
    export JAVA_USE_DEPENDENCIES\=YES
    export JAVA_ZIP_FLAGS\=-urg
    export JIKES_DEFAULT_FLAGS\=+E\ +OLDCSO
    export KEEP_PRIVATE_EXTERNS\=NO
    export LD_DEPENDENCY_INFO_FILE\=/Users/sparkles/Library/Developer/Xcode/DerivedData/Expensio-futtgngxcysvvhcljmosbeftqmyc/Build/Intermediates.noindex/Pods.build/Debug-iphonesimulator/ExpoModulesCore.build/Objects-normal/undefined_arch/ExpoModulesCore_dependency_info.dat
    export LD_EXPORT_GLOBAL_SYMBOLS\=YES
    export LD_EXPORT_SYMBOLS\=YES
    export LD_GENERATE_MAP_FILE\=NO
    export LD_MAP_FILE_PATH\=/Users/sparkles/Library/Developer/Xcode/DerivedData/Expensio-futtgngxcysvvhcljmosbeftqmyc/Build/Intermediates.noindex/Pods.build/Debug-iphonesimulator/ExpoModulesCore.build/ExpoModulesCore-LinkMap-normal-undefined_arch.txt
    export LD_NO_PIE\=NO
    export LD_QUOTE_LINKER_ARGUMENTS_FOR_COMPILER_DRIVER\=YES
    export LD_RUNPATH_SEARCH_PATHS\=\ @executable_path/Frameworks
    export LD_SHARED_CACHE_ELIGIBLE\=Automatic
    export LD_WARN_DUPLICATE_LIBRARIES\=NO
    export LD_WARN_UNUSED_DYLIBS\=NO
    export LEGACY_DEVELOPER_DIR\=/Applications/Xcode.app/Contents/PlugIns/Xcode3Core.ideplugin/Contents/SharedSupport/Developer
    export LEX\=lex
    export LIBRARY_DEXT_INSTALL_PATH\=/Library/DriverExtensions
    export LIBRARY_FLAG_NOSPACE\=YES
    export LIBRARY_KEXT_INSTALL_PATH\=/Library/Extensions
    export LINKER_DISPLAYS_MANGLED_NAMES\=NO
    export LINK_FILE_LIST_normal_arm64\=/Users/sparkles/Library/Developer/Xcode/DerivedData/Expensio-futtgngxcysvvhcljmosbeftqmyc/Build/Intermediates.noindex/Pods.build/Debug-iphonesimulator/ExpoModulesCore.build/Objects-normal/arm64/ExpoModulesCore.LinkFileList
    export LINK_FILE_LIST_normal_x86_64\=/Users/sparkles/Library/Developer/Xcode/DerivedData/Expensio-futtgngxcysvvhcljmosbeftqmyc/Build/Intermediates.noindex/Pods.build/Debug-iphonesimulator/ExpoModulesCore.build/Objects-normal/x86_64/ExpoModulesCore.LinkFileList
    export LINK_OBJC_RUNTIME\=YES
    export LINK_WITH_STANDARD_LIBRARIES\=YES
    export LLVM_TARGET_TRIPLE_OS_VERSION\=ios17.0
    export LLVM_TARGET_TRIPLE_SUFFIX\=-simulator
    export LLVM_TARGET_TRIPLE_VENDOR\=apple
    export LM_AUX_CONST_METADATA_LIST_PATH_normal_arm64\=/Users/sparkles/Library/Developer/Xcode/DerivedData/Expensio-futtgngxcysvvhcljmosbeftqmyc/Build/Intermediates.noindex/Pods.build/Debug-iphonesimulator/ExpoModulesCore.build/Objects-normal/arm64/ExpoModulesCore.SwiftConstValuesFileList
    export LM_AUX_CONST_METADATA_LIST_PATH_normal_x86_64\=/Users/sparkles/Library/Developer/Xcode/DerivedData/Expensio-futtgngxcysvvhcljmosbeftqmyc/Build/Intermediates.noindex/Pods.build/Debug-iphonesimulator/ExpoModulesCore.build/Objects-normal/x86_64/ExpoModulesCore.SwiftConstValuesFileList
    export LOCALIZATION_EXPORT_SUPPORTED\=YES
    export LOCALIZATION_PREFERS_STRING_CATALOGS\=NO
    export LOCALIZED_STRING_CODE_COMMENTS\=NO
    export LOCALIZED_STRING_MACRO_NAMES\=NSLocalizedString\ CFCopyLocalizedString
    export LOCALIZED_STRING_SWIFTUI_SUPPORT\=YES
    export LOCAL_ADMIN_APPS_DIR\=/Applications/Utilities
    export LOCAL_APPS_DIR\=/Applications
    export LOCAL_DEVELOPER_DIR\=/Library/Developer
    export LOCAL_LIBRARY_DIR\=/Library
    export LOCROOT\=/Users/sparkles/Documents/CodingFiles/FullStack/expensioApp/frontend/ios/Pods
    export LOCSYMROOT\=/Users/sparkles/Documents/CodingFiles/FullStack/expensioApp/frontend/ios/Pods
    export MAC_OS_X_PRODUCT_BUILD_VERSION\=26A428
    export MAC_OS_X_VERSION_ACTUAL\=270000
    export MAC_OS_X_VERSION_MAJOR\=270000
    export MAC_OS_X_VERSION_MINOR\=270000
    export MAKE_MERGEABLE\=NO
    export MERGEABLE_LIBRARY\=NO
    export MERGED_BINARY_TYPE\=none
    export MERGE_LINKED_LIBRARIES\=NO
    export METAL_LIBRARY_FILE_BASE\=default
    export METAL_LIBRARY_OUTPUT_DIR\=/Users/sparkles/Library/Developer/Xcode/DerivedData/Expensio-futtgngxcysvvhcljmosbeftqmyc/Build/Products/Debug-iphonesimulator/ExpoModulesCore/
    export MODULE_CACHE_DIR\=/Users/sparkles/Library/Developer/Xcode/DerivedData/ModuleCache.noindex
    export MODULE_VERIFIER_SUPPORTED_LANGUAGE_STANDARDS\=gnu11\ c++20
    export MTL_ENABLE_DEBUG_INFO\=INCLUDE_SOURCE
    export MTL_FAST_MATH\=YES
    export NATIVE_ARCH\=arm64
    export NATIVE_ARCH_32_BIT\=arm
    export NATIVE_ARCH_64_BIT\=arm64
    export NATIVE_ARCH_ACTUAL\=arm64
    export NO_COMMON\=YES
    export OBJC_ABI_VERSION\=2
    export OBJECT_FILE_DIR\=/Users/sparkles/Library/Developer/Xcode/DerivedData/Expensio-futtgngxcysvvhcljmosbeftqmyc/Build/Intermediates.noindex/Pods.build/Debug-iphonesimulator/ExpoModulesCore.build/Objects
    export OBJECT_FILE_DIR_normal\=/Users/sparkles/Library/Developer/Xcode/DerivedData/Expensio-futtgngxcysvvhcljmosbeftqmyc/Build/Intermediates.noindex/Pods.build/Debug-iphonesimulator/ExpoModulesCore.build/Objects-normal
    export OBJROOT\=/Users/sparkles/Library/Developer/Xcode/DerivedData/Expensio-futtgngxcysvvhcljmosbeftqmyc/Build/Intermediates.noindex
    export ONLY_ACTIVE_ARCH\=NO
    export ONLY_ARCH\=multiple_archs
    export OS\=MACOS
    export OSAC\=/usr/bin/osacompile
    export OTHER_CFLAGS\=\ -DRCT_REMOVE_LEGACY_ARCH\=1\ -fmodule-map-file\=\"/Users/sparkles/Documents/CodingFiles/FullStack/expensioApp/frontend/ios/Pods/Headers/Public/ReactCodegen/ReactCodegen.modulemap\"\ \ -DRCT_REMOVE_LEGACY_ARCH\=1\ -ivfsoverlay\ /Users/sparkles/Documents/CodingFiles/FullStack/expensioApp/frontend/ios/Pods/React-Core-prebuilt/React-VFS.yaml
    export OTHER_CPLUSPLUSFLAGS\=\ -DRCT_REMOVE_LEGACY_ARCH\=1\ -fmodule-map-file\=\"/Users/sparkles/Documents/CodingFiles/FullStack/expensioApp/frontend/ios/Pods/Headers/Public/ReactCodegen/ReactCodegen.modulemap\"\ \ -DRCT_REMOVE_LEGACY_ARCH\=1\ -ivfsoverlay\ /Users/sparkles/Documents/CodingFiles/FullStack/expensioApp/frontend/ios/Pods/React-Core-prebuilt/React-VFS.yaml\ -DRCT_REMOVE_LEGACY_ARCH\=1\ -DRCT_NEW_ARCH_ENABLED\=1\ \ -ivfsoverlay\ /Users/sparkles/Documents/CodingFiles/FullStack/expensioApp/frontend/ios/Pods/React-Core-prebuilt/React-VFS.yaml
    export OTHER_SWIFT_FLAGS\=\ -D\ COCOAPODS\ -Xcc\ -fmodule-map-file\=\"/Users/sparkles/Documents/CodingFiles/FullStack/expensioApp/frontend/ios/Pods/Headers/Public/ReactCodegen/ReactCodegen.modulemap\"\ -import-underlying-module\ -Xcc\ -fmodule-map-file\=\"/Users/sparkles/Documents/CodingFiles/FullStack/expensioApp/frontend/ios/Pods/\"\ \ -DRCT_NEW_ARCH_ENABLED\ -Xcc\ -ivfsoverlay\ -Xcc\ /Users/sparkles/Documents/CodingFiles/FullStack/expensioApp/frontend/ios/Pods/React-Core-prebuilt/React-VFS.yaml\ -Xfrontend\ -load-plugin-executable\ -Xfrontend\ \"/Users/sparkles/Documents/CodingFiles/FullStack/expensioApp/frontend/node_modules/@expo/expo-modules-macros-plugin/apple/ExpoModulesMacros-tool\#ExpoModulesMacros\"
    export PASCAL_STRINGS\=YES
    export PATH\=/Applications/Xcode.app/Contents/SharedFrameworks/SwiftBuild.framework/Versions/A/PlugIns/SWBBuildService.bundle/Contents/PlugIns/SWBUniversalPlatformPlugin.bundle/Contents/Frameworks/SWBUniversalPlatform.framework/Resources:/Applications/Xcode.app/Contents/Developer/Toolchains/XcodeDefault.xctoolchain/usr/bin:/Applications/Xcode.app/Contents/Developer/Toolchains/XcodeDefault.xctoolchain/usr/local/bin:/Applications/Xcode.app/Contents/Developer/Toolchains/XcodeDefault.xctoolchain/usr/libexec:/Applications/Xcode.app/Contents/Developer/Platforms/iPhoneSimulator.platform/usr/bin:/Applications/Xcode.app/Contents/Developer/Platforms/iPhoneSimulator.platform/usr/local/bin:/Applications/Xcode.app/Contents/Developer/Platforms/iPhoneSimulator.platform/Developer/usr/bin:/Applications/Xcode.app/Contents/Developer/Platforms/iPhoneSimulator.platform/Developer/usr/local/bin:/Applications/Xcode.app/Contents/Developer/usr/bin:/Applications/Xcode.app/Contents/Developer/usr/local/bin:/Users/sparkles/.gemini/antigravity-ide/bin:/Users/sparkles/.antigravity-ide/antigravity-ide/bin:/opt/homebrew/bin:/opt/homebrew/sbin:/usr/local/bin:/System/Cryptexes/App/usr/bin:/usr/bin:/bin:/usr/sbin:/sbin:/var/run/com.apple.security.cryptexd/codex.system/bootstrap/usr/local/bin:/var/run/com.apple.security.cryptexd/codex.system/bootstrap/usr/bin:/var/run/com.apple.security.cryptexd/codex.system/bootstrap/usr/appleinternal/bin:/pkg/env/global/bin
    export PATH_PREFIXES_EXCLUDED_FROM_HEADER_DEPENDENCIES\=/usr/include\ /usr/local/include\ /System/Library/Frameworks\ /System/Library/PrivateFrameworks\ /Applications/Xcode.app/Contents/Developer/Headers\ /Applications/Xcode.app/Contents/Developer/SDKs\ /Applications/Xcode.app/Contents/Developer/Platforms
    export PER_ARCH_MODULE_FILE_DIR\=/Users/sparkles/Library/Developer/Xcode/DerivedData/Expensio-futtgngxcysvvhcljmosbeftqmyc/Build/Intermediates.noindex/Pods.build/Debug-iphonesimulator/ExpoModulesCore.build/Objects-normal/undefined_arch
    export PER_ARCH_OBJECT_FILE_DIR\=/Users/sparkles/Library/Developer/Xcode/DerivedData/Expensio-futtgngxcysvvhcljmosbeftqmyc/Build/Intermediates.noindex/Pods.build/Debug-iphonesimulator/ExpoModulesCore.build/Objects-normal/undefined_arch
    export PER_VARIANT_OBJECT_FILE_DIR\=/Users/sparkles/Library/Developer/Xcode/DerivedData/Expensio-futtgngxcysvvhcljmosbeftqmyc/Build/Intermediates.noindex/Pods.build/Debug-iphonesimulator/ExpoModulesCore.build/Objects-normal
    export PKGINFO_FILE_PATH\=/Users/sparkles/Library/Developer/Xcode/DerivedData/Expensio-futtgngxcysvvhcljmosbeftqmyc/Build/Intermediates.noindex/Pods.build/Debug-iphonesimulator/ExpoModulesCore.build/PkgInfo
    export PLATFORM_DEVELOPER_APPLICATIONS_DIR\=/Applications/Xcode.app/Contents/Developer/Platforms/iPhoneSimulator.platform/Developer/Applications
    export PLATFORM_DEVELOPER_BIN_DIR\=/Applications/Xcode.app/Contents/Developer/Platforms/iPhoneSimulator.platform/Developer/usr/bin
    export PLATFORM_DEVELOPER_LIBRARY_DIR\=/Applications/Xcode.app/Contents/Developer/Platforms/iPhoneSimulator.platform/Developer/Library
    export PLATFORM_DEVELOPER_SDK_DIR\=/Applications/Xcode.app/Contents/Developer/Platforms/iPhoneSimulator.platform/Developer/SDKs
    export PLATFORM_DEVELOPER_TOOLS_DIR\=/Applications/Xcode.app/Contents/Developer/Platforms/iPhoneSimulator.platform/Developer/Tools
    export PLATFORM_DEVELOPER_USR_DIR\=/Applications/Xcode.app/Contents/Developer/Platforms/iPhoneSimulator.platform/Developer/usr
    export PLATFORM_DIR\=/Applications/Xcode.app/Contents/Developer/Platforms/iPhoneSimulator.platform
    export PLATFORM_DISPLAY_NAME\=iOS\ Simulator
    export PLATFORM_FAMILY_NAME\=iOS
    export PLATFORM_NAME\=iphonesimulator
    export PLATFORM_PREFERRED_ARCH\=x86_64
    export PLATFORM_PRODUCT_BUILD_VERSION\=24A430
    export PLATFORM_REQUIRES_SWIFT_AUTOLINK_EXTRACT\=NO
    export PLATFORM_REQUIRES_SWIFT_MODULEWRAP\=NO
    export PLATFORM_USES_DSYMS\=YES
    export PLIST_FILE_OUTPUT_FORMAT\=binary
    export PODFILE_DIR\=/Users/sparkles/Documents/CodingFiles/FullStack/expensioApp/frontend/ios/Pods/..
    export PODS_BUILD_DIR\=/Users/sparkles/Library/Developer/Xcode/DerivedData/Expensio-futtgngxcysvvhcljmosbeftqmyc/Build/Products
    export PODS_CONFIGURATION_BUILD_DIR\=/Users/sparkles/Library/Developer/Xcode/DerivedData/Expensio-futtgngxcysvvhcljmosbeftqmyc/Build/Products/Debug-iphonesimulator
    export PODS_DEVELOPMENT_LANGUAGE\=en
    export PODS_ROOT\=/Users/sparkles/Documents/CodingFiles/FullStack/expensioApp/frontend/ios/Pods
    export PODS_TARGET_SRCROOT\=/Users/sparkles/Documents/CodingFiles/FullStack/expensioApp/frontend/ios/Pods/ExpoModulesCore
    export PODS_XCFRAMEWORKS_BUILD_DIR\=/Users/sparkles/Library/Developer/Xcode/DerivedData/Expensio-futtgngxcysvvhcljmosbeftqmyc/Build/Products/Debug-iphonesimulator/XCFrameworkIntermediates
    export PRECOMPS_INCLUDE_HEADERS_FROM_BUILT_PRODUCTS_DIR\=YES
    export PRECOMP_DESTINATION_DIR\=/Users/sparkles/Library/Developer/Xcode/DerivedData/Expensio-futtgngxcysvvhcljmosbeftqmyc/Build/Intermediates.noindex/Pods.build/Debug-iphonesimulator/ExpoModulesCore.build/PrefixHeaders
    export PRELINK_DEPENDENCY_INFO_FILE\=/Users/sparkles/Library/Developer/Xcode/DerivedData/Expensio-futtgngxcysvvhcljmosbeftqmyc/Build/Intermediates.noindex/Pods.build/Debug-iphonesimulator/ExpoModulesCore.build/Objects-normal/undefined_arch/ExpoModulesCore_prelink_dependency_info.dat
    export PROCESSED_INFOPLIST_PATH\=/Users/sparkles/Library/Developer/Xcode/DerivedData/Expensio-futtgngxcysvvhcljmosbeftqmyc/Build/Intermediates.noindex/Pods.build/Debug-iphonesimulator/ExpoModulesCore.build/Objects-normal/undefined_arch/Processed-Info.plist
    export PRODUCT_BUNDLE_IDENTIFIER\=org.cocoapods.ExpoModulesCore
    export PRODUCT_MODULE_NAME\=ExpoModulesCore
    export PRODUCT_NAME\=ExpoModulesCore
    export PRODUCT_SETTINGS_PATH\=
    export PROFILING_CODE\=NO
    export PROJECT\=Pods
    export PROJECT_DERIVED_FILE_DIR\=/Users/sparkles/Library/Developer/Xcode/DerivedData/Expensio-futtgngxcysvvhcljmosbeftqmyc/Build/Intermediates.noindex/Pods.build/DerivedSources
    export PROJECT_DIR\=/Users/sparkles/Documents/CodingFiles/FullStack/expensioApp/frontend/ios/Pods
    export PROJECT_FILE_PATH\=/Users/sparkles/Documents/CodingFiles/FullStack/expensioApp/frontend/ios/Pods/Pods.xcodeproj
    export PROJECT_GUID\=8699adb1dd336b26511df848a716bd42
    export PROJECT_NAME\=Pods
    export PROJECT_TEMP_DIR\=/Users/sparkles/Library/Developer/Xcode/DerivedData/Expensio-futtgngxcysvvhcljmosbeftqmyc/Build/Intermediates.noindex/Pods.build
    export PROJECT_TEMP_ROOT\=/Users/sparkles/Library/Developer/Xcode/DerivedData/Expensio-futtgngxcysvvhcljmosbeftqmyc/Build/Intermediates.noindex
    export REACT_NATIVE_PATH\=/Users/sparkles/Documents/CodingFiles/FullStack/expensioApp/frontend/ios/Pods/../../node_modules/react-native
    export RECOMMENDED_IPHONEOS_DEPLOYMENT_TARGET\=17.0
    export RECURSIVE_SEARCH_PATHS_FOLLOW_SYMLINKS\=YES
    export REMOVE_CVS_FROM_RESOURCES\=YES
    export REMOVE_GIT_FROM_RESOURCES\=YES
    export REMOVE_HEADERS_FROM_EMBEDDED_BUNDLES\=YES
    export REMOVE_HG_FROM_RESOURCES\=YES
    export REMOVE_STATIC_EXECUTABLES_FROM_EMBEDDED_BUNDLES\=YES
    export REMOVE_SVN_FROM_RESOURCES\=YES
    export RESCHEDULE_INDEPENDENT_HEADERS_PHASES\=YES
    export REZ_COLLECTOR_DIR\=/Users/sparkles/Library/Developer/Xcode/DerivedData/Expensio-futtgngxcysvvhcljmosbeftqmyc/Build/Intermediates.noindex/Pods.build/Debug-iphonesimulator/ExpoModulesCore.build/ResourceManagerResources
    export REZ_OBJECTS_DIR\=/Users/sparkles/Library/Developer/Xcode/DerivedData/Expensio-futtgngxcysvvhcljmosbeftqmyc/Build/Intermediates.noindex/Pods.build/Debug-iphonesimulator/ExpoModulesCore.build/ResourceManagerResources/Objects
    export RPATH_ORIGIN\=@loader_path
    export RUNTIME_EXCEPTION_ALLOW_DYLD_ENVIRONMENT_VARIABLES\=NO
    export RUNTIME_EXCEPTION_ALLOW_JIT\=NO
    export RUNTIME_EXCEPTION_ALLOW_UNSIGNED_EXECUTABLE_MEMORY\=NO
    export RUNTIME_EXCEPTION_DEBUGGING_TOOL\=NO
    export RUNTIME_EXCEPTION_DISABLE_EXECUTABLE_PAGE_PROTECTION\=NO
    export RUNTIME_EXCEPTION_DISABLE_LIBRARY_VALIDATION\=NO
    export SCANNING_PCM_KEEP_CACHE_DIRECTORY\=YES
    export SCAN_ALL_SOURCE_FILES_FOR_INCLUDES\=NO
    export SCRIPT_INPUT_FILE_0\=/Users/sparkles/Documents/CodingFiles/FullStack/expensioApp/frontend/node_modules/expo-modules-autolinking/scripts/ios/replace-xcframework.js
    export SCRIPT_INPUT_FILE_COUNT\=1
    export SCRIPT_INPUT_FILE_LIST_COUNT\=0
    export SCRIPT_OUTPUT_FILE_COUNT\=0
    export SCRIPT_OUTPUT_FILE_LIST_COUNT\=0
    export SDKROOT\=/Applications/Xcode.app/Contents/Developer/Platforms/iPhoneSimulator.platform/Developer/SDKs/iPhoneSimulator27.0.sdk
    export SDK_DIR\=/Applications/Xcode.app/Contents/Developer/Platforms/iPhoneSimulator.platform/Developer/SDKs/iPhoneSimulator27.0.sdk
    export SDK_DIR_iphonesimulator\=/Applications/Xcode.app/Contents/Developer/Platforms/iPhoneSimulator.platform/Developer/SDKs/iPhoneSimulator27.0.sdk
    export SDK_DIR_iphonesimulator27_0\=/Applications/Xcode.app/Contents/Developer/Platforms/iPhoneSimulator.platform/Developer/SDKs/iPhoneSimulator27.0.sdk
    export SDK_NAME\=iphonesimulator27.0
    export SDK_NAMES\=iphonesimulator27.0
    export SDK_PRODUCT_BUILD_VERSION\=24A430
    export SDK_STAT_CACHE_DIR\=/Users/sparkles/Library/Developer/Xcode/DerivedData
    export SDK_STAT_CACHE_ENABLE\=YES
    export SDK_STAT_CACHE_PATH\=/Users/sparkles/Library/Developer/Xcode/DerivedData/SDKStatCaches.noindex/iphonesimulator27.0-24A430-8dc58220667be655e1bcc261a7455254.sdkstatcache
    export SDK_VERSION\=27.0
    export SDK_VERSION_ACTUAL\=270000
    export SDK_VERSION_MAJOR\=270000
    export SDK_VERSION_MINOR\=270000
    export SED\=/usr/bin/sed
    export SEPARATE_STRIP\=NO
    export SEPARATE_SYMBOL_EDIT\=NO
    export SET_DIR_MODE_OWNER_GROUP\=YES
    export SET_FILE_MODE_OWNER_GROUP\=NO
    export SHALLOW_BUNDLE\=NO
    export SHARED_DERIVED_FILE_DIR\=/Users/sparkles/Library/Developer/Xcode/DerivedData/Expensio-futtgngxcysvvhcljmosbeftqmyc/Build/Products/Debug-iphonesimulator/ExpoModulesCore/DerivedSources
    export SHARED_PRECOMPS_DIR\=/Users/sparkles/Library/Developer/Xcode/DerivedData/Expensio-futtgngxcysvvhcljmosbeftqmyc/Build/Intermediates.noindex/PrecompiledHeaders
    export SKIP_COPYING_TEST_FRAMEWORKS\=YES
    export SKIP_INSTALL\=YES
    export SKIP_MERGEABLE_LIBRARY_BUNDLE_HOOK\=NO
    export SOURCE_ROOT\=/Users/sparkles/Documents/CodingFiles/FullStack/expensioApp/frontend/ios/Pods
    export SRCROOT\=/Users/sparkles/Documents/CodingFiles/FullStack/expensioApp/frontend/ios/Pods
    export STRINGSDATA_DIR\=/Users/sparkles/Library/Developer/Xcode/DerivedData/Expensio-futtgngxcysvvhcljmosbeftqmyc/Build/Intermediates.noindex/Pods.build/Debug-iphonesimulator/ExpoModulesCore.build/Objects-normal/undefined_arch
    export STRINGSDATA_ROOT\=/Users/sparkles/Library/Developer/Xcode/DerivedData/Expensio-futtgngxcysvvhcljmosbeftqmyc/Build/Intermediates.noindex/Pods.build/Debug-iphonesimulator/ExpoModulesCore.build
    export STRINGS_FILE_INFOPLIST_RENAME\=YES
    export STRINGS_FILE_OUTPUT_ENCODING\=binary
    export STRING_CATALOG_GENERATE_SYMBOLS\=YES
    export STRIP_BITCODE_FROM_COPIED_FILES\=NO
    export STRIP_INSTALLED_PRODUCT\=NO
    export STRIP_STYLE\=all
    export STRIP_SWIFT_SYMBOLS\=YES
    export SUPPORTED_DEVICE_FAMILIES\=1,2
    export SUPPORTED_PLATFORMS\=iphoneos\ iphonesimulator
    export SUPPORTS_TEXT_BASED_API\=NO
    export SUPPRESS_WARNINGS\=NO
    export SWIFTC_PASS_SDKROOT\=YES
    export SWIFTC_PASS_SYSROOT\=NO
    export SWIFT_ACTIVE_COMPILATION_CONDITIONS\=\ DEBUG
    export SWIFT_COLOR_DIAGNOSTICS\=NO
    export SWIFT_COMPILATION_MODE\=wholemodule
    export SWIFT_EMIT_CONST_VALUE_PROTOCOLS\=AnyResolverProviding\ AppEntity\ AppEnum\ AppExtension\ AppIntent\ AppIntentsPackage\ AppShortcutProviding\ AppShortcutsProvider\ AppUnionValue\ AppUnionValueCasesProviding\ DynamicOptionsProvider\ EntityQuery\ ExtensionPointDefining\ IntentValueQuery\ Resolver\ TransientEntity\ _AssistantIntentsProvider\ _GenerativeFunctionExtractable\ _IntentValueRepresentable
    export SWIFT_EMIT_LOC_STRINGS\=NO
    export SWIFT_EMIT_MODULE_INTERFACE\=NO
    export SWIFT_ENABLE_EXPLICIT_MODULES\=NO
    export SWIFT_ENABLE_TESTABILITY\=YES
    export SWIFT_INCLUDE_PATHS\=\ \"/Users/sparkles/Library/Developer/Xcode/DerivedData/Expensio-futtgngxcysvvhcljmosbeftqmyc/Build/Products/Debug-iphonesimulator/ExpoModulesJSI\"
    export SWIFT_OPTIMIZATION_LEVEL\=-Onone
    export SWIFT_PLATFORM_TARGET_PREFIX\=ios
    export SWIFT_RESPONSE_FILE_PATH_normal_arm64\=/Users/sparkles/Library/Developer/Xcode/DerivedData/Expensio-futtgngxcysvvhcljmosbeftqmyc/Build/Intermediates.noindex/Pods.build/Debug-iphonesimulator/ExpoModulesCore.build/Objects-normal/arm64/ExpoModulesCore.SwiftFileList
    export SWIFT_RESPONSE_FILE_PATH_normal_x86_64\=/Users/sparkles/Library/Developer/Xcode/DerivedData/Expensio-futtgngxcysvvhcljmosbeftqmyc/Build/Intermediates.noindex/Pods.build/Debug-iphonesimulator/ExpoModulesCore.build/Objects-normal/x86_64/ExpoModulesCore.SwiftFileList
    export SWIFT_VERSION\=5.0
    export SYMROOT\=/Users/sparkles/Library/Developer/Xcode/DerivedData/Expensio-futtgngxcysvvhcljmosbeftqmyc/Build/Products
    export SYSROOT\=/Applications/Xcode.app/Contents/Developer/Platforms/iPhoneSimulator.platform/Developer/SDKs/iPhoneSimulator27.0.sdk
    export SYSTEM_ADMIN_APPS_DIR\=/Applications/Utilities
    export SYSTEM_APPS_DIR\=/Applications
    export SYSTEM_CORE_SERVICES_DIR\=/System/Library/CoreServices
    export SYSTEM_DEMOS_DIR\=/Applications/Extras
    export SYSTEM_DEVELOPER_APPS_DIR\=/Applications/Xcode.app/Contents/Developer/Applications
    export SYSTEM_DEVELOPER_BIN_DIR\=/Applications/Xcode.app/Contents/Developer/usr/bin
    export SYSTEM_DEVELOPER_DEMOS_DIR\=/Applications/Xcode.app/Contents/Developer/Applications/Utilities/Built\ Examples
    export SYSTEM_DEVELOPER_DIR\=/Applications/Xcode.app/Contents/Developer
    export SYSTEM_DEVELOPER_DOC_DIR\=/Applications/Xcode.app/Contents/Developer/ADC\ Reference\ Library
    export SYSTEM_DEVELOPER_GRAPHICS_TOOLS_DIR\=/Applications/Xcode.app/Contents/Developer/Applications/Graphics\ Tools
    export SYSTEM_DEVELOPER_JAVA_TOOLS_DIR\=/Applications/Xcode.app/Contents/Developer/Applications/Java\ Tools
    export SYSTEM_DEVELOPER_PERFORMANCE_TOOLS_DIR\=/Applications/Xcode.app/Contents/Developer/Applications/Performance\ Tools
    export SYSTEM_DEVELOPER_RELEASENOTES_DIR\=/Applications/Xcode.app/Contents/Developer/ADC\ Reference\ Library/releasenotes
    export SYSTEM_DEVELOPER_TOOLS\=/Applications/Xcode.app/Contents/Developer/Tools
    export SYSTEM_DEVELOPER_TOOLS_DOC_DIR\=/Applications/Xcode.app/Contents/Developer/ADC\ Reference\ Library/documentation/DeveloperTools
    export SYSTEM_DEVELOPER_TOOLS_RELEASENOTES_DIR\=/Applications/Xcode.app/Contents/Developer/ADC\ Reference\ Library/releasenotes/DeveloperTools
    export SYSTEM_DEVELOPER_USR_DIR\=/Applications/Xcode.app/Contents/Developer/usr
    export SYSTEM_DEVELOPER_UTILITIES_DIR\=/Applications/Xcode.app/Contents/Developer/Applications/Utilities
    export SYSTEM_DEXT_INSTALL_PATH\=/System/Library/DriverExtensions
    export SYSTEM_DOCUMENTATION_DIR\=/Library/Documentation
    export SYSTEM_KEXT_INSTALL_PATH\=/System/Library/Extensions
    export SYSTEM_LIBRARY_DIR\=/System/Library
    export TAPI_DEMANGLE\=YES
    export TAPI_ENABLE_PROJECT_HEADERS\=NO
    export TAPI_LANGUAGE\=objective-c
    export TAPI_LANGUAGE_STANDARD\=compiler-default
    export TAPI_USE_SRCROOT\=YES
    export TAPI_VERIFY_MODE\=Pedantic
    export TARGETED_DEVICE_FAMILY\=1,2
    export TARGETNAME\=ExpoModulesCore
    export TARGET_BUILD_DIR\=/Users/sparkles/Library/Developer/Xcode/DerivedData/Expensio-futtgngxcysvvhcljmosbeftqmyc/Build/Products/Debug-iphonesimulator/ExpoModulesCore
    export TARGET_NAME\=ExpoModulesCore
    export TARGET_TEMP_DIR\=/Users/sparkles/Library/Developer/Xcode/DerivedData/Expensio-futtgngxcysvvhcljmosbeftqmyc/Build/Intermediates.noindex/Pods.build/Debug-iphonesimulator/ExpoModulesCore.build
    export TEMP_DIR\=/Users/sparkles/Library/Developer/Xcode/DerivedData/Expensio-futtgngxcysvvhcljmosbeftqmyc/Build/Intermediates.noindex/Pods.build/Debug-iphonesimulator/ExpoModulesCore.build
    export TEMP_FILES_DIR\=/Users/sparkles/Library/Developer/Xcode/DerivedData/Expensio-futtgngxcysvvhcljmosbeftqmyc/Build/Intermediates.noindex/Pods.build/Debug-iphonesimulator/ExpoModulesCore.build
    export TEMP_FILE_DIR\=/Users/sparkles/Library/Developer/Xcode/DerivedData/Expensio-futtgngxcysvvhcljmosbeftqmyc/Build/Intermediates.noindex/Pods.build/Debug-iphonesimulator/ExpoModulesCore.build
    export TEMP_ROOT\=/Users/sparkles/Library/Developer/Xcode/DerivedData/Expensio-futtgngxcysvvhcljmosbeftqmyc/Build/Intermediates.noindex
    export TEMP_SANDBOX_DIR\=/Users/sparkles/Library/Developer/Xcode/DerivedData/Expensio-futtgngxcysvvhcljmosbeftqmyc/Build/Intermediates.noindex/TemporaryTaskSandboxes
    export TEST_FRAMEWORK_SEARCH_PATHS\=\ /Applications/Xcode.app/Contents/Developer/Platforms/iPhoneSimulator.platform/Developer/Library/Frameworks\ /Applications/Xcode.app/Contents/Developer/Platforms/iPhoneSimulator.platform/Developer/SDKs/iPhoneSimulator27.0.sdk/Developer/Library/Frameworks
    export TEST_LIBRARY_SEARCH_PATHS\=\ /Applications/Xcode.app/Contents/Developer/Platforms/iPhoneSimulator.platform/Developer/usr/lib
    export TOOLCHAINS\=com.apple.dt.toolchain.XcodeDefault
    export TOOLCHAIN_DIR\=/Applications/Xcode.app/Contents/Developer/Toolchains/XcodeDefault.xctoolchain
    export TREAT_MISSING_BASELINES_AS_TEST_FAILURES\=NO
    export TREAT_MISSING_SCRIPT_PHASE_OUTPUTS_AS_ERRORS\=NO
    export UID\=501
    export UNINSTALLED_PRODUCTS_DIR\=/Users/sparkles/Library/Developer/Xcode/DerivedData/Expensio-futtgngxcysvvhcljmosbeftqmyc/Build/Intermediates.noindex/UninstalledProducts
    export UNSTRIPPED_PRODUCT\=NO
    export USER\=sparkles
    export USER_APPS_DIR\=/Users/sparkles/Applications
    export USER_LIBRARY_DIR\=/Users/sparkles/Library
    export USE_DYNAMIC_NO_PIC\=YES
    export USE_HEADERMAP\=YES
    export USE_HEADER_SYMLINKS\=NO
    export USE_HERMES\=true
    export USE_RECURSIVE_SCRIPT_INPUTS_IN_SCRIPT_PHASES\=YES
    export VALIDATE_DEVELOPMENT_ASSET_PATHS\=YES_ERROR
    export VALIDATE_PRODUCT\=NO
    export VALID_ARCHS\=arm64\ x86_64
    export VERBOSE_PBXCP\=NO
    export VERSION_INFO_BUILDER\=sparkles
    export VERSION_INFO_FILE\=ExpoModulesCore_vers.c
    export VERSION_INFO_STRING\=\"@\(\#\)PROGRAM:ExpoModulesCore\ \ PROJECT:Pods-\"
    export WORKSPACE_DIR\=/Users/sparkles/Documents/CodingFiles/FullStack/expensioApp/frontend/ios
    export WRAP_ASSET_PACKS_IN_SEPARATE_DIRECTORIES\=NO
    export XCODE_APP_SUPPORT_DIR\=/Applications/Xcode.app/Contents/Developer/Library/Xcode
    export XCODE_PRODUCT_BUILD_VERSION\=27A266a
    export XCODE_VERSION_ACTUAL\=2700
    export XCODE_VERSION_MAJOR\=2700
    export XCODE_VERSION_MINOR\=2700
    export XPCSERVICES_FOLDER_PATH\=/XPCServices
    export YACC\=yacc
    export _DISCOVER_COMMAND_LINE_LINKER_INPUTS\=YES
    export _DISCOVER_COMMAND_LINE_LINKER_INPUTS_INCLUDE_WL\=YES
    export _LD_MULTIARCH\=YES
    export _SWIFT_EXPLICIT_MODULES_ALLOW_CXX_INTEROP\=NO
    export __ARCHS__\=arm64\ x86_64
    export __DIAGNOSE_DEPRECATED_ARCHS\=YES
    export __DIAGNOSE_INVALID_DEPLOYMENT_TARGET_AS_ERROR\=YES
    export __ORIGINAL_SDK_DEFINED_LLVM_TARGET_TRIPLE_SYS\=ios
    export arch\=undefined_arch
    export variant\=normal
    /bin/sh -c /Users/sparkles/Library/Developer/Xcode/DerivedData/Expensio-futtgngxcysvvhcljmosbeftqmyc/Build/Intermediates.noindex/Pods.build/Debug-iphonesimulator/ExpoModulesCore.build/Script-46EB2E0001AA20.sh

CompileC /Users/sparkles/Library/Developer/Xcode/DerivedData/Expensio-futtgngxcysvvhcljmosbeftqmyc/Build/Intermediates.noindex/Pods.build/Debug-iphonesimulator/RNSVG.build/Objects-normal/x86_64/RNSVGViewBox.o /Users/sparkles/Documents/CodingFiles/FullStack/expensioApp/frontend/node_modules/react-native-svg/apple/Utils/RNSVGViewBox.mm normal x86_64 objective-c++ com.apple.compilers.llvm.clang.1_0.compiler (in target 'RNSVG' from project 'Pods')
    cd /Users/sparkles/Documents/CodingFiles/FullStack/expensioApp/frontend/ios/Pods
    
    Using response file: /Users/sparkles/Library/Developer/Xcode/DerivedData/Expensio-futtgngxcysvvhcljmosbeftqmyc/Build/Intermediates.noindex/Pods.build/Debug-iphonesimulator/RNSVG.build/Objects-normal/x86_64/af3fcb34312c57c0f52879cdce924b91-common-args.resp
    
    /Applications/Xcode.app/Contents/Developer/Toolchains/XcodeDefault.xctoolchain/usr/bin/clang -x objective-c++ -ivfsstatcache /Users/sparkles/Library/Developer/Xcode/DerivedData/SDKStatCaches.noindex/iphonesimulator27.0-24A430-8dc58220667be655e1bcc261a7455254.sdkstatcache -target x86_64-apple-ios17.0-simulator -fmessage-length\=0 -fdiagnostics-show-note-include-stack -fmacro-backtrace-limit\=0 -fno-color-diagnostics -fmodules-prune-interval\=86400 -fmodules-prune-after\=345600 -fbuild-session-file\=/Users/sparkles/Library/Developer/Xcode/DerivedData/ModuleCache.noindex/Session.modulevalidation -fmodules-validate-once-per-build-session -Wnon-modular-include-in-framework-module -Werror\=non-modular-include-in-framework-module -Wno-trigraphs -Wno-missing-field-initializers -Wno-missing-prototypes -Werror\=return-type -Wdocumentation -Wunreachable-code -Wno-implicit-atomic-properties -Werror\=deprecated-objc-isa-usage -Wno-objc-interface-ivars -Werror\=objc-root-class -Wno-arc-repeated-use-of-weak -Wimplicit-retain-self -Wno-non-virtual-dtor -Wno-overloaded-virtual -Wno-exit-time-destructors -Wduplicate-method-match -Wno-missing-braces -Wparentheses -Wswitch -Wunused-function -Wno-unused-label -Wno-unused-parameter -Wunused-variable -Wunused-value -Wempty-body -Wuninitialized -Wconditional-uninitialized -Wno-unknown-pragmas -Wno-shadow -Wno-four-char-constants -Wno-conversion -Wconstant-conversion -Wint-conversion -Wbool-conversion -Wenum-conversion -Wno-float-conversion -Wnon-literal-null-conversion -Wobjc-literal-conversion -Wshorten-64-to-32 -Wno-newline-eof -Wno-selector -Wno-strict-selector-match -Wundeclared-selector -Wdeprecated-implementations -Wno-c++11-extensions -Wno-implicit-fallthrough -isysroot /Applications/Xcode.app/Contents/Developer/Platforms/iPhoneSimulator.platform/Developer/SDKs/iPhoneSimulator27.0.sdk -fstrict-aliasing -Wprotocol -Wdeprecated-declarations -Winvalid-offsetof -Wno-sign-conversion -Winfinite-recursion -Wmove -Wcomma -Wblock-capture-autoreleasing -Wstrict-prototypes -Wrange-loop-analysis -Wno-semicolon-before-method-body -Wunguarded-availability -index-store-path /Users/sparkles/Library/Developer/Xcode/DerivedData/Expensio-futtgngxcysvvhcljmosbeftqmyc/Index.noindex/DataStore @/Users/sparkles/Library/Developer/Xcode/DerivedData/Expensio-futtgngxcysvvhcljmosbeftqmyc/Build/Intermediates.noindex/Pods.build/Debug-iphonesimulator/RNSVG.build/Objects-normal/x86_64/af3fcb34312c57c0f52879cdce924b91-common-args.resp -DRCT_NEW_ARCH_ENABLED\=1 -include /Users/sparkles/Documents/CodingFiles/FullStack/expensioApp/frontend/ios/Pods/Target\ Support\ Files/RNSVG/RNSVG-prefix.pch -MMD -MT dependencies -MF /Users/sparkles/Library/Developer/Xcode/DerivedData/Expensio-futtgngxcysvvhcljmosbeftqmyc/Build/Intermediates.noindex/Pods.build/Debug-iphonesimulator/RNSVG.build/Objects-normal/x86_64/RNSVGViewBox.d --serialize-diagnostics /Users/sparkles/Library/Developer/Xcode/DerivedData/Expensio-futtgngxcysvvhcljmosbeftqmyc/Build/Intermediates.noindex/Pods.build/Debug-iphonesimulator/RNSVG.build/Objects-normal/x86_64/RNSVGViewBox.dia -c /Users/sparkles/Documents/CodingFiles/FullStack/expensioApp/frontend/node_modules/react-native-svg/apple/Utils/RNSVGViewBox.mm -o /Users/sparkles/Library/Developer/Xcode/DerivedData/Expensio-futtgngxcysvvhcljmosbeftqmyc/Build/Intermediates.noindex/Pods.build/Debug-iphonesimulator/RNSVG.build/Objects-normal/x86_64/RNSVGViewBox.o -index-unit-output-path /Pods.build/Debug-iphonesimulator/RNSVG.build/Objects-normal/x86_64/RNSVGViewBox.o

CompileC /Users/sparkles/Library/Developer/Xcode/DerivedData/Expensio-futtgngxcysvvhcljmosbeftqmyc/Build/Intermediates.noindex/Pods.build/Debug-iphonesimulator/RNSVG.build/Objects-normal/x86_64/RNSVGUseManager.o /Users/sparkles/Documents/CodingFiles/FullStack/expensioApp/frontend/node_modules/react-native-svg/apple/ViewManagers/RNSVGUseManager.mm normal x86_64 objective-c++ com.apple.compilers.llvm.clang.1_0.compiler (in target 'RNSVG' from project 'Pods')
    cd /Users/sparkles/Documents/CodingFiles/FullStack/expensioApp/frontend/ios/Pods
    
    Using response file: /Users/sparkles/Library/Developer/Xcode/DerivedData/Expensio-futtgngxcysvvhcljmosbeftqmyc/Build/Intermediates.noindex/Pods.build/Debug-iphonesimulator/RNSVG.build/Objects-normal/x86_64/af3fcb34312c57c0f52879cdce924b91-common-args.resp
    
    /Applications/Xcode.app/Contents/Developer/Toolchains/XcodeDefault.xctoolchain/usr/bin/clang -x objective-c++ -ivfsstatcache /Users/sparkles/Library/Developer/Xcode/DerivedData/SDKStatCaches.noindex/iphonesimulator27.0-24A430-8dc58220667be655e1bcc261a7455254.sdkstatcache -target x86_64-apple-ios17.0-simulator -fmessage-length\=0 -fdiagnostics-show-note-include-stack -fmacro-backtrace-limit\=0 -fno-color-diagnostics -fmodules-prune-interval\=86400 -fmodules-prune-after\=345600 -fbuild-session-file\=/Users/sparkles/Library/Developer/Xcode/DerivedData/ModuleCache.noindex/Session.modulevalidation -fmodules-validate-once-per-build-session -Wnon-modular-include-in-framework-module -Werror\=non-modular-include-in-framework-module -Wno-trigraphs -Wno-missing-field-initializers -Wno-missing-prototypes -Werror\=return-type -Wdocumentation -Wunreachable-code -Wno-implicit-atomic-properties -Werror\=deprecated-objc-isa-usage -Wno-objc-interface-ivars -Werror\=objc-root-class -Wno-arc-repeated-use-of-weak -Wimplicit-retain-self -Wno-non-virtual-dtor -Wno-overloaded-virtual -Wno-exit-time-destructors -Wduplicate-method-match -Wno-missing-braces -Wparentheses -Wswitch -Wunused-function -Wno-unused-label -Wno-unused-parameter -Wunused-variable -Wunused-value -Wempty-body -Wuninitialized -Wconditional-uninitialized -Wno-unknown-pragmas -Wno-shadow -Wno-four-char-constants -Wno-conversion -Wconstant-conversion -Wint-conversion -Wbool-conversion -Wenum-conversion -Wno-float-conversion -Wnon-literal-null-conversion -Wobjc-literal-conversion -Wshorten-64-to-32 -Wno-newline-eof -Wno-selector -Wno-strict-selector-match -Wundeclared-selector -Wdeprecated-implementations -Wno-c++11-extensions -Wno-implicit-fallthrough -isysroot /Applications/Xcode.app/Contents/Developer/Platforms/iPhoneSimulator.platform/Developer/SDKs/iPhoneSimulator27.0.sdk -fstrict-aliasing -Wprotocol -Wdeprecated-declarations -Winvalid-offsetof -Wno-sign-conversion -Winfinite-recursion -Wmove -Wcomma -Wblock-capture-autoreleasing -Wstrict-prototypes -Wrange-loop-analysis -Wno-semicolon-before-method-body -Wunguarded-availability -index-store-path /Users/sparkles/Library/Developer/Xcode/DerivedData/Expensio-futtgngxcysvvhcljmosbeftqmyc/Index.noindex/DataStore @/Users/sparkles/Library/Developer/Xcode/DerivedData/Expensio-futtgngxcysvvhcljmosbeftqmyc/Build/Intermediates.noindex/Pods.build/Debug-iphonesimulator/RNSVG.build/Objects-normal/x86_64/af3fcb34312c57c0f52879cdce924b91-common-args.resp -DRCT_NEW_ARCH_ENABLED\=1 -include /Users/sparkles/Documents/CodingFiles/FullStack/expensioApp/frontend/ios/Pods/Target\ Support\ Files/RNSVG/RNSVG-prefix.pch -MMD -MT dependencies -MF /Users/sparkles/Library/Developer/Xcode/DerivedData/Expensio-futtgngxcysvvhcljmosbeftqmyc/Build/Intermediates.noindex/Pods.build/Debug-iphonesimulator/RNSVG.build/Objects-normal/x86_64/RNSVGUseManager.d --serialize-diagnostics /Users/sparkles/Library/Developer/Xcode/DerivedData/Expensio-futtgngxcysvvhcljmosbeftqmyc/Build/Intermediates.noindex/Pods.build/Debug-iphonesimulator/RNSVG.build/Objects-normal/x86_64/RNSVGUseManager.dia -c /Users/sparkles/Documents/CodingFiles/FullStack/expensioApp/frontend/node_modules/react-native-svg/apple/ViewManagers/RNSVGUseManager.mm -o /Users/sparkles/Library/Developer/Xcode/DerivedData/Expensio-futtgngxcysvvhcljmosbeftqmyc/Build/Intermediates.noindex/Pods.build/Debug-iphonesimulator/RNSVG.build/Objects-normal/x86_64/RNSVGUseManager.o -index-unit-output-path /Pods.build/Debug-iphonesimulator/RNSVG.build/Objects-normal/x86_64/RNSVGUseManager.o

CompileC /Users/sparkles/Library/Developer/Xcode/DerivedData/Expensio-futtgngxcysvvhcljmosbeftqmyc/Build/Intermediates.noindex/Pods.build/Debug-iphonesimulator/RNSVG.build/Objects-normal/x86_64/RNSVGUse.o /Users/sparkles/Documents/CodingFiles/FullStack/expensioApp/frontend/node_modules/react-native-svg/apple/Elements/RNSVGUse.mm normal x86_64 objective-c++ com.apple.compilers.llvm.clang.1_0.compiler (in target 'RNSVG' from project 'Pods')
    cd /Users/sparkles/Documents/CodingFiles/FullStack/expensioApp/frontend/ios/Pods
    
    Using response file: /Users/sparkles/Library/Developer/Xcode/DerivedData/Expensio-futtgngxcysvvhcljmosbeftqmyc/Build/Intermediates.noindex/Pods.build/Debug-iphonesimulator/RNSVG.build/Objects-normal/x86_64/af3fcb34312c57c0f52879cdce924b91-common-args.resp
    
    /Applications/Xcode.app/Contents/Developer/Toolchains/XcodeDefault.xctoolchain/usr/bin/clang -x objective-c++ -ivfsstatcache /Users/sparkles/Library/Developer/Xcode/DerivedData/SDKStatCaches.noindex/iphonesimulator27.0-24A430-8dc58220667be655e1bcc261a7455254.sdkstatcache -target x86_64-apple-ios17.0-simulator -fmessage-length\=0 -fdiagnostics-show-note-include-stack -fmacro-backtrace-limit\=0 -fno-color-diagnostics -fmodules-prune-interval\=86400 -fmodules-prune-after\=345600 -fbuild-session-file\=/Users/sparkles/Library/Developer/Xcode/DerivedData/ModuleCache.noindex/Session.modulevalidation -fmodules-validate-once-per-build-session -Wnon-modular-include-in-framework-module -Werror\=non-modular-include-in-framework-module -Wno-trigraphs -Wno-missing-field-initializers -Wno-missing-prototypes -Werror\=return-type -Wdocumentation -Wunreachable-code -Wno-implicit-atomic-properties -Werror\=deprecated-objc-isa-usage -Wno-objc-interface-ivars -Werror\=objc-root-class -Wno-arc-repeated-use-of-weak -Wimplicit-retain-self -Wno-non-virtual-dtor -Wno-overloaded-virtual -Wno-exit-time-destructors -Wduplicate-method-match -Wno-missing-braces -Wparentheses -Wswitch -Wunused-function -Wno-unused-label -Wno-unused-parameter -Wunused-variable -Wunused-value -Wempty-body -Wuninitialized -Wconditional-uninitialized -Wno-unknown-pragmas -Wno-shadow -Wno-four-char-constants -Wno-conversion -Wconstant-conversion -Wint-conversion -Wbool-conversion -Wenum-conversion -Wno-float-conversion -Wnon-literal-null-conversion -Wobjc-literal-conversion -Wshorten-64-to-32 -Wno-newline-eof -Wno-selector -Wno-strict-selector-match -Wundeclared-selector -Wdeprecated-implementations -Wno-c++11-extensions -Wno-implicit-fallthrough -isysroot /Applications/Xcode.app/Contents/Developer/Platforms/iPhoneSimulator.platform/Developer/SDKs/iPhoneSimulator27.0.sdk -fstrict-aliasing -Wprotocol -Wdeprecated-declarations -Winvalid-offsetof -Wno-sign-conversion -Winfinite-recursion -Wmove -Wcomma -Wblock-capture-autoreleasing -Wstrict-prototypes -Wrange-loop-analysis -Wno-semicolon-before-method-body -Wunguarded-availability -index-store-path /Users/sparkles/Library/Developer/Xcode/DerivedData/Expensio-futtgngxcysvvhcljmosbeftqmyc/Index.noindex/DataStore @/Users/sparkles/Library/Developer/Xcode/DerivedData/Expensio-futtgngxcysvvhcljmosbeftqmyc/Build/Intermediates.noindex/Pods.build/Debug-iphonesimulator/RNSVG.build/Objects-normal/x86_64/af3fcb34312c57c0f52879cdce924b91-common-args.resp -DRCT_NEW_ARCH_ENABLED\=1 -include /Users/sparkles/Documents/CodingFiles/FullStack/expensioApp/frontend/ios/Pods/Target\ Support\ Files/RNSVG/RNSVG-prefix.pch -MMD -MT dependencies -MF /Users/sparkles/Library/Developer/Xcode/DerivedData/Expensio-futtgngxcysvvhcljmosbeftqmyc/Build/Intermediates.noindex/Pods.build/Debug-iphonesimulator/RNSVG.build/Objects-normal/x86_64/RNSVGUse.d --serialize-diagnostics /Users/sparkles/Library/Developer/Xcode/DerivedData/Expensio-futtgngxcysvvhcljmosbeftqmyc/Build/Intermediates.noindex/Pods.build/Debug-iphonesimulator/RNSVG.build/Objects-normal/x86_64/RNSVGUse.dia -c /Users/sparkles/Documents/CodingFiles/FullStack/expensioApp/frontend/node_modules/react-native-svg/apple/Elements/RNSVGUse.mm -o /Users/sparkles/Library/Developer/Xcode/DerivedData/Expensio-futtgngxcysvvhcljmosbeftqmyc/Build/Intermediates.noindex/Pods.build/Debug-iphonesimulator/RNSVG.build/Objects-normal/x86_64/RNSVGUse.o -index-unit-output-path /Pods.build/Debug-iphonesimulator/RNSVG.build/Objects-normal/x86_64/RNSVGUse.o
/Users/sparkles/Documents/CodingFiles/FullStack/expensioApp/frontend/node_modules/react-native-svg/apple/Elements/RNSVGUse.mm:71:1: warning: method possibly missing a [super updateProps:oldProps:] call [-Wobjc-missing-super-calls]
   71 | }
      | ^
In file included from /Users/sparkles/Documents/CodingFiles/FullStack/expensioApp/frontend/node_modules/react-native-svg/apple/Elements/RNSVGUse.mm:17:
/Users/sparkles/Documents/CodingFiles/FullStack/expensioApp/frontend/node_modules/react-native-svg/apple/Utils/RNSVGFabricConversions.h:246:19: warning: unused function 'intToRNSVGVBMOS' [-Wunused-function]
  246 | static RNSVGVBMOS intToRNSVGVBMOS(int value)
      |                   ^~~~~~~~~~~~~~~
2 warnings generated.

CompileC /Users/sparkles/Library/Developer/Xcode/DerivedData/Expensio-futtgngxcysvvhcljmosbeftqmyc/Build/Intermediates.noindex/Pods.build/Debug-iphonesimulator/RNSVG.build/Objects-normal/x86_64/RNSVGTopAlignedLabel.ios.o /Users/sparkles/Documents/CodingFiles/FullStack/expensioApp/frontend/node_modules/react-native-svg/apple/Text/RNSVGTopAlignedLabel.ios.mm normal x86_64 objective-c++ com.apple.compilers.llvm.clang.1_0.compiler (in target 'RNSVG' from project 'Pods')
    cd /Users/sparkles/Documents/CodingFiles/FullStack/expensioApp/frontend/ios/Pods
    
    Using response file: /Users/sparkles/Library/Developer/Xcode/DerivedData/Expensio-futtgngxcysvvhcljmosbeftqmyc/Build/Intermediates.noindex/Pods.build/Debug-iphonesimulator/RNSVG.build/Objects-normal/x86_64/af3fcb34312c57c0f52879cdce924b91-common-args.resp
    
    /Applications/Xcode.app/Contents/Developer/Toolchains/XcodeDefault.xctoolchain/usr/bin/clang -x objective-c++ -ivfsstatcache /Users/sparkles/Library/Developer/Xcode/DerivedData/SDKStatCaches.noindex/iphonesimulator27.0-24A430-8dc58220667be655e1bcc261a7455254.sdkstatcache -target x86_64-apple-ios17.0-simulator -fmessage-length\=0 -fdiagnostics-show-note-include-stack -fmacro-backtrace-limit\=0 -fno-color-diagnostics -fmodules-prune-interval\=86400 -fmodules-prune-after\=345600 -fbuild-session-file\=/Users/sparkles/Library/Developer/Xcode/DerivedData/ModuleCache.noindex/Session.modulevalidation -fmodules-validate-once-per-build-session -Wnon-modular-include-in-framework-module -Werror\=non-modular-include-in-framework-module -Wno-trigraphs -Wno-missing-field-initializers -Wno-missing-prototypes -Werror\=return-type -Wdocumentation -Wunreachable-code -Wno-implicit-atomic-properties -Werror\=deprecated-objc-isa-usage -Wno-objc-interface-ivars -Werror\=objc-root-class -Wno-arc-repeated-use-of-weak -Wimplicit-retain-self -Wno-non-virtual-dtor -Wno-overloaded-virtual -Wno-exit-time-destructors -Wduplicate-method-match -Wno-missing-braces -Wparentheses -Wswitch -Wunused-function -Wno-unused-label -Wno-unused-parameter -Wunused-variable -Wunused-value -Wempty-body -Wuninitialized -Wconditional-uninitialized -Wno-unknown-pragmas -Wno-shadow -Wno-four-char-constants -Wno-conversion -Wconstant-conversion -Wint-conversion -Wbool-conversion -Wenum-conversion -Wno-float-conversion -Wnon-literal-null-conversion -Wobjc-literal-conversion -Wshorten-64-to-32 -Wno-newline-eof -Wno-selector -Wno-strict-selector-match -Wundeclared-selector -Wdeprecated-implementations -Wno-c++11-extensions -Wno-implicit-fallthrough -isysroot /Applications/Xcode.app/Contents/Developer/Platforms/iPhoneSimulator.platform/Developer/SDKs/iPhoneSimulator27.0.sdk -fstrict-aliasing -Wprotocol -Wdeprecated-declarations -Winvalid-offsetof -Wno-sign-conversion -Winfinite-recursion -Wmove -Wcomma -Wblock-capture-autoreleasing -Wstrict-prototypes -Wrange-loop-analysis -Wno-semicolon-before-method-body -Wunguarded-availability -index-store-path /Users/sparkles/Library/Developer/Xcode/DerivedData/Expensio-futtgngxcysvvhcljmosbeftqmyc/Index.noindex/DataStore @/Users/sparkles/Library/Developer/Xcode/DerivedData/Expensio-futtgngxcysvvhcljmosbeftqmyc/Build/Intermediates.noindex/Pods.build/Debug-iphonesimulator/RNSVG.build/Objects-normal/x86_64/af3fcb34312c57c0f52879cdce924b91-common-args.resp -DRCT_NEW_ARCH_ENABLED\=1 -include /Users/sparkles/Documents/CodingFiles/FullStack/expensioApp/frontend/ios/Pods/Target\ Support\ Files/RNSVG/RNSVG-prefix.pch -MMD -MT dependencies -MF /Users/sparkles/Library/Developer/Xcode/DerivedData/Expensio-futtgngxcysvvhcljmosbeftqmyc/Build/Intermediates.noindex/Pods.build/Debug-iphonesimulator/RNSVG.build/Objects-normal/x86_64/RNSVGTopAlignedLabel.ios.d --serialize-diagnostics /Users/sparkles/Library/Developer/Xcode/DerivedData/Expensio-futtgngxcysvvhcljmosbeftqmyc/Build/Intermediates.noindex/Pods.build/Debug-iphonesimulator/RNSVG.build/Objects-normal/x86_64/RNSVGTopAlignedLabel.ios.dia -c /Users/sparkles/Documents/CodingFiles/FullStack/expensioApp/frontend/node_modules/react-native-svg/apple/Text/RNSVGTopAlignedLabel.ios.mm -o /Users/sparkles/Library/Developer/Xcode/DerivedData/Expensio-futtgngxcysvvhcljmosbeftqmyc/Build/Intermediates.noindex/Pods.build/Debug-iphonesimulator/RNSVG.build/Objects-normal/x86_64/RNSVGTopAlignedLabel.ios.o -index-unit-output-path /Pods.build/Debug-iphonesimulator/RNSVG.build/Objects-normal/x86_64/RNSVGTopAlignedLabel.ios.o

SwiftDriverJobDiscovery normal x86_64 Emitting module for RNScreens (in target 'RNScreens' from project 'Pods')

CompileC /Users/sparkles/Library/Developer/Xcode/DerivedData/Expensio-futtgngxcysvvhcljmosbeftqmyc/Build/Intermediates.noindex/Pods.build/Debug-iphonesimulator/RNSVG.build/Objects-normal/x86_64/RNSVGTextProperties.o /Users/sparkles/Documents/CodingFiles/FullStack/expensioApp/frontend/node_modules/react-native-svg/apple/Text/RNSVGTextProperties.mm normal x86_64 objective-c++ com.apple.compilers.llvm.clang.1_0.compiler (in target 'RNSVG' from project 'Pods')
    cd /Users/sparkles/Documents/CodingFiles/FullStack/expensioApp/frontend/ios/Pods
    
    Using response file: /Users/sparkles/Library/Developer/Xcode/DerivedData/Expensio-futtgngxcysvvhcljmosbeftqmyc/Build/Intermediates.noindex/Pods.build/Debug-iphonesimulator/RNSVG.build/Objects-normal/x86_64/af3fcb34312c57c0f52879cdce924b91-common-args.resp
    
    /Applications/Xcode.app/Contents/Developer/Toolchains/XcodeDefault.xctoolchain/usr/bin/clang -x objective-c++ -ivfsstatcache /Users/sparkles/Library/Developer/Xcode/DerivedData/SDKStatCaches.noindex/iphonesimulator27.0-24A430-8dc58220667be655e1bcc261a7455254.sdkstatcache -target x86_64-apple-ios17.0-simulator -fmessage-length\=0 -fdiagnostics-show-note-include-stack -fmacro-backtrace-limit\=0 -fno-color-diagnostics -fmodules-prune-interval\=86400 -fmodules-prune-after\=345600 -fbuild-session-file\=/Users/sparkles/Library/Developer/Xcode/DerivedData/ModuleCache.noindex/Session.modulevalidation -fmodules-validate-once-per-build-session -Wnon-modular-include-in-framework-module -Werror\=non-modular-include-in-framework-module -Wno-trigraphs -Wno-missing-field-initializers -Wno-missing-prototypes -Werror\=return-type -Wdocumentation -Wunreachable-code -Wno-implicit-atomic-properties -Werror\=deprecated-objc-isa-usage -Wno-objc-interface-ivars -Werror\=objc-root-class -Wno-arc-repeated-use-of-weak -Wimplicit-retain-self -Wno-non-virtual-dtor -Wno-overloaded-virtual -Wno-exit-time-destructors -Wduplicate-method-match -Wno-missing-braces -Wparentheses -Wswitch -Wunused-function -Wno-unused-label -Wno-unused-parameter -Wunused-variable -Wunused-value -Wempty-body -Wuninitialized -Wconditional-uninitialized -Wno-unknown-pragmas -Wno-shadow -Wno-four-char-constants -Wno-conversion -Wconstant-conversion -Wint-conversion -Wbool-conversion -Wenum-conversion -Wno-float-conversion -Wnon-literal-null-conversion -Wobjc-literal-conversion -Wshorten-64-to-32 -Wno-newline-eof -Wno-selector -Wno-strict-selector-match -Wundeclared-selector -Wdeprecated-implementations -Wno-c++11-extensions -Wno-implicit-fallthrough -isysroot /Applications/Xcode.app/Contents/Developer/Platforms/iPhoneSimulator.platform/Developer/SDKs/iPhoneSimulator27.0.sdk -fstrict-aliasing -Wprotocol -Wdeprecated-declarations -Winvalid-offsetof -Wno-sign-conversion -Winfinite-recursion -Wmove -Wcomma -Wblock-capture-autoreleasing -Wstrict-prototypes -Wrange-loop-analysis -Wno-semicolon-before-method-body -Wunguarded-availability -index-store-path /Users/sparkles/Library/Developer/Xcode/DerivedData/Expensio-futtgngxcysvvhcljmosbeftqmyc/Index.noindex/DataStore @/Users/sparkles/Library/Developer/Xcode/DerivedData/Expensio-futtgngxcysvvhcljmosbeftqmyc/Build/Intermediates.noindex/Pods.build/Debug-iphonesimulator/RNSVG.build/Objects-normal/x86_64/af3fcb34312c57c0f52879cdce924b91-common-args.resp -DRCT_NEW_ARCH_ENABLED\=1 -include /Users/sparkles/Documents/CodingFiles/FullStack/expensioApp/frontend/ios/Pods/Target\ Support\ Files/RNSVG/RNSVG-prefix.pch -MMD -MT dependencies -MF /Users/sparkles/Library/Developer/Xcode/DerivedData/Expensio-futtgngxcysvvhcljmosbeftqmyc/Build/Intermediates.noindex/Pods.build/Debug-iphonesimulator/RNSVG.build/Objects-normal/x86_64/RNSVGTextProperties.d --serialize-diagnostics /Users/sparkles/Library/Developer/Xcode/DerivedData/Expensio-futtgngxcysvvhcljmosbeftqmyc/Build/Intermediates.noindex/Pods.build/Debug-iphonesimulator/RNSVG.build/Objects-normal/x86_64/RNSVGTextProperties.dia -c /Users/sparkles/Documents/CodingFiles/FullStack/expensioApp/frontend/node_modules/react-native-svg/apple/Text/RNSVGTextProperties.mm -o /Users/sparkles/Library/Developer/Xcode/DerivedData/Expensio-futtgngxcysvvhcljmosbeftqmyc/Build/Intermediates.noindex/Pods.build/Debug-iphonesimulator/RNSVG.build/Objects-normal/x86_64/RNSVGTextProperties.o -index-unit-output-path /Pods.build/Debug-iphonesimulator/RNSVG.build/Objects-normal/x86_64/RNSVGTextProperties.o

SwiftDriverJobDiscovery normal arm64 Emitting module for RNScreens (in target 'RNScreens' from project 'Pods')

SwiftDriver\ Compilation\ Requirements RNScreens normal x86_64 com.apple.xcode.tools.swift.compiler (in target 'RNScreens' from project 'Pods')
    cd /Users/sparkles/Documents/CodingFiles/FullStack/expensioApp/frontend/ios/Pods
    builtin-Swift-Compilation-Requirements -- /Applications/Xcode.app/Contents/Developer/Toolchains/XcodeDefault.xctoolchain/usr/bin/swiftc -module-name RNScreens -Onone @/Users/sparkles/Library/Developer/Xcode/DerivedData/Expensio-futtgngxcysvvhcljmosbeftqmyc/Build/Intermediates.noindex/Pods.build/Debug-iphonesimulator/RNScreens.build/Objects-normal/x86_64/RNScreens.SwiftFileList -DDEBUG -D COCOAPODS -Xcc -fmodule-map-file\=/Users/sparkles/Documents/CodingFiles/FullStack/expensioApp/frontend/ios/Pods/Headers/Public/ReactCodegen/ReactCodegen.modulemap -import-underlying-module -Xcc -fmodule-map-file\=/Users/sparkles/Documents/CodingFiles/FullStack/expensioApp/frontend/ios/Pods/Headers/Public/RNScreens/RNScreens.modulemap -DRCT_NEW_ARCH_ENABLED -Xcc -ivfsoverlay -Xcc /Users/sparkles/Documents/CodingFiles/FullStack/expensioApp/frontend/ios/Pods/React-Core-prebuilt/React-VFS.yaml -enable-bare-slash-regex -enable-experimental-feature DebugDescriptionMacro -sdk /Applications/Xcode.app/Contents/Developer/Platforms/iPhoneSimulator.platform/Developer/SDKs/iPhoneSimulator27.0.sdk -target x86_64-apple-ios17.0-simulator -g -module-cache-path /Users/sparkles/Library/Developer/Xcode/DerivedData/ModuleCache.noindex -Xfrontend -serialize-debugging-options -enable-testing -index-store-path /Users/sparkles/Library/Developer/Xcode/DerivedData/Expensio-futtgngxcysvvhcljmosbeftqmyc/Index.noindex/DataStore -Xcc -D_LIBCPP_HARDENING_MODE\=_LIBCPP_HARDENING_MODE_DEBUG -swift-version 5 -I /Users/sparkles/Library/Developer/Xcode/DerivedData/Expensio-futtgngxcysvvhcljmosbeftqmyc/Build/Products/Debug-iphonesimulator/RNScreens -F /Users/sparkles/Library/Developer/Xcode/DerivedData/Expensio-futtgngxcysvvhcljmosbeftqmyc/Build/Products/Debug-iphonesimulator/RNScreens -F /Users/sparkles/Documents/CodingFiles/FullStack/expensioApp/frontend/ios/Pods/React-Core-prebuilt -F /Users/sparkles/Documents/CodingFiles/FullStack/expensioApp/frontend/ios/Pods/ReactNativeDependencies/framework/packages/react-native -F /Users/sparkles/Documents/CodingFiles/FullStack/expensioApp/frontend/ios/Pods/hermes-engine/destroot/Library/Frameworks/universal -F /Users/sparkles/Library/Developer/Xcode/DerivedData/Expensio-futtgngxcysvvhcljmosbeftqmyc/Build/Products/Debug-iphonesimulator/XCFrameworkIntermediates/React-Core-prebuilt -F /Users/sparkles/Library/Developer/Xcode/DerivedData/Expensio-futtgngxcysvvhcljmosbeftqmyc/Build/Products/Debug-iphonesimulator/XCFrameworkIntermediates/ReactNativeDependencies -F /Users/sparkles/Library/Developer/Xcode/DerivedData/Expensio-futtgngxcysvvhcljmosbeftqmyc/Build/Products/Debug-iphonesimulator/XCFrameworkIntermediates/hermes-engine/Pre-built -parse-as-library -c -j8 -enable-batch-mode -incremental -Xcc -ivfsstatcache -Xcc /Users/sparkles/Library/Developer/Xcode/DerivedData/SDKStatCaches.noindex/iphonesimulator27.0-24A430-8dc58220667be655e1bcc261a7455254.sdkstatcache -output-file-map /Users/sparkles/Library/Developer/Xcode/DerivedData/Expensio-futtgngxcysvvhcljmosbeftqmyc/Build/Intermediates.noindex/Pods.build/Debug-iphonesimulator/RNScreens.build/Objects-normal/x86_64/RNScreens-OutputFileMap.json -save-temps -no-color-diagnostics -emit-dependencies -emit-module -emit-module-path /Users/sparkles/Library/Developer/Xcode/DerivedData/Expensio-futtgngxcysvvhcljmosbeftqmyc/Build/Intermediates.noindex/Pods.build/Debug-iphonesimulator/RNScreens.build/Objects-normal/x86_64/RNScreens.swiftmodule -serialize-diagnostics -validate-clang-modules-once -clang-build-session-file /Users/sparkles/Library/Developer/Xcode/DerivedData/ModuleCache.noindex/Session.modulevalidation -Xcc -fmodules-prune-interval\=86400 -Xcc -fmodules-prune-after\=345600 -emit-const-values -const-gather-protocols-list /Users/sparkles/Library/Developer/Xcode/DerivedData/Expensio-futtgngxcysvvhcljmosbeftqmyc/Build/Intermediates.noindex/Pods.build/Debug-iphonesimulator/RNScreens.build/Objects-normal/x86_64/RNScreens_const_extract_protocols.json -Xcc -iquote -Xcc /Users/sparkles/Library/Developer/Xcode/DerivedData/Expensio-futtgngxcysvvhcljmosbeftqmyc/Build/Intermediates.noindex/Pods.build/Debug-iphonesimulator/RNScreens.build/RNScreens-generated-files.hmap -Xcc -I/Users/sparkles/Library/Developer/Xcode/DerivedData/Expensio-futtgngxcysvvhcljmosbeftqmyc/Build/Intermediates.noindex/Pods.build/Debug-iphonesimulator/RNScreens.build/RNScreens-own-target-headers.hmap -Xcc -I/Users/sparkles/Library/Developer/Xcode/DerivedData/Expensio-futtgngxcysvvhcljmosbeftqmyc/Build/Intermediates.noindex/Pods.build/Debug-iphonesimulator/RNScreens.build/RNScreens-all-non-framework-target-headers.hmap -Xcc -ivfsoverlay -Xcc /Users/sparkles/Library/Developer/Xcode/DerivedData/Expensio-futtgngxcysvvhcljmosbeftqmyc/Build/Intermediates.noindex/Pods.build/Debug-iphonesimulator/Pods-8699adb1dd336b26511df848a716bd42-VFS-iphonesimulator/all-product-headers.yaml -Xcc -iquote -Xcc /Users/sparkles/Library/Developer/Xcode/DerivedData/Expensio-futtgngxcysvvhcljmosbeftqmyc/Build/Intermediates.noindex/Pods.build/Debug-iphonesimulator/RNScreens.build/RNScreens-project-headers.hmap -Xcc -I/Users/sparkles/Library/Developer/Xcode/DerivedData/Expensio-futtgngxcysvvhcljmosbeftqmyc/Build/Products/Debug-iphonesimulator/RNScreens/include -Xcc -I/Users/sparkles/Documents/CodingFiles/FullStack/expensioApp/frontend/ios/Pods/Headers/Private -Xcc -I/Users/sparkles/Documents/CodingFiles/FullStack/expensioApp/frontend/ios/Pods/Headers/Private/RNScreens -Xcc -I/Users/sparkles/Documents/CodingFiles/FullStack/expensioApp/frontend/ios/Pods/Headers/Public -Xcc -I/Users/sparkles/Documents/CodingFiles/FullStack/expensioApp/frontend/ios/Pods/Headers/Public/FBLazyVector -Xcc -I/Users/sparkles/Documents/CodingFiles/FullStack/expensioApp/frontend/ios/Pods/Headers/Public/RCTRequired -Xcc -I/Users/sparkles/Documents/CodingFiles/FullStack/expensioApp/frontend/ios/Pods/Headers/Public/RCTSwiftUIWrapper -Xcc -I/Users/sparkles/Documents/CodingFiles/FullStack/expensioApp/frontend/ios/Pods/Headers/Public/RCTTypeSafety -Xcc -I/Users/sparkles/Documents/CodingFiles/FullStack/expensioApp/frontend/ios/Pods/Headers/Public/RNScreens -Xcc -I/Users/sparkles/Documents/CodingFiles/FullStack/expensioApp/frontend/ios/Pods/Headers/Public/React-Core -Xcc -I/Users/sparkles/Documents/CodingFiles/FullStack/expensioApp/frontend/ios/Pods/Headers/Public/React-Core-prebuilt -Xcc -I/Users/sparkles/Documents/CodingFiles/FullStack/expensioApp/frontend/ios/Pods/Headers/Public/React-CoreModules -Xcc -I/Users/sparkles/Documents/CodingFiles/FullStack/expensioApp/frontend/ios/Pods/Headers/Public/React-Fabric -Xcc -I/Users/sparkles/Documents/CodingFiles/FullStack/expensioApp/frontend/ios/Pods/Headers/Public/React-FabricComponents -Xcc -I/Users/sparkles/Documents/CodingFiles/FullStack/expensioApp/frontend/ios/Pods/Headers/Public/React-FabricImage -Xcc -I/Users/sparkles/Documents/CodingFiles/FullStack/expensioApp/frontend/ios/Pods/Headers/Public/React-ImageManager -Xcc -I/Users/sparkles/Documents/CodingFiles/FullStack/expensioApp/frontend/ios/Pods/Headers/Public/React-Mapbuffer -Xcc -I/Users/sparkles/Documents/CodingFiles/FullStack/expensioApp/frontend/ios/Pods/Headers/Public/React-NativeModulesApple -Xcc -I/Users/sparkles/Documents/CodingFiles/FullStack/expensioApp/frontend/ios/Pods/Headers/Public/React-RCTAnimation -Xcc -I/Users/sparkles/Documents/CodingFiles/FullStack/expensioApp/frontend/ios/Pods/Headers/Public/React-RCTBlob -Xcc -I/Users/sparkles/Documents/CodingFiles/FullStack/expensioApp/frontend/ios/Pods/Headers/Public/React-RCTFBReactNativeSpec -Xcc -I/Users/sparkles/Documents/CodingFiles/FullStack/expensioApp/frontend/ios/Pods/Headers/Public/React-RCTFabric -Xcc -I/Users/sparkles/Documents/CodingFiles/FullStack/expensioApp/frontend/ios/Pods/Headers/Public/React-RCTImage -Xcc -I/Users/sparkles/Documents/CodingFiles/FullStack/expensioApp/frontend/ios/Pods/Headers/Public/React-RCTRuntime -Xcc -I/Users/sparkles/Documents/CodingFiles/FullStack/expensioApp/frontend/ios/Pods/Headers/Public/React-RCTText -Xcc -I/Users/sparkles/Documents/CodingFiles/FullStack/expensioApp/frontend/ios/Pods/Headers/Public/React-RuntimeApple -Xcc -I/Users/sparkles/Documents/CodingFiles/FullStack/expensioApp/frontend/ios/Pods/Headers/Public/React-RuntimeCore -Xcc -I/Users/sparkles/Documents/CodingFiles/FullStack/expensioApp/frontend/ios/Pods/Headers/Public/React-RuntimeHermes -Xcc -I/Users/sparkles/Documents/CodingFiles/FullStack/expensioApp/frontend/ios/Pods/Headers/Public/React-callinvoker -Xcc -I/Users/sparkles/Documents/CodingFiles/FullStack/expensioApp/frontend/ios/Pods/Headers/Public/React-cxxreact -Xcc -I/Users/sparkles/Documents/CodingFiles/FullStack/expensioApp/frontend/ios/Pods/Headers/Public/React-debug -Xcc -I/Users/sparkles/Documents/CodingFiles/FullStack/expensioApp/frontend/ios/Pods/Headers/Public/React-defaultsnativemodule -Xcc -I/Users/sparkles/Documents/CodingFiles/FullStack/expensioApp/frontend/ios/Pods/Headers/Public/React-domnativemodule -Xcc -I/Users/sparkles/Documents/CodingFiles/FullStack/expensioApp/frontend/ios/Pods/Headers/Public/React-featureflags -Xcc -I/Users/sparkles/Documents/CodingFiles/FullStack/expensioApp/frontend/ios/Pods/Headers/Public/React-featureflagsnativemodule -Xcc -I/Users/sparkles/Documents/CodingFiles/FullStack/expensioApp/frontend/ios/Pods/Headers/Public/React-graphics -Xcc -I/Users/sparkles/Documents/CodingFiles/FullStack/expensioApp/frontend/ios/Pods/Headers/Public/React-hermes -Xcc -I/Users/sparkles/Documents/CodingFiles/FullStack/expensioApp/frontend/ios/Pods/Headers/Public/React-idlecallbacksnativemodule -Xcc -I/Users/sparkles/Documents/CodingFiles/FullStack/expensioApp/frontend/ios/Pods/Headers/Public/React-intersectionobservernativemodule -Xcc -I/Users/sparkles/Documents/CodingFiles/FullStack/expensioApp/frontend/ios/Pods/Headers/Public/React-jserrorhandler -Xcc -I/Users/sparkles/Documents/CodingFiles/FullStack/expensioApp/frontend/ios/Pods/Headers/Public/React-jsi -Xcc -I/Users/sparkles/Documents/CodingFiles/FullStack/expensioApp/frontend/ios/Pods/Headers/Public/React-jsiexecutor -Xcc -I/Users/sparkles/Documents/CodingFiles/FullStack/expensioApp/frontend/ios/Pods/Headers/Public/React-jsinspector -Xcc -I/Users/sparkles/Documents/CodingFiles/FullStack/expensioApp/frontend/ios/Pods/Headers/Public/React-jsinspectorcdp -Xcc -I/Users/sparkles/Documents/CodingFiles/FullStack/expensioApp/frontend/ios/Pods/Headers/Public/React-jsinspectornetwork -Xcc -I/Users/sparkles/Documents/CodingFiles/FullStack/expensioApp/frontend/ios/Pods/Headers/Public/React-jsinspectortracing -Xcc -I/Users/sparkles/Documents/CodingFiles/FullStack/expensioApp/frontend/ios/Pods/Headers/Public/React-jsitooling -Xcc -I/Users/sparkles/Documents/CodingFiles/FullStack/expensioApp/frontend/ios/Pods/Headers/Public/React-logger -Xcc -I/Users/sparkles/Documents/CodingFiles/FullStack/expensioApp/frontend/ios/Pods/Headers/Public/React-microtasksnativemodule -Xcc -I/Users/sparkles/Documents/CodingFiles/FullStack/expensioApp/frontend/ios/Pods/Headers/Public/React-mutationobservernativemodule -Xcc -I/Users/sparkles/Documents/CodingFiles/FullStack/expensioApp/frontend/ios/Pods/Headers/Public/React-networking -Xcc -I/Users/sparkles/Documents/CodingFiles/FullStack/expensioApp/frontend/ios/Pods/Headers/Public/React-oscompat -Xcc -I/Users/sparkles/Documents/CodingFiles/FullStack/expensioApp/frontend/ios/Pods/Headers/Public/React-perflogger -Xcc -I/Users/sparkles/Documents/CodingFiles/FullStack/expensioApp/frontend/ios/Pods/Headers/Public/React-performancecdpmetrics -Xcc -I/Users/sparkles/Documents/CodingFiles/FullStack/expensioApp/frontend/ios/Pods/Headers/Public/React-performancetimeline -Xcc -I/Users/sparkles/Documents/CodingFiles/FullStack/expensioApp/frontend/ios/Pods/Headers/Public/React-rendererconsistency -Xcc -I/Users/sparkles/Documents/CodingFiles/FullStack/expensioApp/frontend/ios/Pods/Headers/Public/React-renderercss -Xcc -I/Users/sparkles/Documents/CodingFiles/FullStack/expensioApp/frontend/ios/Pods/Headers/Public/React-rendererdebug -Xcc -I/Users/sparkles/Documents/CodingFiles/FullStack/expensioApp/frontend/ios/Pods/Headers/Public/React-runtimeexecutor -Xcc -I/Users/sparkles/Documents/CodingFiles/FullStack/expensioApp/frontend/ios/Pods/Headers/Public/React-runtimescheduler -Xcc -I/Users/sparkles/Documents/CodingFiles/FullStack/expensioApp/frontend/ios/Pods/Headers/Public/React-timing -Xcc -I/Users/sparkles/Documents/CodingFiles/FullStack/expensioApp/frontend/ios/Pods/Headers/Public/React-utils -Xcc -I/Users/sparkles/Documents/CodingFiles/FullStack/expensioApp/frontend/ios/Pods/Headers/Public/React-viewtransitionnativemodule -Xcc -I/Users/sparkles/Documents/CodingFiles/FullStack/expensioApp/frontend/ios/Pods/Headers/Public/React-webperformancenativemodule -Xcc -I/Users/sparkles/Documents/CodingFiles/FullStack/expensioApp/frontend/ios/Pods/Headers/Public/ReactCodegen -Xcc -I/Users/sparkles/Documents/CodingFiles/FullStack/expensioApp/frontend/ios/Pods/Headers/Public/ReactCommon -Xcc -I/Users/sparkles/Documents/CodingFiles/FullStack/expensioApp/frontend/ios/Pods/Headers/Public/ReactNativeDependencies -Xcc -I/Users/sparkles/Documents/CodingFiles/FullStack/expensioApp/frontend/ios/Pods/Headers/Public/Yoga -Xcc -I/Users/sparkles/Documents/CodingFiles/FullStack/expensioApp/frontend/ios/Pods/Headers/Public/hermes-engine -Xcc -I/Users/sparkles/Documents/CodingFiles/FullStack/expensioApp/frontend/ios/Pods/Headers/Private/Yoga -Xcc -I/Users/sparkles/Documents/CodingFiles/FullStack/expensioApp/frontend/ios/Pods/Headers/Private/Yoga -Xcc -I/Users/sparkles/Documents/CodingFiles/FullStack/expensioApp/frontend/node_modules/react-native-screens/common/cpp -Xcc -I/Users/sparkles/Documents/CodingFiles/FullStack/expensioApp/frontend/ios/Pods/ExpoModulesCore/ExpoModulesCore.xcframework/ios-arm64_x86_64-simulator/ExpoModulesCore.framework/Headers -Xcc -I/Users/sparkles/Documents/CodingFiles/FullStack/expensioApp/frontend/ios/Pods/ExpoModulesCore/ExpoModulesCore.xcframework/ios-arm64/ExpoModulesCore.framework/Headers -Xcc -I/Users/sparkles/Documents/CodingFiles/FullStack/expensioApp/frontend/ios/Pods/ExpoModulesCore/ExpoModulesCore.xcframework/ios-arm64_x86_64-simulator/ExpoModulesCore.framework/Headers -Xcc -I/Users/sparkles/Documents/CodingFiles/FullStack/expensioApp/frontend/ios/Pods/ExpoModulesCore/ExpoModulesCore.xcframework/ios-arm64/ExpoModulesCore.framework/Headers -Xcc -I/Users/sparkles/Library/Developer/Xcode/DerivedData/Expensio-futtgngxcysvvhcljmosbeftqmyc/Build/Intermediates.noindex/Pods.build/Debug-iphonesimulator/RNScreens.build/DerivedSources-normal/x86_64 -Xcc -I/Users/sparkles/Library/Developer/Xcode/DerivedData/Expensio-futtgngxcysvvhcljmosbeftqmyc/Build/Intermediates.noindex/Pods.build/Debug-iphonesimulator/RNScreens.build/DerivedSources/x86_64 -Xcc -I/Users/sparkles/Library/Developer/Xcode/DerivedData/Expensio-futtgngxcysvvhcljmosbeftqmyc/Build/Intermediates.noindex/Pods.build/Debug-iphonesimulator/RNScreens.build/DerivedSources -Xcc -DPOD_CONFIGURATION_DEBUG\=1 -Xcc -DDEBUG\=1 -Xcc -DCOCOAPODS\=1 -emit-objc-header -emit-objc-header-path /Users/sparkles/Library/Developer/Xcode/DerivedData/Expensio-futtgngxcysvvhcljmosbeftqmyc/Build/Intermediates.noindex/Pods.build/Debug-iphonesimulator/RNScreens.build/Objects-normal/x86_64/RNScreens-Swift.h -working-directory /Users/sparkles/Documents/CodingFiles/FullStack/expensioApp/frontend/ios/Pods -experimental-emit-module-separately -disable-cmo

SwiftDriverJobDiscovery normal arm64 Compiling RNSLog.swift (in target 'RNScreens' from project 'Pods')

SwiftDriver\ Compilation\ Requirements RNScreens normal arm64 com.apple.xcode.tools.swift.compiler (in target 'RNScreens' from project 'Pods')
    cd /Users/sparkles/Documents/CodingFiles/FullStack/expensioApp/frontend/ios/Pods
    builtin-Swift-Compilation-Requirements -- /Applications/Xcode.app/Contents/Developer/Toolchains/XcodeDefault.xctoolchain/usr/bin/swiftc -module-name RNScreens -Onone @/Users/sparkles/Library/Developer/Xcode/DerivedData/Expensio-futtgngxcysvvhcljmosbeftqmyc/Build/Intermediates.noindex/Pods.build/Debug-iphonesimulator/RNScreens.build/Objects-normal/arm64/RNScreens.SwiftFileList -DDEBUG -D COCOAPODS -Xcc -fmodule-map-file\=/Users/sparkles/Documents/CodingFiles/FullStack/expensioApp/frontend/ios/Pods/Headers/Public/ReactCodegen/ReactCodegen.modulemap -import-underlying-module -Xcc -fmodule-map-file\=/Users/sparkles/Documents/CodingFiles/FullStack/expensioApp/frontend/ios/Pods/Headers/Public/RNScreens/RNScreens.modulemap -DRCT_NEW_ARCH_ENABLED -Xcc -ivfsoverlay -Xcc /Users/sparkles/Documents/CodingFiles/FullStack/expensioApp/frontend/ios/Pods/React-Core-prebuilt/React-VFS.yaml -enable-bare-slash-regex -enable-experimental-feature DebugDescriptionMacro -sdk /Applications/Xcode.app/Contents/Developer/Platforms/iPhoneSimulator.platform/Developer/SDKs/iPhoneSimulator27.0.sdk -target arm64-apple-ios17.0-simulator -g -module-cache-path /Users/sparkles/Library/Developer/Xcode/DerivedData/ModuleCache.noindex -Xfrontend -serialize-debugging-options -enable-testing -index-store-path /Users/sparkles/Library/Developer/Xcode/DerivedData/Expensio-futtgngxcysvvhcljmosbeftqmyc/Index.noindex/DataStore -Xcc -D_LIBCPP_HARDENING_MODE\=_LIBCPP_HARDENING_MODE_DEBUG -swift-version 5 -I /Users/sparkles/Library/Developer/Xcode/DerivedData/Expensio-futtgngxcysvvhcljmosbeftqmyc/Build/Products/Debug-iphonesimulator/RNScreens -F /Users/sparkles/Library/Developer/Xcode/DerivedData/Expensio-futtgngxcysvvhcljmosbeftqmyc/Build/Products/Debug-iphonesimulator/RNScreens -F /Users/sparkles/Documents/CodingFiles/FullStack/expensioApp/frontend/ios/Pods/React-Core-prebuilt -F /Users/sparkles/Documents/CodingFiles/FullStack/expensioApp/frontend/ios/Pods/ReactNativeDependencies/framework/packages/react-native -F /Users/sparkles/Documents/CodingFiles/FullStack/expensioApp/frontend/ios/Pods/hermes-engine/destroot/Library/Frameworks/universal -F /Users/sparkles/Library/Developer/Xcode/DerivedData/Expensio-futtgngxcysvvhcljmosbeftqmyc/Build/Products/Debug-iphonesimulator/XCFrameworkIntermediates/React-Core-prebuilt -F /Users/sparkles/Library/Developer/Xcode/DerivedData/Expensio-futtgngxcysvvhcljmosbeftqmyc/Build/Products/Debug-iphonesimulator/XCFrameworkIntermediates/ReactNativeDependencies -F /Users/sparkles/Library/Developer/Xcode/DerivedData/Expensio-futtgngxcysvvhcljmosbeftqmyc/Build/Products/Debug-iphonesimulator/XCFrameworkIntermediates/hermes-engine/Pre-built -parse-as-library -c -j8 -enable-batch-mode -incremental -Xcc -ivfsstatcache -Xcc /Users/sparkles/Library/Developer/Xcode/DerivedData/SDKStatCaches.noindex/iphonesimulator27.0-24A430-8dc58220667be655e1bcc261a7455254.sdkstatcache -output-file-map /Users/sparkles/Library/Developer/Xcode/DerivedData/Expensio-futtgngxcysvvhcljmosbeftqmyc/Build/Intermediates.noindex/Pods.build/Debug-iphonesimulator/RNScreens.build/Objects-normal/arm64/RNScreens-OutputFileMap.json -save-temps -no-color-diagnostics -emit-dependencies -emit-module -emit-module-path /Users/sparkles/Library/Developer/Xcode/DerivedData/Expensio-futtgngxcysvvhcljmosbeftqmyc/Build/Intermediates.noindex/Pods.build/Debug-iphonesimulator/RNScreens.build/Objects-normal/arm64/RNScreens.swiftmodule -serialize-diagnostics -validate-clang-modules-once -clang-build-session-file /Users/sparkles/Library/Developer/Xcode/DerivedData/ModuleCache.noindex/Session.modulevalidation -Xcc -fmodules-prune-interval\=86400 -Xcc -fmodules-prune-after\=345600 -emit-const-values -const-gather-protocols-list /Users/sparkles/Library/Developer/Xcode/DerivedData/Expensio-futtgngxcysvvhcljmosbeftqmyc/Build/Intermediates.noindex/Pods.build/Debug-iphonesimulator/RNScreens.build/Objects-normal/arm64/RNScreens_const_extract_protocols.json -Xcc -iquote -Xcc /Users/sparkles/Library/Developer/Xcode/DerivedData/Expensio-futtgngxcysvvhcljmosbeftqmyc/Build/Intermediates.noindex/Pods.build/Debug-iphonesimulator/RNScreens.build/RNScreens-generated-files.hmap -Xcc -I/Users/sparkles/Library/Developer/Xcode/DerivedData/Expensio-futtgngxcysvvhcljmosbeftqmyc/Build/Intermediates.noindex/Pods.build/Debug-iphonesimulator/RNScreens.build/RNScreens-own-target-headers.hmap -Xcc -I/Users/sparkles/Library/Developer/Xcode/DerivedData/Expensio-futtgngxcysvvhcljmosbeftqmyc/Build/Intermediates.noindex/Pods.build/Debug-iphonesimulator/RNScreens.build/RNScreens-all-non-framework-target-headers.hmap -Xcc -ivfsoverlay -Xcc /Users/sparkles/Library/Developer/Xcode/DerivedData/Expensio-futtgngxcysvvhcljmosbeftqmyc/Build/Intermediates.noindex/Pods.build/Debug-iphonesimulator/Pods-8699adb1dd336b26511df848a716bd42-VFS-iphonesimulator/all-product-headers.yaml -Xcc -iquote -Xcc /Users/sparkles/Library/Developer/Xcode/DerivedData/Expensio-futtgngxcysvvhcljmosbeftqmyc/Build/Intermediates.noindex/Pods.build/Debug-iphonesimulator/RNScreens.build/RNScreens-project-headers.hmap -Xcc -I/Users/sparkles/Library/Developer/Xcode/DerivedData/Expensio-futtgngxcysvvhcljmosbeftqmyc/Build/Products/Debug-iphonesimulator/RNScreens/include -Xcc -I/Users/sparkles/Documents/CodingFiles/FullStack/expensioApp/frontend/ios/Pods/Headers/Private -Xcc -I/Users/sparkles/Documents/CodingFiles/FullStack/expensioApp/frontend/ios/Pods/Headers/Private/RNScreens -Xcc -I/Users/sparkles/Documents/CodingFiles/FullStack/expensioApp/frontend/ios/Pods/Headers/Public -Xcc -I/Users/sparkles/Documents/CodingFiles/FullStack/expensioApp/frontend/ios/Pods/Headers/Public/FBLazyVector -Xcc -I/Users/sparkles/Documents/CodingFiles/FullStack/expensioApp/frontend/ios/Pods/Headers/Public/RCTRequired -Xcc -I/Users/sparkles/Documents/CodingFiles/FullStack/expensioApp/frontend/ios/Pods/Headers/Public/RCTSwiftUIWrapper -Xcc -I/Users/sparkles/Documents/CodingFiles/FullStack/expensioApp/frontend/ios/Pods/Headers/Public/RCTTypeSafety -Xcc -I/Users/sparkles/Documents/CodingFiles/FullStack/expensioApp/frontend/ios/Pods/Headers/Public/RNScreens -Xcc -I/Users/sparkles/Documents/CodingFiles/FullStack/expensioApp/frontend/ios/Pods/Headers/Public/React-Core -Xcc -I/Users/sparkles/Documents/CodingFiles/FullStack/expensioApp/frontend/ios/Pods/Headers/Public/React-Core-prebuilt -Xcc -I/Users/sparkles/Documents/CodingFiles/FullStack/expensioApp/frontend/ios/Pods/Headers/Public/React-CoreModules -Xcc -I/Users/sparkles/Documents/CodingFiles/FullStack/expensioApp/frontend/ios/Pods/Headers/Public/React-Fabric -Xcc -I/Users/sparkles/Documents/CodingFiles/FullStack/expensioApp/frontend/ios/Pods/Headers/Public/React-FabricComponents -Xcc -I/Users/sparkles/Documents/CodingFiles/FullStack/expensioApp/frontend/ios/Pods/Headers/Public/React-FabricImage -Xcc -I/Users/sparkles/Documents/CodingFiles/FullStack/expensioApp/frontend/ios/Pods/Headers/Public/React-ImageManager -Xcc -I/Users/sparkles/Documents/CodingFiles/FullStack/expensioApp/frontend/ios/Pods/Headers/Public/React-Mapbuffer -Xcc -I/Users/sparkles/Documents/CodingFiles/FullStack/expensioApp/frontend/ios/Pods/Headers/Public/React-NativeModulesApple -Xcc -I/Users/sparkles/Documents/CodingFiles/FullStack/expensioApp/frontend/ios/Pods/Headers/Public/React-RCTAnimation -Xcc -I/Users/sparkles/Documents/CodingFiles/FullStack/expensioApp/frontend/ios/Pods/Headers/Public/React-RCTBlob -Xcc -I/Users/sparkles/Documents/CodingFiles/FullStack/expensioApp/frontend/ios/Pods/Headers/Public/React-RCTFBReactNativeSpec -Xcc -I/Users/sparkles/Documents/CodingFiles/FullStack/expensioApp/frontend/ios/Pods/Headers/Public/React-RCTFabric -Xcc -I/Users/sparkles/Documents/CodingFiles/FullStack/expensioApp/frontend/ios/Pods/Headers/Public/React-RCTImage -Xcc -I/Users/sparkles/Documents/CodingFiles/FullStack/expensioApp/frontend/ios/Pods/Headers/Public/React-RCTRuntime -Xcc -I/Users/sparkles/Documents/CodingFiles/FullStack/expensioApp/frontend/ios/Pods/Headers/Public/React-RCTText -Xcc -I/Users/sparkles/Documents/CodingFiles/FullStack/expensioApp/frontend/ios/Pods/Headers/Public/React-RuntimeApple -Xcc -I/Users/sparkles/Documents/CodingFiles/FullStack/expensioApp/frontend/ios/Pods/Headers/Public/React-RuntimeCore -Xcc -I/Users/sparkles/Documents/CodingFiles/FullStack/expensioApp/frontend/ios/Pods/Headers/Public/React-RuntimeHermes -Xcc -I/Users/sparkles/Documents/CodingFiles/FullStack/expensioApp/frontend/ios/Pods/Headers/Public/React-callinvoker -Xcc -I/Users/sparkles/Documents/CodingFiles/FullStack/expensioApp/frontend/ios/Pods/Headers/Public/React-cxxreact -Xcc -I/Users/sparkles/Documents/CodingFiles/FullStack/expensioApp/frontend/ios/Pods/Headers/Public/React-debug -Xcc -I/Users/sparkles/Documents/CodingFiles/FullStack/expensioApp/frontend/ios/Pods/Headers/Public/React-defaultsnativemodule -Xcc -I/Users/sparkles/Documents/CodingFiles/FullStack/expensioApp/frontend/ios/Pods/Headers/Public/React-domnativemodule -Xcc -I/Users/sparkles/Documents/CodingFiles/FullStack/expensioApp/frontend/ios/Pods/Headers/Public/React-featureflags -Xcc -I/Users/sparkles/Documents/CodingFiles/FullStack/expensioApp/frontend/ios/Pods/Headers/Public/React-featureflagsnativemodule -Xcc -I/Users/sparkles/Documents/CodingFiles/FullStack/expensioApp/frontend/ios/Pods/Headers/Public/React-graphics -Xcc -I/Users/sparkles/Documents/CodingFiles/FullStack/expensioApp/frontend/ios/Pods/Headers/Public/React-hermes -Xcc -I/Users/sparkles/Documents/CodingFiles/FullStack/expensioApp/frontend/ios/Pods/Headers/Public/React-idlecallbacksnativemodule -Xcc -I/Users/sparkles/Documents/CodingFiles/FullStack/expensioApp/frontend/ios/Pods/Headers/Public/React-intersectionobservernativemodule -Xcc -I/Users/sparkles/Documents/CodingFiles/FullStack/expensioApp/frontend/ios/Pods/Headers/Public/React-jserrorhandler -Xcc -I/Users/sparkles/Documents/CodingFiles/FullStack/expensioApp/frontend/ios/Pods/Headers/Public/React-jsi -Xcc -I/Users/sparkles/Documents/CodingFiles/FullStack/expensioApp/frontend/ios/Pods/Headers/Public/React-jsiexecutor -Xcc -I/Users/sparkles/Documents/CodingFiles/FullStack/expensioApp/frontend/ios/Pods/Headers/Public/React-jsinspector -Xcc -I/Users/sparkles/Documents/CodingFiles/FullStack/expensioApp/frontend/ios/Pods/Headers/Public/React-jsinspectorcdp -Xcc -I/Users/sparkles/Documents/CodingFiles/FullStack/expensioApp/frontend/ios/Pods/Headers/Public/React-jsinspectornetwork -Xcc -I/Users/sparkles/Documents/CodingFiles/FullStack/expensioApp/frontend/ios/Pods/Headers/Public/React-jsinspectortracing -Xcc -I/Users/sparkles/Documents/CodingFiles/FullStack/expensioApp/frontend/ios/Pods/Headers/Public/React-jsitooling -Xcc -I/Users/sparkles/Documents/CodingFiles/FullStack/expensioApp/frontend/ios/Pods/Headers/Public/React-logger -Xcc -I/Users/sparkles/Documents/CodingFiles/FullStack/expensioApp/frontend/ios/Pods/Headers/Public/React-microtasksnativemodule -Xcc -I/Users/sparkles/Documents/CodingFiles/FullStack/expensioApp/frontend/ios/Pods/Headers/Public/React-mutationobservernativemodule -Xcc -I/Users/sparkles/Documents/CodingFiles/FullStack/expensioApp/frontend/ios/Pods/Headers/Public/React-networking -Xcc -I/Users/sparkles/Documents/CodingFiles/FullStack/expensioApp/frontend/ios/Pods/Headers/Public/React-oscompat -Xcc -I/Users/sparkles/Documents/CodingFiles/FullStack/expensioApp/frontend/ios/Pods/Headers/Public/React-perflogger -Xcc -I/Users/sparkles/Documents/CodingFiles/FullStack/expensioApp/frontend/ios/Pods/Headers/Public/React-performancecdpmetrics -Xcc -I/Users/sparkles/Documents/CodingFiles/FullStack/expensioApp/frontend/ios/Pods/Headers/Public/React-performancetimeline -Xcc -I/Users/sparkles/Documents/CodingFiles/FullStack/expensioApp/frontend/ios/Pods/Headers/Public/React-rendererconsistency -Xcc -I/Users/sparkles/Documents/CodingFiles/FullStack/expensioApp/frontend/ios/Pods/Headers/Public/React-renderercss -Xcc -I/Users/sparkles/Documents/CodingFiles/FullStack/expensioApp/frontend/ios/Pods/Headers/Public/React-rendererdebug -Xcc -I/Users/sparkles/Documents/CodingFiles/FullStack/expensioApp/frontend/ios/Pods/Headers/Public/React-runtimeexecutor -Xcc -I/Users/sparkles/Documents/CodingFiles/FullStack/expensioApp/frontend/ios/Pods/Headers/Public/React-runtimescheduler -Xcc -I/Users/sparkles/Documents/CodingFiles/FullStack/expensioApp/frontend/ios/Pods/Headers/Public/React-timing -Xcc -I/Users/sparkles/Documents/CodingFiles/FullStack/expensioApp/frontend/ios/Pods/Headers/Public/React-utils -Xcc -I/Users/sparkles/Documents/CodingFiles/FullStack/expensioApp/frontend/ios/Pods/Headers/Public/React-viewtransitionnativemodule -Xcc -I/Users/sparkles/Documents/CodingFiles/FullStack/expensioApp/frontend/ios/Pods/Headers/Public/React-webperformancenativemodule -Xcc -I/Users/sparkles/Documents/CodingFiles/FullStack/expensioApp/frontend/ios/Pods/Headers/Public/ReactCodegen -Xcc -I/Users/sparkles/Documents/CodingFiles/FullStack/expensioApp/frontend/ios/Pods/Headers/Public/ReactCommon -Xcc -I/Users/sparkles/Documents/CodingFiles/FullStack/expensioApp/frontend/ios/Pods/Headers/Public/ReactNativeDependencies -Xcc -I/Users/sparkles/Documents/CodingFiles/FullStack/expensioApp/frontend/ios/Pods/Headers/Public/Yoga -Xcc -I/Users/sparkles/Documents/CodingFiles/FullStack/expensioApp/frontend/ios/Pods/Headers/Public/hermes-engine -Xcc -I/Users/sparkles/Documents/CodingFiles/FullStack/expensioApp/frontend/ios/Pods/Headers/Private/Yoga -Xcc -I/Users/sparkles/Documents/CodingFiles/FullStack/expensioApp/frontend/ios/Pods/Headers/Private/Yoga -Xcc -I/Users/sparkles/Documents/CodingFiles/FullStack/expensioApp/frontend/node_modules/react-native-screens/common/cpp -Xcc -I/Users/sparkles/Documents/CodingFiles/FullStack/expensioApp/frontend/ios/Pods/ExpoModulesCore/ExpoModulesCore.xcframework/ios-arm64_x86_64-simulator/ExpoModulesCore.framework/Headers -Xcc -I/Users/sparkles/Documents/CodingFiles/FullStack/expensioApp/frontend/ios/Pods/ExpoModulesCore/ExpoModulesCore.xcframework/ios-arm64/ExpoModulesCore.framework/Headers -Xcc -I/Users/sparkles/Documents/CodingFiles/FullStack/expensioApp/frontend/ios/Pods/ExpoModulesCore/ExpoModulesCore.xcframework/ios-arm64_x86_64-simulator/ExpoModulesCore.framework/Headers -Xcc -I/Users/sparkles/Documents/CodingFiles/FullStack/expensioApp/frontend/ios/Pods/ExpoModulesCore/ExpoModulesCore.xcframework/ios-arm64/ExpoModulesCore.framework/Headers -Xcc -I/Users/sparkles/Library/Developer/Xcode/DerivedData/Expensio-futtgngxcysvvhcljmosbeftqmyc/Build/Intermediates.noindex/Pods.build/Debug-iphonesimulator/RNScreens.build/DerivedSources-normal/arm64 -Xcc -I/Users/sparkles/Library/Developer/Xcode/DerivedData/Expensio-futtgngxcysvvhcljmosbeftqmyc/Build/Intermediates.noindex/Pods.build/Debug-iphonesimulator/RNScreens.build/DerivedSources/arm64 -Xcc -I/Users/sparkles/Library/Developer/Xcode/DerivedData/Expensio-futtgngxcysvvhcljmosbeftqmyc/Build/Intermediates.noindex/Pods.build/Debug-iphonesimulator/RNScreens.build/DerivedSources -Xcc -DPOD_CONFIGURATION_DEBUG\=1 -Xcc -DDEBUG\=1 -Xcc -DCOCOAPODS\=1 -emit-objc-header -emit-objc-header-path /Users/sparkles/Library/Developer/Xcode/DerivedData/Expensio-futtgngxcysvvhcljmosbeftqmyc/Build/Intermediates.noindex/Pods.build/Debug-iphonesimulator/RNScreens.build/Objects-normal/arm64/RNScreens-Swift.h -working-directory /Users/sparkles/Documents/CodingFiles/FullStack/expensioApp/frontend/ios/Pods -experimental-emit-module-separately -disable-cmo

Copy /Users/sparkles/Library/Developer/Xcode/DerivedData/Expensio-futtgngxcysvvhcljmosbeftqmyc/Build/Products/Debug-iphonesimulator/RNScreens/RNScreens.swiftmodule/x86_64-apple-ios-simulator.swiftmodule /Users/sparkles/Library/Developer/Xcode/DerivedData/Expensio-futtgngxcysvvhcljmosbeftqmyc/Build/Intermediates.noindex/Pods.build/Debug-iphonesimulator/RNScreens.build/Objects-normal/x86_64/RNScreens.swiftmodule (in target 'RNScreens' from project 'Pods')
    cd /Users/sparkles/Documents/CodingFiles/FullStack/expensioApp/frontend/ios/Pods
    builtin-copy -exclude .DS_Store -exclude CVS -exclude .svn -exclude .git -exclude .hg -resolve-src-symlinks -rename /Users/sparkles/Library/Developer/Xcode/DerivedData/Expensio-futtgngxcysvvhcljmosbeftqmyc/Build/Intermediates.noindex/Pods.build/Debug-iphonesimulator/RNScreens.build/Objects-normal/x86_64/RNScreens.swiftmodule /Users/sparkles/Library/Developer/Xcode/DerivedData/Expensio-futtgngxcysvvhcljmosbeftqmyc/Build/Products/Debug-iphonesimulator/RNScreens/RNScreens.swiftmodule/x86_64-apple-ios-simulator.swiftmodule

SwiftMergeGeneratedHeaders /Users/sparkles/Library/Developer/Xcode/DerivedData/Expensio-futtgngxcysvvhcljmosbeftqmyc/Build/Intermediates.noindex/Pods.build/Debug-iphonesimulator/RNScreens.build/DerivedSources/RNScreens-Swift.h /Users/sparkles/Library/Developer/Xcode/DerivedData/Expensio-futtgngxcysvvhcljmosbeftqmyc/Build/Intermediates.noindex/Pods.build/Debug-iphonesimulator/RNScreens.build/Objects-normal/arm64/RNScreens-Swift.h /Users/sparkles/Library/Developer/Xcode/DerivedData/Expensio-futtgngxcysvvhcljmosbeftqmyc/Build/Intermediates.noindex/Pods.build/Debug-iphonesimulator/RNScreens.build/Objects-normal/x86_64/RNScreens-Swift.h (in target 'RNScreens' from project 'Pods')
    cd /Users/sparkles/Documents/CodingFiles/FullStack/expensioApp/frontend/ios/Pods
    builtin-swiftHeaderTool -arch arm64 /Users/sparkles/Library/Developer/Xcode/DerivedData/Expensio-futtgngxcysvvhcljmosbeftqmyc/Build/Intermediates.noindex/Pods.build/Debug-iphonesimulator/RNScreens.build/Objects-normal/arm64/RNScreens-Swift.h -arch x86_64 /Users/sparkles/Library/Developer/Xcode/DerivedData/Expensio-futtgngxcysvvhcljmosbeftqmyc/Build/Intermediates.noindex/Pods.build/Debug-iphonesimulator/RNScreens.build/Objects-normal/x86_64/RNScreens-Swift.h -o /Users/sparkles/Library/Developer/Xcode/DerivedData/Expensio-futtgngxcysvvhcljmosbeftqmyc/Build/Intermediates.noindex/Pods.build/Debug-iphonesimulator/RNScreens.build/DerivedSources/RNScreens-Swift.h

Copy /Users/sparkles/Library/Developer/Xcode/DerivedData/Expensio-futtgngxcysvvhcljmosbeftqmyc/Build/Products/Debug-iphonesimulator/RNScreens/RNScreens.swiftmodule/x86_64-apple-ios-simulator.swiftdoc /Users/sparkles/Library/Developer/Xcode/DerivedData/Expensio-futtgngxcysvvhcljmosbeftqmyc/Build/Intermediates.noindex/Pods.build/Debug-iphonesimulator/RNScreens.build/Objects-normal/x86_64/RNScreens.swiftdoc (in target 'RNScreens' from project 'Pods')
    cd /Users/sparkles/Documents/CodingFiles/FullStack/expensioApp/frontend/ios/Pods
    builtin-copy -exclude .DS_Store -exclude CVS -exclude .svn -exclude .git -exclude .hg -resolve-src-symlinks -rename /Users/sparkles/Library/Developer/Xcode/DerivedData/Expensio-futtgngxcysvvhcljmosbeftqmyc/Build/Intermediates.noindex/Pods.build/Debug-iphonesimulator/RNScreens.build/Objects-normal/x86_64/RNScreens.swiftdoc /Users/sparkles/Library/Developer/Xcode/DerivedData/Expensio-futtgngxcysvvhcljmosbeftqmyc/Build/Products/Debug-iphonesimulator/RNScreens/RNScreens.swiftmodule/x86_64-apple-ios-simulator.swiftdoc

Copy /Users/sparkles/Library/Developer/Xcode/DerivedData/Expensio-futtgngxcysvvhcljmosbeftqmyc/Build/Products/Debug-iphonesimulator/RNScreens/RNScreens.swiftmodule/x86_64-apple-ios-simulator.abi.json /Users/sparkles/Library/Developer/Xcode/DerivedData/Expensio-futtgngxcysvvhcljmosbeftqmyc/Build/Intermediates.noindex/Pods.build/Debug-iphonesimulator/RNScreens.build/Objects-normal/x86_64/RNScreens.abi.json (in target 'RNScreens' from project 'Pods')
    cd /Users/sparkles/Documents/CodingFiles/FullStack/expensioApp/frontend/ios/Pods
    builtin-copy -exclude .DS_Store -exclude CVS -exclude .svn -exclude .git -exclude .hg -resolve-src-symlinks -rename /Users/sparkles/Library/Developer/Xcode/DerivedData/Expensio-futtgngxcysvvhcljmosbeftqmyc/Build/Intermediates.noindex/Pods.build/Debug-iphonesimulator/RNScreens.build/Objects-normal/x86_64/RNScreens.abi.json /Users/sparkles/Library/Developer/Xcode/DerivedData/Expensio-futtgngxcysvvhcljmosbeftqmyc/Build/Products/Debug-iphonesimulator/RNScreens/RNScreens.swiftmodule/x86_64-apple-ios-simulator.abi.json

Copy /Users/sparkles/Library/Developer/Xcode/DerivedData/Expensio-futtgngxcysvvhcljmosbeftqmyc/Build/Products/Debug-iphonesimulator/RNScreens/RNScreens.swiftmodule/arm64-apple-ios-simulator.swiftmodule /Users/sparkles/Library/Developer/Xcode/DerivedData/Expensio-futtgngxcysvvhcljmosbeftqmyc/Build/Intermediates.noindex/Pods.build/Debug-iphonesimulator/RNScreens.build/Objects-normal/arm64/RNScreens.swiftmodule (in target 'RNScreens' from project 'Pods')
    cd /Users/sparkles/Documents/CodingFiles/FullStack/expensioApp/frontend/ios/Pods
    builtin-copy -exclude .DS_Store -exclude CVS -exclude .svn -exclude .git -exclude .hg -resolve-src-symlinks -rename /Users/sparkles/Library/Developer/Xcode/DerivedData/Expensio-futtgngxcysvvhcljmosbeftqmyc/Build/Intermediates.noindex/Pods.build/Debug-iphonesimulator/RNScreens.build/Objects-normal/arm64/RNScreens.swiftmodule /Users/sparkles/Library/Developer/Xcode/DerivedData/Expensio-futtgngxcysvvhcljmosbeftqmyc/Build/Products/Debug-iphonesimulator/RNScreens/RNScreens.swiftmodule/arm64-apple-ios-simulator.swiftmodule

Copy /Users/sparkles/Library/Developer/Xcode/DerivedData/Expensio-futtgngxcysvvhcljmosbeftqmyc/Build/Products/Debug-iphonesimulator/RNScreens/RNScreens.swiftmodule/arm64-apple-ios-simulator.swiftdoc /Users/sparkles/Library/Developer/Xcode/DerivedData/Expensio-futtgngxcysvvhcljmosbeftqmyc/Build/Intermediates.noindex/Pods.build/Debug-iphonesimulator/RNScreens.build/Objects-normal/arm64/RNScreens.swiftdoc (in target 'RNScreens' from project 'Pods')
    cd /Users/sparkles/Documents/CodingFiles/FullStack/expensioApp/frontend/ios/Pods
    builtin-copy -exclude .DS_Store -exclude CVS -exclude .svn -exclude .git -exclude .hg -resolve-src-symlinks -rename /Users/sparkles/Library/Developer/Xcode/DerivedData/Expensio-futtgngxcysvvhcljmosbeftqmyc/Build/Intermediates.noindex/Pods.build/Debug-iphonesimulator/RNScreens.build/Objects-normal/arm64/RNScreens.swiftdoc /Users/sparkles/Library/Developer/Xcode/DerivedData/Expensio-futtgngxcysvvhcljmosbeftqmyc/Build/Products/Debug-iphonesimulator/RNScreens/RNScreens.swiftmodule/arm64-apple-ios-simulator.swiftdoc

Copy /Users/sparkles/Library/Developer/Xcode/DerivedData/Expensio-futtgngxcysvvhcljmosbeftqmyc/Build/Products/Debug-iphonesimulator/RNScreens/RNScreens.swiftmodule/arm64-apple-ios-simulator.abi.json /Users/sparkles/Library/Developer/Xcode/DerivedData/Expensio-futtgngxcysvvhcljmosbeftqmyc/Build/Intermediates.noindex/Pods.build/Debug-iphonesimulator/RNScreens.build/Objects-normal/arm64/RNScreens.abi.json (in target 'RNScreens' from project 'Pods')
    cd /Users/sparkles/Documents/CodingFiles/FullStack/expensioApp/frontend/ios/Pods
    builtin-copy -exclude .DS_Store -exclude CVS -exclude .svn -exclude .git -exclude .hg -resolve-src-symlinks -rename /Users/sparkles/Library/Developer/Xcode/DerivedData/Expensio-futtgngxcysvvhcljmosbeftqmyc/Build/Intermediates.noindex/Pods.build/Debug-iphonesimulator/RNScreens.build/Objects-normal/arm64/RNScreens.abi.json /Users/sparkles/Library/Developer/Xcode/DerivedData/Expensio-futtgngxcysvvhcljmosbeftqmyc/Build/Products/Debug-iphonesimulator/RNScreens/RNScreens.swiftmodule/arm64-apple-ios-simulator.abi.json

Copy /Users/sparkles/Library/Developer/Xcode/DerivedData/Expensio-futtgngxcysvvhcljmosbeftqmyc/Build/Products/Debug-iphonesimulator/RNScreens/RNScreens.swiftmodule/Project/x86_64-apple-ios-simulator.swiftsourceinfo /Users/sparkles/Library/Developer/Xcode/DerivedData/Expensio-futtgngxcysvvhcljmosbeftqmyc/Build/Intermediates.noindex/Pods.build/Debug-iphonesimulator/RNScreens.build/Objects-normal/x86_64/RNScreens.swiftsourceinfo (in target 'RNScreens' from project 'Pods')
    cd /Users/sparkles/Documents/CodingFiles/FullStack/expensioApp/frontend/ios/Pods
    builtin-copy -exclude .DS_Store -exclude CVS -exclude .svn -exclude .git -exclude .hg -resolve-src-symlinks -rename /Users/sparkles/Library/Developer/Xcode/DerivedData/Expensio-futtgngxcysvvhcljmosbeftqmyc/Build/Intermediates.noindex/Pods.build/Debug-iphonesimulator/RNScreens.build/Objects-normal/x86_64/RNScreens.swiftsourceinfo /Users/sparkles/Library/Developer/Xcode/DerivedData/Expensio-futtgngxcysvvhcljmosbeftqmyc/Build/Products/Debug-iphonesimulator/RNScreens/RNScreens.swiftmodule/Project/x86_64-apple-ios-simulator.swiftsourceinfo

Copy /Users/sparkles/Library/Developer/Xcode/DerivedData/Expensio-futtgngxcysvvhcljmosbeftqmyc/Build/Products/Debug-iphonesimulator/RNScreens/RNScreens.swiftmodule/Project/arm64-apple-ios-simulator.swiftsourceinfo /Users/sparkles/Library/Developer/Xcode/DerivedData/Expensio-futtgngxcysvvhcljmosbeftqmyc/Build/Intermediates.noindex/Pods.build/Debug-iphonesimulator/RNScreens.build/Objects-normal/arm64/RNScreens.swiftsourceinfo (in target 'RNScreens' from project 'Pods')
    cd /Users/sparkles/Documents/CodingFiles/FullStack/expensioApp/frontend/ios/Pods
    builtin-copy -exclude .DS_Store -exclude CVS -exclude .svn -exclude .git -exclude .hg -resolve-src-symlinks -rename /Users/sparkles/Library/Developer/Xcode/DerivedData/Expensio-futtgngxcysvvhcljmosbeftqmyc/Build/Intermediates.noindex/Pods.build/Debug-iphonesimulator/RNScreens.build/Objects-normal/arm64/RNScreens.swiftsourceinfo /Users/sparkles/Library/Developer/Xcode/DerivedData/Expensio-futtgngxcysvvhcljmosbeftqmyc/Build/Products/Debug-iphonesimulator/RNScreens/RNScreens.swiftmodule/Project/arm64-apple-ios-simulator.swiftsourceinfo

CompileC /Users/sparkles/Library/Developer/Xcode/DerivedData/Expensio-futtgngxcysvvhcljmosbeftqmyc/Build/Intermediates.noindex/Pods.build/Debug-iphonesimulator/RNSVG.build/Objects-normal/x86_64/RNSVGTextPathManager.o /Users/sparkles/Documents/CodingFiles/FullStack/expensioApp/frontend/node_modules/react-native-svg/apple/ViewManagers/RNSVGTextPathManager.mm normal x86_64 objective-c++ com.apple.compilers.llvm.clang.1_0.compiler (in target 'RNSVG' from project 'Pods')
    cd /Users/sparkles/Documents/CodingFiles/FullStack/expensioApp/frontend/ios/Pods
    
    Using response file: /Users/sparkles/Library/Developer/Xcode/DerivedData/Expensio-futtgngxcysvvhcljmosbeftqmyc/Build/Intermediates.noindex/Pods.build/Debug-iphonesimulator/RNSVG.build/Objects-normal/x86_64/af3fcb34312c57c0f52879cdce924b91-common-args.resp
    
    /Applications/Xcode.app/Contents/Developer/Toolchains/XcodeDefault.xctoolchain/usr/bin/clang -x objective-c++ -ivfsstatcache /Users/sparkles/Library/Developer/Xcode/DerivedData/SDKStatCaches.noindex/iphonesimulator27.0-24A430-8dc58220667be655e1bcc261a7455254.sdkstatcache -target x86_64-apple-ios17.0-simulator -fmessage-length\=0 -fdiagnostics-show-note-include-stack -fmacro-backtrace-limit\=0 -fno-color-diagnostics -fmodules-prune-interval\=86400 -fmodules-prune-after\=345600 -fbuild-session-file\=/Users/sparkles/Library/Developer/Xcode/DerivedData/ModuleCache.noindex/Session.modulevalidation -fmodules-validate-once-per-build-session -Wnon-modular-include-in-framework-module -Werror\=non-modular-include-in-framework-module -Wno-trigraphs -Wno-missing-field-initializers -Wno-missing-prototypes -Werror\=return-type -Wdocumentation -Wunreachable-code -Wno-implicit-atomic-properties -Werror\=deprecated-objc-isa-usage -Wno-objc-interface-ivars -Werror\=objc-root-class -Wno-arc-repeated-use-of-weak -Wimplicit-retain-self -Wno-non-virtual-dtor -Wno-overloaded-virtual -Wno-exit-time-destructors -Wduplicate-method-match -Wno-missing-braces -Wparentheses -Wswitch -Wunused-function -Wno-unused-label -Wno-unused-parameter -Wunused-variable -Wunused-value -Wempty-body -Wuninitialized -Wconditional-uninitialized -Wno-unknown-pragmas -Wno-shadow -Wno-four-char-constants -Wno-conversion -Wconstant-conversion -Wint-conversion -Wbool-conversion -Wenum-conversion -Wno-float-conversion -Wnon-literal-null-conversion -Wobjc-literal-conversion -Wshorten-64-to-32 -Wno-newline-eof -Wno-selector -Wno-strict-selector-match -Wundeclared-selector -Wdeprecated-implementations -Wno-c++11-extensions -Wno-implicit-fallthrough -isysroot /Applications/Xcode.app/Contents/Developer/Platforms/iPhoneSimulator.platform/Developer/SDKs/iPhoneSimulator27.0.sdk -fstrict-aliasing -Wprotocol -Wdeprecated-declarations -Winvalid-offsetof -Wno-sign-conversion -Winfinite-recursion -Wmove -Wcomma -Wblock-capture-autoreleasing -Wstrict-prototypes -Wrange-loop-analysis -Wno-semicolon-before-method-body -Wunguarded-availability -index-store-path /Users/sparkles/Library/Developer/Xcode/DerivedData/Expensio-futtgngxcysvvhcljmosbeftqmyc/Index.noindex/DataStore @/Users/sparkles/Library/Developer/Xcode/DerivedData/Expensio-futtgngxcysvvhcljmosbeftqmyc/Build/Intermediates.noindex/Pods.build/Debug-iphonesimulator/RNSVG.build/Objects-normal/x86_64/af3fcb34312c57c0f52879cdce924b91-common-args.resp -DRCT_NEW_ARCH_ENABLED\=1 -include /Users/sparkles/Documents/CodingFiles/FullStack/expensioApp/frontend/ios/Pods/Target\ Support\ Files/RNSVG/RNSVG-prefix.pch -MMD -MT dependencies -MF /Users/sparkles/Library/Developer/Xcode/DerivedData/Expensio-futtgngxcysvvhcljmosbeftqmyc/Build/Intermediates.noindex/Pods.build/Debug-iphonesimulator/RNSVG.build/Objects-normal/x86_64/RNSVGTextPathManager.d --serialize-diagnostics /Users/sparkles/Library/Developer/Xcode/DerivedData/Expensio-futtgngxcysvvhcljmosbeftqmyc/Build/Intermediates.noindex/Pods.build/Debug-iphonesimulator/RNSVG.build/Objects-normal/x86_64/RNSVGTextPathManager.dia -c /Users/sparkles/Documents/CodingFiles/FullStack/expensioApp/frontend/node_modules/react-native-svg/apple/ViewManagers/RNSVGTextPathManager.mm -o /Users/sparkles/Library/Developer/Xcode/DerivedData/Expensio-futtgngxcysvvhcljmosbeftqmyc/Build/Intermediates.noindex/Pods.build/Debug-iphonesimulator/RNSVG.build/Objects-normal/x86_64/RNSVGTextPathManager.o -index-unit-output-path /Pods.build/Debug-iphonesimulator/RNSVG.build/Objects-normal/x86_64/RNSVGTextPathManager.o

CompileC /Users/sparkles/Library/Developer/Xcode/DerivedData/Expensio-futtgngxcysvvhcljmosbeftqmyc/Build/Intermediates.noindex/Pods.build/Debug-iphonesimulator/RNSVG.build/Objects-normal/x86_64/RNSVGTextPath.o /Users/sparkles/Documents/CodingFiles/FullStack/expensioApp/frontend/node_modules/react-native-svg/apple/Text/RNSVGTextPath.mm normal x86_64 objective-c++ com.apple.compilers.llvm.clang.1_0.compiler (in target 'RNSVG' from project 'Pods')
    cd /Users/sparkles/Documents/CodingFiles/FullStack/expensioApp/frontend/ios/Pods
    
    Using response file: /Users/sparkles/Library/Developer/Xcode/DerivedData/Expensio-futtgngxcysvvhcljmosbeftqmyc/Build/Intermediates.noindex/Pods.build/Debug-iphonesimulator/RNSVG.build/Objects-normal/x86_64/af3fcb34312c57c0f52879cdce924b91-common-args.resp
    
    /Applications/Xcode.app/Contents/Developer/Toolchains/XcodeDefault.xctoolchain/usr/bin/clang -x objective-c++ -ivfsstatcache /Users/sparkles/Library/Developer/Xcode/DerivedData/SDKStatCaches.noindex/iphonesimulator27.0-24A430-8dc58220667be655e1bcc261a7455254.sdkstatcache -target x86_64-apple-ios17.0-simulator -fmessage-length\=0 -fdiagnostics-show-note-include-stack -fmacro-backtrace-limit\=0 -fno-color-diagnostics -fmodules-prune-interval\=86400 -fmodules-prune-after\=345600 -fbuild-session-file\=/Users/sparkles/Library/Developer/Xcode/DerivedData/ModuleCache.noindex/Session.modulevalidation -fmodules-validate-once-per-build-session -Wnon-modular-include-in-framework-module -Werror\=non-modular-include-in-framework-module -Wno-trigraphs -Wno-missing-field-initializers -Wno-missing-prototypes -Werror\=return-type -Wdocumentation -Wunreachable-code -Wno-implicit-atomic-properties -Werror\=deprecated-objc-isa-usage -Wno-objc-interface-ivars -Werror\=objc-root-class -Wno-arc-repeated-use-of-weak -Wimplicit-retain-self -Wno-non-virtual-dtor -Wno-overloaded-virtual -Wno-exit-time-destructors -Wduplicate-method-match -Wno-missing-braces -Wparentheses -Wswitch -Wunused-function -Wno-unused-label -Wno-unused-parameter -Wunused-variable -Wunused-value -Wempty-body -Wuninitialized -Wconditional-uninitialized -Wno-unknown-pragmas -Wno-shadow -Wno-four-char-constants -Wno-conversion -Wconstant-conversion -Wint-conversion -Wbool-conversion -Wenum-conversion -Wno-float-conversion -Wnon-literal-null-conversion -Wobjc-literal-conversion -Wshorten-64-to-32 -Wno-newline-eof -Wno-selector -Wno-strict-selector-match -Wundeclared-selector -Wdeprecated-implementations -Wno-c++11-extensions -Wno-implicit-fallthrough -isysroot /Applications/Xcode.app/Contents/Developer/Platforms/iPhoneSimulator.platform/Developer/SDKs/iPhoneSimulator27.0.sdk -fstrict-aliasing -Wprotocol -Wdeprecated-declarations -Winvalid-offsetof -Wno-sign-conversion -Winfinite-recursion -Wmove -Wcomma -Wblock-capture-autoreleasing -Wstrict-prototypes -Wrange-loop-analysis -Wno-semicolon-before-method-body -Wunguarded-availability -index-store-path /Users/sparkles/Library/Developer/Xcode/DerivedData/Expensio-futtgngxcysvvhcljmosbeftqmyc/Index.noindex/DataStore @/Users/sparkles/Library/Developer/Xcode/DerivedData/Expensio-futtgngxcysvvhcljmosbeftqmyc/Build/Intermediates.noindex/Pods.build/Debug-iphonesimulator/RNSVG.build/Objects-normal/x86_64/af3fcb34312c57c0f52879cdce924b91-common-args.resp -DRCT_NEW_ARCH_ENABLED\=1 -include /Users/sparkles/Documents/CodingFiles/FullStack/expensioApp/frontend/ios/Pods/Target\ Support\ Files/RNSVG/RNSVG-prefix.pch -MMD -MT dependencies -MF /Users/sparkles/Library/Developer/Xcode/DerivedData/Expensio-futtgngxcysvvhcljmosbeftqmyc/Build/Intermediates.noindex/Pods.build/Debug-iphonesimulator/RNSVG.build/Objects-normal/x86_64/RNSVGTextPath.d --serialize-diagnostics /Users/sparkles/Library/Developer/Xcode/DerivedData/Expensio-futtgngxcysvvhcljmosbeftqmyc/Build/Intermediates.noindex/Pods.build/Debug-iphonesimulator/RNSVG.build/Objects-normal/x86_64/RNSVGTextPath.dia -c /Users/sparkles/Documents/CodingFiles/FullStack/expensioApp/frontend/node_modules/react-native-svg/apple/Text/RNSVGTextPath.mm -o /Users/sparkles/Library/Developer/Xcode/DerivedData/Expensio-futtgngxcysvvhcljmosbeftqmyc/Build/Intermediates.noindex/Pods.build/Debug-iphonesimulator/RNSVG.build/Objects-normal/x86_64/RNSVGTextPath.o -index-unit-output-path /Pods.build/Debug-iphonesimulator/RNSVG.build/Objects-normal/x86_64/RNSVGTextPath.o
/Users/sparkles/Documents/CodingFiles/FullStack/expensioApp/frontend/node_modules/react-native-svg/apple/Text/RNSVGTextPath.mm:62:1: warning: method possibly missing a [super updateProps:oldProps:] call [-Wobjc-missing-super-calls]
   62 | }
      | ^
In file included from /Users/sparkles/Documents/CodingFiles/FullStack/expensioApp/frontend/node_modules/react-native-svg/apple/Text/RNSVGTextPath.mm:16:
/Users/sparkles/Documents/CodingFiles/FullStack/expensioApp/frontend/node_modules/react-native-svg/apple/Utils/RNSVGFabricConversions.h:246:19: warning: unused function 'intToRNSVGVBMOS' [-Wunused-function]
  246 | static RNSVGVBMOS intToRNSVGVBMOS(int value)
      |                   ^~~~~~~~~~~~~~~
2 warnings generated.

SwiftDriverJobDiscovery normal x86_64 Compiling RNSLog.swift (in target 'RNScreens' from project 'Pods')

CompileC /Users/sparkles/Library/Developer/Xcode/DerivedData/Expensio-futtgngxcysvvhcljmosbeftqmyc/Build/Intermediates.noindex/Pods.build/Debug-iphonesimulator/RNSVG.build/Objects-normal/x86_64/RNSVGTextManager.o /Users/sparkles/Documents/CodingFiles/FullStack/expensioApp/frontend/node_modules/react-native-svg/apple/ViewManagers/RNSVGTextManager.mm normal x86_64 objective-c++ com.apple.compilers.llvm.clang.1_0.compiler (in target 'RNSVG' from project 'Pods')
    cd /Users/sparkles/Documents/CodingFiles/FullStack/expensioApp/frontend/ios/Pods
    
    Using response file: /Users/sparkles/Library/Developer/Xcode/DerivedData/Expensio-futtgngxcysvvhcljmosbeftqmyc/Build/Intermediates.noindex/Pods.build/Debug-iphonesimulator/RNSVG.build/Objects-normal/x86_64/af3fcb34312c57c0f52879cdce924b91-common-args.resp
    
    /Applications/Xcode.app/Contents/Developer/Toolchains/XcodeDefault.xctoolchain/usr/bin/clang -x objective-c++ -ivfsstatcache /Users/sparkles/Library/Developer/Xcode/DerivedData/SDKStatCaches.noindex/iphonesimulator27.0-24A430-8dc58220667be655e1bcc261a7455254.sdkstatcache -target x86_64-apple-ios17.0-simulator -fmessage-length\=0 -fdiagnostics-show-note-include-stack -fmacro-backtrace-limit\=0 -fno-color-diagnostics -fmodules-prune-interval\=86400 -fmodules-prune-after\=345600 -fbuild-session-file\=/Users/sparkles/Library/Developer/Xcode/DerivedData/ModuleCache.noindex/Session.modulevalidation -fmodules-validate-once-per-build-session -Wnon-modular-include-in-framework-module -Werror\=non-modular-include-in-framework-module -Wno-trigraphs -Wno-missing-field-initializers -Wno-missing-prototypes -Werror\=return-type -Wdocumentation -Wunreachable-code -Wno-implicit-atomic-properties -Werror\=deprecated-objc-isa-usage -Wno-objc-interface-ivars -Werror\=objc-root-class -Wno-arc-repeated-use-of-weak -Wimplicit-retain-self -Wno-non-virtual-dtor -Wno-overloaded-virtual -Wno-exit-time-destructors -Wduplicate-method-match -Wno-missing-braces -Wparentheses -Wswitch -Wunused-function -Wno-unused-label -Wno-unused-parameter -Wunused-variable -Wunused-value -Wempty-body -Wuninitialized -Wconditional-uninitialized -Wno-unknown-pragmas -Wno-shadow -Wno-four-char-constants -Wno-conversion -Wconstant-conversion -Wint-conversion -Wbool-conversion -Wenum-conversion -Wno-float-conversion -Wnon-literal-null-conversion -Wobjc-literal-conversion -Wshorten-64-to-32 -Wno-newline-eof -Wno-selector -Wno-strict-selector-match -Wundeclared-selector -Wdeprecated-implementations -Wno-c++11-extensions -Wno-implicit-fallthrough -isysroot /Applications/Xcode.app/Contents/Developer/Platforms/iPhoneSimulator.platform/Developer/SDKs/iPhoneSimulator27.0.sdk -fstrict-aliasing -Wprotocol -Wdeprecated-declarations -Winvalid-offsetof -Wno-sign-conversion -Winfinite-recursion -Wmove -Wcomma -Wblock-capture-autoreleasing -Wstrict-prototypes -Wrange-loop-analysis -Wno-semicolon-before-method-body -Wunguarded-availability -index-store-path /Users/sparkles/Library/Developer/Xcode/DerivedData/Expensio-futtgngxcysvvhcljmosbeftqmyc/Index.noindex/DataStore @/Users/sparkles/Library/Developer/Xcode/DerivedData/Expensio-futtgngxcysvvhcljmosbeftqmyc/Build/Intermediates.noindex/Pods.build/Debug-iphonesimulator/RNSVG.build/Objects-normal/x86_64/af3fcb34312c57c0f52879cdce924b91-common-args.resp -DRCT_NEW_ARCH_ENABLED\=1 -include /Users/sparkles/Documents/CodingFiles/FullStack/expensioApp/frontend/ios/Pods/Target\ Support\ Files/RNSVG/RNSVG-prefix.pch -MMD -MT dependencies -MF /Users/sparkles/Library/Developer/Xcode/DerivedData/Expensio-futtgngxcysvvhcljmosbeftqmyc/Build/Intermediates.noindex/Pods.build/Debug-iphonesimulator/RNSVG.build/Objects-normal/x86_64/RNSVGTextManager.d --serialize-diagnostics /Users/sparkles/Library/Developer/Xcode/DerivedData/Expensio-futtgngxcysvvhcljmosbeftqmyc/Build/Intermediates.noindex/Pods.build/Debug-iphonesimulator/RNSVG.build/Objects-normal/x86_64/RNSVGTextManager.dia -c /Users/sparkles/Documents/CodingFiles/FullStack/expensioApp/frontend/node_modules/react-native-svg/apple/ViewManagers/RNSVGTextManager.mm -o /Users/sparkles/Library/Developer/Xcode/DerivedData/Expensio-futtgngxcysvvhcljmosbeftqmyc/Build/Intermediates.noindex/Pods.build/Debug-iphonesimulator/RNSVG.build/Objects-normal/x86_64/RNSVGTextManager.o -index-unit-output-path /Pods.build/Debug-iphonesimulator/RNSVG.build/Objects-normal/x86_64/RNSVGTextManager.o

CompileC /Users/sparkles/Library/Developer/Xcode/DerivedData/Expensio-futtgngxcysvvhcljmosbeftqmyc/Build/Intermediates.noindex/Pods.build/Debug-iphonesimulator/RNSVG.build/Objects-normal/x86_64/RNSVGText.o /Users/sparkles/Documents/CodingFiles/FullStack/expensioApp/frontend/node_modules/react-native-svg/apple/Text/RNSVGText.mm normal x86_64 objective-c++ com.apple.compilers.llvm.clang.1_0.compiler (in target 'RNSVG' from project 'Pods')
    cd /Users/sparkles/Documents/CodingFiles/FullStack/expensioApp/frontend/ios/Pods
    
    Using response file: /Users/sparkles/Library/Developer/Xcode/DerivedData/Expensio-futtgngxcysvvhcljmosbeftqmyc/Build/Intermediates.noindex/Pods.build/Debug-iphonesimulator/RNSVG.build/Objects-normal/x86_64/af3fcb34312c57c0f52879cdce924b91-common-args.resp
    
    /Applications/Xcode.app/Contents/Developer/Toolchains/XcodeDefault.xctoolchain/usr/bin/clang -x objective-c++ -ivfsstatcache /Users/sparkles/Library/Developer/Xcode/DerivedData/SDKStatCaches.noindex/iphonesimulator27.0-24A430-8dc58220667be655e1bcc261a7455254.sdkstatcache -target x86_64-apple-ios17.0-simulator -fmessage-length\=0 -fdiagnostics-show-note-include-stack -fmacro-backtrace-limit\=0 -fno-color-diagnostics -fmodules-prune-interval\=86400 -fmodules-prune-after\=345600 -fbuild-session-file\=/Users/sparkles/Library/Developer/Xcode/DerivedData/ModuleCache.noindex/Session.modulevalidation -fmodules-validate-once-per-build-session -Wnon-modular-include-in-framework-module -Werror\=non-modular-include-in-framework-module -Wno-trigraphs -Wno-missing-field-initializers -Wno-missing-prototypes -Werror\=return-type -Wdocumentation -Wunreachable-code -Wno-implicit-atomic-properties -Werror\=deprecated-objc-isa-usage -Wno-objc-interface-ivars -Werror\=objc-root-class -Wno-arc-repeated-use-of-weak -Wimplicit-retain-self -Wno-non-virtual-dtor -Wno-overloaded-virtual -Wno-exit-time-destructors -Wduplicate-method-match -Wno-missing-braces -Wparentheses -Wswitch -Wunused-function -Wno-unused-label -Wno-unused-parameter -Wunused-variable -Wunused-value -Wempty-body -Wuninitialized -Wconditional-uninitialized -Wno-unknown-pragmas -Wno-shadow -Wno-four-char-constants -Wno-conversion -Wconstant-conversion -Wint-conversion -Wbool-conversion -Wenum-conversion -Wno-float-conversion -Wnon-literal-null-conversion -Wobjc-literal-conversion -Wshorten-64-to-32 -Wno-newline-eof -Wno-selector -Wno-strict-selector-match -Wundeclared-selector -Wdeprecated-implementations -Wno-c++11-extensions -Wno-implicit-fallthrough -isysroot /Applications/Xcode.app/Contents/Developer/Platforms/iPhoneSimulator.platform/Developer/SDKs/iPhoneSimulator27.0.sdk -fstrict-aliasing -Wprotocol -Wdeprecated-declarations -Winvalid-offsetof -Wno-sign-conversion -Winfinite-recursion -Wmove -Wcomma -Wblock-capture-autoreleasing -Wstrict-prototypes -Wrange-loop-analysis -Wno-semicolon-before-method-body -Wunguarded-availability -index-store-path /Users/sparkles/Library/Developer/Xcode/DerivedData/Expensio-futtgngxcysvvhcljmosbeftqmyc/Index.noindex/DataStore @/Users/sparkles/Library/Developer/Xcode/DerivedData/Expensio-futtgngxcysvvhcljmosbeftqmyc/Build/Intermediates.noindex/Pods.build/Debug-iphonesimulator/RNSVG.build/Objects-normal/x86_64/af3fcb34312c57c0f52879cdce924b91-common-args.resp -DRCT_NEW_ARCH_ENABLED\=1 -include /Users/sparkles/Documents/CodingFiles/FullStack/expensioApp/frontend/ios/Pods/Target\ Support\ Files/RNSVG/RNSVG-prefix.pch -MMD -MT dependencies -MF /Users/sparkles/Library/Developer/Xcode/DerivedData/Expensio-futtgngxcysvvhcljmosbeftqmyc/Build/Intermediates.noindex/Pods.build/Debug-iphonesimulator/RNSVG.build/Objects-normal/x86_64/RNSVGText.d --serialize-diagnostics /Users/sparkles/Library/Developer/Xcode/DerivedData/Expensio-futtgngxcysvvhcljmosbeftqmyc/Build/Intermediates.noindex/Pods.build/Debug-iphonesimulator/RNSVG.build/Objects-normal/x86_64/RNSVGText.dia -c /Users/sparkles/Documents/CodingFiles/FullStack/expensioApp/frontend/node_modules/react-native-svg/apple/Text/RNSVGText.mm -o /Users/sparkles/Library/Developer/Xcode/DerivedData/Expensio-futtgngxcysvvhcljmosbeftqmyc/Build/Intermediates.noindex/Pods.build/Debug-iphonesimulator/RNSVG.build/Objects-normal/x86_64/RNSVGText.o -index-unit-output-path /Pods.build/Debug-iphonesimulator/RNSVG.build/Objects-normal/x86_64/RNSVGText.o
/Users/sparkles/Documents/CodingFiles/FullStack/expensioApp/frontend/node_modules/react-native-svg/apple/Text/RNSVGText.mm:62:1: warning: method possibly missing a [super updateProps:oldProps:] call [-Wobjc-missing-super-calls]
   62 | }
      | ^
In file included from /Users/sparkles/Documents/CodingFiles/FullStack/expensioApp/frontend/node_modules/react-native-svg/apple/Text/RNSVGText.mm:21:
/Users/sparkles/Documents/CodingFiles/FullStack/expensioApp/frontend/node_modules/react-native-svg/apple/Utils/RNSVGFabricConversions.h:246:19: warning: unused function 'intToRNSVGVBMOS' [-Wunused-function]
  246 | static RNSVGVBMOS intToRNSVGVBMOS(int value)
      |                   ^~~~~~~~~~~~~~~
2 warnings generated.

CompileC /Users/sparkles/Library/Developer/Xcode/DerivedData/Expensio-futtgngxcysvvhcljmosbeftqmyc/Build/Intermediates.noindex/Pods.build/Debug-iphonesimulator/RNSVG.build/Objects-normal/x86_64/RNSVGTSpanManager.o /Users/sparkles/Documents/CodingFiles/FullStack/expensioApp/frontend/node_modules/react-native-svg/apple/ViewManagers/RNSVGTSpanManager.mm normal x86_64 objective-c++ com.apple.compilers.llvm.clang.1_0.compiler (in target 'RNSVG' from project 'Pods')
    cd /Users/sparkles/Documents/CodingFiles/FullStack/expensioApp/frontend/ios/Pods
    
    Using response file: /Users/sparkles/Library/Developer/Xcode/DerivedData/Expensio-futtgngxcysvvhcljmosbeftqmyc/Build/Intermediates.noindex/Pods.build/Debug-iphonesimulator/RNSVG.build/Objects-normal/x86_64/af3fcb34312c57c0f52879cdce924b91-common-args.resp
    
    /Applications/Xcode.app/Contents/Developer/Toolchains/XcodeDefault.xctoolchain/usr/bin/clang -x objective-c++ -ivfsstatcache /Users/sparkles/Library/Developer/Xcode/DerivedData/SDKStatCaches.noindex/iphonesimulator27.0-24A430-8dc58220667be655e1bcc261a7455254.sdkstatcache -target x86_64-apple-ios17.0-simulator -fmessage-length\=0 -fdiagnostics-show-note-include-stack -fmacro-backtrace-limit\=0 -fno-color-diagnostics -fmodules-prune-interval\=86400 -fmodules-prune-after\=345600 -fbuild-session-file\=/Users/sparkles/Library/Developer/Xcode/DerivedData/ModuleCache.noindex/Session.modulevalidation -fmodules-validate-once-per-build-session -Wnon-modular-include-in-framework-module -Werror\=non-modular-include-in-framework-module -Wno-trigraphs -Wno-missing-field-initializers -Wno-missing-prototypes -Werror\=return-type -Wdocumentation -Wunreachable-code -Wno-implicit-atomic-properties -Werror\=deprecated-objc-isa-usage -Wno-objc-interface-ivars -Werror\=objc-root-class -Wno-arc-repeated-use-of-weak -Wimplicit-retain-self -Wno-non-virtual-dtor -Wno-overloaded-virtual -Wno-exit-time-destructors -Wduplicate-method-match -Wno-missing-braces -Wparentheses -Wswitch -Wunused-function -Wno-unused-label -Wno-unused-parameter -Wunused-variable -Wunused-value -Wempty-body -Wuninitialized -Wconditional-uninitialized -Wno-unknown-pragmas -Wno-shadow -Wno-four-char-constants -Wno-conversion -Wconstant-conversion -Wint-conversion -Wbool-conversion -Wenum-conversion -Wno-float-conversion -Wnon-literal-null-conversion -Wobjc-literal-conversion -Wshorten-64-to-32 -Wno-newline-eof -Wno-selector -Wno-strict-selector-match -Wundeclared-selector -Wdeprecated-implementations -Wno-c++11-extensions -Wno-implicit-fallthrough -isysroot /Applications/Xcode.app/Contents/Developer/Platforms/iPhoneSimulator.platform/Developer/SDKs/iPhoneSimulator27.0.sdk -fstrict-aliasing -Wprotocol -Wdeprecated-declarations -Winvalid-offsetof -Wno-sign-conversion -Winfinite-recursion -Wmove -Wcomma -Wblock-capture-autoreleasing -Wstrict-prototypes -Wrange-loop-analysis -Wno-semicolon-before-method-body -Wunguarded-availability -index-store-path /Users/sparkles/Library/Developer/Xcode/DerivedData/Expensio-futtgngxcysvvhcljmosbeftqmyc/Index.noindex/DataStore @/Users/sparkles/Library/Developer/Xcode/DerivedData/Expensio-futtgngxcysvvhcljmosbeftqmyc/Build/Intermediates.noindex/Pods.build/Debug-iphonesimulator/RNSVG.build/Objects-normal/x86_64/af3fcb34312c57c0f52879cdce924b91-common-args.resp -DRCT_NEW_ARCH_ENABLED\=1 -include /Users/sparkles/Documents/CodingFiles/FullStack/expensioApp/frontend/ios/Pods/Target\ Support\ Files/RNSVG/RNSVG-prefix.pch -MMD -MT dependencies -MF /Users/sparkles/Library/Developer/Xcode/DerivedData/Expensio-futtgngxcysvvhcljmosbeftqmyc/Build/Intermediates.noindex/Pods.build/Debug-iphonesimulator/RNSVG.build/Objects-normal/x86_64/RNSVGTSpanManager.d --serialize-diagnostics /Users/sparkles/Library/Developer/Xcode/DerivedData/Expensio-futtgngxcysvvhcljmosbeftqmyc/Build/Intermediates.noindex/Pods.build/Debug-iphonesimulator/RNSVG.build/Objects-normal/x86_64/RNSVGTSpanManager.dia -c /Users/sparkles/Documents/CodingFiles/FullStack/expensioApp/frontend/node_modules/react-native-svg/apple/ViewManagers/RNSVGTSpanManager.mm -o /Users/sparkles/Library/Developer/Xcode/DerivedData/Expensio-futtgngxcysvvhcljmosbeftqmyc/Build/Intermediates.noindex/Pods.build/Debug-iphonesimulator/RNSVG.build/Objects-normal/x86_64/RNSVGTSpanManager.o -index-unit-output-path /Pods.build/Debug-iphonesimulator/RNSVG.build/Objects-normal/x86_64/RNSVGTSpanManager.o

CompileC /Users/sparkles/Library/Developer/Xcode/DerivedData/Expensio-futtgngxcysvvhcljmosbeftqmyc/Build/Intermediates.noindex/Pods.build/Debug-iphonesimulator/RNSVG.build/Objects-normal/x86_64/RNSVGTSpan.o /Users/sparkles/Documents/CodingFiles/FullStack/expensioApp/frontend/node_modules/react-native-svg/apple/Text/RNSVGTSpan.mm normal x86_64 objective-c++ com.apple.compilers.llvm.clang.1_0.compiler (in target 'RNSVG' from project 'Pods')
    cd /Users/sparkles/Documents/CodingFiles/FullStack/expensioApp/frontend/ios/Pods
    
    Using response file: /Users/sparkles/Library/Developer/Xcode/DerivedData/Expensio-futtgngxcysvvhcljmosbeftqmyc/Build/Intermediates.noindex/Pods.build/Debug-iphonesimulator/RNSVG.build/Objects-normal/x86_64/af3fcb34312c57c0f52879cdce924b91-common-args.resp
    
    /Applications/Xcode.app/Contents/Developer/Toolchains/XcodeDefault.xctoolchain/usr/bin/clang -x objective-c++ -ivfsstatcache /Users/sparkles/Library/Developer/Xcode/DerivedData/SDKStatCaches.noindex/iphonesimulator27.0-24A430-8dc58220667be655e1bcc261a7455254.sdkstatcache -target x86_64-apple-ios17.0-simulator -fmessage-length\=0 -fdiagnostics-show-note-include-stack -fmacro-backtrace-limit\=0 -fno-color-diagnostics -fmodules-prune-interval\=86400 -fmodules-prune-after\=345600 -fbuild-session-file\=/Users/sparkles/Library/Developer/Xcode/DerivedData/ModuleCache.noindex/Session.modulevalidation -fmodules-validate-once-per-build-session -Wnon-modular-include-in-framework-module -Werror\=non-modular-include-in-framework-module -Wno-trigraphs -Wno-missing-field-initializers -Wno-missing-prototypes -Werror\=return-type -Wdocumentation -Wunreachable-code -Wno-implicit-atomic-properties -Werror\=deprecated-objc-isa-usage -Wno-objc-interface-ivars -Werror\=objc-root-class -Wno-arc-repeated-use-of-weak -Wimplicit-retain-self -Wno-non-virtual-dtor -Wno-overloaded-virtual -Wno-exit-time-destructors -Wduplicate-method-match -Wno-missing-braces -Wparentheses -Wswitch -Wunused-function -Wno-unused-label -Wno-unused-parameter -Wunused-variable -Wunused-value -Wempty-body -Wuninitialized -Wconditional-uninitialized -Wno-unknown-pragmas -Wno-shadow -Wno-four-char-constants -Wno-conversion -Wconstant-conversion -Wint-conversion -Wbool-conversion -Wenum-conversion -Wno-float-conversion -Wnon-literal-null-conversion -Wobjc-literal-conversion -Wshorten-64-to-32 -Wno-newline-eof -Wno-selector -Wno-strict-selector-match -Wundeclared-selector -Wdeprecated-implementations -Wno-c++11-extensions -Wno-implicit-fallthrough -isysroot /Applications/Xcode.app/Contents/Developer/Platforms/iPhoneSimulator.platform/Developer/SDKs/iPhoneSimulator27.0.sdk -fstrict-aliasing -Wprotocol -Wdeprecated-declarations -Winvalid-offsetof -Wno-sign-conversion -Winfinite-recursion -Wmove -Wcomma -Wblock-capture-autoreleasing -Wstrict-prototypes -Wrange-loop-analysis -Wno-semicolon-before-method-body -Wunguarded-availability -index-store-path /Users/sparkles/Library/Developer/Xcode/DerivedData/Expensio-futtgngxcysvvhcljmosbeftqmyc/Index.noindex/DataStore @/Users/sparkles/Library/Developer/Xcode/DerivedData/Expensio-futtgngxcysvvhcljmosbeftqmyc/Build/Intermediates.noindex/Pods.build/Debug-iphonesimulator/RNSVG.build/Objects-normal/x86_64/af3fcb34312c57c0f52879cdce924b91-common-args.resp -DRCT_NEW_ARCH_ENABLED\=1 -include /Users/sparkles/Documents/CodingFiles/FullStack/expensioApp/frontend/ios/Pods/Target\ Support\ Files/RNSVG/RNSVG-prefix.pch -MMD -MT dependencies -MF /Users/sparkles/Library/Developer/Xcode/DerivedData/Expensio-futtgngxcysvvhcljmosbeftqmyc/Build/Intermediates.noindex/Pods.build/Debug-iphonesimulator/RNSVG.build/Objects-normal/x86_64/RNSVGTSpan.d --serialize-diagnostics /Users/sparkles/Library/Developer/Xcode/DerivedData/Expensio-futtgngxcysvvhcljmosbeftqmyc/Build/Intermediates.noindex/Pods.build/Debug-iphonesimulator/RNSVG.build/Objects-normal/x86_64/RNSVGTSpan.dia -c /Users/sparkles/Documents/CodingFiles/FullStack/expensioApp/frontend/node_modules/react-native-svg/apple/Text/RNSVGTSpan.mm -o /Users/sparkles/Library/Developer/Xcode/DerivedData/Expensio-futtgngxcysvvhcljmosbeftqmyc/Build/Intermediates.noindex/Pods.build/Debug-iphonesimulator/RNSVG.build/Objects-normal/x86_64/RNSVGTSpan.o -index-unit-output-path /Pods.build/Debug-iphonesimulator/RNSVG.build/Objects-normal/x86_64/RNSVGTSpan.o
/Users/sparkles/Documents/CodingFiles/FullStack/expensioApp/frontend/node_modules/react-native-svg/apple/Text/RNSVGTSpan.mm:74:1: warning: method possibly missing a [super updateProps:oldProps:] call [-Wobjc-missing-super-calls]
   74 | }
      | ^
/Users/sparkles/Documents/CodingFiles/FullStack/expensioApp/frontend/node_modules/react-native-svg/apple/Text/RNSVGTSpan.mm:935:21: warning: variable length arrays in C++ are a Clang extension [-Wvla-cxx-extension]
  935 |     CFIndex indices[runGlyphCount];
      |                     ^~~~~~~~~~~~~
/Users/sparkles/Documents/CodingFiles/FullStack/expensioApp/frontend/node_modules/react-native-svg/apple/Text/RNSVGTSpan.mm:935:21: note: read of non-const variable 'runGlyphCount' is not allowed in a constant expression
/Users/sparkles/Documents/CodingFiles/FullStack/expensioApp/frontend/node_modules/react-native-svg/apple/Text/RNSVGTSpan.mm:934:13: note: declared here
  934 |     CFIndex runGlyphCount = CTRunGetGlyphCount(run);
      |             ^
/Users/sparkles/Documents/CodingFiles/FullStack/expensioApp/frontend/node_modules/react-native-svg/apple/Text/RNSVGTSpan.mm:936:21: warning: variable length arrays in C++ are a Clang extension [-Wvla-cxx-extension]
  936 |     CGSize advances[runGlyphCount];
      |                     ^~~~~~~~~~~~~
/Users/sparkles/Documents/CodingFiles/FullStack/expensioApp/frontend/node_modules/react-native-svg/apple/Text/RNSVGTSpan.mm:936:21: note: read of non-const variable 'runGlyphCount' is not allowed in a constant expression
/Users/sparkles/Documents/CodingFiles/FullStack/expensioApp/frontend/node_modules/react-native-svg/apple/Text/RNSVGTSpan.mm:934:13: note: declared here
  934 |     CFIndex runGlyphCount = CTRunGetGlyphCount(run);
      |             ^
/Users/sparkles/Documents/CodingFiles/FullStack/expensioApp/frontend/node_modules/react-native-svg/apple/Text/RNSVGTSpan.mm:937:20: warning: variable length arrays in C++ are a Clang extension [-Wvla-cxx-extension]
  937 |     CGGlyph glyphs[runGlyphCount];
      |                    ^~~~~~~~~~~~~
/Users/sparkles/Documents/CodingFiles/FullStack/expensioApp/frontend/node_modules/react-native-svg/apple/Text/RNSVGTSpan.mm:937:20: note: read of non-const variable 'runGlyphCount' is not allowed in a constant expression
/Users/sparkles/Documents/CodingFiles/FullStack/expensioApp/frontend/node_modules/react-native-svg/apple/Text/RNSVGTSpan.mm:934:13: note: declared here
  934 |     CFIndex runGlyphCount = CTRunGetGlyphCount(run);
      |             ^
/Users/sparkles/Documents/CodingFiles/FullStack/expensioApp/frontend/node_modules/react-native-svg/apple/Text/RNSVGTSpan.mm:948:27: warning: variable length arrays in C++ are a Clang extension [-Wvla-cxx-extension]
  948 |       CFIndex nextIndices[nextRunGlyphCount];
      |                           ^~~~~~~~~~~~~~~~~
/Users/sparkles/Documents/CodingFiles/FullStack/expensioApp/frontend/node_modules/react-native-svg/apple/Text/RNSVGTSpan.mm:948:27: note: read of non-const variable 'nextRunGlyphCount' is not allowed in a constant expression
/Users/sparkles/Documents/CodingFiles/FullStack/expensioApp/frontend/node_modules/react-native-svg/apple/Text/RNSVGTSpan.mm:947:15: note: declared here
  947 |       CFIndex nextRunGlyphCount = CTRunGetGlyphCount(nextRun);
      |               ^
In file included from /Users/sparkles/Documents/CodingFiles/FullStack/expensioApp/frontend/node_modules/react-native-svg/apple/Text/RNSVGTSpan.mm:25:
/Users/sparkles/Documents/CodingFiles/FullStack/expensioApp/frontend/node_modules/react-native-svg/apple/Utils/RNSVGFabricConversions.h:246:19: warning: unused function 'intToRNSVGVBMOS' [-Wunused-function]
  246 | static RNSVGVBMOS intToRNSVGVBMOS(int value)
      |                   ^~~~~~~~~~~~~~~
6 warnings generated.

CompileC /Users/sparkles/Library/Developer/Xcode/DerivedData/Expensio-futtgngxcysvvhcljmosbeftqmyc/Build/Intermediates.noindex/Pods.build/Debug-iphonesimulator/RNSVG.build/Objects-normal/x86_64/RNSVGSymbolManager.o /Users/sparkles/Documents/CodingFiles/FullStack/expensioApp/frontend/node_modules/react-native-svg/apple/ViewManagers/RNSVGSymbolManager.mm normal x86_64 objective-c++ com.apple.compilers.llvm.clang.1_0.compiler (in target 'RNSVG' from project 'Pods')
    cd /Users/sparkles/Documents/CodingFiles/FullStack/expensioApp/frontend/ios/Pods
    
    Using response file: /Users/sparkles/Library/Developer/Xcode/DerivedData/Expensio-futtgngxcysvvhcljmosbeftqmyc/Build/Intermediates.noindex/Pods.build/Debug-iphonesimulator/RNSVG.build/Objects-normal/x86_64/af3fcb34312c57c0f52879cdce924b91-common-args.resp
    
    /Applications/Xcode.app/Contents/Developer/Toolchains/XcodeDefault.xctoolchain/usr/bin/clang -x objective-c++ -ivfsstatcache /Users/sparkles/Library/Developer/Xcode/DerivedData/SDKStatCaches.noindex/iphonesimulator27.0-24A430-8dc58220667be655e1bcc261a7455254.sdkstatcache -target x86_64-apple-ios17.0-simulator -fmessage-length\=0 -fdiagnostics-show-note-include-stack -fmacro-backtrace-limit\=0 -fno-color-diagnostics -fmodules-prune-interval\=86400 -fmodules-prune-after\=345600 -fbuild-session-file\=/Users/sparkles/Library/Developer/Xcode/DerivedData/ModuleCache.noindex/Session.modulevalidation -fmodules-validate-once-per-build-session -Wnon-modular-include-in-framework-module -Werror\=non-modular-include-in-framework-module -Wno-trigraphs -Wno-missing-field-initializers -Wno-missing-prototypes -Werror\=return-type -Wdocumentation -Wunreachable-code -Wno-implicit-atomic-properties -Werror\=deprecated-objc-isa-usage -Wno-objc-interface-ivars -Werror\=objc-root-class -Wno-arc-repeated-use-of-weak -Wimplicit-retain-self -Wno-non-virtual-dtor -Wno-overloaded-virtual -Wno-exit-time-destructors -Wduplicate-method-match -Wno-missing-braces -Wparentheses -Wswitch -Wunused-function -Wno-unused-label -Wno-unused-parameter -Wunused-variable -Wunused-value -Wempty-body -Wuninitialized -Wconditional-uninitialized -Wno-unknown-pragmas -Wno-shadow -Wno-four-char-constants -Wno-conversion -Wconstant-conversion -Wint-conversion -Wbool-conversion -Wenum-conversion -Wno-float-conversion -Wnon-literal-null-conversion -Wobjc-literal-conversion -Wshorten-64-to-32 -Wno-newline-eof -Wno-selector -Wno-strict-selector-match -Wundeclared-selector -Wdeprecated-implementations -Wno-c++11-extensions -Wno-implicit-fallthrough -isysroot /Applications/Xcode.app/Contents/Developer/Platforms/iPhoneSimulator.platform/Developer/SDKs/iPhoneSimulator27.0.sdk -fstrict-aliasing -Wprotocol -Wdeprecated-declarations -Winvalid-offsetof -Wno-sign-conversion -Winfinite-recursion -Wmove -Wcomma -Wblock-capture-autoreleasing -Wstrict-prototypes -Wrange-loop-analysis -Wno-semicolon-before-method-body -Wunguarded-availability -index-store-path /Users/sparkles/Library/Developer/Xcode/DerivedData/Expensio-futtgngxcysvvhcljmosbeftqmyc/Index.noindex/DataStore @/Users/sparkles/Library/Developer/Xcode/DerivedData/Expensio-futtgngxcysvvhcljmosbeftqmyc/Build/Intermediates.noindex/Pods.build/Debug-iphonesimulator/RNSVG.build/Objects-normal/x86_64/af3fcb34312c57c0f52879cdce924b91-common-args.resp -DRCT_NEW_ARCH_ENABLED\=1 -include /Users/sparkles/Documents/CodingFiles/FullStack/expensioApp/frontend/ios/Pods/Target\ Support\ Files/RNSVG/RNSVG-prefix.pch -MMD -MT dependencies -MF /Users/sparkles/Library/Developer/Xcode/DerivedData/Expensio-futtgngxcysvvhcljmosbeftqmyc/Build/Intermediates.noindex/Pods.build/Debug-iphonesimulator/RNSVG.build/Objects-normal/x86_64/RNSVGSymbolManager.d --serialize-diagnostics /Users/sparkles/Library/Developer/Xcode/DerivedData/Expensio-futtgngxcysvvhcljmosbeftqmyc/Build/Intermediates.noindex/Pods.build/Debug-iphonesimulator/RNSVG.build/Objects-normal/x86_64/RNSVGSymbolManager.dia -c /Users/sparkles/Documents/CodingFiles/FullStack/expensioApp/frontend/node_modules/react-native-svg/apple/ViewManagers/RNSVGSymbolManager.mm -o /Users/sparkles/Library/Developer/Xcode/DerivedData/Expensio-futtgngxcysvvhcljmosbeftqmyc/Build/Intermediates.noindex/Pods.build/Debug-iphonesimulator/RNSVG.build/Objects-normal/x86_64/RNSVGSymbolManager.o -index-unit-output-path /Pods.build/Debug-iphonesimulator/RNSVG.build/Objects-normal/x86_64/RNSVGSymbolManager.o

CompileC /Users/sparkles/Library/Developer/Xcode/DerivedData/Expensio-futtgngxcysvvhcljmosbeftqmyc/Build/Intermediates.noindex/Pods.build/Debug-iphonesimulator/RNSVG.build/Objects-normal/x86_64/RNSVGSymbol.o /Users/sparkles/Documents/CodingFiles/FullStack/expensioApp/frontend/node_modules/react-native-svg/apple/Elements/RNSVGSymbol.mm normal x86_64 objective-c++ com.apple.compilers.llvm.clang.1_0.compiler (in target 'RNSVG' from project 'Pods')
    cd /Users/sparkles/Documents/CodingFiles/FullStack/expensioApp/frontend/ios/Pods
    
    Using response file: /Users/sparkles/Library/Developer/Xcode/DerivedData/Expensio-futtgngxcysvvhcljmosbeftqmyc/Build/Intermediates.noindex/Pods.build/Debug-iphonesimulator/RNSVG.build/Objects-normal/x86_64/af3fcb34312c57c0f52879cdce924b91-common-args.resp
    
    /Applications/Xcode.app/Contents/Developer/Toolchains/XcodeDefault.xctoolchain/usr/bin/clang -x objective-c++ -ivfsstatcache /Users/sparkles/Library/Developer/Xcode/DerivedData/SDKStatCaches.noindex/iphonesimulator27.0-24A430-8dc58220667be655e1bcc261a7455254.sdkstatcache -target x86_64-apple-ios17.0-simulator -fmessage-length\=0 -fdiagnostics-show-note-include-stack -fmacro-backtrace-limit\=0 -fno-color-diagnostics -fmodules-prune-interval\=86400 -fmodules-prune-after\=345600 -fbuild-session-file\=/Users/sparkles/Library/Developer/Xcode/DerivedData/ModuleCache.noindex/Session.modulevalidation -fmodules-validate-once-per-build-session -Wnon-modular-include-in-framework-module -Werror\=non-modular-include-in-framework-module -Wno-trigraphs -Wno-missing-field-initializers -Wno-missing-prototypes -Werror\=return-type -Wdocumentation -Wunreachable-code -Wno-implicit-atomic-properties -Werror\=deprecated-objc-isa-usage -Wno-objc-interface-ivars -Werror\=objc-root-class -Wno-arc-repeated-use-of-weak -Wimplicit-retain-self -Wno-non-virtual-dtor -Wno-overloaded-virtual -Wno-exit-time-destructors -Wduplicate-method-match -Wno-missing-braces -Wparentheses -Wswitch -Wunused-function -Wno-unused-label -Wno-unused-parameter -Wunused-variable -Wunused-value -Wempty-body -Wuninitialized -Wconditional-uninitialized -Wno-unknown-pragmas -Wno-shadow -Wno-four-char-constants -Wno-conversion -Wconstant-conversion -Wint-conversion -Wbool-conversion -Wenum-conversion -Wno-float-conversion -Wnon-literal-null-conversion -Wobjc-literal-conversion -Wshorten-64-to-32 -Wno-newline-eof -Wno-selector -Wno-strict-selector-match -Wundeclared-selector -Wdeprecated-implementations -Wno-c++11-extensions -Wno-implicit-fallthrough -isysroot /Applications/Xcode.app/Contents/Developer/Platforms/iPhoneSimulator.platform/Developer/SDKs/iPhoneSimulator27.0.sdk -fstrict-aliasing -Wprotocol -Wdeprecated-declarations -Winvalid-offsetof -Wno-sign-conversion -Winfinite-recursion -Wmove -Wcomma -Wblock-capture-autoreleasing -Wstrict-prototypes -Wrange-loop-analysis -Wno-semicolon-before-method-body -Wunguarded-availability -index-store-path /Users/sparkles/Library/Developer/Xcode/DerivedData/Expensio-futtgngxcysvvhcljmosbeftqmyc/Index.noindex/DataStore @/Users/sparkles/Library/Developer/Xcode/DerivedData/Expensio-futtgngxcysvvhcljmosbeftqmyc/Build/Intermediates.noindex/Pods.build/Debug-iphonesimulator/RNSVG.build/Objects-normal/x86_64/af3fcb34312c57c0f52879cdce924b91-common-args.resp -DRCT_NEW_ARCH_ENABLED\=1 -include /Users/sparkles/Documents/CodingFiles/FullStack/expensioApp/frontend/ios/Pods/Target\ Support\ Files/RNSVG/RNSVG-prefix.pch -MMD -MT dependencies -MF /Users/sparkles/Library/Developer/Xcode/DerivedData/Expensio-futtgngxcysvvhcljmosbeftqmyc/Build/Intermediates.noindex/Pods.build/Debug-iphonesimulator/RNSVG.build/Objects-normal/x86_64/RNSVGSymbol.d --serialize-diagnostics /Users/sparkles/Library/Developer/Xcode/DerivedData/Expensio-futtgngxcysvvhcljmosbeftqmyc/Build/Intermediates.noindex/Pods.build/Debug-iphonesimulator/RNSVG.build/Objects-normal/x86_64/RNSVGSymbol.dia -c /Users/sparkles/Documents/CodingFiles/FullStack/expensioApp/frontend/node_modules/react-native-svg/apple/Elements/RNSVGSymbol.mm -o /Users/sparkles/Library/Developer/Xcode/DerivedData/Expensio-futtgngxcysvvhcljmosbeftqmyc/Build/Intermediates.noindex/Pods.build/Debug-iphonesimulator/RNSVG.build/Objects-normal/x86_64/RNSVGSymbol.o -index-unit-output-path /Pods.build/Debug-iphonesimulator/RNSVG.build/Objects-normal/x86_64/RNSVGSymbol.o
/Users/sparkles/Documents/CodingFiles/FullStack/expensioApp/frontend/node_modules/react-native-svg/apple/Elements/RNSVGSymbol.mm:59:1: warning: method possibly missing a [super updateProps:oldProps:] call [-Wobjc-missing-super-calls]
   59 | }
      | ^
1 warning generated.

CompileC /Users/sparkles/Library/Developer/Xcode/DerivedData/Expensio-futtgngxcysvvhcljmosbeftqmyc/Build/Intermediates.noindex/Pods.build/Debug-iphonesimulator/RNSVG.build/Objects-normal/x86_64/RNSVGSvgViewModule.o /Users/sparkles/Documents/CodingFiles/FullStack/expensioApp/frontend/node_modules/react-native-svg/apple/RNSVGSvgViewModule.mm normal x86_64 objective-c++ com.apple.compilers.llvm.clang.1_0.compiler (in target 'RNSVG' from project 'Pods')
    cd /Users/sparkles/Documents/CodingFiles/FullStack/expensioApp/frontend/ios/Pods
    
    Using response file: /Users/sparkles/Library/Developer/Xcode/DerivedData/Expensio-futtgngxcysvvhcljmosbeftqmyc/Build/Intermediates.noindex/Pods.build/Debug-iphonesimulator/RNSVG.build/Objects-normal/x86_64/af3fcb34312c57c0f52879cdce924b91-common-args.resp
    
    /Applications/Xcode.app/Contents/Developer/Toolchains/XcodeDefault.xctoolchain/usr/bin/clang -x objective-c++ -ivfsstatcache /Users/sparkles/Library/Developer/Xcode/DerivedData/SDKStatCaches.noindex/iphonesimulator27.0-24A430-8dc58220667be655e1bcc261a7455254.sdkstatcache -target x86_64-apple-ios17.0-simulator -fmessage-length\=0 -fdiagnostics-show-note-include-stack -fmacro-backtrace-limit\=0 -fno-color-diagnostics -fmodules-prune-interval\=86400 -fmodules-prune-after\=345600 -fbuild-session-file\=/Users/sparkles/Library/Developer/Xcode/DerivedData/ModuleCache.noindex/Session.modulevalidation -fmodules-validate-once-per-build-session -Wnon-modular-include-in-framework-module -Werror\=non-modular-include-in-framework-module -Wno-trigraphs -Wno-missing-field-initializers -Wno-missing-prototypes -Werror\=return-type -Wdocumentation -Wunreachable-code -Wno-implicit-atomic-properties -Werror\=deprecated-objc-isa-usage -Wno-objc-interface-ivars -Werror\=objc-root-class -Wno-arc-repeated-use-of-weak -Wimplicit-retain-self -Wno-non-virtual-dtor -Wno-overloaded-virtual -Wno-exit-time-destructors -Wduplicate-method-match -Wno-missing-braces -Wparentheses -Wswitch -Wunused-function -Wno-unused-label -Wno-unused-parameter -Wunused-variable -Wunused-value -Wempty-body -Wuninitialized -Wconditional-uninitialized -Wno-unknown-pragmas -Wno-shadow -Wno-four-char-constants -Wno-conversion -Wconstant-conversion -Wint-conversion -Wbool-conversion -Wenum-conversion -Wno-float-conversion -Wnon-literal-null-conversion -Wobjc-literal-conversion -Wshorten-64-to-32 -Wno-newline-eof -Wno-selector -Wno-strict-selector-match -Wundeclared-selector -Wdeprecated-implementations -Wno-c++11-extensions -Wno-implicit-fallthrough -isysroot /Applications/Xcode.app/Contents/Developer/Platforms/iPhoneSimulator.platform/Developer/SDKs/iPhoneSimulator27.0.sdk -fstrict-aliasing -Wprotocol -Wdeprecated-declarations -Winvalid-offsetof -Wno-sign-conversion -Winfinite-recursion -Wmove -Wcomma -Wblock-capture-autoreleasing -Wstrict-prototypes -Wrange-loop-analysis -Wno-semicolon-before-method-body -Wunguarded-availability -index-store-path /Users/sparkles/Library/Developer/Xcode/DerivedData/Expensio-futtgngxcysvvhcljmosbeftqmyc/Index.noindex/DataStore @/Users/sparkles/Library/Developer/Xcode/DerivedData/Expensio-futtgngxcysvvhcljmosbeftqmyc/Build/Intermediates.noindex/Pods.build/Debug-iphonesimulator/RNSVG.build/Objects-normal/x86_64/af3fcb34312c57c0f52879cdce924b91-common-args.resp -DRCT_NEW_ARCH_ENABLED\=1 -include /Users/sparkles/Documents/CodingFiles/FullStack/expensioApp/frontend/ios/Pods/Target\ Support\ Files/RNSVG/RNSVG-prefix.pch -MMD -MT dependencies -MF /Users/sparkles/Library/Developer/Xcode/DerivedData/Expensio-futtgngxcysvvhcljmosbeftqmyc/Build/Intermediates.noindex/Pods.build/Debug-iphonesimulator/RNSVG.build/Objects-normal/x86_64/RNSVGSvgViewModule.d --serialize-diagnostics /Users/sparkles/Library/Developer/Xcode/DerivedData/Expensio-futtgngxcysvvhcljmosbeftqmyc/Build/Intermediates.noindex/Pods.build/Debug-iphonesimulator/RNSVG.build/Objects-normal/x86_64/RNSVGSvgViewModule.dia -c /Users/sparkles/Documents/CodingFiles/FullStack/expensioApp/frontend/node_modules/react-native-svg/apple/RNSVGSvgViewModule.mm -o /Users/sparkles/Library/Developer/Xcode/DerivedData/Expensio-futtgngxcysvvhcljmosbeftqmyc/Build/Intermediates.noindex/Pods.build/Debug-iphonesimulator/RNSVG.build/Objects-normal/x86_64/RNSVGSvgViewModule.o -index-unit-output-path /Pods.build/Debug-iphonesimulator/RNSVG.build/Objects-normal/x86_64/RNSVGSvgViewModule.o

CompileC /Users/sparkles/Library/Developer/Xcode/DerivedData/Expensio-futtgngxcysvvhcljmosbeftqmyc/Build/Intermediates.noindex/Pods.build/Debug-iphonesimulator/RNSVG.build/Objects-normal/x86_64/RNSVGSvgViewManager.o /Users/sparkles/Documents/CodingFiles/FullStack/expensioApp/frontend/node_modules/react-native-svg/apple/ViewManagers/RNSVGSvgViewManager.mm normal x86_64 objective-c++ com.apple.compilers.llvm.clang.1_0.compiler (in target 'RNSVG' from project 'Pods')
    cd /Users/sparkles/Documents/CodingFiles/FullStack/expensioApp/frontend/ios/Pods
    
    Using response file: /Users/sparkles/Library/Developer/Xcode/DerivedData/Expensio-futtgngxcysvvhcljmosbeftqmyc/Build/Intermediates.noindex/Pods.build/Debug-iphonesimulator/RNSVG.build/Objects-normal/x86_64/af3fcb34312c57c0f52879cdce924b91-common-args.resp
    
    /Applications/Xcode.app/Contents/Developer/Toolchains/XcodeDefault.xctoolchain/usr/bin/clang -x objective-c++ -ivfsstatcache /Users/sparkles/Library/Developer/Xcode/DerivedData/SDKStatCaches.noindex/iphonesimulator27.0-24A430-8dc58220667be655e1bcc261a7455254.sdkstatcache -target x86_64-apple-ios17.0-simulator -fmessage-length\=0 -fdiagnostics-show-note-include-stack -fmacro-backtrace-limit\=0 -fno-color-diagnostics -fmodules-prune-interval\=86400 -fmodules-prune-after\=345600 -fbuild-session-file\=/Users/sparkles/Library/Developer/Xcode/DerivedData/ModuleCache.noindex/Session.modulevalidation -fmodules-validate-once-per-build-session -Wnon-modular-include-in-framework-module -Werror\=non-modular-include-in-framework-module -Wno-trigraphs -Wno-missing-field-initializers -Wno-missing-prototypes -Werror\=return-type -Wdocumentation -Wunreachable-code -Wno-implicit-atomic-properties -Werror\=deprecated-objc-isa-usage -Wno-objc-interface-ivars -Werror\=objc-root-class -Wno-arc-repeated-use-of-weak -Wimplicit-retain-self -Wno-non-virtual-dtor -Wno-overloaded-virtual -Wno-exit-time-destructors -Wduplicate-method-match -Wno-missing-braces -Wparentheses -Wswitch -Wunused-function -Wno-unused-label -Wno-unused-parameter -Wunused-variable -Wunused-value -Wempty-body -Wuninitialized -Wconditional-uninitialized -Wno-unknown-pragmas -Wno-shadow -Wno-four-char-constants -Wno-conversion -Wconstant-conversion -Wint-conversion -Wbool-conversion -Wenum-conversion -Wno-float-conversion -Wnon-literal-null-conversion -Wobjc-literal-conversion -Wshorten-64-to-32 -Wno-newline-eof -Wno-selector -Wno-strict-selector-match -Wundeclared-selector -Wdeprecated-implementations -Wno-c++11-extensions -Wno-implicit-fallthrough -isysroot /Applications/Xcode.app/Contents/Developer/Platforms/iPhoneSimulator.platform/Developer/SDKs/iPhoneSimulator27.0.sdk -fstrict-aliasing -Wprotocol -Wdeprecated-declarations -Winvalid-offsetof -Wno-sign-conversion -Winfinite-recursion -Wmove -Wcomma -Wblock-capture-autoreleasing -Wstrict-prototypes -Wrange-loop-analysis -Wno-semicolon-before-method-body -Wunguarded-availability -index-store-path /Users/sparkles/Library/Developer/Xcode/DerivedData/Expensio-futtgngxcysvvhcljmosbeftqmyc/Index.noindex/DataStore @/Users/sparkles/Library/Developer/Xcode/DerivedData/Expensio-futtgngxcysvvhcljmosbeftqmyc/Build/Intermediates.noindex/Pods.build/Debug-iphonesimulator/RNSVG.build/Objects-normal/x86_64/af3fcb34312c57c0f52879cdce924b91-common-args.resp -DRCT_NEW_ARCH_ENABLED\=1 -include /Users/sparkles/Documents/CodingFiles/FullStack/expensioApp/frontend/ios/Pods/Target\ Support\ Files/RNSVG/RNSVG-prefix.pch -MMD -MT dependencies -MF /Users/sparkles/Library/Developer/Xcode/DerivedData/Expensio-futtgngxcysvvhcljmosbeftqmyc/Build/Intermediates.noindex/Pods.build/Debug-iphonesimulator/RNSVG.build/Objects-normal/x86_64/RNSVGSvgViewManager.d --serialize-diagnostics /Users/sparkles/Library/Developer/Xcode/DerivedData/Expensio-futtgngxcysvvhcljmosbeftqmyc/Build/Intermediates.noindex/Pods.build/Debug-iphonesimulator/RNSVG.build/Objects-normal/x86_64/RNSVGSvgViewManager.dia -c /Users/sparkles/Documents/CodingFiles/FullStack/expensioApp/frontend/node_modules/react-native-svg/apple/ViewManagers/RNSVGSvgViewManager.mm -o /Users/sparkles/Library/Developer/Xcode/DerivedData/Expensio-futtgngxcysvvhcljmosbeftqmyc/Build/Intermediates.noindex/Pods.build/Debug-iphonesimulator/RNSVG.build/Objects-normal/x86_64/RNSVGSvgViewManager.o -index-unit-output-path /Pods.build/Debug-iphonesimulator/RNSVG.build/Objects-normal/x86_64/RNSVGSvgViewManager.o

CompileC /Users/sparkles/Library/Developer/Xcode/DerivedData/Expensio-futtgngxcysvvhcljmosbeftqmyc/Build/Intermediates.noindex/Pods.build/Debug-iphonesimulator/RNSVG.build/Objects-normal/x86_64/RNSVGSvgView.o /Users/sparkles/Documents/CodingFiles/FullStack/expensioApp/frontend/node_modules/react-native-svg/apple/Elements/RNSVGSvgView.mm normal x86_64 objective-c++ com.apple.compilers.llvm.clang.1_0.compiler (in target 'RNSVG' from project 'Pods')
    cd /Users/sparkles/Documents/CodingFiles/FullStack/expensioApp/frontend/ios/Pods
    
    Using response file: /Users/sparkles/Library/Developer/Xcode/DerivedData/Expensio-futtgngxcysvvhcljmosbeftqmyc/Build/Intermediates.noindex/Pods.build/Debug-iphonesimulator/RNSVG.build/Objects-normal/x86_64/af3fcb34312c57c0f52879cdce924b91-common-args.resp
    
    /Applications/Xcode.app/Contents/Developer/Toolchains/XcodeDefault.xctoolchain/usr/bin/clang -x objective-c++ -ivfsstatcache /Users/sparkles/Library/Developer/Xcode/DerivedData/SDKStatCaches.noindex/iphonesimulator27.0-24A430-8dc58220667be655e1bcc261a7455254.sdkstatcache -target x86_64-apple-ios17.0-simulator -fmessage-length\=0 -fdiagnostics-show-note-include-stack -fmacro-backtrace-limit\=0 -fno-color-diagnostics -fmodules-prune-interval\=86400 -fmodules-prune-after\=345600 -fbuild-session-file\=/Users/sparkles/Library/Developer/Xcode/DerivedData/ModuleCache.noindex/Session.modulevalidation -fmodules-validate-once-per-build-session -Wnon-modular-include-in-framework-module -Werror\=non-modular-include-in-framework-module -Wno-trigraphs -Wno-missing-field-initializers -Wno-missing-prototypes -Werror\=return-type -Wdocumentation -Wunreachable-code -Wno-implicit-atomic-properties -Werror\=deprecated-objc-isa-usage -Wno-objc-interface-ivars -Werror\=objc-root-class -Wno-arc-repeated-use-of-weak -Wimplicit-retain-self -Wno-non-virtual-dtor -Wno-overloaded-virtual -Wno-exit-time-destructors -Wduplicate-method-match -Wno-missing-braces -Wparentheses -Wswitch -Wunused-function -Wno-unused-label -Wno-unused-parameter -Wunused-variable -Wunused-value -Wempty-body -Wuninitialized -Wconditional-uninitialized -Wno-unknown-pragmas -Wno-shadow -Wno-four-char-constants -Wno-conversion -Wconstant-conversion -Wint-conversion -Wbool-conversion -Wenum-conversion -Wno-float-conversion -Wnon-literal-null-conversion -Wobjc-literal-conversion -Wshorten-64-to-32 -Wno-newline-eof -Wno-selector -Wno-strict-selector-match -Wundeclared-selector -Wdeprecated-implementations -Wno-c++11-extensions -Wno-implicit-fallthrough -isysroot /Applications/Xcode.app/Contents/Developer/Platforms/iPhoneSimulator.platform/Developer/SDKs/iPhoneSimulator27.0.sdk -fstrict-aliasing -Wprotocol -Wdeprecated-declarations -Winvalid-offsetof -Wno-sign-conversion -Winfinite-recursion -Wmove -Wcomma -Wblock-capture-autoreleasing -Wstrict-prototypes -Wrange-loop-analysis -Wno-semicolon-before-method-body -Wunguarded-availability -index-store-path /Users/sparkles/Library/Developer/Xcode/DerivedData/Expensio-futtgngxcysvvhcljmosbeftqmyc/Index.noindex/DataStore @/Users/sparkles/Library/Developer/Xcode/DerivedData/Expensio-futtgngxcysvvhcljmosbeftqmyc/Build/Intermediates.noindex/Pods.build/Debug-iphonesimulator/RNSVG.build/Objects-normal/x86_64/af3fcb34312c57c0f52879cdce924b91-common-args.resp -DRCT_NEW_ARCH_ENABLED\=1 -include /Users/sparkles/Documents/CodingFiles/FullStack/expensioApp/frontend/ios/Pods/Target\ Support\ Files/RNSVG/RNSVG-prefix.pch -MMD -MT dependencies -MF /Users/sparkles/Library/Developer/Xcode/DerivedData/Expensio-futtgngxcysvvhcljmosbeftqmyc/Build/Intermediates.noindex/Pods.build/Debug-iphonesimulator/RNSVG.build/Objects-normal/x86_64/RNSVGSvgView.d --serialize-diagnostics /Users/sparkles/Library/Developer/Xcode/DerivedData/Expensio-futtgngxcysvvhcljmosbeftqmyc/Build/Intermediates.noindex/Pods.build/Debug-iphonesimulator/RNSVG.build/Objects-normal/x86_64/RNSVGSvgView.dia -c /Users/sparkles/Documents/CodingFiles/FullStack/expensioApp/frontend/node_modules/react-native-svg/apple/Elements/RNSVGSvgView.mm -o /Users/sparkles/Library/Developer/Xcode/DerivedData/Expensio-futtgngxcysvvhcljmosbeftqmyc/Build/Intermediates.noindex/Pods.build/Debug-iphonesimulator/RNSVG.build/Objects-normal/x86_64/RNSVGSvgView.o -index-unit-output-path /Pods.build/Debug-iphonesimulator/RNSVG.build/Objects-normal/x86_64/RNSVGSvgView.o
In file included from /Users/sparkles/Documents/CodingFiles/FullStack/expensioApp/frontend/node_modules/react-native-svg/apple/Elements/RNSVGSvgView.mm:9:
/Users/sparkles/Documents/CodingFiles/FullStack/expensioApp/frontend/node_modules/react-native-svg/apple/Elements/RNSVGSvgView.h:37:44: warning: auto property synthesis will not synthesize property 'hitTestEdgeInsets'; it will be implemented by its superclass, use @dynamic to acknowledge intention [-Wobjc-property-synthesis]
   37 | @property (nonatomic, assign) UIEdgeInsets hitTestEdgeInsets;
      |                                            ^
In file included from /Users/sparkles/Documents/CodingFiles/FullStack/expensioApp/frontend/node_modules/react-native-svg/apple/Elements/RNSVGSvgView.mm:9:
In file included from /Users/sparkles/Documents/CodingFiles/FullStack/expensioApp/frontend/node_modules/react-native-svg/apple/Elements/RNSVGSvgView.h:9:
In file included from /Users/sparkles/Documents/CodingFiles/FullStack/expensioApp/frontend/node_modules/react-native-svg/apple/RNSVGUIKit.h:4:
/Users/sparkles/Documents/CodingFiles/FullStack/expensioApp/frontend/ios/Pods/Headers/Public/React-RCTFabric/React/RCTViewComponentView.h:64:44: note: property declared here
   64 | @property (nonatomic, assign) UIEdgeInsets hitTestEdgeInsets;
      |                                            ^
/Users/sparkles/Documents/CodingFiles/FullStack/expensioApp/frontend/node_modules/react-native-svg/apple/Elements/RNSVGSvgView.mm:26:17: note: detected while default synthesizing properties in class implementation
   26 | @implementation RNSVGSvgView {
      |                 ^
1 warning generated.

CompileC /Users/sparkles/Library/Developer/Xcode/DerivedData/Expensio-futtgngxcysvvhcljmosbeftqmyc/Build/Intermediates.noindex/Pods.build/Debug-iphonesimulator/RNSVG.build/Objects-normal/x86_64/RNSVGSolidColorBrush.o /Users/sparkles/Documents/CodingFiles/FullStack/expensioApp/frontend/node_modules/react-native-svg/apple/Brushes/RNSVGSolidColorBrush.mm normal x86_64 objective-c++ com.apple.compilers.llvm.clang.1_0.compiler (in target 'RNSVG' from project 'Pods')
    cd /Users/sparkles/Documents/CodingFiles/FullStack/expensioApp/frontend/ios/Pods
    
    Using response file: /Users/sparkles/Library/Developer/Xcode/DerivedData/Expensio-futtgngxcysvvhcljmosbeftqmyc/Build/Intermediates.noindex/Pods.build/Debug-iphonesimulator/RNSVG.build/Objects-normal/x86_64/af3fcb34312c57c0f52879cdce924b91-common-args.resp
    
    /Applications/Xcode.app/Contents/Developer/Toolchains/XcodeDefault.xctoolchain/usr/bin/clang -x objective-c++ -ivfsstatcache /Users/sparkles/Library/Developer/Xcode/DerivedData/SDKStatCaches.noindex/iphonesimulator27.0-24A430-8dc58220667be655e1bcc261a7455254.sdkstatcache -target x86_64-apple-ios17.0-simulator -fmessage-length\=0 -fdiagnostics-show-note-include-stack -fmacro-backtrace-limit\=0 -fno-color-diagnostics -fmodules-prune-interval\=86400 -fmodules-prune-after\=345600 -fbuild-session-file\=/Users/sparkles/Library/Developer/Xcode/DerivedData/ModuleCache.noindex/Session.modulevalidation -fmodules-validate-once-per-build-session -Wnon-modular-include-in-framework-module -Werror\=non-modular-include-in-framework-module -Wno-trigraphs -Wno-missing-field-initializers -Wno-missing-prototypes -Werror\=return-type -Wdocumentation -Wunreachable-code -Wno-implicit-atomic-properties -Werror\=deprecated-objc-isa-usage -Wno-objc-interface-ivars -Werror\=objc-root-class -Wno-arc-repeated-use-of-weak -Wimplicit-retain-self -Wno-non-virtual-dtor -Wno-overloaded-virtual -Wno-exit-time-destructors -Wduplicate-method-match -Wno-missing-braces -Wparentheses -Wswitch -Wunused-function -Wno-unused-label -Wno-unused-parameter -Wunused-variable -Wunused-value -Wempty-body -Wuninitialized -Wconditional-uninitialized -Wno-unknown-pragmas -Wno-shadow -Wno-four-char-constants -Wno-conversion -Wconstant-conversion -Wint-conversion -Wbool-conversion -Wenum-conversion -Wno-float-conversion -Wnon-literal-null-conversion -Wobjc-literal-conversion -Wshorten-64-to-32 -Wno-newline-eof -Wno-selector -Wno-strict-selector-match -Wundeclared-selector -Wdeprecated-implementations -Wno-c++11-extensions -Wno-implicit-fallthrough -isysroot /Applications/Xcode.app/Contents/Developer/Platforms/iPhoneSimulator.platform/Developer/SDKs/iPhoneSimulator27.0.sdk -fstrict-aliasing -Wprotocol -Wdeprecated-declarations -Winvalid-offsetof -Wno-sign-conversion -Winfinite-recursion -Wmove -Wcomma -Wblock-capture-autoreleasing -Wstrict-prototypes -Wrange-loop-analysis -Wno-semicolon-before-method-body -Wunguarded-availability -index-store-path /Users/sparkles/Library/Developer/Xcode/DerivedData/Expensio-futtgngxcysvvhcljmosbeftqmyc/Index.noindex/DataStore @/Users/sparkles/Library/Developer/Xcode/DerivedData/Expensio-futtgngxcysvvhcljmosbeftqmyc/Build/Intermediates.noindex/Pods.build/Debug-iphonesimulator/RNSVG.build/Objects-normal/x86_64/af3fcb34312c57c0f52879cdce924b91-common-args.resp -DRCT_NEW_ARCH_ENABLED\=1 -include /Users/sparkles/Documents/CodingFiles/FullStack/expensioApp/frontend/ios/Pods/Target\ Support\ Files/RNSVG/RNSVG-prefix.pch -MMD -MT dependencies -MF /Users/sparkles/Library/Developer/Xcode/DerivedData/Expensio-futtgngxcysvvhcljmosbeftqmyc/Build/Intermediates.noindex/Pods.build/Debug-iphonesimulator/RNSVG.build/Objects-normal/x86_64/RNSVGSolidColorBrush.d --serialize-diagnostics /Users/sparkles/Library/Developer/Xcode/DerivedData/Expensio-futtgngxcysvvhcljmosbeftqmyc/Build/Intermediates.noindex/Pods.build/Debug-iphonesimulator/RNSVG.build/Objects-normal/x86_64/RNSVGSolidColorBrush.dia -c /Users/sparkles/Documents/CodingFiles/FullStack/expensioApp/frontend/node_modules/react-native-svg/apple/Brushes/RNSVGSolidColorBrush.mm -o /Users/sparkles/Library/Developer/Xcode/DerivedData/Expensio-futtgngxcysvvhcljmosbeftqmyc/Build/Intermediates.noindex/Pods.build/Debug-iphonesimulator/RNSVG.build/Objects-normal/x86_64/RNSVGSolidColorBrush.o -index-unit-output-path /Pods.build/Debug-iphonesimulator/RNSVG.build/Objects-normal/x86_64/RNSVGSolidColorBrush.o

CompileC /Users/sparkles/Library/Developer/Xcode/DerivedData/Expensio-futtgngxcysvvhcljmosbeftqmyc/Build/Intermediates.noindex/Pods.build/Debug-iphonesimulator/RNSVG.build/Objects-normal/x86_64/RNSVGShadowNodes.o /Users/sparkles/Documents/CodingFiles/FullStack/expensioApp/frontend/node_modules/react-native-svg/common/cpp/react/renderer/components/rnsvg/RNSVGShadowNodes.cpp normal x86_64 c++ com.apple.compilers.llvm.clang.1_0.compiler (in target 'RNSVG' from project 'Pods')
    cd /Users/sparkles/Documents/CodingFiles/FullStack/expensioApp/frontend/ios/Pods
    
    Using response file: /Users/sparkles/Library/Developer/Xcode/DerivedData/Expensio-futtgngxcysvvhcljmosbeftqmyc/Build/Intermediates.noindex/Pods.build/Debug-iphonesimulator/RNSVG.build/Objects-normal/x86_64/82b82416624d2658e5098eb0a28c15c5-common-args.resp
    
    /Applications/Xcode.app/Contents/Developer/Toolchains/XcodeDefault.xctoolchain/usr/bin/clang -x c++ -ivfsstatcache /Users/sparkles/Library/Developer/Xcode/DerivedData/SDKStatCaches.noindex/iphonesimulator27.0-24A430-8dc58220667be655e1bcc261a7455254.sdkstatcache -target x86_64-apple-ios17.0-simulator -fmessage-length\=0 -fdiagnostics-show-note-include-stack -fmacro-backtrace-limit\=0 -fno-color-diagnostics -fmodules-prune-interval\=86400 -fmodules-prune-after\=345600 -fbuild-session-file\=/Users/sparkles/Library/Developer/Xcode/DerivedData/ModuleCache.noindex/Session.modulevalidation -fmodules-validate-once-per-build-session -Wnon-modular-include-in-framework-module -Werror\=non-modular-include-in-framework-module -Wno-trigraphs -Wno-missing-field-initializers -Wno-missing-prototypes -Werror\=return-type -Wdocumentation -Wunreachable-code -Werror\=deprecated-objc-isa-usage -Werror\=objc-root-class -Wno-non-virtual-dtor -Wno-overloaded-virtual -Wno-exit-time-destructors -Wno-missing-braces -Wparentheses -Wswitch -Wunused-function -Wno-unused-label -Wno-unused-parameter -Wunused-variable -Wunused-value -Wempty-body -Wuninitialized -Wconditional-uninitialized -Wno-unknown-pragmas -Wno-shadow -Wno-four-char-constants -Wno-conversion -Wconstant-conversion -Wint-conversion -Wbool-conversion -Wenum-conversion -Wno-float-conversion -Wnon-literal-null-conversion -Wobjc-literal-conversion -Wshorten-64-to-32 -Wno-newline-eof -Wno-c++11-extensions -Wno-implicit-fallthrough -isysroot /Applications/Xcode.app/Contents/Developer/Platforms/iPhoneSimulator.platform/Developer/SDKs/iPhoneSimulator27.0.sdk -fstrict-aliasing -Wdeprecated-declarations -Winvalid-offsetof -Wno-sign-conversion -Winfinite-recursion -Wmove -Wcomma -Wblock-capture-autoreleasing -Wstrict-prototypes -Wrange-loop-analysis -Wno-semicolon-before-method-body -Wunguarded-availability -index-store-path /Users/sparkles/Library/Developer/Xcode/DerivedData/Expensio-futtgngxcysvvhcljmosbeftqmyc/Index.noindex/DataStore @/Users/sparkles/Library/Developer/Xcode/DerivedData/Expensio-futtgngxcysvvhcljmosbeftqmyc/Build/Intermediates.noindex/Pods.build/Debug-iphonesimulator/RNSVG.build/Objects-normal/x86_64/82b82416624d2658e5098eb0a28c15c5-common-args.resp -DRCT_NEW_ARCH_ENABLED\=1 -include /Users/sparkles/Documents/CodingFiles/FullStack/expensioApp/frontend/ios/Pods/Target\ Support\ Files/RNSVG/RNSVG-prefix.pch -MMD -MT dependencies -MF /Users/sparkles/Library/Developer/Xcode/DerivedData/Expensio-futtgngxcysvvhcljmosbeftqmyc/Build/Intermediates.noindex/Pods.build/Debug-iphonesimulator/RNSVG.build/Objects-normal/x86_64/RNSVGShadowNodes.d --serialize-diagnostics /Users/sparkles/Library/Developer/Xcode/DerivedData/Expensio-futtgngxcysvvhcljmosbeftqmyc/Build/Intermediates.noindex/Pods.build/Debug-iphonesimulator/RNSVG.build/Objects-normal/x86_64/RNSVGShadowNodes.dia -c /Users/sparkles/Documents/CodingFiles/FullStack/expensioApp/frontend/node_modules/react-native-svg/common/cpp/react/renderer/components/rnsvg/RNSVGShadowNodes.cpp -o /Users/sparkles/Library/Developer/Xcode/DerivedData/Expensio-futtgngxcysvvhcljmosbeftqmyc/Build/Intermediates.noindex/Pods.build/Debug-iphonesimulator/RNSVG.build/Objects-normal/x86_64/RNSVGShadowNodes.o -index-unit-output-path /Pods.build/Debug-iphonesimulator/RNSVG.build/Objects-normal/x86_64/RNSVGShadowNodes.o

CompileC /Users/sparkles/Library/Developer/Xcode/DerivedData/Expensio-futtgngxcysvvhcljmosbeftqmyc/Build/Intermediates.noindex/Pods.build/Debug-iphonesimulator/RNSVG.build/Objects-normal/x86_64/RNSVGRenderableModule.o /Users/sparkles/Documents/CodingFiles/FullStack/expensioApp/frontend/node_modules/react-native-svg/apple/RNSVGRenderableModule.mm normal x86_64 objective-c++ com.apple.compilers.llvm.clang.1_0.compiler (in target 'RNSVG' from project 'Pods')
    cd /Users/sparkles/Documents/CodingFiles/FullStack/expensioApp/frontend/ios/Pods
    
    Using response file: /Users/sparkles/Library/Developer/Xcode/DerivedData/Expensio-futtgngxcysvvhcljmosbeftqmyc/Build/Intermediates.noindex/Pods.build/Debug-iphonesimulator/RNSVG.build/Objects-normal/x86_64/af3fcb34312c57c0f52879cdce924b91-common-args.resp
    
    /Applications/Xcode.app/Contents/Developer/Toolchains/XcodeDefault.xctoolchain/usr/bin/clang -x objective-c++ -ivfsstatcache /Users/sparkles/Library/Developer/Xcode/DerivedData/SDKStatCaches.noindex/iphonesimulator27.0-24A430-8dc58220667be655e1bcc261a7455254.sdkstatcache -target x86_64-apple-ios17.0-simulator -fmessage-length\=0 -fdiagnostics-show-note-include-stack -fmacro-backtrace-limit\=0 -fno-color-diagnostics -fmodules-prune-interval\=86400 -fmodules-prune-after\=345600 -fbuild-session-file\=/Users/sparkles/Library/Developer/Xcode/DerivedData/ModuleCache.noindex/Session.modulevalidation -fmodules-validate-once-per-build-session -Wnon-modular-include-in-framework-module -Werror\=non-modular-include-in-framework-module -Wno-trigraphs -Wno-missing-field-initializers -Wno-missing-prototypes -Werror\=return-type -Wdocumentation -Wunreachable-code -Wno-implicit-atomic-properties -Werror\=deprecated-objc-isa-usage -Wno-objc-interface-ivars -Werror\=objc-root-class -Wno-arc-repeated-use-of-weak -Wimplicit-retain-self -Wno-non-virtual-dtor -Wno-overloaded-virtual -Wno-exit-time-destructors -Wduplicate-method-match -Wno-missing-braces -Wparentheses -Wswitch -Wunused-function -Wno-unused-label -Wno-unused-parameter -Wunused-variable -Wunused-value -Wempty-body -Wuninitialized -Wconditional-uninitialized -Wno-unknown-pragmas -Wno-shadow -Wno-four-char-constants -Wno-conversion -Wconstant-conversion -Wint-conversion -Wbool-conversion -Wenum-conversion -Wno-float-conversion -Wnon-literal-null-conversion -Wobjc-literal-conversion -Wshorten-64-to-32 -Wno-newline-eof -Wno-selector -Wno-strict-selector-match -Wundeclared-selector -Wdeprecated-implementations -Wno-c++11-extensions -Wno-implicit-fallthrough -isysroot /Applications/Xcode.app/Contents/Developer/Platforms/iPhoneSimulator.platform/Developer/SDKs/iPhoneSimulator27.0.sdk -fstrict-aliasing -Wprotocol -Wdeprecated-declarations -Winvalid-offsetof -Wno-sign-conversion -Winfinite-recursion -Wmove -Wcomma -Wblock-capture-autoreleasing -Wstrict-prototypes -Wrange-loop-analysis -Wno-semicolon-before-method-body -Wunguarded-availability -index-store-path /Users/sparkles/Library/Developer/Xcode/DerivedData/Expensio-futtgngxcysvvhcljmosbeftqmyc/Index.noindex/DataStore @/Users/sparkles/Library/Developer/Xcode/DerivedData/Expensio-futtgngxcysvvhcljmosbeftqmyc/Build/Intermediates.noindex/Pods.build/Debug-iphonesimulator/RNSVG.build/Objects-normal/x86_64/af3fcb34312c57c0f52879cdce924b91-common-args.resp -DRCT_NEW_ARCH_ENABLED\=1 -include /Users/sparkles/Documents/CodingFiles/FullStack/expensioApp/frontend/ios/Pods/Target\ Support\ Files/RNSVG/RNSVG-prefix.pch -MMD -MT dependencies -MF /Users/sparkles/Library/Developer/Xcode/DerivedData/Expensio-futtgngxcysvvhcljmosbeftqmyc/Build/Intermediates.noindex/Pods.build/Debug-iphonesimulator/RNSVG.build/Objects-normal/x86_64/RNSVGRenderableModule.d --serialize-diagnostics /Users/sparkles/Library/Developer/Xcode/DerivedData/Expensio-futtgngxcysvvhcljmosbeftqmyc/Build/Intermediates.noindex/Pods.build/Debug-iphonesimulator/RNSVG.build/Objects-normal/x86_64/RNSVGRenderableModule.dia -c /Users/sparkles/Documents/CodingFiles/FullStack/expensioApp/frontend/node_modules/react-native-svg/apple/RNSVGRenderableModule.mm -o /Users/sparkles/Library/Developer/Xcode/DerivedData/Expensio-futtgngxcysvvhcljmosbeftqmyc/Build/Intermediates.noindex/Pods.build/Debug-iphonesimulator/RNSVG.build/Objects-normal/x86_64/RNSVGRenderableModule.o -index-unit-output-path /Pods.build/Debug-iphonesimulator/RNSVG.build/Objects-normal/x86_64/RNSVGRenderableModule.o

CompileC /Users/sparkles/Library/Developer/Xcode/DerivedData/Expensio-futtgngxcysvvhcljmosbeftqmyc/Build/Intermediates.noindex/Pods.build/Debug-iphonesimulator/RNSVG.build/Objects-normal/x86_64/RNSVGRenderableManager.o /Users/sparkles/Documents/CodingFiles/FullStack/expensioApp/frontend/node_modules/react-native-svg/apple/ViewManagers/RNSVGRenderableManager.mm normal x86_64 objective-c++ com.apple.compilers.llvm.clang.1_0.compiler (in target 'RNSVG' from project 'Pods')
    cd /Users/sparkles/Documents/CodingFiles/FullStack/expensioApp/frontend/ios/Pods
    
    Using response file: /Users/sparkles/Library/Developer/Xcode/DerivedData/Expensio-futtgngxcysvvhcljmosbeftqmyc/Build/Intermediates.noindex/Pods.build/Debug-iphonesimulator/RNSVG.build/Objects-normal/x86_64/af3fcb34312c57c0f52879cdce924b91-common-args.resp
    
    /Applications/Xcode.app/Contents/Developer/Toolchains/XcodeDefault.xctoolchain/usr/bin/clang -x objective-c++ -ivfsstatcache /Users/sparkles/Library/Developer/Xcode/DerivedData/SDKStatCaches.noindex/iphonesimulator27.0-24A430-8dc58220667be655e1bcc261a7455254.sdkstatcache -target x86_64-apple-ios17.0-simulator -fmessage-length\=0 -fdiagnostics-show-note-include-stack -fmacro-backtrace-limit\=0 -fno-color-diagnostics -fmodules-prune-interval\=86400 -fmodules-prune-after\=345600 -fbuild-session-file\=/Users/sparkles/Library/Developer/Xcode/DerivedData/ModuleCache.noindex/Session.modulevalidation -fmodules-validate-once-per-build-session -Wnon-modular-include-in-framework-module -Werror\=non-modular-include-in-framework-module -Wno-trigraphs -Wno-missing-field-initializers -Wno-missing-prototypes -Werror\=return-type -Wdocumentation -Wunreachable-code -Wno-implicit-atomic-properties -Werror\=deprecated-objc-isa-usage -Wno-objc-interface-ivars -Werror\=objc-root-class -Wno-arc-repeated-use-of-weak -Wimplicit-retain-self -Wno-non-virtual-dtor -Wno-overloaded-virtual -Wno-exit-time-destructors -Wduplicate-method-match -Wno-missing-braces -Wparentheses -Wswitch -Wunused-function -Wno-unused-label -Wno-unused-parameter -Wunused-variable -Wunused-value -Wempty-body -Wuninitialized -Wconditional-uninitialized -Wno-unknown-pragmas -Wno-shadow -Wno-four-char-constants -Wno-conversion -Wconstant-conversion -Wint-conversion -Wbool-conversion -Wenum-conversion -Wno-float-conversion -Wnon-literal-null-conversion -Wobjc-literal-conversion -Wshorten-64-to-32 -Wno-newline-eof -Wno-selector -Wno-strict-selector-match -Wundeclared-selector -Wdeprecated-implementations -Wno-c++11-extensions -Wno-implicit-fallthrough -isysroot /Applications/Xcode.app/Contents/Developer/Platforms/iPhoneSimulator.platform/Developer/SDKs/iPhoneSimulator27.0.sdk -fstrict-aliasing -Wprotocol -Wdeprecated-declarations -Winvalid-offsetof -Wno-sign-conversion -Winfinite-recursion -Wmove -Wcomma -Wblock-capture-autoreleasing -Wstrict-prototypes -Wrange-loop-analysis -Wno-semicolon-before-method-body -Wunguarded-availability -index-store-path /Users/sparkles/Library/Developer/Xcode/DerivedData/Expensio-futtgngxcysvvhcljmosbeftqmyc/Index.noindex/DataStore @/Users/sparkles/Library/Developer/Xcode/DerivedData/Expensio-futtgngxcysvvhcljmosbeftqmyc/Build/Intermediates.noindex/Pods.build/Debug-iphonesimulator/RNSVG.build/Objects-normal/x86_64/af3fcb34312c57c0f52879cdce924b91-common-args.resp -DRCT_NEW_ARCH_ENABLED\=1 -include /Users/sparkles/Documents/CodingFiles/FullStack/expensioApp/frontend/ios/Pods/Target\ Support\ Files/RNSVG/RNSVG-prefix.pch -MMD -MT dependencies -MF /Users/sparkles/Library/Developer/Xcode/DerivedData/Expensio-futtgngxcysvvhcljmosbeftqmyc/Build/Intermediates.noindex/Pods.build/Debug-iphonesimulator/RNSVG.build/Objects-normal/x86_64/RNSVGRenderableManager.d --serialize-diagnostics /Users/sparkles/Library/Developer/Xcode/DerivedData/Expensio-futtgngxcysvvhcljmosbeftqmyc/Build/Intermediates.noindex/Pods.build/Debug-iphonesimulator/RNSVG.build/Objects-normal/x86_64/RNSVGRenderableManager.dia -c /Users/sparkles/Documents/CodingFiles/FullStack/expensioApp/frontend/node_modules/react-native-svg/apple/ViewManagers/RNSVGRenderableManager.mm -o /Users/sparkles/Library/Developer/Xcode/DerivedData/Expensio-futtgngxcysvvhcljmosbeftqmyc/Build/Intermediates.noindex/Pods.build/Debug-iphonesimulator/RNSVG.build/Objects-normal/x86_64/RNSVGRenderableManager.o -index-unit-output-path /Pods.build/Debug-iphonesimulator/RNSVG.build/Objects-normal/x86_64/RNSVGRenderableManager.o

CompileC /Users/sparkles/Library/Developer/Xcode/DerivedData/Expensio-futtgngxcysvvhcljmosbeftqmyc/Build/Intermediates.noindex/Pods.build/Debug-iphonesimulator/RNSVG.build/Objects-normal/x86_64/RNSVGRenderable.o /Users/sparkles/Documents/CodingFiles/FullStack/expensioApp/frontend/node_modules/react-native-svg/apple/RNSVGRenderable.mm normal x86_64 objective-c++ com.apple.compilers.llvm.clang.1_0.compiler (in target 'RNSVG' from project 'Pods')
    cd /Users/sparkles/Documents/CodingFiles/FullStack/expensioApp/frontend/ios/Pods
    
    Using response file: /Users/sparkles/Library/Developer/Xcode/DerivedData/Expensio-futtgngxcysvvhcljmosbeftqmyc/Build/Intermediates.noindex/Pods.build/Debug-iphonesimulator/RNSVG.build/Objects-normal/x86_64/af3fcb34312c57c0f52879cdce924b91-common-args.resp
    
    /Applications/Xcode.app/Contents/Developer/Toolchains/XcodeDefault.xctoolchain/usr/bin/clang -x objective-c++ -ivfsstatcache /Users/sparkles/Library/Developer/Xcode/DerivedData/SDKStatCaches.noindex/iphonesimulator27.0-24A430-8dc58220667be655e1bcc261a7455254.sdkstatcache -target x86_64-apple-ios17.0-simulator -fmessage-length\=0 -fdiagnostics-show-note-include-stack -fmacro-backtrace-limit\=0 -fno-color-diagnostics -fmodules-prune-interval\=86400 -fmodules-prune-after\=345600 -fbuild-session-file\=/Users/sparkles/Library/Developer/Xcode/DerivedData/ModuleCache.noindex/Session.modulevalidation -fmodules-validate-once-per-build-session -Wnon-modular-include-in-framework-module -Werror\=non-modular-include-in-framework-module -Wno-trigraphs -Wno-missing-field-initializers -Wno-missing-prototypes -Werror\=return-type -Wdocumentation -Wunreachable-code -Wno-implicit-atomic-properties -Werror\=deprecated-objc-isa-usage -Wno-objc-interface-ivars -Werror\=objc-root-class -Wno-arc-repeated-use-of-weak -Wimplicit-retain-self -Wno-non-virtual-dtor -Wno-overloaded-virtual -Wno-exit-time-destructors -Wduplicate-method-match -Wno-missing-braces -Wparentheses -Wswitch -Wunused-function -Wno-unused-label -Wno-unused-parameter -Wunused-variable -Wunused-value -Wempty-body -Wuninitialized -Wconditional-uninitialized -Wno-unknown-pragmas -Wno-shadow -Wno-four-char-constants -Wno-conversion -Wconstant-conversion -Wint-conversion -Wbool-conversion -Wenum-conversion -Wno-float-conversion -Wnon-literal-null-conversion -Wobjc-literal-conversion -Wshorten-64-to-32 -Wno-newline-eof -Wno-selector -Wno-strict-selector-match -Wundeclared-selector -Wdeprecated-implementations -Wno-c++11-extensions -Wno-implicit-fallthrough -isysroot /Applications/Xcode.app/Contents/Developer/Platforms/iPhoneSimulator.platform/Developer/SDKs/iPhoneSimulator27.0.sdk -fstrict-aliasing -Wprotocol -Wdeprecated-declarations -Winvalid-offsetof -Wno-sign-conversion -Winfinite-recursion -Wmove -Wcomma -Wblock-capture-autoreleasing -Wstrict-prototypes -Wrange-loop-analysis -Wno-semicolon-before-method-body -Wunguarded-availability -index-store-path /Users/sparkles/Library/Developer/Xcode/DerivedData/Expensio-futtgngxcysvvhcljmosbeftqmyc/Index.noindex/DataStore @/Users/sparkles/Library/Developer/Xcode/DerivedData/Expensio-futtgngxcysvvhcljmosbeftqmyc/Build/Intermediates.noindex/Pods.build/Debug-iphonesimulator/RNSVG.build/Objects-normal/x86_64/af3fcb34312c57c0f52879cdce924b91-common-args.resp -DRCT_NEW_ARCH_ENABLED\=1 -include /Users/sparkles/Documents/CodingFiles/FullStack/expensioApp/frontend/ios/Pods/Target\ Support\ Files/RNSVG/RNSVG-prefix.pch -MMD -MT dependencies -MF /Users/sparkles/Library/Developer/Xcode/DerivedData/Expensio-futtgngxcysvvhcljmosbeftqmyc/Build/Intermediates.noindex/Pods.build/Debug-iphonesimulator/RNSVG.build/Objects-normal/x86_64/RNSVGRenderable.d --serialize-diagnostics /Users/sparkles/Library/Developer/Xcode/DerivedData/Expensio-futtgngxcysvvhcljmosbeftqmyc/Build/Intermediates.noindex/Pods.build/Debug-iphonesimulator/RNSVG.build/Objects-normal/x86_64/RNSVGRenderable.dia -c /Users/sparkles/Documents/CodingFiles/FullStack/expensioApp/frontend/node_modules/react-native-svg/apple/RNSVGRenderable.mm -o /Users/sparkles/Library/Developer/Xcode/DerivedData/Expensio-futtgngxcysvvhcljmosbeftqmyc/Build/Intermediates.noindex/Pods.build/Debug-iphonesimulator/RNSVG.build/Objects-normal/x86_64/RNSVGRenderable.o -index-unit-output-path /Pods.build/Debug-iphonesimulator/RNSVG.build/Objects-normal/x86_64/RNSVGRenderable.o

CompileC /Users/sparkles/Library/Developer/Xcode/DerivedData/Expensio-futtgngxcysvvhcljmosbeftqmyc/Build/Intermediates.noindex/Pods.build/Debug-iphonesimulator/RNSVG.build/Objects-normal/x86_64/RNSVGRenderUtils.o /Users/sparkles/Documents/CodingFiles/FullStack/expensioApp/frontend/node_modules/react-native-svg/apple/Utils/RNSVGRenderUtils.mm normal x86_64 objective-c++ com.apple.compilers.llvm.clang.1_0.compiler (in target 'RNSVG' from project 'Pods')
    cd /Users/sparkles/Documents/CodingFiles/FullStack/expensioApp/frontend/ios/Pods
    
    Using response file: /Users/sparkles/Library/Developer/Xcode/DerivedData/Expensio-futtgngxcysvvhcljmosbeftqmyc/Build/Intermediates.noindex/Pods.build/Debug-iphonesimulator/RNSVG.build/Objects-normal/x86_64/af3fcb34312c57c0f52879cdce924b91-common-args.resp
    
    /Applications/Xcode.app/Contents/Developer/Toolchains/XcodeDefault.xctoolchain/usr/bin/clang -x objective-c++ -ivfsstatcache /Users/sparkles/Library/Developer/Xcode/DerivedData/SDKStatCaches.noindex/iphonesimulator27.0-24A430-8dc58220667be655e1bcc261a7455254.sdkstatcache -target x86_64-apple-ios17.0-simulator -fmessage-length\=0 -fdiagnostics-show-note-include-stack -fmacro-backtrace-limit\=0 -fno-color-diagnostics -fmodules-prune-interval\=86400 -fmodules-prune-after\=345600 -fbuild-session-file\=/Users/sparkles/Library/Developer/Xcode/DerivedData/ModuleCache.noindex/Session.modulevalidation -fmodules-validate-once-per-build-session -Wnon-modular-include-in-framework-module -Werror\=non-modular-include-in-framework-module -Wno-trigraphs -Wno-missing-field-initializers -Wno-missing-prototypes -Werror\=return-type -Wdocumentation -Wunreachable-code -Wno-implicit-atomic-properties -Werror\=deprecated-objc-isa-usage -Wno-objc-interface-ivars -Werror\=objc-root-class -Wno-arc-repeated-use-of-weak -Wimplicit-retain-self -Wno-non-virtual-dtor -Wno-overloaded-virtual -Wno-exit-time-destructors -Wduplicate-method-match -Wno-missing-braces -Wparentheses -Wswitch -Wunused-function -Wno-unused-label -Wno-unused-parameter -Wunused-variable -Wunused-value -Wempty-body -Wuninitialized -Wconditional-uninitialized -Wno-unknown-pragmas -Wno-shadow -Wno-four-char-constants -Wno-conversion -Wconstant-conversion -Wint-conversion -Wbool-conversion -Wenum-conversion -Wno-float-conversion -Wnon-literal-null-conversion -Wobjc-literal-conversion -Wshorten-64-to-32 -Wno-newline-eof -Wno-selector -Wno-strict-selector-match -Wundeclared-selector -Wdeprecated-implementations -Wno-c++11-extensions -Wno-implicit-fallthrough -isysroot /Applications/Xcode.app/Contents/Developer/Platforms/iPhoneSimulator.platform/Developer/SDKs/iPhoneSimulator27.0.sdk -fstrict-aliasing -Wprotocol -Wdeprecated-declarations -Winvalid-offsetof -Wno-sign-conversion -Winfinite-recursion -Wmove -Wcomma -Wblock-capture-autoreleasing -Wstrict-prototypes -Wrange-loop-analysis -Wno-semicolon-before-method-body -Wunguarded-availability -index-store-path /Users/sparkles/Library/Developer/Xcode/DerivedData/Expensio-futtgngxcysvvhcljmosbeftqmyc/Index.noindex/DataStore @/Users/sparkles/Library/Developer/Xcode/DerivedData/Expensio-futtgngxcysvvhcljmosbeftqmyc/Build/Intermediates.noindex/Pods.build/Debug-iphonesimulator/RNSVG.build/Objects-normal/x86_64/af3fcb34312c57c0f52879cdce924b91-common-args.resp -DRCT_NEW_ARCH_ENABLED\=1 -include /Users/sparkles/Documents/CodingFiles/FullStack/expensioApp/frontend/ios/Pods/Target\ Support\ Files/RNSVG/RNSVG-prefix.pch -MMD -MT dependencies -MF /Users/sparkles/Library/Developer/Xcode/DerivedData/Expensio-futtgngxcysvvhcljmosbeftqmyc/Build/Intermediates.noindex/Pods.build/Debug-iphonesimulator/RNSVG.build/Objects-normal/x86_64/RNSVGRenderUtils.d --serialize-diagnostics /Users/sparkles/Library/Developer/Xcode/DerivedData/Expensio-futtgngxcysvvhcljmosbeftqmyc/Build/Intermediates.noindex/Pods.build/Debug-iphonesimulator/RNSVG.build/Objects-normal/x86_64/RNSVGRenderUtils.dia -c /Users/sparkles/Documents/CodingFiles/FullStack/expensioApp/frontend/node_modules/react-native-svg/apple/Utils/RNSVGRenderUtils.mm -o /Users/sparkles/Library/Developer/Xcode/DerivedData/Expensio-futtgngxcysvvhcljmosbeftqmyc/Build/Intermediates.noindex/Pods.build/Debug-iphonesimulator/RNSVG.build/Objects-normal/x86_64/RNSVGRenderUtils.o -index-unit-output-path /Pods.build/Debug-iphonesimulator/RNSVG.build/Objects-normal/x86_64/RNSVGRenderUtils.o

CompileC /Users/sparkles/Library/Developer/Xcode/DerivedData/Expensio-futtgngxcysvvhcljmosbeftqmyc/Build/Intermediates.noindex/Pods.build/Debug-iphonesimulator/RNSVG.build/Objects-normal/x86_64/RNSVGRectManager.o /Users/sparkles/Documents/CodingFiles/FullStack/expensioApp/frontend/node_modules/react-native-svg/apple/ViewManagers/RNSVGRectManager.mm normal x86_64 objective-c++ com.apple.compilers.llvm.clang.1_0.compiler (in target 'RNSVG' from project 'Pods')
    cd /Users/sparkles/Documents/CodingFiles/FullStack/expensioApp/frontend/ios/Pods
    
    Using response file: /Users/sparkles/Library/Developer/Xcode/DerivedData/Expensio-futtgngxcysvvhcljmosbeftqmyc/Build/Intermediates.noindex/Pods.build/Debug-iphonesimulator/RNSVG.build/Objects-normal/x86_64/af3fcb34312c57c0f52879cdce924b91-common-args.resp
    
    /Applications/Xcode.app/Contents/Developer/Toolchains/XcodeDefault.xctoolchain/usr/bin/clang -x objective-c++ -ivfsstatcache /Users/sparkles/Library/Developer/Xcode/DerivedData/SDKStatCaches.noindex/iphonesimulator27.0-24A430-8dc58220667be655e1bcc261a7455254.sdkstatcache -target x86_64-apple-ios17.0-simulator -fmessage-length\=0 -fdiagnostics-show-note-include-stack -fmacro-backtrace-limit\=0 -fno-color-diagnostics -fmodules-prune-interval\=86400 -fmodules-prune-after\=345600 -fbuild-session-file\=/Users/sparkles/Library/Developer/Xcode/DerivedData/ModuleCache.noindex/Session.modulevalidation -fmodules-validate-once-per-build-session -Wnon-modular-include-in-framework-module -Werror\=non-modular-include-in-framework-module -Wno-trigraphs -Wno-missing-field-initializers -Wno-missing-prototypes -Werror\=return-type -Wdocumentation -Wunreachable-code -Wno-implicit-atomic-properties -Werror\=deprecated-objc-isa-usage -Wno-objc-interface-ivars -Werror\=objc-root-class -Wno-arc-repeated-use-of-weak -Wimplicit-retain-self -Wno-non-virtual-dtor -Wno-overloaded-virtual -Wno-exit-time-destructors -Wduplicate-method-match -Wno-missing-braces -Wparentheses -Wswitch -Wunused-function -Wno-unused-label -Wno-unused-parameter -Wunused-variable -Wunused-value -Wempty-body -Wuninitialized -Wconditional-uninitialized -Wno-unknown-pragmas -Wno-shadow -Wno-four-char-constants -Wno-conversion -Wconstant-conversion -Wint-conversion -Wbool-conversion -Wenum-conversion -Wno-float-conversion -Wnon-literal-null-conversion -Wobjc-literal-conversion -Wshorten-64-to-32 -Wno-newline-eof -Wno-selector -Wno-strict-selector-match -Wundeclared-selector -Wdeprecated-implementations -Wno-c++11-extensions -Wno-implicit-fallthrough -isysroot /Applications/Xcode.app/Contents/Developer/Platforms/iPhoneSimulator.platform/Developer/SDKs/iPhoneSimulator27.0.sdk -fstrict-aliasing -Wprotocol -Wdeprecated-declarations -Winvalid-offsetof -Wno-sign-conversion -Winfinite-recursion -Wmove -Wcomma -Wblock-capture-autoreleasing -Wstrict-prototypes -Wrange-loop-analysis -Wno-semicolon-before-method-body -Wunguarded-availability -index-store-path /Users/sparkles/Library/Developer/Xcode/DerivedData/Expensio-futtgngxcysvvhcljmosbeftqmyc/Index.noindex/DataStore @/Users/sparkles/Library/Developer/Xcode/DerivedData/Expensio-futtgngxcysvvhcljmosbeftqmyc/Build/Intermediates.noindex/Pods.build/Debug-iphonesimulator/RNSVG.build/Objects-normal/x86_64/af3fcb34312c57c0f52879cdce924b91-common-args.resp -DRCT_NEW_ARCH_ENABLED\=1 -include /Users/sparkles/Documents/CodingFiles/FullStack/expensioApp/frontend/ios/Pods/Target\ Support\ Files/RNSVG/RNSVG-prefix.pch -MMD -MT dependencies -MF /Users/sparkles/Library/Developer/Xcode/DerivedData/Expensio-futtgngxcysvvhcljmosbeftqmyc/Build/Intermediates.noindex/Pods.build/Debug-iphonesimulator/RNSVG.build/Objects-normal/x86_64/RNSVGRectManager.d --serialize-diagnostics /Users/sparkles/Library/Developer/Xcode/DerivedData/Expensio-futtgngxcysvvhcljmosbeftqmyc/Build/Intermediates.noindex/Pods.build/Debug-iphonesimulator/RNSVG.build/Objects-normal/x86_64/RNSVGRectManager.dia -c /Users/sparkles/Documents/CodingFiles/FullStack/expensioApp/frontend/node_modules/react-native-svg/apple/ViewManagers/RNSVGRectManager.mm -o /Users/sparkles/Library/Developer/Xcode/DerivedData/Expensio-futtgngxcysvvhcljmosbeftqmyc/Build/Intermediates.noindex/Pods.build/Debug-iphonesimulator/RNSVG.build/Objects-normal/x86_64/RNSVGRectManager.o -index-unit-output-path /Pods.build/Debug-iphonesimulator/RNSVG.build/Objects-normal/x86_64/RNSVGRectManager.o

CompileC /Users/sparkles/Library/Developer/Xcode/DerivedData/Expensio-futtgngxcysvvhcljmosbeftqmyc/Build/Intermediates.noindex/Pods.build/Debug-iphonesimulator/RNSVG.build/Objects-normal/x86_64/RNSVGRect.o /Users/sparkles/Documents/CodingFiles/FullStack/expensioApp/frontend/node_modules/react-native-svg/apple/Shapes/RNSVGRect.mm normal x86_64 objective-c++ com.apple.compilers.llvm.clang.1_0.compiler (in target 'RNSVG' from project 'Pods')
    cd /Users/sparkles/Documents/CodingFiles/FullStack/expensioApp/frontend/ios/Pods
    
    Using response file: /Users/sparkles/Library/Developer/Xcode/DerivedData/Expensio-futtgngxcysvvhcljmosbeftqmyc/Build/Intermediates.noindex/Pods.build/Debug-iphonesimulator/RNSVG.build/Objects-normal/x86_64/af3fcb34312c57c0f52879cdce924b91-common-args.resp
    
    /Applications/Xcode.app/Contents/Developer/Toolchains/XcodeDefault.xctoolchain/usr/bin/clang -x objective-c++ -ivfsstatcache /Users/sparkles/Library/Developer/Xcode/DerivedData/SDKStatCaches.noindex/iphonesimulator27.0-24A430-8dc58220667be655e1bcc261a7455254.sdkstatcache -target x86_64-apple-ios17.0-simulator -fmessage-length\=0 -fdiagnostics-show-note-include-stack -fmacro-backtrace-limit\=0 -fno-color-diagnostics -fmodules-prune-interval\=86400 -fmodules-prune-after\=345600 -fbuild-session-file\=/Users/sparkles/Library/Developer/Xcode/DerivedData/ModuleCache.noindex/Session.modulevalidation -fmodules-validate-once-per-build-session -Wnon-modular-include-in-framework-module -Werror\=non-modular-include-in-framework-module -Wno-trigraphs -Wno-missing-field-initializers -Wno-missing-prototypes -Werror\=return-type -Wdocumentation -Wunreachable-code -Wno-implicit-atomic-properties -Werror\=deprecated-objc-isa-usage -Wno-objc-interface-ivars -Werror\=objc-root-class -Wno-arc-repeated-use-of-weak -Wimplicit-retain-self -Wno-non-virtual-dtor -Wno-overloaded-virtual -Wno-exit-time-destructors -Wduplicate-method-match -Wno-missing-braces -Wparentheses -Wswitch -Wunused-function -Wno-unused-label -Wno-unused-parameter -Wunused-variable -Wunused-value -Wempty-body -Wuninitialized -Wconditional-uninitialized -Wno-unknown-pragmas -Wno-shadow -Wno-four-char-constants -Wno-conversion -Wconstant-conversion -Wint-conversion -Wbool-conversion -Wenum-conversion -Wno-float-conversion -Wnon-literal-null-conversion -Wobjc-literal-conversion -Wshorten-64-to-32 -Wno-newline-eof -Wno-selector -Wno-strict-selector-match -Wundeclared-selector -Wdeprecated-implementations -Wno-c++11-extensions -Wno-implicit-fallthrough -isysroot /Applications/Xcode.app/Contents/Developer/Platforms/iPhoneSimulator.platform/Developer/SDKs/iPhoneSimulator27.0.sdk -fstrict-aliasing -Wprotocol -Wdeprecated-declarations -Winvalid-offsetof -Wno-sign-conversion -Winfinite-recursion -Wmove -Wcomma -Wblock-capture-autoreleasing -Wstrict-prototypes -Wrange-loop-analysis -Wno-semicolon-before-method-body -Wunguarded-availability -index-store-path /Users/sparkles/Library/Developer/Xcode/DerivedData/Expensio-futtgngxcysvvhcljmosbeftqmyc/Index.noindex/DataStore @/Users/sparkles/Library/Developer/Xcode/DerivedData/Expensio-futtgngxcysvvhcljmosbeftqmyc/Build/Intermediates.noindex/Pods.build/Debug-iphonesimulator/RNSVG.build/Objects-normal/x86_64/af3fcb34312c57c0f52879cdce924b91-common-args.resp -DRCT_NEW_ARCH_ENABLED\=1 -include /Users/sparkles/Documents/CodingFiles/FullStack/expensioApp/frontend/ios/Pods/Target\ Support\ Files/RNSVG/RNSVG-prefix.pch -MMD -MT dependencies -MF /Users/sparkles/Library/Developer/Xcode/DerivedData/Expensio-futtgngxcysvvhcljmosbeftqmyc/Build/Intermediates.noindex/Pods.build/Debug-iphonesimulator/RNSVG.build/Objects-normal/x86_64/RNSVGRect.d --serialize-diagnostics /Users/sparkles/Library/Developer/Xcode/DerivedData/Expensio-futtgngxcysvvhcljmosbeftqmyc/Build/Intermediates.noindex/Pods.build/Debug-iphonesimulator/RNSVG.build/Objects-normal/x86_64/RNSVGRect.dia -c /Users/sparkles/Documents/CodingFiles/FullStack/expensioApp/frontend/node_modules/react-native-svg/apple/Shapes/RNSVGRect.mm -o /Users/sparkles/Library/Developer/Xcode/DerivedData/Expensio-futtgngxcysvvhcljmosbeftqmyc/Build/Intermediates.noindex/Pods.build/Debug-iphonesimulator/RNSVG.build/Objects-normal/x86_64/RNSVGRect.o -index-unit-output-path /Pods.build/Debug-iphonesimulator/RNSVG.build/Objects-normal/x86_64/RNSVGRect.o
/Users/sparkles/Documents/CodingFiles/FullStack/expensioApp/frontend/node_modules/react-native-svg/apple/Shapes/RNSVGRect.mm:78:1: warning: method possibly missing a [super updateProps:oldProps:] call [-Wobjc-missing-super-calls]
   78 | }
      | ^
In file included from /Users/sparkles/Documents/CodingFiles/FullStack/expensioApp/frontend/node_modules/react-native-svg/apple/Shapes/RNSVGRect.mm:17:
/Users/sparkles/Documents/CodingFiles/FullStack/expensioApp/frontend/node_modules/react-native-svg/apple/Utils/RNSVGFabricConversions.h:246:19: warning: unused function 'intToRNSVGVBMOS' [-Wunused-function]
  246 | static RNSVGVBMOS intToRNSVGVBMOS(int value)
      |                   ^~~~~~~~~~~~~~~
2 warnings generated.

CompileC /Users/sparkles/Library/Developer/Xcode/DerivedData/Expensio-futtgngxcysvvhcljmosbeftqmyc/Build/Intermediates.noindex/Pods.build/Debug-iphonesimulator/RNSVG.build/Objects-normal/x86_64/RNSVGRadialGradientManager.o /Users/sparkles/Documents/CodingFiles/FullStack/expensioApp/frontend/node_modules/react-native-svg/apple/ViewManagers/RNSVGRadialGradientManager.mm normal x86_64 objective-c++ com.apple.compilers.llvm.clang.1_0.compiler (in target 'RNSVG' from project 'Pods')
    cd /Users/sparkles/Documents/CodingFiles/FullStack/expensioApp/frontend/ios/Pods
    
    Using response file: /Users/sparkles/Library/Developer/Xcode/DerivedData/Expensio-futtgngxcysvvhcljmosbeftqmyc/Build/Intermediates.noindex/Pods.build/Debug-iphonesimulator/RNSVG.build/Objects-normal/x86_64/af3fcb34312c57c0f52879cdce924b91-common-args.resp
    
    /Applications/Xcode.app/Contents/Developer/Toolchains/XcodeDefault.xctoolchain/usr/bin/clang -x objective-c++ -ivfsstatcache /Users/sparkles/Library/Developer/Xcode/DerivedData/SDKStatCaches.noindex/iphonesimulator27.0-24A430-8dc58220667be655e1bcc261a7455254.sdkstatcache -target x86_64-apple-ios17.0-simulator -fmessage-length\=0 -fdiagnostics-show-note-include-stack -fmacro-backtrace-limit\=0 -fno-color-diagnostics -fmodules-prune-interval\=86400 -fmodules-prune-after\=345600 -fbuild-session-file\=/Users/sparkles/Library/Developer/Xcode/DerivedData/ModuleCache.noindex/Session.modulevalidation -fmodules-validate-once-per-build-session -Wnon-modular-include-in-framework-module -Werror\=non-modular-include-in-framework-module -Wno-trigraphs -Wno-missing-field-initializers -Wno-missing-prototypes -Werror\=return-type -Wdocumentation -Wunreachable-code -Wno-implicit-atomic-properties -Werror\=deprecated-objc-isa-usage -Wno-objc-interface-ivars -Werror\=objc-root-class -Wno-arc-repeated-use-of-weak -Wimplicit-retain-self -Wno-non-virtual-dtor -Wno-overloaded-virtual -Wno-exit-time-destructors -Wduplicate-method-match -Wno-missing-braces -Wparentheses -Wswitch -Wunused-function -Wno-unused-label -Wno-unused-parameter -Wunused-variable -Wunused-value -Wempty-body -Wuninitialized -Wconditional-uninitialized -Wno-unknown-pragmas -Wno-shadow -Wno-four-char-constants -Wno-conversion -Wconstant-conversion -Wint-conversion -Wbool-conversion -Wenum-conversion -Wno-float-conversion -Wnon-literal-null-conversion -Wobjc-literal-conversion -Wshorten-64-to-32 -Wno-newline-eof -Wno-selector -Wno-strict-selector-match -Wundeclared-selector -Wdeprecated-implementations -Wno-c++11-extensions -Wno-implicit-fallthrough -isysroot /Applications/Xcode.app/Contents/Developer/Platforms/iPhoneSimulator.platform/Developer/SDKs/iPhoneSimulator27.0.sdk -fstrict-aliasing -Wprotocol -Wdeprecated-declarations -Winvalid-offsetof -Wno-sign-conversion -Winfinite-recursion -Wmove -Wcomma -Wblock-capture-autoreleasing -Wstrict-prototypes -Wrange-loop-analysis -Wno-semicolon-before-method-body -Wunguarded-availability -index-store-path /Users/sparkles/Library/Developer/Xcode/DerivedData/Expensio-futtgngxcysvvhcljmosbeftqmyc/Index.noindex/DataStore @/Users/sparkles/Library/Developer/Xcode/DerivedData/Expensio-futtgngxcysvvhcljmosbeftqmyc/Build/Intermediates.noindex/Pods.build/Debug-iphonesimulator/RNSVG.build/Objects-normal/x86_64/af3fcb34312c57c0f52879cdce924b91-common-args.resp -DRCT_NEW_ARCH_ENABLED\=1 -include /Users/sparkles/Documents/CodingFiles/FullStack/expensioApp/frontend/ios/Pods/Target\ Support\ Files/RNSVG/RNSVG-prefix.pch -MMD -MT dependencies -MF /Users/sparkles/Library/Developer/Xcode/DerivedData/Expensio-futtgngxcysvvhcljmosbeftqmyc/Build/Intermediates.noindex/Pods.build/Debug-iphonesimulator/RNSVG.build/Objects-normal/x86_64/RNSVGRadialGradientManager.d --serialize-diagnostics /Users/sparkles/Library/Developer/Xcode/DerivedData/Expensio-futtgngxcysvvhcljmosbeftqmyc/Build/Intermediates.noindex/Pods.build/Debug-iphonesimulator/RNSVG.build/Objects-normal/x86_64/RNSVGRadialGradientManager.dia -c /Users/sparkles/Documents/CodingFiles/FullStack/expensioApp/frontend/node_modules/react-native-svg/apple/ViewManagers/RNSVGRadialGradientManager.mm -o /Users/sparkles/Library/Developer/Xcode/DerivedData/Expensio-futtgngxcysvvhcljmosbeftqmyc/Build/Intermediates.noindex/Pods.build/Debug-iphonesimulator/RNSVG.build/Objects-normal/x86_64/RNSVGRadialGradientManager.o -index-unit-output-path /Pods.build/Debug-iphonesimulator/RNSVG.build/Objects-normal/x86_64/RNSVGRadialGradientManager.o

CompileC /Users/sparkles/Library/Developer/Xcode/DerivedData/Expensio-futtgngxcysvvhcljmosbeftqmyc/Build/Intermediates.noindex/Pods.build/Debug-iphonesimulator/RNSVG.build/Objects-normal/x86_64/RNSVGRadialGradient.o /Users/sparkles/Documents/CodingFiles/FullStack/expensioApp/frontend/node_modules/react-native-svg/apple/Elements/RNSVGRadialGradient.mm normal x86_64 objective-c++ com.apple.compilers.llvm.clang.1_0.compiler (in target 'RNSVG' from project 'Pods')
    cd /Users/sparkles/Documents/CodingFiles/FullStack/expensioApp/frontend/ios/Pods
    
    Using response file: /Users/sparkles/Library/Developer/Xcode/DerivedData/Expensio-futtgngxcysvvhcljmosbeftqmyc/Build/Intermediates.noindex/Pods.build/Debug-iphonesimulator/RNSVG.build/Objects-normal/x86_64/af3fcb34312c57c0f52879cdce924b91-common-args.resp
    
    /Applications/Xcode.app/Contents/Developer/Toolchains/XcodeDefault.xctoolchain/usr/bin/clang -x objective-c++ -ivfsstatcache /Users/sparkles/Library/Developer/Xcode/DerivedData/SDKStatCaches.noindex/iphonesimulator27.0-24A430-8dc58220667be655e1bcc261a7455254.sdkstatcache -target x86_64-apple-ios17.0-simulator -fmessage-length\=0 -fdiagnostics-show-note-include-stack -fmacro-backtrace-limit\=0 -fno-color-diagnostics -fmodules-prune-interval\=86400 -fmodules-prune-after\=345600 -fbuild-session-file\=/Users/sparkles/Library/Developer/Xcode/DerivedData/ModuleCache.noindex/Session.modulevalidation -fmodules-validate-once-per-build-session -Wnon-modular-include-in-framework-module -Werror\=non-modular-include-in-framework-module -Wno-trigraphs -Wno-missing-field-initializers -Wno-missing-prototypes -Werror\=return-type -Wdocumentation -Wunreachable-code -Wno-implicit-atomic-properties -Werror\=deprecated-objc-isa-usage -Wno-objc-interface-ivars -Werror\=objc-root-class -Wno-arc-repeated-use-of-weak -Wimplicit-retain-self -Wno-non-virtual-dtor -Wno-overloaded-virtual -Wno-exit-time-destructors -Wduplicate-method-match -Wno-missing-braces -Wparentheses -Wswitch -Wunused-function -Wno-unused-label -Wno-unused-parameter -Wunused-variable -Wunused-value -Wempty-body -Wuninitialized -Wconditional-uninitialized -Wno-unknown-pragmas -Wno-shadow -Wno-four-char-constants -Wno-conversion -Wconstant-conversion -Wint-conversion -Wbool-conversion -Wenum-conversion -Wno-float-conversion -Wnon-literal-null-conversion -Wobjc-literal-conversion -Wshorten-64-to-32 -Wno-newline-eof -Wno-selector -Wno-strict-selector-match -Wundeclared-selector -Wdeprecated-implementations -Wno-c++11-extensions -Wno-implicit-fallthrough -isysroot /Applications/Xcode.app/Contents/Developer/Platforms/iPhoneSimulator.platform/Developer/SDKs/iPhoneSimulator27.0.sdk -fstrict-aliasing -Wprotocol -Wdeprecated-declarations -Winvalid-offsetof -Wno-sign-conversion -Winfinite-recursion -Wmove -Wcomma -Wblock-capture-autoreleasing -Wstrict-prototypes -Wrange-loop-analysis -Wno-semicolon-before-method-body -Wunguarded-availability -index-store-path /Users/sparkles/Library/Developer/Xcode/DerivedData/Expensio-futtgngxcysvvhcljmosbeftqmyc/Index.noindex/DataStore @/Users/sparkles/Library/Developer/Xcode/DerivedData/Expensio-futtgngxcysvvhcljmosbeftqmyc/Build/Intermediates.noindex/Pods.build/Debug-iphonesimulator/RNSVG.build/Objects-normal/x86_64/af3fcb34312c57c0f52879cdce924b91-common-args.resp -DRCT_NEW_ARCH_ENABLED\=1 -include /Users/sparkles/Documents/CodingFiles/FullStack/expensioApp/frontend/ios/Pods/Target\ Support\ Files/RNSVG/RNSVG-prefix.pch -MMD -MT dependencies -MF /Users/sparkles/Library/Developer/Xcode/DerivedData/Expensio-futtgngxcysvvhcljmosbeftqmyc/Build/Intermediates.noindex/Pods.build/Debug-iphonesimulator/RNSVG.build/Objects-normal/x86_64/RNSVGRadialGradient.d --serialize-diagnostics /Users/sparkles/Library/Developer/Xcode/DerivedData/Expensio-futtgngxcysvvhcljmosbeftqmyc/Build/Intermediates.noindex/Pods.build/Debug-iphonesimulator/RNSVG.build/Objects-normal/x86_64/RNSVGRadialGradient.dia -c /Users/sparkles/Documents/CodingFiles/FullStack/expensioApp/frontend/node_modules/react-native-svg/apple/Elements/RNSVGRadialGradient.mm -o /Users/sparkles/Library/Developer/Xcode/DerivedData/Expensio-futtgngxcysvvhcljmosbeftqmyc/Build/Intermediates.noindex/Pods.build/Debug-iphonesimulator/RNSVG.build/Objects-normal/x86_64/RNSVGRadialGradient.o -index-unit-output-path /Pods.build/Debug-iphonesimulator/RNSVG.build/Objects-normal/x86_64/RNSVGRadialGradient.o
/Users/sparkles/Documents/CodingFiles/FullStack/expensioApp/frontend/node_modules/react-native-svg/apple/Elements/RNSVGRadialGradient.mm:93:1: warning: method possibly missing a [super updateProps:oldProps:] call [-Wobjc-missing-super-calls]
   93 | }
      | ^
In file included from /Users/sparkles/Documents/CodingFiles/FullStack/expensioApp/frontend/node_modules/react-native-svg/apple/Elements/RNSVGRadialGradient.mm:15:
/Users/sparkles/Documents/CodingFiles/FullStack/expensioApp/frontend/node_modules/react-native-svg/apple/Utils/RNSVGFabricConversions.h:246:19: warning: unused function 'intToRNSVGVBMOS' [-Wunused-function]
  246 | static RNSVGVBMOS intToRNSVGVBMOS(int value)
      |                   ^~~~~~~~~~~~~~~
2 warnings generated.

CompileC /Users/sparkles/Library/Developer/Xcode/DerivedData/Expensio-futtgngxcysvvhcljmosbeftqmyc/Build/Intermediates.noindex/Pods.build/Debug-iphonesimulator/RNSVG.build/Objects-normal/x86_64/RNSVGPropHelper.o /Users/sparkles/Documents/CodingFiles/FullStack/expensioApp/frontend/node_modules/react-native-svg/apple/Text/RNSVGPropHelper.mm normal x86_64 objective-c++ com.apple.compilers.llvm.clang.1_0.compiler (in target 'RNSVG' from project 'Pods')
    cd /Users/sparkles/Documents/CodingFiles/FullStack/expensioApp/frontend/ios/Pods
    
    Using response file: /Users/sparkles/Library/Developer/Xcode/DerivedData/Expensio-futtgngxcysvvhcljmosbeftqmyc/Build/Intermediates.noindex/Pods.build/Debug-iphonesimulator/RNSVG.build/Objects-normal/x86_64/af3fcb34312c57c0f52879cdce924b91-common-args.resp
    
    /Applications/Xcode.app/Contents/Developer/Toolchains/XcodeDefault.xctoolchain/usr/bin/clang -x objective-c++ -ivfsstatcache /Users/sparkles/Library/Developer/Xcode/DerivedData/SDKStatCaches.noindex/iphonesimulator27.0-24A430-8dc58220667be655e1bcc261a7455254.sdkstatcache -target x86_64-apple-ios17.0-simulator -fmessage-length\=0 -fdiagnostics-show-note-include-stack -fmacro-backtrace-limit\=0 -fno-color-diagnostics -fmodules-prune-interval\=86400 -fmodules-prune-after\=345600 -fbuild-session-file\=/Users/sparkles/Library/Developer/Xcode/DerivedData/ModuleCache.noindex/Session.modulevalidation -fmodules-validate-once-per-build-session -Wnon-modular-include-in-framework-module -Werror\=non-modular-include-in-framework-module -Wno-trigraphs -Wno-missing-field-initializers -Wno-missing-prototypes -Werror\=return-type -Wdocumentation -Wunreachable-code -Wno-implicit-atomic-properties -Werror\=deprecated-objc-isa-usage -Wno-objc-interface-ivars -Werror\=objc-root-class -Wno-arc-repeated-use-of-weak -Wimplicit-retain-self -Wno-non-virtual-dtor -Wno-overloaded-virtual -Wno-exit-time-destructors -Wduplicate-method-match -Wno-missing-braces -Wparentheses -Wswitch -Wunused-function -Wno-unused-label -Wno-unused-parameter -Wunused-variable -Wunused-value -Wempty-body -Wuninitialized -Wconditional-uninitialized -Wno-unknown-pragmas -Wno-shadow -Wno-four-char-constants -Wno-conversion -Wconstant-conversion -Wint-conversion -Wbool-conversion -Wenum-conversion -Wno-float-conversion -Wnon-literal-null-conversion -Wobjc-literal-conversion -Wshorten-64-to-32 -Wno-newline-eof -Wno-selector -Wno-strict-selector-match -Wundeclared-selector -Wdeprecated-implementations -Wno-c++11-extensions -Wno-implicit-fallthrough -isysroot /Applications/Xcode.app/Contents/Developer/Platforms/iPhoneSimulator.platform/Developer/SDKs/iPhoneSimulator27.0.sdk -fstrict-aliasing -Wprotocol -Wdeprecated-declarations -Winvalid-offsetof -Wno-sign-conversion -Winfinite-recursion -Wmove -Wcomma -Wblock-capture-autoreleasing -Wstrict-prototypes -Wrange-loop-analysis -Wno-semicolon-before-method-body -Wunguarded-availability -index-store-path /Users/sparkles/Library/Developer/Xcode/DerivedData/Expensio-futtgngxcysvvhcljmosbeftqmyc/Index.noindex/DataStore @/Users/sparkles/Library/Developer/Xcode/DerivedData/Expensio-futtgngxcysvvhcljmosbeftqmyc/Build/Intermediates.noindex/Pods.build/Debug-iphonesimulator/RNSVG.build/Objects-normal/x86_64/af3fcb34312c57c0f52879cdce924b91-common-args.resp -DRCT_NEW_ARCH_ENABLED\=1 -include /Users/sparkles/Documents/CodingFiles/FullStack/expensioApp/frontend/ios/Pods/Target\ Support\ Files/RNSVG/RNSVG-prefix.pch -MMD -MT dependencies -MF /Users/sparkles/Library/Developer/Xcode/DerivedData/Expensio-futtgngxcysvvhcljmosbeftqmyc/Build/Intermediates.noindex/Pods.build/Debug-iphonesimulator/RNSVG.build/Objects-normal/x86_64/RNSVGPropHelper.d --serialize-diagnostics /Users/sparkles/Library/Developer/Xcode/DerivedData/Expensio-futtgngxcysvvhcljmosbeftqmyc/Build/Intermediates.noindex/Pods.build/Debug-iphonesimulator/RNSVG.build/Objects-normal/x86_64/RNSVGPropHelper.dia -c /Users/sparkles/Documents/CodingFiles/FullStack/expensioApp/frontend/node_modules/react-native-svg/apple/Text/RNSVGPropHelper.mm -o /Users/sparkles/Library/Developer/Xcode/DerivedData/Expensio-futtgngxcysvvhcljmosbeftqmyc/Build/Intermediates.noindex/Pods.build/Debug-iphonesimulator/RNSVG.build/Objects-normal/x86_64/RNSVGPropHelper.o -index-unit-output-path /Pods.build/Debug-iphonesimulator/RNSVG.build/Objects-normal/x86_64/RNSVGPropHelper.o

CompileC /Users/sparkles/Library/Developer/Xcode/DerivedData/Expensio-futtgngxcysvvhcljmosbeftqmyc/Build/Intermediates.noindex/Pods.build/Debug-iphonesimulator/RNSVG.build/Objects-normal/x86_64/RNSVGPatternManager.o /Users/sparkles/Documents/CodingFiles/FullStack/expensioApp/frontend/node_modules/react-native-svg/apple/ViewManagers/RNSVGPatternManager.mm normal x86_64 objective-c++ com.apple.compilers.llvm.clang.1_0.compiler (in target 'RNSVG' from project 'Pods')
    cd /Users/sparkles/Documents/CodingFiles/FullStack/expensioApp/frontend/ios/Pods
    
    Using response file: /Users/sparkles/Library/Developer/Xcode/DerivedData/Expensio-futtgngxcysvvhcljmosbeftqmyc/Build/Intermediates.noindex/Pods.build/Debug-iphonesimulator/RNSVG.build/Objects-normal/x86_64/af3fcb34312c57c0f52879cdce924b91-common-args.resp
    
    /Applications/Xcode.app/Contents/Developer/Toolchains/XcodeDefault.xctoolchain/usr/bin/clang -x objective-c++ -ivfsstatcache /Users/sparkles/Library/Developer/Xcode/DerivedData/SDKStatCaches.noindex/iphonesimulator27.0-24A430-8dc58220667be655e1bcc261a7455254.sdkstatcache -target x86_64-apple-ios17.0-simulator -fmessage-length\=0 -fdiagnostics-show-note-include-stack -fmacro-backtrace-limit\=0 -fno-color-diagnostics -fmodules-prune-interval\=86400 -fmodules-prune-after\=345600 -fbuild-session-file\=/Users/sparkles/Library/Developer/Xcode/DerivedData/ModuleCache.noindex/Session.modulevalidation -fmodules-validate-once-per-build-session -Wnon-modular-include-in-framework-module -Werror\=non-modular-include-in-framework-module -Wno-trigraphs -Wno-missing-field-initializers -Wno-missing-prototypes -Werror\=return-type -Wdocumentation -Wunreachable-code -Wno-implicit-atomic-properties -Werror\=deprecated-objc-isa-usage -Wno-objc-interface-ivars -Werror\=objc-root-class -Wno-arc-repeated-use-of-weak -Wimplicit-retain-self -Wno-non-virtual-dtor -Wno-overloaded-virtual -Wno-exit-time-destructors -Wduplicate-method-match -Wno-missing-braces -Wparentheses -Wswitch -Wunused-function -Wno-unused-label -Wno-unused-parameter -Wunused-variable -Wunused-value -Wempty-body -Wuninitialized -Wconditional-uninitialized -Wno-unknown-pragmas -Wno-shadow -Wno-four-char-constants -Wno-conversion -Wconstant-conversion -Wint-conversion -Wbool-conversion -Wenum-conversion -Wno-float-conversion -Wnon-literal-null-conversion -Wobjc-literal-conversion -Wshorten-64-to-32 -Wno-newline-eof -Wno-selector -Wno-strict-selector-match -Wundeclared-selector -Wdeprecated-implementations -Wno-c++11-extensions -Wno-implicit-fallthrough -isysroot /Applications/Xcode.app/Contents/Developer/Platforms/iPhoneSimulator.platform/Developer/SDKs/iPhoneSimulator27.0.sdk -fstrict-aliasing -Wprotocol -Wdeprecated-declarations -Winvalid-offsetof -Wno-sign-conversion -Winfinite-recursion -Wmove -Wcomma -Wblock-capture-autoreleasing -Wstrict-prototypes -Wrange-loop-analysis -Wno-semicolon-before-method-body -Wunguarded-availability -index-store-path /Users/sparkles/Library/Developer/Xcode/DerivedData/Expensio-futtgngxcysvvhcljmosbeftqmyc/Index.noindex/DataStore @/Users/sparkles/Library/Developer/Xcode/DerivedData/Expensio-futtgngxcysvvhcljmosbeftqmyc/Build/Intermediates.noindex/Pods.build/Debug-iphonesimulator/RNSVG.build/Objects-normal/x86_64/af3fcb34312c57c0f52879cdce924b91-common-args.resp -DRCT_NEW_ARCH_ENABLED\=1 -include /Users/sparkles/Documents/CodingFiles/FullStack/expensioApp/frontend/ios/Pods/Target\ Support\ Files/RNSVG/RNSVG-prefix.pch -MMD -MT dependencies -MF /Users/sparkles/Library/Developer/Xcode/DerivedData/Expensio-futtgngxcysvvhcljmosbeftqmyc/Build/Intermediates.noindex/Pods.build/Debug-iphonesimulator/RNSVG.build/Objects-normal/x86_64/RNSVGPatternManager.d --serialize-diagnostics /Users/sparkles/Library/Developer/Xcode/DerivedData/Expensio-futtgngxcysvvhcljmosbeftqmyc/Build/Intermediates.noindex/Pods.build/Debug-iphonesimulator/RNSVG.build/Objects-normal/x86_64/RNSVGPatternManager.dia -c /Users/sparkles/Documents/CodingFiles/FullStack/expensioApp/frontend/node_modules/react-native-svg/apple/ViewManagers/RNSVGPatternManager.mm -o /Users/sparkles/Library/Developer/Xcode/DerivedData/Expensio-futtgngxcysvvhcljmosbeftqmyc/Build/Intermediates.noindex/Pods.build/Debug-iphonesimulator/RNSVG.build/Objects-normal/x86_64/RNSVGPatternManager.o -index-unit-output-path /Pods.build/Debug-iphonesimulator/RNSVG.build/Objects-normal/x86_64/RNSVGPatternManager.o

CompileC /Users/sparkles/Library/Developer/Xcode/DerivedData/Expensio-futtgngxcysvvhcljmosbeftqmyc/Build/Intermediates.noindex/Pods.build/Debug-iphonesimulator/RNSVG.build/Objects-normal/x86_64/RNSVGPattern.o /Users/sparkles/Documents/CodingFiles/FullStack/expensioApp/frontend/node_modules/react-native-svg/apple/Elements/RNSVGPattern.mm normal x86_64 objective-c++ com.apple.compilers.llvm.clang.1_0.compiler (in target 'RNSVG' from project 'Pods')
    cd /Users/sparkles/Documents/CodingFiles/FullStack/expensioApp/frontend/ios/Pods
    
    Using response file: /Users/sparkles/Library/Developer/Xcode/DerivedData/Expensio-futtgngxcysvvhcljmosbeftqmyc/Build/Intermediates.noindex/Pods.build/Debug-iphonesimulator/RNSVG.build/Objects-normal/x86_64/af3fcb34312c57c0f52879cdce924b91-common-args.resp
    
    /Applications/Xcode.app/Contents/Developer/Toolchains/XcodeDefault.xctoolchain/usr/bin/clang -x objective-c++ -ivfsstatcache /Users/sparkles/Library/Developer/Xcode/DerivedData/SDKStatCaches.noindex/iphonesimulator27.0-24A430-8dc58220667be655e1bcc261a7455254.sdkstatcache -target x86_64-apple-ios17.0-simulator -fmessage-length\=0 -fdiagnostics-show-note-include-stack -fmacro-backtrace-limit\=0 -fno-color-diagnostics -fmodules-prune-interval\=86400 -fmodules-prune-after\=345600 -fbuild-session-file\=/Users/sparkles/Library/Developer/Xcode/DerivedData/ModuleCache.noindex/Session.modulevalidation -fmodules-validate-once-per-build-session -Wnon-modular-include-in-framework-module -Werror\=non-modular-include-in-framework-module -Wno-trigraphs -Wno-missing-field-initializers -Wno-missing-prototypes -Werror\=return-type -Wdocumentation -Wunreachable-code -Wno-implicit-atomic-properties -Werror\=deprecated-objc-isa-usage -Wno-objc-interface-ivars -Werror\=objc-root-class -Wno-arc-repeated-use-of-weak -Wimplicit-retain-self -Wno-non-virtual-dtor -Wno-overloaded-virtual -Wno-exit-time-destructors -Wduplicate-method-match -Wno-missing-braces -Wparentheses -Wswitch -Wunused-function -Wno-unused-label -Wno-unused-parameter -Wunused-variable -Wunused-value -Wempty-body -Wuninitialized -Wconditional-uninitialized -Wno-unknown-pragmas -Wno-shadow -Wno-four-char-constants -Wno-conversion -Wconstant-conversion -Wint-conversion -Wbool-conversion -Wenum-conversion -Wno-float-conversion -Wnon-literal-null-conversion -Wobjc-literal-conversion -Wshorten-64-to-32 -Wno-newline-eof -Wno-selector -Wno-strict-selector-match -Wundeclared-selector -Wdeprecated-implementations -Wno-c++11-extensions -Wno-implicit-fallthrough -isysroot /Applications/Xcode.app/Contents/Developer/Platforms/iPhoneSimulator.platform/Developer/SDKs/iPhoneSimulator27.0.sdk -fstrict-aliasing -Wprotocol -Wdeprecated-declarations -Winvalid-offsetof -Wno-sign-conversion -Winfinite-recursion -Wmove -Wcomma -Wblock-capture-autoreleasing -Wstrict-prototypes -Wrange-loop-analysis -Wno-semicolon-before-method-body -Wunguarded-availability -index-store-path /Users/sparkles/Library/Developer/Xcode/DerivedData/Expensio-futtgngxcysvvhcljmosbeftqmyc/Index.noindex/DataStore @/Users/sparkles/Library/Developer/Xcode/DerivedData/Expensio-futtgngxcysvvhcljmosbeftqmyc/Build/Intermediates.noindex/Pods.build/Debug-iphonesimulator/RNSVG.build/Objects-normal/x86_64/af3fcb34312c57c0f52879cdce924b91-common-args.resp -DRCT_NEW_ARCH_ENABLED\=1 -include /Users/sparkles/Documents/CodingFiles/FullStack/expensioApp/frontend/ios/Pods/Target\ Support\ Files/RNSVG/RNSVG-prefix.pch -MMD -MT dependencies -MF /Users/sparkles/Library/Developer/Xcode/DerivedData/Expensio-futtgngxcysvvhcljmosbeftqmyc/Build/Intermediates.noindex/Pods.build/Debug-iphonesimulator/RNSVG.build/Objects-normal/x86_64/RNSVGPattern.d --serialize-diagnostics /Users/sparkles/Library/Developer/Xcode/DerivedData/Expensio-futtgngxcysvvhcljmosbeftqmyc/Build/Intermediates.noindex/Pods.build/Debug-iphonesimulator/RNSVG.build/Objects-normal/x86_64/RNSVGPattern.dia -c /Users/sparkles/Documents/CodingFiles/FullStack/expensioApp/frontend/node_modules/react-native-svg/apple/Elements/RNSVGPattern.mm -o /Users/sparkles/Library/Developer/Xcode/DerivedData/Expensio-futtgngxcysvvhcljmosbeftqmyc/Build/Intermediates.noindex/Pods.build/Debug-iphonesimulator/RNSVG.build/Objects-normal/x86_64/RNSVGPattern.o -index-unit-output-path /Pods.build/Debug-iphonesimulator/RNSVG.build/Objects-normal/x86_64/RNSVGPattern.o
/Users/sparkles/Documents/CodingFiles/FullStack/expensioApp/frontend/node_modules/react-native-svg/apple/Elements/RNSVGPattern.mm:89:1: warning: method possibly missing a [super updateProps:oldProps:] call [-Wobjc-missing-super-calls]
   89 | }
      | ^
1 warning generated.

CompileC /Users/sparkles/Library/Developer/Xcode/DerivedData/Expensio-futtgngxcysvvhcljmosbeftqmyc/Build/Intermediates.noindex/Pods.build/Debug-iphonesimulator/RNSVG.build/Objects-normal/x86_64/RNSVGPathParser.o /Users/sparkles/Documents/CodingFiles/FullStack/expensioApp/frontend/node_modules/react-native-svg/apple/Utils/RNSVGPathParser.mm normal x86_64 objective-c++ com.apple.compilers.llvm.clang.1_0.compiler (in target 'RNSVG' from project 'Pods')
    cd /Users/sparkles/Documents/CodingFiles/FullStack/expensioApp/frontend/ios/Pods
    
    Using response file: /Users/sparkles/Library/Developer/Xcode/DerivedData/Expensio-futtgngxcysvvhcljmosbeftqmyc/Build/Intermediates.noindex/Pods.build/Debug-iphonesimulator/RNSVG.build/Objects-normal/x86_64/af3fcb34312c57c0f52879cdce924b91-common-args.resp
    
    /Applications/Xcode.app/Contents/Developer/Toolchains/XcodeDefault.xctoolchain/usr/bin/clang -x objective-c++ -ivfsstatcache /Users/sparkles/Library/Developer/Xcode/DerivedData/SDKStatCaches.noindex/iphonesimulator27.0-24A430-8dc58220667be655e1bcc261a7455254.sdkstatcache -target x86_64-apple-ios17.0-simulator -fmessage-length\=0 -fdiagnostics-show-note-include-stack -fmacro-backtrace-limit\=0 -fno-color-diagnostics -fmodules-prune-interval\=86400 -fmodules-prune-after\=345600 -fbuild-session-file\=/Users/sparkles/Library/Developer/Xcode/DerivedData/ModuleCache.noindex/Session.modulevalidation -fmodules-validate-once-per-build-session -Wnon-modular-include-in-framework-module -Werror\=non-modular-include-in-framework-module -Wno-trigraphs -Wno-missing-field-initializers -Wno-missing-prototypes -Werror\=return-type -Wdocumentation -Wunreachable-code -Wno-implicit-atomic-properties -Werror\=deprecated-objc-isa-usage -Wno-objc-interface-ivars -Werror\=objc-root-class -Wno-arc-repeated-use-of-weak -Wimplicit-retain-self -Wno-non-virtual-dtor -Wno-overloaded-virtual -Wno-exit-time-destructors -Wduplicate-method-match -Wno-missing-braces -Wparentheses -Wswitch -Wunused-function -Wno-unused-label -Wno-unused-parameter -Wunused-variable -Wunused-value -Wempty-body -Wuninitialized -Wconditional-uninitialized -Wno-unknown-pragmas -Wno-shadow -Wno-four-char-constants -Wno-conversion -Wconstant-conversion -Wint-conversion -Wbool-conversion -Wenum-conversion -Wno-float-conversion -Wnon-literal-null-conversion -Wobjc-literal-conversion -Wshorten-64-to-32 -Wno-newline-eof -Wno-selector -Wno-strict-selector-match -Wundeclared-selector -Wdeprecated-implementations -Wno-c++11-extensions -Wno-implicit-fallthrough -isysroot /Applications/Xcode.app/Contents/Developer/Platforms/iPhoneSimulator.platform/Developer/SDKs/iPhoneSimulator27.0.sdk -fstrict-aliasing -Wprotocol -Wdeprecated-declarations -Winvalid-offsetof -Wno-sign-conversion -Winfinite-recursion -Wmove -Wcomma -Wblock-capture-autoreleasing -Wstrict-prototypes -Wrange-loop-analysis -Wno-semicolon-before-method-body -Wunguarded-availability -index-store-path /Users/sparkles/Library/Developer/Xcode/DerivedData/Expensio-futtgngxcysvvhcljmosbeftqmyc/Index.noindex/DataStore @/Users/sparkles/Library/Developer/Xcode/DerivedData/Expensio-futtgngxcysvvhcljmosbeftqmyc/Build/Intermediates.noindex/Pods.build/Debug-iphonesimulator/RNSVG.build/Objects-normal/x86_64/af3fcb34312c57c0f52879cdce924b91-common-args.resp -DRCT_NEW_ARCH_ENABLED\=1 -include /Users/sparkles/Documents/CodingFiles/FullStack/expensioApp/frontend/ios/Pods/Target\ Support\ Files/RNSVG/RNSVG-prefix.pch -MMD -MT dependencies -MF /Users/sparkles/Library/Developer/Xcode/DerivedData/Expensio-futtgngxcysvvhcljmosbeftqmyc/Build/Intermediates.noindex/Pods.build/Debug-iphonesimulator/RNSVG.build/Objects-normal/x86_64/RNSVGPathParser.d --serialize-diagnostics /Users/sparkles/Library/Developer/Xcode/DerivedData/Expensio-futtgngxcysvvhcljmosbeftqmyc/Build/Intermediates.noindex/Pods.build/Debug-iphonesimulator/RNSVG.build/Objects-normal/x86_64/RNSVGPathParser.dia -c /Users/sparkles/Documents/CodingFiles/FullStack/expensioApp/frontend/node_modules/react-native-svg/apple/Utils/RNSVGPathParser.mm -o /Users/sparkles/Library/Developer/Xcode/DerivedData/Expensio-futtgngxcysvvhcljmosbeftqmyc/Build/Intermediates.noindex/Pods.build/Debug-iphonesimulator/RNSVG.build/Objects-normal/x86_64/RNSVGPathParser.o -index-unit-output-path /Pods.build/Debug-iphonesimulator/RNSVG.build/Objects-normal/x86_64/RNSVGPathParser.o

CompileC /Users/sparkles/Library/Developer/Xcode/DerivedData/Expensio-futtgngxcysvvhcljmosbeftqmyc/Build/Intermediates.noindex/Pods.build/Debug-iphonesimulator/RNSVG.build/Objects-normal/x86_64/RNSVGPathMeasure.o /Users/sparkles/Documents/CodingFiles/FullStack/expensioApp/frontend/node_modules/react-native-svg/apple/Utils/RNSVGPathMeasure.mm normal x86_64 objective-c++ com.apple.compilers.llvm.clang.1_0.compiler (in target 'RNSVG' from project 'Pods')
    cd /Users/sparkles/Documents/CodingFiles/FullStack/expensioApp/frontend/ios/Pods
    
    Using response file: /Users/sparkles/Library/Developer/Xcode/DerivedData/Expensio-futtgngxcysvvhcljmosbeftqmyc/Build/Intermediates.noindex/Pods.build/Debug-iphonesimulator/RNSVG.build/Objects-normal/x86_64/af3fcb34312c57c0f52879cdce924b91-common-args.resp
    
    /Applications/Xcode.app/Contents/Developer/Toolchains/XcodeDefault.xctoolchain/usr/bin/clang -x objective-c++ -ivfsstatcache /Users/sparkles/Library/Developer/Xcode/DerivedData/SDKStatCaches.noindex/iphonesimulator27.0-24A430-8dc58220667be655e1bcc261a7455254.sdkstatcache -target x86_64-apple-ios17.0-simulator -fmessage-length\=0 -fdiagnostics-show-note-include-stack -fmacro-backtrace-limit\=0 -fno-color-diagnostics -fmodules-prune-interval\=86400 -fmodules-prune-after\=345600 -fbuild-session-file\=/Users/sparkles/Library/Developer/Xcode/DerivedData/ModuleCache.noindex/Session.modulevalidation -fmodules-validate-once-per-build-session -Wnon-modular-include-in-framework-module -Werror\=non-modular-include-in-framework-module -Wno-trigraphs -Wno-missing-field-initializers -Wno-missing-prototypes -Werror\=return-type -Wdocumentation -Wunreachable-code -Wno-implicit-atomic-properties -Werror\=deprecated-objc-isa-usage -Wno-objc-interface-ivars -Werror\=objc-root-class -Wno-arc-repeated-use-of-weak -Wimplicit-retain-self -Wno-non-virtual-dtor -Wno-overloaded-virtual -Wno-exit-time-destructors -Wduplicate-method-match -Wno-missing-braces -Wparentheses -Wswitch -Wunused-function -Wno-unused-label -Wno-unused-parameter -Wunused-variable -Wunused-value -Wempty-body -Wuninitialized -Wconditional-uninitialized -Wno-unknown-pragmas -Wno-shadow -Wno-four-char-constants -Wno-conversion -Wconstant-conversion -Wint-conversion -Wbool-conversion -Wenum-conversion -Wno-float-conversion -Wnon-literal-null-conversion -Wobjc-literal-conversion -Wshorten-64-to-32 -Wno-newline-eof -Wno-selector -Wno-strict-selector-match -Wundeclared-selector -Wdeprecated-implementations -Wno-c++11-extensions -Wno-implicit-fallthrough -isysroot /Applications/Xcode.app/Contents/Developer/Platforms/iPhoneSimulator.platform/Developer/SDKs/iPhoneSimulator27.0.sdk -fstrict-aliasing -Wprotocol -Wdeprecated-declarations -Winvalid-offsetof -Wno-sign-conversion -Winfinite-recursion -Wmove -Wcomma -Wblock-capture-autoreleasing -Wstrict-prototypes -Wrange-loop-analysis -Wno-semicolon-before-method-body -Wunguarded-availability -index-store-path /Users/sparkles/Library/Developer/Xcode/DerivedData/Expensio-futtgngxcysvvhcljmosbeftqmyc/Index.noindex/DataStore @/Users/sparkles/Library/Developer/Xcode/DerivedData/Expensio-futtgngxcysvvhcljmosbeftqmyc/Build/Intermediates.noindex/Pods.build/Debug-iphonesimulator/RNSVG.build/Objects-normal/x86_64/af3fcb34312c57c0f52879cdce924b91-common-args.resp -DRCT_NEW_ARCH_ENABLED\=1 -include /Users/sparkles/Documents/CodingFiles/FullStack/expensioApp/frontend/ios/Pods/Target\ Support\ Files/RNSVG/RNSVG-prefix.pch -MMD -MT dependencies -MF /Users/sparkles/Library/Developer/Xcode/DerivedData/Expensio-futtgngxcysvvhcljmosbeftqmyc/Build/Intermediates.noindex/Pods.build/Debug-iphonesimulator/RNSVG.build/Objects-normal/x86_64/RNSVGPathMeasure.d --serialize-diagnostics /Users/sparkles/Library/Developer/Xcode/DerivedData/Expensio-futtgngxcysvvhcljmosbeftqmyc/Build/Intermediates.noindex/Pods.build/Debug-iphonesimulator/RNSVG.build/Objects-normal/x86_64/RNSVGPathMeasure.dia -c /Users/sparkles/Documents/CodingFiles/FullStack/expensioApp/frontend/node_modules/react-native-svg/apple/Utils/RNSVGPathMeasure.mm -o /Users/sparkles/Library/Developer/Xcode/DerivedData/Expensio-futtgngxcysvvhcljmosbeftqmyc/Build/Intermediates.noindex/Pods.build/Debug-iphonesimulator/RNSVG.build/Objects-normal/x86_64/RNSVGPathMeasure.o -index-unit-output-path /Pods.build/Debug-iphonesimulator/RNSVG.build/Objects-normal/x86_64/RNSVGPathMeasure.o

CompileC /Users/sparkles/Library/Developer/Xcode/DerivedData/Expensio-futtgngxcysvvhcljmosbeftqmyc/Build/Intermediates.noindex/Pods.build/Debug-iphonesimulator/RNSVG.build/Objects-normal/x86_64/RNSVGPathManager.o /Users/sparkles/Documents/CodingFiles/FullStack/expensioApp/frontend/node_modules/react-native-svg/apple/ViewManagers/RNSVGPathManager.mm normal x86_64 objective-c++ com.apple.compilers.llvm.clang.1_0.compiler (in target 'RNSVG' from project 'Pods')
    cd /Users/sparkles/Documents/CodingFiles/FullStack/expensioApp/frontend/ios/Pods
    
    Using response file: /Users/sparkles/Library/Developer/Xcode/DerivedData/Expensio-futtgngxcysvvhcljmosbeftqmyc/Build/Intermediates.noindex/Pods.build/Debug-iphonesimulator/RNSVG.build/Objects-normal/x86_64/af3fcb34312c57c0f52879cdce924b91-common-args.resp
    
    /Applications/Xcode.app/Contents/Developer/Toolchains/XcodeDefault.xctoolchain/usr/bin/clang -x objective-c++ -ivfsstatcache /Users/sparkles/Library/Developer/Xcode/DerivedData/SDKStatCaches.noindex/iphonesimulator27.0-24A430-8dc58220667be655e1bcc261a7455254.sdkstatcache -target x86_64-apple-ios17.0-simulator -fmessage-length\=0 -fdiagnostics-show-note-include-stack -fmacro-backtrace-limit\=0 -fno-color-diagnostics -fmodules-prune-interval\=86400 -fmodules-prune-after\=345600 -fbuild-session-file\=/Users/sparkles/Library/Developer/Xcode/DerivedData/ModuleCache.noindex/Session.modulevalidation -fmodules-validate-once-per-build-session -Wnon-modular-include-in-framework-module -Werror\=non-modular-include-in-framework-module -Wno-trigraphs -Wno-missing-field-initializers -Wno-missing-prototypes -Werror\=return-type -Wdocumentation -Wunreachable-code -Wno-implicit-atomic-properties -Werror\=deprecated-objc-isa-usage -Wno-objc-interface-ivars -Werror\=objc-root-class -Wno-arc-repeated-use-of-weak -Wimplicit-retain-self -Wno-non-virtual-dtor -Wno-overloaded-virtual -Wno-exit-time-destructors -Wduplicate-method-match -Wno-missing-braces -Wparentheses -Wswitch -Wunused-function -Wno-unused-label -Wno-unused-parameter -Wunused-variable -Wunused-value -Wempty-body -Wuninitialized -Wconditional-uninitialized -Wno-unknown-pragmas -Wno-shadow -Wno-four-char-constants -Wno-conversion -Wconstant-conversion -Wint-conversion -Wbool-conversion -Wenum-conversion -Wno-float-conversion -Wnon-literal-null-conversion -Wobjc-literal-conversion -Wshorten-64-to-32 -Wno-newline-eof -Wno-selector -Wno-strict-selector-match -Wundeclared-selector -Wdeprecated-implementations -Wno-c++11-extensions -Wno-implicit-fallthrough -isysroot /Applications/Xcode.app/Contents/Developer/Platforms/iPhoneSimulator.platform/Developer/SDKs/iPhoneSimulator27.0.sdk -fstrict-aliasing -Wprotocol -Wdeprecated-declarations -Winvalid-offsetof -Wno-sign-conversion -Winfinite-recursion -Wmove -Wcomma -Wblock-capture-autoreleasing -Wstrict-prototypes -Wrange-loop-analysis -Wno-semicolon-before-method-body -Wunguarded-availability -index-store-path /Users/sparkles/Library/Developer/Xcode/DerivedData/Expensio-futtgngxcysvvhcljmosbeftqmyc/Index.noindex/DataStore @/Users/sparkles/Library/Developer/Xcode/DerivedData/Expensio-futtgngxcysvvhcljmosbeftqmyc/Build/Intermediates.noindex/Pods.build/Debug-iphonesimulator/RNSVG.build/Objects-normal/x86_64/af3fcb34312c57c0f52879cdce924b91-common-args.resp -DRCT_NEW_ARCH_ENABLED\=1 -include /Users/sparkles/Documents/CodingFiles/FullStack/expensioApp/frontend/ios/Pods/Target\ Support\ Files/RNSVG/RNSVG-prefix.pch -MMD -MT dependencies -MF /Users/sparkles/Library/Developer/Xcode/DerivedData/Expensio-futtgngxcysvvhcljmosbeftqmyc/Build/Intermediates.noindex/Pods.build/Debug-iphonesimulator/RNSVG.build/Objects-normal/x86_64/RNSVGPathManager.d --serialize-diagnostics /Users/sparkles/Library/Developer/Xcode/DerivedData/Expensio-futtgngxcysvvhcljmosbeftqmyc/Build/Intermediates.noindex/Pods.build/Debug-iphonesimulator/RNSVG.build/Objects-normal/x86_64/RNSVGPathManager.dia -c /Users/sparkles/Documents/CodingFiles/FullStack/expensioApp/frontend/node_modules/react-native-svg/apple/ViewManagers/RNSVGPathManager.mm -o /Users/sparkles/Library/Developer/Xcode/DerivedData/Expensio-futtgngxcysvvhcljmosbeftqmyc/Build/Intermediates.noindex/Pods.build/Debug-iphonesimulator/RNSVG.build/Objects-normal/x86_64/RNSVGPathManager.o -index-unit-output-path /Pods.build/Debug-iphonesimulator/RNSVG.build/Objects-normal/x86_64/RNSVGPathManager.o

CompileC /Users/sparkles/Library/Developer/Xcode/DerivedData/Expensio-futtgngxcysvvhcljmosbeftqmyc/Build/Intermediates.noindex/Pods.build/Debug-iphonesimulator/RNSVG.build/Objects-normal/x86_64/RNSVGPath.o /Users/sparkles/Documents/CodingFiles/FullStack/expensioApp/frontend/node_modules/react-native-svg/apple/Elements/RNSVGPath.mm normal x86_64 objective-c++ com.apple.compilers.llvm.clang.1_0.compiler (in target 'RNSVG' from project 'Pods')
    cd /Users/sparkles/Documents/CodingFiles/FullStack/expensioApp/frontend/ios/Pods
    
    Using response file: /Users/sparkles/Library/Developer/Xcode/DerivedData/Expensio-futtgngxcysvvhcljmosbeftqmyc/Build/Intermediates.noindex/Pods.build/Debug-iphonesimulator/RNSVG.build/Objects-normal/x86_64/af3fcb34312c57c0f52879cdce924b91-common-args.resp
    
    /Applications/Xcode.app/Contents/Developer/Toolchains/XcodeDefault.xctoolchain/usr/bin/clang -x objective-c++ -ivfsstatcache /Users/sparkles/Library/Developer/Xcode/DerivedData/SDKStatCaches.noindex/iphonesimulator27.0-24A430-8dc58220667be655e1bcc261a7455254.sdkstatcache -target x86_64-apple-ios17.0-simulator -fmessage-length\=0 -fdiagnostics-show-note-include-stack -fmacro-backtrace-limit\=0 -fno-color-diagnostics -fmodules-prune-interval\=86400 -fmodules-prune-after\=345600 -fbuild-session-file\=/Users/sparkles/Library/Developer/Xcode/DerivedData/ModuleCache.noindex/Session.modulevalidation -fmodules-validate-once-per-build-session -Wnon-modular-include-in-framework-module -Werror\=non-modular-include-in-framework-module -Wno-trigraphs -Wno-missing-field-initializers -Wno-missing-prototypes -Werror\=return-type -Wdocumentation -Wunreachable-code -Wno-implicit-atomic-properties -Werror\=deprecated-objc-isa-usage -Wno-objc-interface-ivars -Werror\=objc-root-class -Wno-arc-repeated-use-of-weak -Wimplicit-retain-self -Wno-non-virtual-dtor -Wno-overloaded-virtual -Wno-exit-time-destructors -Wduplicate-method-match -Wno-missing-braces -Wparentheses -Wswitch -Wunused-function -Wno-unused-label -Wno-unused-parameter -Wunused-variable -Wunused-value -Wempty-body -Wuninitialized -Wconditional-uninitialized -Wno-unknown-pragmas -Wno-shadow -Wno-four-char-constants -Wno-conversion -Wconstant-conversion -Wint-conversion -Wbool-conversion -Wenum-conversion -Wno-float-conversion -Wnon-literal-null-conversion -Wobjc-literal-conversion -Wshorten-64-to-32 -Wno-newline-eof -Wno-selector -Wno-strict-selector-match -Wundeclared-selector -Wdeprecated-implementations -Wno-c++11-extensions -Wno-implicit-fallthrough -isysroot /Applications/Xcode.app/Contents/Developer/Platforms/iPhoneSimulator.platform/Developer/SDKs/iPhoneSimulator27.0.sdk -fstrict-aliasing -Wprotocol -Wdeprecated-declarations -Winvalid-offsetof -Wno-sign-conversion -Winfinite-recursion -Wmove -Wcomma -Wblock-capture-autoreleasing -Wstrict-prototypes -Wrange-loop-analysis -Wno-semicolon-before-method-body -Wunguarded-availability -index-store-path /Users/sparkles/Library/Developer/Xcode/DerivedData/Expensio-futtgngxcysvvhcljmosbeftqmyc/Index.noindex/DataStore @/Users/sparkles/Library/Developer/Xcode/DerivedData/Expensio-futtgngxcysvvhcljmosbeftqmyc/Build/Intermediates.noindex/Pods.build/Debug-iphonesimulator/RNSVG.build/Objects-normal/x86_64/af3fcb34312c57c0f52879cdce924b91-common-args.resp -DRCT_NEW_ARCH_ENABLED\=1 -include /Users/sparkles/Documents/CodingFiles/FullStack/expensioApp/frontend/ios/Pods/Target\ Support\ Files/RNSVG/RNSVG-prefix.pch -MMD -MT dependencies -MF /Users/sparkles/Library/Developer/Xcode/DerivedData/Expensio-futtgngxcysvvhcljmosbeftqmyc/Build/Intermediates.noindex/Pods.build/Debug-iphonesimulator/RNSVG.build/Objects-normal/x86_64/RNSVGPath.d --serialize-diagnostics /Users/sparkles/Library/Developer/Xcode/DerivedData/Expensio-futtgngxcysvvhcljmosbeftqmyc/Build/Intermediates.noindex/Pods.build/Debug-iphonesimulator/RNSVG.build/Objects-normal/x86_64/RNSVGPath.dia -c /Users/sparkles/Documents/CodingFiles/FullStack/expensioApp/frontend/node_modules/react-native-svg/apple/Elements/RNSVGPath.mm -o /Users/sparkles/Library/Developer/Xcode/DerivedData/Expensio-futtgngxcysvvhcljmosbeftqmyc/Build/Intermediates.noindex/Pods.build/Debug-iphonesimulator/RNSVG.build/Objects-normal/x86_64/RNSVGPath.o -index-unit-output-path /Pods.build/Debug-iphonesimulator/RNSVG.build/Objects-normal/x86_64/RNSVGPath.o
/Users/sparkles/Documents/CodingFiles/FullStack/expensioApp/frontend/node_modules/react-native-svg/apple/Elements/RNSVGPath.mm:55:1: warning: method possibly missing a [super updateProps:oldProps:] call [-Wobjc-missing-super-calls]
   55 | }
      | ^
In file included from /Users/sparkles/Documents/CodingFiles/FullStack/expensioApp/frontend/node_modules/react-native-svg/apple/Elements/RNSVGPath.mm:16:
/Users/sparkles/Documents/CodingFiles/FullStack/expensioApp/frontend/node_modules/react-native-svg/apple/Utils/RNSVGFabricConversions.h:246:19: warning: unused function 'intToRNSVGVBMOS' [-Wunused-function]
  246 | static RNSVGVBMOS intToRNSVGVBMOS(int value)
      |                   ^~~~~~~~~~~~~~~
2 warnings generated.

CompileC /Users/sparkles/Library/Developer/Xcode/DerivedData/Expensio-futtgngxcysvvhcljmosbeftqmyc/Build/Intermediates.noindex/Pods.build/Debug-iphonesimulator/RNSVG.build/Objects-normal/x86_64/RNSVGPainterBrush.o /Users/sparkles/Documents/CodingFiles/FullStack/expensioApp/frontend/node_modules/react-native-svg/apple/Brushes/RNSVGPainterBrush.mm normal x86_64 objective-c++ com.apple.compilers.llvm.clang.1_0.compiler (in target 'RNSVG' from project 'Pods')
    cd /Users/sparkles/Documents/CodingFiles/FullStack/expensioApp/frontend/ios/Pods
    
    Using response file: /Users/sparkles/Library/Developer/Xcode/DerivedData/Expensio-futtgngxcysvvhcljmosbeftqmyc/Build/Intermediates.noindex/Pods.build/Debug-iphonesimulator/RNSVG.build/Objects-normal/x86_64/af3fcb34312c57c0f52879cdce924b91-common-args.resp
    
    /Applications/Xcode.app/Contents/Developer/Toolchains/XcodeDefault.xctoolchain/usr/bin/clang -x objective-c++ -ivfsstatcache /Users/sparkles/Library/Developer/Xcode/DerivedData/SDKStatCaches.noindex/iphonesimulator27.0-24A430-8dc58220667be655e1bcc261a7455254.sdkstatcache -target x86_64-apple-ios17.0-simulator -fmessage-length\=0 -fdiagnostics-show-note-include-stack -fmacro-backtrace-limit\=0 -fno-color-diagnostics -fmodules-prune-interval\=86400 -fmodules-prune-after\=345600 -fbuild-session-file\=/Users/sparkles/Library/Developer/Xcode/DerivedData/ModuleCache.noindex/Session.modulevalidation -fmodules-validate-once-per-build-session -Wnon-modular-include-in-framework-module -Werror\=non-modular-include-in-framework-module -Wno-trigraphs -Wno-missing-field-initializers -Wno-missing-prototypes -Werror\=return-type -Wdocumentation -Wunreachable-code -Wno-implicit-atomic-properties -Werror\=deprecated-objc-isa-usage -Wno-objc-interface-ivars -Werror\=objc-root-class -Wno-arc-repeated-use-of-weak -Wimplicit-retain-self -Wno-non-virtual-dtor -Wno-overloaded-virtual -Wno-exit-time-destructors -Wduplicate-method-match -Wno-missing-braces -Wparentheses -Wswitch -Wunused-function -Wno-unused-label -Wno-unused-parameter -Wunused-variable -Wunused-value -Wempty-body -Wuninitialized -Wconditional-uninitialized -Wno-unknown-pragmas -Wno-shadow -Wno-four-char-constants -Wno-conversion -Wconstant-conversion -Wint-conversion -Wbool-conversion -Wenum-conversion -Wno-float-conversion -Wnon-literal-null-conversion -Wobjc-literal-conversion -Wshorten-64-to-32 -Wno-newline-eof -Wno-selector -Wno-strict-selector-match -Wundeclared-selector -Wdeprecated-implementations -Wno-c++11-extensions -Wno-implicit-fallthrough -isysroot /Applications/Xcode.app/Contents/Developer/Platforms/iPhoneSimulator.platform/Developer/SDKs/iPhoneSimulator27.0.sdk -fstrict-aliasing -Wprotocol -Wdeprecated-declarations -Winvalid-offsetof -Wno-sign-conversion -Winfinite-recursion -Wmove -Wcomma -Wblock-capture-autoreleasing -Wstrict-prototypes -Wrange-loop-analysis -Wno-semicolon-before-method-body -Wunguarded-availability -index-store-path /Users/sparkles/Library/Developer/Xcode/DerivedData/Expensio-futtgngxcysvvhcljmosbeftqmyc/Index.noindex/DataStore @/Users/sparkles/Library/Developer/Xcode/DerivedData/Expensio-futtgngxcysvvhcljmosbeftqmyc/Build/Intermediates.noindex/Pods.build/Debug-iphonesimulator/RNSVG.build/Objects-normal/x86_64/af3fcb34312c57c0f52879cdce924b91-common-args.resp -DRCT_NEW_ARCH_ENABLED\=1 -include /Users/sparkles/Documents/CodingFiles/FullStack/expensioApp/frontend/ios/Pods/Target\ Support\ Files/RNSVG/RNSVG-prefix.pch -MMD -MT dependencies -MF /Users/sparkles/Library/Developer/Xcode/DerivedData/Expensio-futtgngxcysvvhcljmosbeftqmyc/Build/Intermediates.noindex/Pods.build/Debug-iphonesimulator/RNSVG.build/Objects-normal/x86_64/RNSVGPainterBrush.d --serialize-diagnostics /Users/sparkles/Library/Developer/Xcode/DerivedData/Expensio-futtgngxcysvvhcljmosbeftqmyc/Build/Intermediates.noindex/Pods.build/Debug-iphonesimulator/RNSVG.build/Objects-normal/x86_64/RNSVGPainterBrush.dia -c /Users/sparkles/Documents/CodingFiles/FullStack/expensioApp/frontend/node_modules/react-native-svg/apple/Brushes/RNSVGPainterBrush.mm -o /Users/sparkles/Library/Developer/Xcode/DerivedData/Expensio-futtgngxcysvvhcljmosbeftqmyc/Build/Intermediates.noindex/Pods.build/Debug-iphonesimulator/RNSVG.build/Objects-normal/x86_64/RNSVGPainterBrush.o -index-unit-output-path /Pods.build/Debug-iphonesimulator/RNSVG.build/Objects-normal/x86_64/RNSVGPainterBrush.o

CompileC /Users/sparkles/Library/Developer/Xcode/DerivedData/Expensio-futtgngxcysvvhcljmosbeftqmyc/Build/Intermediates.noindex/Pods.build/Debug-iphonesimulator/RNSVG.build/Objects-normal/x86_64/RNSVGPainter.o /Users/sparkles/Documents/CodingFiles/FullStack/expensioApp/frontend/node_modules/react-native-svg/apple/Brushes/RNSVGPainter.mm normal x86_64 objective-c++ com.apple.compilers.llvm.clang.1_0.compiler (in target 'RNSVG' from project 'Pods')
    cd /Users/sparkles/Documents/CodingFiles/FullStack/expensioApp/frontend/ios/Pods
    
    Using response file: /Users/sparkles/Library/Developer/Xcode/DerivedData/Expensio-futtgngxcysvvhcljmosbeftqmyc/Build/Intermediates.noindex/Pods.build/Debug-iphonesimulator/RNSVG.build/Objects-normal/x86_64/af3fcb34312c57c0f52879cdce924b91-common-args.resp
    
    /Applications/Xcode.app/Contents/Developer/Toolchains/XcodeDefault.xctoolchain/usr/bin/clang -x objective-c++ -ivfsstatcache /Users/sparkles/Library/Developer/Xcode/DerivedData/SDKStatCaches.noindex/iphonesimulator27.0-24A430-8dc58220667be655e1bcc261a7455254.sdkstatcache -target x86_64-apple-ios17.0-simulator -fmessage-length\=0 -fdiagnostics-show-note-include-stack -fmacro-backtrace-limit\=0 -fno-color-diagnostics -fmodules-prune-interval\=86400 -fmodules-prune-after\=345600 -fbuild-session-file\=/Users/sparkles/Library/Developer/Xcode/DerivedData/ModuleCache.noindex/Session.modulevalidation -fmodules-validate-once-per-build-session -Wnon-modular-include-in-framework-module -Werror\=non-modular-include-in-framework-module -Wno-trigraphs -Wno-missing-field-initializers -Wno-missing-prototypes -Werror\=return-type -Wdocumentation -Wunreachable-code -Wno-implicit-atomic-properties -Werror\=deprecated-objc-isa-usage -Wno-objc-interface-ivars -Werror\=objc-root-class -Wno-arc-repeated-use-of-weak -Wimplicit-retain-self -Wno-non-virtual-dtor -Wno-overloaded-virtual -Wno-exit-time-destructors -Wduplicate-method-match -Wno-missing-braces -Wparentheses -Wswitch -Wunused-function -Wno-unused-label -Wno-unused-parameter -Wunused-variable -Wunused-value -Wempty-body -Wuninitialized -Wconditional-uninitialized -Wno-unknown-pragmas -Wno-shadow -Wno-four-char-constants -Wno-conversion -Wconstant-conversion -Wint-conversion -Wbool-conversion -Wenum-conversion -Wno-float-conversion -Wnon-literal-null-conversion -Wobjc-literal-conversion -Wshorten-64-to-32 -Wno-newline-eof -Wno-selector -Wno-strict-selector-match -Wundeclared-selector -Wdeprecated-implementations -Wno-c++11-extensions -Wno-implicit-fallthrough -isysroot /Applications/Xcode.app/Contents/Developer/Platforms/iPhoneSimulator.platform/Developer/SDKs/iPhoneSimulator27.0.sdk -fstrict-aliasing -Wprotocol -Wdeprecated-declarations -Winvalid-offsetof -Wno-sign-conversion -Winfinite-recursion -Wmove -Wcomma -Wblock-capture-autoreleasing -Wstrict-prototypes -Wrange-loop-analysis -Wno-semicolon-before-method-body -Wunguarded-availability -index-store-path /Users/sparkles/Library/Developer/Xcode/DerivedData/Expensio-futtgngxcysvvhcljmosbeftqmyc/Index.noindex/DataStore @/Users/sparkles/Library/Developer/Xcode/DerivedData/Expensio-futtgngxcysvvhcljmosbeftqmyc/Build/Intermediates.noindex/Pods.build/Debug-iphonesimulator/RNSVG.build/Objects-normal/x86_64/af3fcb34312c57c0f52879cdce924b91-common-args.resp -DRCT_NEW_ARCH_ENABLED\=1 -include /Users/sparkles/Documents/CodingFiles/FullStack/expensioApp/frontend/ios/Pods/Target\ Support\ Files/RNSVG/RNSVG-prefix.pch -MMD -MT dependencies -MF /Users/sparkles/Library/Developer/Xcode/DerivedData/Expensio-futtgngxcysvvhcljmosbeftqmyc/Build/Intermediates.noindex/Pods.build/Debug-iphonesimulator/RNSVG.build/Objects-normal/x86_64/RNSVGPainter.d --serialize-diagnostics /Users/sparkles/Library/Developer/Xcode/DerivedData/Expensio-futtgngxcysvvhcljmosbeftqmyc/Build/Intermediates.noindex/Pods.build/Debug-iphonesimulator/RNSVG.build/Objects-normal/x86_64/RNSVGPainter.dia -c /Users/sparkles/Documents/CodingFiles/FullStack/expensioApp/frontend/node_modules/react-native-svg/apple/Brushes/RNSVGPainter.mm -o /Users/sparkles/Library/Developer/Xcode/DerivedData/Expensio-futtgngxcysvvhcljmosbeftqmyc/Build/Intermediates.noindex/Pods.build/Debug-iphonesimulator/RNSVG.build/Objects-normal/x86_64/RNSVGPainter.o -index-unit-output-path /Pods.build/Debug-iphonesimulator/RNSVG.build/Objects-normal/x86_64/RNSVGPainter.o

CompileC /Users/sparkles/Library/Developer/Xcode/DerivedData/Expensio-futtgngxcysvvhcljmosbeftqmyc/Build/Intermediates.noindex/Pods.build/Debug-iphonesimulator/RNSVG.build/Objects-normal/x86_64/RNSVGNodeManager.o /Users/sparkles/Documents/CodingFiles/FullStack/expensioApp/frontend/node_modules/react-native-svg/apple/ViewManagers/RNSVGNodeManager.mm normal x86_64 objective-c++ com.apple.compilers.llvm.clang.1_0.compiler (in target 'RNSVG' from project 'Pods')
    cd /Users/sparkles/Documents/CodingFiles/FullStack/expensioApp/frontend/ios/Pods
    
    Using response file: /Users/sparkles/Library/Developer/Xcode/DerivedData/Expensio-futtgngxcysvvhcljmosbeftqmyc/Build/Intermediates.noindex/Pods.build/Debug-iphonesimulator/RNSVG.build/Objects-normal/x86_64/af3fcb34312c57c0f52879cdce924b91-common-args.resp
    
    /Applications/Xcode.app/Contents/Developer/Toolchains/XcodeDefault.xctoolchain/usr/bin/clang -x objective-c++ -ivfsstatcache /Users/sparkles/Library/Developer/Xcode/DerivedData/SDKStatCaches.noindex/iphonesimulator27.0-24A430-8dc58220667be655e1bcc261a7455254.sdkstatcache -target x86_64-apple-ios17.0-simulator -fmessage-length\=0 -fdiagnostics-show-note-include-stack -fmacro-backtrace-limit\=0 -fno-color-diagnostics -fmodules-prune-interval\=86400 -fmodules-prune-after\=345600 -fbuild-session-file\=/Users/sparkles/Library/Developer/Xcode/DerivedData/ModuleCache.noindex/Session.modulevalidation -fmodules-validate-once-per-build-session -Wnon-modular-include-in-framework-module -Werror\=non-modular-include-in-framework-module -Wno-trigraphs -Wno-missing-field-initializers -Wno-missing-prototypes -Werror\=return-type -Wdocumentation -Wunreachable-code -Wno-implicit-atomic-properties -Werror\=deprecated-objc-isa-usage -Wno-objc-interface-ivars -Werror\=objc-root-class -Wno-arc-repeated-use-of-weak -Wimplicit-retain-self -Wno-non-virtual-dtor -Wno-overloaded-virtual -Wno-exit-time-destructors -Wduplicate-method-match -Wno-missing-braces -Wparentheses -Wswitch -Wunused-function -Wno-unused-label -Wno-unused-parameter -Wunused-variable -Wunused-value -Wempty-body -Wuninitialized -Wconditional-uninitialized -Wno-unknown-pragmas -Wno-shadow -Wno-four-char-constants -Wno-conversion -Wconstant-conversion -Wint-conversion -Wbool-conversion -Wenum-conversion -Wno-float-conversion -Wnon-literal-null-conversion -Wobjc-literal-conversion -Wshorten-64-to-32 -Wno-newline-eof -Wno-selector -Wno-strict-selector-match -Wundeclared-selector -Wdeprecated-implementations -Wno-c++11-extensions -Wno-implicit-fallthrough -isysroot /Applications/Xcode.app/Contents/Developer/Platforms/iPhoneSimulator.platform/Developer/SDKs/iPhoneSimulator27.0.sdk -fstrict-aliasing -Wprotocol -Wdeprecated-declarations -Winvalid-offsetof -Wno-sign-conversion -Winfinite-recursion -Wmove -Wcomma -Wblock-capture-autoreleasing -Wstrict-prototypes -Wrange-loop-analysis -Wno-semicolon-before-method-body -Wunguarded-availability -index-store-path /Users/sparkles/Library/Developer/Xcode/DerivedData/Expensio-futtgngxcysvvhcljmosbeftqmyc/Index.noindex/DataStore @/Users/sparkles/Library/Developer/Xcode/DerivedData/Expensio-futtgngxcysvvhcljmosbeftqmyc/Build/Intermediates.noindex/Pods.build/Debug-iphonesimulator/RNSVG.build/Objects-normal/x86_64/af3fcb34312c57c0f52879cdce924b91-common-args.resp -DRCT_NEW_ARCH_ENABLED\=1 -include /Users/sparkles/Documents/CodingFiles/FullStack/expensioApp/frontend/ios/Pods/Target\ Support\ Files/RNSVG/RNSVG-prefix.pch -MMD -MT dependencies -MF /Users/sparkles/Library/Developer/Xcode/DerivedData/Expensio-futtgngxcysvvhcljmosbeftqmyc/Build/Intermediates.noindex/Pods.build/Debug-iphonesimulator/RNSVG.build/Objects-normal/x86_64/RNSVGNodeManager.d --serialize-diagnostics /Users/sparkles/Library/Developer/Xcode/DerivedData/Expensio-futtgngxcysvvhcljmosbeftqmyc/Build/Intermediates.noindex/Pods.build/Debug-iphonesimulator/RNSVG.build/Objects-normal/x86_64/RNSVGNodeManager.dia -c /Users/sparkles/Documents/CodingFiles/FullStack/expensioApp/frontend/node_modules/react-native-svg/apple/ViewManagers/RNSVGNodeManager.mm -o /Users/sparkles/Library/Developer/Xcode/DerivedData/Expensio-futtgngxcysvvhcljmosbeftqmyc/Build/Intermediates.noindex/Pods.build/Debug-iphonesimulator/RNSVG.build/Objects-normal/x86_64/RNSVGNodeManager.o -index-unit-output-path /Pods.build/Debug-iphonesimulator/RNSVG.build/Objects-normal/x86_64/RNSVGNodeManager.o

CompileC /Users/sparkles/Library/Developer/Xcode/DerivedData/Expensio-futtgngxcysvvhcljmosbeftqmyc/Build/Intermediates.noindex/Pods.build/Debug-iphonesimulator/RNSVG.build/Objects-normal/x86_64/RNSVGNode.o /Users/sparkles/Documents/CodingFiles/FullStack/expensioApp/frontend/node_modules/react-native-svg/apple/RNSVGNode.mm normal x86_64 objective-c++ com.apple.compilers.llvm.clang.1_0.compiler (in target 'RNSVG' from project 'Pods')
    cd /Users/sparkles/Documents/CodingFiles/FullStack/expensioApp/frontend/ios/Pods
    
    Using response file: /Users/sparkles/Library/Developer/Xcode/DerivedData/Expensio-futtgngxcysvvhcljmosbeftqmyc/Build/Intermediates.noindex/Pods.build/Debug-iphonesimulator/RNSVG.build/Objects-normal/x86_64/af3fcb34312c57c0f52879cdce924b91-common-args.resp
    
    /Applications/Xcode.app/Contents/Developer/Toolchains/XcodeDefault.xctoolchain/usr/bin/clang -x objective-c++ -ivfsstatcache /Users/sparkles/Library/Developer/Xcode/DerivedData/SDKStatCaches.noindex/iphonesimulator27.0-24A430-8dc58220667be655e1bcc261a7455254.sdkstatcache -target x86_64-apple-ios17.0-simulator -fmessage-length\=0 -fdiagnostics-show-note-include-stack -fmacro-backtrace-limit\=0 -fno-color-diagnostics -fmodules-prune-interval\=86400 -fmodules-prune-after\=345600 -fbuild-session-file\=/Users/sparkles/Library/Developer/Xcode/DerivedData/ModuleCache.noindex/Session.modulevalidation -fmodules-validate-once-per-build-session -Wnon-modular-include-in-framework-module -Werror\=non-modular-include-in-framework-module -Wno-trigraphs -Wno-missing-field-initializers -Wno-missing-prototypes -Werror\=return-type -Wdocumentation -Wunreachable-code -Wno-implicit-atomic-properties -Werror\=deprecated-objc-isa-usage -Wno-objc-interface-ivars -Werror\=objc-root-class -Wno-arc-repeated-use-of-weak -Wimplicit-retain-self -Wno-non-virtual-dtor -Wno-overloaded-virtual -Wno-exit-time-destructors -Wduplicate-method-match -Wno-missing-braces -Wparentheses -Wswitch -Wunused-function -Wno-unused-label -Wno-unused-parameter -Wunused-variable -Wunused-value -Wempty-body -Wuninitialized -Wconditional-uninitialized -Wno-unknown-pragmas -Wno-shadow -Wno-four-char-constants -Wno-conversion -Wconstant-conversion -Wint-conversion -Wbool-conversion -Wenum-conversion -Wno-float-conversion -Wnon-literal-null-conversion -Wobjc-literal-conversion -Wshorten-64-to-32 -Wno-newline-eof -Wno-selector -Wno-strict-selector-match -Wundeclared-selector -Wdeprecated-implementations -Wno-c++11-extensions -Wno-implicit-fallthrough -isysroot /Applications/Xcode.app/Contents/Developer/Platforms/iPhoneSimulator.platform/Developer/SDKs/iPhoneSimulator27.0.sdk -fstrict-aliasing -Wprotocol -Wdeprecated-declarations -Winvalid-offsetof -Wno-sign-conversion -Winfinite-recursion -Wmove -Wcomma -Wblock-capture-autoreleasing -Wstrict-prototypes -Wrange-loop-analysis -Wno-semicolon-before-method-body -Wunguarded-availability -index-store-path /Users/sparkles/Library/Developer/Xcode/DerivedData/Expensio-futtgngxcysvvhcljmosbeftqmyc/Index.noindex/DataStore @/Users/sparkles/Library/Developer/Xcode/DerivedData/Expensio-futtgngxcysvvhcljmosbeftqmyc/Build/Intermediates.noindex/Pods.build/Debug-iphonesimulator/RNSVG.build/Objects-normal/x86_64/af3fcb34312c57c0f52879cdce924b91-common-args.resp -DRCT_NEW_ARCH_ENABLED\=1 -include /Users/sparkles/Documents/CodingFiles/FullStack/expensioApp/frontend/ios/Pods/Target\ Support\ Files/RNSVG/RNSVG-prefix.pch -MMD -MT dependencies -MF /Users/sparkles/Library/Developer/Xcode/DerivedData/Expensio-futtgngxcysvvhcljmosbeftqmyc/Build/Intermediates.noindex/Pods.build/Debug-iphonesimulator/RNSVG.build/Objects-normal/x86_64/RNSVGNode.d --serialize-diagnostics /Users/sparkles/Library/Developer/Xcode/DerivedData/Expensio-futtgngxcysvvhcljmosbeftqmyc/Build/Intermediates.noindex/Pods.build/Debug-iphonesimulator/RNSVG.build/Objects-normal/x86_64/RNSVGNode.dia -c /Users/sparkles/Documents/CodingFiles/FullStack/expensioApp/frontend/node_modules/react-native-svg/apple/RNSVGNode.mm -o /Users/sparkles/Library/Developer/Xcode/DerivedData/Expensio-futtgngxcysvvhcljmosbeftqmyc/Build/Intermediates.noindex/Pods.build/Debug-iphonesimulator/RNSVG.build/Objects-normal/x86_64/RNSVGNode.o -index-unit-output-path /Pods.build/Debug-iphonesimulator/RNSVG.build/Objects-normal/x86_64/RNSVGNode.o

CompileC /Users/sparkles/Library/Developer/Xcode/DerivedData/Expensio-futtgngxcysvvhcljmosbeftqmyc/Build/Intermediates.noindex/Pods.build/Debug-iphonesimulator/RNSVG.build/Objects-normal/x86_64/RNSVGMaskManager.o /Users/sparkles/Documents/CodingFiles/FullStack/expensioApp/frontend/node_modules/react-native-svg/apple/ViewManagers/RNSVGMaskManager.mm normal x86_64 objective-c++ com.apple.compilers.llvm.clang.1_0.compiler (in target 'RNSVG' from project 'Pods')
    cd /Users/sparkles/Documents/CodingFiles/FullStack/expensioApp/frontend/ios/Pods
    
    Using response file: /Users/sparkles/Library/Developer/Xcode/DerivedData/Expensio-futtgngxcysvvhcljmosbeftqmyc/Build/Intermediates.noindex/Pods.build/Debug-iphonesimulator/RNSVG.build/Objects-normal/x86_64/af3fcb34312c57c0f52879cdce924b91-common-args.resp
    
    /Applications/Xcode.app/Contents/Developer/Toolchains/XcodeDefault.xctoolchain/usr/bin/clang -x objective-c++ -ivfsstatcache /Users/sparkles/Library/Developer/Xcode/DerivedData/SDKStatCaches.noindex/iphonesimulator27.0-24A430-8dc58220667be655e1bcc261a7455254.sdkstatcache -target x86_64-apple-ios17.0-simulator -fmessage-length\=0 -fdiagnostics-show-note-include-stack -fmacro-backtrace-limit\=0 -fno-color-diagnostics -fmodules-prune-interval\=86400 -fmodules-prune-after\=345600 -fbuild-session-file\=/Users/sparkles/Library/Developer/Xcode/DerivedData/ModuleCache.noindex/Session.modulevalidation -fmodules-validate-once-per-build-session -Wnon-modular-include-in-framework-module -Werror\=non-modular-include-in-framework-module -Wno-trigraphs -Wno-missing-field-initializers -Wno-missing-prototypes -Werror\=return-type -Wdocumentation -Wunreachable-code -Wno-implicit-atomic-properties -Werror\=deprecated-objc-isa-usage -Wno-objc-interface-ivars -Werror\=objc-root-class -Wno-arc-repeated-use-of-weak -Wimplicit-retain-self -Wno-non-virtual-dtor -Wno-overloaded-virtual -Wno-exit-time-destructors -Wduplicate-method-match -Wno-missing-braces -Wparentheses -Wswitch -Wunused-function -Wno-unused-label -Wno-unused-parameter -Wunused-variable -Wunused-value -Wempty-body -Wuninitialized -Wconditional-uninitialized -Wno-unknown-pragmas -Wno-shadow -Wno-four-char-constants -Wno-conversion -Wconstant-conversion -Wint-conversion -Wbool-conversion -Wenum-conversion -Wno-float-conversion -Wnon-literal-null-conversion -Wobjc-literal-conversion -Wshorten-64-to-32 -Wno-newline-eof -Wno-selector -Wno-strict-selector-match -Wundeclared-selector -Wdeprecated-implementations -Wno-c++11-extensions -Wno-implicit-fallthrough -isysroot /Applications/Xcode.app/Contents/Developer/Platforms/iPhoneSimulator.platform/Developer/SDKs/iPhoneSimulator27.0.sdk -fstrict-aliasing -Wprotocol -Wdeprecated-declarations -Winvalid-offsetof -Wno-sign-conversion -Winfinite-recursion -Wmove -Wcomma -Wblock-capture-autoreleasing -Wstrict-prototypes -Wrange-loop-analysis -Wno-semicolon-before-method-body -Wunguarded-availability -index-store-path /Users/sparkles/Library/Developer/Xcode/DerivedData/Expensio-futtgngxcysvvhcljmosbeftqmyc/Index.noindex/DataStore @/Users/sparkles/Library/Developer/Xcode/DerivedData/Expensio-futtgngxcysvvhcljmosbeftqmyc/Build/Intermediates.noindex/Pods.build/Debug-iphonesimulator/RNSVG.build/Objects-normal/x86_64/af3fcb34312c57c0f52879cdce924b91-common-args.resp -DRCT_NEW_ARCH_ENABLED\=1 -include /Users/sparkles/Documents/CodingFiles/FullStack/expensioApp/frontend/ios/Pods/Target\ Support\ Files/RNSVG/RNSVG-prefix.pch -MMD -MT dependencies -MF /Users/sparkles/Library/Developer/Xcode/DerivedData/Expensio-futtgngxcysvvhcljmosbeftqmyc/Build/Intermediates.noindex/Pods.build/Debug-iphonesimulator/RNSVG.build/Objects-normal/x86_64/RNSVGMaskManager.d --serialize-diagnostics /Users/sparkles/Library/Developer/Xcode/DerivedData/Expensio-futtgngxcysvvhcljmosbeftqmyc/Build/Intermediates.noindex/Pods.build/Debug-iphonesimulator/RNSVG.build/Objects-normal/x86_64/RNSVGMaskManager.dia -c /Users/sparkles/Documents/CodingFiles/FullStack/expensioApp/frontend/node_modules/react-native-svg/apple/ViewManagers/RNSVGMaskManager.mm -o /Users/sparkles/Library/Developer/Xcode/DerivedData/Expensio-futtgngxcysvvhcljmosbeftqmyc/Build/Intermediates.noindex/Pods.build/Debug-iphonesimulator/RNSVG.build/Objects-normal/x86_64/RNSVGMaskManager.o -index-unit-output-path /Pods.build/Debug-iphonesimulator/RNSVG.build/Objects-normal/x86_64/RNSVGMaskManager.o

CompileC /Users/sparkles/Library/Developer/Xcode/DerivedData/Expensio-futtgngxcysvvhcljmosbeftqmyc/Build/Intermediates.noindex/Pods.build/Debug-iphonesimulator/RNSVG.build/Objects-normal/x86_64/RNSVGMask.o /Users/sparkles/Documents/CodingFiles/FullStack/expensioApp/frontend/node_modules/react-native-svg/apple/Elements/RNSVGMask.mm normal x86_64 objective-c++ com.apple.compilers.llvm.clang.1_0.compiler (in target 'RNSVG' from project 'Pods')
    cd /Users/sparkles/Documents/CodingFiles/FullStack/expensioApp/frontend/ios/Pods
    
    Using response file: /Users/sparkles/Library/Developer/Xcode/DerivedData/Expensio-futtgngxcysvvhcljmosbeftqmyc/Build/Intermediates.noindex/Pods.build/Debug-iphonesimulator/RNSVG.build/Objects-normal/x86_64/af3fcb34312c57c0f52879cdce924b91-common-args.resp
    
    /Applications/Xcode.app/Contents/Developer/Toolchains/XcodeDefault.xctoolchain/usr/bin/clang -x objective-c++ -ivfsstatcache /Users/sparkles/Library/Developer/Xcode/DerivedData/SDKStatCaches.noindex/iphonesimulator27.0-24A430-8dc58220667be655e1bcc261a7455254.sdkstatcache -target x86_64-apple-ios17.0-simulator -fmessage-length\=0 -fdiagnostics-show-note-include-stack -fmacro-backtrace-limit\=0 -fno-color-diagnostics -fmodules-prune-interval\=86400 -fmodules-prune-after\=345600 -fbuild-session-file\=/Users/sparkles/Library/Developer/Xcode/DerivedData/ModuleCache.noindex/Session.modulevalidation -fmodules-validate-once-per-build-session -Wnon-modular-include-in-framework-module -Werror\=non-modular-include-in-framework-module -Wno-trigraphs -Wno-missing-field-initializers -Wno-missing-prototypes -Werror\=return-type -Wdocumentation -Wunreachable-code -Wno-implicit-atomic-properties -Werror\=deprecated-objc-isa-usage -Wno-objc-interface-ivars -Werror\=objc-root-class -Wno-arc-repeated-use-of-weak -Wimplicit-retain-self -Wno-non-virtual-dtor -Wno-overloaded-virtual -Wno-exit-time-destructors -Wduplicate-method-match -Wno-missing-braces -Wparentheses -Wswitch -Wunused-function -Wno-unused-label -Wno-unused-parameter -Wunused-variable -Wunused-value -Wempty-body -Wuninitialized -Wconditional-uninitialized -Wno-unknown-pragmas -Wno-shadow -Wno-four-char-constants -Wno-conversion -Wconstant-conversion -Wint-conversion -Wbool-conversion -Wenum-conversion -Wno-float-conversion -Wnon-literal-null-conversion -Wobjc-literal-conversion -Wshorten-64-to-32 -Wno-newline-eof -Wno-selector -Wno-strict-selector-match -Wundeclared-selector -Wdeprecated-implementations -Wno-c++11-extensions -Wno-implicit-fallthrough -isysroot /Applications/Xcode.app/Contents/Developer/Platforms/iPhoneSimulator.platform/Developer/SDKs/iPhoneSimulator27.0.sdk -fstrict-aliasing -Wprotocol -Wdeprecated-declarations -Winvalid-offsetof -Wno-sign-conversion -Winfinite-recursion -Wmove -Wcomma -Wblock-capture-autoreleasing -Wstrict-prototypes -Wrange-loop-analysis -Wno-semicolon-before-method-body -Wunguarded-availability -index-store-path /Users/sparkles/Library/Developer/Xcode/DerivedData/Expensio-futtgngxcysvvhcljmosbeftqmyc/Index.noindex/DataStore @/Users/sparkles/Library/Developer/Xcode/DerivedData/Expensio-futtgngxcysvvhcljmosbeftqmyc/Build/Intermediates.noindex/Pods.build/Debug-iphonesimulator/RNSVG.build/Objects-normal/x86_64/af3fcb34312c57c0f52879cdce924b91-common-args.resp -DRCT_NEW_ARCH_ENABLED\=1 -include /Users/sparkles/Documents/CodingFiles/FullStack/expensioApp/frontend/ios/Pods/Target\ Support\ Files/RNSVG/RNSVG-prefix.pch -MMD -MT dependencies -MF /Users/sparkles/Library/Developer/Xcode/DerivedData/Expensio-futtgngxcysvvhcljmosbeftqmyc/Build/Intermediates.noindex/Pods.build/Debug-iphonesimulator/RNSVG.build/Objects-normal/x86_64/RNSVGMask.d --serialize-diagnostics /Users/sparkles/Library/Developer/Xcode/DerivedData/Expensio-futtgngxcysvvhcljmosbeftqmyc/Build/Intermediates.noindex/Pods.build/Debug-iphonesimulator/RNSVG.build/Objects-normal/x86_64/RNSVGMask.dia -c /Users/sparkles/Documents/CodingFiles/FullStack/expensioApp/frontend/node_modules/react-native-svg/apple/Elements/RNSVGMask.mm -o /Users/sparkles/Library/Developer/Xcode/DerivedData/Expensio-futtgngxcysvvhcljmosbeftqmyc/Build/Intermediates.noindex/Pods.build/Debug-iphonesimulator/RNSVG.build/Objects-normal/x86_64/RNSVGMask.o -index-unit-output-path /Pods.build/Debug-iphonesimulator/RNSVG.build/Objects-normal/x86_64/RNSVGMask.o
/Users/sparkles/Documents/CodingFiles/FullStack/expensioApp/frontend/node_modules/react-native-svg/apple/Elements/RNSVGMask.mm:75:1: warning: method possibly missing a [super updateProps:oldProps:] call [-Wobjc-missing-super-calls]
   75 | }
      | ^
In file included from /Users/sparkles/Documents/CodingFiles/FullStack/expensioApp/frontend/node_modules/react-native-svg/apple/Elements/RNSVGMask.mm:18:
/Users/sparkles/Documents/CodingFiles/FullStack/expensioApp/frontend/node_modules/react-native-svg/apple/Utils/RNSVGFabricConversions.h:246:19: warning: unused function 'intToRNSVGVBMOS' [-Wunused-function]
  246 | static RNSVGVBMOS intToRNSVGVBMOS(int value)
      |                   ^~~~~~~~~~~~~~~
2 warnings generated.

CompileC /Users/sparkles/Library/Developer/Xcode/DerivedData/Expensio-futtgngxcysvvhcljmosbeftqmyc/Build/Intermediates.noindex/Pods.build/Debug-iphonesimulator/RNSVG.build/Objects-normal/x86_64/RNSVGMarkerPosition.o /Users/sparkles/Documents/CodingFiles/FullStack/expensioApp/frontend/node_modules/react-native-svg/apple/Utils/RNSVGMarkerPosition.mm normal x86_64 objective-c++ com.apple.compilers.llvm.clang.1_0.compiler (in target 'RNSVG' from project 'Pods')
    cd /Users/sparkles/Documents/CodingFiles/FullStack/expensioApp/frontend/ios/Pods
    
    Using response file: /Users/sparkles/Library/Developer/Xcode/DerivedData/Expensio-futtgngxcysvvhcljmosbeftqmyc/Build/Intermediates.noindex/Pods.build/Debug-iphonesimulator/RNSVG.build/Objects-normal/x86_64/af3fcb34312c57c0f52879cdce924b91-common-args.resp
    
    /Applications/Xcode.app/Contents/Developer/Toolchains/XcodeDefault.xctoolchain/usr/bin/clang -x objective-c++ -ivfsstatcache /Users/sparkles/Library/Developer/Xcode/DerivedData/SDKStatCaches.noindex/iphonesimulator27.0-24A430-8dc58220667be655e1bcc261a7455254.sdkstatcache -target x86_64-apple-ios17.0-simulator -fmessage-length\=0 -fdiagnostics-show-note-include-stack -fmacro-backtrace-limit\=0 -fno-color-diagnostics -fmodules-prune-interval\=86400 -fmodules-prune-after\=345600 -fbuild-session-file\=/Users/sparkles/Library/Developer/Xcode/DerivedData/ModuleCache.noindex/Session.modulevalidation -fmodules-validate-once-per-build-session -Wnon-modular-include-in-framework-module -Werror\=non-modular-include-in-framework-module -Wno-trigraphs -Wno-missing-field-initializers -Wno-missing-prototypes -Werror\=return-type -Wdocumentation -Wunreachable-code -Wno-implicit-atomic-properties -Werror\=deprecated-objc-isa-usage -Wno-objc-interface-ivars -Werror\=objc-root-class -Wno-arc-repeated-use-of-weak -Wimplicit-retain-self -Wno-non-virtual-dtor -Wno-overloaded-virtual -Wno-exit-time-destructors -Wduplicate-method-match -Wno-missing-braces -Wparentheses -Wswitch -Wunused-function -Wno-unused-label -Wno-unused-parameter -Wunused-variable -Wunused-value -Wempty-body -Wuninitialized -Wconditional-uninitialized -Wno-unknown-pragmas -Wno-shadow -Wno-four-char-constants -Wno-conversion -Wconstant-conversion -Wint-conversion -Wbool-conversion -Wenum-conversion -Wno-float-conversion -Wnon-literal-null-conversion -Wobjc-literal-conversion -Wshorten-64-to-32 -Wno-newline-eof -Wno-selector -Wno-strict-selector-match -Wundeclared-selector -Wdeprecated-implementations -Wno-c++11-extensions -Wno-implicit-fallthrough -isysroot /Applications/Xcode.app/Contents/Developer/Platforms/iPhoneSimulator.platform/Developer/SDKs/iPhoneSimulator27.0.sdk -fstrict-aliasing -Wprotocol -Wdeprecated-declarations -Winvalid-offsetof -Wno-sign-conversion -Winfinite-recursion -Wmove -Wcomma -Wblock-capture-autoreleasing -Wstrict-prototypes -Wrange-loop-analysis -Wno-semicolon-before-method-body -Wunguarded-availability -index-store-path /Users/sparkles/Library/Developer/Xcode/DerivedData/Expensio-futtgngxcysvvhcljmosbeftqmyc/Index.noindex/DataStore @/Users/sparkles/Library/Developer/Xcode/DerivedData/Expensio-futtgngxcysvvhcljmosbeftqmyc/Build/Intermediates.noindex/Pods.build/Debug-iphonesimulator/RNSVG.build/Objects-normal/x86_64/af3fcb34312c57c0f52879cdce924b91-common-args.resp -DRCT_NEW_ARCH_ENABLED\=1 -include /Users/sparkles/Documents/CodingFiles/FullStack/expensioApp/frontend/ios/Pods/Target\ Support\ Files/RNSVG/RNSVG-prefix.pch -MMD -MT dependencies -MF /Users/sparkles/Library/Developer/Xcode/DerivedData/Expensio-futtgngxcysvvhcljmosbeftqmyc/Build/Intermediates.noindex/Pods.build/Debug-iphonesimulator/RNSVG.build/Objects-normal/x86_64/RNSVGMarkerPosition.d --serialize-diagnostics /Users/sparkles/Library/Developer/Xcode/DerivedData/Expensio-futtgngxcysvvhcljmosbeftqmyc/Build/Intermediates.noindex/Pods.build/Debug-iphonesimulator/RNSVG.build/Objects-normal/x86_64/RNSVGMarkerPosition.dia -c /Users/sparkles/Documents/CodingFiles/FullStack/expensioApp/frontend/node_modules/react-native-svg/apple/Utils/RNSVGMarkerPosition.mm -o /Users/sparkles/Library/Developer/Xcode/DerivedData/Expensio-futtgngxcysvvhcljmosbeftqmyc/Build/Intermediates.noindex/Pods.build/Debug-iphonesimulator/RNSVG.build/Objects-normal/x86_64/RNSVGMarkerPosition.o -index-unit-output-path /Pods.build/Debug-iphonesimulator/RNSVG.build/Objects-normal/x86_64/RNSVGMarkerPosition.o

CompileC /Users/sparkles/Library/Developer/Xcode/DerivedData/Expensio-futtgngxcysvvhcljmosbeftqmyc/Build/Intermediates.noindex/Pods.build/Debug-iphonesimulator/RNSVG.build/Objects-normal/x86_64/RNSVGMarkerManager.o /Users/sparkles/Documents/CodingFiles/FullStack/expensioApp/frontend/node_modules/react-native-svg/apple/ViewManagers/RNSVGMarkerManager.mm normal x86_64 objective-c++ com.apple.compilers.llvm.clang.1_0.compiler (in target 'RNSVG' from project 'Pods')
    cd /Users/sparkles/Documents/CodingFiles/FullStack/expensioApp/frontend/ios/Pods
    
    Using response file: /Users/sparkles/Library/Developer/Xcode/DerivedData/Expensio-futtgngxcysvvhcljmosbeftqmyc/Build/Intermediates.noindex/Pods.build/Debug-iphonesimulator/RNSVG.build/Objects-normal/x86_64/af3fcb34312c57c0f52879cdce924b91-common-args.resp
    
    /Applications/Xcode.app/Contents/Developer/Toolchains/XcodeDefault.xctoolchain/usr/bin/clang -x objective-c++ -ivfsstatcache /Users/sparkles/Library/Developer/Xcode/DerivedData/SDKStatCaches.noindex/iphonesimulator27.0-24A430-8dc58220667be655e1bcc261a7455254.sdkstatcache -target x86_64-apple-ios17.0-simulator -fmessage-length\=0 -fdiagnostics-show-note-include-stack -fmacro-backtrace-limit\=0 -fno-color-diagnostics -fmodules-prune-interval\=86400 -fmodules-prune-after\=345600 -fbuild-session-file\=/Users/sparkles/Library/Developer/Xcode/DerivedData/ModuleCache.noindex/Session.modulevalidation -fmodules-validate-once-per-build-session -Wnon-modular-include-in-framework-module -Werror\=non-modular-include-in-framework-module -Wno-trigraphs -Wno-missing-field-initializers -Wno-missing-prototypes -Werror\=return-type -Wdocumentation -Wunreachable-code -Wno-implicit-atomic-properties -Werror\=deprecated-objc-isa-usage -Wno-objc-interface-ivars -Werror\=objc-root-class -Wno-arc-repeated-use-of-weak -Wimplicit-retain-self -Wno-non-virtual-dtor -Wno-overloaded-virtual -Wno-exit-time-destructors -Wduplicate-method-match -Wno-missing-braces -Wparentheses -Wswitch -Wunused-function -Wno-unused-label -Wno-unused-parameter -Wunused-variable -Wunused-value -Wempty-body -Wuninitialized -Wconditional-uninitialized -Wno-unknown-pragmas -Wno-shadow -Wno-four-char-constants -Wno-conversion -Wconstant-conversion -Wint-conversion -Wbool-conversion -Wenum-conversion -Wno-float-conversion -Wnon-literal-null-conversion -Wobjc-literal-conversion -Wshorten-64-to-32 -Wno-newline-eof -Wno-selector -Wno-strict-selector-match -Wundeclared-selector -Wdeprecated-implementations -Wno-c++11-extensions -Wno-implicit-fallthrough -isysroot /Applications/Xcode.app/Contents/Developer/Platforms/iPhoneSimulator.platform/Developer/SDKs/iPhoneSimulator27.0.sdk -fstrict-aliasing -Wprotocol -Wdeprecated-declarations -Winvalid-offsetof -Wno-sign-conversion -Winfinite-recursion -Wmove -Wcomma -Wblock-capture-autoreleasing -Wstrict-prototypes -Wrange-loop-analysis -Wno-semicolon-before-method-body -Wunguarded-availability -index-store-path /Users/sparkles/Library/Developer/Xcode/DerivedData/Expensio-futtgngxcysvvhcljmosbeftqmyc/Index.noindex/DataStore @/Users/sparkles/Library/Developer/Xcode/DerivedData/Expensio-futtgngxcysvvhcljmosbeftqmyc/Build/Intermediates.noindex/Pods.build/Debug-iphonesimulator/RNSVG.build/Objects-normal/x86_64/af3fcb34312c57c0f52879cdce924b91-common-args.resp -DRCT_NEW_ARCH_ENABLED\=1 -include /Users/sparkles/Documents/CodingFiles/FullStack/expensioApp/frontend/ios/Pods/Target\ Support\ Files/RNSVG/RNSVG-prefix.pch -MMD -MT dependencies -MF /Users/sparkles/Library/Developer/Xcode/DerivedData/Expensio-futtgngxcysvvhcljmosbeftqmyc/Build/Intermediates.noindex/Pods.build/Debug-iphonesimulator/RNSVG.build/Objects-normal/x86_64/RNSVGMarkerManager.d --serialize-diagnostics /Users/sparkles/Library/Developer/Xcode/DerivedData/Expensio-futtgngxcysvvhcljmosbeftqmyc/Build/Intermediates.noindex/Pods.build/Debug-iphonesimulator/RNSVG.build/Objects-normal/x86_64/RNSVGMarkerManager.dia -c /Users/sparkles/Documents/CodingFiles/FullStack/expensioApp/frontend/node_modules/react-native-svg/apple/ViewManagers/RNSVGMarkerManager.mm -o /Users/sparkles/Library/Developer/Xcode/DerivedData/Expensio-futtgngxcysvvhcljmosbeftqmyc/Build/Intermediates.noindex/Pods.build/Debug-iphonesimulator/RNSVG.build/Objects-normal/x86_64/RNSVGMarkerManager.o -index-unit-output-path /Pods.build/Debug-iphonesimulator/RNSVG.build/Objects-normal/x86_64/RNSVGMarkerManager.o

CompileC /Users/sparkles/Library/Developer/Xcode/DerivedData/Expensio-futtgngxcysvvhcljmosbeftqmyc/Build/Intermediates.noindex/Pods.build/Debug-iphonesimulator/RNSVG.build/Objects-normal/x86_64/RNSVGMarker.o /Users/sparkles/Documents/CodingFiles/FullStack/expensioApp/frontend/node_modules/react-native-svg/apple/Elements/RNSVGMarker.mm normal x86_64 objective-c++ com.apple.compilers.llvm.clang.1_0.compiler (in target 'RNSVG' from project 'Pods')
    cd /Users/sparkles/Documents/CodingFiles/FullStack/expensioApp/frontend/ios/Pods
    
    Using response file: /Users/sparkles/Library/Developer/Xcode/DerivedData/Expensio-futtgngxcysvvhcljmosbeftqmyc/Build/Intermediates.noindex/Pods.build/Debug-iphonesimulator/RNSVG.build/Objects-normal/x86_64/af3fcb34312c57c0f52879cdce924b91-common-args.resp
    
    /Applications/Xcode.app/Contents/Developer/Toolchains/XcodeDefault.xctoolchain/usr/bin/clang -x objective-c++ -ivfsstatcache /Users/sparkles/Library/Developer/Xcode/DerivedData/SDKStatCaches.noindex/iphonesimulator27.0-24A430-8dc58220667be655e1bcc261a7455254.sdkstatcache -target x86_64-apple-ios17.0-simulator -fmessage-length\=0 -fdiagnostics-show-note-include-stack -fmacro-backtrace-limit\=0 -fno-color-diagnostics -fmodules-prune-interval\=86400 -fmodules-prune-after\=345600 -fbuild-session-file\=/Users/sparkles/Library/Developer/Xcode/DerivedData/ModuleCache.noindex/Session.modulevalidation -fmodules-validate-once-per-build-session -Wnon-modular-include-in-framework-module -Werror\=non-modular-include-in-framework-module -Wno-trigraphs -Wno-missing-field-initializers -Wno-missing-prototypes -Werror\=return-type -Wdocumentation -Wunreachable-code -Wno-implicit-atomic-properties -Werror\=deprecated-objc-isa-usage -Wno-objc-interface-ivars -Werror\=objc-root-class -Wno-arc-repeated-use-of-weak -Wimplicit-retain-self -Wno-non-virtual-dtor -Wno-overloaded-virtual -Wno-exit-time-destructors -Wduplicate-method-match -Wno-missing-braces -Wparentheses -Wswitch -Wunused-function -Wno-unused-label -Wno-unused-parameter -Wunused-variable -Wunused-value -Wempty-body -Wuninitialized -Wconditional-uninitialized -Wno-unknown-pragmas -Wno-shadow -Wno-four-char-constants -Wno-conversion -Wconstant-conversion -Wint-conversion -Wbool-conversion -Wenum-conversion -Wno-float-conversion -Wnon-literal-null-conversion -Wobjc-literal-conversion -Wshorten-64-to-32 -Wno-newline-eof -Wno-selector -Wno-strict-selector-match -Wundeclared-selector -Wdeprecated-implementations -Wno-c++11-extensions -Wno-implicit-fallthrough -isysroot /Applications/Xcode.app/Contents/Developer/Platforms/iPhoneSimulator.platform/Developer/SDKs/iPhoneSimulator27.0.sdk -fstrict-aliasing -Wprotocol -Wdeprecated-declarations -Winvalid-offsetof -Wno-sign-conversion -Winfinite-recursion -Wmove -Wcomma -Wblock-capture-autoreleasing -Wstrict-prototypes -Wrange-loop-analysis -Wno-semicolon-before-method-body -Wunguarded-availability -index-store-path /Users/sparkles/Library/Developer/Xcode/DerivedData/Expensio-futtgngxcysvvhcljmosbeftqmyc/Index.noindex/DataStore @/Users/sparkles/Library/Developer/Xcode/DerivedData/Expensio-futtgngxcysvvhcljmosbeftqmyc/Build/Intermediates.noindex/Pods.build/Debug-iphonesimulator/RNSVG.build/Objects-normal/x86_64/af3fcb34312c57c0f52879cdce924b91-common-args.resp -DRCT_NEW_ARCH_ENABLED\=1 -include /Users/sparkles/Documents/CodingFiles/FullStack/expensioApp/frontend/ios/Pods/Target\ Support\ Files/RNSVG/RNSVG-prefix.pch -MMD -MT dependencies -MF /Users/sparkles/Library/Developer/Xcode/DerivedData/Expensio-futtgngxcysvvhcljmosbeftqmyc/Build/Intermediates.noindex/Pods.build/Debug-iphonesimulator/RNSVG.build/Objects-normal/x86_64/RNSVGMarker.d --serialize-diagnostics /Users/sparkles/Library/Developer/Xcode/DerivedData/Expensio-futtgngxcysvvhcljmosbeftqmyc/Build/Intermediates.noindex/Pods.build/Debug-iphonesimulator/RNSVG.build/Objects-normal/x86_64/RNSVGMarker.dia -c /Users/sparkles/Documents/CodingFiles/FullStack/expensioApp/frontend/node_modules/react-native-svg/apple/Elements/RNSVGMarker.mm -o /Users/sparkles/Library/Developer/Xcode/DerivedData/Expensio-futtgngxcysvvhcljmosbeftqmyc/Build/Intermediates.noindex/Pods.build/Debug-iphonesimulator/RNSVG.build/Objects-normal/x86_64/RNSVGMarker.o -index-unit-output-path /Pods.build/Debug-iphonesimulator/RNSVG.build/Objects-normal/x86_64/RNSVGMarker.o
/Users/sparkles/Documents/CodingFiles/FullStack/expensioApp/frontend/node_modules/react-native-svg/apple/Elements/RNSVGMarker.mm:81:1: warning: method possibly missing a [super updateProps:oldProps:] call [-Wobjc-missing-super-calls]
   81 | }
      | ^
1 warning generated.

CompileC /Users/sparkles/Library/Developer/Xcode/DerivedData/Expensio-futtgngxcysvvhcljmosbeftqmyc/Build/Intermediates.noindex/Pods.build/Debug-iphonesimulator/RNSVG.build/Objects-normal/x86_64/RNSVGLinearGradientManager.o /Users/sparkles/Documents/CodingFiles/FullStack/expensioApp/frontend/node_modules/react-native-svg/apple/ViewManagers/RNSVGLinearGradientManager.mm normal x86_64 objective-c++ com.apple.compilers.llvm.clang.1_0.compiler (in target 'RNSVG' from project 'Pods')
    cd /Users/sparkles/Documents/CodingFiles/FullStack/expensioApp/frontend/ios/Pods
    
    Using response file: /Users/sparkles/Library/Developer/Xcode/DerivedData/Expensio-futtgngxcysvvhcljmosbeftqmyc/Build/Intermediates.noindex/Pods.build/Debug-iphonesimulator/RNSVG.build/Objects-normal/x86_64/af3fcb34312c57c0f52879cdce924b91-common-args.resp
    
    /Applications/Xcode.app/Contents/Developer/Toolchains/XcodeDefault.xctoolchain/usr/bin/clang -x objective-c++ -ivfsstatcache /Users/sparkles/Library/Developer/Xcode/DerivedData/SDKStatCaches.noindex/iphonesimulator27.0-24A430-8dc58220667be655e1bcc261a7455254.sdkstatcache -target x86_64-apple-ios17.0-simulator -fmessage-length\=0 -fdiagnostics-show-note-include-stack -fmacro-backtrace-limit\=0 -fno-color-diagnostics -fmodules-prune-interval\=86400 -fmodules-prune-after\=345600 -fbuild-session-file\=/Users/sparkles/Library/Developer/Xcode/DerivedData/ModuleCache.noindex/Session.modulevalidation -fmodules-validate-once-per-build-session -Wnon-modular-include-in-framework-module -Werror\=non-modular-include-in-framework-module -Wno-trigraphs -Wno-missing-field-initializers -Wno-missing-prototypes -Werror\=return-type -Wdocumentation -Wunreachable-code -Wno-implicit-atomic-properties -Werror\=deprecated-objc-isa-usage -Wno-objc-interface-ivars -Werror\=objc-root-class -Wno-arc-repeated-use-of-weak -Wimplicit-retain-self -Wno-non-virtual-dtor -Wno-overloaded-virtual -Wno-exit-time-destructors -Wduplicate-method-match -Wno-missing-braces -Wparentheses -Wswitch -Wunused-function -Wno-unused-label -Wno-unused-parameter -Wunused-variable -Wunused-value -Wempty-body -Wuninitialized -Wconditional-uninitialized -Wno-unknown-pragmas -Wno-shadow -Wno-four-char-constants -Wno-conversion -Wconstant-conversion -Wint-conversion -Wbool-conversion -Wenum-conversion -Wno-float-conversion -Wnon-literal-null-conversion -Wobjc-literal-conversion -Wshorten-64-to-32 -Wno-newline-eof -Wno-selector -Wno-strict-selector-match -Wundeclared-selector -Wdeprecated-implementations -Wno-c++11-extensions -Wno-implicit-fallthrough -isysroot /Applications/Xcode.app/Contents/Developer/Platforms/iPhoneSimulator.platform/Developer/SDKs/iPhoneSimulator27.0.sdk -fstrict-aliasing -Wprotocol -Wdeprecated-declarations -Winvalid-offsetof -Wno-sign-conversion -Winfinite-recursion -Wmove -Wcomma -Wblock-capture-autoreleasing -Wstrict-prototypes -Wrange-loop-analysis -Wno-semicolon-before-method-body -Wunguarded-availability -index-store-path /Users/sparkles/Library/Developer/Xcode/DerivedData/Expensio-futtgngxcysvvhcljmosbeftqmyc/Index.noindex/DataStore @/Users/sparkles/Library/Developer/Xcode/DerivedData/Expensio-futtgngxcysvvhcljmosbeftqmyc/Build/Intermediates.noindex/Pods.build/Debug-iphonesimulator/RNSVG.build/Objects-normal/x86_64/af3fcb34312c57c0f52879cdce924b91-common-args.resp -DRCT_NEW_ARCH_ENABLED\=1 -include /Users/sparkles/Documents/CodingFiles/FullStack/expensioApp/frontend/ios/Pods/Target\ Support\ Files/RNSVG/RNSVG-prefix.pch -MMD -MT dependencies -MF /Users/sparkles/Library/Developer/Xcode/DerivedData/Expensio-futtgngxcysvvhcljmosbeftqmyc/Build/Intermediates.noindex/Pods.build/Debug-iphonesimulator/RNSVG.build/Objects-normal/x86_64/RNSVGLinearGradientManager.d --serialize-diagnostics /Users/sparkles/Library/Developer/Xcode/DerivedData/Expensio-futtgngxcysvvhcljmosbeftqmyc/Build/Intermediates.noindex/Pods.build/Debug-iphonesimulator/RNSVG.build/Objects-normal/x86_64/RNSVGLinearGradientManager.dia -c /Users/sparkles/Documents/CodingFiles/FullStack/expensioApp/frontend/node_modules/react-native-svg/apple/ViewManagers/RNSVGLinearGradientManager.mm -o /Users/sparkles/Library/Developer/Xcode/DerivedData/Expensio-futtgngxcysvvhcljmosbeftqmyc/Build/Intermediates.noindex/Pods.build/Debug-iphonesimulator/RNSVG.build/Objects-normal/x86_64/RNSVGLinearGradientManager.o -index-unit-output-path /Pods.build/Debug-iphonesimulator/RNSVG.build/Objects-normal/x86_64/RNSVGLinearGradientManager.o

CompileC /Users/sparkles/Library/Developer/Xcode/DerivedData/Expensio-futtgngxcysvvhcljmosbeftqmyc/Build/Intermediates.noindex/Pods.build/Debug-iphonesimulator/RNSVG.build/Objects-normal/x86_64/RNSVGLinearGradient.o /Users/sparkles/Documents/CodingFiles/FullStack/expensioApp/frontend/node_modules/react-native-svg/apple/Elements/RNSVGLinearGradient.mm normal x86_64 objective-c++ com.apple.compilers.llvm.clang.1_0.compiler (in target 'RNSVG' from project 'Pods')
    cd /Users/sparkles/Documents/CodingFiles/FullStack/expensioApp/frontend/ios/Pods
    
    Using response file: /Users/sparkles/Library/Developer/Xcode/DerivedData/Expensio-futtgngxcysvvhcljmosbeftqmyc/Build/Intermediates.noindex/Pods.build/Debug-iphonesimulator/RNSVG.build/Objects-normal/x86_64/af3fcb34312c57c0f52879cdce924b91-common-args.resp
    
    /Applications/Xcode.app/Contents/Developer/Toolchains/XcodeDefault.xctoolchain/usr/bin/clang -x objective-c++ -ivfsstatcache /Users/sparkles/Library/Developer/Xcode/DerivedData/SDKStatCaches.noindex/iphonesimulator27.0-24A430-8dc58220667be655e1bcc261a7455254.sdkstatcache -target x86_64-apple-ios17.0-simulator -fmessage-length\=0 -fdiagnostics-show-note-include-stack -fmacro-backtrace-limit\=0 -fno-color-diagnostics -fmodules-prune-interval\=86400 -fmodules-prune-after\=345600 -fbuild-session-file\=/Users/sparkles/Library/Developer/Xcode/DerivedData/ModuleCache.noindex/Session.modulevalidation -fmodules-validate-once-per-build-session -Wnon-modular-include-in-framework-module -Werror\=non-modular-include-in-framework-module -Wno-trigraphs -Wno-missing-field-initializers -Wno-missing-prototypes -Werror\=return-type -Wdocumentation -Wunreachable-code -Wno-implicit-atomic-properties -Werror\=deprecated-objc-isa-usage -Wno-objc-interface-ivars -Werror\=objc-root-class -Wno-arc-repeated-use-of-weak -Wimplicit-retain-self -Wno-non-virtual-dtor -Wno-overloaded-virtual -Wno-exit-time-destructors -Wduplicate-method-match -Wno-missing-braces -Wparentheses -Wswitch -Wunused-function -Wno-unused-label -Wno-unused-parameter -Wunused-variable -Wunused-value -Wempty-body -Wuninitialized -Wconditional-uninitialized -Wno-unknown-pragmas -Wno-shadow -Wno-four-char-constants -Wno-conversion -Wconstant-conversion -Wint-conversion -Wbool-conversion -Wenum-conversion -Wno-float-conversion -Wnon-literal-null-conversion -Wobjc-literal-conversion -Wshorten-64-to-32 -Wno-newline-eof -Wno-selector -Wno-strict-selector-match -Wundeclared-selector -Wdeprecated-implementations -Wno-c++11-extensions -Wno-implicit-fallthrough -isysroot /Applications/Xcode.app/Contents/Developer/Platforms/iPhoneSimulator.platform/Developer/SDKs/iPhoneSimulator27.0.sdk -fstrict-aliasing -Wprotocol -Wdeprecated-declarations -Winvalid-offsetof -Wno-sign-conversion -Winfinite-recursion -Wmove -Wcomma -Wblock-capture-autoreleasing -Wstrict-prototypes -Wrange-loop-analysis -Wno-semicolon-before-method-body -Wunguarded-availability -index-store-path /Users/sparkles/Library/Developer/Xcode/DerivedData/Expensio-futtgngxcysvvhcljmosbeftqmyc/Index.noindex/DataStore @/Users/sparkles/Library/Developer/Xcode/DerivedData/Expensio-futtgngxcysvvhcljmosbeftqmyc/Build/Intermediates.noindex/Pods.build/Debug-iphonesimulator/RNSVG.build/Objects-normal/x86_64/af3fcb34312c57c0f52879cdce924b91-common-args.resp -DRCT_NEW_ARCH_ENABLED\=1 -include /Users/sparkles/Documents/CodingFiles/FullStack/expensioApp/frontend/ios/Pods/Target\ Support\ Files/RNSVG/RNSVG-prefix.pch -MMD -MT dependencies -MF /Users/sparkles/Library/Developer/Xcode/DerivedData/Expensio-futtgngxcysvvhcljmosbeftqmyc/Build/Intermediates.noindex/Pods.build/Debug-iphonesimulator/RNSVG.build/Objects-normal/x86_64/RNSVGLinearGradient.d --serialize-diagnostics /Users/sparkles/Library/Developer/Xcode/DerivedData/Expensio-futtgngxcysvvhcljmosbeftqmyc/Build/Intermediates.noindex/Pods.build/Debug-iphonesimulator/RNSVG.build/Objects-normal/x86_64/RNSVGLinearGradient.dia -c /Users/sparkles/Documents/CodingFiles/FullStack/expensioApp/frontend/node_modules/react-native-svg/apple/Elements/RNSVGLinearGradient.mm -o /Users/sparkles/Library/Developer/Xcode/DerivedData/Expensio-futtgngxcysvvhcljmosbeftqmyc/Build/Intermediates.noindex/Pods.build/Debug-iphonesimulator/RNSVG.build/Objects-normal/x86_64/RNSVGLinearGradient.o -index-unit-output-path /Pods.build/Debug-iphonesimulator/RNSVG.build/Objects-normal/x86_64/RNSVGLinearGradient.o
/Users/sparkles/Documents/CodingFiles/FullStack/expensioApp/frontend/node_modules/react-native-svg/apple/Elements/RNSVGLinearGradient.mm:87:1: warning: method possibly missing a [super updateProps:oldProps:] call [-Wobjc-missing-super-calls]
   87 | }
      | ^
In file included from /Users/sparkles/Documents/CodingFiles/FullStack/expensioApp/frontend/node_modules/react-native-svg/apple/Elements/RNSVGLinearGradient.mm:17:
/Users/sparkles/Documents/CodingFiles/FullStack/expensioApp/frontend/node_modules/react-native-svg/apple/Utils/RNSVGFabricConversions.h:246:19: warning: unused function 'intToRNSVGVBMOS' [-Wunused-function]
  246 | static RNSVGVBMOS intToRNSVGVBMOS(int value)
      |                   ^~~~~~~~~~~~~~~
2 warnings generated.

CompileC /Users/sparkles/Library/Developer/Xcode/DerivedData/Expensio-futtgngxcysvvhcljmosbeftqmyc/Build/Intermediates.noindex/Pods.build/Debug-iphonesimulator/RNSVG.build/Objects-normal/x86_64/RNSVGLineManager.o /Users/sparkles/Documents/CodingFiles/FullStack/expensioApp/frontend/node_modules/react-native-svg/apple/ViewManagers/RNSVGLineManager.mm normal x86_64 objective-c++ com.apple.compilers.llvm.clang.1_0.compiler (in target 'RNSVG' from project 'Pods')
    cd /Users/sparkles/Documents/CodingFiles/FullStack/expensioApp/frontend/ios/Pods
    
    Using response file: /Users/sparkles/Library/Developer/Xcode/DerivedData/Expensio-futtgngxcysvvhcljmosbeftqmyc/Build/Intermediates.noindex/Pods.build/Debug-iphonesimulator/RNSVG.build/Objects-normal/x86_64/af3fcb34312c57c0f52879cdce924b91-common-args.resp
    
    /Applications/Xcode.app/Contents/Developer/Toolchains/XcodeDefault.xctoolchain/usr/bin/clang -x objective-c++ -ivfsstatcache /Users/sparkles/Library/Developer/Xcode/DerivedData/SDKStatCaches.noindex/iphonesimulator27.0-24A430-8dc58220667be655e1bcc261a7455254.sdkstatcache -target x86_64-apple-ios17.0-simulator -fmessage-length\=0 -fdiagnostics-show-note-include-stack -fmacro-backtrace-limit\=0 -fno-color-diagnostics -fmodules-prune-interval\=86400 -fmodules-prune-after\=345600 -fbuild-session-file\=/Users/sparkles/Library/Developer/Xcode/DerivedData/ModuleCache.noindex/Session.modulevalidation -fmodules-validate-once-per-build-session -Wnon-modular-include-in-framework-module -Werror\=non-modular-include-in-framework-module -Wno-trigraphs -Wno-missing-field-initializers -Wno-missing-prototypes -Werror\=return-type -Wdocumentation -Wunreachable-code -Wno-implicit-atomic-properties -Werror\=deprecated-objc-isa-usage -Wno-objc-interface-ivars -Werror\=objc-root-class -Wno-arc-repeated-use-of-weak -Wimplicit-retain-self -Wno-non-virtual-dtor -Wno-overloaded-virtual -Wno-exit-time-destructors -Wduplicate-method-match -Wno-missing-braces -Wparentheses -Wswitch -Wunused-function -Wno-unused-label -Wno-unused-parameter -Wunused-variable -Wunused-value -Wempty-body -Wuninitialized -Wconditional-uninitialized -Wno-unknown-pragmas -Wno-shadow -Wno-four-char-constants -Wno-conversion -Wconstant-conversion -Wint-conversion -Wbool-conversion -Wenum-conversion -Wno-float-conversion -Wnon-literal-null-conversion -Wobjc-literal-conversion -Wshorten-64-to-32 -Wno-newline-eof -Wno-selector -Wno-strict-selector-match -Wundeclared-selector -Wdeprecated-implementations -Wno-c++11-extensions -Wno-implicit-fallthrough -isysroot /Applications/Xcode.app/Contents/Developer/Platforms/iPhoneSimulator.platform/Developer/SDKs/iPhoneSimulator27.0.sdk -fstrict-aliasing -Wprotocol -Wdeprecated-declarations -Winvalid-offsetof -Wno-sign-conversion -Winfinite-recursion -Wmove -Wcomma -Wblock-capture-autoreleasing -Wstrict-prototypes -Wrange-loop-analysis -Wno-semicolon-before-method-body -Wunguarded-availability -index-store-path /Users/sparkles/Library/Developer/Xcode/DerivedData/Expensio-futtgngxcysvvhcljmosbeftqmyc/Index.noindex/DataStore @/Users/sparkles/Library/Developer/Xcode/DerivedData/Expensio-futtgngxcysvvhcljmosbeftqmyc/Build/Intermediates.noindex/Pods.build/Debug-iphonesimulator/RNSVG.build/Objects-normal/x86_64/af3fcb34312c57c0f52879cdce924b91-common-args.resp -DRCT_NEW_ARCH_ENABLED\=1 -include /Users/sparkles/Documents/CodingFiles/FullStack/expensioApp/frontend/ios/Pods/Target\ Support\ Files/RNSVG/RNSVG-prefix.pch -MMD -MT dependencies -MF /Users/sparkles/Library/Developer/Xcode/DerivedData/Expensio-futtgngxcysvvhcljmosbeftqmyc/Build/Intermediates.noindex/Pods.build/Debug-iphonesimulator/RNSVG.build/Objects-normal/x86_64/RNSVGLineManager.d --serialize-diagnostics /Users/sparkles/Library/Developer/Xcode/DerivedData/Expensio-futtgngxcysvvhcljmosbeftqmyc/Build/Intermediates.noindex/Pods.build/Debug-iphonesimulator/RNSVG.build/Objects-normal/x86_64/RNSVGLineManager.dia -c /Users/sparkles/Documents/CodingFiles/FullStack/expensioApp/frontend/node_modules/react-native-svg/apple/ViewManagers/RNSVGLineManager.mm -o /Users/sparkles/Library/Developer/Xcode/DerivedData/Expensio-futtgngxcysvvhcljmosbeftqmyc/Build/Intermediates.noindex/Pods.build/Debug-iphonesimulator/RNSVG.build/Objects-normal/x86_64/RNSVGLineManager.o -index-unit-output-path /Pods.build/Debug-iphonesimulator/RNSVG.build/Objects-normal/x86_64/RNSVGLineManager.o

CompileC /Users/sparkles/Library/Developer/Xcode/DerivedData/Expensio-futtgngxcysvvhcljmosbeftqmyc/Build/Intermediates.noindex/Pods.build/Debug-iphonesimulator/RNSVG.build/Objects-normal/x86_64/RNSVGLine.o /Users/sparkles/Documents/CodingFiles/FullStack/expensioApp/frontend/node_modules/react-native-svg/apple/Shapes/RNSVGLine.mm normal x86_64 objective-c++ com.apple.compilers.llvm.clang.1_0.compiler (in target 'RNSVG' from project 'Pods')
    cd /Users/sparkles/Documents/CodingFiles/FullStack/expensioApp/frontend/ios/Pods
    
    Using response file: /Users/sparkles/Library/Developer/Xcode/DerivedData/Expensio-futtgngxcysvvhcljmosbeftqmyc/Build/Intermediates.noindex/Pods.build/Debug-iphonesimulator/RNSVG.build/Objects-normal/x86_64/af3fcb34312c57c0f52879cdce924b91-common-args.resp
    
    /Applications/Xcode.app/Contents/Developer/Toolchains/XcodeDefault.xctoolchain/usr/bin/clang -x objective-c++ -ivfsstatcache /Users/sparkles/Library/Developer/Xcode/DerivedData/SDKStatCaches.noindex/iphonesimulator27.0-24A430-8dc58220667be655e1bcc261a7455254.sdkstatcache -target x86_64-apple-ios17.0-simulator -fmessage-length\=0 -fdiagnostics-show-note-include-stack -fmacro-backtrace-limit\=0 -fno-color-diagnostics -fmodules-prune-interval\=86400 -fmodules-prune-after\=345600 -fbuild-session-file\=/Users/sparkles/Library/Developer/Xcode/DerivedData/ModuleCache.noindex/Session.modulevalidation -fmodules-validate-once-per-build-session -Wnon-modular-include-in-framework-module -Werror\=non-modular-include-in-framework-module -Wno-trigraphs -Wno-missing-field-initializers -Wno-missing-prototypes -Werror\=return-type -Wdocumentation -Wunreachable-code -Wno-implicit-atomic-properties -Werror\=deprecated-objc-isa-usage -Wno-objc-interface-ivars -Werror\=objc-root-class -Wno-arc-repeated-use-of-weak -Wimplicit-retain-self -Wno-non-virtual-dtor -Wno-overloaded-virtual -Wno-exit-time-destructors -Wduplicate-method-match -Wno-missing-braces -Wparentheses -Wswitch -Wunused-function -Wno-unused-label -Wno-unused-parameter -Wunused-variable -Wunused-value -Wempty-body -Wuninitialized -Wconditional-uninitialized -Wno-unknown-pragmas -Wno-shadow -Wno-four-char-constants -Wno-conversion -Wconstant-conversion -Wint-conversion -Wbool-conversion -Wenum-conversion -Wno-float-conversion -Wnon-literal-null-conversion -Wobjc-literal-conversion -Wshorten-64-to-32 -Wno-newline-eof -Wno-selector -Wno-strict-selector-match -Wundeclared-selector -Wdeprecated-implementations -Wno-c++11-extensions -Wno-implicit-fallthrough -isysroot /Applications/Xcode.app/Contents/Developer/Platforms/iPhoneSimulator.platform/Developer/SDKs/iPhoneSimulator27.0.sdk -fstrict-aliasing -Wprotocol -Wdeprecated-declarations -Winvalid-offsetof -Wno-sign-conversion -Winfinite-recursion -Wmove -Wcomma -Wblock-capture-autoreleasing -Wstrict-prototypes -Wrange-loop-analysis -Wno-semicolon-before-method-body -Wunguarded-availability -index-store-path /Users/sparkles/Library/Developer/Xcode/DerivedData/Expensio-futtgngxcysvvhcljmosbeftqmyc/Index.noindex/DataStore @/Users/sparkles/Library/Developer/Xcode/DerivedData/Expensio-futtgngxcysvvhcljmosbeftqmyc/Build/Intermediates.noindex/Pods.build/Debug-iphonesimulator/RNSVG.build/Objects-normal/x86_64/af3fcb34312c57c0f52879cdce924b91-common-args.resp -DRCT_NEW_ARCH_ENABLED\=1 -include /Users/sparkles/Documents/CodingFiles/FullStack/expensioApp/frontend/ios/Pods/Target\ Support\ Files/RNSVG/RNSVG-prefix.pch -MMD -MT dependencies -MF /Users/sparkles/Library/Developer/Xcode/DerivedData/Expensio-futtgngxcysvvhcljmosbeftqmyc/Build/Intermediates.noindex/Pods.build/Debug-iphonesimulator/RNSVG.build/Objects-normal/x86_64/RNSVGLine.d --serialize-diagnostics /Users/sparkles/Library/Developer/Xcode/DerivedData/Expensio-futtgngxcysvvhcljmosbeftqmyc/Build/Intermediates.noindex/Pods.build/Debug-iphonesimulator/RNSVG.build/Objects-normal/x86_64/RNSVGLine.dia -c /Users/sparkles/Documents/CodingFiles/FullStack/expensioApp/frontend/node_modules/react-native-svg/apple/Shapes/RNSVGLine.mm -o /Users/sparkles/Library/Developer/Xcode/DerivedData/Expensio-futtgngxcysvvhcljmosbeftqmyc/Build/Intermediates.noindex/Pods.build/Debug-iphonesimulator/RNSVG.build/Objects-normal/x86_64/RNSVGLine.o -index-unit-output-path /Pods.build/Debug-iphonesimulator/RNSVG.build/Objects-normal/x86_64/RNSVGLine.o
/Users/sparkles/Documents/CodingFiles/FullStack/expensioApp/frontend/node_modules/react-native-svg/apple/Shapes/RNSVGLine.mm:70:1: warning: method possibly missing a [super updateProps:oldProps:] call [-Wobjc-missing-super-calls]
   70 | }
      | ^
In file included from /Users/sparkles/Documents/CodingFiles/FullStack/expensioApp/frontend/node_modules/react-native-svg/apple/Shapes/RNSVGLine.mm:17:
/Users/sparkles/Documents/CodingFiles/FullStack/expensioApp/frontend/node_modules/react-native-svg/apple/Utils/RNSVGFabricConversions.h:246:19: warning: unused function 'intToRNSVGVBMOS' [-Wunused-function]
  246 | static RNSVGVBMOS intToRNSVGVBMOS(int value)
      |                   ^~~~~~~~~~~~~~~
2 warnings generated.

CompileC /Users/sparkles/Library/Developer/Xcode/DerivedData/Expensio-futtgngxcysvvhcljmosbeftqmyc/Build/Intermediates.noindex/Pods.build/Debug-iphonesimulator/RNSVG.build/Objects-normal/x86_64/RNSVGLength.o /Users/sparkles/Documents/CodingFiles/FullStack/expensioApp/frontend/node_modules/react-native-svg/apple/Utils/RNSVGLength.mm normal x86_64 objective-c++ com.apple.compilers.llvm.clang.1_0.compiler (in target 'RNSVG' from project 'Pods')
    cd /Users/sparkles/Documents/CodingFiles/FullStack/expensioApp/frontend/ios/Pods
    
    Using response file: /Users/sparkles/Library/Developer/Xcode/DerivedData/Expensio-futtgngxcysvvhcljmosbeftqmyc/Build/Intermediates.noindex/Pods.build/Debug-iphonesimulator/RNSVG.build/Objects-normal/x86_64/af3fcb34312c57c0f52879cdce924b91-common-args.resp
    
    /Applications/Xcode.app/Contents/Developer/Toolchains/XcodeDefault.xctoolchain/usr/bin/clang -x objective-c++ -ivfsstatcache /Users/sparkles/Library/Developer/Xcode/DerivedData/SDKStatCaches.noindex/iphonesimulator27.0-24A430-8dc58220667be655e1bcc261a7455254.sdkstatcache -target x86_64-apple-ios17.0-simulator -fmessage-length\=0 -fdiagnostics-show-note-include-stack -fmacro-backtrace-limit\=0 -fno-color-diagnostics -fmodules-prune-interval\=86400 -fmodules-prune-after\=345600 -fbuild-session-file\=/Users/sparkles/Library/Developer/Xcode/DerivedData/ModuleCache.noindex/Session.modulevalidation -fmodules-validate-once-per-build-session -Wnon-modular-include-in-framework-module -Werror\=non-modular-include-in-framework-module -Wno-trigraphs -Wno-missing-field-initializers -Wno-missing-prototypes -Werror\=return-type -Wdocumentation -Wunreachable-code -Wno-implicit-atomic-properties -Werror\=deprecated-objc-isa-usage -Wno-objc-interface-ivars -Werror\=objc-root-class -Wno-arc-repeated-use-of-weak -Wimplicit-retain-self -Wno-non-virtual-dtor -Wno-overloaded-virtual -Wno-exit-time-destructors -Wduplicate-method-match -Wno-missing-braces -Wparentheses -Wswitch -Wunused-function -Wno-unused-label -Wno-unused-parameter -Wunused-variable -Wunused-value -Wempty-body -Wuninitialized -Wconditional-uninitialized -Wno-unknown-pragmas -Wno-shadow -Wno-four-char-constants -Wno-conversion -Wconstant-conversion -Wint-conversion -Wbool-conversion -Wenum-conversion -Wno-float-conversion -Wnon-literal-null-conversion -Wobjc-literal-conversion -Wshorten-64-to-32 -Wno-newline-eof -Wno-selector -Wno-strict-selector-match -Wundeclared-selector -Wdeprecated-implementations -Wno-c++11-extensions -Wno-implicit-fallthrough -isysroot /Applications/Xcode.app/Contents/Developer/Platforms/iPhoneSimulator.platform/Developer/SDKs/iPhoneSimulator27.0.sdk -fstrict-aliasing -Wprotocol -Wdeprecated-declarations -Winvalid-offsetof -Wno-sign-conversion -Winfinite-recursion -Wmove -Wcomma -Wblock-capture-autoreleasing -Wstrict-prototypes -Wrange-loop-analysis -Wno-semicolon-before-method-body -Wunguarded-availability -index-store-path /Users/sparkles/Library/Developer/Xcode/DerivedData/Expensio-futtgngxcysvvhcljmosbeftqmyc/Index.noindex/DataStore @/Users/sparkles/Library/Developer/Xcode/DerivedData/Expensio-futtgngxcysvvhcljmosbeftqmyc/Build/Intermediates.noindex/Pods.build/Debug-iphonesimulator/RNSVG.build/Objects-normal/x86_64/af3fcb34312c57c0f52879cdce924b91-common-args.resp -DRCT_NEW_ARCH_ENABLED\=1 -include /Users/sparkles/Documents/CodingFiles/FullStack/expensioApp/frontend/ios/Pods/Target\ Support\ Files/RNSVG/RNSVG-prefix.pch -MMD -MT dependencies -MF /Users/sparkles/Library/Developer/Xcode/DerivedData/Expensio-futtgngxcysvvhcljmosbeftqmyc/Build/Intermediates.noindex/Pods.build/Debug-iphonesimulator/RNSVG.build/Objects-normal/x86_64/RNSVGLength.d --serialize-diagnostics /Users/sparkles/Library/Developer/Xcode/DerivedData/Expensio-futtgngxcysvvhcljmosbeftqmyc/Build/Intermediates.noindex/Pods.build/Debug-iphonesimulator/RNSVG.build/Objects-normal/x86_64/RNSVGLength.dia -c /Users/sparkles/Documents/CodingFiles/FullStack/expensioApp/frontend/node_modules/react-native-svg/apple/Utils/RNSVGLength.mm -o /Users/sparkles/Library/Developer/Xcode/DerivedData/Expensio-futtgngxcysvvhcljmosbeftqmyc/Build/Intermediates.noindex/Pods.build/Debug-iphonesimulator/RNSVG.build/Objects-normal/x86_64/RNSVGLength.o -index-unit-output-path /Pods.build/Debug-iphonesimulator/RNSVG.build/Objects-normal/x86_64/RNSVGLength.o

CompileC /Users/sparkles/Library/Developer/Xcode/DerivedData/Expensio-futtgngxcysvvhcljmosbeftqmyc/Build/Intermediates.noindex/Pods.build/Debug-iphonesimulator/RNSVG.build/Objects-normal/x86_64/RNSVGLayoutableShadowNode.o /Users/sparkles/Documents/CodingFiles/FullStack/expensioApp/frontend/node_modules/react-native-svg/common/cpp/react/renderer/components/rnsvg/RNSVGLayoutableShadowNode.cpp normal x86_64 c++ com.apple.compilers.llvm.clang.1_0.compiler (in target 'RNSVG' from project 'Pods')
    cd /Users/sparkles/Documents/CodingFiles/FullStack/expensioApp/frontend/ios/Pods
    
    Using response file: /Users/sparkles/Library/Developer/Xcode/DerivedData/Expensio-futtgngxcysvvhcljmosbeftqmyc/Build/Intermediates.noindex/Pods.build/Debug-iphonesimulator/RNSVG.build/Objects-normal/x86_64/82b82416624d2658e5098eb0a28c15c5-common-args.resp
    
    /Applications/Xcode.app/Contents/Developer/Toolchains/XcodeDefault.xctoolchain/usr/bin/clang -x c++ -ivfsstatcache /Users/sparkles/Library/Developer/Xcode/DerivedData/SDKStatCaches.noindex/iphonesimulator27.0-24A430-8dc58220667be655e1bcc261a7455254.sdkstatcache -target x86_64-apple-ios17.0-simulator -fmessage-length\=0 -fdiagnostics-show-note-include-stack -fmacro-backtrace-limit\=0 -fno-color-diagnostics -fmodules-prune-interval\=86400 -fmodules-prune-after\=345600 -fbuild-session-file\=/Users/sparkles/Library/Developer/Xcode/DerivedData/ModuleCache.noindex/Session.modulevalidation -fmodules-validate-once-per-build-session -Wnon-modular-include-in-framework-module -Werror\=non-modular-include-in-framework-module -Wno-trigraphs -Wno-missing-field-initializers -Wno-missing-prototypes -Werror\=return-type -Wdocumentation -Wunreachable-code -Werror\=deprecated-objc-isa-usage -Werror\=objc-root-class -Wno-non-virtual-dtor -Wno-overloaded-virtual -Wno-exit-time-destructors -Wno-missing-braces -Wparentheses -Wswitch -Wunused-function -Wno-unused-label -Wno-unused-parameter -Wunused-variable -Wunused-value -Wempty-body -Wuninitialized -Wconditional-uninitialized -Wno-unknown-pragmas -Wno-shadow -Wno-four-char-constants -Wno-conversion -Wconstant-conversion -Wint-conversion -Wbool-conversion -Wenum-conversion -Wno-float-conversion -Wnon-literal-null-conversion -Wobjc-literal-conversion -Wshorten-64-to-32 -Wno-newline-eof -Wno-c++11-extensions -Wno-implicit-fallthrough -isysroot /Applications/Xcode.app/Contents/Developer/Platforms/iPhoneSimulator.platform/Developer/SDKs/iPhoneSimulator27.0.sdk -fstrict-aliasing -Wdeprecated-declarations -Winvalid-offsetof -Wno-sign-conversion -Winfinite-recursion -Wmove -Wcomma -Wblock-capture-autoreleasing -Wstrict-prototypes -Wrange-loop-analysis -Wno-semicolon-before-method-body -Wunguarded-availability -index-store-path /Users/sparkles/Library/Developer/Xcode/DerivedData/Expensio-futtgngxcysvvhcljmosbeftqmyc/Index.noindex/DataStore @/Users/sparkles/Library/Developer/Xcode/DerivedData/Expensio-futtgngxcysvvhcljmosbeftqmyc/Build/Intermediates.noindex/Pods.build/Debug-iphonesimulator/RNSVG.build/Objects-normal/x86_64/82b82416624d2658e5098eb0a28c15c5-common-args.resp -DRCT_NEW_ARCH_ENABLED\=1 -include /Users/sparkles/Documents/CodingFiles/FullStack/expensioApp/frontend/ios/Pods/Target\ Support\ Files/RNSVG/RNSVG-prefix.pch -MMD -MT dependencies -MF /Users/sparkles/Library/Developer/Xcode/DerivedData/Expensio-futtgngxcysvvhcljmosbeftqmyc/Build/Intermediates.noindex/Pods.build/Debug-iphonesimulator/RNSVG.build/Objects-normal/x86_64/RNSVGLayoutableShadowNode.d --serialize-diagnostics /Users/sparkles/Library/Developer/Xcode/DerivedData/Expensio-futtgngxcysvvhcljmosbeftqmyc/Build/Intermediates.noindex/Pods.build/Debug-iphonesimulator/RNSVG.build/Objects-normal/x86_64/RNSVGLayoutableShadowNode.dia -c /Users/sparkles/Documents/CodingFiles/FullStack/expensioApp/frontend/node_modules/react-native-svg/common/cpp/react/renderer/components/rnsvg/RNSVGLayoutableShadowNode.cpp -o /Users/sparkles/Library/Developer/Xcode/DerivedData/Expensio-futtgngxcysvvhcljmosbeftqmyc/Build/Intermediates.noindex/Pods.build/Debug-iphonesimulator/RNSVG.build/Objects-normal/x86_64/RNSVGLayoutableShadowNode.o -index-unit-output-path /Pods.build/Debug-iphonesimulator/RNSVG.build/Objects-normal/x86_64/RNSVGLayoutableShadowNode.o

CompileC /Users/sparkles/Library/Developer/Xcode/DerivedData/Expensio-futtgngxcysvvhcljmosbeftqmyc/Build/Intermediates.noindex/Pods.build/Debug-iphonesimulator/RNSVG.build/Objects-normal/x86_64/RNSVGImageState.o /Users/sparkles/Documents/CodingFiles/FullStack/expensioApp/frontend/node_modules/react-native-svg/common/cpp/react/renderer/components/rnsvg/RNSVGImageState.cpp normal x86_64 c++ com.apple.compilers.llvm.clang.1_0.compiler (in target 'RNSVG' from project 'Pods')
    cd /Users/sparkles/Documents/CodingFiles/FullStack/expensioApp/frontend/ios/Pods
    
    Using response file: /Users/sparkles/Library/Developer/Xcode/DerivedData/Expensio-futtgngxcysvvhcljmosbeftqmyc/Build/Intermediates.noindex/Pods.build/Debug-iphonesimulator/RNSVG.build/Objects-normal/x86_64/82b82416624d2658e5098eb0a28c15c5-common-args.resp
    
    /Applications/Xcode.app/Contents/Developer/Toolchains/XcodeDefault.xctoolchain/usr/bin/clang -x c++ -ivfsstatcache /Users/sparkles/Library/Developer/Xcode/DerivedData/SDKStatCaches.noindex/iphonesimulator27.0-24A430-8dc58220667be655e1bcc261a7455254.sdkstatcache -target x86_64-apple-ios17.0-simulator -fmessage-length\=0 -fdiagnostics-show-note-include-stack -fmacro-backtrace-limit\=0 -fno-color-diagnostics -fmodules-prune-interval\=86400 -fmodules-prune-after\=345600 -fbuild-session-file\=/Users/sparkles/Library/Developer/Xcode/DerivedData/ModuleCache.noindex/Session.modulevalidation -fmodules-validate-once-per-build-session -Wnon-modular-include-in-framework-module -Werror\=non-modular-include-in-framework-module -Wno-trigraphs -Wno-missing-field-initializers -Wno-missing-prototypes -Werror\=return-type -Wdocumentation -Wunreachable-code -Werror\=deprecated-objc-isa-usage -Werror\=objc-root-class -Wno-non-virtual-dtor -Wno-overloaded-virtual -Wno-exit-time-destructors -Wno-missing-braces -Wparentheses -Wswitch -Wunused-function -Wno-unused-label -Wno-unused-parameter -Wunused-variable -Wunused-value -Wempty-body -Wuninitialized -Wconditional-uninitialized -Wno-unknown-pragmas -Wno-shadow -Wno-four-char-constants -Wno-conversion -Wconstant-conversion -Wint-conversion -Wbool-conversion -Wenum-conversion -Wno-float-conversion -Wnon-literal-null-conversion -Wobjc-literal-conversion -Wshorten-64-to-32 -Wno-newline-eof -Wno-c++11-extensions -Wno-implicit-fallthrough -isysroot /Applications/Xcode.app/Contents/Developer/Platforms/iPhoneSimulator.platform/Developer/SDKs/iPhoneSimulator27.0.sdk -fstrict-aliasing -Wdeprecated-declarations -Winvalid-offsetof -Wno-sign-conversion -Winfinite-recursion -Wmove -Wcomma -Wblock-capture-autoreleasing -Wstrict-prototypes -Wrange-loop-analysis -Wno-semicolon-before-method-body -Wunguarded-availability -index-store-path /Users/sparkles/Library/Developer/Xcode/DerivedData/Expensio-futtgngxcysvvhcljmosbeftqmyc/Index.noindex/DataStore @/Users/sparkles/Library/Developer/Xcode/DerivedData/Expensio-futtgngxcysvvhcljmosbeftqmyc/Build/Intermediates.noindex/Pods.build/Debug-iphonesimulator/RNSVG.build/Objects-normal/x86_64/82b82416624d2658e5098eb0a28c15c5-common-args.resp -DRCT_NEW_ARCH_ENABLED\=1 -include /Users/sparkles/Documents/CodingFiles/FullStack/expensioApp/frontend/ios/Pods/Target\ Support\ Files/RNSVG/RNSVG-prefix.pch -MMD -MT dependencies -MF /Users/sparkles/Library/Developer/Xcode/DerivedData/Expensio-futtgngxcysvvhcljmosbeftqmyc/Build/Intermediates.noindex/Pods.build/Debug-iphonesimulator/RNSVG.build/Objects-normal/x86_64/RNSVGImageState.d --serialize-diagnostics /Users/sparkles/Library/Developer/Xcode/DerivedData/Expensio-futtgngxcysvvhcljmosbeftqmyc/Build/Intermediates.noindex/Pods.build/Debug-iphonesimulator/RNSVG.build/Objects-normal/x86_64/RNSVGImageState.dia -c /Users/sparkles/Documents/CodingFiles/FullStack/expensioApp/frontend/node_modules/react-native-svg/common/cpp/react/renderer/components/rnsvg/RNSVGImageState.cpp -o /Users/sparkles/Library/Developer/Xcode/DerivedData/Expensio-futtgngxcysvvhcljmosbeftqmyc/Build/Intermediates.noindex/Pods.build/Debug-iphonesimulator/RNSVG.build/Objects-normal/x86_64/RNSVGImageState.o -index-unit-output-path /Pods.build/Debug-iphonesimulator/RNSVG.build/Objects-normal/x86_64/RNSVGImageState.o

CompileC /Users/sparkles/Library/Developer/Xcode/DerivedData/Expensio-futtgngxcysvvhcljmosbeftqmyc/Build/Intermediates.noindex/Pods.build/Debug-iphonesimulator/RNSVG.build/Objects-normal/x86_64/RNSVGImageShadowNode.o /Users/sparkles/Documents/CodingFiles/FullStack/expensioApp/frontend/node_modules/react-native-svg/common/cpp/react/renderer/components/rnsvg/RNSVGImageShadowNode.cpp normal x86_64 c++ com.apple.compilers.llvm.clang.1_0.compiler (in target 'RNSVG' from project 'Pods')
    cd /Users/sparkles/Documents/CodingFiles/FullStack/expensioApp/frontend/ios/Pods
    
    Using response file: /Users/sparkles/Library/Developer/Xcode/DerivedData/Expensio-futtgngxcysvvhcljmosbeftqmyc/Build/Intermediates.noindex/Pods.build/Debug-iphonesimulator/RNSVG.build/Objects-normal/x86_64/82b82416624d2658e5098eb0a28c15c5-common-args.resp
    
    /Applications/Xcode.app/Contents/Developer/Toolchains/XcodeDefault.xctoolchain/usr/bin/clang -x c++ -ivfsstatcache /Users/sparkles/Library/Developer/Xcode/DerivedData/SDKStatCaches.noindex/iphonesimulator27.0-24A430-8dc58220667be655e1bcc261a7455254.sdkstatcache -target x86_64-apple-ios17.0-simulator -fmessage-length\=0 -fdiagnostics-show-note-include-stack -fmacro-backtrace-limit\=0 -fno-color-diagnostics -fmodules-prune-interval\=86400 -fmodules-prune-after\=345600 -fbuild-session-file\=/Users/sparkles/Library/Developer/Xcode/DerivedData/ModuleCache.noindex/Session.modulevalidation -fmodules-validate-once-per-build-session -Wnon-modular-include-in-framework-module -Werror\=non-modular-include-in-framework-module -Wno-trigraphs -Wno-missing-field-initializers -Wno-missing-prototypes -Werror\=return-type -Wdocumentation -Wunreachable-code -Werror\=deprecated-objc-isa-usage -Werror\=objc-root-class -Wno-non-virtual-dtor -Wno-overloaded-virtual -Wno-exit-time-destructors -Wno-missing-braces -Wparentheses -Wswitch -Wunused-function -Wno-unused-label -Wno-unused-parameter -Wunused-variable -Wunused-value -Wempty-body -Wuninitialized -Wconditional-uninitialized -Wno-unknown-pragmas -Wno-shadow -Wno-four-char-constants -Wno-conversion -Wconstant-conversion -Wint-conversion -Wbool-conversion -Wenum-conversion -Wno-float-conversion -Wnon-literal-null-conversion -Wobjc-literal-conversion -Wshorten-64-to-32 -Wno-newline-eof -Wno-c++11-extensions -Wno-implicit-fallthrough -isysroot /Applications/Xcode.app/Contents/Developer/Platforms/iPhoneSimulator.platform/Developer/SDKs/iPhoneSimulator27.0.sdk -fstrict-aliasing -Wdeprecated-declarations -Winvalid-offsetof -Wno-sign-conversion -Winfinite-recursion -Wmove -Wcomma -Wblock-capture-autoreleasing -Wstrict-prototypes -Wrange-loop-analysis -Wno-semicolon-before-method-body -Wunguarded-availability -index-store-path /Users/sparkles/Library/Developer/Xcode/DerivedData/Expensio-futtgngxcysvvhcljmosbeftqmyc/Index.noindex/DataStore @/Users/sparkles/Library/Developer/Xcode/DerivedData/Expensio-futtgngxcysvvhcljmosbeftqmyc/Build/Intermediates.noindex/Pods.build/Debug-iphonesimulator/RNSVG.build/Objects-normal/x86_64/82b82416624d2658e5098eb0a28c15c5-common-args.resp -DRCT_NEW_ARCH_ENABLED\=1 -include /Users/sparkles/Documents/CodingFiles/FullStack/expensioApp/frontend/ios/Pods/Target\ Support\ Files/RNSVG/RNSVG-prefix.pch -MMD -MT dependencies -MF /Users/sparkles/Library/Developer/Xcode/DerivedData/Expensio-futtgngxcysvvhcljmosbeftqmyc/Build/Intermediates.noindex/Pods.build/Debug-iphonesimulator/RNSVG.build/Objects-normal/x86_64/RNSVGImageShadowNode.d --serialize-diagnostics /Users/sparkles/Library/Developer/Xcode/DerivedData/Expensio-futtgngxcysvvhcljmosbeftqmyc/Build/Intermediates.noindex/Pods.build/Debug-iphonesimulator/RNSVG.build/Objects-normal/x86_64/RNSVGImageShadowNode.dia -c /Users/sparkles/Documents/CodingFiles/FullStack/expensioApp/frontend/node_modules/react-native-svg/common/cpp/react/renderer/components/rnsvg/RNSVGImageShadowNode.cpp -o /Users/sparkles/Library/Developer/Xcode/DerivedData/Expensio-futtgngxcysvvhcljmosbeftqmyc/Build/Intermediates.noindex/Pods.build/Debug-iphonesimulator/RNSVG.build/Objects-normal/x86_64/RNSVGImageShadowNode.o -index-unit-output-path /Pods.build/Debug-iphonesimulator/RNSVG.build/Objects-normal/x86_64/RNSVGImageShadowNode.o

CompileC /Users/sparkles/Library/Developer/Xcode/DerivedData/Expensio-futtgngxcysvvhcljmosbeftqmyc/Build/Intermediates.noindex/Pods.build/Debug-iphonesimulator/RNSVG.build/Objects-normal/x86_64/RNSVGImageManager.o /Users/sparkles/Documents/CodingFiles/FullStack/expensioApp/frontend/node_modules/react-native-svg/apple/ViewManagers/RNSVGImageManager.mm normal x86_64 objective-c++ com.apple.compilers.llvm.clang.1_0.compiler (in target 'RNSVG' from project 'Pods')
    cd /Users/sparkles/Documents/CodingFiles/FullStack/expensioApp/frontend/ios/Pods
    
    Using response file: /Users/sparkles/Library/Developer/Xcode/DerivedData/Expensio-futtgngxcysvvhcljmosbeftqmyc/Build/Intermediates.noindex/Pods.build/Debug-iphonesimulator/RNSVG.build/Objects-normal/x86_64/af3fcb34312c57c0f52879cdce924b91-common-args.resp
    
    /Applications/Xcode.app/Contents/Developer/Toolchains/XcodeDefault.xctoolchain/usr/bin/clang -x objective-c++ -ivfsstatcache /Users/sparkles/Library/Developer/Xcode/DerivedData/SDKStatCaches.noindex/iphonesimulator27.0-24A430-8dc58220667be655e1bcc261a7455254.sdkstatcache -target x86_64-apple-ios17.0-simulator -fmessage-length\=0 -fdiagnostics-show-note-include-stack -fmacro-backtrace-limit\=0 -fno-color-diagnostics -fmodules-prune-interval\=86400 -fmodules-prune-after\=345600 -fbuild-session-file\=/Users/sparkles/Library/Developer/Xcode/DerivedData/ModuleCache.noindex/Session.modulevalidation -fmodules-validate-once-per-build-session -Wnon-modular-include-in-framework-module -Werror\=non-modular-include-in-framework-module -Wno-trigraphs -Wno-missing-field-initializers -Wno-missing-prototypes -Werror\=return-type -Wdocumentation -Wunreachable-code -Wno-implicit-atomic-properties -Werror\=deprecated-objc-isa-usage -Wno-objc-interface-ivars -Werror\=objc-root-class -Wno-arc-repeated-use-of-weak -Wimplicit-retain-self -Wno-non-virtual-dtor -Wno-overloaded-virtual -Wno-exit-time-destructors -Wduplicate-method-match -Wno-missing-braces -Wparentheses -Wswitch -Wunused-function -Wno-unused-label -Wno-unused-parameter -Wunused-variable -Wunused-value -Wempty-body -Wuninitialized -Wconditional-uninitialized -Wno-unknown-pragmas -Wno-shadow -Wno-four-char-constants -Wno-conversion -Wconstant-conversion -Wint-conversion -Wbool-conversion -Wenum-conversion -Wno-float-conversion -Wnon-literal-null-conversion -Wobjc-literal-conversion -Wshorten-64-to-32 -Wno-newline-eof -Wno-selector -Wno-strict-selector-match -Wundeclared-selector -Wdeprecated-implementations -Wno-c++11-extensions -Wno-implicit-fallthrough -isysroot /Applications/Xcode.app/Contents/Developer/Platforms/iPhoneSimulator.platform/Developer/SDKs/iPhoneSimulator27.0.sdk -fstrict-aliasing -Wprotocol -Wdeprecated-declarations -Winvalid-offsetof -Wno-sign-conversion -Winfinite-recursion -Wmove -Wcomma -Wblock-capture-autoreleasing -Wstrict-prototypes -Wrange-loop-analysis -Wno-semicolon-before-method-body -Wunguarded-availability -index-store-path /Users/sparkles/Library/Developer/Xcode/DerivedData/Expensio-futtgngxcysvvhcljmosbeftqmyc/Index.noindex/DataStore @/Users/sparkles/Library/Developer/Xcode/DerivedData/Expensio-futtgngxcysvvhcljmosbeftqmyc/Build/Intermediates.noindex/Pods.build/Debug-iphonesimulator/RNSVG.build/Objects-normal/x86_64/af3fcb34312c57c0f52879cdce924b91-common-args.resp -DRCT_NEW_ARCH_ENABLED\=1 -include /Users/sparkles/Documents/CodingFiles/FullStack/expensioApp/frontend/ios/Pods/Target\ Support\ Files/RNSVG/RNSVG-prefix.pch -MMD -MT dependencies -MF /Users/sparkles/Library/Developer/Xcode/DerivedData/Expensio-futtgngxcysvvhcljmosbeftqmyc/Build/Intermediates.noindex/Pods.build/Debug-iphonesimulator/RNSVG.build/Objects-normal/x86_64/RNSVGImageManager.d --serialize-diagnostics /Users/sparkles/Library/Developer/Xcode/DerivedData/Expensio-futtgngxcysvvhcljmosbeftqmyc/Build/Intermediates.noindex/Pods.build/Debug-iphonesimulator/RNSVG.build/Objects-normal/x86_64/RNSVGImageManager.dia -c /Users/sparkles/Documents/CodingFiles/FullStack/expensioApp/frontend/node_modules/react-native-svg/apple/ViewManagers/RNSVGImageManager.mm -o /Users/sparkles/Library/Developer/Xcode/DerivedData/Expensio-futtgngxcysvvhcljmosbeftqmyc/Build/Intermediates.noindex/Pods.build/Debug-iphonesimulator/RNSVG.build/Objects-normal/x86_64/RNSVGImageManager.o -index-unit-output-path /Pods.build/Debug-iphonesimulator/RNSVG.build/Objects-normal/x86_64/RNSVGImageManager.o

CompileC /Users/sparkles/Library/Developer/Xcode/DerivedData/Expensio-futtgngxcysvvhcljmosbeftqmyc/Build/Intermediates.noindex/Pods.build/Debug-iphonesimulator/RNSVG.build/Objects-normal/x86_64/RNSVGImage.o /Users/sparkles/Documents/CodingFiles/FullStack/expensioApp/frontend/node_modules/react-native-svg/apple/Elements/RNSVGImage.mm normal x86_64 objective-c++ com.apple.compilers.llvm.clang.1_0.compiler (in target 'RNSVG' from project 'Pods')
    cd /Users/sparkles/Documents/CodingFiles/FullStack/expensioApp/frontend/ios/Pods
    
    Using response file: /Users/sparkles/Library/Developer/Xcode/DerivedData/Expensio-futtgngxcysvvhcljmosbeftqmyc/Build/Intermediates.noindex/Pods.build/Debug-iphonesimulator/RNSVG.build/Objects-normal/x86_64/af3fcb34312c57c0f52879cdce924b91-common-args.resp
    
    /Applications/Xcode.app/Contents/Developer/Toolchains/XcodeDefault.xctoolchain/usr/bin/clang -x objective-c++ -ivfsstatcache /Users/sparkles/Library/Developer/Xcode/DerivedData/SDKStatCaches.noindex/iphonesimulator27.0-24A430-8dc58220667be655e1bcc261a7455254.sdkstatcache -target x86_64-apple-ios17.0-simulator -fmessage-length\=0 -fdiagnostics-show-note-include-stack -fmacro-backtrace-limit\=0 -fno-color-diagnostics -fmodules-prune-interval\=86400 -fmodules-prune-after\=345600 -fbuild-session-file\=/Users/sparkles/Library/Developer/Xcode/DerivedData/ModuleCache.noindex/Session.modulevalidation -fmodules-validate-once-per-build-session -Wnon-modular-include-in-framework-module -Werror\=non-modular-include-in-framework-module -Wno-trigraphs -Wno-missing-field-initializers -Wno-missing-prototypes -Werror\=return-type -Wdocumentation -Wunreachable-code -Wno-implicit-atomic-properties -Werror\=deprecated-objc-isa-usage -Wno-objc-interface-ivars -Werror\=objc-root-class -Wno-arc-repeated-use-of-weak -Wimplicit-retain-self -Wno-non-virtual-dtor -Wno-overloaded-virtual -Wno-exit-time-destructors -Wduplicate-method-match -Wno-missing-braces -Wparentheses -Wswitch -Wunused-function -Wno-unused-label -Wno-unused-parameter -Wunused-variable -Wunused-value -Wempty-body -Wuninitialized -Wconditional-uninitialized -Wno-unknown-pragmas -Wno-shadow -Wno-four-char-constants -Wno-conversion -Wconstant-conversion -Wint-conversion -Wbool-conversion -Wenum-conversion -Wno-float-conversion -Wnon-literal-null-conversion -Wobjc-literal-conversion -Wshorten-64-to-32 -Wno-newline-eof -Wno-selector -Wno-strict-selector-match -Wundeclared-selector -Wdeprecated-implementations -Wno-c++11-extensions -Wno-implicit-fallthrough -isysroot /Applications/Xcode.app/Contents/Developer/Platforms/iPhoneSimulator.platform/Developer/SDKs/iPhoneSimulator27.0.sdk -fstrict-aliasing -Wprotocol -Wdeprecated-declarations -Winvalid-offsetof -Wno-sign-conversion -Winfinite-recursion -Wmove -Wcomma -Wblock-capture-autoreleasing -Wstrict-prototypes -Wrange-loop-analysis -Wno-semicolon-before-method-body -Wunguarded-availability -index-store-path /Users/sparkles/Library/Developer/Xcode/DerivedData/Expensio-futtgngxcysvvhcljmosbeftqmyc/Index.noindex/DataStore @/Users/sparkles/Library/Developer/Xcode/DerivedData/Expensio-futtgngxcysvvhcljmosbeftqmyc/Build/Intermediates.noindex/Pods.build/Debug-iphonesimulator/RNSVG.build/Objects-normal/x86_64/af3fcb34312c57c0f52879cdce924b91-common-args.resp -DRCT_NEW_ARCH_ENABLED\=1 -include /Users/sparkles/Documents/CodingFiles/FullStack/expensioApp/frontend/ios/Pods/Target\ Support\ Files/RNSVG/RNSVG-prefix.pch -MMD -MT dependencies -MF /Users/sparkles/Library/Developer/Xcode/DerivedData/Expensio-futtgngxcysvvhcljmosbeftqmyc/Build/Intermediates.noindex/Pods.build/Debug-iphonesimulator/RNSVG.build/Objects-normal/x86_64/RNSVGImage.d --serialize-diagnostics /Users/sparkles/Library/Developer/Xcode/DerivedData/Expensio-futtgngxcysvvhcljmosbeftqmyc/Build/Intermediates.noindex/Pods.build/Debug-iphonesimulator/RNSVG.build/Objects-normal/x86_64/RNSVGImage.dia -c /Users/sparkles/Documents/CodingFiles/FullStack/expensioApp/frontend/node_modules/react-native-svg/apple/Elements/RNSVGImage.mm -o /Users/sparkles/Library/Developer/Xcode/DerivedData/Expensio-futtgngxcysvvhcljmosbeftqmyc/Build/Intermediates.noindex/Pods.build/Debug-iphonesimulator/RNSVG.build/Objects-normal/x86_64/RNSVGImage.o -index-unit-output-path /Pods.build/Debug-iphonesimulator/RNSVG.build/Objects-normal/x86_64/RNSVGImage.o

CompileC /Users/sparkles/Library/Developer/Xcode/DerivedData/Expensio-futtgngxcysvvhcljmosbeftqmyc/Build/Intermediates.noindex/Pods.build/Debug-iphonesimulator/RNSVG.build/Objects-normal/x86_64/RNSVGGroupManager.o /Users/sparkles/Documents/CodingFiles/FullStack/expensioApp/frontend/node_modules/react-native-svg/apple/ViewManagers/RNSVGGroupManager.mm normal x86_64 objective-c++ com.apple.compilers.llvm.clang.1_0.compiler (in target 'RNSVG' from project 'Pods')
    cd /Users/sparkles/Documents/CodingFiles/FullStack/expensioApp/frontend/ios/Pods
    
    Using response file: /Users/sparkles/Library/Developer/Xcode/DerivedData/Expensio-futtgngxcysvvhcljmosbeftqmyc/Build/Intermediates.noindex/Pods.build/Debug-iphonesimulator/RNSVG.build/Objects-normal/x86_64/af3fcb34312c57c0f52879cdce924b91-common-args.resp
    
    /Applications/Xcode.app/Contents/Developer/Toolchains/XcodeDefault.xctoolchain/usr/bin/clang -x objective-c++ -ivfsstatcache /Users/sparkles/Library/Developer/Xcode/DerivedData/SDKStatCaches.noindex/iphonesimulator27.0-24A430-8dc58220667be655e1bcc261a7455254.sdkstatcache -target x86_64-apple-ios17.0-simulator -fmessage-length\=0 -fdiagnostics-show-note-include-stack -fmacro-backtrace-limit\=0 -fno-color-diagnostics -fmodules-prune-interval\=86400 -fmodules-prune-after\=345600 -fbuild-session-file\=/Users/sparkles/Library/Developer/Xcode/DerivedData/ModuleCache.noindex/Session.modulevalidation -fmodules-validate-once-per-build-session -Wnon-modular-include-in-framework-module -Werror\=non-modular-include-in-framework-module -Wno-trigraphs -Wno-missing-field-initializers -Wno-missing-prototypes -Werror\=return-type -Wdocumentation -Wunreachable-code -Wno-implicit-atomic-properties -Werror\=deprecated-objc-isa-usage -Wno-objc-interface-ivars -Werror\=objc-root-class -Wno-arc-repeated-use-of-weak -Wimplicit-retain-self -Wno-non-virtual-dtor -Wno-overloaded-virtual -Wno-exit-time-destructors -Wduplicate-method-match -Wno-missing-braces -Wparentheses -Wswitch -Wunused-function -Wno-unused-label -Wno-unused-parameter -Wunused-variable -Wunused-value -Wempty-body -Wuninitialized -Wconditional-uninitialized -Wno-unknown-pragmas -Wno-shadow -Wno-four-char-constants -Wno-conversion -Wconstant-conversion -Wint-conversion -Wbool-conversion -Wenum-conversion -Wno-float-conversion -Wnon-literal-null-conversion -Wobjc-literal-conversion -Wshorten-64-to-32 -Wno-newline-eof -Wno-selector -Wno-strict-selector-match -Wundeclared-selector -Wdeprecated-implementations -Wno-c++11-extensions -Wno-implicit-fallthrough -isysroot /Applications/Xcode.app/Contents/Developer/Platforms/iPhoneSimulator.platform/Developer/SDKs/iPhoneSimulator27.0.sdk -fstrict-aliasing -Wprotocol -Wdeprecated-declarations -Winvalid-offsetof -Wno-sign-conversion -Winfinite-recursion -Wmove -Wcomma -Wblock-capture-autoreleasing -Wstrict-prototypes -Wrange-loop-analysis -Wno-semicolon-before-method-body -Wunguarded-availability -index-store-path /Users/sparkles/Library/Developer/Xcode/DerivedData/Expensio-futtgngxcysvvhcljmosbeftqmyc/Index.noindex/DataStore @/Users/sparkles/Library/Developer/Xcode/DerivedData/Expensio-futtgngxcysvvhcljmosbeftqmyc/Build/Intermediates.noindex/Pods.build/Debug-iphonesimulator/RNSVG.build/Objects-normal/x86_64/af3fcb34312c57c0f52879cdce924b91-common-args.resp -DRCT_NEW_ARCH_ENABLED\=1 -include /Users/sparkles/Documents/CodingFiles/FullStack/expensioApp/frontend/ios/Pods/Target\ Support\ Files/RNSVG/RNSVG-prefix.pch -MMD -MT dependencies -MF /Users/sparkles/Library/Developer/Xcode/DerivedData/Expensio-futtgngxcysvvhcljmosbeftqmyc/Build/Intermediates.noindex/Pods.build/Debug-iphonesimulator/RNSVG.build/Objects-normal/x86_64/RNSVGGroupManager.d --serialize-diagnostics /Users/sparkles/Library/Developer/Xcode/DerivedData/Expensio-futtgngxcysvvhcljmosbeftqmyc/Build/Intermediates.noindex/Pods.build/Debug-iphonesimulator/RNSVG.build/Objects-normal/x86_64/RNSVGGroupManager.dia -c /Users/sparkles/Documents/CodingFiles/FullStack/expensioApp/frontend/node_modules/react-native-svg/apple/ViewManagers/RNSVGGroupManager.mm -o /Users/sparkles/Library/Developer/Xcode/DerivedData/Expensio-futtgngxcysvvhcljmosbeftqmyc/Build/Intermediates.noindex/Pods.build/Debug-iphonesimulator/RNSVG.build/Objects-normal/x86_64/RNSVGGroupManager.o -index-unit-output-path /Pods.build/Debug-iphonesimulator/RNSVG.build/Objects-normal/x86_64/RNSVGGroupManager.o

CompileC /Users/sparkles/Library/Developer/Xcode/DerivedData/Expensio-futtgngxcysvvhcljmosbeftqmyc/Build/Intermediates.noindex/Pods.build/Debug-iphonesimulator/RNSVG.build/Objects-normal/x86_64/RNSVGGroup.o /Users/sparkles/Documents/CodingFiles/FullStack/expensioApp/frontend/node_modules/react-native-svg/apple/Elements/RNSVGGroup.mm normal x86_64 objective-c++ com.apple.compilers.llvm.clang.1_0.compiler (in target 'RNSVG' from project 'Pods')
    cd /Users/sparkles/Documents/CodingFiles/FullStack/expensioApp/frontend/ios/Pods
    
    Using response file: /Users/sparkles/Library/Developer/Xcode/DerivedData/Expensio-futtgngxcysvvhcljmosbeftqmyc/Build/Intermediates.noindex/Pods.build/Debug-iphonesimulator/RNSVG.build/Objects-normal/x86_64/af3fcb34312c57c0f52879cdce924b91-common-args.resp
    
    /Applications/Xcode.app/Contents/Developer/Toolchains/XcodeDefault.xctoolchain/usr/bin/clang -x objective-c++ -ivfsstatcache /Users/sparkles/Library/Developer/Xcode/DerivedData/SDKStatCaches.noindex/iphonesimulator27.0-24A430-8dc58220667be655e1bcc261a7455254.sdkstatcache -target x86_64-apple-ios17.0-simulator -fmessage-length\=0 -fdiagnostics-show-note-include-stack -fmacro-backtrace-limit\=0 -fno-color-diagnostics -fmodules-prune-interval\=86400 -fmodules-prune-after\=345600 -fbuild-session-file\=/Users/sparkles/Library/Developer/Xcode/DerivedData/ModuleCache.noindex/Session.modulevalidation -fmodules-validate-once-per-build-session -Wnon-modular-include-in-framework-module -Werror\=non-modular-include-in-framework-module -Wno-trigraphs -Wno-missing-field-initializers -Wno-missing-prototypes -Werror\=return-type -Wdocumentation -Wunreachable-code -Wno-implicit-atomic-properties -Werror\=deprecated-objc-isa-usage -Wno-objc-interface-ivars -Werror\=objc-root-class -Wno-arc-repeated-use-of-weak -Wimplicit-retain-self -Wno-non-virtual-dtor -Wno-overloaded-virtual -Wno-exit-time-destructors -Wduplicate-method-match -Wno-missing-braces -Wparentheses -Wswitch -Wunused-function -Wno-unused-label -Wno-unused-parameter -Wunused-variable -Wunused-value -Wempty-body -Wuninitialized -Wconditional-uninitialized -Wno-unknown-pragmas -Wno-shadow -Wno-four-char-constants -Wno-conversion -Wconstant-conversion -Wint-conversion -Wbool-conversion -Wenum-conversion -Wno-float-conversion -Wnon-literal-null-conversion -Wobjc-literal-conversion -Wshorten-64-to-32 -Wno-newline-eof -Wno-selector -Wno-strict-selector-match -Wundeclared-selector -Wdeprecated-implementations -Wno-c++11-extensions -Wno-implicit-fallthrough -isysroot /Applications/Xcode.app/Contents/Developer/Platforms/iPhoneSimulator.platform/Developer/SDKs/iPhoneSimulator27.0.sdk -fstrict-aliasing -Wprotocol -Wdeprecated-declarations -Winvalid-offsetof -Wno-sign-conversion -Winfinite-recursion -Wmove -Wcomma -Wblock-capture-autoreleasing -Wstrict-prototypes -Wrange-loop-analysis -Wno-semicolon-before-method-body -Wunguarded-availability -index-store-path /Users/sparkles/Library/Developer/Xcode/DerivedData/Expensio-futtgngxcysvvhcljmosbeftqmyc/Index.noindex/DataStore @/Users/sparkles/Library/Developer/Xcode/DerivedData/Expensio-futtgngxcysvvhcljmosbeftqmyc/Build/Intermediates.noindex/Pods.build/Debug-iphonesimulator/RNSVG.build/Objects-normal/x86_64/af3fcb34312c57c0f52879cdce924b91-common-args.resp -DRCT_NEW_ARCH_ENABLED\=1 -include /Users/sparkles/Documents/CodingFiles/FullStack/expensioApp/frontend/ios/Pods/Target\ Support\ Files/RNSVG/RNSVG-prefix.pch -MMD -MT dependencies -MF /Users/sparkles/Library/Developer/Xcode/DerivedData/Expensio-futtgngxcysvvhcljmosbeftqmyc/Build/Intermediates.noindex/Pods.build/Debug-iphonesimulator/RNSVG.build/Objects-normal/x86_64/RNSVGGroup.d --serialize-diagnostics /Users/sparkles/Library/Developer/Xcode/DerivedData/Expensio-futtgngxcysvvhcljmosbeftqmyc/Build/Intermediates.noindex/Pods.build/Debug-iphonesimulator/RNSVG.build/Objects-normal/x86_64/RNSVGGroup.dia -c /Users/sparkles/Documents/CodingFiles/FullStack/expensioApp/frontend/node_modules/react-native-svg/apple/Elements/RNSVGGroup.mm -o /Users/sparkles/Library/Developer/Xcode/DerivedData/Expensio-futtgngxcysvvhcljmosbeftqmyc/Build/Intermediates.noindex/Pods.build/Debug-iphonesimulator/RNSVG.build/Objects-normal/x86_64/RNSVGGroup.o -index-unit-output-path /Pods.build/Debug-iphonesimulator/RNSVG.build/Objects-normal/x86_64/RNSVGGroup.o
/Users/sparkles/Documents/CodingFiles/FullStack/expensioApp/frontend/node_modules/react-native-svg/apple/Elements/RNSVGGroup.mm:56:1: warning: method possibly missing a [super updateProps:oldProps:] call [-Wobjc-missing-super-calls]
   56 | }
      | ^
In file included from /Users/sparkles/Documents/CodingFiles/FullStack/expensioApp/frontend/node_modules/react-native-svg/apple/Elements/RNSVGGroup.mm:18:
/Users/sparkles/Documents/CodingFiles/FullStack/expensioApp/frontend/node_modules/react-native-svg/apple/Utils/RNSVGFabricConversions.h:246:19: warning: unused function 'intToRNSVGVBMOS' [-Wunused-function]
  246 | static RNSVGVBMOS intToRNSVGVBMOS(int value)
      |                   ^~~~~~~~~~~~~~~
2 warnings generated.

CompileC /Users/sparkles/Library/Developer/Xcode/DerivedData/Expensio-futtgngxcysvvhcljmosbeftqmyc/Build/Intermediates.noindex/Pods.build/Debug-iphonesimulator/RNSVG.build/Objects-normal/x86_64/RNSVGGlyphContext.o /Users/sparkles/Documents/CodingFiles/FullStack/expensioApp/frontend/node_modules/react-native-svg/apple/Text/RNSVGGlyphContext.mm normal x86_64 objective-c++ com.apple.compilers.llvm.clang.1_0.compiler (in target 'RNSVG' from project 'Pods')
    cd /Users/sparkles/Documents/CodingFiles/FullStack/expensioApp/frontend/ios/Pods
    
    Using response file: /Users/sparkles/Library/Developer/Xcode/DerivedData/Expensio-futtgngxcysvvhcljmosbeftqmyc/Build/Intermediates.noindex/Pods.build/Debug-iphonesimulator/RNSVG.build/Objects-normal/x86_64/af3fcb34312c57c0f52879cdce924b91-common-args.resp
    
    /Applications/Xcode.app/Contents/Developer/Toolchains/XcodeDefault.xctoolchain/usr/bin/clang -x objective-c++ -ivfsstatcache /Users/sparkles/Library/Developer/Xcode/DerivedData/SDKStatCaches.noindex/iphonesimulator27.0-24A430-8dc58220667be655e1bcc261a7455254.sdkstatcache -target x86_64-apple-ios17.0-simulator -fmessage-length\=0 -fdiagnostics-show-note-include-stack -fmacro-backtrace-limit\=0 -fno-color-diagnostics -fmodules-prune-interval\=86400 -fmodules-prune-after\=345600 -fbuild-session-file\=/Users/sparkles/Library/Developer/Xcode/DerivedData/ModuleCache.noindex/Session.modulevalidation -fmodules-validate-once-per-build-session -Wnon-modular-include-in-framework-module -Werror\=non-modular-include-in-framework-module -Wno-trigraphs -Wno-missing-field-initializers -Wno-missing-prototypes -Werror\=return-type -Wdocumentation -Wunreachable-code -Wno-implicit-atomic-properties -Werror\=deprecated-objc-isa-usage -Wno-objc-interface-ivars -Werror\=objc-root-class -Wno-arc-repeated-use-of-weak -Wimplicit-retain-self -Wno-non-virtual-dtor -Wno-overloaded-virtual -Wno-exit-time-destructors -Wduplicate-method-match -Wno-missing-braces -Wparentheses -Wswitch -Wunused-function -Wno-unused-label -Wno-unused-parameter -Wunused-variable -Wunused-value -Wempty-body -Wuninitialized -Wconditional-uninitialized -Wno-unknown-pragmas -Wno-shadow -Wno-four-char-constants -Wno-conversion -Wconstant-conversion -Wint-conversion -Wbool-conversion -Wenum-conversion -Wno-float-conversion -Wnon-literal-null-conversion -Wobjc-literal-conversion -Wshorten-64-to-32 -Wno-newline-eof -Wno-selector -Wno-strict-selector-match -Wundeclared-selector -Wdeprecated-implementations -Wno-c++11-extensions -Wno-implicit-fallthrough -isysroot /Applications/Xcode.app/Contents/Developer/Platforms/iPhoneSimulator.platform/Developer/SDKs/iPhoneSimulator27.0.sdk -fstrict-aliasing -Wprotocol -Wdeprecated-declarations -Winvalid-offsetof -Wno-sign-conversion -Winfinite-recursion -Wmove -Wcomma -Wblock-capture-autoreleasing -Wstrict-prototypes -Wrange-loop-analysis -Wno-semicolon-before-method-body -Wunguarded-availability -index-store-path /Users/sparkles/Library/Developer/Xcode/DerivedData/Expensio-futtgngxcysvvhcljmosbeftqmyc/Index.noindex/DataStore @/Users/sparkles/Library/Developer/Xcode/DerivedData/Expensio-futtgngxcysvvhcljmosbeftqmyc/Build/Intermediates.noindex/Pods.build/Debug-iphonesimulator/RNSVG.build/Objects-normal/x86_64/af3fcb34312c57c0f52879cdce924b91-common-args.resp -DRCT_NEW_ARCH_ENABLED\=1 -include /Users/sparkles/Documents/CodingFiles/FullStack/expensioApp/frontend/ios/Pods/Target\ Support\ Files/RNSVG/RNSVG-prefix.pch -MMD -MT dependencies -MF /Users/sparkles/Library/Developer/Xcode/DerivedData/Expensio-futtgngxcysvvhcljmosbeftqmyc/Build/Intermediates.noindex/Pods.build/Debug-iphonesimulator/RNSVG.build/Objects-normal/x86_64/RNSVGGlyphContext.d --serialize-diagnostics /Users/sparkles/Library/Developer/Xcode/DerivedData/Expensio-futtgngxcysvvhcljmosbeftqmyc/Build/Intermediates.noindex/Pods.build/Debug-iphonesimulator/RNSVG.build/Objects-normal/x86_64/RNSVGGlyphContext.dia -c /Users/sparkles/Documents/CodingFiles/FullStack/expensioApp/frontend/node_modules/react-native-svg/apple/Text/RNSVGGlyphContext.mm -o /Users/sparkles/Library/Developer/Xcode/DerivedData/Expensio-futtgngxcysvvhcljmosbeftqmyc/Build/Intermediates.noindex/Pods.build/Debug-iphonesimulator/RNSVG.build/Objects-normal/x86_64/RNSVGGlyphContext.o -index-unit-output-path /Pods.build/Debug-iphonesimulator/RNSVG.build/Objects-normal/x86_64/RNSVGGlyphContext.o

CompileC /Users/sparkles/Library/Developer/Xcode/DerivedData/Expensio-futtgngxcysvvhcljmosbeftqmyc/Build/Intermediates.noindex/Pods.build/Debug-iphonesimulator/RNSVG.build/Objects-normal/x86_64/RNSVGForeignObjectManager.o /Users/sparkles/Documents/CodingFiles/FullStack/expensioApp/frontend/node_modules/react-native-svg/apple/ViewManagers/RNSVGForeignObjectManager.mm normal x86_64 objective-c++ com.apple.compilers.llvm.clang.1_0.compiler (in target 'RNSVG' from project 'Pods')
    cd /Users/sparkles/Documents/CodingFiles/FullStack/expensioApp/frontend/ios/Pods
    
    Using response file: /Users/sparkles/Library/Developer/Xcode/DerivedData/Expensio-futtgngxcysvvhcljmosbeftqmyc/Build/Intermediates.noindex/Pods.build/Debug-iphonesimulator/RNSVG.build/Objects-normal/x86_64/af3fcb34312c57c0f52879cdce924b91-common-args.resp
    
    /Applications/Xcode.app/Contents/Developer/Toolchains/XcodeDefault.xctoolchain/usr/bin/clang -x objective-c++ -ivfsstatcache /Users/sparkles/Library/Developer/Xcode/DerivedData/SDKStatCaches.noindex/iphonesimulator27.0-24A430-8dc58220667be655e1bcc261a7455254.sdkstatcache -target x86_64-apple-ios17.0-simulator -fmessage-length\=0 -fdiagnostics-show-note-include-stack -fmacro-backtrace-limit\=0 -fno-color-diagnostics -fmodules-prune-interval\=86400 -fmodules-prune-after\=345600 -fbuild-session-file\=/Users/sparkles/Library/Developer/Xcode/DerivedData/ModuleCache.noindex/Session.modulevalidation -fmodules-validate-once-per-build-session -Wnon-modular-include-in-framework-module -Werror\=non-modular-include-in-framework-module -Wno-trigraphs -Wno-missing-field-initializers -Wno-missing-prototypes -Werror\=return-type -Wdocumentation -Wunreachable-code -Wno-implicit-atomic-properties -Werror\=deprecated-objc-isa-usage -Wno-objc-interface-ivars -Werror\=objc-root-class -Wno-arc-repeated-use-of-weak -Wimplicit-retain-self -Wno-non-virtual-dtor -Wno-overloaded-virtual -Wno-exit-time-destructors -Wduplicate-method-match -Wno-missing-braces -Wparentheses -Wswitch -Wunused-function -Wno-unused-label -Wno-unused-parameter -Wunused-variable -Wunused-value -Wempty-body -Wuninitialized -Wconditional-uninitialized -Wno-unknown-pragmas -Wno-shadow -Wno-four-char-constants -Wno-conversion -Wconstant-conversion -Wint-conversion -Wbool-conversion -Wenum-conversion -Wno-float-conversion -Wnon-literal-null-conversion -Wobjc-literal-conversion -Wshorten-64-to-32 -Wno-newline-eof -Wno-selector -Wno-strict-selector-match -Wundeclared-selector -Wdeprecated-implementations -Wno-c++11-extensions -Wno-implicit-fallthrough -isysroot /Applications/Xcode.app/Contents/Developer/Platforms/iPhoneSimulator.platform/Developer/SDKs/iPhoneSimulator27.0.sdk -fstrict-aliasing -Wprotocol -Wdeprecated-declarations -Winvalid-offsetof -Wno-sign-conversion -Winfinite-recursion -Wmove -Wcomma -Wblock-capture-autoreleasing -Wstrict-prototypes -Wrange-loop-analysis -Wno-semicolon-before-method-body -Wunguarded-availability -index-store-path /Users/sparkles/Library/Developer/Xcode/DerivedData/Expensio-futtgngxcysvvhcljmosbeftqmyc/Index.noindex/DataStore @/Users/sparkles/Library/Developer/Xcode/DerivedData/Expensio-futtgngxcysvvhcljmosbeftqmyc/Build/Intermediates.noindex/Pods.build/Debug-iphonesimulator/RNSVG.build/Objects-normal/x86_64/af3fcb34312c57c0f52879cdce924b91-common-args.resp -DRCT_NEW_ARCH_ENABLED\=1 -include /Users/sparkles/Documents/CodingFiles/FullStack/expensioApp/frontend/ios/Pods/Target\ Support\ Files/RNSVG/RNSVG-prefix.pch -MMD -MT dependencies -MF /Users/sparkles/Library/Developer/Xcode/DerivedData/Expensio-futtgngxcysvvhcljmosbeftqmyc/Build/Intermediates.noindex/Pods.build/Debug-iphonesimulator/RNSVG.build/Objects-normal/x86_64/RNSVGForeignObjectManager.d --serialize-diagnostics /Users/sparkles/Library/Developer/Xcode/DerivedData/Expensio-futtgngxcysvvhcljmosbeftqmyc/Build/Intermediates.noindex/Pods.build/Debug-iphonesimulator/RNSVG.build/Objects-normal/x86_64/RNSVGForeignObjectManager.dia -c /Users/sparkles/Documents/CodingFiles/FullStack/expensioApp/frontend/node_modules/react-native-svg/apple/ViewManagers/RNSVGForeignObjectManager.mm -o /Users/sparkles/Library/Developer/Xcode/DerivedData/Expensio-futtgngxcysvvhcljmosbeftqmyc/Build/Intermediates.noindex/Pods.build/Debug-iphonesimulator/RNSVG.build/Objects-normal/x86_64/RNSVGForeignObjectManager.o -index-unit-output-path /Pods.build/Debug-iphonesimulator/RNSVG.build/Objects-normal/x86_64/RNSVGForeignObjectManager.o

CompileC /Users/sparkles/Library/Developer/Xcode/DerivedData/Expensio-futtgngxcysvvhcljmosbeftqmyc/Build/Intermediates.noindex/Pods.build/Debug-iphonesimulator/RNSVG.build/Objects-normal/x86_64/RNSVGForeignObject.o /Users/sparkles/Documents/CodingFiles/FullStack/expensioApp/frontend/node_modules/react-native-svg/apple/Elements/RNSVGForeignObject.mm normal x86_64 objective-c++ com.apple.compilers.llvm.clang.1_0.compiler (in target 'RNSVG' from project 'Pods')
    cd /Users/sparkles/Documents/CodingFiles/FullStack/expensioApp/frontend/ios/Pods
    
    Using response file: /Users/sparkles/Library/Developer/Xcode/DerivedData/Expensio-futtgngxcysvvhcljmosbeftqmyc/Build/Intermediates.noindex/Pods.build/Debug-iphonesimulator/RNSVG.build/Objects-normal/x86_64/af3fcb34312c57c0f52879cdce924b91-common-args.resp
    
    /Applications/Xcode.app/Contents/Developer/Toolchains/XcodeDefault.xctoolchain/usr/bin/clang -x objective-c++ -ivfsstatcache /Users/sparkles/Library/Developer/Xcode/DerivedData/SDKStatCaches.noindex/iphonesimulator27.0-24A430-8dc58220667be655e1bcc261a7455254.sdkstatcache -target x86_64-apple-ios17.0-simulator -fmessage-length\=0 -fdiagnostics-show-note-include-stack -fmacro-backtrace-limit\=0 -fno-color-diagnostics -fmodules-prune-interval\=86400 -fmodules-prune-after\=345600 -fbuild-session-file\=/Users/sparkles/Library/Developer/Xcode/DerivedData/ModuleCache.noindex/Session.modulevalidation -fmodules-validate-once-per-build-session -Wnon-modular-include-in-framework-module -Werror\=non-modular-include-in-framework-module -Wno-trigraphs -Wno-missing-field-initializers -Wno-missing-prototypes -Werror\=return-type -Wdocumentation -Wunreachable-code -Wno-implicit-atomic-properties -Werror\=deprecated-objc-isa-usage -Wno-objc-interface-ivars -Werror\=objc-root-class -Wno-arc-repeated-use-of-weak -Wimplicit-retain-self -Wno-non-virtual-dtor -Wno-overloaded-virtual -Wno-exit-time-destructors -Wduplicate-method-match -Wno-missing-braces -Wparentheses -Wswitch -Wunused-function -Wno-unused-label -Wno-unused-parameter -Wunused-variable -Wunused-value -Wempty-body -Wuninitialized -Wconditional-uninitialized -Wno-unknown-pragmas -Wno-shadow -Wno-four-char-constants -Wno-conversion -Wconstant-conversion -Wint-conversion -Wbool-conversion -Wenum-conversion -Wno-float-conversion -Wnon-literal-null-conversion -Wobjc-literal-conversion -Wshorten-64-to-32 -Wno-newline-eof -Wno-selector -Wno-strict-selector-match -Wundeclared-selector -Wdeprecated-implementations -Wno-c++11-extensions -Wno-implicit-fallthrough -isysroot /Applications/Xcode.app/Contents/Developer/Platforms/iPhoneSimulator.platform/Developer/SDKs/iPhoneSimulator27.0.sdk -fstrict-aliasing -Wprotocol -Wdeprecated-declarations -Winvalid-offsetof -Wno-sign-conversion -Winfinite-recursion -Wmove -Wcomma -Wblock-capture-autoreleasing -Wstrict-prototypes -Wrange-loop-analysis -Wno-semicolon-before-method-body -Wunguarded-availability -index-store-path /Users/sparkles/Library/Developer/Xcode/DerivedData/Expensio-futtgngxcysvvhcljmosbeftqmyc/Index.noindex/DataStore @/Users/sparkles/Library/Developer/Xcode/DerivedData/Expensio-futtgngxcysvvhcljmosbeftqmyc/Build/Intermediates.noindex/Pods.build/Debug-iphonesimulator/RNSVG.build/Objects-normal/x86_64/af3fcb34312c57c0f52879cdce924b91-common-args.resp -DRCT_NEW_ARCH_ENABLED\=1 -include /Users/sparkles/Documents/CodingFiles/FullStack/expensioApp/frontend/ios/Pods/Target\ Support\ Files/RNSVG/RNSVG-prefix.pch -MMD -MT dependencies -MF /Users/sparkles/Library/Developer/Xcode/DerivedData/Expensio-futtgngxcysvvhcljmosbeftqmyc/Build/Intermediates.noindex/Pods.build/Debug-iphonesimulator/RNSVG.build/Objects-normal/x86_64/RNSVGForeignObject.d --serialize-diagnostics /Users/sparkles/Library/Developer/Xcode/DerivedData/Expensio-futtgngxcysvvhcljmosbeftqmyc/Build/Intermediates.noindex/Pods.build/Debug-iphonesimulator/RNSVG.build/Objects-normal/x86_64/RNSVGForeignObject.dia -c /Users/sparkles/Documents/CodingFiles/FullStack/expensioApp/frontend/node_modules/react-native-svg/apple/Elements/RNSVGForeignObject.mm -o /Users/sparkles/Library/Developer/Xcode/DerivedData/Expensio-futtgngxcysvvhcljmosbeftqmyc/Build/Intermediates.noindex/Pods.build/Debug-iphonesimulator/RNSVG.build/Objects-normal/x86_64/RNSVGForeignObject.o -index-unit-output-path /Pods.build/Debug-iphonesimulator/RNSVG.build/Objects-normal/x86_64/RNSVGForeignObject.o
/Users/sparkles/Documents/CodingFiles/FullStack/expensioApp/frontend/node_modules/react-native-svg/apple/Elements/RNSVGForeignObject.mm:71:1: warning: method possibly missing a [super updateProps:oldProps:] call [-Wobjc-missing-super-calls]
   71 | }
      | ^
In file included from /Users/sparkles/Documents/CodingFiles/FullStack/expensioApp/frontend/node_modules/react-native-svg/apple/Elements/RNSVGForeignObject.mm:18:
/Users/sparkles/Documents/CodingFiles/FullStack/expensioApp/frontend/node_modules/react-native-svg/apple/Utils/RNSVGFabricConversions.h:246:19: warning: unused function 'intToRNSVGVBMOS' [-Wunused-function]
  246 | static RNSVGVBMOS intToRNSVGVBMOS(int value)
      |                   ^~~~~~~~~~~~~~~
2 warnings generated.

CompileC /Users/sparkles/Library/Developer/Xcode/DerivedData/Expensio-futtgngxcysvvhcljmosbeftqmyc/Build/Intermediates.noindex/Pods.build/Debug-iphonesimulator/RNSVG.build/Objects-normal/x86_64/RNSVGFontData.o /Users/sparkles/Documents/CodingFiles/FullStack/expensioApp/frontend/node_modules/react-native-svg/apple/Text/RNSVGFontData.mm normal x86_64 objective-c++ com.apple.compilers.llvm.clang.1_0.compiler (in target 'RNSVG' from project 'Pods')
    cd /Users/sparkles/Documents/CodingFiles/FullStack/expensioApp/frontend/ios/Pods
    
    Using response file: /Users/sparkles/Library/Developer/Xcode/DerivedData/Expensio-futtgngxcysvvhcljmosbeftqmyc/Build/Intermediates.noindex/Pods.build/Debug-iphonesimulator/RNSVG.build/Objects-normal/x86_64/af3fcb34312c57c0f52879cdce924b91-common-args.resp
    
    /Applications/Xcode.app/Contents/Developer/Toolchains/XcodeDefault.xctoolchain/usr/bin/clang -x objective-c++ -ivfsstatcache /Users/sparkles/Library/Developer/Xcode/DerivedData/SDKStatCaches.noindex/iphonesimulator27.0-24A430-8dc58220667be655e1bcc261a7455254.sdkstatcache -target x86_64-apple-ios17.0-simulator -fmessage-length\=0 -fdiagnostics-show-note-include-stack -fmacro-backtrace-limit\=0 -fno-color-diagnostics -fmodules-prune-interval\=86400 -fmodules-prune-after\=345600 -fbuild-session-file\=/Users/sparkles/Library/Developer/Xcode/DerivedData/ModuleCache.noindex/Session.modulevalidation -fmodules-validate-once-per-build-session -Wnon-modular-include-in-framework-module -Werror\=non-modular-include-in-framework-module -Wno-trigraphs -Wno-missing-field-initializers -Wno-missing-prototypes -Werror\=return-type -Wdocumentation -Wunreachable-code -Wno-implicit-atomic-properties -Werror\=deprecated-objc-isa-usage -Wno-objc-interface-ivars -Werror\=objc-root-class -Wno-arc-repeated-use-of-weak -Wimplicit-retain-self -Wno-non-virtual-dtor -Wno-overloaded-virtual -Wno-exit-time-destructors -Wduplicate-method-match -Wno-missing-braces -Wparentheses -Wswitch -Wunused-function -Wno-unused-label -Wno-unused-parameter -Wunused-variable -Wunused-value -Wempty-body -Wuninitialized -Wconditional-uninitialized -Wno-unknown-pragmas -Wno-shadow -Wno-four-char-constants -Wno-conversion -Wconstant-conversion -Wint-conversion -Wbool-conversion -Wenum-conversion -Wno-float-conversion -Wnon-literal-null-conversion -Wobjc-literal-conversion -Wshorten-64-to-32 -Wno-newline-eof -Wno-selector -Wno-strict-selector-match -Wundeclared-selector -Wdeprecated-implementations -Wno-c++11-extensions -Wno-implicit-fallthrough -isysroot /Applications/Xcode.app/Contents/Developer/Platforms/iPhoneSimulator.platform/Developer/SDKs/iPhoneSimulator27.0.sdk -fstrict-aliasing -Wprotocol -Wdeprecated-declarations -Winvalid-offsetof -Wno-sign-conversion -Winfinite-recursion -Wmove -Wcomma -Wblock-capture-autoreleasing -Wstrict-prototypes -Wrange-loop-analysis -Wno-semicolon-before-method-body -Wunguarded-availability -index-store-path /Users/sparkles/Library/Developer/Xcode/DerivedData/Expensio-futtgngxcysvvhcljmosbeftqmyc/Index.noindex/DataStore @/Users/sparkles/Library/Developer/Xcode/DerivedData/Expensio-futtgngxcysvvhcljmosbeftqmyc/Build/Intermediates.noindex/Pods.build/Debug-iphonesimulator/RNSVG.build/Objects-normal/x86_64/af3fcb34312c57c0f52879cdce924b91-common-args.resp -DRCT_NEW_ARCH_ENABLED\=1 -include /Users/sparkles/Documents/CodingFiles/FullStack/expensioApp/frontend/ios/Pods/Target\ Support\ Files/RNSVG/RNSVG-prefix.pch -MMD -MT dependencies -MF /Users/sparkles/Library/Developer/Xcode/DerivedData/Expensio-futtgngxcysvvhcljmosbeftqmyc/Build/Intermediates.noindex/Pods.build/Debug-iphonesimulator/RNSVG.build/Objects-normal/x86_64/RNSVGFontData.d --serialize-diagnostics /Users/sparkles/Library/Developer/Xcode/DerivedData/Expensio-futtgngxcysvvhcljmosbeftqmyc/Build/Intermediates.noindex/Pods.build/Debug-iphonesimulator/RNSVG.build/Objects-normal/x86_64/RNSVGFontData.dia -c /Users/sparkles/Documents/CodingFiles/FullStack/expensioApp/frontend/node_modules/react-native-svg/apple/Text/RNSVGFontData.mm -o /Users/sparkles/Library/Developer/Xcode/DerivedData/Expensio-futtgngxcysvvhcljmosbeftqmyc/Build/Intermediates.noindex/Pods.build/Debug-iphonesimulator/RNSVG.build/Objects-normal/x86_64/RNSVGFontData.o -index-unit-output-path /Pods.build/Debug-iphonesimulator/RNSVG.build/Objects-normal/x86_64/RNSVGFontData.o

CompileC /Users/sparkles/Library/Developer/Xcode/DerivedData/Expensio-futtgngxcysvvhcljmosbeftqmyc/Build/Intermediates.noindex/Pods.build/Debug-iphonesimulator/RNSVG.build/Objects-normal/x86_64/RNSVGFilterRegion.o /Users/sparkles/Documents/CodingFiles/FullStack/expensioApp/frontend/node_modules/react-native-svg/apple/Filters/RNSVGFilterRegion.mm normal x86_64 objective-c++ com.apple.compilers.llvm.clang.1_0.compiler (in target 'RNSVG' from project 'Pods')
    cd /Users/sparkles/Documents/CodingFiles/FullStack/expensioApp/frontend/ios/Pods
    
    Using response file: /Users/sparkles/Library/Developer/Xcode/DerivedData/Expensio-futtgngxcysvvhcljmosbeftqmyc/Build/Intermediates.noindex/Pods.build/Debug-iphonesimulator/RNSVG.build/Objects-normal/x86_64/af3fcb34312c57c0f52879cdce924b91-common-args.resp
    
    /Applications/Xcode.app/Contents/Developer/Toolchains/XcodeDefault.xctoolchain/usr/bin/clang -x objective-c++ -ivfsstatcache /Users/sparkles/Library/Developer/Xcode/DerivedData/SDKStatCaches.noindex/iphonesimulator27.0-24A430-8dc58220667be655e1bcc261a7455254.sdkstatcache -target x86_64-apple-ios17.0-simulator -fmessage-length\=0 -fdiagnostics-show-note-include-stack -fmacro-backtrace-limit\=0 -fno-color-diagnostics -fmodules-prune-interval\=86400 -fmodules-prune-after\=345600 -fbuild-session-file\=/Users/sparkles/Library/Developer/Xcode/DerivedData/ModuleCache.noindex/Session.modulevalidation -fmodules-validate-once-per-build-session -Wnon-modular-include-in-framework-module -Werror\=non-modular-include-in-framework-module -Wno-trigraphs -Wno-missing-field-initializers -Wno-missing-prototypes -Werror\=return-type -Wdocumentation -Wunreachable-code -Wno-implicit-atomic-properties -Werror\=deprecated-objc-isa-usage -Wno-objc-interface-ivars -Werror\=objc-root-class -Wno-arc-repeated-use-of-weak -Wimplicit-retain-self -Wno-non-virtual-dtor -Wno-overloaded-virtual -Wno-exit-time-destructors -Wduplicate-method-match -Wno-missing-braces -Wparentheses -Wswitch -Wunused-function -Wno-unused-label -Wno-unused-parameter -Wunused-variable -Wunused-value -Wempty-body -Wuninitialized -Wconditional-uninitialized -Wno-unknown-pragmas -Wno-shadow -Wno-four-char-constants -Wno-conversion -Wconstant-conversion -Wint-conversion -Wbool-conversion -Wenum-conversion -Wno-float-conversion -Wnon-literal-null-conversion -Wobjc-literal-conversion -Wshorten-64-to-32 -Wno-newline-eof -Wno-selector -Wno-strict-selector-match -Wundeclared-selector -Wdeprecated-implementations -Wno-c++11-extensions -Wno-implicit-fallthrough -isysroot /Applications/Xcode.app/Contents/Developer/Platforms/iPhoneSimulator.platform/Developer/SDKs/iPhoneSimulator27.0.sdk -fstrict-aliasing -Wprotocol -Wdeprecated-declarations -Winvalid-offsetof -Wno-sign-conversion -Winfinite-recursion -Wmove -Wcomma -Wblock-capture-autoreleasing -Wstrict-prototypes -Wrange-loop-analysis -Wno-semicolon-before-method-body -Wunguarded-availability -index-store-path /Users/sparkles/Library/Developer/Xcode/DerivedData/Expensio-futtgngxcysvvhcljmosbeftqmyc/Index.noindex/DataStore @/Users/sparkles/Library/Developer/Xcode/DerivedData/Expensio-futtgngxcysvvhcljmosbeftqmyc/Build/Intermediates.noindex/Pods.build/Debug-iphonesimulator/RNSVG.build/Objects-normal/x86_64/af3fcb34312c57c0f52879cdce924b91-common-args.resp -DRCT_NEW_ARCH_ENABLED\=1 -include /Users/sparkles/Documents/CodingFiles/FullStack/expensioApp/frontend/ios/Pods/Target\ Support\ Files/RNSVG/RNSVG-prefix.pch -MMD -MT dependencies -MF /Users/sparkles/Library/Developer/Xcode/DerivedData/Expensio-futtgngxcysvvhcljmosbeftqmyc/Build/Intermediates.noindex/Pods.build/Debug-iphonesimulator/RNSVG.build/Objects-normal/x86_64/RNSVGFilterRegion.d --serialize-diagnostics /Users/sparkles/Library/Developer/Xcode/DerivedData/Expensio-futtgngxcysvvhcljmosbeftqmyc/Build/Intermediates.noindex/Pods.build/Debug-iphonesimulator/RNSVG.build/Objects-normal/x86_64/RNSVGFilterRegion.dia -c /Users/sparkles/Documents/CodingFiles/FullStack/expensioApp/frontend/node_modules/react-native-svg/apple/Filters/RNSVGFilterRegion.mm -o /Users/sparkles/Library/Developer/Xcode/DerivedData/Expensio-futtgngxcysvvhcljmosbeftqmyc/Build/Intermediates.noindex/Pods.build/Debug-iphonesimulator/RNSVG.build/Objects-normal/x86_64/RNSVGFilterRegion.o -index-unit-output-path /Pods.build/Debug-iphonesimulator/RNSVG.build/Objects-normal/x86_64/RNSVGFilterRegion.o

CompileC /Users/sparkles/Library/Developer/Xcode/DerivedData/Expensio-futtgngxcysvvhcljmosbeftqmyc/Build/Intermediates.noindex/Pods.build/Debug-iphonesimulator/RNSVG.build/Objects-normal/x86_64/RNSVGFilterPrimitiveManager.o /Users/sparkles/Documents/CodingFiles/FullStack/expensioApp/frontend/node_modules/react-native-svg/apple/ViewManagers/RNSVGFilterPrimitiveManager.mm normal x86_64 objective-c++ com.apple.compilers.llvm.clang.1_0.compiler (in target 'RNSVG' from project 'Pods')
    cd /Users/sparkles/Documents/CodingFiles/FullStack/expensioApp/frontend/ios/Pods
    
    Using response file: /Users/sparkles/Library/Developer/Xcode/DerivedData/Expensio-futtgngxcysvvhcljmosbeftqmyc/Build/Intermediates.noindex/Pods.build/Debug-iphonesimulator/RNSVG.build/Objects-normal/x86_64/af3fcb34312c57c0f52879cdce924b91-common-args.resp
    
    /Applications/Xcode.app/Contents/Developer/Toolchains/XcodeDefault.xctoolchain/usr/bin/clang -x objective-c++ -ivfsstatcache /Users/sparkles/Library/Developer/Xcode/DerivedData/SDKStatCaches.noindex/iphonesimulator27.0-24A430-8dc58220667be655e1bcc261a7455254.sdkstatcache -target x86_64-apple-ios17.0-simulator -fmessage-length\=0 -fdiagnostics-show-note-include-stack -fmacro-backtrace-limit\=0 -fno-color-diagnostics -fmodules-prune-interval\=86400 -fmodules-prune-after\=345600 -fbuild-session-file\=/Users/sparkles/Library/Developer/Xcode/DerivedData/ModuleCache.noindex/Session.modulevalidation -fmodules-validate-once-per-build-session -Wnon-modular-include-in-framework-module -Werror\=non-modular-include-in-framework-module -Wno-trigraphs -Wno-missing-field-initializers -Wno-missing-prototypes -Werror\=return-type -Wdocumentation -Wunreachable-code -Wno-implicit-atomic-properties -Werror\=deprecated-objc-isa-usage -Wno-objc-interface-ivars -Werror\=objc-root-class -Wno-arc-repeated-use-of-weak -Wimplicit-retain-self -Wno-non-virtual-dtor -Wno-overloaded-virtual -Wno-exit-time-destructors -Wduplicate-method-match -Wno-missing-braces -Wparentheses -Wswitch -Wunused-function -Wno-unused-label -Wno-unused-parameter -Wunused-variable -Wunused-value -Wempty-body -Wuninitialized -Wconditional-uninitialized -Wno-unknown-pragmas -Wno-shadow -Wno-four-char-constants -Wno-conversion -Wconstant-conversion -Wint-conversion -Wbool-conversion -Wenum-conversion -Wno-float-conversion -Wnon-literal-null-conversion -Wobjc-literal-conversion -Wshorten-64-to-32 -Wno-newline-eof -Wno-selector -Wno-strict-selector-match -Wundeclared-selector -Wdeprecated-implementations -Wno-c++11-extensions -Wno-implicit-fallthrough -isysroot /Applications/Xcode.app/Contents/Developer/Platforms/iPhoneSimulator.platform/Developer/SDKs/iPhoneSimulator27.0.sdk -fstrict-aliasing -Wprotocol -Wdeprecated-declarations -Winvalid-offsetof -Wno-sign-conversion -Winfinite-recursion -Wmove -Wcomma -Wblock-capture-autoreleasing -Wstrict-prototypes -Wrange-loop-analysis -Wno-semicolon-before-method-body -Wunguarded-availability -index-store-path /Users/sparkles/Library/Developer/Xcode/DerivedData/Expensio-futtgngxcysvvhcljmosbeftqmyc/Index.noindex/DataStore @/Users/sparkles/Library/Developer/Xcode/DerivedData/Expensio-futtgngxcysvvhcljmosbeftqmyc/Build/Intermediates.noindex/Pods.build/Debug-iphonesimulator/RNSVG.build/Objects-normal/x86_64/af3fcb34312c57c0f52879cdce924b91-common-args.resp -DRCT_NEW_ARCH_ENABLED\=1 -include /Users/sparkles/Documents/CodingFiles/FullStack/expensioApp/frontend/ios/Pods/Target\ Support\ Files/RNSVG/RNSVG-prefix.pch -MMD -MT dependencies -MF /Users/sparkles/Library/Developer/Xcode/DerivedData/Expensio-futtgngxcysvvhcljmosbeftqmyc/Build/Intermediates.noindex/Pods.build/Debug-iphonesimulator/RNSVG.build/Objects-normal/x86_64/RNSVGFilterPrimitiveManager.d --serialize-diagnostics /Users/sparkles/Library/Developer/Xcode/DerivedData/Expensio-futtgngxcysvvhcljmosbeftqmyc/Build/Intermediates.noindex/Pods.build/Debug-iphonesimulator/RNSVG.build/Objects-normal/x86_64/RNSVGFilterPrimitiveManager.dia -c /Users/sparkles/Documents/CodingFiles/FullStack/expensioApp/frontend/node_modules/react-native-svg/apple/ViewManagers/RNSVGFilterPrimitiveManager.mm -o /Users/sparkles/Library/Developer/Xcode/DerivedData/Expensio-futtgngxcysvvhcljmosbeftqmyc/Build/Intermediates.noindex/Pods.build/Debug-iphonesimulator/RNSVG.build/Objects-normal/x86_64/RNSVGFilterPrimitiveManager.o -index-unit-output-path /Pods.build/Debug-iphonesimulator/RNSVG.build/Objects-normal/x86_64/RNSVGFilterPrimitiveManager.o

CompileC /Users/sparkles/Library/Developer/Xcode/DerivedData/Expensio-futtgngxcysvvhcljmosbeftqmyc/Build/Intermediates.noindex/Pods.build/Debug-iphonesimulator/RNSVG.build/Objects-normal/x86_64/RNSVGFilterPrimitive.o /Users/sparkles/Documents/CodingFiles/FullStack/expensioApp/frontend/node_modules/react-native-svg/apple/Filters/RNSVGFilterPrimitive.mm normal x86_64 objective-c++ com.apple.compilers.llvm.clang.1_0.compiler (in target 'RNSVG' from project 'Pods')
    cd /Users/sparkles/Documents/CodingFiles/FullStack/expensioApp/frontend/ios/Pods
    
    Using response file: /Users/sparkles/Library/Developer/Xcode/DerivedData/Expensio-futtgngxcysvvhcljmosbeftqmyc/Build/Intermediates.noindex/Pods.build/Debug-iphonesimulator/RNSVG.build/Objects-normal/x86_64/af3fcb34312c57c0f52879cdce924b91-common-args.resp
    
    /Applications/Xcode.app/Contents/Developer/Toolchains/XcodeDefault.xctoolchain/usr/bin/clang -x objective-c++ -ivfsstatcache /Users/sparkles/Library/Developer/Xcode/DerivedData/SDKStatCaches.noindex/iphonesimulator27.0-24A430-8dc58220667be655e1bcc261a7455254.sdkstatcache -target x86_64-apple-ios17.0-simulator -fmessage-length\=0 -fdiagnostics-show-note-include-stack -fmacro-backtrace-limit\=0 -fno-color-diagnostics -fmodules-prune-interval\=86400 -fmodules-prune-after\=345600 -fbuild-session-file\=/Users/sparkles/Library/Developer/Xcode/DerivedData/ModuleCache.noindex/Session.modulevalidation -fmodules-validate-once-per-build-session -Wnon-modular-include-in-framework-module -Werror\=non-modular-include-in-framework-module -Wno-trigraphs -Wno-missing-field-initializers -Wno-missing-prototypes -Werror\=return-type -Wdocumentation -Wunreachable-code -Wno-implicit-atomic-properties -Werror\=deprecated-objc-isa-usage -Wno-objc-interface-ivars -Werror\=objc-root-class -Wno-arc-repeated-use-of-weak -Wimplicit-retain-self -Wno-non-virtual-dtor -Wno-overloaded-virtual -Wno-exit-time-destructors -Wduplicate-method-match -Wno-missing-braces -Wparentheses -Wswitch -Wunused-function -Wno-unused-label -Wno-unused-parameter -Wunused-variable -Wunused-value -Wempty-body -Wuninitialized -Wconditional-uninitialized -Wno-unknown-pragmas -Wno-shadow -Wno-four-char-constants -Wno-conversion -Wconstant-conversion -Wint-conversion -Wbool-conversion -Wenum-conversion -Wno-float-conversion -Wnon-literal-null-conversion -Wobjc-literal-conversion -Wshorten-64-to-32 -Wno-newline-eof -Wno-selector -Wno-strict-selector-match -Wundeclared-selector -Wdeprecated-implementations -Wno-c++11-extensions -Wno-implicit-fallthrough -isysroot /Applications/Xcode.app/Contents/Developer/Platforms/iPhoneSimulator.platform/Developer/SDKs/iPhoneSimulator27.0.sdk -fstrict-aliasing -Wprotocol -Wdeprecated-declarations -Winvalid-offsetof -Wno-sign-conversion -Winfinite-recursion -Wmove -Wcomma -Wblock-capture-autoreleasing -Wstrict-prototypes -Wrange-loop-analysis -Wno-semicolon-before-method-body -Wunguarded-availability -index-store-path /Users/sparkles/Library/Developer/Xcode/DerivedData/Expensio-futtgngxcysvvhcljmosbeftqmyc/Index.noindex/DataStore @/Users/sparkles/Library/Developer/Xcode/DerivedData/Expensio-futtgngxcysvvhcljmosbeftqmyc/Build/Intermediates.noindex/Pods.build/Debug-iphonesimulator/RNSVG.build/Objects-normal/x86_64/af3fcb34312c57c0f52879cdce924b91-common-args.resp -DRCT_NEW_ARCH_ENABLED\=1 -include /Users/sparkles/Documents/CodingFiles/FullStack/expensioApp/frontend/ios/Pods/Target\ Support\ Files/RNSVG/RNSVG-prefix.pch -MMD -MT dependencies -MF /Users/sparkles/Library/Developer/Xcode/DerivedData/Expensio-futtgngxcysvvhcljmosbeftqmyc/Build/Intermediates.noindex/Pods.build/Debug-iphonesimulator/RNSVG.build/Objects-normal/x86_64/RNSVGFilterPrimitive.d --serialize-diagnostics /Users/sparkles/Library/Developer/Xcode/DerivedData/Expensio-futtgngxcysvvhcljmosbeftqmyc/Build/Intermediates.noindex/Pods.build/Debug-iphonesimulator/RNSVG.build/Objects-normal/x86_64/RNSVGFilterPrimitive.dia -c /Users/sparkles/Documents/CodingFiles/FullStack/expensioApp/frontend/node_modules/react-native-svg/apple/Filters/RNSVGFilterPrimitive.mm -o /Users/sparkles/Library/Developer/Xcode/DerivedData/Expensio-futtgngxcysvvhcljmosbeftqmyc/Build/Intermediates.noindex/Pods.build/Debug-iphonesimulator/RNSVG.build/Objects-normal/x86_64/RNSVGFilterPrimitive.o -index-unit-output-path /Pods.build/Debug-iphonesimulator/RNSVG.build/Objects-normal/x86_64/RNSVGFilterPrimitive.o
In file included from /Users/sparkles/Documents/CodingFiles/FullStack/expensioApp/frontend/node_modules/react-native-svg/apple/Filters/RNSVGFilterPrimitive.mm:10:
/Users/sparkles/Documents/CodingFiles/FullStack/expensioApp/frontend/node_modules/react-native-svg/apple/Utils/RNSVGFabricConversions.h:17:11: warning: 'static' function 'RNSVGConvertFollyDynamicToId' declared in header file should be declared 'static inline' [-Wunneeded-internal-declaration]
   17 | static id RNSVGConvertFollyDynamicToId(const folly::dynamic &dyn)
      |           ^~~~~~~~~~~~~~~~~~~~~~~~~~~~
/Users/sparkles/Documents/CodingFiles/FullStack/expensioApp/frontend/node_modules/react-native-svg/apple/Utils/RNSVGFabricConversions.h:246:19: warning: unused function 'intToRNSVGVBMOS' [-Wunused-function]
  246 | static RNSVGVBMOS intToRNSVGVBMOS(int value)
      |                   ^~~~~~~~~~~~~~~
2 warnings generated.

CompileC /Users/sparkles/Library/Developer/Xcode/DerivedData/Expensio-futtgngxcysvvhcljmosbeftqmyc/Build/Intermediates.noindex/Pods.build/Debug-iphonesimulator/RNSVG.build/Objects-normal/x86_64/RNSVGFilterManager.o /Users/sparkles/Documents/CodingFiles/FullStack/expensioApp/frontend/node_modules/react-native-svg/apple/ViewManagers/RNSVGFilterManager.mm normal x86_64 objective-c++ com.apple.compilers.llvm.clang.1_0.compiler (in target 'RNSVG' from project 'Pods')
    cd /Users/sparkles/Documents/CodingFiles/FullStack/expensioApp/frontend/ios/Pods
    
    Using response file: /Users/sparkles/Library/Developer/Xcode/DerivedData/Expensio-futtgngxcysvvhcljmosbeftqmyc/Build/Intermediates.noindex/Pods.build/Debug-iphonesimulator/RNSVG.build/Objects-normal/x86_64/af3fcb34312c57c0f52879cdce924b91-common-args.resp
    
    /Applications/Xcode.app/Contents/Developer/Toolchains/XcodeDefault.xctoolchain/usr/bin/clang -x objective-c++ -ivfsstatcache /Users/sparkles/Library/Developer/Xcode/DerivedData/SDKStatCaches.noindex/iphonesimulator27.0-24A430-8dc58220667be655e1bcc261a7455254.sdkstatcache -target x86_64-apple-ios17.0-simulator -fmessage-length\=0 -fdiagnostics-show-note-include-stack -fmacro-backtrace-limit\=0 -fno-color-diagnostics -fmodules-prune-interval\=86400 -fmodules-prune-after\=345600 -fbuild-session-file\=/Users/sparkles/Library/Developer/Xcode/DerivedData/ModuleCache.noindex/Session.modulevalidation -fmodules-validate-once-per-build-session -Wnon-modular-include-in-framework-module -Werror\=non-modular-include-in-framework-module -Wno-trigraphs -Wno-missing-field-initializers -Wno-missing-prototypes -Werror\=return-type -Wdocumentation -Wunreachable-code -Wno-implicit-atomic-properties -Werror\=deprecated-objc-isa-usage -Wno-objc-interface-ivars -Werror\=objc-root-class -Wno-arc-repeated-use-of-weak -Wimplicit-retain-self -Wno-non-virtual-dtor -Wno-overloaded-virtual -Wno-exit-time-destructors -Wduplicate-method-match -Wno-missing-braces -Wparentheses -Wswitch -Wunused-function -Wno-unused-label -Wno-unused-parameter -Wunused-variable -Wunused-value -Wempty-body -Wuninitialized -Wconditional-uninitialized -Wno-unknown-pragmas -Wno-shadow -Wno-four-char-constants -Wno-conversion -Wconstant-conversion -Wint-conversion -Wbool-conversion -Wenum-conversion -Wno-float-conversion -Wnon-literal-null-conversion -Wobjc-literal-conversion -Wshorten-64-to-32 -Wno-newline-eof -Wno-selector -Wno-strict-selector-match -Wundeclared-selector -Wdeprecated-implementations -Wno-c++11-extensions -Wno-implicit-fallthrough -isysroot /Applications/Xcode.app/Contents/Developer/Platforms/iPhoneSimulator.platform/Developer/SDKs/iPhoneSimulator27.0.sdk -fstrict-aliasing -Wprotocol -Wdeprecated-declarations -Winvalid-offsetof -Wno-sign-conversion -Winfinite-recursion -Wmove -Wcomma -Wblock-capture-autoreleasing -Wstrict-prototypes -Wrange-loop-analysis -Wno-semicolon-before-method-body -Wunguarded-availability -index-store-path /Users/sparkles/Library/Developer/Xcode/DerivedData/Expensio-futtgngxcysvvhcljmosbeftqmyc/Index.noindex/DataStore @/Users/sparkles/Library/Developer/Xcode/DerivedData/Expensio-futtgngxcysvvhcljmosbeftqmyc/Build/Intermediates.noindex/Pods.build/Debug-iphonesimulator/RNSVG.build/Objects-normal/x86_64/af3fcb34312c57c0f52879cdce924b91-common-args.resp -DRCT_NEW_ARCH_ENABLED\=1 -include /Users/sparkles/Documents/CodingFiles/FullStack/expensioApp/frontend/ios/Pods/Target\ Support\ Files/RNSVG/RNSVG-prefix.pch -MMD -MT dependencies -MF /Users/sparkles/Library/Developer/Xcode/DerivedData/Expensio-futtgngxcysvvhcljmosbeftqmyc/Build/Intermediates.noindex/Pods.build/Debug-iphonesimulator/RNSVG.build/Objects-normal/x86_64/RNSVGFilterManager.d --serialize-diagnostics /Users/sparkles/Library/Developer/Xcode/DerivedData/Expensio-futtgngxcysvvhcljmosbeftqmyc/Build/Intermediates.noindex/Pods.build/Debug-iphonesimulator/RNSVG.build/Objects-normal/x86_64/RNSVGFilterManager.dia -c /Users/sparkles/Documents/CodingFiles/FullStack/expensioApp/frontend/node_modules/react-native-svg/apple/ViewManagers/RNSVGFilterManager.mm -o /Users/sparkles/Library/Developer/Xcode/DerivedData/Expensio-futtgngxcysvvhcljmosbeftqmyc/Build/Intermediates.noindex/Pods.build/Debug-iphonesimulator/RNSVG.build/Objects-normal/x86_64/RNSVGFilterManager.o -index-unit-output-path /Pods.build/Debug-iphonesimulator/RNSVG.build/Objects-normal/x86_64/RNSVGFilterManager.o

CompileC /Users/sparkles/Library/Developer/Xcode/DerivedData/Expensio-futtgngxcysvvhcljmosbeftqmyc/Build/Intermediates.noindex/Pods.build/Debug-iphonesimulator/RNSVG.build/Objects-normal/x86_64/RNSVGFilter.o /Users/sparkles/Documents/CodingFiles/FullStack/expensioApp/frontend/node_modules/react-native-svg/apple/Filters/RNSVGFilter.mm normal x86_64 objective-c++ com.apple.compilers.llvm.clang.1_0.compiler (in target 'RNSVG' from project 'Pods')
    cd /Users/sparkles/Documents/CodingFiles/FullStack/expensioApp/frontend/ios/Pods
    
    Using response file: /Users/sparkles/Library/Developer/Xcode/DerivedData/Expensio-futtgngxcysvvhcljmosbeftqmyc/Build/Intermediates.noindex/Pods.build/Debug-iphonesimulator/RNSVG.build/Objects-normal/x86_64/af3fcb34312c57c0f52879cdce924b91-common-args.resp
    
    /Applications/Xcode.app/Contents/Developer/Toolchains/XcodeDefault.xctoolchain/usr/bin/clang -x objective-c++ -ivfsstatcache /Users/sparkles/Library/Developer/Xcode/DerivedData/SDKStatCaches.noindex/iphonesimulator27.0-24A430-8dc58220667be655e1bcc261a7455254.sdkstatcache -target x86_64-apple-ios17.0-simulator -fmessage-length\=0 -fdiagnostics-show-note-include-stack -fmacro-backtrace-limit\=0 -fno-color-diagnostics -fmodules-prune-interval\=86400 -fmodules-prune-after\=345600 -fbuild-session-file\=/Users/sparkles/Library/Developer/Xcode/DerivedData/ModuleCache.noindex/Session.modulevalidation -fmodules-validate-once-per-build-session -Wnon-modular-include-in-framework-module -Werror\=non-modular-include-in-framework-module -Wno-trigraphs -Wno-missing-field-initializers -Wno-missing-prototypes -Werror\=return-type -Wdocumentation -Wunreachable-code -Wno-implicit-atomic-properties -Werror\=deprecated-objc-isa-usage -Wno-objc-interface-ivars -Werror\=objc-root-class -Wno-arc-repeated-use-of-weak -Wimplicit-retain-self -Wno-non-virtual-dtor -Wno-overloaded-virtual -Wno-exit-time-destructors -Wduplicate-method-match -Wno-missing-braces -Wparentheses -Wswitch -Wunused-function -Wno-unused-label -Wno-unused-parameter -Wunused-variable -Wunused-value -Wempty-body -Wuninitialized -Wconditional-uninitialized -Wno-unknown-pragmas -Wno-shadow -Wno-four-char-constants -Wno-conversion -Wconstant-conversion -Wint-conversion -Wbool-conversion -Wenum-conversion -Wno-float-conversion -Wnon-literal-null-conversion -Wobjc-literal-conversion -Wshorten-64-to-32 -Wno-newline-eof -Wno-selector -Wno-strict-selector-match -Wundeclared-selector -Wdeprecated-implementations -Wno-c++11-extensions -Wno-implicit-fallthrough -isysroot /Applications/Xcode.app/Contents/Developer/Platforms/iPhoneSimulator.platform/Developer/SDKs/iPhoneSimulator27.0.sdk -fstrict-aliasing -Wprotocol -Wdeprecated-declarations -Winvalid-offsetof -Wno-sign-conversion -Winfinite-recursion -Wmove -Wcomma -Wblock-capture-autoreleasing -Wstrict-prototypes -Wrange-loop-analysis -Wno-semicolon-before-method-body -Wunguarded-availability -index-store-path /Users/sparkles/Library/Developer/Xcode/DerivedData/Expensio-futtgngxcysvvhcljmosbeftqmyc/Index.noindex/DataStore @/Users/sparkles/Library/Developer/Xcode/DerivedData/Expensio-futtgngxcysvvhcljmosbeftqmyc/Build/Intermediates.noindex/Pods.build/Debug-iphonesimulator/RNSVG.build/Objects-normal/x86_64/af3fcb34312c57c0f52879cdce924b91-common-args.resp -DRCT_NEW_ARCH_ENABLED\=1 -include /Users/sparkles/Documents/CodingFiles/FullStack/expensioApp/frontend/ios/Pods/Target\ Support\ Files/RNSVG/RNSVG-prefix.pch -MMD -MT dependencies -MF /Users/sparkles/Library/Developer/Xcode/DerivedData/Expensio-futtgngxcysvvhcljmosbeftqmyc/Build/Intermediates.noindex/Pods.build/Debug-iphonesimulator/RNSVG.build/Objects-normal/x86_64/RNSVGFilter.d --serialize-diagnostics /Users/sparkles/Library/Developer/Xcode/DerivedData/Expensio-futtgngxcysvvhcljmosbeftqmyc/Build/Intermediates.noindex/Pods.build/Debug-iphonesimulator/RNSVG.build/Objects-normal/x86_64/RNSVGFilter.dia -c /Users/sparkles/Documents/CodingFiles/FullStack/expensioApp/frontend/node_modules/react-native-svg/apple/Filters/RNSVGFilter.mm -o /Users/sparkles/Library/Developer/Xcode/DerivedData/Expensio-futtgngxcysvvhcljmosbeftqmyc/Build/Intermediates.noindex/Pods.build/Debug-iphonesimulator/RNSVG.build/Objects-normal/x86_64/RNSVGFilter.o -index-unit-output-path /Pods.build/Debug-iphonesimulator/RNSVG.build/Objects-normal/x86_64/RNSVGFilter.o
/Users/sparkles/Documents/CodingFiles/FullStack/expensioApp/frontend/node_modules/react-native-svg/apple/Filters/RNSVGFilter.mm:72:1: warning: method possibly missing a [super updateProps:oldProps:] call [-Wobjc-missing-super-calls]
   72 | }
      | ^
In file included from /Users/sparkles/Documents/CodingFiles/FullStack/expensioApp/frontend/node_modules/react-native-svg/apple/Filters/RNSVGFilter.mm:10:
/Users/sparkles/Documents/CodingFiles/FullStack/expensioApp/frontend/node_modules/react-native-svg/apple/Utils/RNSVGFabricConversions.h:246:19: warning: unused function 'intToRNSVGVBMOS' [-Wunused-function]
  246 | static RNSVGVBMOS intToRNSVGVBMOS(int value)
      |                   ^~~~~~~~~~~~~~~
2 warnings generated.

CompileC /Users/sparkles/Library/Developer/Xcode/DerivedData/Expensio-futtgngxcysvvhcljmosbeftqmyc/Build/Intermediates.noindex/Pods.build/Debug-iphonesimulator/RNSVG.build/Objects-normal/x86_64/RNSVGFeOffsetManager.o /Users/sparkles/Documents/CodingFiles/FullStack/expensioApp/frontend/node_modules/react-native-svg/apple/ViewManagers/RNSVGFeOffsetManager.mm normal x86_64 objective-c++ com.apple.compilers.llvm.clang.1_0.compiler (in target 'RNSVG' from project 'Pods')
    cd /Users/sparkles/Documents/CodingFiles/FullStack/expensioApp/frontend/ios/Pods
    
    Using response file: /Users/sparkles/Library/Developer/Xcode/DerivedData/Expensio-futtgngxcysvvhcljmosbeftqmyc/Build/Intermediates.noindex/Pods.build/Debug-iphonesimulator/RNSVG.build/Objects-normal/x86_64/af3fcb34312c57c0f52879cdce924b91-common-args.resp
    
    /Applications/Xcode.app/Contents/Developer/Toolchains/XcodeDefault.xctoolchain/usr/bin/clang -x objective-c++ -ivfsstatcache /Users/sparkles/Library/Developer/Xcode/DerivedData/SDKStatCaches.noindex/iphonesimulator27.0-24A430-8dc58220667be655e1bcc261a7455254.sdkstatcache -target x86_64-apple-ios17.0-simulator -fmessage-length\=0 -fdiagnostics-show-note-include-stack -fmacro-backtrace-limit\=0 -fno-color-diagnostics -fmodules-prune-interval\=86400 -fmodules-prune-after\=345600 -fbuild-session-file\=/Users/sparkles/Library/Developer/Xcode/DerivedData/ModuleCache.noindex/Session.modulevalidation -fmodules-validate-once-per-build-session -Wnon-modular-include-in-framework-module -Werror\=non-modular-include-in-framework-module -Wno-trigraphs -Wno-missing-field-initializers -Wno-missing-prototypes -Werror\=return-type -Wdocumentation -Wunreachable-code -Wno-implicit-atomic-properties -Werror\=deprecated-objc-isa-usage -Wno-objc-interface-ivars -Werror\=objc-root-class -Wno-arc-repeated-use-of-weak -Wimplicit-retain-self -Wno-non-virtual-dtor -Wno-overloaded-virtual -Wno-exit-time-destructors -Wduplicate-method-match -Wno-missing-braces -Wparentheses -Wswitch -Wunused-function -Wno-unused-label -Wno-unused-parameter -Wunused-variable -Wunused-value -Wempty-body -Wuninitialized -Wconditional-uninitialized -Wno-unknown-pragmas -Wno-shadow -Wno-four-char-constants -Wno-conversion -Wconstant-conversion -Wint-conversion -Wbool-conversion -Wenum-conversion -Wno-float-conversion -Wnon-literal-null-conversion -Wobjc-literal-conversion -Wshorten-64-to-32 -Wno-newline-eof -Wno-selector -Wno-strict-selector-match -Wundeclared-selector -Wdeprecated-implementations -Wno-c++11-extensions -Wno-implicit-fallthrough -isysroot /Applications/Xcode.app/Contents/Developer/Platforms/iPhoneSimulator.platform/Developer/SDKs/iPhoneSimulator27.0.sdk -fstrict-aliasing -Wprotocol -Wdeprecated-declarations -Winvalid-offsetof -Wno-sign-conversion -Winfinite-recursion -Wmove -Wcomma -Wblock-capture-autoreleasing -Wstrict-prototypes -Wrange-loop-analysis -Wno-semicolon-before-method-body -Wunguarded-availability -index-store-path /Users/sparkles/Library/Developer/Xcode/DerivedData/Expensio-futtgngxcysvvhcljmosbeftqmyc/Index.noindex/DataStore @/Users/sparkles/Library/Developer/Xcode/DerivedData/Expensio-futtgngxcysvvhcljmosbeftqmyc/Build/Intermediates.noindex/Pods.build/Debug-iphonesimulator/RNSVG.build/Objects-normal/x86_64/af3fcb34312c57c0f52879cdce924b91-common-args.resp -DRCT_NEW_ARCH_ENABLED\=1 -include /Users/sparkles/Documents/CodingFiles/FullStack/expensioApp/frontend/ios/Pods/Target\ Support\ Files/RNSVG/RNSVG-prefix.pch -MMD -MT dependencies -MF /Users/sparkles/Library/Developer/Xcode/DerivedData/Expensio-futtgngxcysvvhcljmosbeftqmyc/Build/Intermediates.noindex/Pods.build/Debug-iphonesimulator/RNSVG.build/Objects-normal/x86_64/RNSVGFeOffsetManager.d --serialize-diagnostics /Users/sparkles/Library/Developer/Xcode/DerivedData/Expensio-futtgngxcysvvhcljmosbeftqmyc/Build/Intermediates.noindex/Pods.build/Debug-iphonesimulator/RNSVG.build/Objects-normal/x86_64/RNSVGFeOffsetManager.dia -c /Users/sparkles/Documents/CodingFiles/FullStack/expensioApp/frontend/node_modules/react-native-svg/apple/ViewManagers/RNSVGFeOffsetManager.mm -o /Users/sparkles/Library/Developer/Xcode/DerivedData/Expensio-futtgngxcysvvhcljmosbeftqmyc/Build/Intermediates.noindex/Pods.build/Debug-iphonesimulator/RNSVG.build/Objects-normal/x86_64/RNSVGFeOffsetManager.o -index-unit-output-path /Pods.build/Debug-iphonesimulator/RNSVG.build/Objects-normal/x86_64/RNSVGFeOffsetManager.o

CompileC /Users/sparkles/Library/Developer/Xcode/DerivedData/Expensio-futtgngxcysvvhcljmosbeftqmyc/Build/Intermediates.noindex/Pods.build/Debug-iphonesimulator/RNSVG.build/Objects-normal/x86_64/RNSVGFeOffset.o /Users/sparkles/Documents/CodingFiles/FullStack/expensioApp/frontend/node_modules/react-native-svg/apple/Filters/RNSVGFeOffset.mm normal x86_64 objective-c++ com.apple.compilers.llvm.clang.1_0.compiler (in target 'RNSVG' from project 'Pods')
    cd /Users/sparkles/Documents/CodingFiles/FullStack/expensioApp/frontend/ios/Pods
    
    Using response file: /Users/sparkles/Library/Developer/Xcode/DerivedData/Expensio-futtgngxcysvvhcljmosbeftqmyc/Build/Intermediates.noindex/Pods.build/Debug-iphonesimulator/RNSVG.build/Objects-normal/x86_64/af3fcb34312c57c0f52879cdce924b91-common-args.resp
    
    /Applications/Xcode.app/Contents/Developer/Toolchains/XcodeDefault.xctoolchain/usr/bin/clang -x objective-c++ -ivfsstatcache /Users/sparkles/Library/Developer/Xcode/DerivedData/SDKStatCaches.noindex/iphonesimulator27.0-24A430-8dc58220667be655e1bcc261a7455254.sdkstatcache -target x86_64-apple-ios17.0-simulator -fmessage-length\=0 -fdiagnostics-show-note-include-stack -fmacro-backtrace-limit\=0 -fno-color-diagnostics -fmodules-prune-interval\=86400 -fmodules-prune-after\=345600 -fbuild-session-file\=/Users/sparkles/Library/Developer/Xcode/DerivedData/ModuleCache.noindex/Session.modulevalidation -fmodules-validate-once-per-build-session -Wnon-modular-include-in-framework-module -Werror\=non-modular-include-in-framework-module -Wno-trigraphs -Wno-missing-field-initializers -Wno-missing-prototypes -Werror\=return-type -Wdocumentation -Wunreachable-code -Wno-implicit-atomic-properties -Werror\=deprecated-objc-isa-usage -Wno-objc-interface-ivars -Werror\=objc-root-class -Wno-arc-repeated-use-of-weak -Wimplicit-retain-self -Wno-non-virtual-dtor -Wno-overloaded-virtual -Wno-exit-time-destructors -Wduplicate-method-match -Wno-missing-braces -Wparentheses -Wswitch -Wunused-function -Wno-unused-label -Wno-unused-parameter -Wunused-variable -Wunused-value -Wempty-body -Wuninitialized -Wconditional-uninitialized -Wno-unknown-pragmas -Wno-shadow -Wno-four-char-constants -Wno-conversion -Wconstant-conversion -Wint-conversion -Wbool-conversion -Wenum-conversion -Wno-float-conversion -Wnon-literal-null-conversion -Wobjc-literal-conversion -Wshorten-64-to-32 -Wno-newline-eof -Wno-selector -Wno-strict-selector-match -Wundeclared-selector -Wdeprecated-implementations -Wno-c++11-extensions -Wno-implicit-fallthrough -isysroot /Applications/Xcode.app/Contents/Developer/Platforms/iPhoneSimulator.platform/Developer/SDKs/iPhoneSimulator27.0.sdk -fstrict-aliasing -Wprotocol -Wdeprecated-declarations -Winvalid-offsetof -Wno-sign-conversion -Winfinite-recursion -Wmove -Wcomma -Wblock-capture-autoreleasing -Wstrict-prototypes -Wrange-loop-analysis -Wno-semicolon-before-method-body -Wunguarded-availability -index-store-path /Users/sparkles/Library/Developer/Xcode/DerivedData/Expensio-futtgngxcysvvhcljmosbeftqmyc/Index.noindex/DataStore @/Users/sparkles/Library/Developer/Xcode/DerivedData/Expensio-futtgngxcysvvhcljmosbeftqmyc/Build/Intermediates.noindex/Pods.build/Debug-iphonesimulator/RNSVG.build/Objects-normal/x86_64/af3fcb34312c57c0f52879cdce924b91-common-args.resp -DRCT_NEW_ARCH_ENABLED\=1 -include /Users/sparkles/Documents/CodingFiles/FullStack/expensioApp/frontend/ios/Pods/Target\ Support\ Files/RNSVG/RNSVG-prefix.pch -MMD -MT dependencies -MF /Users/sparkles/Library/Developer/Xcode/DerivedData/Expensio-futtgngxcysvvhcljmosbeftqmyc/Build/Intermediates.noindex/Pods.build/Debug-iphonesimulator/RNSVG.build/Objects-normal/x86_64/RNSVGFeOffset.d --serialize-diagnostics /Users/sparkles/Library/Developer/Xcode/DerivedData/Expensio-futtgngxcysvvhcljmosbeftqmyc/Build/Intermediates.noindex/Pods.build/Debug-iphonesimulator/RNSVG.build/Objects-normal/x86_64/RNSVGFeOffset.dia -c /Users/sparkles/Documents/CodingFiles/FullStack/expensioApp/frontend/node_modules/react-native-svg/apple/Filters/RNSVGFeOffset.mm -o /Users/sparkles/Library/Developer/Xcode/DerivedData/Expensio-futtgngxcysvvhcljmosbeftqmyc/Build/Intermediates.noindex/Pods.build/Debug-iphonesimulator/RNSVG.build/Objects-normal/x86_64/RNSVGFeOffset.o -index-unit-output-path /Pods.build/Debug-iphonesimulator/RNSVG.build/Objects-normal/x86_64/RNSVGFeOffset.o
/Users/sparkles/Documents/CodingFiles/FullStack/expensioApp/frontend/node_modules/react-native-svg/apple/Filters/RNSVGFeOffset.mm:57:1: warning: method possibly missing a [super updateProps:oldProps:] call [-Wobjc-missing-super-calls]
   57 | }
      | ^
In file included from /Users/sparkles/Documents/CodingFiles/FullStack/expensioApp/frontend/node_modules/react-native-svg/apple/Filters/RNSVGFeOffset.mm:11:
/Users/sparkles/Documents/CodingFiles/FullStack/expensioApp/frontend/node_modules/react-native-svg/apple/Utils/RNSVGFabricConversions.h:246:19: warning: unused function 'intToRNSVGVBMOS' [-Wunused-function]
  246 | static RNSVGVBMOS intToRNSVGVBMOS(int value)
      |                   ^~~~~~~~~~~~~~~
2 warnings generated.

CompileC /Users/sparkles/Library/Developer/Xcode/DerivedData/Expensio-futtgngxcysvvhcljmosbeftqmyc/Build/Intermediates.noindex/Pods.build/Debug-iphonesimulator/RNSVG.build/Objects-normal/x86_64/RNSVGFeMergeManager.o /Users/sparkles/Documents/CodingFiles/FullStack/expensioApp/frontend/node_modules/react-native-svg/apple/ViewManagers/RNSVGFeMergeManager.mm normal x86_64 objective-c++ com.apple.compilers.llvm.clang.1_0.compiler (in target 'RNSVG' from project 'Pods')
    cd /Users/sparkles/Documents/CodingFiles/FullStack/expensioApp/frontend/ios/Pods
    
    Using response file: /Users/sparkles/Library/Developer/Xcode/DerivedData/Expensio-futtgngxcysvvhcljmosbeftqmyc/Build/Intermediates.noindex/Pods.build/Debug-iphonesimulator/RNSVG.build/Objects-normal/x86_64/af3fcb34312c57c0f52879cdce924b91-common-args.resp
    
    /Applications/Xcode.app/Contents/Developer/Toolchains/XcodeDefault.xctoolchain/usr/bin/clang -x objective-c++ -ivfsstatcache /Users/sparkles/Library/Developer/Xcode/DerivedData/SDKStatCaches.noindex/iphonesimulator27.0-24A430-8dc58220667be655e1bcc261a7455254.sdkstatcache -target x86_64-apple-ios17.0-simulator -fmessage-length\=0 -fdiagnostics-show-note-include-stack -fmacro-backtrace-limit\=0 -fno-color-diagnostics -fmodules-prune-interval\=86400 -fmodules-prune-after\=345600 -fbuild-session-file\=/Users/sparkles/Library/Developer/Xcode/DerivedData/ModuleCache.noindex/Session.modulevalidation -fmodules-validate-once-per-build-session -Wnon-modular-include-in-framework-module -Werror\=non-modular-include-in-framework-module -Wno-trigraphs -Wno-missing-field-initializers -Wno-missing-prototypes -Werror\=return-type -Wdocumentation -Wunreachable-code -Wno-implicit-atomic-properties -Werror\=deprecated-objc-isa-usage -Wno-objc-interface-ivars -Werror\=objc-root-class -Wno-arc-repeated-use-of-weak -Wimplicit-retain-self -Wno-non-virtual-dtor -Wno-overloaded-virtual -Wno-exit-time-destructors -Wduplicate-method-match -Wno-missing-braces -Wparentheses -Wswitch -Wunused-function -Wno-unused-label -Wno-unused-parameter -Wunused-variable -Wunused-value -Wempty-body -Wuninitialized -Wconditional-uninitialized -Wno-unknown-pragmas -Wno-shadow -Wno-four-char-constants -Wno-conversion -Wconstant-conversion -Wint-conversion -Wbool-conversion -Wenum-conversion -Wno-float-conversion -Wnon-literal-null-conversion -Wobjc-literal-conversion -Wshorten-64-to-32 -Wno-newline-eof -Wno-selector -Wno-strict-selector-match -Wundeclared-selector -Wdeprecated-implementations -Wno-c++11-extensions -Wno-implicit-fallthrough -isysroot /Applications/Xcode.app/Contents/Developer/Platforms/iPhoneSimulator.platform/Developer/SDKs/iPhoneSimulator27.0.sdk -fstrict-aliasing -Wprotocol -Wdeprecated-declarations -Winvalid-offsetof -Wno-sign-conversion -Winfinite-recursion -Wmove -Wcomma -Wblock-capture-autoreleasing -Wstrict-prototypes -Wrange-loop-analysis -Wno-semicolon-before-method-body -Wunguarded-availability -index-store-path /Users/sparkles/Library/Developer/Xcode/DerivedData/Expensio-futtgngxcysvvhcljmosbeftqmyc/Index.noindex/DataStore @/Users/sparkles/Library/Developer/Xcode/DerivedData/Expensio-futtgngxcysvvhcljmosbeftqmyc/Build/Intermediates.noindex/Pods.build/Debug-iphonesimulator/RNSVG.build/Objects-normal/x86_64/af3fcb34312c57c0f52879cdce924b91-common-args.resp -DRCT_NEW_ARCH_ENABLED\=1 -include /Users/sparkles/Documents/CodingFiles/FullStack/expensioApp/frontend/ios/Pods/Target\ Support\ Files/RNSVG/RNSVG-prefix.pch -MMD -MT dependencies -MF /Users/sparkles/Library/Developer/Xcode/DerivedData/Expensio-futtgngxcysvvhcljmosbeftqmyc/Build/Intermediates.noindex/Pods.build/Debug-iphonesimulator/RNSVG.build/Objects-normal/x86_64/RNSVGFeMergeManager.d --serialize-diagnostics /Users/sparkles/Library/Developer/Xcode/DerivedData/Expensio-futtgngxcysvvhcljmosbeftqmyc/Build/Intermediates.noindex/Pods.build/Debug-iphonesimulator/RNSVG.build/Objects-normal/x86_64/RNSVGFeMergeManager.dia -c /Users/sparkles/Documents/CodingFiles/FullStack/expensioApp/frontend/node_modules/react-native-svg/apple/ViewManagers/RNSVGFeMergeManager.mm -o /Users/sparkles/Library/Developer/Xcode/DerivedData/Expensio-futtgngxcysvvhcljmosbeftqmyc/Build/Intermediates.noindex/Pods.build/Debug-iphonesimulator/RNSVG.build/Objects-normal/x86_64/RNSVGFeMergeManager.o -index-unit-output-path /Pods.build/Debug-iphonesimulator/RNSVG.build/Objects-normal/x86_64/RNSVGFeMergeManager.o

CompileC /Users/sparkles/Library/Developer/Xcode/DerivedData/Expensio-futtgngxcysvvhcljmosbeftqmyc/Build/Intermediates.noindex/Pods.build/Debug-iphonesimulator/RNSVG.build/Objects-normal/x86_64/RNSVGFeMerge.o /Users/sparkles/Documents/CodingFiles/FullStack/expensioApp/frontend/node_modules/react-native-svg/apple/Filters/RNSVGFeMerge.mm normal x86_64 objective-c++ com.apple.compilers.llvm.clang.1_0.compiler (in target 'RNSVG' from project 'Pods')
    cd /Users/sparkles/Documents/CodingFiles/FullStack/expensioApp/frontend/ios/Pods
    
    Using response file: /Users/sparkles/Library/Developer/Xcode/DerivedData/Expensio-futtgngxcysvvhcljmosbeftqmyc/Build/Intermediates.noindex/Pods.build/Debug-iphonesimulator/RNSVG.build/Objects-normal/x86_64/af3fcb34312c57c0f52879cdce924b91-common-args.resp
    
    /Applications/Xcode.app/Contents/Developer/Toolchains/XcodeDefault.xctoolchain/usr/bin/clang -x objective-c++ -ivfsstatcache /Users/sparkles/Library/Developer/Xcode/DerivedData/SDKStatCaches.noindex/iphonesimulator27.0-24A430-8dc58220667be655e1bcc261a7455254.sdkstatcache -target x86_64-apple-ios17.0-simulator -fmessage-length\=0 -fdiagnostics-show-note-include-stack -fmacro-backtrace-limit\=0 -fno-color-diagnostics -fmodules-prune-interval\=86400 -fmodules-prune-after\=345600 -fbuild-session-file\=/Users/sparkles/Library/Developer/Xcode/DerivedData/ModuleCache.noindex/Session.modulevalidation -fmodules-validate-once-per-build-session -Wnon-modular-include-in-framework-module -Werror\=non-modular-include-in-framework-module -Wno-trigraphs -Wno-missing-field-initializers -Wno-missing-prototypes -Werror\=return-type -Wdocumentation -Wunreachable-code -Wno-implicit-atomic-properties -Werror\=deprecated-objc-isa-usage -Wno-objc-interface-ivars -Werror\=objc-root-class -Wno-arc-repeated-use-of-weak -Wimplicit-retain-self -Wno-non-virtual-dtor -Wno-overloaded-virtual -Wno-exit-time-destructors -Wduplicate-method-match -Wno-missing-braces -Wparentheses -Wswitch -Wunused-function -Wno-unused-label -Wno-unused-parameter -Wunused-variable -Wunused-value -Wempty-body -Wuninitialized -Wconditional-uninitialized -Wno-unknown-pragmas -Wno-shadow -Wno-four-char-constants -Wno-conversion -Wconstant-conversion -Wint-conversion -Wbool-conversion -Wenum-conversion -Wno-float-conversion -Wnon-literal-null-conversion -Wobjc-literal-conversion -Wshorten-64-to-32 -Wno-newline-eof -Wno-selector -Wno-strict-selector-match -Wundeclared-selector -Wdeprecated-implementations -Wno-c++11-extensions -Wno-implicit-fallthrough -isysroot /Applications/Xcode.app/Contents/Developer/Platforms/iPhoneSimulator.platform/Developer/SDKs/iPhoneSimulator27.0.sdk -fstrict-aliasing -Wprotocol -Wdeprecated-declarations -Winvalid-offsetof -Wno-sign-conversion -Winfinite-recursion -Wmove -Wcomma -Wblock-capture-autoreleasing -Wstrict-prototypes -Wrange-loop-analysis -Wno-semicolon-before-method-body -Wunguarded-availability -index-store-path /Users/sparkles/Library/Developer/Xcode/DerivedData/Expensio-futtgngxcysvvhcljmosbeftqmyc/Index.noindex/DataStore @/Users/sparkles/Library/Developer/Xcode/DerivedData/Expensio-futtgngxcysvvhcljmosbeftqmyc/Build/Intermediates.noindex/Pods.build/Debug-iphonesimulator/RNSVG.build/Objects-normal/x86_64/af3fcb34312c57c0f52879cdce924b91-common-args.resp -DRCT_NEW_ARCH_ENABLED\=1 -include /Users/sparkles/Documents/CodingFiles/FullStack/expensioApp/frontend/ios/Pods/Target\ Support\ Files/RNSVG/RNSVG-prefix.pch -MMD -MT dependencies -MF /Users/sparkles/Library/Developer/Xcode/DerivedData/Expensio-futtgngxcysvvhcljmosbeftqmyc/Build/Intermediates.noindex/Pods.build/Debug-iphonesimulator/RNSVG.build/Objects-normal/x86_64/RNSVGFeMerge.d --serialize-diagnostics /Users/sparkles/Library/Developer/Xcode/DerivedData/Expensio-futtgngxcysvvhcljmosbeftqmyc/Build/Intermediates.noindex/Pods.build/Debug-iphonesimulator/RNSVG.build/Objects-normal/x86_64/RNSVGFeMerge.dia -c /Users/sparkles/Documents/CodingFiles/FullStack/expensioApp/frontend/node_modules/react-native-svg/apple/Filters/RNSVGFeMerge.mm -o /Users/sparkles/Library/Developer/Xcode/DerivedData/Expensio-futtgngxcysvvhcljmosbeftqmyc/Build/Intermediates.noindex/Pods.build/Debug-iphonesimulator/RNSVG.build/Objects-normal/x86_64/RNSVGFeMerge.o -index-unit-output-path /Pods.build/Debug-iphonesimulator/RNSVG.build/Objects-normal/x86_64/RNSVGFeMerge.o
/Users/sparkles/Documents/CodingFiles/FullStack/expensioApp/frontend/node_modules/react-native-svg/apple/Filters/RNSVGFeMerge.mm:51:1: warning: method possibly missing a [super updateProps:oldProps:] call [-Wobjc-missing-super-calls]
   51 | }
      | ^
In file included from /Users/sparkles/Documents/CodingFiles/FullStack/expensioApp/frontend/node_modules/react-native-svg/apple/Filters/RNSVGFeMerge.mm:8:
/Users/sparkles/Documents/CodingFiles/FullStack/expensioApp/frontend/node_modules/react-native-svg/apple/Utils/RNSVGFabricConversions.h:246:19: warning: unused function 'intToRNSVGVBMOS' [-Wunused-function]
  246 | static RNSVGVBMOS intToRNSVGVBMOS(int value)
      |                   ^~~~~~~~~~~~~~~
2 warnings generated.

CompileC /Users/sparkles/Library/Developer/Xcode/DerivedData/Expensio-futtgngxcysvvhcljmosbeftqmyc/Build/Intermediates.noindex/Pods.build/Debug-iphonesimulator/RNSVG.build/Objects-normal/x86_64/RNSVGFeGaussianBlurManager.o /Users/sparkles/Documents/CodingFiles/FullStack/expensioApp/frontend/node_modules/react-native-svg/apple/ViewManagers/RNSVGFeGaussianBlurManager.mm normal x86_64 objective-c++ com.apple.compilers.llvm.clang.1_0.compiler (in target 'RNSVG' from project 'Pods')
    cd /Users/sparkles/Documents/CodingFiles/FullStack/expensioApp/frontend/ios/Pods
    
    Using response file: /Users/sparkles/Library/Developer/Xcode/DerivedData/Expensio-futtgngxcysvvhcljmosbeftqmyc/Build/Intermediates.noindex/Pods.build/Debug-iphonesimulator/RNSVG.build/Objects-normal/x86_64/af3fcb34312c57c0f52879cdce924b91-common-args.resp
    
    /Applications/Xcode.app/Contents/Developer/Toolchains/XcodeDefault.xctoolchain/usr/bin/clang -x objective-c++ -ivfsstatcache /Users/sparkles/Library/Developer/Xcode/DerivedData/SDKStatCaches.noindex/iphonesimulator27.0-24A430-8dc58220667be655e1bcc261a7455254.sdkstatcache -target x86_64-apple-ios17.0-simulator -fmessage-length\=0 -fdiagnostics-show-note-include-stack -fmacro-backtrace-limit\=0 -fno-color-diagnostics -fmodules-prune-interval\=86400 -fmodules-prune-after\=345600 -fbuild-session-file\=/Users/sparkles/Library/Developer/Xcode/DerivedData/ModuleCache.noindex/Session.modulevalidation -fmodules-validate-once-per-build-session -Wnon-modular-include-in-framework-module -Werror\=non-modular-include-in-framework-module -Wno-trigraphs -Wno-missing-field-initializers -Wno-missing-prototypes -Werror\=return-type -Wdocumentation -Wunreachable-code -Wno-implicit-atomic-properties -Werror\=deprecated-objc-isa-usage -Wno-objc-interface-ivars -Werror\=objc-root-class -Wno-arc-repeated-use-of-weak -Wimplicit-retain-self -Wno-non-virtual-dtor -Wno-overloaded-virtual -Wno-exit-time-destructors -Wduplicate-method-match -Wno-missing-braces -Wparentheses -Wswitch -Wunused-function -Wno-unused-label -Wno-unused-parameter -Wunused-variable -Wunused-value -Wempty-body -Wuninitialized -Wconditional-uninitialized -Wno-unknown-pragmas -Wno-shadow -Wno-four-char-constants -Wno-conversion -Wconstant-conversion -Wint-conversion -Wbool-conversion -Wenum-conversion -Wno-float-conversion -Wnon-literal-null-conversion -Wobjc-literal-conversion -Wshorten-64-to-32 -Wno-newline-eof -Wno-selector -Wno-strict-selector-match -Wundeclared-selector -Wdeprecated-implementations -Wno-c++11-extensions -Wno-implicit-fallthrough -isysroot /Applications/Xcode.app/Contents/Developer/Platforms/iPhoneSimulator.platform/Developer/SDKs/iPhoneSimulator27.0.sdk -fstrict-aliasing -Wprotocol -Wdeprecated-declarations -Winvalid-offsetof -Wno-sign-conversion -Winfinite-recursion -Wmove -Wcomma -Wblock-capture-autoreleasing -Wstrict-prototypes -Wrange-loop-analysis -Wno-semicolon-before-method-body -Wunguarded-availability -index-store-path /Users/sparkles/Library/Developer/Xcode/DerivedData/Expensio-futtgngxcysvvhcljmosbeftqmyc/Index.noindex/DataStore @/Users/sparkles/Library/Developer/Xcode/DerivedData/Expensio-futtgngxcysvvhcljmosbeftqmyc/Build/Intermediates.noindex/Pods.build/Debug-iphonesimulator/RNSVG.build/Objects-normal/x86_64/af3fcb34312c57c0f52879cdce924b91-common-args.resp -DRCT_NEW_ARCH_ENABLED\=1 -include /Users/sparkles/Documents/CodingFiles/FullStack/expensioApp/frontend/ios/Pods/Target\ Support\ Files/RNSVG/RNSVG-prefix.pch -MMD -MT dependencies -MF /Users/sparkles/Library/Developer/Xcode/DerivedData/Expensio-futtgngxcysvvhcljmosbeftqmyc/Build/Intermediates.noindex/Pods.build/Debug-iphonesimulator/RNSVG.build/Objects-normal/x86_64/RNSVGFeGaussianBlurManager.d --serialize-diagnostics /Users/sparkles/Library/Developer/Xcode/DerivedData/Expensio-futtgngxcysvvhcljmosbeftqmyc/Build/Intermediates.noindex/Pods.build/Debug-iphonesimulator/RNSVG.build/Objects-normal/x86_64/RNSVGFeGaussianBlurManager.dia -c /Users/sparkles/Documents/CodingFiles/FullStack/expensioApp/frontend/node_modules/react-native-svg/apple/ViewManagers/RNSVGFeGaussianBlurManager.mm -o /Users/sparkles/Library/Developer/Xcode/DerivedData/Expensio-futtgngxcysvvhcljmosbeftqmyc/Build/Intermediates.noindex/Pods.build/Debug-iphonesimulator/RNSVG.build/Objects-normal/x86_64/RNSVGFeGaussianBlurManager.o -index-unit-output-path /Pods.build/Debug-iphonesimulator/RNSVG.build/Objects-normal/x86_64/RNSVGFeGaussianBlurManager.o

CompileC /Users/sparkles/Library/Developer/Xcode/DerivedData/Expensio-futtgngxcysvvhcljmosbeftqmyc/Build/Intermediates.noindex/Pods.build/Debug-iphonesimulator/RNSVG.build/Objects-normal/x86_64/RNSVGFeGaussianBlur.o /Users/sparkles/Documents/CodingFiles/FullStack/expensioApp/frontend/node_modules/react-native-svg/apple/Filters/RNSVGFeGaussianBlur.mm normal x86_64 objective-c++ com.apple.compilers.llvm.clang.1_0.compiler (in target 'RNSVG' from project 'Pods')
    cd /Users/sparkles/Documents/CodingFiles/FullStack/expensioApp/frontend/ios/Pods
    
    Using response file: /Users/sparkles/Library/Developer/Xcode/DerivedData/Expensio-futtgngxcysvvhcljmosbeftqmyc/Build/Intermediates.noindex/Pods.build/Debug-iphonesimulator/RNSVG.build/Objects-normal/x86_64/af3fcb34312c57c0f52879cdce924b91-common-args.resp
    
    /Applications/Xcode.app/Contents/Developer/Toolchains/XcodeDefault.xctoolchain/usr/bin/clang -x objective-c++ -ivfsstatcache /Users/sparkles/Library/Developer/Xcode/DerivedData/SDKStatCaches.noindex/iphonesimulator27.0-24A430-8dc58220667be655e1bcc261a7455254.sdkstatcache -target x86_64-apple-ios17.0-simulator -fmessage-length\=0 -fdiagnostics-show-note-include-stack -fmacro-backtrace-limit\=0 -fno-color-diagnostics -fmodules-prune-interval\=86400 -fmodules-prune-after\=345600 -fbuild-session-file\=/Users/sparkles/Library/Developer/Xcode/DerivedData/ModuleCache.noindex/Session.modulevalidation -fmodules-validate-once-per-build-session -Wnon-modular-include-in-framework-module -Werror\=non-modular-include-in-framework-module -Wno-trigraphs -Wno-missing-field-initializers -Wno-missing-prototypes -Werror\=return-type -Wdocumentation -Wunreachable-code -Wno-implicit-atomic-properties -Werror\=deprecated-objc-isa-usage -Wno-objc-interface-ivars -Werror\=objc-root-class -Wno-arc-repeated-use-of-weak -Wimplicit-retain-self -Wno-non-virtual-dtor -Wno-overloaded-virtual -Wno-exit-time-destructors -Wduplicate-method-match -Wno-missing-braces -Wparentheses -Wswitch -Wunused-function -Wno-unused-label -Wno-unused-parameter -Wunused-variable -Wunused-value -Wempty-body -Wuninitialized -Wconditional-uninitialized -Wno-unknown-pragmas -Wno-shadow -Wno-four-char-constants -Wno-conversion -Wconstant-conversion -Wint-conversion -Wbool-conversion -Wenum-conversion -Wno-float-conversion -Wnon-literal-null-conversion -Wobjc-literal-conversion -Wshorten-64-to-32 -Wno-newline-eof -Wno-selector -Wno-strict-selector-match -Wundeclared-selector -Wdeprecated-implementations -Wno-c++11-extensions -Wno-implicit-fallthrough -isysroot /Applications/Xcode.app/Contents/Developer/Platforms/iPhoneSimulator.platform/Developer/SDKs/iPhoneSimulator27.0.sdk -fstrict-aliasing -Wprotocol -Wdeprecated-declarations -Winvalid-offsetof -Wno-sign-conversion -Winfinite-recursion -Wmove -Wcomma -Wblock-capture-autoreleasing -Wstrict-prototypes -Wrange-loop-analysis -Wno-semicolon-before-method-body -Wunguarded-availability -index-store-path /Users/sparkles/Library/Developer/Xcode/DerivedData/Expensio-futtgngxcysvvhcljmosbeftqmyc/Index.noindex/DataStore @/Users/sparkles/Library/Developer/Xcode/DerivedData/Expensio-futtgngxcysvvhcljmosbeftqmyc/Build/Intermediates.noindex/Pods.build/Debug-iphonesimulator/RNSVG.build/Objects-normal/x86_64/af3fcb34312c57c0f52879cdce924b91-common-args.resp -DRCT_NEW_ARCH_ENABLED\=1 -include /Users/sparkles/Documents/CodingFiles/FullStack/expensioApp/frontend/ios/Pods/Target\ Support\ Files/RNSVG/RNSVG-prefix.pch -MMD -MT dependencies -MF /Users/sparkles/Library/Developer/Xcode/DerivedData/Expensio-futtgngxcysvvhcljmosbeftqmyc/Build/Intermediates.noindex/Pods.build/Debug-iphonesimulator/RNSVG.build/Objects-normal/x86_64/RNSVGFeGaussianBlur.d --serialize-diagnostics /Users/sparkles/Library/Developer/Xcode/DerivedData/Expensio-futtgngxcysvvhcljmosbeftqmyc/Build/Intermediates.noindex/Pods.build/Debug-iphonesimulator/RNSVG.build/Objects-normal/x86_64/RNSVGFeGaussianBlur.dia -c /Users/sparkles/Documents/CodingFiles/FullStack/expensioApp/frontend/node_modules/react-native-svg/apple/Filters/RNSVGFeGaussianBlur.mm -o /Users/sparkles/Library/Developer/Xcode/DerivedData/Expensio-futtgngxcysvvhcljmosbeftqmyc/Build/Intermediates.noindex/Pods.build/Debug-iphonesimulator/RNSVG.build/Objects-normal/x86_64/RNSVGFeGaussianBlur.o -index-unit-output-path /Pods.build/Debug-iphonesimulator/RNSVG.build/Objects-normal/x86_64/RNSVGFeGaussianBlur.o
/Users/sparkles/Documents/CodingFiles/FullStack/expensioApp/frontend/node_modules/react-native-svg/apple/Filters/RNSVGFeGaussianBlur.mm:51:1: warning: method possibly missing a [super updateProps:oldProps:] call [-Wobjc-missing-super-calls]
   51 | }
      | ^
In file included from /Users/sparkles/Documents/CodingFiles/FullStack/expensioApp/frontend/node_modules/react-native-svg/apple/Filters/RNSVGFeGaussianBlur.mm:10:
/Users/sparkles/Documents/CodingFiles/FullStack/expensioApp/frontend/node_modules/react-native-svg/apple/Utils/RNSVGFabricConversions.h:246:19: warning: unused function 'intToRNSVGVBMOS' [-Wunused-function]
  246 | static RNSVGVBMOS intToRNSVGVBMOS(int value)
      |                   ^~~~~~~~~~~~~~~
2 warnings generated.

CompileC /Users/sparkles/Library/Developer/Xcode/DerivedData/Expensio-futtgngxcysvvhcljmosbeftqmyc/Build/Intermediates.noindex/Pods.build/Debug-iphonesimulator/RNSVG.build/Objects-normal/x86_64/RNSVGFeFloodManager.o /Users/sparkles/Documents/CodingFiles/FullStack/expensioApp/frontend/node_modules/react-native-svg/apple/ViewManagers/RNSVGFeFloodManager.mm normal x86_64 objective-c++ com.apple.compilers.llvm.clang.1_0.compiler (in target 'RNSVG' from project 'Pods')
    cd /Users/sparkles/Documents/CodingFiles/FullStack/expensioApp/frontend/ios/Pods
    
    Using response file: /Users/sparkles/Library/Developer/Xcode/DerivedData/Expensio-futtgngxcysvvhcljmosbeftqmyc/Build/Intermediates.noindex/Pods.build/Debug-iphonesimulator/RNSVG.build/Objects-normal/x86_64/af3fcb34312c57c0f52879cdce924b91-common-args.resp
    
    /Applications/Xcode.app/Contents/Developer/Toolchains/XcodeDefault.xctoolchain/usr/bin/clang -x objective-c++ -ivfsstatcache /Users/sparkles/Library/Developer/Xcode/DerivedData/SDKStatCaches.noindex/iphonesimulator27.0-24A430-8dc58220667be655e1bcc261a7455254.sdkstatcache -target x86_64-apple-ios17.0-simulator -fmessage-length\=0 -fdiagnostics-show-note-include-stack -fmacro-backtrace-limit\=0 -fno-color-diagnostics -fmodules-prune-interval\=86400 -fmodules-prune-after\=345600 -fbuild-session-file\=/Users/sparkles/Library/Developer/Xcode/DerivedData/ModuleCache.noindex/Session.modulevalidation -fmodules-validate-once-per-build-session -Wnon-modular-include-in-framework-module -Werror\=non-modular-include-in-framework-module -Wno-trigraphs -Wno-missing-field-initializers -Wno-missing-prototypes -Werror\=return-type -Wdocumentation -Wunreachable-code -Wno-implicit-atomic-properties -Werror\=deprecated-objc-isa-usage -Wno-objc-interface-ivars -Werror\=objc-root-class -Wno-arc-repeated-use-of-weak -Wimplicit-retain-self -Wno-non-virtual-dtor -Wno-overloaded-virtual -Wno-exit-time-destructors -Wduplicate-method-match -Wno-missing-braces -Wparentheses -Wswitch -Wunused-function -Wno-unused-label -Wno-unused-parameter -Wunused-variable -Wunused-value -Wempty-body -Wuninitialized -Wconditional-uninitialized -Wno-unknown-pragmas -Wno-shadow -Wno-four-char-constants -Wno-conversion -Wconstant-conversion -Wint-conversion -Wbool-conversion -Wenum-conversion -Wno-float-conversion -Wnon-literal-null-conversion -Wobjc-literal-conversion -Wshorten-64-to-32 -Wno-newline-eof -Wno-selector -Wno-strict-selector-match -Wundeclared-selector -Wdeprecated-implementations -Wno-c++11-extensions -Wno-implicit-fallthrough -isysroot /Applications/Xcode.app/Contents/Developer/Platforms/iPhoneSimulator.platform/Developer/SDKs/iPhoneSimulator27.0.sdk -fstrict-aliasing -Wprotocol -Wdeprecated-declarations -Winvalid-offsetof -Wno-sign-conversion -Winfinite-recursion -Wmove -Wcomma -Wblock-capture-autoreleasing -Wstrict-prototypes -Wrange-loop-analysis -Wno-semicolon-before-method-body -Wunguarded-availability -index-store-path /Users/sparkles/Library/Developer/Xcode/DerivedData/Expensio-futtgngxcysvvhcljmosbeftqmyc/Index.noindex/DataStore @/Users/sparkles/Library/Developer/Xcode/DerivedData/Expensio-futtgngxcysvvhcljmosbeftqmyc/Build/Intermediates.noindex/Pods.build/Debug-iphonesimulator/RNSVG.build/Objects-normal/x86_64/af3fcb34312c57c0f52879cdce924b91-common-args.resp -DRCT_NEW_ARCH_ENABLED\=1 -include /Users/sparkles/Documents/CodingFiles/FullStack/expensioApp/frontend/ios/Pods/Target\ Support\ Files/RNSVG/RNSVG-prefix.pch -MMD -MT dependencies -MF /Users/sparkles/Library/Developer/Xcode/DerivedData/Expensio-futtgngxcysvvhcljmosbeftqmyc/Build/Intermediates.noindex/Pods.build/Debug-iphonesimulator/RNSVG.build/Objects-normal/x86_64/RNSVGFeFloodManager.d --serialize-diagnostics /Users/sparkles/Library/Developer/Xcode/DerivedData/Expensio-futtgngxcysvvhcljmosbeftqmyc/Build/Intermediates.noindex/Pods.build/Debug-iphonesimulator/RNSVG.build/Objects-normal/x86_64/RNSVGFeFloodManager.dia -c /Users/sparkles/Documents/CodingFiles/FullStack/expensioApp/frontend/node_modules/react-native-svg/apple/ViewManagers/RNSVGFeFloodManager.mm -o /Users/sparkles/Library/Developer/Xcode/DerivedData/Expensio-futtgngxcysvvhcljmosbeftqmyc/Build/Intermediates.noindex/Pods.build/Debug-iphonesimulator/RNSVG.build/Objects-normal/x86_64/RNSVGFeFloodManager.o -index-unit-output-path /Pods.build/Debug-iphonesimulator/RNSVG.build/Objects-normal/x86_64/RNSVGFeFloodManager.o

CompileC /Users/sparkles/Library/Developer/Xcode/DerivedData/Expensio-futtgngxcysvvhcljmosbeftqmyc/Build/Intermediates.noindex/Pods.build/Debug-iphonesimulator/RNSVG.build/Objects-normal/x86_64/RNSVGFeFlood.o /Users/sparkles/Documents/CodingFiles/FullStack/expensioApp/frontend/node_modules/react-native-svg/apple/Filters/RNSVGFeFlood.mm normal x86_64 objective-c++ com.apple.compilers.llvm.clang.1_0.compiler (in target 'RNSVG' from project 'Pods')
    cd /Users/sparkles/Documents/CodingFiles/FullStack/expensioApp/frontend/ios/Pods
    
    Using response file: /Users/sparkles/Library/Developer/Xcode/DerivedData/Expensio-futtgngxcysvvhcljmosbeftqmyc/Build/Intermediates.noindex/Pods.build/Debug-iphonesimulator/RNSVG.build/Objects-normal/x86_64/af3fcb34312c57c0f52879cdce924b91-common-args.resp
    
    /Applications/Xcode.app/Contents/Developer/Toolchains/XcodeDefault.xctoolchain/usr/bin/clang -x objective-c++ -ivfsstatcache /Users/sparkles/Library/Developer/Xcode/DerivedData/SDKStatCaches.noindex/iphonesimulator27.0-24A430-8dc58220667be655e1bcc261a7455254.sdkstatcache -target x86_64-apple-ios17.0-simulator -fmessage-length\=0 -fdiagnostics-show-note-include-stack -fmacro-backtrace-limit\=0 -fno-color-diagnostics -fmodules-prune-interval\=86400 -fmodules-prune-after\=345600 -fbuild-session-file\=/Users/sparkles/Library/Developer/Xcode/DerivedData/ModuleCache.noindex/Session.modulevalidation -fmodules-validate-once-per-build-session -Wnon-modular-include-in-framework-module -Werror\=non-modular-include-in-framework-module -Wno-trigraphs -Wno-missing-field-initializers -Wno-missing-prototypes -Werror\=return-type -Wdocumentation -Wunreachable-code -Wno-implicit-atomic-properties -Werror\=deprecated-objc-isa-usage -Wno-objc-interface-ivars -Werror\=objc-root-class -Wno-arc-repeated-use-of-weak -Wimplicit-retain-self -Wno-non-virtual-dtor -Wno-overloaded-virtual -Wno-exit-time-destructors -Wduplicate-method-match -Wno-missing-braces -Wparentheses -Wswitch -Wunused-function -Wno-unused-label -Wno-unused-parameter -Wunused-variable -Wunused-value -Wempty-body -Wuninitialized -Wconditional-uninitialized -Wno-unknown-pragmas -Wno-shadow -Wno-four-char-constants -Wno-conversion -Wconstant-conversion -Wint-conversion -Wbool-conversion -Wenum-conversion -Wno-float-conversion -Wnon-literal-null-conversion -Wobjc-literal-conversion -Wshorten-64-to-32 -Wno-newline-eof -Wno-selector -Wno-strict-selector-match -Wundeclared-selector -Wdeprecated-implementations -Wno-c++11-extensions -Wno-implicit-fallthrough -isysroot /Applications/Xcode.app/Contents/Developer/Platforms/iPhoneSimulator.platform/Developer/SDKs/iPhoneSimulator27.0.sdk -fstrict-aliasing -Wprotocol -Wdeprecated-declarations -Winvalid-offsetof -Wno-sign-conversion -Winfinite-recursion -Wmove -Wcomma -Wblock-capture-autoreleasing -Wstrict-prototypes -Wrange-loop-analysis -Wno-semicolon-before-method-body -Wunguarded-availability -index-store-path /Users/sparkles/Library/Developer/Xcode/DerivedData/Expensio-futtgngxcysvvhcljmosbeftqmyc/Index.noindex/DataStore @/Users/sparkles/Library/Developer/Xcode/DerivedData/Expensio-futtgngxcysvvhcljmosbeftqmyc/Build/Intermediates.noindex/Pods.build/Debug-iphonesimulator/RNSVG.build/Objects-normal/x86_64/af3fcb34312c57c0f52879cdce924b91-common-args.resp -DRCT_NEW_ARCH_ENABLED\=1 -include /Users/sparkles/Documents/CodingFiles/FullStack/expensioApp/frontend/ios/Pods/Target\ Support\ Files/RNSVG/RNSVG-prefix.pch -MMD -MT dependencies -MF /Users/sparkles/Library/Developer/Xcode/DerivedData/Expensio-futtgngxcysvvhcljmosbeftqmyc/Build/Intermediates.noindex/Pods.build/Debug-iphonesimulator/RNSVG.build/Objects-normal/x86_64/RNSVGFeFlood.d --serialize-diagnostics /Users/sparkles/Library/Developer/Xcode/DerivedData/Expensio-futtgngxcysvvhcljmosbeftqmyc/Build/Intermediates.noindex/Pods.build/Debug-iphonesimulator/RNSVG.build/Objects-normal/x86_64/RNSVGFeFlood.dia -c /Users/sparkles/Documents/CodingFiles/FullStack/expensioApp/frontend/node_modules/react-native-svg/apple/Filters/RNSVGFeFlood.mm -o /Users/sparkles/Library/Developer/Xcode/DerivedData/Expensio-futtgngxcysvvhcljmosbeftqmyc/Build/Intermediates.noindex/Pods.build/Debug-iphonesimulator/RNSVG.build/Objects-normal/x86_64/RNSVGFeFlood.o -index-unit-output-path /Pods.build/Debug-iphonesimulator/RNSVG.build/Objects-normal/x86_64/RNSVGFeFlood.o
/Users/sparkles/Documents/CodingFiles/FullStack/expensioApp/frontend/node_modules/react-native-svg/apple/Filters/RNSVGFeFlood.mm:51:1: warning: method possibly missing a [super updateProps:oldProps:] call [-Wobjc-missing-super-calls]
   51 | }
      | ^
In file included from /Users/sparkles/Documents/CodingFiles/FullStack/expensioApp/frontend/node_modules/react-native-svg/apple/Filters/RNSVGFeFlood.mm:9:
/Users/sparkles/Documents/CodingFiles/FullStack/expensioApp/frontend/node_modules/react-native-svg/apple/Utils/RNSVGFabricConversions.h:246:19: warning: unused function 'intToRNSVGVBMOS' [-Wunused-function]
  246 | static RNSVGVBMOS intToRNSVGVBMOS(int value)
      |                   ^~~~~~~~~~~~~~~
2 warnings generated.

CompileC /Users/sparkles/Library/Developer/Xcode/DerivedData/Expensio-futtgngxcysvvhcljmosbeftqmyc/Build/Intermediates.noindex/Pods.build/Debug-iphonesimulator/RNSVG.build/Objects-normal/x86_64/RNSVGFeCompositeManager.o /Users/sparkles/Documents/CodingFiles/FullStack/expensioApp/frontend/node_modules/react-native-svg/apple/ViewManagers/RNSVGFeCompositeManager.mm normal x86_64 objective-c++ com.apple.compilers.llvm.clang.1_0.compiler (in target 'RNSVG' from project 'Pods')
    cd /Users/sparkles/Documents/CodingFiles/FullStack/expensioApp/frontend/ios/Pods
    
    Using response file: /Users/sparkles/Library/Developer/Xcode/DerivedData/Expensio-futtgngxcysvvhcljmosbeftqmyc/Build/Intermediates.noindex/Pods.build/Debug-iphonesimulator/RNSVG.build/Objects-normal/x86_64/af3fcb34312c57c0f52879cdce924b91-common-args.resp
    
    /Applications/Xcode.app/Contents/Developer/Toolchains/XcodeDefault.xctoolchain/usr/bin/clang -x objective-c++ -ivfsstatcache /Users/sparkles/Library/Developer/Xcode/DerivedData/SDKStatCaches.noindex/iphonesimulator27.0-24A430-8dc58220667be655e1bcc261a7455254.sdkstatcache -target x86_64-apple-ios17.0-simulator -fmessage-length\=0 -fdiagnostics-show-note-include-stack -fmacro-backtrace-limit\=0 -fno-color-diagnostics -fmodules-prune-interval\=86400 -fmodules-prune-after\=345600 -fbuild-session-file\=/Users/sparkles/Library/Developer/Xcode/DerivedData/ModuleCache.noindex/Session.modulevalidation -fmodules-validate-once-per-build-session -Wnon-modular-include-in-framework-module -Werror\=non-modular-include-in-framework-module -Wno-trigraphs -Wno-missing-field-initializers -Wno-missing-prototypes -Werror\=return-type -Wdocumentation -Wunreachable-code -Wno-implicit-atomic-properties -Werror\=deprecated-objc-isa-usage -Wno-objc-interface-ivars -Werror\=objc-root-class -Wno-arc-repeated-use-of-weak -Wimplicit-retain-self -Wno-non-virtual-dtor -Wno-overloaded-virtual -Wno-exit-time-destructors -Wduplicate-method-match -Wno-missing-braces -Wparentheses -Wswitch -Wunused-function -Wno-unused-label -Wno-unused-parameter -Wunused-variable -Wunused-value -Wempty-body -Wuninitialized -Wconditional-uninitialized -Wno-unknown-pragmas -Wno-shadow -Wno-four-char-constants -Wno-conversion -Wconstant-conversion -Wint-conversion -Wbool-conversion -Wenum-conversion -Wno-float-conversion -Wnon-literal-null-conversion -Wobjc-literal-conversion -Wshorten-64-to-32 -Wno-newline-eof -Wno-selector -Wno-strict-selector-match -Wundeclared-selector -Wdeprecated-implementations -Wno-c++11-extensions -Wno-implicit-fallthrough -isysroot /Applications/Xcode.app/Contents/Developer/Platforms/iPhoneSimulator.platform/Developer/SDKs/iPhoneSimulator27.0.sdk -fstrict-aliasing -Wprotocol -Wdeprecated-declarations -Winvalid-offsetof -Wno-sign-conversion -Winfinite-recursion -Wmove -Wcomma -Wblock-capture-autoreleasing -Wstrict-prototypes -Wrange-loop-analysis -Wno-semicolon-before-method-body -Wunguarded-availability -index-store-path /Users/sparkles/Library/Developer/Xcode/DerivedData/Expensio-futtgngxcysvvhcljmosbeftqmyc/Index.noindex/DataStore @/Users/sparkles/Library/Developer/Xcode/DerivedData/Expensio-futtgngxcysvvhcljmosbeftqmyc/Build/Intermediates.noindex/Pods.build/Debug-iphonesimulator/RNSVG.build/Objects-normal/x86_64/af3fcb34312c57c0f52879cdce924b91-common-args.resp -DRCT_NEW_ARCH_ENABLED\=1 -include /Users/sparkles/Documents/CodingFiles/FullStack/expensioApp/frontend/ios/Pods/Target\ Support\ Files/RNSVG/RNSVG-prefix.pch -MMD -MT dependencies -MF /Users/sparkles/Library/Developer/Xcode/DerivedData/Expensio-futtgngxcysvvhcljmosbeftqmyc/Build/Intermediates.noindex/Pods.build/Debug-iphonesimulator/RNSVG.build/Objects-normal/x86_64/RNSVGFeCompositeManager.d --serialize-diagnostics /Users/sparkles/Library/Developer/Xcode/DerivedData/Expensio-futtgngxcysvvhcljmosbeftqmyc/Build/Intermediates.noindex/Pods.build/Debug-iphonesimulator/RNSVG.build/Objects-normal/x86_64/RNSVGFeCompositeManager.dia -c /Users/sparkles/Documents/CodingFiles/FullStack/expensioApp/frontend/node_modules/react-native-svg/apple/ViewManagers/RNSVGFeCompositeManager.mm -o /Users/sparkles/Library/Developer/Xcode/DerivedData/Expensio-futtgngxcysvvhcljmosbeftqmyc/Build/Intermediates.noindex/Pods.build/Debug-iphonesimulator/RNSVG.build/Objects-normal/x86_64/RNSVGFeCompositeManager.o -index-unit-output-path /Pods.build/Debug-iphonesimulator/RNSVG.build/Objects-normal/x86_64/RNSVGFeCompositeManager.o

CompileC /Users/sparkles/Library/Developer/Xcode/DerivedData/Expensio-futtgngxcysvvhcljmosbeftqmyc/Build/Intermediates.noindex/Pods.build/Debug-iphonesimulator/RNSVG.build/Objects-normal/x86_64/RNSVGFeComposite.o /Users/sparkles/Documents/CodingFiles/FullStack/expensioApp/frontend/node_modules/react-native-svg/apple/Filters/RNSVGFeComposite.mm normal x86_64 objective-c++ com.apple.compilers.llvm.clang.1_0.compiler (in target 'RNSVG' from project 'Pods')
    cd /Users/sparkles/Documents/CodingFiles/FullStack/expensioApp/frontend/ios/Pods
    
    Using response file: /Users/sparkles/Library/Developer/Xcode/DerivedData/Expensio-futtgngxcysvvhcljmosbeftqmyc/Build/Intermediates.noindex/Pods.build/Debug-iphonesimulator/RNSVG.build/Objects-normal/x86_64/af3fcb34312c57c0f52879cdce924b91-common-args.resp
    
    /Applications/Xcode.app/Contents/Developer/Toolchains/XcodeDefault.xctoolchain/usr/bin/clang -x objective-c++ -ivfsstatcache /Users/sparkles/Library/Developer/Xcode/DerivedData/SDKStatCaches.noindex/iphonesimulator27.0-24A430-8dc58220667be655e1bcc261a7455254.sdkstatcache -target x86_64-apple-ios17.0-simulator -fmessage-length\=0 -fdiagnostics-show-note-include-stack -fmacro-backtrace-limit\=0 -fno-color-diagnostics -fmodules-prune-interval\=86400 -fmodules-prune-after\=345600 -fbuild-session-file\=/Users/sparkles/Library/Developer/Xcode/DerivedData/ModuleCache.noindex/Session.modulevalidation -fmodules-validate-once-per-build-session -Wnon-modular-include-in-framework-module -Werror\=non-modular-include-in-framework-module -Wno-trigraphs -Wno-missing-field-initializers -Wno-missing-prototypes -Werror\=return-type -Wdocumentation -Wunreachable-code -Wno-implicit-atomic-properties -Werror\=deprecated-objc-isa-usage -Wno-objc-interface-ivars -Werror\=objc-root-class -Wno-arc-repeated-use-of-weak -Wimplicit-retain-self -Wno-non-virtual-dtor -Wno-overloaded-virtual -Wno-exit-time-destructors -Wduplicate-method-match -Wno-missing-braces -Wparentheses -Wswitch -Wunused-function -Wno-unused-label -Wno-unused-parameter -Wunused-variable -Wunused-value -Wempty-body -Wuninitialized -Wconditional-uninitialized -Wno-unknown-pragmas -Wno-shadow -Wno-four-char-constants -Wno-conversion -Wconstant-conversion -Wint-conversion -Wbool-conversion -Wenum-conversion -Wno-float-conversion -Wnon-literal-null-conversion -Wobjc-literal-conversion -Wshorten-64-to-32 -Wno-newline-eof -Wno-selector -Wno-strict-selector-match -Wundeclared-selector -Wdeprecated-implementations -Wno-c++11-extensions -Wno-implicit-fallthrough -isysroot /Applications/Xcode.app/Contents/Developer/Platforms/iPhoneSimulator.platform/Developer/SDKs/iPhoneSimulator27.0.sdk -fstrict-aliasing -Wprotocol -Wdeprecated-declarations -Winvalid-offsetof -Wno-sign-conversion -Winfinite-recursion -Wmove -Wcomma -Wblock-capture-autoreleasing -Wstrict-prototypes -Wrange-loop-analysis -Wno-semicolon-before-method-body -Wunguarded-availability -index-store-path /Users/sparkles/Library/Developer/Xcode/DerivedData/Expensio-futtgngxcysvvhcljmosbeftqmyc/Index.noindex/DataStore @/Users/sparkles/Library/Developer/Xcode/DerivedData/Expensio-futtgngxcysvvhcljmosbeftqmyc/Build/Intermediates.noindex/Pods.build/Debug-iphonesimulator/RNSVG.build/Objects-normal/x86_64/af3fcb34312c57c0f52879cdce924b91-common-args.resp -DRCT_NEW_ARCH_ENABLED\=1 -include /Users/sparkles/Documents/CodingFiles/FullStack/expensioApp/frontend/ios/Pods/Target\ Support\ Files/RNSVG/RNSVG-prefix.pch -MMD -MT dependencies -MF /Users/sparkles/Library/Developer/Xcode/DerivedData/Expensio-futtgngxcysvvhcljmosbeftqmyc/Build/Intermediates.noindex/Pods.build/Debug-iphonesimulator/RNSVG.build/Objects-normal/x86_64/RNSVGFeComposite.d --serialize-diagnostics /Users/sparkles/Library/Developer/Xcode/DerivedData/Expensio-futtgngxcysvvhcljmosbeftqmyc/Build/Intermediates.noindex/Pods.build/Debug-iphonesimulator/RNSVG.build/Objects-normal/x86_64/RNSVGFeComposite.dia -c /Users/sparkles/Documents/CodingFiles/FullStack/expensioApp/frontend/node_modules/react-native-svg/apple/Filters/RNSVGFeComposite.mm -o /Users/sparkles/Library/Developer/Xcode/DerivedData/Expensio-futtgngxcysvvhcljmosbeftqmyc/Build/Intermediates.noindex/Pods.build/Debug-iphonesimulator/RNSVG.build/Objects-normal/x86_64/RNSVGFeComposite.o -index-unit-output-path /Pods.build/Debug-iphonesimulator/RNSVG.build/Objects-normal/x86_64/RNSVGFeComposite.o
/Users/sparkles/Documents/CodingFiles/FullStack/expensioApp/frontend/node_modules/react-native-svg/apple/Filters/RNSVGFeComposite.mm:57:1: warning: method possibly missing a [super updateProps:oldProps:] call [-Wobjc-missing-super-calls]
   57 | }
      | ^
In file included from /Users/sparkles/Documents/CodingFiles/FullStack/expensioApp/frontend/node_modules/react-native-svg/apple/Filters/RNSVGFeComposite.mm:11:
/Users/sparkles/Documents/CodingFiles/FullStack/expensioApp/frontend/node_modules/react-native-svg/apple/Utils/RNSVGFabricConversions.h:246:19: warning: unused function 'intToRNSVGVBMOS' [-Wunused-function]
  246 | static RNSVGVBMOS intToRNSVGVBMOS(int value)
      |                   ^~~~~~~~~~~~~~~
2 warnings generated.

CompileC /Users/sparkles/Library/Developer/Xcode/DerivedData/Expensio-futtgngxcysvvhcljmosbeftqmyc/Build/Intermediates.noindex/Pods.build/Debug-iphonesimulator/RNSVG.build/Objects-normal/x86_64/RNSVGFeColorMatrixManager.o /Users/sparkles/Documents/CodingFiles/FullStack/expensioApp/frontend/node_modules/react-native-svg/apple/ViewManagers/RNSVGFeColorMatrixManager.mm normal x86_64 objective-c++ com.apple.compilers.llvm.clang.1_0.compiler (in target 'RNSVG' from project 'Pods')
    cd /Users/sparkles/Documents/CodingFiles/FullStack/expensioApp/frontend/ios/Pods
    
    Using response file: /Users/sparkles/Library/Developer/Xcode/DerivedData/Expensio-futtgngxcysvvhcljmosbeftqmyc/Build/Intermediates.noindex/Pods.build/Debug-iphonesimulator/RNSVG.build/Objects-normal/x86_64/af3fcb34312c57c0f52879cdce924b91-common-args.resp
    
    /Applications/Xcode.app/Contents/Developer/Toolchains/XcodeDefault.xctoolchain/usr/bin/clang -x objective-c++ -ivfsstatcache /Users/sparkles/Library/Developer/Xcode/DerivedData/SDKStatCaches.noindex/iphonesimulator27.0-24A430-8dc58220667be655e1bcc261a7455254.sdkstatcache -target x86_64-apple-ios17.0-simulator -fmessage-length\=0 -fdiagnostics-show-note-include-stack -fmacro-backtrace-limit\=0 -fno-color-diagnostics -fmodules-prune-interval\=86400 -fmodules-prune-after\=345600 -fbuild-session-file\=/Users/sparkles/Library/Developer/Xcode/DerivedData/ModuleCache.noindex/Session.modulevalidation -fmodules-validate-once-per-build-session -Wnon-modular-include-in-framework-module -Werror\=non-modular-include-in-framework-module -Wno-trigraphs -Wno-missing-field-initializers -Wno-missing-prototypes -Werror\=return-type -Wdocumentation -Wunreachable-code -Wno-implicit-atomic-properties -Werror\=deprecated-objc-isa-usage -Wno-objc-interface-ivars -Werror\=objc-root-class -Wno-arc-repeated-use-of-weak -Wimplicit-retain-self -Wno-non-virtual-dtor -Wno-overloaded-virtual -Wno-exit-time-destructors -Wduplicate-method-match -Wno-missing-braces -Wparentheses -Wswitch -Wunused-function -Wno-unused-label -Wno-unused-parameter -Wunused-variable -Wunused-value -Wempty-body -Wuninitialized -Wconditional-uninitialized -Wno-unknown-pragmas -Wno-shadow -Wno-four-char-constants -Wno-conversion -Wconstant-conversion -Wint-conversion -Wbool-conversion -Wenum-conversion -Wno-float-conversion -Wnon-literal-null-conversion -Wobjc-literal-conversion -Wshorten-64-to-32 -Wno-newline-eof -Wno-selector -Wno-strict-selector-match -Wundeclared-selector -Wdeprecated-implementations -Wno-c++11-extensions -Wno-implicit-fallthrough -isysroot /Applications/Xcode.app/Contents/Developer/Platforms/iPhoneSimulator.platform/Developer/SDKs/iPhoneSimulator27.0.sdk -fstrict-aliasing -Wprotocol -Wdeprecated-declarations -Winvalid-offsetof -Wno-sign-conversion -Winfinite-recursion -Wmove -Wcomma -Wblock-capture-autoreleasing -Wstrict-prototypes -Wrange-loop-analysis -Wno-semicolon-before-method-body -Wunguarded-availability -index-store-path /Users/sparkles/Library/Developer/Xcode/DerivedData/Expensio-futtgngxcysvvhcljmosbeftqmyc/Index.noindex/DataStore @/Users/sparkles/Library/Developer/Xcode/DerivedData/Expensio-futtgngxcysvvhcljmosbeftqmyc/Build/Intermediates.noindex/Pods.build/Debug-iphonesimulator/RNSVG.build/Objects-normal/x86_64/af3fcb34312c57c0f52879cdce924b91-common-args.resp -DRCT_NEW_ARCH_ENABLED\=1 -include /Users/sparkles/Documents/CodingFiles/FullStack/expensioApp/frontend/ios/Pods/Target\ Support\ Files/RNSVG/RNSVG-prefix.pch -MMD -MT dependencies -MF /Users/sparkles/Library/Developer/Xcode/DerivedData/Expensio-futtgngxcysvvhcljmosbeftqmyc/Build/Intermediates.noindex/Pods.build/Debug-iphonesimulator/RNSVG.build/Objects-normal/x86_64/RNSVGFeColorMatrixManager.d --serialize-diagnostics /Users/sparkles/Library/Developer/Xcode/DerivedData/Expensio-futtgngxcysvvhcljmosbeftqmyc/Build/Intermediates.noindex/Pods.build/Debug-iphonesimulator/RNSVG.build/Objects-normal/x86_64/RNSVGFeColorMatrixManager.dia -c /Users/sparkles/Documents/CodingFiles/FullStack/expensioApp/frontend/node_modules/react-native-svg/apple/ViewManagers/RNSVGFeColorMatrixManager.mm -o /Users/sparkles/Library/Developer/Xcode/DerivedData/Expensio-futtgngxcysvvhcljmosbeftqmyc/Build/Intermediates.noindex/Pods.build/Debug-iphonesimulator/RNSVG.build/Objects-normal/x86_64/RNSVGFeColorMatrixManager.o -index-unit-output-path /Pods.build/Debug-iphonesimulator/RNSVG.build/Objects-normal/x86_64/RNSVGFeColorMatrixManager.o

CompileC /Users/sparkles/Library/Developer/Xcode/DerivedData/Expensio-futtgngxcysvvhcljmosbeftqmyc/Build/Intermediates.noindex/Pods.build/Debug-iphonesimulator/RNSVG.build/Objects-normal/x86_64/RNSVGFeColorMatrix.o /Users/sparkles/Documents/CodingFiles/FullStack/expensioApp/frontend/node_modules/react-native-svg/apple/Filters/RNSVGFeColorMatrix.mm normal x86_64 objective-c++ com.apple.compilers.llvm.clang.1_0.compiler (in target 'RNSVG' from project 'Pods')
    cd /Users/sparkles/Documents/CodingFiles/FullStack/expensioApp/frontend/ios/Pods
    
    Using response file: /Users/sparkles/Library/Developer/Xcode/DerivedData/Expensio-futtgngxcysvvhcljmosbeftqmyc/Build/Intermediates.noindex/Pods.build/Debug-iphonesimulator/RNSVG.build/Objects-normal/x86_64/af3fcb34312c57c0f52879cdce924b91-common-args.resp
    
    /Applications/Xcode.app/Contents/Developer/Toolchains/XcodeDefault.xctoolchain/usr/bin/clang -x objective-c++ -ivfsstatcache /Users/sparkles/Library/Developer/Xcode/DerivedData/SDKStatCaches.noindex/iphonesimulator27.0-24A430-8dc58220667be655e1bcc261a7455254.sdkstatcache -target x86_64-apple-ios17.0-simulator -fmessage-length\=0 -fdiagnostics-show-note-include-stack -fmacro-backtrace-limit\=0 -fno-color-diagnostics -fmodules-prune-interval\=86400 -fmodules-prune-after\=345600 -fbuild-session-file\=/Users/sparkles/Library/Developer/Xcode/DerivedData/ModuleCache.noindex/Session.modulevalidation -fmodules-validate-once-per-build-session -Wnon-modular-include-in-framework-module -Werror\=non-modular-include-in-framework-module -Wno-trigraphs -Wno-missing-field-initializers -Wno-missing-prototypes -Werror\=return-type -Wdocumentation -Wunreachable-code -Wno-implicit-atomic-properties -Werror\=deprecated-objc-isa-usage -Wno-objc-interface-ivars -Werror\=objc-root-class -Wno-arc-repeated-use-of-weak -Wimplicit-retain-self -Wno-non-virtual-dtor -Wno-overloaded-virtual -Wno-exit-time-destructors -Wduplicate-method-match -Wno-missing-braces -Wparentheses -Wswitch -Wunused-function -Wno-unused-label -Wno-unused-parameter -Wunused-variable -Wunused-value -Wempty-body -Wuninitialized -Wconditional-uninitialized -Wno-unknown-pragmas -Wno-shadow -Wno-four-char-constants -Wno-conversion -Wconstant-conversion -Wint-conversion -Wbool-conversion -Wenum-conversion -Wno-float-conversion -Wnon-literal-null-conversion -Wobjc-literal-conversion -Wshorten-64-to-32 -Wno-newline-eof -Wno-selector -Wno-strict-selector-match -Wundeclared-selector -Wdeprecated-implementations -Wno-c++11-extensions -Wno-implicit-fallthrough -isysroot /Applications/Xcode.app/Contents/Developer/Platforms/iPhoneSimulator.platform/Developer/SDKs/iPhoneSimulator27.0.sdk -fstrict-aliasing -Wprotocol -Wdeprecated-declarations -Winvalid-offsetof -Wno-sign-conversion -Winfinite-recursion -Wmove -Wcomma -Wblock-capture-autoreleasing -Wstrict-prototypes -Wrange-loop-analysis -Wno-semicolon-before-method-body -Wunguarded-availability -index-store-path /Users/sparkles/Library/Developer/Xcode/DerivedData/Expensio-futtgngxcysvvhcljmosbeftqmyc/Index.noindex/DataStore @/Users/sparkles/Library/Developer/Xcode/DerivedData/Expensio-futtgngxcysvvhcljmosbeftqmyc/Build/Intermediates.noindex/Pods.build/Debug-iphonesimulator/RNSVG.build/Objects-normal/x86_64/af3fcb34312c57c0f52879cdce924b91-common-args.resp -DRCT_NEW_ARCH_ENABLED\=1 -include /Users/sparkles/Documents/CodingFiles/FullStack/expensioApp/frontend/ios/Pods/Target\ Support\ Files/RNSVG/RNSVG-prefix.pch -MMD -MT dependencies -MF /Users/sparkles/Library/Developer/Xcode/DerivedData/Expensio-futtgngxcysvvhcljmosbeftqmyc/Build/Intermediates.noindex/Pods.build/Debug-iphonesimulator/RNSVG.build/Objects-normal/x86_64/RNSVGFeColorMatrix.d --serialize-diagnostics /Users/sparkles/Library/Developer/Xcode/DerivedData/Expensio-futtgngxcysvvhcljmosbeftqmyc/Build/Intermediates.noindex/Pods.build/Debug-iphonesimulator/RNSVG.build/Objects-normal/x86_64/RNSVGFeColorMatrix.dia -c /Users/sparkles/Documents/CodingFiles/FullStack/expensioApp/frontend/node_modules/react-native-svg/apple/Filters/RNSVGFeColorMatrix.mm -o /Users/sparkles/Library/Developer/Xcode/DerivedData/Expensio-futtgngxcysvvhcljmosbeftqmyc/Build/Intermediates.noindex/Pods.build/Debug-iphonesimulator/RNSVG.build/Objects-normal/x86_64/RNSVGFeColorMatrix.o -index-unit-output-path /Pods.build/Debug-iphonesimulator/RNSVG.build/Objects-normal/x86_64/RNSVGFeColorMatrix.o
/Users/sparkles/Documents/CodingFiles/FullStack/expensioApp/frontend/node_modules/react-native-svg/apple/Filters/RNSVGFeColorMatrix.mm:55:1: warning: method possibly missing a [super updateProps:oldProps:] call [-Wobjc-missing-super-calls]
   55 | }
      | ^
In file included from /Users/sparkles/Documents/CodingFiles/FullStack/expensioApp/frontend/node_modules/react-native-svg/apple/Filters/RNSVGFeColorMatrix.mm:9:
/Users/sparkles/Documents/CodingFiles/FullStack/expensioApp/frontend/node_modules/react-native-svg/apple/Utils/RNSVGFabricConversions.h:246:19: warning: unused function 'intToRNSVGVBMOS' [-Wunused-function]
  246 | static RNSVGVBMOS intToRNSVGVBMOS(int value)
      |                   ^~~~~~~~~~~~~~~
2 warnings generated.

CompileC /Users/sparkles/Library/Developer/Xcode/DerivedData/Expensio-futtgngxcysvvhcljmosbeftqmyc/Build/Intermediates.noindex/Pods.build/Debug-iphonesimulator/RNSVG.build/Objects-normal/x86_64/RNSVGFeBlendManager.o /Users/sparkles/Documents/CodingFiles/FullStack/expensioApp/frontend/node_modules/react-native-svg/apple/ViewManagers/RNSVGFeBlendManager.mm normal x86_64 objective-c++ com.apple.compilers.llvm.clang.1_0.compiler (in target 'RNSVG' from project 'Pods')
    cd /Users/sparkles/Documents/CodingFiles/FullStack/expensioApp/frontend/ios/Pods
    
    Using response file: /Users/sparkles/Library/Developer/Xcode/DerivedData/Expensio-futtgngxcysvvhcljmosbeftqmyc/Build/Intermediates.noindex/Pods.build/Debug-iphonesimulator/RNSVG.build/Objects-normal/x86_64/af3fcb34312c57c0f52879cdce924b91-common-args.resp
    
    /Applications/Xcode.app/Contents/Developer/Toolchains/XcodeDefault.xctoolchain/usr/bin/clang -x objective-c++ -ivfsstatcache /Users/sparkles/Library/Developer/Xcode/DerivedData/SDKStatCaches.noindex/iphonesimulator27.0-24A430-8dc58220667be655e1bcc261a7455254.sdkstatcache -target x86_64-apple-ios17.0-simulator -fmessage-length\=0 -fdiagnostics-show-note-include-stack -fmacro-backtrace-limit\=0 -fno-color-diagnostics -fmodules-prune-interval\=86400 -fmodules-prune-after\=345600 -fbuild-session-file\=/Users/sparkles/Library/Developer/Xcode/DerivedData/ModuleCache.noindex/Session.modulevalidation -fmodules-validate-once-per-build-session -Wnon-modular-include-in-framework-module -Werror\=non-modular-include-in-framework-module -Wno-trigraphs -Wno-missing-field-initializers -Wno-missing-prototypes -Werror\=return-type -Wdocumentation -Wunreachable-code -Wno-implicit-atomic-properties -Werror\=deprecated-objc-isa-usage -Wno-objc-interface-ivars -Werror\=objc-root-class -Wno-arc-repeated-use-of-weak -Wimplicit-retain-self -Wno-non-virtual-dtor -Wno-overloaded-virtual -Wno-exit-time-destructors -Wduplicate-method-match -Wno-missing-braces -Wparentheses -Wswitch -Wunused-function -Wno-unused-label -Wno-unused-parameter -Wunused-variable -Wunused-value -Wempty-body -Wuninitialized -Wconditional-uninitialized -Wno-unknown-pragmas -Wno-shadow -Wno-four-char-constants -Wno-conversion -Wconstant-conversion -Wint-conversion -Wbool-conversion -Wenum-conversion -Wno-float-conversion -Wnon-literal-null-conversion -Wobjc-literal-conversion -Wshorten-64-to-32 -Wno-newline-eof -Wno-selector -Wno-strict-selector-match -Wundeclared-selector -Wdeprecated-implementations -Wno-c++11-extensions -Wno-implicit-fallthrough -isysroot /Applications/Xcode.app/Contents/Developer/Platforms/iPhoneSimulator.platform/Developer/SDKs/iPhoneSimulator27.0.sdk -fstrict-aliasing -Wprotocol -Wdeprecated-declarations -Winvalid-offsetof -Wno-sign-conversion -Winfinite-recursion -Wmove -Wcomma -Wblock-capture-autoreleasing -Wstrict-prototypes -Wrange-loop-analysis -Wno-semicolon-before-method-body -Wunguarded-availability -index-store-path /Users/sparkles/Library/Developer/Xcode/DerivedData/Expensio-futtgngxcysvvhcljmosbeftqmyc/Index.noindex/DataStore @/Users/sparkles/Library/Developer/Xcode/DerivedData/Expensio-futtgngxcysvvhcljmosbeftqmyc/Build/Intermediates.noindex/Pods.build/Debug-iphonesimulator/RNSVG.build/Objects-normal/x86_64/af3fcb34312c57c0f52879cdce924b91-common-args.resp -DRCT_NEW_ARCH_ENABLED\=1 -include /Users/sparkles/Documents/CodingFiles/FullStack/expensioApp/frontend/ios/Pods/Target\ Support\ Files/RNSVG/RNSVG-prefix.pch -MMD -MT dependencies -MF /Users/sparkles/Library/Developer/Xcode/DerivedData/Expensio-futtgngxcysvvhcljmosbeftqmyc/Build/Intermediates.noindex/Pods.build/Debug-iphonesimulator/RNSVG.build/Objects-normal/x86_64/RNSVGFeBlendManager.d --serialize-diagnostics /Users/sparkles/Library/Developer/Xcode/DerivedData/Expensio-futtgngxcysvvhcljmosbeftqmyc/Build/Intermediates.noindex/Pods.build/Debug-iphonesimulator/RNSVG.build/Objects-normal/x86_64/RNSVGFeBlendManager.dia -c /Users/sparkles/Documents/CodingFiles/FullStack/expensioApp/frontend/node_modules/react-native-svg/apple/ViewManagers/RNSVGFeBlendManager.mm -o /Users/sparkles/Library/Developer/Xcode/DerivedData/Expensio-futtgngxcysvvhcljmosbeftqmyc/Build/Intermediates.noindex/Pods.build/Debug-iphonesimulator/RNSVG.build/Objects-normal/x86_64/RNSVGFeBlendManager.o -index-unit-output-path /Pods.build/Debug-iphonesimulator/RNSVG.build/Objects-normal/x86_64/RNSVGFeBlendManager.o

CompileC /Users/sparkles/Library/Developer/Xcode/DerivedData/Expensio-futtgngxcysvvhcljmosbeftqmyc/Build/Intermediates.noindex/Pods.build/Debug-iphonesimulator/RNSVG.build/Objects-normal/x86_64/RNSVGFeBlend.o /Users/sparkles/Documents/CodingFiles/FullStack/expensioApp/frontend/node_modules/react-native-svg/apple/Filters/RNSVGFeBlend.mm normal x86_64 objective-c++ com.apple.compilers.llvm.clang.1_0.compiler (in target 'RNSVG' from project 'Pods')
    cd /Users/sparkles/Documents/CodingFiles/FullStack/expensioApp/frontend/ios/Pods
    
    Using response file: /Users/sparkles/Library/Developer/Xcode/DerivedData/Expensio-futtgngxcysvvhcljmosbeftqmyc/Build/Intermediates.noindex/Pods.build/Debug-iphonesimulator/RNSVG.build/Objects-normal/x86_64/af3fcb34312c57c0f52879cdce924b91-common-args.resp
    
    /Applications/Xcode.app/Contents/Developer/Toolchains/XcodeDefault.xctoolchain/usr/bin/clang -x objective-c++ -ivfsstatcache /Users/sparkles/Library/Developer/Xcode/DerivedData/SDKStatCaches.noindex/iphonesimulator27.0-24A430-8dc58220667be655e1bcc261a7455254.sdkstatcache -target x86_64-apple-ios17.0-simulator -fmessage-length\=0 -fdiagnostics-show-note-include-stack -fmacro-backtrace-limit\=0 -fno-color-diagnostics -fmodules-prune-interval\=86400 -fmodules-prune-after\=345600 -fbuild-session-file\=/Users/sparkles/Library/Developer/Xcode/DerivedData/ModuleCache.noindex/Session.modulevalidation -fmodules-validate-once-per-build-session -Wnon-modular-include-in-framework-module -Werror\=non-modular-include-in-framework-module -Wno-trigraphs -Wno-missing-field-initializers -Wno-missing-prototypes -Werror\=return-type -Wdocumentation -Wunreachable-code -Wno-implicit-atomic-properties -Werror\=deprecated-objc-isa-usage -Wno-objc-interface-ivars -Werror\=objc-root-class -Wno-arc-repeated-use-of-weak -Wimplicit-retain-self -Wno-non-virtual-dtor -Wno-overloaded-virtual -Wno-exit-time-destructors -Wduplicate-method-match -Wno-missing-braces -Wparentheses -Wswitch -Wunused-function -Wno-unused-label -Wno-unused-parameter -Wunused-variable -Wunused-value -Wempty-body -Wuninitialized -Wconditional-uninitialized -Wno-unknown-pragmas -Wno-shadow -Wno-four-char-constants -Wno-conversion -Wconstant-conversion -Wint-conversion -Wbool-conversion -Wenum-conversion -Wno-float-conversion -Wnon-literal-null-conversion -Wobjc-literal-conversion -Wshorten-64-to-32 -Wno-newline-eof -Wno-selector -Wno-strict-selector-match -Wundeclared-selector -Wdeprecated-implementations -Wno-c++11-extensions -Wno-implicit-fallthrough -isysroot /Applications/Xcode.app/Contents/Developer/Platforms/iPhoneSimulator.platform/Developer/SDKs/iPhoneSimulator27.0.sdk -fstrict-aliasing -Wprotocol -Wdeprecated-declarations -Winvalid-offsetof -Wno-sign-conversion -Winfinite-recursion -Wmove -Wcomma -Wblock-capture-autoreleasing -Wstrict-prototypes -Wrange-loop-analysis -Wno-semicolon-before-method-body -Wunguarded-availability -index-store-path /Users/sparkles/Library/Developer/Xcode/DerivedData/Expensio-futtgngxcysvvhcljmosbeftqmyc/Index.noindex/DataStore @/Users/sparkles/Library/Developer/Xcode/DerivedData/Expensio-futtgngxcysvvhcljmosbeftqmyc/Build/Intermediates.noindex/Pods.build/Debug-iphonesimulator/RNSVG.build/Objects-normal/x86_64/af3fcb34312c57c0f52879cdce924b91-common-args.resp -DRCT_NEW_ARCH_ENABLED\=1 -include /Users/sparkles/Documents/CodingFiles/FullStack/expensioApp/frontend/ios/Pods/Target\ Support\ Files/RNSVG/RNSVG-prefix.pch -MMD -MT dependencies -MF /Users/sparkles/Library/Developer/Xcode/DerivedData/Expensio-futtgngxcysvvhcljmosbeftqmyc/Build/Intermediates.noindex/Pods.build/Debug-iphonesimulator/RNSVG.build/Objects-normal/x86_64/RNSVGFeBlend.d --serialize-diagnostics /Users/sparkles/Library/Developer/Xcode/DerivedData/Expensio-futtgngxcysvvhcljmosbeftqmyc/Build/Intermediates.noindex/Pods.build/Debug-iphonesimulator/RNSVG.build/Objects-normal/x86_64/RNSVGFeBlend.dia -c /Users/sparkles/Documents/CodingFiles/FullStack/expensioApp/frontend/node_modules/react-native-svg/apple/Filters/RNSVGFeBlend.mm -o /Users/sparkles/Library/Developer/Xcode/DerivedData/Expensio-futtgngxcysvvhcljmosbeftqmyc/Build/Intermediates.noindex/Pods.build/Debug-iphonesimulator/RNSVG.build/Objects-normal/x86_64/RNSVGFeBlend.o -index-unit-output-path /Pods.build/Debug-iphonesimulator/RNSVG.build/Objects-normal/x86_64/RNSVGFeBlend.o
/Users/sparkles/Documents/CodingFiles/FullStack/expensioApp/frontend/node_modules/react-native-svg/apple/Filters/RNSVGFeBlend.mm:49:1: warning: method possibly missing a [super updateProps:oldProps:] call [-Wobjc-missing-super-calls]
   49 | }
      | ^
In file included from /Users/sparkles/Documents/CodingFiles/FullStack/expensioApp/frontend/node_modules/react-native-svg/apple/Filters/RNSVGFeBlend.mm:9:
/Users/sparkles/Documents/CodingFiles/FullStack/expensioApp/frontend/node_modules/react-native-svg/apple/Utils/RNSVGFabricConversions.h:246:19: warning: unused function 'intToRNSVGVBMOS' [-Wunused-function]
  246 | static RNSVGVBMOS intToRNSVGVBMOS(int value)
      |                   ^~~~~~~~~~~~~~~
2 warnings generated.

CompileC /Users/sparkles/Library/Developer/Xcode/DerivedData/Expensio-futtgngxcysvvhcljmosbeftqmyc/Build/Intermediates.noindex/Pods.build/Debug-iphonesimulator/RNSVG.build/Objects-normal/x86_64/RNSVGEllipseManager.o /Users/sparkles/Documents/CodingFiles/FullStack/expensioApp/frontend/node_modules/react-native-svg/apple/ViewManagers/RNSVGEllipseManager.mm normal x86_64 objective-c++ com.apple.compilers.llvm.clang.1_0.compiler (in target 'RNSVG' from project 'Pods')
    cd /Users/sparkles/Documents/CodingFiles/FullStack/expensioApp/frontend/ios/Pods
    
    Using response file: /Users/sparkles/Library/Developer/Xcode/DerivedData/Expensio-futtgngxcysvvhcljmosbeftqmyc/Build/Intermediates.noindex/Pods.build/Debug-iphonesimulator/RNSVG.build/Objects-normal/x86_64/af3fcb34312c57c0f52879cdce924b91-common-args.resp
    
    /Applications/Xcode.app/Contents/Developer/Toolchains/XcodeDefault.xctoolchain/usr/bin/clang -x objective-c++ -ivfsstatcache /Users/sparkles/Library/Developer/Xcode/DerivedData/SDKStatCaches.noindex/iphonesimulator27.0-24A430-8dc58220667be655e1bcc261a7455254.sdkstatcache -target x86_64-apple-ios17.0-simulator -fmessage-length\=0 -fdiagnostics-show-note-include-stack -fmacro-backtrace-limit\=0 -fno-color-diagnostics -fmodules-prune-interval\=86400 -fmodules-prune-after\=345600 -fbuild-session-file\=/Users/sparkles/Library/Developer/Xcode/DerivedData/ModuleCache.noindex/Session.modulevalidation -fmodules-validate-once-per-build-session -Wnon-modular-include-in-framework-module -Werror\=non-modular-include-in-framework-module -Wno-trigraphs -Wno-missing-field-initializers -Wno-missing-prototypes -Werror\=return-type -Wdocumentation -Wunreachable-code -Wno-implicit-atomic-properties -Werror\=deprecated-objc-isa-usage -Wno-objc-interface-ivars -Werror\=objc-root-class -Wno-arc-repeated-use-of-weak -Wimplicit-retain-self -Wno-non-virtual-dtor -Wno-overloaded-virtual -Wno-exit-time-destructors -Wduplicate-method-match -Wno-missing-braces -Wparentheses -Wswitch -Wunused-function -Wno-unused-label -Wno-unused-parameter -Wunused-variable -Wunused-value -Wempty-body -Wuninitialized -Wconditional-uninitialized -Wno-unknown-pragmas -Wno-shadow -Wno-four-char-constants -Wno-conversion -Wconstant-conversion -Wint-conversion -Wbool-conversion -Wenum-conversion -Wno-float-conversion -Wnon-literal-null-conversion -Wobjc-literal-conversion -Wshorten-64-to-32 -Wno-newline-eof -Wno-selector -Wno-strict-selector-match -Wundeclared-selector -Wdeprecated-implementations -Wno-c++11-extensions -Wno-implicit-fallthrough -isysroot /Applications/Xcode.app/Contents/Developer/Platforms/iPhoneSimulator.platform/Developer/SDKs/iPhoneSimulator27.0.sdk -fstrict-aliasing -Wprotocol -Wdeprecated-declarations -Winvalid-offsetof -Wno-sign-conversion -Winfinite-recursion -Wmove -Wcomma -Wblock-capture-autoreleasing -Wstrict-prototypes -Wrange-loop-analysis -Wno-semicolon-before-method-body -Wunguarded-availability -index-store-path /Users/sparkles/Library/Developer/Xcode/DerivedData/Expensio-futtgngxcysvvhcljmosbeftqmyc/Index.noindex/DataStore @/Users/sparkles/Library/Developer/Xcode/DerivedData/Expensio-futtgngxcysvvhcljmosbeftqmyc/Build/Intermediates.noindex/Pods.build/Debug-iphonesimulator/RNSVG.build/Objects-normal/x86_64/af3fcb34312c57c0f52879cdce924b91-common-args.resp -DRCT_NEW_ARCH_ENABLED\=1 -include /Users/sparkles/Documents/CodingFiles/FullStack/expensioApp/frontend/ios/Pods/Target\ Support\ Files/RNSVG/RNSVG-prefix.pch -MMD -MT dependencies -MF /Users/sparkles/Library/Developer/Xcode/DerivedData/Expensio-futtgngxcysvvhcljmosbeftqmyc/Build/Intermediates.noindex/Pods.build/Debug-iphonesimulator/RNSVG.build/Objects-normal/x86_64/RNSVGEllipseManager.d --serialize-diagnostics /Users/sparkles/Library/Developer/Xcode/DerivedData/Expensio-futtgngxcysvvhcljmosbeftqmyc/Build/Intermediates.noindex/Pods.build/Debug-iphonesimulator/RNSVG.build/Objects-normal/x86_64/RNSVGEllipseManager.dia -c /Users/sparkles/Documents/CodingFiles/FullStack/expensioApp/frontend/node_modules/react-native-svg/apple/ViewManagers/RNSVGEllipseManager.mm -o /Users/sparkles/Library/Developer/Xcode/DerivedData/Expensio-futtgngxcysvvhcljmosbeftqmyc/Build/Intermediates.noindex/Pods.build/Debug-iphonesimulator/RNSVG.build/Objects-normal/x86_64/RNSVGEllipseManager.o -index-unit-output-path /Pods.build/Debug-iphonesimulator/RNSVG.build/Objects-normal/x86_64/RNSVGEllipseManager.o

CompileC /Users/sparkles/Library/Developer/Xcode/DerivedData/Expensio-futtgngxcysvvhcljmosbeftqmyc/Build/Intermediates.noindex/Pods.build/Debug-iphonesimulator/RNSVG.build/Objects-normal/x86_64/RNSVGEllipse.o /Users/sparkles/Documents/CodingFiles/FullStack/expensioApp/frontend/node_modules/react-native-svg/apple/Shapes/RNSVGEllipse.mm normal x86_64 objective-c++ com.apple.compilers.llvm.clang.1_0.compiler (in target 'RNSVG' from project 'Pods')
    cd /Users/sparkles/Documents/CodingFiles/FullStack/expensioApp/frontend/ios/Pods
    
    Using response file: /Users/sparkles/Library/Developer/Xcode/DerivedData/Expensio-futtgngxcysvvhcljmosbeftqmyc/Build/Intermediates.noindex/Pods.build/Debug-iphonesimulator/RNSVG.build/Objects-normal/x86_64/af3fcb34312c57c0f52879cdce924b91-common-args.resp
    
    /Applications/Xcode.app/Contents/Developer/Toolchains/XcodeDefault.xctoolchain/usr/bin/clang -x objective-c++ -ivfsstatcache /Users/sparkles/Library/Developer/Xcode/DerivedData/SDKStatCaches.noindex/iphonesimulator27.0-24A430-8dc58220667be655e1bcc261a7455254.sdkstatcache -target x86_64-apple-ios17.0-simulator -fmessage-length\=0 -fdiagnostics-show-note-include-stack -fmacro-backtrace-limit\=0 -fno-color-diagnostics -fmodules-prune-interval\=86400 -fmodules-prune-after\=345600 -fbuild-session-file\=/Users/sparkles/Library/Developer/Xcode/DerivedData/ModuleCache.noindex/Session.modulevalidation -fmodules-validate-once-per-build-session -Wnon-modular-include-in-framework-module -Werror\=non-modular-include-in-framework-module -Wno-trigraphs -Wno-missing-field-initializers -Wno-missing-prototypes -Werror\=return-type -Wdocumentation -Wunreachable-code -Wno-implicit-atomic-properties -Werror\=deprecated-objc-isa-usage -Wno-objc-interface-ivars -Werror\=objc-root-class -Wno-arc-repeated-use-of-weak -Wimplicit-retain-self -Wno-non-virtual-dtor -Wno-overloaded-virtual -Wno-exit-time-destructors -Wduplicate-method-match -Wno-missing-braces -Wparentheses -Wswitch -Wunused-function -Wno-unused-label -Wno-unused-parameter -Wunused-variable -Wunused-value -Wempty-body -Wuninitialized -Wconditional-uninitialized -Wno-unknown-pragmas -Wno-shadow -Wno-four-char-constants -Wno-conversion -Wconstant-conversion -Wint-conversion -Wbool-conversion -Wenum-conversion -Wno-float-conversion -Wnon-literal-null-conversion -Wobjc-literal-conversion -Wshorten-64-to-32 -Wno-newline-eof -Wno-selector -Wno-strict-selector-match -Wundeclared-selector -Wdeprecated-implementations -Wno-c++11-extensions -Wno-implicit-fallthrough -isysroot /Applications/Xcode.app/Contents/Developer/Platforms/iPhoneSimulator.platform/Developer/SDKs/iPhoneSimulator27.0.sdk -fstrict-aliasing -Wprotocol -Wdeprecated-declarations -Winvalid-offsetof -Wno-sign-conversion -Winfinite-recursion -Wmove -Wcomma -Wblock-capture-autoreleasing -Wstrict-prototypes -Wrange-loop-analysis -Wno-semicolon-before-method-body -Wunguarded-availability -index-store-path /Users/sparkles/Library/Developer/Xcode/DerivedData/Expensio-futtgngxcysvvhcljmosbeftqmyc/Index.noindex/DataStore @/Users/sparkles/Library/Developer/Xcode/DerivedData/Expensio-futtgngxcysvvhcljmosbeftqmyc/Build/Intermediates.noindex/Pods.build/Debug-iphonesimulator/RNSVG.build/Objects-normal/x86_64/af3fcb34312c57c0f52879cdce924b91-common-args.resp -DRCT_NEW_ARCH_ENABLED\=1 -include /Users/sparkles/Documents/CodingFiles/FullStack/expensioApp/frontend/ios/Pods/Target\ Support\ Files/RNSVG/RNSVG-prefix.pch -MMD -MT dependencies -MF /Users/sparkles/Library/Developer/Xcode/DerivedData/Expensio-futtgngxcysvvhcljmosbeftqmyc/Build/Intermediates.noindex/Pods.build/Debug-iphonesimulator/RNSVG.build/Objects-normal/x86_64/RNSVGEllipse.d --serialize-diagnostics /Users/sparkles/Library/Developer/Xcode/DerivedData/Expensio-futtgngxcysvvhcljmosbeftqmyc/Build/Intermediates.noindex/Pods.build/Debug-iphonesimulator/RNSVG.build/Objects-normal/x86_64/RNSVGEllipse.dia -c /Users/sparkles/Documents/CodingFiles/FullStack/expensioApp/frontend/node_modules/react-native-svg/apple/Shapes/RNSVGEllipse.mm -o /Users/sparkles/Library/Developer/Xcode/DerivedData/Expensio-futtgngxcysvvhcljmosbeftqmyc/Build/Intermediates.noindex/Pods.build/Debug-iphonesimulator/RNSVG.build/Objects-normal/x86_64/RNSVGEllipse.o -index-unit-output-path /Pods.build/Debug-iphonesimulator/RNSVG.build/Objects-normal/x86_64/RNSVGEllipse.o
/Users/sparkles/Documents/CodingFiles/FullStack/expensioApp/frontend/node_modules/react-native-svg/apple/Shapes/RNSVGEllipse.mm:70:1: warning: method possibly missing a [super updateProps:oldProps:] call [-Wobjc-missing-super-calls]
   70 | }
      | ^
In file included from /Users/sparkles/Documents/CodingFiles/FullStack/expensioApp/frontend/node_modules/react-native-svg/apple/Shapes/RNSVGEllipse.mm:17:
/Users/sparkles/Documents/CodingFiles/FullStack/expensioApp/frontend/node_modules/react-native-svg/apple/Utils/RNSVGFabricConversions.h:246:19: warning: unused function 'intToRNSVGVBMOS' [-Wunused-function]
  246 | static RNSVGVBMOS intToRNSVGVBMOS(int value)
      |                   ^~~~~~~~~~~~~~~
2 warnings generated.

CompileC /Users/sparkles/Library/Developer/Xcode/DerivedData/Expensio-futtgngxcysvvhcljmosbeftqmyc/Build/Intermediates.noindex/Pods.build/Debug-iphonesimulator/RNSVG.build/Objects-normal/x86_64/RNSVGDefsManager.o /Users/sparkles/Documents/CodingFiles/FullStack/expensioApp/frontend/node_modules/react-native-svg/apple/ViewManagers/RNSVGDefsManager.mm normal x86_64 objective-c++ com.apple.compilers.llvm.clang.1_0.compiler (in target 'RNSVG' from project 'Pods')
    cd /Users/sparkles/Documents/CodingFiles/FullStack/expensioApp/frontend/ios/Pods
    
    Using response file: /Users/sparkles/Library/Developer/Xcode/DerivedData/Expensio-futtgngxcysvvhcljmosbeftqmyc/Build/Intermediates.noindex/Pods.build/Debug-iphonesimulator/RNSVG.build/Objects-normal/x86_64/af3fcb34312c57c0f52879cdce924b91-common-args.resp
    
    /Applications/Xcode.app/Contents/Developer/Toolchains/XcodeDefault.xctoolchain/usr/bin/clang -x objective-c++ -ivfsstatcache /Users/sparkles/Library/Developer/Xcode/DerivedData/SDKStatCaches.noindex/iphonesimulator27.0-24A430-8dc58220667be655e1bcc261a7455254.sdkstatcache -target x86_64-apple-ios17.0-simulator -fmessage-length\=0 -fdiagnostics-show-note-include-stack -fmacro-backtrace-limit\=0 -fno-color-diagnostics -fmodules-prune-interval\=86400 -fmodules-prune-after\=345600 -fbuild-session-file\=/Users/sparkles/Library/Developer/Xcode/DerivedData/ModuleCache.noindex/Session.modulevalidation -fmodules-validate-once-per-build-session -Wnon-modular-include-in-framework-module -Werror\=non-modular-include-in-framework-module -Wno-trigraphs -Wno-missing-field-initializers -Wno-missing-prototypes -Werror\=return-type -Wdocumentation -Wunreachable-code -Wno-implicit-atomic-properties -Werror\=deprecated-objc-isa-usage -Wno-objc-interface-ivars -Werror\=objc-root-class -Wno-arc-repeated-use-of-weak -Wimplicit-retain-self -Wno-non-virtual-dtor -Wno-overloaded-virtual -Wno-exit-time-destructors -Wduplicate-method-match -Wno-missing-braces -Wparentheses -Wswitch -Wunused-function -Wno-unused-label -Wno-unused-parameter -Wunused-variable -Wunused-value -Wempty-body -Wuninitialized -Wconditional-uninitialized -Wno-unknown-pragmas -Wno-shadow -Wno-four-char-constants -Wno-conversion -Wconstant-conversion -Wint-conversion -Wbool-conversion -Wenum-conversion -Wno-float-conversion -Wnon-literal-null-conversion -Wobjc-literal-conversion -Wshorten-64-to-32 -Wno-newline-eof -Wno-selector -Wno-strict-selector-match -Wundeclared-selector -Wdeprecated-implementations -Wno-c++11-extensions -Wno-implicit-fallthrough -isysroot /Applications/Xcode.app/Contents/Developer/Platforms/iPhoneSimulator.platform/Developer/SDKs/iPhoneSimulator27.0.sdk -fstrict-aliasing -Wprotocol -Wdeprecated-declarations -Winvalid-offsetof -Wno-sign-conversion -Winfinite-recursion -Wmove -Wcomma -Wblock-capture-autoreleasing -Wstrict-prototypes -Wrange-loop-analysis -Wno-semicolon-before-method-body -Wunguarded-availability -index-store-path /Users/sparkles/Library/Developer/Xcode/DerivedData/Expensio-futtgngxcysvvhcljmosbeftqmyc/Index.noindex/DataStore @/Users/sparkles/Library/Developer/Xcode/DerivedData/Expensio-futtgngxcysvvhcljmosbeftqmyc/Build/Intermediates.noindex/Pods.build/Debug-iphonesimulator/RNSVG.build/Objects-normal/x86_64/af3fcb34312c57c0f52879cdce924b91-common-args.resp -DRCT_NEW_ARCH_ENABLED\=1 -include /Users/sparkles/Documents/CodingFiles/FullStack/expensioApp/frontend/ios/Pods/Target\ Support\ Files/RNSVG/RNSVG-prefix.pch -MMD -MT dependencies -MF /Users/sparkles/Library/Developer/Xcode/DerivedData/Expensio-futtgngxcysvvhcljmosbeftqmyc/Build/Intermediates.noindex/Pods.build/Debug-iphonesimulator/RNSVG.build/Objects-normal/x86_64/RNSVGDefsManager.d --serialize-diagnostics /Users/sparkles/Library/Developer/Xcode/DerivedData/Expensio-futtgngxcysvvhcljmosbeftqmyc/Build/Intermediates.noindex/Pods.build/Debug-iphonesimulator/RNSVG.build/Objects-normal/x86_64/RNSVGDefsManager.dia -c /Users/sparkles/Documents/CodingFiles/FullStack/expensioApp/frontend/node_modules/react-native-svg/apple/ViewManagers/RNSVGDefsManager.mm -o /Users/sparkles/Library/Developer/Xcode/DerivedData/Expensio-futtgngxcysvvhcljmosbeftqmyc/Build/Intermediates.noindex/Pods.build/Debug-iphonesimulator/RNSVG.build/Objects-normal/x86_64/RNSVGDefsManager.o -index-unit-output-path /Pods.build/Debug-iphonesimulator/RNSVG.build/Objects-normal/x86_64/RNSVGDefsManager.o

CompileC /Users/sparkles/Library/Developer/Xcode/DerivedData/Expensio-futtgngxcysvvhcljmosbeftqmyc/Build/Intermediates.noindex/Pods.build/Debug-iphonesimulator/RNSVG.build/Objects-normal/x86_64/RNSVGDefs.o /Users/sparkles/Documents/CodingFiles/FullStack/expensioApp/frontend/node_modules/react-native-svg/apple/Elements/RNSVGDefs.mm normal x86_64 objective-c++ com.apple.compilers.llvm.clang.1_0.compiler (in target 'RNSVG' from project 'Pods')
    cd /Users/sparkles/Documents/CodingFiles/FullStack/expensioApp/frontend/ios/Pods
    
    Using response file: /Users/sparkles/Library/Developer/Xcode/DerivedData/Expensio-futtgngxcysvvhcljmosbeftqmyc/Build/Intermediates.noindex/Pods.build/Debug-iphonesimulator/RNSVG.build/Objects-normal/x86_64/af3fcb34312c57c0f52879cdce924b91-common-args.resp
    
    /Applications/Xcode.app/Contents/Developer/Toolchains/XcodeDefault.xctoolchain/usr/bin/clang -x objective-c++ -ivfsstatcache /Users/sparkles/Library/Developer/Xcode/DerivedData/SDKStatCaches.noindex/iphonesimulator27.0-24A430-8dc58220667be655e1bcc261a7455254.sdkstatcache -target x86_64-apple-ios17.0-simulator -fmessage-length\=0 -fdiagnostics-show-note-include-stack -fmacro-backtrace-limit\=0 -fno-color-diagnostics -fmodules-prune-interval\=86400 -fmodules-prune-after\=345600 -fbuild-session-file\=/Users/sparkles/Library/Developer/Xcode/DerivedData/ModuleCache.noindex/Session.modulevalidation -fmodules-validate-once-per-build-session -Wnon-modular-include-in-framework-module -Werror\=non-modular-include-in-framework-module -Wno-trigraphs -Wno-missing-field-initializers -Wno-missing-prototypes -Werror\=return-type -Wdocumentation -Wunreachable-code -Wno-implicit-atomic-properties -Werror\=deprecated-objc-isa-usage -Wno-objc-interface-ivars -Werror\=objc-root-class -Wno-arc-repeated-use-of-weak -Wimplicit-retain-self -Wno-non-virtual-dtor -Wno-overloaded-virtual -Wno-exit-time-destructors -Wduplicate-method-match -Wno-missing-braces -Wparentheses -Wswitch -Wunused-function -Wno-unused-label -Wno-unused-parameter -Wunused-variable -Wunused-value -Wempty-body -Wuninitialized -Wconditional-uninitialized -Wno-unknown-pragmas -Wno-shadow -Wno-four-char-constants -Wno-conversion -Wconstant-conversion -Wint-conversion -Wbool-conversion -Wenum-conversion -Wno-float-conversion -Wnon-literal-null-conversion -Wobjc-literal-conversion -Wshorten-64-to-32 -Wno-newline-eof -Wno-selector -Wno-strict-selector-match -Wundeclared-selector -Wdeprecated-implementations -Wno-c++11-extensions -Wno-implicit-fallthrough -isysroot /Applications/Xcode.app/Contents/Developer/Platforms/iPhoneSimulator.platform/Developer/SDKs/iPhoneSimulator27.0.sdk -fstrict-aliasing -Wprotocol -Wdeprecated-declarations -Winvalid-offsetof -Wno-sign-conversion -Winfinite-recursion -Wmove -Wcomma -Wblock-capture-autoreleasing -Wstrict-prototypes -Wrange-loop-analysis -Wno-semicolon-before-method-body -Wunguarded-availability -index-store-path /Users/sparkles/Library/Developer/Xcode/DerivedData/Expensio-futtgngxcysvvhcljmosbeftqmyc/Index.noindex/DataStore @/Users/sparkles/Library/Developer/Xcode/DerivedData/Expensio-futtgngxcysvvhcljmosbeftqmyc/Build/Intermediates.noindex/Pods.build/Debug-iphonesimulator/RNSVG.build/Objects-normal/x86_64/af3fcb34312c57c0f52879cdce924b91-common-args.resp -DRCT_NEW_ARCH_ENABLED\=1 -include /Users/sparkles/Documents/CodingFiles/FullStack/expensioApp/frontend/ios/Pods/Target\ Support\ Files/RNSVG/RNSVG-prefix.pch -MMD -MT dependencies -MF /Users/sparkles/Library/Developer/Xcode/DerivedData/Expensio-futtgngxcysvvhcljmosbeftqmyc/Build/Intermediates.noindex/Pods.build/Debug-iphonesimulator/RNSVG.build/Objects-normal/x86_64/RNSVGDefs.d --serialize-diagnostics /Users/sparkles/Library/Developer/Xcode/DerivedData/Expensio-futtgngxcysvvhcljmosbeftqmyc/Build/Intermediates.noindex/Pods.build/Debug-iphonesimulator/RNSVG.build/Objects-normal/x86_64/RNSVGDefs.dia -c /Users/sparkles/Documents/CodingFiles/FullStack/expensioApp/frontend/node_modules/react-native-svg/apple/Elements/RNSVGDefs.mm -o /Users/sparkles/Library/Developer/Xcode/DerivedData/Expensio-futtgngxcysvvhcljmosbeftqmyc/Build/Intermediates.noindex/Pods.build/Debug-iphonesimulator/RNSVG.build/Objects-normal/x86_64/RNSVGDefs.o -index-unit-output-path /Pods.build/Debug-iphonesimulator/RNSVG.build/Objects-normal/x86_64/RNSVGDefs.o
In file included from /Users/sparkles/Documents/CodingFiles/FullStack/expensioApp/frontend/node_modules/react-native-svg/apple/Elements/RNSVGDefs.mm:15:
/Users/sparkles/Documents/CodingFiles/FullStack/expensioApp/frontend/node_modules/react-native-svg/apple/Utils/RNSVGFabricConversions.h:17:11: warning: 'static' function 'RNSVGConvertFollyDynamicToId' declared in header file should be declared 'static inline' [-Wunneeded-internal-declaration]
   17 | static id RNSVGConvertFollyDynamicToId(const folly::dynamic &dyn)
      |           ^~~~~~~~~~~~~~~~~~~~~~~~~~~~
/Users/sparkles/Documents/CodingFiles/FullStack/expensioApp/frontend/node_modules/react-native-svg/apple/Utils/RNSVGFabricConversions.h:246:19: warning: unused function 'intToRNSVGVBMOS' [-Wunused-function]
  246 | static RNSVGVBMOS intToRNSVGVBMOS(int value)
      |                   ^~~~~~~~~~~~~~~
2 warnings generated.

CompileC /Users/sparkles/Library/Developer/Xcode/DerivedData/Expensio-futtgngxcysvvhcljmosbeftqmyc/Build/Intermediates.noindex/Pods.build/Debug-iphonesimulator/RNSVG.build/Objects-normal/x86_64/RNSVGCustomFilter.o /Users/sparkles/Documents/CodingFiles/FullStack/expensioApp/frontend/node_modules/react-native-svg/apple/Filters/MetalCI/RNSVGCustomFilter.mm normal x86_64 objective-c++ com.apple.compilers.llvm.clang.1_0.compiler (in target 'RNSVG' from project 'Pods')
    cd /Users/sparkles/Documents/CodingFiles/FullStack/expensioApp/frontend/ios/Pods
    
    Using response file: /Users/sparkles/Library/Developer/Xcode/DerivedData/Expensio-futtgngxcysvvhcljmosbeftqmyc/Build/Intermediates.noindex/Pods.build/Debug-iphonesimulator/RNSVG.build/Objects-normal/x86_64/af3fcb34312c57c0f52879cdce924b91-common-args.resp
    
    /Applications/Xcode.app/Contents/Developer/Toolchains/XcodeDefault.xctoolchain/usr/bin/clang -x objective-c++ -ivfsstatcache /Users/sparkles/Library/Developer/Xcode/DerivedData/SDKStatCaches.noindex/iphonesimulator27.0-24A430-8dc58220667be655e1bcc261a7455254.sdkstatcache -target x86_64-apple-ios17.0-simulator -fmessage-length\=0 -fdiagnostics-show-note-include-stack -fmacro-backtrace-limit\=0 -fno-color-diagnostics -fmodules-prune-interval\=86400 -fmodules-prune-after\=345600 -fbuild-session-file\=/Users/sparkles/Library/Developer/Xcode/DerivedData/ModuleCache.noindex/Session.modulevalidation -fmodules-validate-once-per-build-session -Wnon-modular-include-in-framework-module -Werror\=non-modular-include-in-framework-module -Wno-trigraphs -Wno-missing-field-initializers -Wno-missing-prototypes -Werror\=return-type -Wdocumentation -Wunreachable-code -Wno-implicit-atomic-properties -Werror\=deprecated-objc-isa-usage -Wno-objc-interface-ivars -Werror\=objc-root-class -Wno-arc-repeated-use-of-weak -Wimplicit-retain-self -Wno-non-virtual-dtor -Wno-overloaded-virtual -Wno-exit-time-destructors -Wduplicate-method-match -Wno-missing-braces -Wparentheses -Wswitch -Wunused-function -Wno-unused-label -Wno-unused-parameter -Wunused-variable -Wunused-value -Wempty-body -Wuninitialized -Wconditional-uninitialized -Wno-unknown-pragmas -Wno-shadow -Wno-four-char-constants -Wno-conversion -Wconstant-conversion -Wint-conversion -Wbool-conversion -Wenum-conversion -Wno-float-conversion -Wnon-literal-null-conversion -Wobjc-literal-conversion -Wshorten-64-to-32 -Wno-newline-eof -Wno-selector -Wno-strict-selector-match -Wundeclared-selector -Wdeprecated-implementations -Wno-c++11-extensions -Wno-implicit-fallthrough -isysroot /Applications/Xcode.app/Contents/Developer/Platforms/iPhoneSimulator.platform/Developer/SDKs/iPhoneSimulator27.0.sdk -fstrict-aliasing -Wprotocol -Wdeprecated-declarations -Winvalid-offsetof -Wno-sign-conversion -Winfinite-recursion -Wmove -Wcomma -Wblock-capture-autoreleasing -Wstrict-prototypes -Wrange-loop-analysis -Wno-semicolon-before-method-body -Wunguarded-availability -index-store-path /Users/sparkles/Library/Developer/Xcode/DerivedData/Expensio-futtgngxcysvvhcljmosbeftqmyc/Index.noindex/DataStore @/Users/sparkles/Library/Developer/Xcode/DerivedData/Expensio-futtgngxcysvvhcljmosbeftqmyc/Build/Intermediates.noindex/Pods.build/Debug-iphonesimulator/RNSVG.build/Objects-normal/x86_64/af3fcb34312c57c0f52879cdce924b91-common-args.resp -DRCT_NEW_ARCH_ENABLED\=1 -include /Users/sparkles/Documents/CodingFiles/FullStack/expensioApp/frontend/ios/Pods/Target\ Support\ Files/RNSVG/RNSVG-prefix.pch -MMD -MT dependencies -MF /Users/sparkles/Library/Developer/Xcode/DerivedData/Expensio-futtgngxcysvvhcljmosbeftqmyc/Build/Intermediates.noindex/Pods.build/Debug-iphonesimulator/RNSVG.build/Objects-normal/x86_64/RNSVGCustomFilter.d --serialize-diagnostics /Users/sparkles/Library/Developer/Xcode/DerivedData/Expensio-futtgngxcysvvhcljmosbeftqmyc/Build/Intermediates.noindex/Pods.build/Debug-iphonesimulator/RNSVG.build/Objects-normal/x86_64/RNSVGCustomFilter.dia -c /Users/sparkles/Documents/CodingFiles/FullStack/expensioApp/frontend/node_modules/react-native-svg/apple/Filters/MetalCI/RNSVGCustomFilter.mm -o /Users/sparkles/Library/Developer/Xcode/DerivedData/Expensio-futtgngxcysvvhcljmosbeftqmyc/Build/Intermediates.noindex/Pods.build/Debug-iphonesimulator/RNSVG.build/Objects-normal/x86_64/RNSVGCustomFilter.o -index-unit-output-path /Pods.build/Debug-iphonesimulator/RNSVG.build/Objects-normal/x86_64/RNSVGCustomFilter.o

CompileC /Users/sparkles/Library/Developer/Xcode/DerivedData/Expensio-futtgngxcysvvhcljmosbeftqmyc/Build/Intermediates.noindex/Pods.build/Debug-iphonesimulator/RNSVG.build/Objects-normal/x86_64/RNSVGConvert.o /Users/sparkles/Documents/CodingFiles/FullStack/expensioApp/frontend/node_modules/react-native-svg/apple/Utils/RNSVGConvert.mm normal x86_64 objective-c++ com.apple.compilers.llvm.clang.1_0.compiler (in target 'RNSVG' from project 'Pods')
    cd /Users/sparkles/Documents/CodingFiles/FullStack/expensioApp/frontend/ios/Pods
    
    Using response file: /Users/sparkles/Library/Developer/Xcode/DerivedData/Expensio-futtgngxcysvvhcljmosbeftqmyc/Build/Intermediates.noindex/Pods.build/Debug-iphonesimulator/RNSVG.build/Objects-normal/x86_64/af3fcb34312c57c0f52879cdce924b91-common-args.resp
    
    /Applications/Xcode.app/Contents/Developer/Toolchains/XcodeDefault.xctoolchain/usr/bin/clang -x objective-c++ -ivfsstatcache /Users/sparkles/Library/Developer/Xcode/DerivedData/SDKStatCaches.noindex/iphonesimulator27.0-24A430-8dc58220667be655e1bcc261a7455254.sdkstatcache -target x86_64-apple-ios17.0-simulator -fmessage-length\=0 -fdiagnostics-show-note-include-stack -fmacro-backtrace-limit\=0 -fno-color-diagnostics -fmodules-prune-interval\=86400 -fmodules-prune-after\=345600 -fbuild-session-file\=/Users/sparkles/Library/Developer/Xcode/DerivedData/ModuleCache.noindex/Session.modulevalidation -fmodules-validate-once-per-build-session -Wnon-modular-include-in-framework-module -Werror\=non-modular-include-in-framework-module -Wno-trigraphs -Wno-missing-field-initializers -Wno-missing-prototypes -Werror\=return-type -Wdocumentation -Wunreachable-code -Wno-implicit-atomic-properties -Werror\=deprecated-objc-isa-usage -Wno-objc-interface-ivars -Werror\=objc-root-class -Wno-arc-repeated-use-of-weak -Wimplicit-retain-self -Wno-non-virtual-dtor -Wno-overloaded-virtual -Wno-exit-time-destructors -Wduplicate-method-match -Wno-missing-braces -Wparentheses -Wswitch -Wunused-function -Wno-unused-label -Wno-unused-parameter -Wunused-variable -Wunused-value -Wempty-body -Wuninitialized -Wconditional-uninitialized -Wno-unknown-pragmas -Wno-shadow -Wno-four-char-constants -Wno-conversion -Wconstant-conversion -Wint-conversion -Wbool-conversion -Wenum-conversion -Wno-float-conversion -Wnon-literal-null-conversion -Wobjc-literal-conversion -Wshorten-64-to-32 -Wno-newline-eof -Wno-selector -Wno-strict-selector-match -Wundeclared-selector -Wdeprecated-implementations -Wno-c++11-extensions -Wno-implicit-fallthrough -isysroot /Applications/Xcode.app/Contents/Developer/Platforms/iPhoneSimulator.platform/Developer/SDKs/iPhoneSimulator27.0.sdk -fstrict-aliasing -Wprotocol -Wdeprecated-declarations -Winvalid-offsetof -Wno-sign-conversion -Winfinite-recursion -Wmove -Wcomma -Wblock-capture-autoreleasing -Wstrict-prototypes -Wrange-loop-analysis -Wno-semicolon-before-method-body -Wunguarded-availability -index-store-path /Users/sparkles/Library/Developer/Xcode/DerivedData/Expensio-futtgngxcysvvhcljmosbeftqmyc/Index.noindex/DataStore @/Users/sparkles/Library/Developer/Xcode/DerivedData/Expensio-futtgngxcysvvhcljmosbeftqmyc/Build/Intermediates.noindex/Pods.build/Debug-iphonesimulator/RNSVG.build/Objects-normal/x86_64/af3fcb34312c57c0f52879cdce924b91-common-args.resp -DRCT_NEW_ARCH_ENABLED\=1 -include /Users/sparkles/Documents/CodingFiles/FullStack/expensioApp/frontend/ios/Pods/Target\ Support\ Files/RNSVG/RNSVG-prefix.pch -MMD -MT dependencies -MF /Users/sparkles/Library/Developer/Xcode/DerivedData/Expensio-futtgngxcysvvhcljmosbeftqmyc/Build/Intermediates.noindex/Pods.build/Debug-iphonesimulator/RNSVG.build/Objects-normal/x86_64/RNSVGConvert.d --serialize-diagnostics /Users/sparkles/Library/Developer/Xcode/DerivedData/Expensio-futtgngxcysvvhcljmosbeftqmyc/Build/Intermediates.noindex/Pods.build/Debug-iphonesimulator/RNSVG.build/Objects-normal/x86_64/RNSVGConvert.dia -c /Users/sparkles/Documents/CodingFiles/FullStack/expensioApp/frontend/node_modules/react-native-svg/apple/Utils/RNSVGConvert.mm -o /Users/sparkles/Library/Developer/Xcode/DerivedData/Expensio-futtgngxcysvvhcljmosbeftqmyc/Build/Intermediates.noindex/Pods.build/Debug-iphonesimulator/RNSVG.build/Objects-normal/x86_64/RNSVGConvert.o -index-unit-output-path /Pods.build/Debug-iphonesimulator/RNSVG.build/Objects-normal/x86_64/RNSVGConvert.o

CompileC /Users/sparkles/Library/Developer/Xcode/DerivedData/Expensio-futtgngxcysvvhcljmosbeftqmyc/Build/Intermediates.noindex/Pods.build/Debug-iphonesimulator/RNSVG.build/Objects-normal/x86_64/RNSVGContextBrush.o /Users/sparkles/Documents/CodingFiles/FullStack/expensioApp/frontend/node_modules/react-native-svg/apple/Brushes/RNSVGContextBrush.mm normal x86_64 objective-c++ com.apple.compilers.llvm.clang.1_0.compiler (in target 'RNSVG' from project 'Pods')
    cd /Users/sparkles/Documents/CodingFiles/FullStack/expensioApp/frontend/ios/Pods
    
    Using response file: /Users/sparkles/Library/Developer/Xcode/DerivedData/Expensio-futtgngxcysvvhcljmosbeftqmyc/Build/Intermediates.noindex/Pods.build/Debug-iphonesimulator/RNSVG.build/Objects-normal/x86_64/af3fcb34312c57c0f52879cdce924b91-common-args.resp
    
    /Applications/Xcode.app/Contents/Developer/Toolchains/XcodeDefault.xctoolchain/usr/bin/clang -x objective-c++ -ivfsstatcache /Users/sparkles/Library/Developer/Xcode/DerivedData/SDKStatCaches.noindex/iphonesimulator27.0-24A430-8dc58220667be655e1bcc261a7455254.sdkstatcache -target x86_64-apple-ios17.0-simulator -fmessage-length\=0 -fdiagnostics-show-note-include-stack -fmacro-backtrace-limit\=0 -fno-color-diagnostics -fmodules-prune-interval\=86400 -fmodules-prune-after\=345600 -fbuild-session-file\=/Users/sparkles/Library/Developer/Xcode/DerivedData/ModuleCache.noindex/Session.modulevalidation -fmodules-validate-once-per-build-session -Wnon-modular-include-in-framework-module -Werror\=non-modular-include-in-framework-module -Wno-trigraphs -Wno-missing-field-initializers -Wno-missing-prototypes -Werror\=return-type -Wdocumentation -Wunreachable-code -Wno-implicit-atomic-properties -Werror\=deprecated-objc-isa-usage -Wno-objc-interface-ivars -Werror\=objc-root-class -Wno-arc-repeated-use-of-weak -Wimplicit-retain-self -Wno-non-virtual-dtor -Wno-overloaded-virtual -Wno-exit-time-destructors -Wduplicate-method-match -Wno-missing-braces -Wparentheses -Wswitch -Wunused-function -Wno-unused-label -Wno-unused-parameter -Wunused-variable -Wunused-value -Wempty-body -Wuninitialized -Wconditional-uninitialized -Wno-unknown-pragmas -Wno-shadow -Wno-four-char-constants -Wno-conversion -Wconstant-conversion -Wint-conversion -Wbool-conversion -Wenum-conversion -Wno-float-conversion -Wnon-literal-null-conversion -Wobjc-literal-conversion -Wshorten-64-to-32 -Wno-newline-eof -Wno-selector -Wno-strict-selector-match -Wundeclared-selector -Wdeprecated-implementations -Wno-c++11-extensions -Wno-implicit-fallthrough -isysroot /Applications/Xcode.app/Contents/Developer/Platforms/iPhoneSimulator.platform/Developer/SDKs/iPhoneSimulator27.0.sdk -fstrict-aliasing -Wprotocol -Wdeprecated-declarations -Winvalid-offsetof -Wno-sign-conversion -Winfinite-recursion -Wmove -Wcomma -Wblock-capture-autoreleasing -Wstrict-prototypes -Wrange-loop-analysis -Wno-semicolon-before-method-body -Wunguarded-availability -index-store-path /Users/sparkles/Library/Developer/Xcode/DerivedData/Expensio-futtgngxcysvvhcljmosbeftqmyc/Index.noindex/DataStore @/Users/sparkles/Library/Developer/Xcode/DerivedData/Expensio-futtgngxcysvvhcljmosbeftqmyc/Build/Intermediates.noindex/Pods.build/Debug-iphonesimulator/RNSVG.build/Objects-normal/x86_64/af3fcb34312c57c0f52879cdce924b91-common-args.resp -DRCT_NEW_ARCH_ENABLED\=1 -include /Users/sparkles/Documents/CodingFiles/FullStack/expensioApp/frontend/ios/Pods/Target\ Support\ Files/RNSVG/RNSVG-prefix.pch -MMD -MT dependencies -MF /Users/sparkles/Library/Developer/Xcode/DerivedData/Expensio-futtgngxcysvvhcljmosbeftqmyc/Build/Intermediates.noindex/Pods.build/Debug-iphonesimulator/RNSVG.build/Objects-normal/x86_64/RNSVGContextBrush.d --serialize-diagnostics /Users/sparkles/Library/Developer/Xcode/DerivedData/Expensio-futtgngxcysvvhcljmosbeftqmyc/Build/Intermediates.noindex/Pods.build/Debug-iphonesimulator/RNSVG.build/Objects-normal/x86_64/RNSVGContextBrush.dia -c /Users/sparkles/Documents/CodingFiles/FullStack/expensioApp/frontend/node_modules/react-native-svg/apple/Brushes/RNSVGContextBrush.mm -o /Users/sparkles/Library/Developer/Xcode/DerivedData/Expensio-futtgngxcysvvhcljmosbeftqmyc/Build/Intermediates.noindex/Pods.build/Debug-iphonesimulator/RNSVG.build/Objects-normal/x86_64/RNSVGContextBrush.o -index-unit-output-path /Pods.build/Debug-iphonesimulator/RNSVG.build/Objects-normal/x86_64/RNSVGContextBrush.o

CompileC /Users/sparkles/Library/Developer/Xcode/DerivedData/Expensio-futtgngxcysvvhcljmosbeftqmyc/Build/Intermediates.noindex/Pods.build/Debug-iphonesimulator/RNSVG.build/Objects-normal/x86_64/RNSVGCompositeXor.o /Users/sparkles/Documents/CodingFiles/FullStack/expensioApp/frontend/node_modules/react-native-svg/apple/Filters/MetalCI/RNSVGCompositeXor.mm normal x86_64 objective-c++ com.apple.compilers.llvm.clang.1_0.compiler (in target 'RNSVG' from project 'Pods')
    cd /Users/sparkles/Documents/CodingFiles/FullStack/expensioApp/frontend/ios/Pods
    
    Using response file: /Users/sparkles/Library/Developer/Xcode/DerivedData/Expensio-futtgngxcysvvhcljmosbeftqmyc/Build/Intermediates.noindex/Pods.build/Debug-iphonesimulator/RNSVG.build/Objects-normal/x86_64/af3fcb34312c57c0f52879cdce924b91-common-args.resp
    
    /Applications/Xcode.app/Contents/Developer/Toolchains/XcodeDefault.xctoolchain/usr/bin/clang -x objective-c++ -ivfsstatcache /Users/sparkles/Library/Developer/Xcode/DerivedData/SDKStatCaches.noindex/iphonesimulator27.0-24A430-8dc58220667be655e1bcc261a7455254.sdkstatcache -target x86_64-apple-ios17.0-simulator -fmessage-length\=0 -fdiagnostics-show-note-include-stack -fmacro-backtrace-limit\=0 -fno-color-diagnostics -fmodules-prune-interval\=86400 -fmodules-prune-after\=345600 -fbuild-session-file\=/Users/sparkles/Library/Developer/Xcode/DerivedData/ModuleCache.noindex/Session.modulevalidation -fmodules-validate-once-per-build-session -Wnon-modular-include-in-framework-module -Werror\=non-modular-include-in-framework-module -Wno-trigraphs -Wno-missing-field-initializers -Wno-missing-prototypes -Werror\=return-type -Wdocumentation -Wunreachable-code -Wno-implicit-atomic-properties -Werror\=deprecated-objc-isa-usage -Wno-objc-interface-ivars -Werror\=objc-root-class -Wno-arc-repeated-use-of-weak -Wimplicit-retain-self -Wno-non-virtual-dtor -Wno-overloaded-virtual -Wno-exit-time-destructors -Wduplicate-method-match -Wno-missing-braces -Wparentheses -Wswitch -Wunused-function -Wno-unused-label -Wno-unused-parameter -Wunused-variable -Wunused-value -Wempty-body -Wuninitialized -Wconditional-uninitialized -Wno-unknown-pragmas -Wno-shadow -Wno-four-char-constants -Wno-conversion -Wconstant-conversion -Wint-conversion -Wbool-conversion -Wenum-conversion -Wno-float-conversion -Wnon-literal-null-conversion -Wobjc-literal-conversion -Wshorten-64-to-32 -Wno-newline-eof -Wno-selector -Wno-strict-selector-match -Wundeclared-selector -Wdeprecated-implementations -Wno-c++11-extensions -Wno-implicit-fallthrough -isysroot /Applications/Xcode.app/Contents/Developer/Platforms/iPhoneSimulator.platform/Developer/SDKs/iPhoneSimulator27.0.sdk -fstrict-aliasing -Wprotocol -Wdeprecated-declarations -Winvalid-offsetof -Wno-sign-conversion -Winfinite-recursion -Wmove -Wcomma -Wblock-capture-autoreleasing -Wstrict-prototypes -Wrange-loop-analysis -Wno-semicolon-before-method-body -Wunguarded-availability -index-store-path /Users/sparkles/Library/Developer/Xcode/DerivedData/Expensio-futtgngxcysvvhcljmosbeftqmyc/Index.noindex/DataStore @/Users/sparkles/Library/Developer/Xcode/DerivedData/Expensio-futtgngxcysvvhcljmosbeftqmyc/Build/Intermediates.noindex/Pods.build/Debug-iphonesimulator/RNSVG.build/Objects-normal/x86_64/af3fcb34312c57c0f52879cdce924b91-common-args.resp -DRCT_NEW_ARCH_ENABLED\=1 -include /Users/sparkles/Documents/CodingFiles/FullStack/expensioApp/frontend/ios/Pods/Target\ Support\ Files/RNSVG/RNSVG-prefix.pch -MMD -MT dependencies -MF /Users/sparkles/Library/Developer/Xcode/DerivedData/Expensio-futtgngxcysvvhcljmosbeftqmyc/Build/Intermediates.noindex/Pods.build/Debug-iphonesimulator/RNSVG.build/Objects-normal/x86_64/RNSVGCompositeXor.d --serialize-diagnostics /Users/sparkles/Library/Developer/Xcode/DerivedData/Expensio-futtgngxcysvvhcljmosbeftqmyc/Build/Intermediates.noindex/Pods.build/Debug-iphonesimulator/RNSVG.build/Objects-normal/x86_64/RNSVGCompositeXor.dia -c /Users/sparkles/Documents/CodingFiles/FullStack/expensioApp/frontend/node_modules/react-native-svg/apple/Filters/MetalCI/RNSVGCompositeXor.mm -o /Users/sparkles/Library/Developer/Xcode/DerivedData/Expensio-futtgngxcysvvhcljmosbeftqmyc/Build/Intermediates.noindex/Pods.build/Debug-iphonesimulator/RNSVG.build/Objects-normal/x86_64/RNSVGCompositeXor.o -index-unit-output-path /Pods.build/Debug-iphonesimulator/RNSVG.build/Objects-normal/x86_64/RNSVGCompositeXor.o

CompileC /Users/sparkles/Library/Developer/Xcode/DerivedData/Expensio-futtgngxcysvvhcljmosbeftqmyc/Build/Intermediates.noindex/Pods.build/Debug-iphonesimulator/RNSVG.build/Objects-normal/x86_64/RNSVGClipPathManager.o /Users/sparkles/Documents/CodingFiles/FullStack/expensioApp/frontend/node_modules/react-native-svg/apple/ViewManagers/RNSVGClipPathManager.mm normal x86_64 objective-c++ com.apple.compilers.llvm.clang.1_0.compiler (in target 'RNSVG' from project 'Pods')
    cd /Users/sparkles/Documents/CodingFiles/FullStack/expensioApp/frontend/ios/Pods
    
    Using response file: /Users/sparkles/Library/Developer/Xcode/DerivedData/Expensio-futtgngxcysvvhcljmosbeftqmyc/Build/Intermediates.noindex/Pods.build/Debug-iphonesimulator/RNSVG.build/Objects-normal/x86_64/af3fcb34312c57c0f52879cdce924b91-common-args.resp
    
    /Applications/Xcode.app/Contents/Developer/Toolchains/XcodeDefault.xctoolchain/usr/bin/clang -x objective-c++ -ivfsstatcache /Users/sparkles/Library/Developer/Xcode/DerivedData/SDKStatCaches.noindex/iphonesimulator27.0-24A430-8dc58220667be655e1bcc261a7455254.sdkstatcache -target x86_64-apple-ios17.0-simulator -fmessage-length\=0 -fdiagnostics-show-note-include-stack -fmacro-backtrace-limit\=0 -fno-color-diagnostics -fmodules-prune-interval\=86400 -fmodules-prune-after\=345600 -fbuild-session-file\=/Users/sparkles/Library/Developer/Xcode/DerivedData/ModuleCache.noindex/Session.modulevalidation -fmodules-validate-once-per-build-session -Wnon-modular-include-in-framework-module -Werror\=non-modular-include-in-framework-module -Wno-trigraphs -Wno-missing-field-initializers -Wno-missing-prototypes -Werror\=return-type -Wdocumentation -Wunreachable-code -Wno-implicit-atomic-properties -Werror\=deprecated-objc-isa-usage -Wno-objc-interface-ivars -Werror\=objc-root-class -Wno-arc-repeated-use-of-weak -Wimplicit-retain-self -Wno-non-virtual-dtor -Wno-overloaded-virtual -Wno-exit-time-destructors -Wduplicate-method-match -Wno-missing-braces -Wparentheses -Wswitch -Wunused-function -Wno-unused-label -Wno-unused-parameter -Wunused-variable -Wunused-value -Wempty-body -Wuninitialized -Wconditional-uninitialized -Wno-unknown-pragmas -Wno-shadow -Wno-four-char-constants -Wno-conversion -Wconstant-conversion -Wint-conversion -Wbool-conversion -Wenum-conversion -Wno-float-conversion -Wnon-literal-null-conversion -Wobjc-literal-conversion -Wshorten-64-to-32 -Wno-newline-eof -Wno-selector -Wno-strict-selector-match -Wundeclared-selector -Wdeprecated-implementations -Wno-c++11-extensions -Wno-implicit-fallthrough -isysroot /Applications/Xcode.app/Contents/Developer/Platforms/iPhoneSimulator.platform/Developer/SDKs/iPhoneSimulator27.0.sdk -fstrict-aliasing -Wprotocol -Wdeprecated-declarations -Winvalid-offsetof -Wno-sign-conversion -Winfinite-recursion -Wmove -Wcomma -Wblock-capture-autoreleasing -Wstrict-prototypes -Wrange-loop-analysis -Wno-semicolon-before-method-body -Wunguarded-availability -index-store-path /Users/sparkles/Library/Developer/Xcode/DerivedData/Expensio-futtgngxcysvvhcljmosbeftqmyc/Index.noindex/DataStore @/Users/sparkles/Library/Developer/Xcode/DerivedData/Expensio-futtgngxcysvvhcljmosbeftqmyc/Build/Intermediates.noindex/Pods.build/Debug-iphonesimulator/RNSVG.build/Objects-normal/x86_64/af3fcb34312c57c0f52879cdce924b91-common-args.resp -DRCT_NEW_ARCH_ENABLED\=1 -include /Users/sparkles/Documents/CodingFiles/FullStack/expensioApp/frontend/ios/Pods/Target\ Support\ Files/RNSVG/RNSVG-prefix.pch -MMD -MT dependencies -MF /Users/sparkles/Library/Developer/Xcode/DerivedData/Expensio-futtgngxcysvvhcljmosbeftqmyc/Build/Intermediates.noindex/Pods.build/Debug-iphonesimulator/RNSVG.build/Objects-normal/x86_64/RNSVGClipPathManager.d --serialize-diagnostics /Users/sparkles/Library/Developer/Xcode/DerivedData/Expensio-futtgngxcysvvhcljmosbeftqmyc/Build/Intermediates.noindex/Pods.build/Debug-iphonesimulator/RNSVG.build/Objects-normal/x86_64/RNSVGClipPathManager.dia -c /Users/sparkles/Documents/CodingFiles/FullStack/expensioApp/frontend/node_modules/react-native-svg/apple/ViewManagers/RNSVGClipPathManager.mm -o /Users/sparkles/Library/Developer/Xcode/DerivedData/Expensio-futtgngxcysvvhcljmosbeftqmyc/Build/Intermediates.noindex/Pods.build/Debug-iphonesimulator/RNSVG.build/Objects-normal/x86_64/RNSVGClipPathManager.o -index-unit-output-path /Pods.build/Debug-iphonesimulator/RNSVG.build/Objects-normal/x86_64/RNSVGClipPathManager.o

CompileC /Users/sparkles/Library/Developer/Xcode/DerivedData/Expensio-futtgngxcysvvhcljmosbeftqmyc/Build/Intermediates.noindex/Pods.build/Debug-iphonesimulator/RNSVG.build/Objects-normal/x86_64/RNSVGClipPath.o /Users/sparkles/Documents/CodingFiles/FullStack/expensioApp/frontend/node_modules/react-native-svg/apple/Elements/RNSVGClipPath.mm normal x86_64 objective-c++ com.apple.compilers.llvm.clang.1_0.compiler (in target 'RNSVG' from project 'Pods')
    cd /Users/sparkles/Documents/CodingFiles/FullStack/expensioApp/frontend/ios/Pods
    
    Using response file: /Users/sparkles/Library/Developer/Xcode/DerivedData/Expensio-futtgngxcysvvhcljmosbeftqmyc/Build/Intermediates.noindex/Pods.build/Debug-iphonesimulator/RNSVG.build/Objects-normal/x86_64/af3fcb34312c57c0f52879cdce924b91-common-args.resp
    
    /Applications/Xcode.app/Contents/Developer/Toolchains/XcodeDefault.xctoolchain/usr/bin/clang -x objective-c++ -ivfsstatcache /Users/sparkles/Library/Developer/Xcode/DerivedData/SDKStatCaches.noindex/iphonesimulator27.0-24A430-8dc58220667be655e1bcc261a7455254.sdkstatcache -target x86_64-apple-ios17.0-simulator -fmessage-length\=0 -fdiagnostics-show-note-include-stack -fmacro-backtrace-limit\=0 -fno-color-diagnostics -fmodules-prune-interval\=86400 -fmodules-prune-after\=345600 -fbuild-session-file\=/Users/sparkles/Library/Developer/Xcode/DerivedData/ModuleCache.noindex/Session.modulevalidation -fmodules-validate-once-per-build-session -Wnon-modular-include-in-framework-module -Werror\=non-modular-include-in-framework-module -Wno-trigraphs -Wno-missing-field-initializers -Wno-missing-prototypes -Werror\=return-type -Wdocumentation -Wunreachable-code -Wno-implicit-atomic-properties -Werror\=deprecated-objc-isa-usage -Wno-objc-interface-ivars -Werror\=objc-root-class -Wno-arc-repeated-use-of-weak -Wimplicit-retain-self -Wno-non-virtual-dtor -Wno-overloaded-virtual -Wno-exit-time-destructors -Wduplicate-method-match -Wno-missing-braces -Wparentheses -Wswitch -Wunused-function -Wno-unused-label -Wno-unused-parameter -Wunused-variable -Wunused-value -Wempty-body -Wuninitialized -Wconditional-uninitialized -Wno-unknown-pragmas -Wno-shadow -Wno-four-char-constants -Wno-conversion -Wconstant-conversion -Wint-conversion -Wbool-conversion -Wenum-conversion -Wno-float-conversion -Wnon-literal-null-conversion -Wobjc-literal-conversion -Wshorten-64-to-32 -Wno-newline-eof -Wno-selector -Wno-strict-selector-match -Wundeclared-selector -Wdeprecated-implementations -Wno-c++11-extensions -Wno-implicit-fallthrough -isysroot /Applications/Xcode.app/Contents/Developer/Platforms/iPhoneSimulator.platform/Developer/SDKs/iPhoneSimulator27.0.sdk -fstrict-aliasing -Wprotocol -Wdeprecated-declarations -Winvalid-offsetof -Wno-sign-conversion -Winfinite-recursion -Wmove -Wcomma -Wblock-capture-autoreleasing -Wstrict-prototypes -Wrange-loop-analysis -Wno-semicolon-before-method-body -Wunguarded-availability -index-store-path /Users/sparkles/Library/Developer/Xcode/DerivedData/Expensio-futtgngxcysvvhcljmosbeftqmyc/Index.noindex/DataStore @/Users/sparkles/Library/Developer/Xcode/DerivedData/Expensio-futtgngxcysvvhcljmosbeftqmyc/Build/Intermediates.noindex/Pods.build/Debug-iphonesimulator/RNSVG.build/Objects-normal/x86_64/af3fcb34312c57c0f52879cdce924b91-common-args.resp -DRCT_NEW_ARCH_ENABLED\=1 -include /Users/sparkles/Documents/CodingFiles/FullStack/expensioApp/frontend/ios/Pods/Target\ Support\ Files/RNSVG/RNSVG-prefix.pch -MMD -MT dependencies -MF /Users/sparkles/Library/Developer/Xcode/DerivedData/Expensio-futtgngxcysvvhcljmosbeftqmyc/Build/Intermediates.noindex/Pods.build/Debug-iphonesimulator/RNSVG.build/Objects-normal/x86_64/RNSVGClipPath.d --serialize-diagnostics /Users/sparkles/Library/Developer/Xcode/DerivedData/Expensio-futtgngxcysvvhcljmosbeftqmyc/Build/Intermediates.noindex/Pods.build/Debug-iphonesimulator/RNSVG.build/Objects-normal/x86_64/RNSVGClipPath.dia -c /Users/sparkles/Documents/CodingFiles/FullStack/expensioApp/frontend/node_modules/react-native-svg/apple/Elements/RNSVGClipPath.mm -o /Users/sparkles/Library/Developer/Xcode/DerivedData/Expensio-futtgngxcysvvhcljmosbeftqmyc/Build/Intermediates.noindex/Pods.build/Debug-iphonesimulator/RNSVG.build/Objects-normal/x86_64/RNSVGClipPath.o -index-unit-output-path /Pods.build/Debug-iphonesimulator/RNSVG.build/Objects-normal/x86_64/RNSVGClipPath.o
/Users/sparkles/Documents/CodingFiles/FullStack/expensioApp/frontend/node_modules/react-native-svg/apple/Elements/RNSVGClipPath.mm:51:1: warning: method possibly missing a [super updateProps:oldProps:] call [-Wobjc-missing-super-calls]
   51 | }
      | ^
In file included from /Users/sparkles/Documents/CodingFiles/FullStack/expensioApp/frontend/node_modules/react-native-svg/apple/Elements/RNSVGClipPath.mm:16:
/Users/sparkles/Documents/CodingFiles/FullStack/expensioApp/frontend/node_modules/react-native-svg/apple/Utils/RNSVGFabricConversions.h:17:11: warning: 'static' function 'RNSVGConvertFollyDynamicToId' declared in header file should be declared 'static inline' [-Wunneeded-internal-declaration]
   17 | static id RNSVGConvertFollyDynamicToId(const folly::dynamic &dyn)
      |           ^~~~~~~~~~~~~~~~~~~~~~~~~~~~
/Users/sparkles/Documents/CodingFiles/FullStack/expensioApp/frontend/node_modules/react-native-svg/apple/Utils/RNSVGFabricConversions.h:246:19: warning: unused function 'intToRNSVGVBMOS' [-Wunused-function]
  246 | static RNSVGVBMOS intToRNSVGVBMOS(int value)
      |                   ^~~~~~~~~~~~~~~
3 warnings generated.

CompileC /Users/sparkles/Library/Developer/Xcode/DerivedData/Expensio-futtgngxcysvvhcljmosbeftqmyc/Build/Intermediates.noindex/Pods.build/Debug-iphonesimulator/RNSVG.build/Objects-normal/x86_64/RNSVGCircleManager.o /Users/sparkles/Documents/CodingFiles/FullStack/expensioApp/frontend/node_modules/react-native-svg/apple/ViewManagers/RNSVGCircleManager.mm normal x86_64 objective-c++ com.apple.compilers.llvm.clang.1_0.compiler (in target 'RNSVG' from project 'Pods')
    cd /Users/sparkles/Documents/CodingFiles/FullStack/expensioApp/frontend/ios/Pods
    
    Using response file: /Users/sparkles/Library/Developer/Xcode/DerivedData/Expensio-futtgngxcysvvhcljmosbeftqmyc/Build/Intermediates.noindex/Pods.build/Debug-iphonesimulator/RNSVG.build/Objects-normal/x86_64/af3fcb34312c57c0f52879cdce924b91-common-args.resp
    
    /Applications/Xcode.app/Contents/Developer/Toolchains/XcodeDefault.xctoolchain/usr/bin/clang -x objective-c++ -ivfsstatcache /Users/sparkles/Library/Developer/Xcode/DerivedData/SDKStatCaches.noindex/iphonesimulator27.0-24A430-8dc58220667be655e1bcc261a7455254.sdkstatcache -target x86_64-apple-ios17.0-simulator -fmessage-length\=0 -fdiagnostics-show-note-include-stack -fmacro-backtrace-limit\=0 -fno-color-diagnostics -fmodules-prune-interval\=86400 -fmodules-prune-after\=345600 -fbuild-session-file\=/Users/sparkles/Library/Developer/Xcode/DerivedData/ModuleCache.noindex/Session.modulevalidation -fmodules-validate-once-per-build-session -Wnon-modular-include-in-framework-module -Werror\=non-modular-include-in-framework-module -Wno-trigraphs -Wno-missing-field-initializers -Wno-missing-prototypes -Werror\=return-type -Wdocumentation -Wunreachable-code -Wno-implicit-atomic-properties -Werror\=deprecated-objc-isa-usage -Wno-objc-interface-ivars -Werror\=objc-root-class -Wno-arc-repeated-use-of-weak -Wimplicit-retain-self -Wno-non-virtual-dtor -Wno-overloaded-virtual -Wno-exit-time-destructors -Wduplicate-method-match -Wno-missing-braces -Wparentheses -Wswitch -Wunused-function -Wno-unused-label -Wno-unused-parameter -Wunused-variable -Wunused-value -Wempty-body -Wuninitialized -Wconditional-uninitialized -Wno-unknown-pragmas -Wno-shadow -Wno-four-char-constants -Wno-conversion -Wconstant-conversion -Wint-conversion -Wbool-conversion -Wenum-conversion -Wno-float-conversion -Wnon-literal-null-conversion -Wobjc-literal-conversion -Wshorten-64-to-32 -Wno-newline-eof -Wno-selector -Wno-strict-selector-match -Wundeclared-selector -Wdeprecated-implementations -Wno-c++11-extensions -Wno-implicit-fallthrough -isysroot /Applications/Xcode.app/Contents/Developer/Platforms/iPhoneSimulator.platform/Developer/SDKs/iPhoneSimulator27.0.sdk -fstrict-aliasing -Wprotocol -Wdeprecated-declarations -Winvalid-offsetof -Wno-sign-conversion -Winfinite-recursion -Wmove -Wcomma -Wblock-capture-autoreleasing -Wstrict-prototypes -Wrange-loop-analysis -Wno-semicolon-before-method-body -Wunguarded-availability -index-store-path /Users/sparkles/Library/Developer/Xcode/DerivedData/Expensio-futtgngxcysvvhcljmosbeftqmyc/Index.noindex/DataStore @/Users/sparkles/Library/Developer/Xcode/DerivedData/Expensio-futtgngxcysvvhcljmosbeftqmyc/Build/Intermediates.noindex/Pods.build/Debug-iphonesimulator/RNSVG.build/Objects-normal/x86_64/af3fcb34312c57c0f52879cdce924b91-common-args.resp -DRCT_NEW_ARCH_ENABLED\=1 -include /Users/sparkles/Documents/CodingFiles/FullStack/expensioApp/frontend/ios/Pods/Target\ Support\ Files/RNSVG/RNSVG-prefix.pch -MMD -MT dependencies -MF /Users/sparkles/Library/Developer/Xcode/DerivedData/Expensio-futtgngxcysvvhcljmosbeftqmyc/Build/Intermediates.noindex/Pods.build/Debug-iphonesimulator/RNSVG.build/Objects-normal/x86_64/RNSVGCircleManager.d --serialize-diagnostics /Users/sparkles/Library/Developer/Xcode/DerivedData/Expensio-futtgngxcysvvhcljmosbeftqmyc/Build/Intermediates.noindex/Pods.build/Debug-iphonesimulator/RNSVG.build/Objects-normal/x86_64/RNSVGCircleManager.dia -c /Users/sparkles/Documents/CodingFiles/FullStack/expensioApp/frontend/node_modules/react-native-svg/apple/ViewManagers/RNSVGCircleManager.mm -o /Users/sparkles/Library/Developer/Xcode/DerivedData/Expensio-futtgngxcysvvhcljmosbeftqmyc/Build/Intermediates.noindex/Pods.build/Debug-iphonesimulator/RNSVG.build/Objects-normal/x86_64/RNSVGCircleManager.o -index-unit-output-path /Pods.build/Debug-iphonesimulator/RNSVG.build/Objects-normal/x86_64/RNSVGCircleManager.o

CompileC /Users/sparkles/Library/Developer/Xcode/DerivedData/Expensio-futtgngxcysvvhcljmosbeftqmyc/Build/Intermediates.noindex/Pods.build/Debug-iphonesimulator/RNSVG.build/Objects-normal/x86_64/RNSVGCircle.o /Users/sparkles/Documents/CodingFiles/FullStack/expensioApp/frontend/node_modules/react-native-svg/apple/Shapes/RNSVGCircle.mm normal x86_64 objective-c++ com.apple.compilers.llvm.clang.1_0.compiler (in target 'RNSVG' from project 'Pods')
    cd /Users/sparkles/Documents/CodingFiles/FullStack/expensioApp/frontend/ios/Pods
    
    Using response file: /Users/sparkles/Library/Developer/Xcode/DerivedData/Expensio-futtgngxcysvvhcljmosbeftqmyc/Build/Intermediates.noindex/Pods.build/Debug-iphonesimulator/RNSVG.build/Objects-normal/x86_64/af3fcb34312c57c0f52879cdce924b91-common-args.resp
    
    /Applications/Xcode.app/Contents/Developer/Toolchains/XcodeDefault.xctoolchain/usr/bin/clang -x objective-c++ -ivfsstatcache /Users/sparkles/Library/Developer/Xcode/DerivedData/SDKStatCaches.noindex/iphonesimulator27.0-24A430-8dc58220667be655e1bcc261a7455254.sdkstatcache -target x86_64-apple-ios17.0-simulator -fmessage-length\=0 -fdiagnostics-show-note-include-stack -fmacro-backtrace-limit\=0 -fno-color-diagnostics -fmodules-prune-interval\=86400 -fmodules-prune-after\=345600 -fbuild-session-file\=/Users/sparkles/Library/Developer/Xcode/DerivedData/ModuleCache.noindex/Session.modulevalidation -fmodules-validate-once-per-build-session -Wnon-modular-include-in-framework-module -Werror\=non-modular-include-in-framework-module -Wno-trigraphs -Wno-missing-field-initializers -Wno-missing-prototypes -Werror\=return-type -Wdocumentation -Wunreachable-code -Wno-implicit-atomic-properties -Werror\=deprecated-objc-isa-usage -Wno-objc-interface-ivars -Werror\=objc-root-class -Wno-arc-repeated-use-of-weak -Wimplicit-retain-self -Wno-non-virtual-dtor -Wno-overloaded-virtual -Wno-exit-time-destructors -Wduplicate-method-match -Wno-missing-braces -Wparentheses -Wswitch -Wunused-function -Wno-unused-label -Wno-unused-parameter -Wunused-variable -Wunused-value -Wempty-body -Wuninitialized -Wconditional-uninitialized -Wno-unknown-pragmas -Wno-shadow -Wno-four-char-constants -Wno-conversion -Wconstant-conversion -Wint-conversion -Wbool-conversion -Wenum-conversion -Wno-float-conversion -Wnon-literal-null-conversion -Wobjc-literal-conversion -Wshorten-64-to-32 -Wno-newline-eof -Wno-selector -Wno-strict-selector-match -Wundeclared-selector -Wdeprecated-implementations -Wno-c++11-extensions -Wno-implicit-fallthrough -isysroot /Applications/Xcode.app/Contents/Developer/Platforms/iPhoneSimulator.platform/Developer/SDKs/iPhoneSimulator27.0.sdk -fstrict-aliasing -Wprotocol -Wdeprecated-declarations -Winvalid-offsetof -Wno-sign-conversion -Winfinite-recursion -Wmove -Wcomma -Wblock-capture-autoreleasing -Wstrict-prototypes -Wrange-loop-analysis -Wno-semicolon-before-method-body -Wunguarded-availability -index-store-path /Users/sparkles/Library/Developer/Xcode/DerivedData/Expensio-futtgngxcysvvhcljmosbeftqmyc/Index.noindex/DataStore @/Users/sparkles/Library/Developer/Xcode/DerivedData/Expensio-futtgngxcysvvhcljmosbeftqmyc/Build/Intermediates.noindex/Pods.build/Debug-iphonesimulator/RNSVG.build/Objects-normal/x86_64/af3fcb34312c57c0f52879cdce924b91-common-args.resp -DRCT_NEW_ARCH_ENABLED\=1 -include /Users/sparkles/Documents/CodingFiles/FullStack/expensioApp/frontend/ios/Pods/Target\ Support\ Files/RNSVG/RNSVG-prefix.pch -MMD -MT dependencies -MF /Users/sparkles/Library/Developer/Xcode/DerivedData/Expensio-futtgngxcysvvhcljmosbeftqmyc/Build/Intermediates.noindex/Pods.build/Debug-iphonesimulator/RNSVG.build/Objects-normal/x86_64/RNSVGCircle.d --serialize-diagnostics /Users/sparkles/Library/Developer/Xcode/DerivedData/Expensio-futtgngxcysvvhcljmosbeftqmyc/Build/Intermediates.noindex/Pods.build/Debug-iphonesimulator/RNSVG.build/Objects-normal/x86_64/RNSVGCircle.dia -c /Users/sparkles/Documents/CodingFiles/FullStack/expensioApp/frontend/node_modules/react-native-svg/apple/Shapes/RNSVGCircle.mm -o /Users/sparkles/Library/Developer/Xcode/DerivedData/Expensio-futtgngxcysvvhcljmosbeftqmyc/Build/Intermediates.noindex/Pods.build/Debug-iphonesimulator/RNSVG.build/Objects-normal/x86_64/RNSVGCircle.o -index-unit-output-path /Pods.build/Debug-iphonesimulator/RNSVG.build/Objects-normal/x86_64/RNSVGCircle.o
/Users/sparkles/Documents/CodingFiles/FullStack/expensioApp/frontend/node_modules/react-native-svg/apple/Shapes/RNSVGCircle.mm:66:1: warning: method possibly missing a [super updateProps:oldProps:] call [-Wobjc-missing-super-calls]
   66 | }
      | ^
In file included from /Users/sparkles/Documents/CodingFiles/FullStack/expensioApp/frontend/node_modules/react-native-svg/apple/Shapes/RNSVGCircle.mm:17:
/Users/sparkles/Documents/CodingFiles/FullStack/expensioApp/frontend/node_modules/react-native-svg/apple/Utils/RNSVGFabricConversions.h:246:19: warning: unused function 'intToRNSVGVBMOS' [-Wunused-function]
  246 | static RNSVGVBMOS intToRNSVGVBMOS(int value)
      |                   ^~~~~~~~~~~~~~~
2 warnings generated.

CompileC /Users/sparkles/Library/Developer/Xcode/DerivedData/Expensio-futtgngxcysvvhcljmosbeftqmyc/Build/Intermediates.noindex/Pods.build/Debug-iphonesimulator/RNSVG.build/Objects-normal/x86_64/RNSVGBrush.o /Users/sparkles/Documents/CodingFiles/FullStack/expensioApp/frontend/node_modules/react-native-svg/apple/Brushes/RNSVGBrush.mm normal x86_64 objective-c++ com.apple.compilers.llvm.clang.1_0.compiler (in target 'RNSVG' from project 'Pods')
    cd /Users/sparkles/Documents/CodingFiles/FullStack/expensioApp/frontend/ios/Pods
    
    Using response file: /Users/sparkles/Library/Developer/Xcode/DerivedData/Expensio-futtgngxcysvvhcljmosbeftqmyc/Build/Intermediates.noindex/Pods.build/Debug-iphonesimulator/RNSVG.build/Objects-normal/x86_64/af3fcb34312c57c0f52879cdce924b91-common-args.resp
    
    /Applications/Xcode.app/Contents/Developer/Toolchains/XcodeDefault.xctoolchain/usr/bin/clang -x objective-c++ -ivfsstatcache /Users/sparkles/Library/Developer/Xcode/DerivedData/SDKStatCaches.noindex/iphonesimulator27.0-24A430-8dc58220667be655e1bcc261a7455254.sdkstatcache -target x86_64-apple-ios17.0-simulator -fmessage-length\=0 -fdiagnostics-show-note-include-stack -fmacro-backtrace-limit\=0 -fno-color-diagnostics -fmodules-prune-interval\=86400 -fmodules-prune-after\=345600 -fbuild-session-file\=/Users/sparkles/Library/Developer/Xcode/DerivedData/ModuleCache.noindex/Session.modulevalidation -fmodules-validate-once-per-build-session -Wnon-modular-include-in-framework-module -Werror\=non-modular-include-in-framework-module -Wno-trigraphs -Wno-missing-field-initializers -Wno-missing-prototypes -Werror\=return-type -Wdocumentation -Wunreachable-code -Wno-implicit-atomic-properties -Werror\=deprecated-objc-isa-usage -Wno-objc-interface-ivars -Werror\=objc-root-class -Wno-arc-repeated-use-of-weak -Wimplicit-retain-self -Wno-non-virtual-dtor -Wno-overloaded-virtual -Wno-exit-time-destructors -Wduplicate-method-match -Wno-missing-braces -Wparentheses -Wswitch -Wunused-function -Wno-unused-label -Wno-unused-parameter -Wunused-variable -Wunused-value -Wempty-body -Wuninitialized -Wconditional-uninitialized -Wno-unknown-pragmas -Wno-shadow -Wno-four-char-constants -Wno-conversion -Wconstant-conversion -Wint-conversion -Wbool-conversion -Wenum-conversion -Wno-float-conversion -Wnon-literal-null-conversion -Wobjc-literal-conversion -Wshorten-64-to-32 -Wno-newline-eof -Wno-selector -Wno-strict-selector-match -Wundeclared-selector -Wdeprecated-implementations -Wno-c++11-extensions -Wno-implicit-fallthrough -isysroot /Applications/Xcode.app/Contents/Developer/Platforms/iPhoneSimulator.platform/Developer/SDKs/iPhoneSimulator27.0.sdk -fstrict-aliasing -Wprotocol -Wdeprecated-declarations -Winvalid-offsetof -Wno-sign-conversion -Winfinite-recursion -Wmove -Wcomma -Wblock-capture-autoreleasing -Wstrict-prototypes -Wrange-loop-analysis -Wno-semicolon-before-method-body -Wunguarded-availability -index-store-path /Users/sparkles/Library/Developer/Xcode/DerivedData/Expensio-futtgngxcysvvhcljmosbeftqmyc/Index.noindex/DataStore @/Users/sparkles/Library/Developer/Xcode/DerivedData/Expensio-futtgngxcysvvhcljmosbeftqmyc/Build/Intermediates.noindex/Pods.build/Debug-iphonesimulator/RNSVG.build/Objects-normal/x86_64/af3fcb34312c57c0f52879cdce924b91-common-args.resp -DRCT_NEW_ARCH_ENABLED\=1 -include /Users/sparkles/Documents/CodingFiles/FullStack/expensioApp/frontend/ios/Pods/Target\ Support\ Files/RNSVG/RNSVG-prefix.pch -MMD -MT dependencies -MF /Users/sparkles/Library/Developer/Xcode/DerivedData/Expensio-futtgngxcysvvhcljmosbeftqmyc/Build/Intermediates.noindex/Pods.build/Debug-iphonesimulator/RNSVG.build/Objects-normal/x86_64/RNSVGBrush.d --serialize-diagnostics /Users/sparkles/Library/Developer/Xcode/DerivedData/Expensio-futtgngxcysvvhcljmosbeftqmyc/Build/Intermediates.noindex/Pods.build/Debug-iphonesimulator/RNSVG.build/Objects-normal/x86_64/RNSVGBrush.dia -c /Users/sparkles/Documents/CodingFiles/FullStack/expensioApp/frontend/node_modules/react-native-svg/apple/Brushes/RNSVGBrush.mm -o /Users/sparkles/Library/Developer/Xcode/DerivedData/Expensio-futtgngxcysvvhcljmosbeftqmyc/Build/Intermediates.noindex/Pods.build/Debug-iphonesimulator/RNSVG.build/Objects-normal/x86_64/RNSVGBrush.o -index-unit-output-path /Pods.build/Debug-iphonesimulator/RNSVG.build/Objects-normal/x86_64/RNSVGBrush.o

CompileC /Users/sparkles/Library/Developer/Xcode/DerivedData/Expensio-futtgngxcysvvhcljmosbeftqmyc/Build/Intermediates.noindex/Pods.build/Debug-iphonesimulator/RNSVG.build/Objects-normal/x86_64/RNSVGBezierElement.o /Users/sparkles/Documents/CodingFiles/FullStack/expensioApp/frontend/node_modules/react-native-svg/apple/Utils/RNSVGBezierElement.mm normal x86_64 objective-c++ com.apple.compilers.llvm.clang.1_0.compiler (in target 'RNSVG' from project 'Pods')
    cd /Users/sparkles/Documents/CodingFiles/FullStack/expensioApp/frontend/ios/Pods
    
    Using response file: /Users/sparkles/Library/Developer/Xcode/DerivedData/Expensio-futtgngxcysvvhcljmosbeftqmyc/Build/Intermediates.noindex/Pods.build/Debug-iphonesimulator/RNSVG.build/Objects-normal/x86_64/af3fcb34312c57c0f52879cdce924b91-common-args.resp
    
    /Applications/Xcode.app/Contents/Developer/Toolchains/XcodeDefault.xctoolchain/usr/bin/clang -x objective-c++ -ivfsstatcache /Users/sparkles/Library/Developer/Xcode/DerivedData/SDKStatCaches.noindex/iphonesimulator27.0-24A430-8dc58220667be655e1bcc261a7455254.sdkstatcache -target x86_64-apple-ios17.0-simulator -fmessage-length\=0 -fdiagnostics-show-note-include-stack -fmacro-backtrace-limit\=0 -fno-color-diagnostics -fmodules-prune-interval\=86400 -fmodules-prune-after\=345600 -fbuild-session-file\=/Users/sparkles/Library/Developer/Xcode/DerivedData/ModuleCache.noindex/Session.modulevalidation -fmodules-validate-once-per-build-session -Wnon-modular-include-in-framework-module -Werror\=non-modular-include-in-framework-module -Wno-trigraphs -Wno-missing-field-initializers -Wno-missing-prototypes -Werror\=return-type -Wdocumentation -Wunreachable-code -Wno-implicit-atomic-properties -Werror\=deprecated-objc-isa-usage -Wno-objc-interface-ivars -Werror\=objc-root-class -Wno-arc-repeated-use-of-weak -Wimplicit-retain-self -Wno-non-virtual-dtor -Wno-overloaded-virtual -Wno-exit-time-destructors -Wduplicate-method-match -Wno-missing-braces -Wparentheses -Wswitch -Wunused-function -Wno-unused-label -Wno-unused-parameter -Wunused-variable -Wunused-value -Wempty-body -Wuninitialized -Wconditional-uninitialized -Wno-unknown-pragmas -Wno-shadow -Wno-four-char-constants -Wno-conversion -Wconstant-conversion -Wint-conversion -Wbool-conversion -Wenum-conversion -Wno-float-conversion -Wnon-literal-null-conversion -Wobjc-literal-conversion -Wshorten-64-to-32 -Wno-newline-eof -Wno-selector -Wno-strict-selector-match -Wundeclared-selector -Wdeprecated-implementations -Wno-c++11-extensions -Wno-implicit-fallthrough -isysroot /Applications/Xcode.app/Contents/Developer/Platforms/iPhoneSimulator.platform/Developer/SDKs/iPhoneSimulator27.0.sdk -fstrict-aliasing -Wprotocol -Wdeprecated-declarations -Winvalid-offsetof -Wno-sign-conversion -Winfinite-recursion -Wmove -Wcomma -Wblock-capture-autoreleasing -Wstrict-prototypes -Wrange-loop-analysis -Wno-semicolon-before-method-body -Wunguarded-availability -index-store-path /Users/sparkles/Library/Developer/Xcode/DerivedData/Expensio-futtgngxcysvvhcljmosbeftqmyc/Index.noindex/DataStore @/Users/sparkles/Library/Developer/Xcode/DerivedData/Expensio-futtgngxcysvvhcljmosbeftqmyc/Build/Intermediates.noindex/Pods.build/Debug-iphonesimulator/RNSVG.build/Objects-normal/x86_64/af3fcb34312c57c0f52879cdce924b91-common-args.resp -DRCT_NEW_ARCH_ENABLED\=1 -include /Users/sparkles/Documents/CodingFiles/FullStack/expensioApp/frontend/ios/Pods/Target\ Support\ Files/RNSVG/RNSVG-prefix.pch -MMD -MT dependencies -MF /Users/sparkles/Library/Developer/Xcode/DerivedData/Expensio-futtgngxcysvvhcljmosbeftqmyc/Build/Intermediates.noindex/Pods.build/Debug-iphonesimulator/RNSVG.build/Objects-normal/x86_64/RNSVGBezierElement.d --serialize-diagnostics /Users/sparkles/Library/Developer/Xcode/DerivedData/Expensio-futtgngxcysvvhcljmosbeftqmyc/Build/Intermediates.noindex/Pods.build/Debug-iphonesimulator/RNSVG.build/Objects-normal/x86_64/RNSVGBezierElement.dia -c /Users/sparkles/Documents/CodingFiles/FullStack/expensioApp/frontend/node_modules/react-native-svg/apple/Utils/RNSVGBezierElement.mm -o /Users/sparkles/Library/Developer/Xcode/DerivedData/Expensio-futtgngxcysvvhcljmosbeftqmyc/Build/Intermediates.noindex/Pods.build/Debug-iphonesimulator/RNSVG.build/Objects-normal/x86_64/RNSVGBezierElement.o -index-unit-output-path /Pods.build/Debug-iphonesimulator/RNSVG.build/Objects-normal/x86_64/RNSVGBezierElement.o

CompileC /Users/sparkles/Library/Developer/Xcode/DerivedData/Expensio-futtgngxcysvvhcljmosbeftqmyc/Build/Intermediates.noindex/Pods.build/Debug-iphonesimulator/RNSVG.build/Objects-normal/x86_64/RNSVGArithmeticFilter.o /Users/sparkles/Documents/CodingFiles/FullStack/expensioApp/frontend/node_modules/react-native-svg/apple/Filters/MetalCI/RNSVGArithmeticFilter.mm normal x86_64 objective-c++ com.apple.compilers.llvm.clang.1_0.compiler (in target 'RNSVG' from project 'Pods')
    cd /Users/sparkles/Documents/CodingFiles/FullStack/expensioApp/frontend/ios/Pods
    
    Using response file: /Users/sparkles/Library/Developer/Xcode/DerivedData/Expensio-futtgngxcysvvhcljmosbeftqmyc/Build/Intermediates.noindex/Pods.build/Debug-iphonesimulator/RNSVG.build/Objects-normal/x86_64/af3fcb34312c57c0f52879cdce924b91-common-args.resp
    
    /Applications/Xcode.app/Contents/Developer/Toolchains/XcodeDefault.xctoolchain/usr/bin/clang -x objective-c++ -ivfsstatcache /Users/sparkles/Library/Developer/Xcode/DerivedData/SDKStatCaches.noindex/iphonesimulator27.0-24A430-8dc58220667be655e1bcc261a7455254.sdkstatcache -target x86_64-apple-ios17.0-simulator -fmessage-length\=0 -fdiagnostics-show-note-include-stack -fmacro-backtrace-limit\=0 -fno-color-diagnostics -fmodules-prune-interval\=86400 -fmodules-prune-after\=345600 -fbuild-session-file\=/Users/sparkles/Library/Developer/Xcode/DerivedData/ModuleCache.noindex/Session.modulevalidation -fmodules-validate-once-per-build-session -Wnon-modular-include-in-framework-module -Werror\=non-modular-include-in-framework-module -Wno-trigraphs -Wno-missing-field-initializers -Wno-missing-prototypes -Werror\=return-type -Wdocumentation -Wunreachable-code -Wno-implicit-atomic-properties -Werror\=deprecated-objc-isa-usage -Wno-objc-interface-ivars -Werror\=objc-root-class -Wno-arc-repeated-use-of-weak -Wimplicit-retain-self -Wno-non-virtual-dtor -Wno-overloaded-virtual -Wno-exit-time-destructors -Wduplicate-method-match -Wno-missing-braces -Wparentheses -Wswitch -Wunused-function -Wno-unused-label -Wno-unused-parameter -Wunused-variable -Wunused-value -Wempty-body -Wuninitialized -Wconditional-uninitialized -Wno-unknown-pragmas -Wno-shadow -Wno-four-char-constants -Wno-conversion -Wconstant-conversion -Wint-conversion -Wbool-conversion -Wenum-conversion -Wno-float-conversion -Wnon-literal-null-conversion -Wobjc-literal-conversion -Wshorten-64-to-32 -Wno-newline-eof -Wno-selector -Wno-strict-selector-match -Wundeclared-selector -Wdeprecated-implementations -Wno-c++11-extensions -Wno-implicit-fallthrough -isysroot /Applications/Xcode.app/Contents/Developer/Platforms/iPhoneSimulator.platform/Developer/SDKs/iPhoneSimulator27.0.sdk -fstrict-aliasing -Wprotocol -Wdeprecated-declarations -Winvalid-offsetof -Wno-sign-conversion -Winfinite-recursion -Wmove -Wcomma -Wblock-capture-autoreleasing -Wstrict-prototypes -Wrange-loop-analysis -Wno-semicolon-before-method-body -Wunguarded-availability -index-store-path /Users/sparkles/Library/Developer/Xcode/DerivedData/Expensio-futtgngxcysvvhcljmosbeftqmyc/Index.noindex/DataStore @/Users/sparkles/Library/Developer/Xcode/DerivedData/Expensio-futtgngxcysvvhcljmosbeftqmyc/Build/Intermediates.noindex/Pods.build/Debug-iphonesimulator/RNSVG.build/Objects-normal/x86_64/af3fcb34312c57c0f52879cdce924b91-common-args.resp -DRCT_NEW_ARCH_ENABLED\=1 -include /Users/sparkles/Documents/CodingFiles/FullStack/expensioApp/frontend/ios/Pods/Target\ Support\ Files/RNSVG/RNSVG-prefix.pch -MMD -MT dependencies -MF /Users/sparkles/Library/Developer/Xcode/DerivedData/Expensio-futtgngxcysvvhcljmosbeftqmyc/Build/Intermediates.noindex/Pods.build/Debug-iphonesimulator/RNSVG.build/Objects-normal/x86_64/RNSVGArithmeticFilter.d --serialize-diagnostics /Users/sparkles/Library/Developer/Xcode/DerivedData/Expensio-futtgngxcysvvhcljmosbeftqmyc/Build/Intermediates.noindex/Pods.build/Debug-iphonesimulator/RNSVG.build/Objects-normal/x86_64/RNSVGArithmeticFilter.dia -c /Users/sparkles/Documents/CodingFiles/FullStack/expensioApp/frontend/node_modules/react-native-svg/apple/Filters/MetalCI/RNSVGArithmeticFilter.mm -o /Users/sparkles/Library/Developer/Xcode/DerivedData/Expensio-futtgngxcysvvhcljmosbeftqmyc/Build/Intermediates.noindex/Pods.build/Debug-iphonesimulator/RNSVG.build/Objects-normal/x86_64/RNSVGArithmeticFilter.o -index-unit-output-path /Pods.build/Debug-iphonesimulator/RNSVG.build/Objects-normal/x86_64/RNSVGArithmeticFilter.o

CompileC /Users/sparkles/Library/Developer/Xcode/DerivedData/Expensio-futtgngxcysvvhcljmosbeftqmyc/Build/Intermediates.noindex/Pods.build/Debug-iphonesimulator/RNSVG.build/Objects-normal/x86_64/RCTConvert+RNSVG.o /Users/sparkles/Documents/CodingFiles/FullStack/expensioApp/frontend/node_modules/react-native-svg/apple/Utils/RCTConvert+RNSVG.mm normal x86_64 objective-c++ com.apple.compilers.llvm.clang.1_0.compiler (in target 'RNSVG' from project 'Pods')
    cd /Users/sparkles/Documents/CodingFiles/FullStack/expensioApp/frontend/ios/Pods
    
    Using response file: /Users/sparkles/Library/Developer/Xcode/DerivedData/Expensio-futtgngxcysvvhcljmosbeftqmyc/Build/Intermediates.noindex/Pods.build/Debug-iphonesimulator/RNSVG.build/Objects-normal/x86_64/af3fcb34312c57c0f52879cdce924b91-common-args.resp
    
    /Applications/Xcode.app/Contents/Developer/Toolchains/XcodeDefault.xctoolchain/usr/bin/clang -x objective-c++ -ivfsstatcache /Users/sparkles/Library/Developer/Xcode/DerivedData/SDKStatCaches.noindex/iphonesimulator27.0-24A430-8dc58220667be655e1bcc261a7455254.sdkstatcache -target x86_64-apple-ios17.0-simulator -fmessage-length\=0 -fdiagnostics-show-note-include-stack -fmacro-backtrace-limit\=0 -fno-color-diagnostics -fmodules-prune-interval\=86400 -fmodules-prune-after\=345600 -fbuild-session-file\=/Users/sparkles/Library/Developer/Xcode/DerivedData/ModuleCache.noindex/Session.modulevalidation -fmodules-validate-once-per-build-session -Wnon-modular-include-in-framework-module -Werror\=non-modular-include-in-framework-module -Wno-trigraphs -Wno-missing-field-initializers -Wno-missing-prototypes -Werror\=return-type -Wdocumentation -Wunreachable-code -Wno-implicit-atomic-properties -Werror\=deprecated-objc-isa-usage -Wno-objc-interface-ivars -Werror\=objc-root-class -Wno-arc-repeated-use-of-weak -Wimplicit-retain-self -Wno-non-virtual-dtor -Wno-overloaded-virtual -Wno-exit-time-destructors -Wduplicate-method-match -Wno-missing-braces -Wparentheses -Wswitch -Wunused-function -Wno-unused-label -Wno-unused-parameter -Wunused-variable -Wunused-value -Wempty-body -Wuninitialized -Wconditional-uninitialized -Wno-unknown-pragmas -Wno-shadow -Wno-four-char-constants -Wno-conversion -Wconstant-conversion -Wint-conversion -Wbool-conversion -Wenum-conversion -Wno-float-conversion -Wnon-literal-null-conversion -Wobjc-literal-conversion -Wshorten-64-to-32 -Wno-newline-eof -Wno-selector -Wno-strict-selector-match -Wundeclared-selector -Wdeprecated-implementations -Wno-c++11-extensions -Wno-implicit-fallthrough -isysroot /Applications/Xcode.app/Contents/Developer/Platforms/iPhoneSimulator.platform/Developer/SDKs/iPhoneSimulator27.0.sdk -fstrict-aliasing -Wprotocol -Wdeprecated-declarations -Winvalid-offsetof -Wno-sign-conversion -Winfinite-recursion -Wmove -Wcomma -Wblock-capture-autoreleasing -Wstrict-prototypes -Wrange-loop-analysis -Wno-semicolon-before-method-body -Wunguarded-availability -index-store-path /Users/sparkles/Library/Developer/Xcode/DerivedData/Expensio-futtgngxcysvvhcljmosbeftqmyc/Index.noindex/DataStore @/Users/sparkles/Library/Developer/Xcode/DerivedData/Expensio-futtgngxcysvvhcljmosbeftqmyc/Build/Intermediates.noindex/Pods.build/Debug-iphonesimulator/RNSVG.build/Objects-normal/x86_64/af3fcb34312c57c0f52879cdce924b91-common-args.resp -DRCT_NEW_ARCH_ENABLED\=1 -include /Users/sparkles/Documents/CodingFiles/FullStack/expensioApp/frontend/ios/Pods/Target\ Support\ Files/RNSVG/RNSVG-prefix.pch -MMD -MT dependencies -MF /Users/sparkles/Library/Developer/Xcode/DerivedData/Expensio-futtgngxcysvvhcljmosbeftqmyc/Build/Intermediates.noindex/Pods.build/Debug-iphonesimulator/RNSVG.build/Objects-normal/x86_64/RCTConvert+RNSVG.d --serialize-diagnostics /Users/sparkles/Library/Developer/Xcode/DerivedData/Expensio-futtgngxcysvvhcljmosbeftqmyc/Build/Intermediates.noindex/Pods.build/Debug-iphonesimulator/RNSVG.build/Objects-normal/x86_64/RCTConvert+RNSVG.dia -c /Users/sparkles/Documents/CodingFiles/FullStack/expensioApp/frontend/node_modules/react-native-svg/apple/Utils/RCTConvert+RNSVG.mm -o /Users/sparkles/Library/Developer/Xcode/DerivedData/Expensio-futtgngxcysvvhcljmosbeftqmyc/Build/Intermediates.noindex/Pods.build/Debug-iphonesimulator/RNSVG.build/Objects-normal/x86_64/RCTConvert+RNSVG.o -index-unit-output-path /Pods.build/Debug-iphonesimulator/RNSVG.build/Objects-normal/x86_64/RCTConvert+RNSVG.o
/Users/sparkles/Documents/CodingFiles/FullStack/expensioApp/frontend/node_modules/react-native-svg/apple/Utils/RCTConvert+RNSVG.mm:241:28: warning: variable length arrays in C++ are a Clang extension [-Wvla-cxx-extension]
  241 |   CGFloat colorsAndOffsets[values];
      |                            ^~~~~~
/Users/sparkles/Documents/CodingFiles/FullStack/expensioApp/frontend/node_modules/react-native-svg/apple/Utils/RCTConvert+RNSVG.mm:241:28: note: read of non-const variable 'values' is not allowed in a constant expression
/Users/sparkles/Documents/CodingFiles/FullStack/expensioApp/frontend/node_modules/react-native-svg/apple/Utils/RCTConvert+RNSVG.mm:239:14: note: declared here
  239 |   NSUInteger values = count * 5;
      |              ^
1 warning generated.

CompileC /Users/sparkles/Library/Developer/Xcode/DerivedData/Expensio-futtgngxcysvvhcljmosbeftqmyc/Build/Intermediates.noindex/Pods.build/Debug-iphonesimulator/RNSVG.build/Objects-normal/arm64/RNSVGViewBox.o /Users/sparkles/Documents/CodingFiles/FullStack/expensioApp/frontend/node_modules/react-native-svg/apple/Utils/RNSVGViewBox.mm normal arm64 objective-c++ com.apple.compilers.llvm.clang.1_0.compiler (in target 'RNSVG' from project 'Pods')
    cd /Users/sparkles/Documents/CodingFiles/FullStack/expensioApp/frontend/ios/Pods
    
    Using response file: /Users/sparkles/Library/Developer/Xcode/DerivedData/Expensio-futtgngxcysvvhcljmosbeftqmyc/Build/Intermediates.noindex/Pods.build/Debug-iphonesimulator/RNSVG.build/Objects-normal/arm64/af3fcb34312c57c0f52879cdce924b91-common-args.resp
    
    /Applications/Xcode.app/Contents/Developer/Toolchains/XcodeDefault.xctoolchain/usr/bin/clang -x objective-c++ -ivfsstatcache /Users/sparkles/Library/Developer/Xcode/DerivedData/SDKStatCaches.noindex/iphonesimulator27.0-24A430-8dc58220667be655e1bcc261a7455254.sdkstatcache -target arm64-apple-ios17.0-simulator -fmessage-length\=0 -fdiagnostics-show-note-include-stack -fmacro-backtrace-limit\=0 -fno-color-diagnostics -fmodules-prune-interval\=86400 -fmodules-prune-after\=345600 -fbuild-session-file\=/Users/sparkles/Library/Developer/Xcode/DerivedData/ModuleCache.noindex/Session.modulevalidation -fmodules-validate-once-per-build-session -Wnon-modular-include-in-framework-module -Werror\=non-modular-include-in-framework-module -Wno-trigraphs -Wno-missing-field-initializers -Wno-missing-prototypes -Werror\=return-type -Wdocumentation -Wunreachable-code -Wno-implicit-atomic-properties -Werror\=deprecated-objc-isa-usage -Wno-objc-interface-ivars -Werror\=objc-root-class -Wno-arc-repeated-use-of-weak -Wimplicit-retain-self -Wno-non-virtual-dtor -Wno-overloaded-virtual -Wno-exit-time-destructors -Wduplicate-method-match -Wno-missing-braces -Wparentheses -Wswitch -Wunused-function -Wno-unused-label -Wno-unused-parameter -Wunused-variable -Wunused-value -Wempty-body -Wuninitialized -Wconditional-uninitialized -Wno-unknown-pragmas -Wno-shadow -Wno-four-char-constants -Wno-conversion -Wconstant-conversion -Wint-conversion -Wbool-conversion -Wenum-conversion -Wno-float-conversion -Wnon-literal-null-conversion -Wobjc-literal-conversion -Wshorten-64-to-32 -Wno-newline-eof -Wno-selector -Wno-strict-selector-match -Wundeclared-selector -Wdeprecated-implementations -Wno-c++11-extensions -Wno-implicit-fallthrough -isysroot /Applications/Xcode.app/Contents/Developer/Platforms/iPhoneSimulator.platform/Developer/SDKs/iPhoneSimulator27.0.sdk -fstrict-aliasing -Wprotocol -Wdeprecated-declarations -Winvalid-offsetof -Wno-sign-conversion -Winfinite-recursion -Wmove -Wcomma -Wblock-capture-autoreleasing -Wstrict-prototypes -Wrange-loop-analysis -Wno-semicolon-before-method-body -Wunguarded-availability -index-store-path /Users/sparkles/Library/Developer/Xcode/DerivedData/Expensio-futtgngxcysvvhcljmosbeftqmyc/Index.noindex/DataStore @/Users/sparkles/Library/Developer/Xcode/DerivedData/Expensio-futtgngxcysvvhcljmosbeftqmyc/Build/Intermediates.noindex/Pods.build/Debug-iphonesimulator/RNSVG.build/Objects-normal/arm64/af3fcb34312c57c0f52879cdce924b91-common-args.resp -DRCT_NEW_ARCH_ENABLED\=1 -include /Users/sparkles/Documents/CodingFiles/FullStack/expensioApp/frontend/ios/Pods/Target\ Support\ Files/RNSVG/RNSVG-prefix.pch -MMD -MT dependencies -MF /Users/sparkles/Library/Developer/Xcode/DerivedData/Expensio-futtgngxcysvvhcljmosbeftqmyc/Build/Intermediates.noindex/Pods.build/Debug-iphonesimulator/RNSVG.build/Objects-normal/arm64/RNSVGViewBox.d --serialize-diagnostics /Users/sparkles/Library/Developer/Xcode/DerivedData/Expensio-futtgngxcysvvhcljmosbeftqmyc/Build/Intermediates.noindex/Pods.build/Debug-iphonesimulator/RNSVG.build/Objects-normal/arm64/RNSVGViewBox.dia -c /Users/sparkles/Documents/CodingFiles/FullStack/expensioApp/frontend/node_modules/react-native-svg/apple/Utils/RNSVGViewBox.mm -o /Users/sparkles/Library/Developer/Xcode/DerivedData/Expensio-futtgngxcysvvhcljmosbeftqmyc/Build/Intermediates.noindex/Pods.build/Debug-iphonesimulator/RNSVG.build/Objects-normal/arm64/RNSVGViewBox.o -index-unit-output-path /Pods.build/Debug-iphonesimulator/RNSVG.build/Objects-normal/arm64/RNSVGViewBox.o

CompileC /Users/sparkles/Library/Developer/Xcode/DerivedData/Expensio-futtgngxcysvvhcljmosbeftqmyc/Build/Intermediates.noindex/Pods.build/Debug-iphonesimulator/RNSVG.build/Objects-normal/arm64/RNSVGUseManager.o /Users/sparkles/Documents/CodingFiles/FullStack/expensioApp/frontend/node_modules/react-native-svg/apple/ViewManagers/RNSVGUseManager.mm normal arm64 objective-c++ com.apple.compilers.llvm.clang.1_0.compiler (in target 'RNSVG' from project 'Pods')
    cd /Users/sparkles/Documents/CodingFiles/FullStack/expensioApp/frontend/ios/Pods
    
    Using response file: /Users/sparkles/Library/Developer/Xcode/DerivedData/Expensio-futtgngxcysvvhcljmosbeftqmyc/Build/Intermediates.noindex/Pods.build/Debug-iphonesimulator/RNSVG.build/Objects-normal/arm64/af3fcb34312c57c0f52879cdce924b91-common-args.resp
    
    /Applications/Xcode.app/Contents/Developer/Toolchains/XcodeDefault.xctoolchain/usr/bin/clang -x objective-c++ -ivfsstatcache /Users/sparkles/Library/Developer/Xcode/DerivedData/SDKStatCaches.noindex/iphonesimulator27.0-24A430-8dc58220667be655e1bcc261a7455254.sdkstatcache -target arm64-apple-ios17.0-simulator -fmessage-length\=0 -fdiagnostics-show-note-include-stack -fmacro-backtrace-limit\=0 -fno-color-diagnostics -fmodules-prune-interval\=86400 -fmodules-prune-after\=345600 -fbuild-session-file\=/Users/sparkles/Library/Developer/Xcode/DerivedData/ModuleCache.noindex/Session.modulevalidation -fmodules-validate-once-per-build-session -Wnon-modular-include-in-framework-module -Werror\=non-modular-include-in-framework-module -Wno-trigraphs -Wno-missing-field-initializers -Wno-missing-prototypes -Werror\=return-type -Wdocumentation -Wunreachable-code -Wno-implicit-atomic-properties -Werror\=deprecated-objc-isa-usage -Wno-objc-interface-ivars -Werror\=objc-root-class -Wno-arc-repeated-use-of-weak -Wimplicit-retain-self -Wno-non-virtual-dtor -Wno-overloaded-virtual -Wno-exit-time-destructors -Wduplicate-method-match -Wno-missing-braces -Wparentheses -Wswitch -Wunused-function -Wno-unused-label -Wno-unused-parameter -Wunused-variable -Wunused-value -Wempty-body -Wuninitialized -Wconditional-uninitialized -Wno-unknown-pragmas -Wno-shadow -Wno-four-char-constants -Wno-conversion -Wconstant-conversion -Wint-conversion -Wbool-conversion -Wenum-conversion -Wno-float-conversion -Wnon-literal-null-conversion -Wobjc-literal-conversion -Wshorten-64-to-32 -Wno-newline-eof -Wno-selector -Wno-strict-selector-match -Wundeclared-selector -Wdeprecated-implementations -Wno-c++11-extensions -Wno-implicit-fallthrough -isysroot /Applications/Xcode.app/Contents/Developer/Platforms/iPhoneSimulator.platform/Developer/SDKs/iPhoneSimulator27.0.sdk -fstrict-aliasing -Wprotocol -Wdeprecated-declarations -Winvalid-offsetof -Wno-sign-conversion -Winfinite-recursion -Wmove -Wcomma -Wblock-capture-autoreleasing -Wstrict-prototypes -Wrange-loop-analysis -Wno-semicolon-before-method-body -Wunguarded-availability -index-store-path /Users/sparkles/Library/Developer/Xcode/DerivedData/Expensio-futtgngxcysvvhcljmosbeftqmyc/Index.noindex/DataStore @/Users/sparkles/Library/Developer/Xcode/DerivedData/Expensio-futtgngxcysvvhcljmosbeftqmyc/Build/Intermediates.noindex/Pods.build/Debug-iphonesimulator/RNSVG.build/Objects-normal/arm64/af3fcb34312c57c0f52879cdce924b91-common-args.resp -DRCT_NEW_ARCH_ENABLED\=1 -include /Users/sparkles/Documents/CodingFiles/FullStack/expensioApp/frontend/ios/Pods/Target\ Support\ Files/RNSVG/RNSVG-prefix.pch -MMD -MT dependencies -MF /Users/sparkles/Library/Developer/Xcode/DerivedData/Expensio-futtgngxcysvvhcljmosbeftqmyc/Build/Intermediates.noindex/Pods.build/Debug-iphonesimulator/RNSVG.build/Objects-normal/arm64/RNSVGUseManager.d --serialize-diagnostics /Users/sparkles/Library/Developer/Xcode/DerivedData/Expensio-futtgngxcysvvhcljmosbeftqmyc/Build/Intermediates.noindex/Pods.build/Debug-iphonesimulator/RNSVG.build/Objects-normal/arm64/RNSVGUseManager.dia -c /Users/sparkles/Documents/CodingFiles/FullStack/expensioApp/frontend/node_modules/react-native-svg/apple/ViewManagers/RNSVGUseManager.mm -o /Users/sparkles/Library/Developer/Xcode/DerivedData/Expensio-futtgngxcysvvhcljmosbeftqmyc/Build/Intermediates.noindex/Pods.build/Debug-iphonesimulator/RNSVG.build/Objects-normal/arm64/RNSVGUseManager.o -index-unit-output-path /Pods.build/Debug-iphonesimulator/RNSVG.build/Objects-normal/arm64/RNSVGUseManager.o

CompileC /Users/sparkles/Library/Developer/Xcode/DerivedData/Expensio-futtgngxcysvvhcljmosbeftqmyc/Build/Intermediates.noindex/Pods.build/Debug-iphonesimulator/RNSVG.build/Objects-normal/arm64/RNSVGUse.o /Users/sparkles/Documents/CodingFiles/FullStack/expensioApp/frontend/node_modules/react-native-svg/apple/Elements/RNSVGUse.mm normal arm64 objective-c++ com.apple.compilers.llvm.clang.1_0.compiler (in target 'RNSVG' from project 'Pods')
    cd /Users/sparkles/Documents/CodingFiles/FullStack/expensioApp/frontend/ios/Pods
    
    Using response file: /Users/sparkles/Library/Developer/Xcode/DerivedData/Expensio-futtgngxcysvvhcljmosbeftqmyc/Build/Intermediates.noindex/Pods.build/Debug-iphonesimulator/RNSVG.build/Objects-normal/arm64/af3fcb34312c57c0f52879cdce924b91-common-args.resp
    
    /Applications/Xcode.app/Contents/Developer/Toolchains/XcodeDefault.xctoolchain/usr/bin/clang -x objective-c++ -ivfsstatcache /Users/sparkles/Library/Developer/Xcode/DerivedData/SDKStatCaches.noindex/iphonesimulator27.0-24A430-8dc58220667be655e1bcc261a7455254.sdkstatcache -target arm64-apple-ios17.0-simulator -fmessage-length\=0 -fdiagnostics-show-note-include-stack -fmacro-backtrace-limit\=0 -fno-color-diagnostics -fmodules-prune-interval\=86400 -fmodules-prune-after\=345600 -fbuild-session-file\=/Users/sparkles/Library/Developer/Xcode/DerivedData/ModuleCache.noindex/Session.modulevalidation -fmodules-validate-once-per-build-session -Wnon-modular-include-in-framework-module -Werror\=non-modular-include-in-framework-module -Wno-trigraphs -Wno-missing-field-initializers -Wno-missing-prototypes -Werror\=return-type -Wdocumentation -Wunreachable-code -Wno-implicit-atomic-properties -Werror\=deprecated-objc-isa-usage -Wno-objc-interface-ivars -Werror\=objc-root-class -Wno-arc-repeated-use-of-weak -Wimplicit-retain-self -Wno-non-virtual-dtor -Wno-overloaded-virtual -Wno-exit-time-destructors -Wduplicate-method-match -Wno-missing-braces -Wparentheses -Wswitch -Wunused-function -Wno-unused-label -Wno-unused-parameter -Wunused-variable -Wunused-value -Wempty-body -Wuninitialized -Wconditional-uninitialized -Wno-unknown-pragmas -Wno-shadow -Wno-four-char-constants -Wno-conversion -Wconstant-conversion -Wint-conversion -Wbool-conversion -Wenum-conversion -Wno-float-conversion -Wnon-literal-null-conversion -Wobjc-literal-conversion -Wshorten-64-to-32 -Wno-newline-eof -Wno-selector -Wno-strict-selector-match -Wundeclared-selector -Wdeprecated-implementations -Wno-c++11-extensions -Wno-implicit-fallthrough -isysroot /Applications/Xcode.app/Contents/Developer/Platforms/iPhoneSimulator.platform/Developer/SDKs/iPhoneSimulator27.0.sdk -fstrict-aliasing -Wprotocol -Wdeprecated-declarations -Winvalid-offsetof -Wno-sign-conversion -Winfinite-recursion -Wmove -Wcomma -Wblock-capture-autoreleasing -Wstrict-prototypes -Wrange-loop-analysis -Wno-semicolon-before-method-body -Wunguarded-availability -index-store-path /Users/sparkles/Library/Developer/Xcode/DerivedData/Expensio-futtgngxcysvvhcljmosbeftqmyc/Index.noindex/DataStore @/Users/sparkles/Library/Developer/Xcode/DerivedData/Expensio-futtgngxcysvvhcljmosbeftqmyc/Build/Intermediates.noindex/Pods.build/Debug-iphonesimulator/RNSVG.build/Objects-normal/arm64/af3fcb34312c57c0f52879cdce924b91-common-args.resp -DRCT_NEW_ARCH_ENABLED\=1 -include /Users/sparkles/Documents/CodingFiles/FullStack/expensioApp/frontend/ios/Pods/Target\ Support\ Files/RNSVG/RNSVG-prefix.pch -MMD -MT dependencies -MF /Users/sparkles/Library/Developer/Xcode/DerivedData/Expensio-futtgngxcysvvhcljmosbeftqmyc/Build/Intermediates.noindex/Pods.build/Debug-iphonesimulator/RNSVG.build/Objects-normal/arm64/RNSVGUse.d --serialize-diagnostics /Users/sparkles/Library/Developer/Xcode/DerivedData/Expensio-futtgngxcysvvhcljmosbeftqmyc/Build/Intermediates.noindex/Pods.build/Debug-iphonesimulator/RNSVG.build/Objects-normal/arm64/RNSVGUse.dia -c /Users/sparkles/Documents/CodingFiles/FullStack/expensioApp/frontend/node_modules/react-native-svg/apple/Elements/RNSVGUse.mm -o /Users/sparkles/Library/Developer/Xcode/DerivedData/Expensio-futtgngxcysvvhcljmosbeftqmyc/Build/Intermediates.noindex/Pods.build/Debug-iphonesimulator/RNSVG.build/Objects-normal/arm64/RNSVGUse.o -index-unit-output-path /Pods.build/Debug-iphonesimulator/RNSVG.build/Objects-normal/arm64/RNSVGUse.o
/Users/sparkles/Documents/CodingFiles/FullStack/expensioApp/frontend/node_modules/react-native-svg/apple/Elements/RNSVGUse.mm:71:1: warning: method possibly missing a [super updateProps:oldProps:] call [-Wobjc-missing-super-calls]
   71 | }
      | ^
In file included from /Users/sparkles/Documents/CodingFiles/FullStack/expensioApp/frontend/node_modules/react-native-svg/apple/Elements/RNSVGUse.mm:17:
/Users/sparkles/Documents/CodingFiles/FullStack/expensioApp/frontend/node_modules/react-native-svg/apple/Utils/RNSVGFabricConversions.h:246:19: warning: unused function 'intToRNSVGVBMOS' [-Wunused-function]
  246 | static RNSVGVBMOS intToRNSVGVBMOS(int value)
      |                   ^~~~~~~~~~~~~~~
2 warnings generated.

CompileC /Users/sparkles/Library/Developer/Xcode/DerivedData/Expensio-futtgngxcysvvhcljmosbeftqmyc/Build/Intermediates.noindex/Pods.build/Debug-iphonesimulator/RNSVG.build/Objects-normal/arm64/RNSVGTopAlignedLabel.ios.o /Users/sparkles/Documents/CodingFiles/FullStack/expensioApp/frontend/node_modules/react-native-svg/apple/Text/RNSVGTopAlignedLabel.ios.mm normal arm64 objective-c++ com.apple.compilers.llvm.clang.1_0.compiler (in target 'RNSVG' from project 'Pods')
    cd /Users/sparkles/Documents/CodingFiles/FullStack/expensioApp/frontend/ios/Pods
    
    Using response file: /Users/sparkles/Library/Developer/Xcode/DerivedData/Expensio-futtgngxcysvvhcljmosbeftqmyc/Build/Intermediates.noindex/Pods.build/Debug-iphonesimulator/RNSVG.build/Objects-normal/arm64/af3fcb34312c57c0f52879cdce924b91-common-args.resp
    
    /Applications/Xcode.app/Contents/Developer/Toolchains/XcodeDefault.xctoolchain/usr/bin/clang -x objective-c++ -ivfsstatcache /Users/sparkles/Library/Developer/Xcode/DerivedData/SDKStatCaches.noindex/iphonesimulator27.0-24A430-8dc58220667be655e1bcc261a7455254.sdkstatcache -target arm64-apple-ios17.0-simulator -fmessage-length\=0 -fdiagnostics-show-note-include-stack -fmacro-backtrace-limit\=0 -fno-color-diagnostics -fmodules-prune-interval\=86400 -fmodules-prune-after\=345600 -fbuild-session-file\=/Users/sparkles/Library/Developer/Xcode/DerivedData/ModuleCache.noindex/Session.modulevalidation -fmodules-validate-once-per-build-session -Wnon-modular-include-in-framework-module -Werror\=non-modular-include-in-framework-module -Wno-trigraphs -Wno-missing-field-initializers -Wno-missing-prototypes -Werror\=return-type -Wdocumentation -Wunreachable-code -Wno-implicit-atomic-properties -Werror\=deprecated-objc-isa-usage -Wno-objc-interface-ivars -Werror\=objc-root-class -Wno-arc-repeated-use-of-weak -Wimplicit-retain-self -Wno-non-virtual-dtor -Wno-overloaded-virtual -Wno-exit-time-destructors -Wduplicate-method-match -Wno-missing-braces -Wparentheses -Wswitch -Wunused-function -Wno-unused-label -Wno-unused-parameter -Wunused-variable -Wunused-value -Wempty-body -Wuninitialized -Wconditional-uninitialized -Wno-unknown-pragmas -Wno-shadow -Wno-four-char-constants -Wno-conversion -Wconstant-conversion -Wint-conversion -Wbool-conversion -Wenum-conversion -Wno-float-conversion -Wnon-literal-null-conversion -Wobjc-literal-conversion -Wshorten-64-to-32 -Wno-newline-eof -Wno-selector -Wno-strict-selector-match -Wundeclared-selector -Wdeprecated-implementations -Wno-c++11-extensions -Wno-implicit-fallthrough -isysroot /Applications/Xcode.app/Contents/Developer/Platforms/iPhoneSimulator.platform/Developer/SDKs/iPhoneSimulator27.0.sdk -fstrict-aliasing -Wprotocol -Wdeprecated-declarations -Winvalid-offsetof -Wno-sign-conversion -Winfinite-recursion -Wmove -Wcomma -Wblock-capture-autoreleasing -Wstrict-prototypes -Wrange-loop-analysis -Wno-semicolon-before-method-body -Wunguarded-availability -index-store-path /Users/sparkles/Library/Developer/Xcode/DerivedData/Expensio-futtgngxcysvvhcljmosbeftqmyc/Index.noindex/DataStore @/Users/sparkles/Library/Developer/Xcode/DerivedData/Expensio-futtgngxcysvvhcljmosbeftqmyc/Build/Intermediates.noindex/Pods.build/Debug-iphonesimulator/RNSVG.build/Objects-normal/arm64/af3fcb34312c57c0f52879cdce924b91-common-args.resp -DRCT_NEW_ARCH_ENABLED\=1 -include /Users/sparkles/Documents/CodingFiles/FullStack/expensioApp/frontend/ios/Pods/Target\ Support\ Files/RNSVG/RNSVG-prefix.pch -MMD -MT dependencies -MF /Users/sparkles/Library/Developer/Xcode/DerivedData/Expensio-futtgngxcysvvhcljmosbeftqmyc/Build/Intermediates.noindex/Pods.build/Debug-iphonesimulator/RNSVG.build/Objects-normal/arm64/RNSVGTopAlignedLabel.ios.d --serialize-diagnostics /Users/sparkles/Library/Developer/Xcode/DerivedData/Expensio-futtgngxcysvvhcljmosbeftqmyc/Build/Intermediates.noindex/Pods.build/Debug-iphonesimulator/RNSVG.build/Objects-normal/arm64/RNSVGTopAlignedLabel.ios.dia -c /Users/sparkles/Documents/CodingFiles/FullStack/expensioApp/frontend/node_modules/react-native-svg/apple/Text/RNSVGTopAlignedLabel.ios.mm -o /Users/sparkles/Library/Developer/Xcode/DerivedData/Expensio-futtgngxcysvvhcljmosbeftqmyc/Build/Intermediates.noindex/Pods.build/Debug-iphonesimulator/RNSVG.build/Objects-normal/arm64/RNSVGTopAlignedLabel.ios.o -index-unit-output-path /Pods.build/Debug-iphonesimulator/RNSVG.build/Objects-normal/arm64/RNSVGTopAlignedLabel.ios.o

CompileC /Users/sparkles/Library/Developer/Xcode/DerivedData/Expensio-futtgngxcysvvhcljmosbeftqmyc/Build/Intermediates.noindex/Pods.build/Debug-iphonesimulator/RNSVG.build/Objects-normal/arm64/RNSVGTextProperties.o /Users/sparkles/Documents/CodingFiles/FullStack/expensioApp/frontend/node_modules/react-native-svg/apple/Text/RNSVGTextProperties.mm normal arm64 objective-c++ com.apple.compilers.llvm.clang.1_0.compiler (in target 'RNSVG' from project 'Pods')
    cd /Users/sparkles/Documents/CodingFiles/FullStack/expensioApp/frontend/ios/Pods
    
    Using response file: /Users/sparkles/Library/Developer/Xcode/DerivedData/Expensio-futtgngxcysvvhcljmosbeftqmyc/Build/Intermediates.noindex/Pods.build/Debug-iphonesimulator/RNSVG.build/Objects-normal/arm64/af3fcb34312c57c0f52879cdce924b91-common-args.resp
    
    /Applications/Xcode.app/Contents/Developer/Toolchains/XcodeDefault.xctoolchain/usr/bin/clang -x objective-c++ -ivfsstatcache /Users/sparkles/Library/Developer/Xcode/DerivedData/SDKStatCaches.noindex/iphonesimulator27.0-24A430-8dc58220667be655e1bcc261a7455254.sdkstatcache -target arm64-apple-ios17.0-simulator -fmessage-length\=0 -fdiagnostics-show-note-include-stack -fmacro-backtrace-limit\=0 -fno-color-diagnostics -fmodules-prune-interval\=86400 -fmodules-prune-after\=345600 -fbuild-session-file\=/Users/sparkles/Library/Developer/Xcode/DerivedData/ModuleCache.noindex/Session.modulevalidation -fmodules-validate-once-per-build-session -Wnon-modular-include-in-framework-module -Werror\=non-modular-include-in-framework-module -Wno-trigraphs -Wno-missing-field-initializers -Wno-missing-prototypes -Werror\=return-type -Wdocumentation -Wunreachable-code -Wno-implicit-atomic-properties -Werror\=deprecated-objc-isa-usage -Wno-objc-interface-ivars -Werror\=objc-root-class -Wno-arc-repeated-use-of-weak -Wimplicit-retain-self -Wno-non-virtual-dtor -Wno-overloaded-virtual -Wno-exit-time-destructors -Wduplicate-method-match -Wno-missing-braces -Wparentheses -Wswitch -Wunused-function -Wno-unused-label -Wno-unused-parameter -Wunused-variable -Wunused-value -Wempty-body -Wuninitialized -Wconditional-uninitialized -Wno-unknown-pragmas -Wno-shadow -Wno-four-char-constants -Wno-conversion -Wconstant-conversion -Wint-conversion -Wbool-conversion -Wenum-conversion -Wno-float-conversion -Wnon-literal-null-conversion -Wobjc-literal-conversion -Wshorten-64-to-32 -Wno-newline-eof -Wno-selector -Wno-strict-selector-match -Wundeclared-selector -Wdeprecated-implementations -Wno-c++11-extensions -Wno-implicit-fallthrough -isysroot /Applications/Xcode.app/Contents/Developer/Platforms/iPhoneSimulator.platform/Developer/SDKs/iPhoneSimulator27.0.sdk -fstrict-aliasing -Wprotocol -Wdeprecated-declarations -Winvalid-offsetof -Wno-sign-conversion -Winfinite-recursion -Wmove -Wcomma -Wblock-capture-autoreleasing -Wstrict-prototypes -Wrange-loop-analysis -Wno-semicolon-before-method-body -Wunguarded-availability -index-store-path /Users/sparkles/Library/Developer/Xcode/DerivedData/Expensio-futtgngxcysvvhcljmosbeftqmyc/Index.noindex/DataStore @/Users/sparkles/Library/Developer/Xcode/DerivedData/Expensio-futtgngxcysvvhcljmosbeftqmyc/Build/Intermediates.noindex/Pods.build/Debug-iphonesimulator/RNSVG.build/Objects-normal/arm64/af3fcb34312c57c0f52879cdce924b91-common-args.resp -DRCT_NEW_ARCH_ENABLED\=1 -include /Users/sparkles/Documents/CodingFiles/FullStack/expensioApp/frontend/ios/Pods/Target\ Support\ Files/RNSVG/RNSVG-prefix.pch -MMD -MT dependencies -MF /Users/sparkles/Library/Developer/Xcode/DerivedData/Expensio-futtgngxcysvvhcljmosbeftqmyc/Build/Intermediates.noindex/Pods.build/Debug-iphonesimulator/RNSVG.build/Objects-normal/arm64/RNSVGTextProperties.d --serialize-diagnostics /Users/sparkles/Library/Developer/Xcode/DerivedData/Expensio-futtgngxcysvvhcljmosbeftqmyc/Build/Intermediates.noindex/Pods.build/Debug-iphonesimulator/RNSVG.build/Objects-normal/arm64/RNSVGTextProperties.dia -c /Users/sparkles/Documents/CodingFiles/FullStack/expensioApp/frontend/node_modules/react-native-svg/apple/Text/RNSVGTextProperties.mm -o /Users/sparkles/Library/Developer/Xcode/DerivedData/Expensio-futtgngxcysvvhcljmosbeftqmyc/Build/Intermediates.noindex/Pods.build/Debug-iphonesimulator/RNSVG.build/Objects-normal/arm64/RNSVGTextProperties.o -index-unit-output-path /Pods.build/Debug-iphonesimulator/RNSVG.build/Objects-normal/arm64/RNSVGTextProperties.o

CompileC /Users/sparkles/Library/Developer/Xcode/DerivedData/Expensio-futtgngxcysvvhcljmosbeftqmyc/Build/Intermediates.noindex/Pods.build/Debug-iphonesimulator/RNSVG.build/Objects-normal/arm64/RNSVGTextPathManager.o /Users/sparkles/Documents/CodingFiles/FullStack/expensioApp/frontend/node_modules/react-native-svg/apple/ViewManagers/RNSVGTextPathManager.mm normal arm64 objective-c++ com.apple.compilers.llvm.clang.1_0.compiler (in target 'RNSVG' from project 'Pods')
    cd /Users/sparkles/Documents/CodingFiles/FullStack/expensioApp/frontend/ios/Pods
    
    Using response file: /Users/sparkles/Library/Developer/Xcode/DerivedData/Expensio-futtgngxcysvvhcljmosbeftqmyc/Build/Intermediates.noindex/Pods.build/Debug-iphonesimulator/RNSVG.build/Objects-normal/arm64/af3fcb34312c57c0f52879cdce924b91-common-args.resp
    
    /Applications/Xcode.app/Contents/Developer/Toolchains/XcodeDefault.xctoolchain/usr/bin/clang -x objective-c++ -ivfsstatcache /Users/sparkles/Library/Developer/Xcode/DerivedData/SDKStatCaches.noindex/iphonesimulator27.0-24A430-8dc58220667be655e1bcc261a7455254.sdkstatcache -target arm64-apple-ios17.0-simulator -fmessage-length\=0 -fdiagnostics-show-note-include-stack -fmacro-backtrace-limit\=0 -fno-color-diagnostics -fmodules-prune-interval\=86400 -fmodules-prune-after\=345600 -fbuild-session-file\=/Users/sparkles/Library/Developer/Xcode/DerivedData/ModuleCache.noindex/Session.modulevalidation -fmodules-validate-once-per-build-session -Wnon-modular-include-in-framework-module -Werror\=non-modular-include-in-framework-module -Wno-trigraphs -Wno-missing-field-initializers -Wno-missing-prototypes -Werror\=return-type -Wdocumentation -Wunreachable-code -Wno-implicit-atomic-properties -Werror\=deprecated-objc-isa-usage -Wno-objc-interface-ivars -Werror\=objc-root-class -Wno-arc-repeated-use-of-weak -Wimplicit-retain-self -Wno-non-virtual-dtor -Wno-overloaded-virtual -Wno-exit-time-destructors -Wduplicate-method-match -Wno-missing-braces -Wparentheses -Wswitch -Wunused-function -Wno-unused-label -Wno-unused-parameter -Wunused-variable -Wunused-value -Wempty-body -Wuninitialized -Wconditional-uninitialized -Wno-unknown-pragmas -Wno-shadow -Wno-four-char-constants -Wno-conversion -Wconstant-conversion -Wint-conversion -Wbool-conversion -Wenum-conversion -Wno-float-conversion -Wnon-literal-null-conversion -Wobjc-literal-conversion -Wshorten-64-to-32 -Wno-newline-eof -Wno-selector -Wno-strict-selector-match -Wundeclared-selector -Wdeprecated-implementations -Wno-c++11-extensions -Wno-implicit-fallthrough -isysroot /Applications/Xcode.app/Contents/Developer/Platforms/iPhoneSimulator.platform/Developer/SDKs/iPhoneSimulator27.0.sdk -fstrict-aliasing -Wprotocol -Wdeprecated-declarations -Winvalid-offsetof -Wno-sign-conversion -Winfinite-recursion -Wmove -Wcomma -Wblock-capture-autoreleasing -Wstrict-prototypes -Wrange-loop-analysis -Wno-semicolon-before-method-body -Wunguarded-availability -index-store-path /Users/sparkles/Library/Developer/Xcode/DerivedData/Expensio-futtgngxcysvvhcljmosbeftqmyc/Index.noindex/DataStore @/Users/sparkles/Library/Developer/Xcode/DerivedData/Expensio-futtgngxcysvvhcljmosbeftqmyc/Build/Intermediates.noindex/Pods.build/Debug-iphonesimulator/RNSVG.build/Objects-normal/arm64/af3fcb34312c57c0f52879cdce924b91-common-args.resp -DRCT_NEW_ARCH_ENABLED\=1 -include /Users/sparkles/Documents/CodingFiles/FullStack/expensioApp/frontend/ios/Pods/Target\ Support\ Files/RNSVG/RNSVG-prefix.pch -MMD -MT dependencies -MF /Users/sparkles/Library/Developer/Xcode/DerivedData/Expensio-futtgngxcysvvhcljmosbeftqmyc/Build/Intermediates.noindex/Pods.build/Debug-iphonesimulator/RNSVG.build/Objects-normal/arm64/RNSVGTextPathManager.d --serialize-diagnostics /Users/sparkles/Library/Developer/Xcode/DerivedData/Expensio-futtgngxcysvvhcljmosbeftqmyc/Build/Intermediates.noindex/Pods.build/Debug-iphonesimulator/RNSVG.build/Objects-normal/arm64/RNSVGTextPathManager.dia -c /Users/sparkles/Documents/CodingFiles/FullStack/expensioApp/frontend/node_modules/react-native-svg/apple/ViewManagers/RNSVGTextPathManager.mm -o /Users/sparkles/Library/Developer/Xcode/DerivedData/Expensio-futtgngxcysvvhcljmosbeftqmyc/Build/Intermediates.noindex/Pods.build/Debug-iphonesimulator/RNSVG.build/Objects-normal/arm64/RNSVGTextPathManager.o -index-unit-output-path /Pods.build/Debug-iphonesimulator/RNSVG.build/Objects-normal/arm64/RNSVGTextPathManager.o

CompileC /Users/sparkles/Library/Developer/Xcode/DerivedData/Expensio-futtgngxcysvvhcljmosbeftqmyc/Build/Intermediates.noindex/Pods.build/Debug-iphonesimulator/RNSVG.build/Objects-normal/arm64/RNSVGTextPath.o /Users/sparkles/Documents/CodingFiles/FullStack/expensioApp/frontend/node_modules/react-native-svg/apple/Text/RNSVGTextPath.mm normal arm64 objective-c++ com.apple.compilers.llvm.clang.1_0.compiler (in target 'RNSVG' from project 'Pods')
    cd /Users/sparkles/Documents/CodingFiles/FullStack/expensioApp/frontend/ios/Pods
    
    Using response file: /Users/sparkles/Library/Developer/Xcode/DerivedData/Expensio-futtgngxcysvvhcljmosbeftqmyc/Build/Intermediates.noindex/Pods.build/Debug-iphonesimulator/RNSVG.build/Objects-normal/arm64/af3fcb34312c57c0f52879cdce924b91-common-args.resp
    
    /Applications/Xcode.app/Contents/Developer/Toolchains/XcodeDefault.xctoolchain/usr/bin/clang -x objective-c++ -ivfsstatcache /Users/sparkles/Library/Developer/Xcode/DerivedData/SDKStatCaches.noindex/iphonesimulator27.0-24A430-8dc58220667be655e1bcc261a7455254.sdkstatcache -target arm64-apple-ios17.0-simulator -fmessage-length\=0 -fdiagnostics-show-note-include-stack -fmacro-backtrace-limit\=0 -fno-color-diagnostics -fmodules-prune-interval\=86400 -fmodules-prune-after\=345600 -fbuild-session-file\=/Users/sparkles/Library/Developer/Xcode/DerivedData/ModuleCache.noindex/Session.modulevalidation -fmodules-validate-once-per-build-session -Wnon-modular-include-in-framework-module -Werror\=non-modular-include-in-framework-module -Wno-trigraphs -Wno-missing-field-initializers -Wno-missing-prototypes -Werror\=return-type -Wdocumentation -Wunreachable-code -Wno-implicit-atomic-properties -Werror\=deprecated-objc-isa-usage -Wno-objc-interface-ivars -Werror\=objc-root-class -Wno-arc-repeated-use-of-weak -Wimplicit-retain-self -Wno-non-virtual-dtor -Wno-overloaded-virtual -Wno-exit-time-destructors -Wduplicate-method-match -Wno-missing-braces -Wparentheses -Wswitch -Wunused-function -Wno-unused-label -Wno-unused-parameter -Wunused-variable -Wunused-value -Wempty-body -Wuninitialized -Wconditional-uninitialized -Wno-unknown-pragmas -Wno-shadow -Wno-four-char-constants -Wno-conversion -Wconstant-conversion -Wint-conversion -Wbool-conversion -Wenum-conversion -Wno-float-conversion -Wnon-literal-null-conversion -Wobjc-literal-conversion -Wshorten-64-to-32 -Wno-newline-eof -Wno-selector -Wno-strict-selector-match -Wundeclared-selector -Wdeprecated-implementations -Wno-c++11-extensions -Wno-implicit-fallthrough -isysroot /Applications/Xcode.app/Contents/Developer/Platforms/iPhoneSimulator.platform/Developer/SDKs/iPhoneSimulator27.0.sdk -fstrict-aliasing -Wprotocol -Wdeprecated-declarations -Winvalid-offsetof -Wno-sign-conversion -Winfinite-recursion -Wmove -Wcomma -Wblock-capture-autoreleasing -Wstrict-prototypes -Wrange-loop-analysis -Wno-semicolon-before-method-body -Wunguarded-availability -index-store-path /Users/sparkles/Library/Developer/Xcode/DerivedData/Expensio-futtgngxcysvvhcljmosbeftqmyc/Index.noindex/DataStore @/Users/sparkles/Library/Developer/Xcode/DerivedData/Expensio-futtgngxcysvvhcljmosbeftqmyc/Build/Intermediates.noindex/Pods.build/Debug-iphonesimulator/RNSVG.build/Objects-normal/arm64/af3fcb34312c57c0f52879cdce924b91-common-args.resp -DRCT_NEW_ARCH_ENABLED\=1 -include /Users/sparkles/Documents/CodingFiles/FullStack/expensioApp/frontend/ios/Pods/Target\ Support\ Files/RNSVG/RNSVG-prefix.pch -MMD -MT dependencies -MF /Users/sparkles/Library/Developer/Xcode/DerivedData/Expensio-futtgngxcysvvhcljmosbeftqmyc/Build/Intermediates.noindex/Pods.build/Debug-iphonesimulator/RNSVG.build/Objects-normal/arm64/RNSVGTextPath.d --serialize-diagnostics /Users/sparkles/Library/Developer/Xcode/DerivedData/Expensio-futtgngxcysvvhcljmosbeftqmyc/Build/Intermediates.noindex/Pods.build/Debug-iphonesimulator/RNSVG.build/Objects-normal/arm64/RNSVGTextPath.dia -c /Users/sparkles/Documents/CodingFiles/FullStack/expensioApp/frontend/node_modules/react-native-svg/apple/Text/RNSVGTextPath.mm -o /Users/sparkles/Library/Developer/Xcode/DerivedData/Expensio-futtgngxcysvvhcljmosbeftqmyc/Build/Intermediates.noindex/Pods.build/Debug-iphonesimulator/RNSVG.build/Objects-normal/arm64/RNSVGTextPath.o -index-unit-output-path /Pods.build/Debug-iphonesimulator/RNSVG.build/Objects-normal/arm64/RNSVGTextPath.o
/Users/sparkles/Documents/CodingFiles/FullStack/expensioApp/frontend/node_modules/react-native-svg/apple/Text/RNSVGTextPath.mm:62:1: warning: method possibly missing a [super updateProps:oldProps:] call [-Wobjc-missing-super-calls]
   62 | }
      | ^
In file included from /Users/sparkles/Documents/CodingFiles/FullStack/expensioApp/frontend/node_modules/react-native-svg/apple/Text/RNSVGTextPath.mm:16:
/Users/sparkles/Documents/CodingFiles/FullStack/expensioApp/frontend/node_modules/react-native-svg/apple/Utils/RNSVGFabricConversions.h:246:19: warning: unused function 'intToRNSVGVBMOS' [-Wunused-function]
  246 | static RNSVGVBMOS intToRNSVGVBMOS(int value)
      |                   ^~~~~~~~~~~~~~~
2 warnings generated.

CompileC /Users/sparkles/Library/Developer/Xcode/DerivedData/Expensio-futtgngxcysvvhcljmosbeftqmyc/Build/Intermediates.noindex/Pods.build/Debug-iphonesimulator/RNSVG.build/Objects-normal/arm64/RNSVGTextManager.o /Users/sparkles/Documents/CodingFiles/FullStack/expensioApp/frontend/node_modules/react-native-svg/apple/ViewManagers/RNSVGTextManager.mm normal arm64 objective-c++ com.apple.compilers.llvm.clang.1_0.compiler (in target 'RNSVG' from project 'Pods')
    cd /Users/sparkles/Documents/CodingFiles/FullStack/expensioApp/frontend/ios/Pods
    
    Using response file: /Users/sparkles/Library/Developer/Xcode/DerivedData/Expensio-futtgngxcysvvhcljmosbeftqmyc/Build/Intermediates.noindex/Pods.build/Debug-iphonesimulator/RNSVG.build/Objects-normal/arm64/af3fcb34312c57c0f52879cdce924b91-common-args.resp
    
    /Applications/Xcode.app/Contents/Developer/Toolchains/XcodeDefault.xctoolchain/usr/bin/clang -x objective-c++ -ivfsstatcache /Users/sparkles/Library/Developer/Xcode/DerivedData/SDKStatCaches.noindex/iphonesimulator27.0-24A430-8dc58220667be655e1bcc261a7455254.sdkstatcache -target arm64-apple-ios17.0-simulator -fmessage-length\=0 -fdiagnostics-show-note-include-stack -fmacro-backtrace-limit\=0 -fno-color-diagnostics -fmodules-prune-interval\=86400 -fmodules-prune-after\=345600 -fbuild-session-file\=/Users/sparkles/Library/Developer/Xcode/DerivedData/ModuleCache.noindex/Session.modulevalidation -fmodules-validate-once-per-build-session -Wnon-modular-include-in-framework-module -Werror\=non-modular-include-in-framework-module -Wno-trigraphs -Wno-missing-field-initializers -Wno-missing-prototypes -Werror\=return-type -Wdocumentation -Wunreachable-code -Wno-implicit-atomic-properties -Werror\=deprecated-objc-isa-usage -Wno-objc-interface-ivars -Werror\=objc-root-class -Wno-arc-repeated-use-of-weak -Wimplicit-retain-self -Wno-non-virtual-dtor -Wno-overloaded-virtual -Wno-exit-time-destructors -Wduplicate-method-match -Wno-missing-braces -Wparentheses -Wswitch -Wunused-function -Wno-unused-label -Wno-unused-parameter -Wunused-variable -Wunused-value -Wempty-body -Wuninitialized -Wconditional-uninitialized -Wno-unknown-pragmas -Wno-shadow -Wno-four-char-constants -Wno-conversion -Wconstant-conversion -Wint-conversion -Wbool-conversion -Wenum-conversion -Wno-float-conversion -Wnon-literal-null-conversion -Wobjc-literal-conversion -Wshorten-64-to-32 -Wno-newline-eof -Wno-selector -Wno-strict-selector-match -Wundeclared-selector -Wdeprecated-implementations -Wno-c++11-extensions -Wno-implicit-fallthrough -isysroot /Applications/Xcode.app/Contents/Developer/Platforms/iPhoneSimulator.platform/Developer/SDKs/iPhoneSimulator27.0.sdk -fstrict-aliasing -Wprotocol -Wdeprecated-declarations -Winvalid-offsetof -Wno-sign-conversion -Winfinite-recursion -Wmove -Wcomma -Wblock-capture-autoreleasing -Wstrict-prototypes -Wrange-loop-analysis -Wno-semicolon-before-method-body -Wunguarded-availability -index-store-path /Users/sparkles/Library/Developer/Xcode/DerivedData/Expensio-futtgngxcysvvhcljmosbeftqmyc/Index.noindex/DataStore @/Users/sparkles/Library/Developer/Xcode/DerivedData/Expensio-futtgngxcysvvhcljmosbeftqmyc/Build/Intermediates.noindex/Pods.build/Debug-iphonesimulator/RNSVG.build/Objects-normal/arm64/af3fcb34312c57c0f52879cdce924b91-common-args.resp -DRCT_NEW_ARCH_ENABLED\=1 -include /Users/sparkles/Documents/CodingFiles/FullStack/expensioApp/frontend/ios/Pods/Target\ Support\ Files/RNSVG/RNSVG-prefix.pch -MMD -MT dependencies -MF /Users/sparkles/Library/Developer/Xcode/DerivedData/Expensio-futtgngxcysvvhcljmosbeftqmyc/Build/Intermediates.noindex/Pods.build/Debug-iphonesimulator/RNSVG.build/Objects-normal/arm64/RNSVGTextManager.d --serialize-diagnostics /Users/sparkles/Library/Developer/Xcode/DerivedData/Expensio-futtgngxcysvvhcljmosbeftqmyc/Build/Intermediates.noindex/Pods.build/Debug-iphonesimulator/RNSVG.build/Objects-normal/arm64/RNSVGTextManager.dia -c /Users/sparkles/Documents/CodingFiles/FullStack/expensioApp/frontend/node_modules/react-native-svg/apple/ViewManagers/RNSVGTextManager.mm -o /Users/sparkles/Library/Developer/Xcode/DerivedData/Expensio-futtgngxcysvvhcljmosbeftqmyc/Build/Intermediates.noindex/Pods.build/Debug-iphonesimulator/RNSVG.build/Objects-normal/arm64/RNSVGTextManager.o -index-unit-output-path /Pods.build/Debug-iphonesimulator/RNSVG.build/Objects-normal/arm64/RNSVGTextManager.o

CompileC /Users/sparkles/Library/Developer/Xcode/DerivedData/Expensio-futtgngxcysvvhcljmosbeftqmyc/Build/Intermediates.noindex/Pods.build/Debug-iphonesimulator/RNSVG.build/Objects-normal/arm64/RNSVGText.o /Users/sparkles/Documents/CodingFiles/FullStack/expensioApp/frontend/node_modules/react-native-svg/apple/Text/RNSVGText.mm normal arm64 objective-c++ com.apple.compilers.llvm.clang.1_0.compiler (in target 'RNSVG' from project 'Pods')
    cd /Users/sparkles/Documents/CodingFiles/FullStack/expensioApp/frontend/ios/Pods
    
    Using response file: /Users/sparkles/Library/Developer/Xcode/DerivedData/Expensio-futtgngxcysvvhcljmosbeftqmyc/Build/Intermediates.noindex/Pods.build/Debug-iphonesimulator/RNSVG.build/Objects-normal/arm64/af3fcb34312c57c0f52879cdce924b91-common-args.resp
    
    /Applications/Xcode.app/Contents/Developer/Toolchains/XcodeDefault.xctoolchain/usr/bin/clang -x objective-c++ -ivfsstatcache /Users/sparkles/Library/Developer/Xcode/DerivedData/SDKStatCaches.noindex/iphonesimulator27.0-24A430-8dc58220667be655e1bcc261a7455254.sdkstatcache -target arm64-apple-ios17.0-simulator -fmessage-length\=0 -fdiagnostics-show-note-include-stack -fmacro-backtrace-limit\=0 -fno-color-diagnostics -fmodules-prune-interval\=86400 -fmodules-prune-after\=345600 -fbuild-session-file\=/Users/sparkles/Library/Developer/Xcode/DerivedData/ModuleCache.noindex/Session.modulevalidation -fmodules-validate-once-per-build-session -Wnon-modular-include-in-framework-module -Werror\=non-modular-include-in-framework-module -Wno-trigraphs -Wno-missing-field-initializers -Wno-missing-prototypes -Werror\=return-type -Wdocumentation -Wunreachable-code -Wno-implicit-atomic-properties -Werror\=deprecated-objc-isa-usage -Wno-objc-interface-ivars -Werror\=objc-root-class -Wno-arc-repeated-use-of-weak -Wimplicit-retain-self -Wno-non-virtual-dtor -Wno-overloaded-virtual -Wno-exit-time-destructors -Wduplicate-method-match -Wno-missing-braces -Wparentheses -Wswitch -Wunused-function -Wno-unused-label -Wno-unused-parameter -Wunused-variable -Wunused-value -Wempty-body -Wuninitialized -Wconditional-uninitialized -Wno-unknown-pragmas -Wno-shadow -Wno-four-char-constants -Wno-conversion -Wconstant-conversion -Wint-conversion -Wbool-conversion -Wenum-conversion -Wno-float-conversion -Wnon-literal-null-conversion -Wobjc-literal-conversion -Wshorten-64-to-32 -Wno-newline-eof -Wno-selector -Wno-strict-selector-match -Wundeclared-selector -Wdeprecated-implementations -Wno-c++11-extensions -Wno-implicit-fallthrough -isysroot /Applications/Xcode.app/Contents/Developer/Platforms/iPhoneSimulator.platform/Developer/SDKs/iPhoneSimulator27.0.sdk -fstrict-aliasing -Wprotocol -Wdeprecated-declarations -Winvalid-offsetof -Wno-sign-conversion -Winfinite-recursion -Wmove -Wcomma -Wblock-capture-autoreleasing -Wstrict-prototypes -Wrange-loop-analysis -Wno-semicolon-before-method-body -Wunguarded-availability -index-store-path /Users/sparkles/Library/Developer/Xcode/DerivedData/Expensio-futtgngxcysvvhcljmosbeftqmyc/Index.noindex/DataStore @/Users/sparkles/Library/Developer/Xcode/DerivedData/Expensio-futtgngxcysvvhcljmosbeftqmyc/Build/Intermediates.noindex/Pods.build/Debug-iphonesimulator/RNSVG.build/Objects-normal/arm64/af3fcb34312c57c0f52879cdce924b91-common-args.resp -DRCT_NEW_ARCH_ENABLED\=1 -include /Users/sparkles/Documents/CodingFiles/FullStack/expensioApp/frontend/ios/Pods/Target\ Support\ Files/RNSVG/RNSVG-prefix.pch -MMD -MT dependencies -MF /Users/sparkles/Library/Developer/Xcode/DerivedData/Expensio-futtgngxcysvvhcljmosbeftqmyc/Build/Intermediates.noindex/Pods.build/Debug-iphonesimulator/RNSVG.build/Objects-normal/arm64/RNSVGText.d --serialize-diagnostics /Users/sparkles/Library/Developer/Xcode/DerivedData/Expensio-futtgngxcysvvhcljmosbeftqmyc/Build/Intermediates.noindex/Pods.build/Debug-iphonesimulator/RNSVG.build/Objects-normal/arm64/RNSVGText.dia -c /Users/sparkles/Documents/CodingFiles/FullStack/expensioApp/frontend/node_modules/react-native-svg/apple/Text/RNSVGText.mm -o /Users/sparkles/Library/Developer/Xcode/DerivedData/Expensio-futtgngxcysvvhcljmosbeftqmyc/Build/Intermediates.noindex/Pods.build/Debug-iphonesimulator/RNSVG.build/Objects-normal/arm64/RNSVGText.o -index-unit-output-path /Pods.build/Debug-iphonesimulator/RNSVG.build/Objects-normal/arm64/RNSVGText.o
/Users/sparkles/Documents/CodingFiles/FullStack/expensioApp/frontend/node_modules/react-native-svg/apple/Text/RNSVGText.mm:62:1: warning: method possibly missing a [super updateProps:oldProps:] call [-Wobjc-missing-super-calls]
   62 | }
      | ^
In file included from /Users/sparkles/Documents/CodingFiles/FullStack/expensioApp/frontend/node_modules/react-native-svg/apple/Text/RNSVGText.mm:21:
/Users/sparkles/Documents/CodingFiles/FullStack/expensioApp/frontend/node_modules/react-native-svg/apple/Utils/RNSVGFabricConversions.h:246:19: warning: unused function 'intToRNSVGVBMOS' [-Wunused-function]
  246 | static RNSVGVBMOS intToRNSVGVBMOS(int value)
      |                   ^~~~~~~~~~~~~~~
2 warnings generated.

CompileC /Users/sparkles/Library/Developer/Xcode/DerivedData/Expensio-futtgngxcysvvhcljmosbeftqmyc/Build/Intermediates.noindex/Pods.build/Debug-iphonesimulator/RNSVG.build/Objects-normal/arm64/RNSVGTSpanManager.o /Users/sparkles/Documents/CodingFiles/FullStack/expensioApp/frontend/node_modules/react-native-svg/apple/ViewManagers/RNSVGTSpanManager.mm normal arm64 objective-c++ com.apple.compilers.llvm.clang.1_0.compiler (in target 'RNSVG' from project 'Pods')
    cd /Users/sparkles/Documents/CodingFiles/FullStack/expensioApp/frontend/ios/Pods
    
    Using response file: /Users/sparkles/Library/Developer/Xcode/DerivedData/Expensio-futtgngxcysvvhcljmosbeftqmyc/Build/Intermediates.noindex/Pods.build/Debug-iphonesimulator/RNSVG.build/Objects-normal/arm64/af3fcb34312c57c0f52879cdce924b91-common-args.resp
    
    /Applications/Xcode.app/Contents/Developer/Toolchains/XcodeDefault.xctoolchain/usr/bin/clang -x objective-c++ -ivfsstatcache /Users/sparkles/Library/Developer/Xcode/DerivedData/SDKStatCaches.noindex/iphonesimulator27.0-24A430-8dc58220667be655e1bcc261a7455254.sdkstatcache -target arm64-apple-ios17.0-simulator -fmessage-length\=0 -fdiagnostics-show-note-include-stack -fmacro-backtrace-limit\=0 -fno-color-diagnostics -fmodules-prune-interval\=86400 -fmodules-prune-after\=345600 -fbuild-session-file\=/Users/sparkles/Library/Developer/Xcode/DerivedData/ModuleCache.noindex/Session.modulevalidation -fmodules-validate-once-per-build-session -Wnon-modular-include-in-framework-module -Werror\=non-modular-include-in-framework-module -Wno-trigraphs -Wno-missing-field-initializers -Wno-missing-prototypes -Werror\=return-type -Wdocumentation -Wunreachable-code -Wno-implicit-atomic-properties -Werror\=deprecated-objc-isa-usage -Wno-objc-interface-ivars -Werror\=objc-root-class -Wno-arc-repeated-use-of-weak -Wimplicit-retain-self -Wno-non-virtual-dtor -Wno-overloaded-virtual -Wno-exit-time-destructors -Wduplicate-method-match -Wno-missing-braces -Wparentheses -Wswitch -Wunused-function -Wno-unused-label -Wno-unused-parameter -Wunused-variable -Wunused-value -Wempty-body -Wuninitialized -Wconditional-uninitialized -Wno-unknown-pragmas -Wno-shadow -Wno-four-char-constants -Wno-conversion -Wconstant-conversion -Wint-conversion -Wbool-conversion -Wenum-conversion -Wno-float-conversion -Wnon-literal-null-conversion -Wobjc-literal-conversion -Wshorten-64-to-32 -Wno-newline-eof -Wno-selector -Wno-strict-selector-match -Wundeclared-selector -Wdeprecated-implementations -Wno-c++11-extensions -Wno-implicit-fallthrough -isysroot /Applications/Xcode.app/Contents/Developer/Platforms/iPhoneSimulator.platform/Developer/SDKs/iPhoneSimulator27.0.sdk -fstrict-aliasing -Wprotocol -Wdeprecated-declarations -Winvalid-offsetof -Wno-sign-conversion -Winfinite-recursion -Wmove -Wcomma -Wblock-capture-autoreleasing -Wstrict-prototypes -Wrange-loop-analysis -Wno-semicolon-before-method-body -Wunguarded-availability -index-store-path /Users/sparkles/Library/Developer/Xcode/DerivedData/Expensio-futtgngxcysvvhcljmosbeftqmyc/Index.noindex/DataStore @/Users/sparkles/Library/Developer/Xcode/DerivedData/Expensio-futtgngxcysvvhcljmosbeftqmyc/Build/Intermediates.noindex/Pods.build/Debug-iphonesimulator/RNSVG.build/Objects-normal/arm64/af3fcb34312c57c0f52879cdce924b91-common-args.resp -DRCT_NEW_ARCH_ENABLED\=1 -include /Users/sparkles/Documents/CodingFiles/FullStack/expensioApp/frontend/ios/Pods/Target\ Support\ Files/RNSVG/RNSVG-prefix.pch -MMD -MT dependencies -MF /Users/sparkles/Library/Developer/Xcode/DerivedData/Expensio-futtgngxcysvvhcljmosbeftqmyc/Build/Intermediates.noindex/Pods.build/Debug-iphonesimulator/RNSVG.build/Objects-normal/arm64/RNSVGTSpanManager.d --serialize-diagnostics /Users/sparkles/Library/Developer/Xcode/DerivedData/Expensio-futtgngxcysvvhcljmosbeftqmyc/Build/Intermediates.noindex/Pods.build/Debug-iphonesimulator/RNSVG.build/Objects-normal/arm64/RNSVGTSpanManager.dia -c /Users/sparkles/Documents/CodingFiles/FullStack/expensioApp/frontend/node_modules/react-native-svg/apple/ViewManagers/RNSVGTSpanManager.mm -o /Users/sparkles/Library/Developer/Xcode/DerivedData/Expensio-futtgngxcysvvhcljmosbeftqmyc/Build/Intermediates.noindex/Pods.build/Debug-iphonesimulator/RNSVG.build/Objects-normal/arm64/RNSVGTSpanManager.o -index-unit-output-path /Pods.build/Debug-iphonesimulator/RNSVG.build/Objects-normal/arm64/RNSVGTSpanManager.o

CompileC /Users/sparkles/Library/Developer/Xcode/DerivedData/Expensio-futtgngxcysvvhcljmosbeftqmyc/Build/Intermediates.noindex/Pods.build/Debug-iphonesimulator/RNSVG.build/Objects-normal/arm64/RNSVGTSpan.o /Users/sparkles/Documents/CodingFiles/FullStack/expensioApp/frontend/node_modules/react-native-svg/apple/Text/RNSVGTSpan.mm normal arm64 objective-c++ com.apple.compilers.llvm.clang.1_0.compiler (in target 'RNSVG' from project 'Pods')
    cd /Users/sparkles/Documents/CodingFiles/FullStack/expensioApp/frontend/ios/Pods
    
    Using response file: /Users/sparkles/Library/Developer/Xcode/DerivedData/Expensio-futtgngxcysvvhcljmosbeftqmyc/Build/Intermediates.noindex/Pods.build/Debug-iphonesimulator/RNSVG.build/Objects-normal/arm64/af3fcb34312c57c0f52879cdce924b91-common-args.resp
    
    /Applications/Xcode.app/Contents/Developer/Toolchains/XcodeDefault.xctoolchain/usr/bin/clang -x objective-c++ -ivfsstatcache /Users/sparkles/Library/Developer/Xcode/DerivedData/SDKStatCaches.noindex/iphonesimulator27.0-24A430-8dc58220667be655e1bcc261a7455254.sdkstatcache -target arm64-apple-ios17.0-simulator -fmessage-length\=0 -fdiagnostics-show-note-include-stack -fmacro-backtrace-limit\=0 -fno-color-diagnostics -fmodules-prune-interval\=86400 -fmodules-prune-after\=345600 -fbuild-session-file\=/Users/sparkles/Library/Developer/Xcode/DerivedData/ModuleCache.noindex/Session.modulevalidation -fmodules-validate-once-per-build-session -Wnon-modular-include-in-framework-module -Werror\=non-modular-include-in-framework-module -Wno-trigraphs -Wno-missing-field-initializers -Wno-missing-prototypes -Werror\=return-type -Wdocumentation -Wunreachable-code -Wno-implicit-atomic-properties -Werror\=deprecated-objc-isa-usage -Wno-objc-interface-ivars -Werror\=objc-root-class -Wno-arc-repeated-use-of-weak -Wimplicit-retain-self -Wno-non-virtual-dtor -Wno-overloaded-virtual -Wno-exit-time-destructors -Wduplicate-method-match -Wno-missing-braces -Wparentheses -Wswitch -Wunused-function -Wno-unused-label -Wno-unused-parameter -Wunused-variable -Wunused-value -Wempty-body -Wuninitialized -Wconditional-uninitialized -Wno-unknown-pragmas -Wno-shadow -Wno-four-char-constants -Wno-conversion -Wconstant-conversion -Wint-conversion -Wbool-conversion -Wenum-conversion -Wno-float-conversion -Wnon-literal-null-conversion -Wobjc-literal-conversion -Wshorten-64-to-32 -Wno-newline-eof -Wno-selector -Wno-strict-selector-match -Wundeclared-selector -Wdeprecated-implementations -Wno-c++11-extensions -Wno-implicit-fallthrough -isysroot /Applications/Xcode.app/Contents/Developer/Platforms/iPhoneSimulator.platform/Developer/SDKs/iPhoneSimulator27.0.sdk -fstrict-aliasing -Wprotocol -Wdeprecated-declarations -Winvalid-offsetof -Wno-sign-conversion -Winfinite-recursion -Wmove -Wcomma -Wblock-capture-autoreleasing -Wstrict-prototypes -Wrange-loop-analysis -Wno-semicolon-before-method-body -Wunguarded-availability -index-store-path /Users/sparkles/Library/Developer/Xcode/DerivedData/Expensio-futtgngxcysvvhcljmosbeftqmyc/Index.noindex/DataStore @/Users/sparkles/Library/Developer/Xcode/DerivedData/Expensio-futtgngxcysvvhcljmosbeftqmyc/Build/Intermediates.noindex/Pods.build/Debug-iphonesimulator/RNSVG.build/Objects-normal/arm64/af3fcb34312c57c0f52879cdce924b91-common-args.resp -DRCT_NEW_ARCH_ENABLED\=1 -include /Users/sparkles/Documents/CodingFiles/FullStack/expensioApp/frontend/ios/Pods/Target\ Support\ Files/RNSVG/RNSVG-prefix.pch -MMD -MT dependencies -MF /Users/sparkles/Library/Developer/Xcode/DerivedData/Expensio-futtgngxcysvvhcljmosbeftqmyc/Build/Intermediates.noindex/Pods.build/Debug-iphonesimulator/RNSVG.build/Objects-normal/arm64/RNSVGTSpan.d --serialize-diagnostics /Users/sparkles/Library/Developer/Xcode/DerivedData/Expensio-futtgngxcysvvhcljmosbeftqmyc/Build/Intermediates.noindex/Pods.build/Debug-iphonesimulator/RNSVG.build/Objects-normal/arm64/RNSVGTSpan.dia -c /Users/sparkles/Documents/CodingFiles/FullStack/expensioApp/frontend/node_modules/react-native-svg/apple/Text/RNSVGTSpan.mm -o /Users/sparkles/Library/Developer/Xcode/DerivedData/Expensio-futtgngxcysvvhcljmosbeftqmyc/Build/Intermediates.noindex/Pods.build/Debug-iphonesimulator/RNSVG.build/Objects-normal/arm64/RNSVGTSpan.o -index-unit-output-path /Pods.build/Debug-iphonesimulator/RNSVG.build/Objects-normal/arm64/RNSVGTSpan.o
/Users/sparkles/Documents/CodingFiles/FullStack/expensioApp/frontend/node_modules/react-native-svg/apple/Text/RNSVGTSpan.mm:74:1: warning: method possibly missing a [super updateProps:oldProps:] call [-Wobjc-missing-super-calls]
   74 | }
      | ^
/Users/sparkles/Documents/CodingFiles/FullStack/expensioApp/frontend/node_modules/react-native-svg/apple/Text/RNSVGTSpan.mm:935:21: warning: variable length arrays in C++ are a Clang extension [-Wvla-cxx-extension]
  935 |     CFIndex indices[runGlyphCount];
      |                     ^~~~~~~~~~~~~
/Users/sparkles/Documents/CodingFiles/FullStack/expensioApp/frontend/node_modules/react-native-svg/apple/Text/RNSVGTSpan.mm:935:21: note: read of non-const variable 'runGlyphCount' is not allowed in a constant expression
/Users/sparkles/Documents/CodingFiles/FullStack/expensioApp/frontend/node_modules/react-native-svg/apple/Text/RNSVGTSpan.mm:934:13: note: declared here
  934 |     CFIndex runGlyphCount = CTRunGetGlyphCount(run);
      |             ^
/Users/sparkles/Documents/CodingFiles/FullStack/expensioApp/frontend/node_modules/react-native-svg/apple/Text/RNSVGTSpan.mm:936:21: warning: variable length arrays in C++ are a Clang extension [-Wvla-cxx-extension]
  936 |     CGSize advances[runGlyphCount];
      |                     ^~~~~~~~~~~~~
/Users/sparkles/Documents/CodingFiles/FullStack/expensioApp/frontend/node_modules/react-native-svg/apple/Text/RNSVGTSpan.mm:936:21: note: read of non-const variable 'runGlyphCount' is not allowed in a constant expression
/Users/sparkles/Documents/CodingFiles/FullStack/expensioApp/frontend/node_modules/react-native-svg/apple/Text/RNSVGTSpan.mm:934:13: note: declared here
  934 |     CFIndex runGlyphCount = CTRunGetGlyphCount(run);
      |             ^
/Users/sparkles/Documents/CodingFiles/FullStack/expensioApp/frontend/node_modules/react-native-svg/apple/Text/RNSVGTSpan.mm:937:20: warning: variable length arrays in C++ are a Clang extension [-Wvla-cxx-extension]
  937 |     CGGlyph glyphs[runGlyphCount];
      |                    ^~~~~~~~~~~~~
/Users/sparkles/Documents/CodingFiles/FullStack/expensioApp/frontend/node_modules/react-native-svg/apple/Text/RNSVGTSpan.mm:937:20: note: read of non-const variable 'runGlyphCount' is not allowed in a constant expression
/Users/sparkles/Documents/CodingFiles/FullStack/expensioApp/frontend/node_modules/react-native-svg/apple/Text/RNSVGTSpan.mm:934:13: note: declared here
  934 |     CFIndex runGlyphCount = CTRunGetGlyphCount(run);
      |             ^
/Users/sparkles/Documents/CodingFiles/FullStack/expensioApp/frontend/node_modules/react-native-svg/apple/Text/RNSVGTSpan.mm:948:27: warning: variable length arrays in C++ are a Clang extension [-Wvla-cxx-extension]
  948 |       CFIndex nextIndices[nextRunGlyphCount];
      |                           ^~~~~~~~~~~~~~~~~
/Users/sparkles/Documents/CodingFiles/FullStack/expensioApp/frontend/node_modules/react-native-svg/apple/Text/RNSVGTSpan.mm:948:27: note: read of non-const variable 'nextRunGlyphCount' is not allowed in a constant expression
/Users/sparkles/Documents/CodingFiles/FullStack/expensioApp/frontend/node_modules/react-native-svg/apple/Text/RNSVGTSpan.mm:947:15: note: declared here
  947 |       CFIndex nextRunGlyphCount = CTRunGetGlyphCount(nextRun);
      |               ^
In file included from /Users/sparkles/Documents/CodingFiles/FullStack/expensioApp/frontend/node_modules/react-native-svg/apple/Text/RNSVGTSpan.mm:25:
/Users/sparkles/Documents/CodingFiles/FullStack/expensioApp/frontend/node_modules/react-native-svg/apple/Utils/RNSVGFabricConversions.h:246:19: warning: unused function 'intToRNSVGVBMOS' [-Wunused-function]
  246 | static RNSVGVBMOS intToRNSVGVBMOS(int value)
      |                   ^~~~~~~~~~~~~~~
6 warnings generated.

CompileC /Users/sparkles/Library/Developer/Xcode/DerivedData/Expensio-futtgngxcysvvhcljmosbeftqmyc/Build/Intermediates.noindex/Pods.build/Debug-iphonesimulator/RNSVG.build/Objects-normal/arm64/RNSVGSymbolManager.o /Users/sparkles/Documents/CodingFiles/FullStack/expensioApp/frontend/node_modules/react-native-svg/apple/ViewManagers/RNSVGSymbolManager.mm normal arm64 objective-c++ com.apple.compilers.llvm.clang.1_0.compiler (in target 'RNSVG' from project 'Pods')
    cd /Users/sparkles/Documents/CodingFiles/FullStack/expensioApp/frontend/ios/Pods
    
    Using response file: /Users/sparkles/Library/Developer/Xcode/DerivedData/Expensio-futtgngxcysvvhcljmosbeftqmyc/Build/Intermediates.noindex/Pods.build/Debug-iphonesimulator/RNSVG.build/Objects-normal/arm64/af3fcb34312c57c0f52879cdce924b91-common-args.resp
    
    /Applications/Xcode.app/Contents/Developer/Toolchains/XcodeDefault.xctoolchain/usr/bin/clang -x objective-c++ -ivfsstatcache /Users/sparkles/Library/Developer/Xcode/DerivedData/SDKStatCaches.noindex/iphonesimulator27.0-24A430-8dc58220667be655e1bcc261a7455254.sdkstatcache -target arm64-apple-ios17.0-simulator -fmessage-length\=0 -fdiagnostics-show-note-include-stack -fmacro-backtrace-limit\=0 -fno-color-diagnostics -fmodules-prune-interval\=86400 -fmodules-prune-after\=345600 -fbuild-session-file\=/Users/sparkles/Library/Developer/Xcode/DerivedData/ModuleCache.noindex/Session.modulevalidation -fmodules-validate-once-per-build-session -Wnon-modular-include-in-framework-module -Werror\=non-modular-include-in-framework-module -Wno-trigraphs -Wno-missing-field-initializers -Wno-missing-prototypes -Werror\=return-type -Wdocumentation -Wunreachable-code -Wno-implicit-atomic-properties -Werror\=deprecated-objc-isa-usage -Wno-objc-interface-ivars -Werror\=objc-root-class -Wno-arc-repeated-use-of-weak -Wimplicit-retain-self -Wno-non-virtual-dtor -Wno-overloaded-virtual -Wno-exit-time-destructors -Wduplicate-method-match -Wno-missing-braces -Wparentheses -Wswitch -Wunused-function -Wno-unused-label -Wno-unused-parameter -Wunused-variable -Wunused-value -Wempty-body -Wuninitialized -Wconditional-uninitialized -Wno-unknown-pragmas -Wno-shadow -Wno-four-char-constants -Wno-conversion -Wconstant-conversion -Wint-conversion -Wbool-conversion -Wenum-conversion -Wno-float-conversion -Wnon-literal-null-conversion -Wobjc-literal-conversion -Wshorten-64-to-32 -Wno-newline-eof -Wno-selector -Wno-strict-selector-match -Wundeclared-selector -Wdeprecated-implementations -Wno-c++11-extensions -Wno-implicit-fallthrough -isysroot /Applications/Xcode.app/Contents/Developer/Platforms/iPhoneSimulator.platform/Developer/SDKs/iPhoneSimulator27.0.sdk -fstrict-aliasing -Wprotocol -Wdeprecated-declarations -Winvalid-offsetof -Wno-sign-conversion -Winfinite-recursion -Wmove -Wcomma -Wblock-capture-autoreleasing -Wstrict-prototypes -Wrange-loop-analysis -Wno-semicolon-before-method-body -Wunguarded-availability -index-store-path /Users/sparkles/Library/Developer/Xcode/DerivedData/Expensio-futtgngxcysvvhcljmosbeftqmyc/Index.noindex/DataStore @/Users/sparkles/Library/Developer/Xcode/DerivedData/Expensio-futtgngxcysvvhcljmosbeftqmyc/Build/Intermediates.noindex/Pods.build/Debug-iphonesimulator/RNSVG.build/Objects-normal/arm64/af3fcb34312c57c0f52879cdce924b91-common-args.resp -DRCT_NEW_ARCH_ENABLED\=1 -include /Users/sparkles/Documents/CodingFiles/FullStack/expensioApp/frontend/ios/Pods/Target\ Support\ Files/RNSVG/RNSVG-prefix.pch -MMD -MT dependencies -MF /Users/sparkles/Library/Developer/Xcode/DerivedData/Expensio-futtgngxcysvvhcljmosbeftqmyc/Build/Intermediates.noindex/Pods.build/Debug-iphonesimulator/RNSVG.build/Objects-normal/arm64/RNSVGSymbolManager.d --serialize-diagnostics /Users/sparkles/Library/Developer/Xcode/DerivedData/Expensio-futtgngxcysvvhcljmosbeftqmyc/Build/Intermediates.noindex/Pods.build/Debug-iphonesimulator/RNSVG.build/Objects-normal/arm64/RNSVGSymbolManager.dia -c /Users/sparkles/Documents/CodingFiles/FullStack/expensioApp/frontend/node_modules/react-native-svg/apple/ViewManagers/RNSVGSymbolManager.mm -o /Users/sparkles/Library/Developer/Xcode/DerivedData/Expensio-futtgngxcysvvhcljmosbeftqmyc/Build/Intermediates.noindex/Pods.build/Debug-iphonesimulator/RNSVG.build/Objects-normal/arm64/RNSVGSymbolManager.o -index-unit-output-path /Pods.build/Debug-iphonesimulator/RNSVG.build/Objects-normal/arm64/RNSVGSymbolManager.o

CompileC /Users/sparkles/Library/Developer/Xcode/DerivedData/Expensio-futtgngxcysvvhcljmosbeftqmyc/Build/Intermediates.noindex/Pods.build/Debug-iphonesimulator/RNSVG.build/Objects-normal/arm64/RNSVGSymbol.o /Users/sparkles/Documents/CodingFiles/FullStack/expensioApp/frontend/node_modules/react-native-svg/apple/Elements/RNSVGSymbol.mm normal arm64 objective-c++ com.apple.compilers.llvm.clang.1_0.compiler (in target 'RNSVG' from project 'Pods')
    cd /Users/sparkles/Documents/CodingFiles/FullStack/expensioApp/frontend/ios/Pods
    
    Using response file: /Users/sparkles/Library/Developer/Xcode/DerivedData/Expensio-futtgngxcysvvhcljmosbeftqmyc/Build/Intermediates.noindex/Pods.build/Debug-iphonesimulator/RNSVG.build/Objects-normal/arm64/af3fcb34312c57c0f52879cdce924b91-common-args.resp
    
    /Applications/Xcode.app/Contents/Developer/Toolchains/XcodeDefault.xctoolchain/usr/bin/clang -x objective-c++ -ivfsstatcache /Users/sparkles/Library/Developer/Xcode/DerivedData/SDKStatCaches.noindex/iphonesimulator27.0-24A430-8dc58220667be655e1bcc261a7455254.sdkstatcache -target arm64-apple-ios17.0-simulator -fmessage-length\=0 -fdiagnostics-show-note-include-stack -fmacro-backtrace-limit\=0 -fno-color-diagnostics -fmodules-prune-interval\=86400 -fmodules-prune-after\=345600 -fbuild-session-file\=/Users/sparkles/Library/Developer/Xcode/DerivedData/ModuleCache.noindex/Session.modulevalidation -fmodules-validate-once-per-build-session -Wnon-modular-include-in-framework-module -Werror\=non-modular-include-in-framework-module -Wno-trigraphs -Wno-missing-field-initializers -Wno-missing-prototypes -Werror\=return-type -Wdocumentation -Wunreachable-code -Wno-implicit-atomic-properties -Werror\=deprecated-objc-isa-usage -Wno-objc-interface-ivars -Werror\=objc-root-class -Wno-arc-repeated-use-of-weak -Wimplicit-retain-self -Wno-non-virtual-dtor -Wno-overloaded-virtual -Wno-exit-time-destructors -Wduplicate-method-match -Wno-missing-braces -Wparentheses -Wswitch -Wunused-function -Wno-unused-label -Wno-unused-parameter -Wunused-variable -Wunused-value -Wempty-body -Wuninitialized -Wconditional-uninitialized -Wno-unknown-pragmas -Wno-shadow -Wno-four-char-constants -Wno-conversion -Wconstant-conversion -Wint-conversion -Wbool-conversion -Wenum-conversion -Wno-float-conversion -Wnon-literal-null-conversion -Wobjc-literal-conversion -Wshorten-64-to-32 -Wno-newline-eof -Wno-selector -Wno-strict-selector-match -Wundeclared-selector -Wdeprecated-implementations -Wno-c++11-extensions -Wno-implicit-fallthrough -isysroot /Applications/Xcode.app/Contents/Developer/Platforms/iPhoneSimulator.platform/Developer/SDKs/iPhoneSimulator27.0.sdk -fstrict-aliasing -Wprotocol -Wdeprecated-declarations -Winvalid-offsetof -Wno-sign-conversion -Winfinite-recursion -Wmove -Wcomma -Wblock-capture-autoreleasing -Wstrict-prototypes -Wrange-loop-analysis -Wno-semicolon-before-method-body -Wunguarded-availability -index-store-path /Users/sparkles/Library/Developer/Xcode/DerivedData/Expensio-futtgngxcysvvhcljmosbeftqmyc/Index.noindex/DataStore @/Users/sparkles/Library/Developer/Xcode/DerivedData/Expensio-futtgngxcysvvhcljmosbeftqmyc/Build/Intermediates.noindex/Pods.build/Debug-iphonesimulator/RNSVG.build/Objects-normal/arm64/af3fcb34312c57c0f52879cdce924b91-common-args.resp -DRCT_NEW_ARCH_ENABLED\=1 -include /Users/sparkles/Documents/CodingFiles/FullStack/expensioApp/frontend/ios/Pods/Target\ Support\ Files/RNSVG/RNSVG-prefix.pch -MMD -MT dependencies -MF /Users/sparkles/Library/Developer/Xcode/DerivedData/Expensio-futtgngxcysvvhcljmosbeftqmyc/Build/Intermediates.noindex/Pods.build/Debug-iphonesimulator/RNSVG.build/Objects-normal/arm64/RNSVGSymbol.d --serialize-diagnostics /Users/sparkles/Library/Developer/Xcode/DerivedData/Expensio-futtgngxcysvvhcljmosbeftqmyc/Build/Intermediates.noindex/Pods.build/Debug-iphonesimulator/RNSVG.build/Objects-normal/arm64/RNSVGSymbol.dia -c /Users/sparkles/Documents/CodingFiles/FullStack/expensioApp/frontend/node_modules/react-native-svg/apple/Elements/RNSVGSymbol.mm -o /Users/sparkles/Library/Developer/Xcode/DerivedData/Expensio-futtgngxcysvvhcljmosbeftqmyc/Build/Intermediates.noindex/Pods.build/Debug-iphonesimulator/RNSVG.build/Objects-normal/arm64/RNSVGSymbol.o -index-unit-output-path /Pods.build/Debug-iphonesimulator/RNSVG.build/Objects-normal/arm64/RNSVGSymbol.o
